[2024-10-26T03:19:29.305+0530][132.029s][debug][gc,humongous      ] GC(421) Humongous region 842 (object size 1048592 @ 0x00000000b4a00000) remset 0 code roots 0 marked 0 pinned count 0 reclaim candidate 0 type array 1
[2024-10-26T03:19:29.305+0530][132.029s][debug][gc,humongous      ] GC(421) Humongous region 1000 (object size 1048592 @ 0x00000000be800000) remset 0 code roots 0 marked 0 pinned count 0 reclaim candidate 0 type array 1
[2024-10-26T03:19:29.305+0530][132.029s][debug][gc,humongous      ] GC(421) Humongous region 214 (object size 1048592 @ 0x000000008d600000) remset 0 code roots 0 marked 0 pinned count 0 reclaim candidate 0 type array 1
[2024-10-26T03:19:29.305+0530][132.029s][debug][gc,humongous      ] GC(421) Humongous region 1156 (object size 1048592 @ 0x00000000c8400000) remset 0 code roots 0 marked 0 pinned count 0 reclaim candidate 0 type array 1
[2024-10-26T03:19:29.305+0530][132.029s][debug][gc,humongous      ] GC(421) Humongous region 1314 (object size 1048592 @ 0x00000000d2200000) remset 0 code roots 0 marked 0 pinned count 0 reclaim candidate 0 type array 1
[2024-10-26T03:19:29.305+0530][132.030s][debug][gc,humongous      ] GC(421) Humongous region 1472 (object size 1048592 @ 0x00000000dc000000) remset 0 code roots 0 marked 0 pinned count 0 reclaim candidate 0 type array 1
[2024-10-26T03:19:29.305+0530][132.030s][debug][gc,humongous      ] GC(421) Humongous region 1630 (object size 1048592 @ 0x00000000e5e00000) remset 0 code roots 0 marked 0 pinned count 0 reclaim candidate 0 type array 1
[2024-10-26T03:19:29.305+0530][132.030s][debug][gc,humongous      ] GC(421) Humongous region 1786 (object size 1048592 @ 0x00000000efa00000) remset 0 code roots 0 marked 0 pinned count 0 reclaim candidate 0 type array 1
[2024-10-26T03:19:29.305+0530][132.030s][debug][gc,humongous      ] GC(421) Humongous region 1944 (object size 1048592 @ 0x00000000f9800000) remset 0 code roots 0 marked 0 pinned count 0 reclaim candidate 0 type array 1
[2024-10-26T03:19:29.305+0530][132.030s][debug][gc,humongous      ] GC(421) Humongous region 70 (object size 1048592 @ 0x0000000084600000) remset 0 code roots 0 marked 0 pinned count 0 reclaim candidate 0 type array 1
[2024-10-26T03:19:29.305+0530][132.030s][debug][gc,humongous      ] GC(421) Humongous region 372 (object size 1048592 @ 0x0000000097400000) remset 0 code roots 0 marked 0 pinned count 0 reclaim candidate 0 type array 1
[2024-10-26T03:19:29.305+0530][132.030s][debug][gc,humongous      ] GC(421) Humongous region 528 (object size 1048592 @ 0x00000000a1000000) remset 0 code roots 0 marked 0 pinned count 0 reclaim candidate 0 type array 1
[2024-10-26T03:19:29.305+0530][132.030s][debug][gc,humongous      ] GC(421) Humongous region 686 (object size 1048592 @ 0x00000000aae00000) remset 0 code roots 0 marked 0 pinned count 0 reclaim candidate 0 type array 1
[2024-10-26T03:19:29.305+0530][132.030s][debug][gc,humongous      ] GC(421) Humongous region 844 (object size 1048592 @ 0x00000000b4c00000) remset 0 code roots 0 marked 0 pinned count 0 reclaim candidate 0 type array 1
[2024-10-26T03:19:29.305+0530][132.030s][debug][gc,humongous      ] GC(421) Humongous region 1002 (object size 1048592 @ 0x00000000bea00000) remset 0 code roots 0 marked 0 pinned count 0 reclaim candidate 0 type array 1
[2024-10-26T03:19:29.305+0530][132.030s][debug][gc,humongous      ] GC(421) Humongous region 216 (object size 1048592 @ 0x000000008d800000) remset 0 code roots 0 marked 0 pinned count 0 reclaim candidate 0 type array 1
[2024-10-26T03:19:29.306+0530][132.031s][debug][gc,humongous      ] GC(421) Humongous region 1158 (object size 1048592 @ 0x00000000c8600000) remset 0 code roots 0 marked 0 pinned count 0 reclaim candidate 0 type array 1
[2024-10-26T03:19:29.306+0530][132.031s][debug][gc,humongous      ] GC(421) Humongous region 1316 (object size 1048592 @ 0x00000000d2400000) remset 0 code roots 0 marked 0 pinned count 0 reclaim candidate 0 type array 1
[2024-10-26T03:19:29.306+0530][132.031s][debug][gc,humongous      ] GC(421) Humongous region 1474 (object size 1048592 @ 0x00000000dc200000) remset 0 code roots 0 marked 0 pinned count 0 reclaim candidate 0 type array 1
[2024-10-26T03:19:29.306+0530][132.031s][debug][gc,humongous      ] GC(421) Humongous region 1632 (object size 1048592 @ 0x00000000e6000000) remset 0 code roots 0 marked 0 pinned count 0 reclaim candidate 0 type array 1
[2024-10-26T03:19:29.306+0530][132.031s][debug][gc,humongous      ] GC(421) Humongous region 1788 (object size 1048592 @ 0x00000000efc00000) remset 0 code roots 0 marked 0 pinned count 0 reclaim candidate 0 type array 1
[2024-10-26T03:19:29.306+0530][132.031s][debug][gc,humongous      ] GC(421) Humongous region 1946 (object size 1048592 @ 0x00000000f9a00000) remset 0 code roots 0 marked 0 pinned count 0 reclaim candidate 0 type array 1
[2024-10-26T03:19:29.306+0530][132.031s][debug][gc,humongous      ] GC(421) Humongous region 72 (object size 1048592 @ 0x0000000084800000) remset 0 code roots 0 marked 0 pinned count 0 reclaim candidate 0 type array 1
[2024-10-26T03:19:29.306+0530][132.031s][debug][gc,humongous      ] GC(421) Humongous region 374 (object size 1048592 @ 0x0000000097600000) remset 0 code roots 0 marked 0 pinned count 0 reclaim candidate 0 type array 1
[2024-10-26T03:19:29.306+0530][132.031s][debug][gc,humongous      ] GC(421) Humongous region 530 (object size 1048592 @ 0x00000000a1200000) remset 0 code roots 0 marked 0 pinned count 0 reclaim candidate 0 type array 1
[2024-10-26T03:19:29.306+0530][132.031s][debug][gc,humongous      ] GC(421) Humongous region 688 (object size 1048592 @ 0x00000000ab000000) remset 0 code roots 0 marked 0 pinned count 0 reclaim candidate 0 type array 1
[2024-10-26T03:19:29.306+0530][132.031s][debug][gc,humongous      ] GC(421) Humongous region 1004 (object size 1048592 @ 0x00000000bec00000) remset 0 code roots 0 marked 0 pinned count 0 reclaim candidate 0 type array 1
[2024-10-26T03:19:29.306+0530][132.031s][debug][gc,humongous      ] GC(421) Humongous region 846 (object size 1048592 @ 0x00000000b4e00000) remset 0 code roots 0 marked 0 pinned count 0 reclaim candidate 0 type array 1
[2024-10-26T03:19:29.306+0530][132.031s][debug][gc,humongous      ] GC(421) Humongous region 218 (object size 1048592 @ 0x000000008da00000) remset 0 code roots 0 marked 0 pinned count 0 reclaim candidate 0 type array 1
[2024-10-26T03:19:29.306+0530][132.031s][debug][gc,humongous      ] GC(421) Humongous region 1160 (object size 1048592 @ 0x00000000c8800000) remset 0 code roots 0 marked 0 pinned count 0 reclaim candidate 0 type array 1
[2024-10-26T03:19:29.306+0530][132.031s][debug][gc,humongous      ] GC(421) Humongous region 1318 (object size 1048592 @ 0x00000000d2600000) remset 0 code roots 0 marked 0 pinned count 0 reclaim candidate 0 type array 1
[2024-10-26T03:19:29.306+0530][132.031s][debug][gc,humongous      ] GC(421) Humongous region 1476 (object size 1048592 @ 0x00000000dc400000) remset 0 code roots 0 marked 0 pinned count 0 reclaim candidate 0 type array 1
[2024-10-26T03:19:29.306+0530][132.031s][debug][gc,humongous      ] GC(421) Humongous region 1634 (object size 1048592 @ 0x00000000e6200000) remset 0 code roots 0 marked 0 pinned count 0 reclaim candidate 0 type array 1
[2024-10-26T03:19:29.306+0530][132.031s][debug][gc,humongous      ] GC(421) Humongous region 1790 (object size 1048592 @ 0x00000000efe00000) remset 0 code roots 0 marked 0 pinned count 0 reclaim candidate 0 type array 1
[2024-10-26T03:19:29.306+0530][132.031s][debug][gc,humongous      ] GC(421) Humongous region 1948 (object size 1048592 @ 0x00000000f9c00000) remset 0 code roots 0 marked 0 pinned count 0 reclaim candidate 0 type array 1
[2024-10-26T03:19:29.306+0530][132.031s][debug][gc,humongous      ] GC(421) Humongous region 74 (object size 1048592 @ 0x0000000084a00000) remset 0 code roots 0 marked 0 pinned count 0 reclaim candidate 0 type array 1
[2024-10-26T03:19:29.306+0530][132.031s][debug][gc,humongous      ] GC(421) Humongous region 376 (object size 1048592 @ 0x0000000097800000) remset 0 code roots 0 marked 0 pinned count 0 reclaim candidate 0 type array 1
[2024-10-26T03:19:29.306+0530][132.032s][debug][gc,humongous      ] GC(421) Humongous region 532 (object size 1048592 @ 0x00000000a1400000) remset 0 code roots 0 marked 0 pinned count 0 reclaim candidate 0 type array 1
[2024-10-26T03:19:29.307+0530][132.032s][debug][gc,humongous      ] GC(421) Humongous region 690 (object size 1048592 @ 0x00000000ab200000) remset 0 code roots 0 marked 0 pinned count 0 reclaim candidate 0 type array 1
[2024-10-26T03:19:29.307+0530][132.032s][debug][gc,humongous      ] GC(421) Humongous region 1006 (object size 1048592 @ 0x00000000bee00000) remset 0 code roots 0 marked 0 pinned count 0 reclaim candidate 0 type array 1
[2024-10-26T03:19:29.307+0530][132.032s][debug][gc,humongous      ] GC(421) Humongous region 848 (object size 1048592 @ 0x00000000b5000000) remset 0 code roots 0 marked 0 pinned count 0 reclaim candidate 0 type array 1
[2024-10-26T03:19:29.307+0530][132.032s][debug][gc,humongous      ] GC(421) Humongous region 220 (object size 1048592 @ 0x000000008dc00000) remset 0 code roots 0 marked 0 pinned count 0 reclaim candidate 0 type array 1
[2024-10-26T03:19:29.307+0530][132.032s][debug][gc,humongous      ] GC(421) Humongous region 1162 (object size 1048592 @ 0x00000000c8a00000) remset 0 code roots 0 marked 0 pinned count 0 reclaim candidate 0 type array 1
[2024-10-26T03:19:29.307+0530][132.032s][debug][gc,humongous      ] GC(421) Humongous region 1320 (object size 1048592 @ 0x00000000d2800000) remset 0 code roots 0 marked 0 pinned count 0 reclaim candidate 0 type array 1
[2024-10-26T03:19:29.307+0530][132.032s][debug][gc,humongous      ] GC(421) Humongous region 1478 (object size 1048592 @ 0x00000000dc600000) remset 0 code roots 0 marked 0 pinned count 0 reclaim candidate 0 type array 1
[2024-10-26T03:19:29.307+0530][132.032s][debug][gc,humongous      ] GC(421) Humongous region 1636 (object size 1048592 @ 0x00000000e6400000) remset 0 code roots 0 marked 0 pinned count 0 reclaim candidate 0 type array 1
[2024-10-26T03:19:29.307+0530][132.032s][debug][gc,humongous      ] GC(421) Humongous region 1792 (object size 1048592 @ 0x00000000f0000000) remset 0 code roots 0 marked 0 pinned count 0 reclaim candidate 0 type array 1
[2024-10-26T03:19:29.307+0530][132.032s][debug][gc,humongous      ] GC(421) Humongous region 1950 (object size 1048592 @ 0x00000000f9e00000) remset 0 code roots 0 marked 0 pinned count 0 reclaim candidate 0 type array 1
[2024-10-26T03:19:29.307+0530][132.032s][debug][gc,humongous      ] GC(421) Humongous region 76 (object size 1048592 @ 0x0000000084c00000) remset 0 code roots 0 marked 0 pinned count 0 reclaim candidate 0 type array 1
[2024-10-26T03:19:29.307+0530][132.032s][debug][gc,humongous      ] GC(421) Humongous region 378 (object size 1048592 @ 0x0000000097a00000) remset 0 code roots 0 marked 0 pinned count 0 reclaim candidate 0 type array 1
[2024-10-26T03:19:29.307+0530][132.032s][debug][gc,humongous      ] GC(421) Humongous region 534 (object size 1048592 @ 0x00000000a1600000) remset 0 code roots 0 marked 0 pinned count 0 reclaim candidate 0 type array 1
[2024-10-26T03:19:29.307+0530][132.032s][debug][gc,humongous      ] GC(421) Humongous region 692 (object size 1048592 @ 0x00000000ab400000) remset 0 code roots 0 marked 0 pinned count 0 reclaim candidate 0 type array 1
[2024-10-26T03:19:29.307+0530][132.032s][debug][gc,humongous      ] GC(421) Humongous region 1008 (object size 1048592 @ 0x00000000bf000000) remset 0 code roots 0 marked 0 pinned count 0 reclaim candidate 0 type array 1
[2024-10-26T03:19:29.307+0530][132.032s][debug][gc,humongous      ] GC(421) Humongous region 850 (object size 1048592 @ 0x00000000b5200000) remset 0 code roots 0 marked 0 pinned count 0 reclaim candidate 0 type array 1
[2024-10-26T03:19:29.307+0530][132.032s][debug][gc,humongous      ] GC(421) Humongous region 222 (object size 1048592 @ 0x000000008de00000) remset 0 code roots 0 marked 0 pinned count 0 reclaim candidate 0 type array 1
[2024-10-26T03:19:29.307+0530][132.032s][debug][gc,humongous      ] GC(421) Humongous region 1164 (object size 1048592 @ 0x00000000c8c00000) remset 0 code roots 0 marked 0 pinned count 0 reclaim candidate 0 type array 1
[2024-10-26T03:19:29.307+0530][132.032s][debug][gc,humongous      ] GC(421) Humongous region 1322 (object size 1048592 @ 0x00000000d2a00000) remset 0 code roots 0 marked 0 pinned count 0 reclaim candidate 0 type array 1
[2024-10-26T03:19:29.307+0530][132.032s][debug][gc,humongous      ] GC(421) Humongous region 1480 (object size 1048592 @ 0x00000000dc800000) remset 0 code roots 0 marked 0 pinned count 0 reclaim candidate 0 type array 1
[2024-10-26T03:19:29.307+0530][132.032s][debug][gc,humongous      ] GC(421) Humongous region 1638 (object size 1048592 @ 0x00000000e6600000) remset 0 code roots 0 marked 0 pinned count 0 reclaim candidate 0 type array 1
[2024-10-26T03:19:29.307+0530][132.032s][debug][gc,humongous      ] GC(421) Humongous region 1794 (object size 1048592 @ 0x00000000f0200000) remset 0 code roots 0 marked 0 pinned count 0 reclaim candidate 0 type array 1
[2024-10-26T03:19:29.307+0530][132.032s][debug][gc,humongous      ] GC(421) Humongous region 1952 (object size 1048592 @ 0x00000000fa000000) remset 0 code roots 0 marked 0 pinned count 0 reclaim candidate 0 type array 1
[2024-10-26T03:19:29.307+0530][132.032s][debug][gc,humongous      ] GC(421) Humongous region 78 (object size 1048592 @ 0x0000000084e00000) remset 0 code roots 0 marked 0 pinned count 0 reclaim candidate 0 type array 1
[2024-10-26T03:19:29.307+0530][132.032s][debug][gc,humongous      ] GC(421) Humongous region 380 (object size 1048592 @ 0x0000000097c00000) remset 0 code roots 0 marked 0 pinned count 0 reclaim candidate 0 type array 1
[2024-10-26T03:19:29.307+0530][132.033s][debug][gc,humongous      ] GC(421) Humongous region 536 (object size 1048592 @ 0x00000000a1800000) remset 0 code roots 0 marked 0 pinned count 0 reclaim candidate 0 type array 1
[2024-10-26T03:19:29.308+0530][132.033s][debug][gc,humongous      ] GC(421) Humongous region 694 (object size 1048592 @ 0x00000000ab600000) remset 0 code roots 0 marked 0 pinned count 0 reclaim candidate 0 type array 1
[2024-10-26T03:19:29.308+0530][132.033s][debug][gc,humongous      ] GC(421) Humongous region 1010 (object size 1048592 @ 0x00000000bf200000) remset 0 code roots 0 marked 0 pinned count 0 reclaim candidate 0 type array 1
[2024-10-26T03:19:29.308+0530][132.033s][debug][gc,humongous      ] GC(421) Humongous region 852 (object size 1048592 @ 0x00000000b5400000) remset 0 code roots 0 marked 0 pinned count 0 reclaim candidate 0 type array 1
[2024-10-26T03:19:29.308+0530][132.033s][debug][gc,humongous      ] GC(421) Humongous region 224 (object size 1048592 @ 0x000000008e000000) remset 0 code roots 0 marked 0 pinned count 0 reclaim candidate 0 type array 1
[2024-10-26T03:19:29.308+0530][132.033s][debug][gc,humongous      ] GC(421) Humongous region 1166 (object size 1048592 @ 0x00000000c8e00000) remset 0 code roots 0 marked 0 pinned count 0 reclaim candidate 0 type array 1
[2024-10-26T03:19:29.308+0530][132.033s][debug][gc,humongous      ] GC(421) Humongous region 1324 (object size 1048592 @ 0x00000000d2c00000) remset 0 code roots 0 marked 0 pinned count 0 reclaim candidate 0 type array 1
[2024-10-26T03:19:29.308+0530][132.033s][debug][gc,humongous      ] GC(421) Humongous region 1482 (object size 1048592 @ 0x00000000dca00000) remset 0 code roots 0 marked 0 pinned count 0 reclaim candidate 0 type array 1
[2024-10-26T03:19:29.308+0530][132.033s][debug][gc,humongous      ] GC(421) Humongous region 1640 (object size 1048592 @ 0x00000000e6800000) remset 0 code roots 0 marked 0 pinned count 0 reclaim candidate 0 type array 1
[2024-10-26T03:19:29.308+0530][132.033s][debug][gc,humongous      ] GC(421) Humongous region 1796 (object size 1048592 @ 0x00000000f0400000) remset 0 code roots 0 marked 0 pinned count 0 reclaim candidate 0 type array 1
[2024-10-26T03:19:29.308+0530][132.033s][debug][gc,humongous      ] GC(421) Humongous region 1954 (object size 1048592 @ 0x00000000fa200000) remset 0 code roots 0 marked 0 pinned count 0 reclaim candidate 0 type array 1
[2024-10-26T03:19:29.308+0530][132.033s][debug][gc,humongous      ] GC(421) Humongous region 80 (object size 1048592 @ 0x0000000085000000) remset 0 code roots 0 marked 0 pinned count 0 reclaim candidate 0 type array 1
[2024-10-26T03:19:29.308+0530][132.033s][debug][gc,humongous      ] GC(421) Humongous region 382 (object size 1048592 @ 0x0000000097e00000) remset 0 code roots 0 marked 0 pinned count 0 reclaim candidate 0 type array 1
[2024-10-26T03:19:29.308+0530][132.033s][debug][gc,humongous      ] GC(421) Humongous region 538 (object size 1048592 @ 0x00000000a1a00000) remset 0 code roots 0 marked 0 pinned count 0 reclaim candidate 0 type array 1
[2024-10-26T03:19:29.308+0530][132.033s][debug][gc,humongous      ] GC(421) Humongous region 696 (object size 1048592 @ 0x00000000ab800000) remset 0 code roots 0 marked 0 pinned count 0 reclaim candidate 0 type array 1
[2024-10-26T03:19:29.308+0530][132.033s][debug][gc,humongous      ] GC(421) Humongous region 1012 (object size 1048592 @ 0x00000000bf400000) remset 0 code roots 0 marked 0 pinned count 0 reclaim candidate 0 type array 1
[2024-10-26T03:19:29.308+0530][132.033s][debug][gc,humongous      ] GC(421) Humongous region 854 (object size 1048592 @ 0x00000000b5600000) remset 0 code roots 0 marked 0 pinned count 0 reclaim candidate 0 type array 1
[2024-10-26T03:19:29.308+0530][132.033s][debug][gc,humongous      ] GC(421) Humongous region 226 (object size 1048592 @ 0x000000008e200000) remset 0 code roots 0 marked 0 pinned count 0 reclaim candidate 0 type array 1
[2024-10-26T03:19:29.308+0530][132.033s][debug][gc,humongous      ] GC(421) Humongous region 1168 (object size 1048592 @ 0x00000000c9000000) remset 0 code roots 0 marked 0 pinned count 0 reclaim candidate 0 type array 1
[2024-10-26T03:19:29.308+0530][132.033s][debug][gc,humongous      ] GC(421) Humongous region 1326 (object size 1048592 @ 0x00000000d2e00000) remset 0 code roots 0 marked 0 pinned count 0 reclaim candidate 0 type array 1
[2024-10-26T03:19:29.308+0530][132.033s][debug][gc,humongous      ] GC(421) Humongous region 1484 (object size 1048592 @ 0x00000000dcc00000) remset 0 code roots 0 marked 0 pinned count 0 reclaim candidate 0 type array 1
[2024-10-26T03:19:29.308+0530][132.033s][debug][gc,humongous      ] GC(421) Humongous region 1642 (object size 1048592 @ 0x00000000e6a00000) remset 0 code roots 0 marked 0 pinned count 0 reclaim candidate 0 type array 1
[2024-10-26T03:19:29.308+0530][132.033s][debug][gc,humongous      ] GC(421) Humongous region 1798 (object size 1048592 @ 0x00000000f0600000) remset 0 code roots 0 marked 0 pinned count 0 reclaim candidate 0 type array 1
[2024-10-26T03:19:29.308+0530][132.033s][debug][gc,humongous      ] GC(421) Humongous region 1956 (object size 1048592 @ 0x00000000fa400000) remset 0 code roots 0 marked 0 pinned count 0 reclaim candidate 0 type array 1
[2024-10-26T03:19:29.308+0530][132.033s][debug][gc,humongous      ] GC(421) Humongous region 82 (object size 1048592 @ 0x0000000085200000) remset 0 code roots 0 marked 0 pinned count 0 reclaim candidate 0 type array 1
[2024-10-26T03:19:29.308+0530][132.033s][debug][gc,humongous      ] GC(421) Humongous region 384 (object size 1048592 @ 0x0000000098000000) remset 0 code roots 0 marked 0 pinned count 0 reclaim candidate 0 type array 1
[2024-10-26T03:19:29.308+0530][132.033s][debug][gc,humongous      ] GC(421) Humongous region 540 (object size 1048592 @ 0x00000000a1c00000) remset 0 code roots 0 marked 0 pinned count 0 reclaim candidate 0 type array 1
[2024-10-26T03:19:29.308+0530][132.033s][debug][gc,humongous      ] GC(421) Humongous region 698 (object size 1048592 @ 0x00000000aba00000) remset 0 code roots 0 marked 0 pinned count 0 reclaim candidate 0 type array 1
[2024-10-26T03:19:29.308+0530][132.033s][debug][gc,humongous      ] GC(421) Humongous region 1014 (object size 1048592 @ 0x00000000bf600000) remset 0 code roots 0 marked 0 pinned count 0 reclaim candidate 0 type array 1
[2024-10-26T03:19:29.308+0530][132.033s][debug][gc,humongous      ] GC(421) Humongous region 856 (object size 1048592 @ 0x00000000b5800000) remset 0 code roots 0 marked 0 pinned count 0 reclaim candidate 0 type array 1
[2024-10-26T03:19:29.308+0530][132.033s][debug][gc,humongous      ] GC(421) Humongous region 228 (object size 1048592 @ 0x000000008e400000) remset 0 code roots 0 marked 0 pinned count 0 reclaim candidate 0 type array 1
[2024-10-26T03:19:29.308+0530][132.033s][debug][gc,humongous      ] GC(421) Humongous region 1170 (object size 1048592 @ 0x00000000c9200000) remset 0 code roots 0 marked 0 pinned count 0 reclaim candidate 0 type array 1
[2024-10-26T03:19:29.308+0530][132.033s][debug][gc,humongous      ] GC(421) Humongous region 1328 (object size 1048592 @ 0x00000000d3000000) remset 0 code roots 0 marked 0 pinned count 0 reclaim candidate 0 type array 1
[2024-10-26T03:19:29.308+0530][132.033s][debug][gc,humongous      ] GC(421) Humongous region 1486 (object size 1048592 @ 0x00000000dce00000) remset 0 code roots 0 marked 0 pinned count 0 reclaim candidate 0 type array 1
[2024-10-26T03:19:29.308+0530][132.033s][debug][gc,humongous      ] GC(421) Humongous region 1644 (object size 1048592 @ 0x00000000e6c00000) remset 0 code roots 0 marked 0 pinned count 0 reclaim candidate 0 type array 1
[2024-10-26T03:19:29.308+0530][132.033s][debug][gc,humongous      ] GC(421) Humongous region 1800 (object size 1048592 @ 0x00000000f0800000) remset 0 code roots 0 marked 0 pinned count 0 reclaim candidate 0 type array 1
[2024-10-26T03:19:29.308+0530][132.033s][debug][gc,humongous      ] GC(421) Humongous region 1958 (object size 1048592 @ 0x00000000fa600000) remset 0 code roots 0 marked 0 pinned count 0 reclaim candidate 0 type array 1
[2024-10-26T03:19:29.308+0530][132.033s][debug][gc,humongous      ] GC(421) Humongous region 84 (object size 1048592 @ 0x0000000085400000) remset 0 code roots 0 marked 0 pinned count 0 reclaim candidate 0 type array 1
[2024-10-26T03:19:29.308+0530][132.033s][debug][gc,humongous      ] GC(421) Humongous region 386 (object size 1048592 @ 0x0000000098200000) remset 0 code roots 0 marked 0 pinned count 0 reclaim candidate 0 type array 1
[2024-10-26T03:19:29.308+0530][132.033s][debug][gc,humongous      ] GC(421) Humongous region 542 (object size 1048592 @ 0x00000000a1e00000) remset 0 code roots 0 marked 0 pinned count 0 reclaim candidate 0 type array 1
[2024-10-26T03:19:29.308+0530][132.033s][debug][gc,humongous      ] GC(421) Humongous region 700 (object size 1048592 @ 0x00000000abc00000) remset 0 code roots 0 marked 0 pinned count 0 reclaim candidate 0 type array 1
[2024-10-26T03:19:29.308+0530][132.033s][debug][gc,humongous      ] GC(421) Humongous region 1016 (object size 1048592 @ 0x00000000bf800000) remset 0 code roots 0 marked 0 pinned count 0 reclaim candidate 0 type array 1
[2024-10-26T03:19:29.308+0530][132.033s][debug][gc,humongous      ] GC(421) Humongous region 858 (object size 1048592 @ 0x00000000b5a00000) remset 0 code roots 0 marked 0 pinned count 0 reclaim candidate 0 type array 1
[2024-10-26T03:19:29.308+0530][132.033s][debug][gc,humongous      ] GC(421) Humongous region 230 (object size 1048592 @ 0x000000008e600000) remset 0 code roots 0 marked 0 pinned count 0 reclaim candidate 0 type array 1
[2024-10-26T03:19:29.308+0530][132.033s][debug][gc,humongous      ] GC(421) Humongous region 1172 (object size 1048592 @ 0x00000000c9400000) remset 0 code roots 0 marked 0 pinned count 0 reclaim candidate 0 type array 1
[2024-10-26T03:19:29.308+0530][132.033s][debug][gc,humongous      ] GC(421) Humongous region 1330 (object size 1048592 @ 0x00000000d3200000) remset 0 code roots 0 marked 0 pinned count 0 reclaim candidate 0 type array 1
[2024-10-26T03:19:29.308+0530][132.033s][debug][gc,humongous      ] GC(421) Humongous region 1488 (object size 1048592 @ 0x00000000dd000000) remset 0 code roots 0 marked 0 pinned count 0 reclaim candidate 0 type array 1
[2024-10-26T03:19:29.308+0530][132.033s][debug][gc,humongous      ] GC(421) Humongous region 1646 (object size 1048592 @ 0x00000000e6e00000) remset 0 code roots 0 marked 0 pinned count 0 reclaim candidate 0 type array 1
[2024-10-26T03:19:29.308+0530][132.033s][debug][gc,humongous      ] GC(421) Humongous region 1802 (object size 1048592 @ 0x00000000f0a00000) remset 0 code roots 0 marked 0 pinned count 0 reclaim candidate 0 type array 1
[2024-10-26T03:19:29.308+0530][132.033s][debug][gc,humongous      ] GC(421) Humongous region 1960 (object size 1048592 @ 0x00000000fa800000) remset 0 code roots 0 marked 0 pinned count 0 reclaim candidate 0 type array 1
[2024-10-26T03:19:29.308+0530][132.033s][debug][gc,humongous      ] GC(421) Humongous region 86 (object size 1048592 @ 0x0000000085600000) remset 0 code roots 0 marked 0 pinned count 0 reclaim candidate 0 type array 1
[2024-10-26T03:19:29.308+0530][132.033s][debug][gc,humongous      ] GC(421) Humongous region 388 (object size 1048592 @ 0x0000000098400000) remset 0 code roots 0 marked 0 pinned count 0 reclaim candidate 0 type array 1
[2024-10-26T03:19:29.308+0530][132.033s][debug][gc,humongous      ] GC(421) Humongous region 544 (object size 1048592 @ 0x00000000a2000000) remset 0 code roots 0 marked 0 pinned count 0 reclaim candidate 0 type array 1
[2024-10-26T03:19:29.308+0530][132.033s][debug][gc,humongous      ] GC(421) Humongous region 702 (object size 1048592 @ 0x00000000abe00000) remset 0 code roots 0 marked 0 pinned count 0 reclaim candidate 0 type array 1
[2024-10-26T03:19:29.308+0530][132.033s][debug][gc,humongous      ] GC(421) Humongous region 1018 (object size 1048592 @ 0x00000000bfa00000) remset 0 code roots 0 marked 0 pinned count 0 reclaim candidate 0 type array 1
[2024-10-26T03:19:29.308+0530][132.033s][debug][gc,humongous      ] GC(421) Humongous region 860 (object size 1048592 @ 0x00000000b5c00000) remset 0 code roots 0 marked 0 pinned count 0 reclaim candidate 0 type array 1
[2024-10-26T03:19:29.308+0530][132.034s][debug][gc,humongous      ] GC(421) Humongous region 232 (object size 1048592 @ 0x000000008e800000) remset 0 code roots 0 marked 0 pinned count 0 reclaim candidate 0 type array 1
[2024-10-26T03:19:29.308+0530][132.034s][debug][gc,humongous      ] GC(421) Humongous region 1174 (object size 1048592 @ 0x00000000c9600000) remset 0 code roots 0 marked 0 pinned count 0 reclaim candidate 0 type array 1
[2024-10-26T03:19:29.308+0530][132.034s][debug][gc,humongous      ] GC(421) Humongous region 1332 (object size 1048592 @ 0x00000000d3400000) remset 0 code roots 0 marked 0 pinned count 0 reclaim candidate 0 type array 1
[2024-10-26T03:19:29.308+0530][132.034s][debug][gc,humongous      ] GC(421) Humongous region 1490 (object size 1048592 @ 0x00000000dd200000) remset 0 code roots 0 marked 0 pinned count 0 reclaim candidate 0 type array 1
[2024-10-26T03:19:29.308+0530][132.034s][debug][gc,humongous      ] GC(421) Humongous region 1648 (object size 1048592 @ 0x00000000e7000000) remset 0 code roots 0 marked 0 pinned count 0 reclaim candidate 0 type array 1
[2024-10-26T03:19:29.309+0530][132.034s][debug][gc,humongous      ] GC(421) Humongous region 1804 (object size 1048592 @ 0x00000000f0c00000) remset 0 code roots 0 marked 0 pinned count 0 reclaim candidate 0 type array 1
[2024-10-26T03:19:29.309+0530][132.034s][debug][gc,humongous      ] GC(421) Humongous region 1962 (object size 1048592 @ 0x00000000faa00000) remset 0 code roots 0 marked 0 pinned count 0 reclaim candidate 0 type array 1
[2024-10-26T03:19:29.309+0530][132.034s][debug][gc,humongous      ] GC(421) Humongous region 88 (object size 1048592 @ 0x0000000085800000) remset 0 code roots 0 marked 0 pinned count 0 reclaim candidate 0 type array 1
[2024-10-26T03:19:29.309+0530][132.034s][debug][gc,humongous      ] GC(421) Humongous region 390 (object size 1048592 @ 0x0000000098600000) remset 0 code roots 0 marked 0 pinned count 0 reclaim candidate 0 type array 1
[2024-10-26T03:19:29.309+0530][132.034s][debug][gc,humongous      ] GC(421) Humongous region 546 (object size 1048592 @ 0x00000000a2200000) remset 0 code roots 0 marked 0 pinned count 0 reclaim candidate 0 type array 1
[2024-10-26T03:19:29.309+0530][132.034s][debug][gc,humongous      ] GC(421) Humongous region 704 (object size 1048592 @ 0x00000000ac000000) remset 0 code roots 0 marked 0 pinned count 0 reclaim candidate 0 type array 1
[2024-10-26T03:19:29.309+0530][132.034s][debug][gc,humongous      ] GC(421) Humongous region 1020 (object size 1048592 @ 0x00000000bfc00000) remset 0 code roots 0 marked 0 pinned count 0 reclaim candidate 0 type array 1
[2024-10-26T03:19:29.309+0530][132.034s][debug][gc,humongous      ] GC(421) Humongous region 862 (object size 1048592 @ 0x00000000b5e00000) remset 0 code roots 0 marked 0 pinned count 0 reclaim candidate 0 type array 1
[2024-10-26T03:19:29.309+0530][132.034s][debug][gc,humongous      ] GC(421) Humongous region 234 (object size 1048592 @ 0x000000008ea00000) remset 0 code roots 0 marked 0 pinned count 0 reclaim candidate 0 type array 1
[2024-10-26T03:19:29.309+0530][132.034s][debug][gc,humongous      ] GC(421) Humongous region 1176 (object size 1048592 @ 0x00000000c9800000) remset 0 code roots 0 marked 0 pinned count 0 reclaim candidate 0 type array 1
[2024-10-26T03:19:29.309+0530][132.034s][debug][gc,humongous      ] GC(421) Humongous region 1334 (object size 1048592 @ 0x00000000d3600000) remset 0 code roots 0 marked 0 pinned count 0 reclaim candidate 0 type array 1
[2024-10-26T03:19:29.309+0530][132.034s][debug][gc,humongous      ] GC(421) Humongous region 1492 (object size 1048592 @ 0x00000000dd400000) remset 0 code roots 0 marked 0 pinned count 0 reclaim candidate 0 type array 1
[2024-10-26T03:19:29.309+0530][132.034s][debug][gc,humongous      ] GC(421) Humongous region 1650 (object size 1048592 @ 0x00000000e7200000) remset 0 code roots 0 marked 0 pinned count 0 reclaim candidate 0 type array 1
[2024-10-26T03:19:29.309+0530][132.034s][debug][gc,humongous      ] GC(421) Humongous region 1806 (object size 1048592 @ 0x00000000f0e00000) remset 0 code roots 0 marked 0 pinned count 0 reclaim candidate 0 type array 1
[2024-10-26T03:19:29.309+0530][132.034s][debug][gc,humongous      ] GC(421) Humongous region 1964 (object size 1048592 @ 0x00000000fac00000) remset 0 code roots 0 marked 0 pinned count 0 reclaim candidate 0 type array 1
[2024-10-26T03:19:29.309+0530][132.034s][debug][gc,humongous      ] GC(421) Humongous region 90 (object size 1048592 @ 0x0000000085a00000) remset 0 code roots 0 marked 0 pinned count 0 reclaim candidate 0 type array 1
[2024-10-26T03:19:29.309+0530][132.034s][debug][gc,humongous      ] GC(421) Humongous region 392 (object size 1048592 @ 0x0000000098800000) remset 0 code roots 0 marked 0 pinned count 0 reclaim candidate 0 type array 1
[2024-10-26T03:19:29.309+0530][132.034s][debug][gc,humongous      ] GC(421) Humongous region 548 (object size 1048592 @ 0x00000000a2400000) remset 0 code roots 0 marked 0 pinned count 0 reclaim candidate 0 type array 1
[2024-10-26T03:19:29.309+0530][132.034s][debug][gc,humongous      ] GC(421) Humongous region 706 (object size 1048592 @ 0x00000000ac200000) remset 0 code roots 0 marked 0 pinned count 0 reclaim candidate 0 type array 1
[2024-10-26T03:19:29.309+0530][132.034s][debug][gc,humongous      ] GC(421) Humongous region 1022 (object size 1048592 @ 0x00000000bfe00000) remset 0 code roots 0 marked 0 pinned count 0 reclaim candidate 0 type array 1
[2024-10-26T03:19:29.309+0530][132.034s][debug][gc,humongous      ] GC(421) Humongous region 864 (object size 1048592 @ 0x00000000b6000000) remset 0 code roots 0 marked 0 pinned count 0 reclaim candidate 0 type array 1
[2024-10-26T03:19:29.309+0530][132.034s][debug][gc,humongous      ] GC(421) Humongous region 236 (object size 1048592 @ 0x000000008ec00000) remset 0 code roots 0 marked 0 pinned count 0 reclaim candidate 0 type array 1
[2024-10-26T03:19:29.309+0530][132.034s][debug][gc,humongous      ] GC(421) Humongous region 1178 (object size 1048592 @ 0x00000000c9a00000) remset 0 code roots 0 marked 0 pinned count 0 reclaim candidate 0 type array 1
[2024-10-26T03:19:29.309+0530][132.034s][debug][gc,humongous      ] GC(421) Humongous region 1336 (object size 1048592 @ 0x00000000d3800000) remset 0 code roots 0 marked 0 pinned count 0 reclaim candidate 0 type array 1
[2024-10-26T03:19:29.309+0530][132.034s][debug][gc,humongous      ] GC(421) Humongous region 1494 (object size 1048592 @ 0x00000000dd600000) remset 0 code roots 0 marked 0 pinned count 0 reclaim candidate 0 type array 1
[2024-10-26T03:19:29.309+0530][132.034s][debug][gc,humongous      ] GC(421) Humongous region 1652 (object size 1048592 @ 0x00000000e7400000) remset 0 code roots 0 marked 0 pinned count 0 reclaim candidate 0 type array 1
[2024-10-26T03:19:29.309+0530][132.034s][debug][gc,humongous      ] GC(421) Humongous region 1808 (object size 1048592 @ 0x00000000f1000000) remset 0 code roots 0 marked 0 pinned count 0 reclaim candidate 0 type array 1
[2024-10-26T03:19:29.309+0530][132.034s][debug][gc,humongous      ] GC(421) Humongous region 1966 (object size 1048592 @ 0x00000000fae00000) remset 0 code roots 0 marked 0 pinned count 0 reclaim candidate 0 type array 1
[2024-10-26T03:19:29.309+0530][132.034s][debug][gc,humongous      ] GC(421) Humongous region 92 (object size 1048592 @ 0x0000000085c00000) remset 0 code roots 0 marked 0 pinned count 0 reclaim candidate 0 type array 1
[2024-10-26T03:19:29.309+0530][132.034s][debug][gc,humongous      ] GC(421) Humongous region 394 (object size 1048592 @ 0x0000000098a00000) remset 0 code roots 0 marked 0 pinned count 0 reclaim candidate 0 type array 1
[2024-10-26T03:19:29.309+0530][132.034s][debug][gc,humongous      ] GC(421) Humongous region 550 (object size 1048592 @ 0x00000000a2600000) remset 0 code roots 0 marked 0 pinned count 0 reclaim candidate 0 type array 1
[2024-10-26T03:19:29.309+0530][132.034s][debug][gc,humongous      ] GC(421) Humongous region 708 (object size 1048592 @ 0x00000000ac400000) remset 0 code roots 0 marked 0 pinned count 0 reclaim candidate 0 type array 1
[2024-10-26T03:19:29.309+0530][132.034s][debug][gc,humongous      ] GC(421) Humongous region 1024 (object size 1048592 @ 0x00000000c0000000) remset 0 code roots 0 marked 0 pinned count 0 reclaim candidate 0 type array 1
[2024-10-26T03:19:29.309+0530][132.034s][debug][gc,humongous      ] GC(421) Humongous region 866 (object size 1048592 @ 0x00000000b6200000) remset 0 code roots 0 marked 0 pinned count 0 reclaim candidate 0 type array 1
[2024-10-26T03:19:29.309+0530][132.034s][debug][gc,humongous      ] GC(421) Humongous region 238 (object size 1048592 @ 0x000000008ee00000) remset 0 code roots 0 marked 0 pinned count 0 reclaim candidate 0 type array 1
[2024-10-26T03:19:29.309+0530][132.034s][debug][gc,humongous      ] GC(421) Humongous region 1180 (object size 1048592 @ 0x00000000c9c00000) remset 0 code roots 0 marked 0 pinned count 0 reclaim candidate 0 type array 1
[2024-10-26T03:19:29.309+0530][132.034s][debug][gc,humongous      ] GC(421) Humongous region 1338 (object size 1048592 @ 0x00000000d3a00000) remset 0 code roots 0 marked 0 pinned count 0 reclaim candidate 0 type array 1
[2024-10-26T03:19:29.309+0530][132.034s][debug][gc,humongous      ] GC(421) Humongous region 1496 (object size 1048592 @ 0x00000000dd800000) remset 0 code roots 0 marked 0 pinned count 0 reclaim candidate 0 type array 1
[2024-10-26T03:19:29.309+0530][132.034s][debug][gc,humongous      ] GC(421) Humongous region 1654 (object size 1048592 @ 0x00000000e7600000) remset 0 code roots 0 marked 0 pinned count 0 reclaim candidate 0 type array 1
[2024-10-26T03:19:29.309+0530][132.034s][debug][gc,humongous      ] GC(421) Humongous region 1810 (object size 1048592 @ 0x00000000f1200000) remset 0 code roots 0 marked 0 pinned count 0 reclaim candidate 0 type array 1
[2024-10-26T03:19:29.309+0530][132.034s][debug][gc,humongous      ] GC(421) Humongous region 1968 (object size 1048592 @ 0x00000000fb000000) remset 0 code roots 0 marked 0 pinned count 0 reclaim candidate 0 type array 1
[2024-10-26T03:19:29.309+0530][132.034s][debug][gc,humongous      ] GC(421) Humongous region 94 (object size 1048592 @ 0x0000000085e00000) remset 0 code roots 0 marked 0 pinned count 0 reclaim candidate 0 type array 1
[2024-10-26T03:19:29.309+0530][132.034s][debug][gc,humongous      ] GC(421) Humongous region 396 (object size 1048592 @ 0x0000000098c00000) remset 0 code roots 0 marked 0 pinned count 0 reclaim candidate 0 type array 1
[2024-10-26T03:19:29.309+0530][132.034s][debug][gc,humongous      ] GC(421) Humongous region 552 (object size 1048592 @ 0x00000000a2800000) remset 0 code roots 0 marked 0 pinned count 0 reclaim candidate 0 type array 1
[2024-10-26T03:19:29.309+0530][132.034s][debug][gc,humongous      ] GC(421) Humongous region 710 (object size 1048592 @ 0x00000000ac600000) remset 0 code roots 0 marked 0 pinned count 0 reclaim candidate 0 type array 1
[2024-10-26T03:19:29.309+0530][132.034s][debug][gc,humongous      ] GC(421) Humongous region 1026 (object size 1048592 @ 0x00000000c0200000) remset 0 code roots 0 marked 0 pinned count 0 reclaim candidate 0 type array 1
[2024-10-26T03:19:29.309+0530][132.034s][debug][gc,humongous      ] GC(421) Humongous region 868 (object size 1048592 @ 0x00000000b6400000) remset 0 code roots 0 marked 0 pinned count 0 reclaim candidate 0 type array 1
[2024-10-26T03:19:29.309+0530][132.034s][debug][gc,humongous      ] GC(421) Humongous region 240 (object size 1048592 @ 0x000000008f000000) remset 0 code roots 0 marked 0 pinned count 0 reclaim candidate 0 type array 1
[2024-10-26T03:19:29.309+0530][132.034s][debug][gc,humongous      ] GC(421) Humongous region 1182 (object size 1048592 @ 0x00000000c9e00000) remset 0 code roots 0 marked 0 pinned count 0 reclaim candidate 0 type array 1
[2024-10-26T03:19:29.309+0530][132.034s][debug][gc,humongous      ] GC(421) Humongous region 1340 (object size 1048592 @ 0x00000000d3c00000) remset 0 code roots 0 marked 0 pinned count 0 reclaim candidate 0 type array 1
[2024-10-26T03:19:29.309+0530][132.034s][debug][gc,humongous      ] GC(421) Humongous region 1498 (object size 1048592 @ 0x00000000dda00000) remset 0 code roots 0 marked 0 pinned count 0 reclaim candidate 0 type array 1
[2024-10-26T03:19:29.309+0530][132.034s][debug][gc,humongous      ] GC(421) Humongous region 1656 (object size 1048592 @ 0x00000000e7800000) remset 0 code roots 0 marked 0 pinned count 0 reclaim candidate 0 type array 1
[2024-10-26T03:19:29.309+0530][132.034s][debug][gc,humongous      ] GC(421) Humongous region 1812 (object size 1048592 @ 0x00000000f1400000) remset 0 code roots 0 marked 0 pinned count 0 reclaim candidate 0 type array 1
[2024-10-26T03:19:29.309+0530][132.034s][debug][gc,humongous      ] GC(421) Humongous region 1970 (object size 1048592 @ 0x00000000fb200000) remset 0 code roots 0 marked 0 pinned count 0 reclaim candidate 0 type array 1
[2024-10-26T03:19:29.309+0530][132.034s][debug][gc,humongous      ] GC(421) Humongous region 96 (object size 1048592 @ 0x0000000086000000) remset 0 code roots 0 marked 0 pinned count 0 reclaim candidate 0 type array 1
[2024-10-26T03:19:29.309+0530][132.034s][debug][gc,humongous      ] GC(421) Humongous region 398 (object size 1048592 @ 0x0000000098e00000) remset 0 code roots 0 marked 0 pinned count 0 reclaim candidate 0 type array 1
[2024-10-26T03:19:29.309+0530][132.034s][debug][gc,humongous      ] GC(421) Humongous region 554 (object size 1048592 @ 0x00000000a2a00000) remset 0 code roots 0 marked 0 pinned count 0 reclaim candidate 0 type array 1
[2024-10-26T03:19:29.309+0530][132.034s][debug][gc,humongous      ] GC(421) Humongous region 712 (object size 1048592 @ 0x00000000ac800000) remset 0 code roots 0 marked 0 pinned count 0 reclaim candidate 0 type array 1
[2024-10-26T03:19:29.309+0530][132.034s][debug][gc,humongous      ] GC(421) Humongous region 1028 (object size 1048592 @ 0x00000000c0400000) remset 0 code roots 0 marked 0 pinned count 0 reclaim candidate 0 type array 1
[2024-10-26T03:19:29.309+0530][132.034s][debug][gc,humongous      ] GC(421) Humongous region 870 (object size 1048592 @ 0x00000000b6600000) remset 0 code roots 0 marked 0 pinned count 0 reclaim candidate 0 type array 1
[2024-10-26T03:19:29.309+0530][132.034s][debug][gc,humongous      ] GC(421) Humongous region 242 (object size 1048592 @ 0x000000008f200000) remset 0 code roots 0 marked 0 pinned count 0 reclaim candidate 0 type array 1
[2024-10-26T03:19:29.309+0530][132.034s][debug][gc,humongous      ] GC(421) Humongous region 1184 (object size 1048592 @ 0x00000000ca000000) remset 0 code roots 0 marked 0 pinned count 0 reclaim candidate 0 type array 1
[2024-10-26T03:19:29.309+0530][132.034s][debug][gc,humongous      ] GC(421) Humongous region 1342 (object size 1048592 @ 0x00000000d3e00000) remset 0 code roots 0 marked 0 pinned count 0 reclaim candidate 0 type array 1
[2024-10-26T03:19:29.309+0530][132.034s][debug][gc,humongous      ] GC(421) Humongous region 1500 (object size 1048592 @ 0x00000000ddc00000) remset 0 code roots 0 marked 0 pinned count 0 reclaim candidate 0 type array 1
[2024-10-26T03:19:29.309+0530][132.034s][debug][gc,humongous      ] GC(421) Humongous region 1658 (object size 1048592 @ 0x00000000e7a00000) remset 0 code roots 0 marked 0 pinned count 0 reclaim candidate 0 type array 1
[2024-10-26T03:19:29.309+0530][132.034s][debug][gc,humongous      ] GC(421) Humongous region 1814 (object size 1048592 @ 0x00000000f1600000) remset 0 code roots 0 marked 0 pinned count 0 reclaim candidate 0 type array 1
[2024-10-26T03:19:29.309+0530][132.034s][debug][gc,humongous      ] GC(421) Humongous region 1972 (object size 1048592 @ 0x00000000fb400000) remset 0 code roots 0 marked 0 pinned count 0 reclaim candidate 0 type array 1
[2024-10-26T03:19:29.309+0530][132.034s][debug][gc,humongous      ] GC(421) Humongous region 98 (object size 1048592 @ 0x0000000086200000) remset 0 code roots 0 marked 0 pinned count 0 reclaim candidate 0 type array 1
[2024-10-26T03:19:29.309+0530][132.034s][debug][gc,humongous      ] GC(421) Humongous region 400 (object size 1048592 @ 0x0000000099000000) remset 0 code roots 0 marked 0 pinned count 0 reclaim candidate 0 type array 1
[2024-10-26T03:19:29.309+0530][132.034s][debug][gc,humongous      ] GC(421) Humongous region 556 (object size 1048592 @ 0x00000000a2c00000) remset 0 code roots 0 marked 0 pinned count 0 reclaim candidate 0 type array 1
[2024-10-26T03:19:29.309+0530][132.034s][debug][gc,humongous      ] GC(421) Humongous region 714 (object size 1048592 @ 0x00000000aca00000) remset 0 code roots 0 marked 0 pinned count 0 reclaim candidate 0 type array 1
[2024-10-26T03:19:29.309+0530][132.034s][debug][gc,humongous      ] GC(421) Humongous region 1030 (object size 1048592 @ 0x00000000c0600000) remset 0 code roots 0 marked 0 pinned count 0 reclaim candidate 0 type array 1
[2024-10-26T03:19:29.309+0530][132.034s][debug][gc,humongous      ] GC(421) Humongous region 872 (object size 1048592 @ 0x00000000b6800000) remset 0 code roots 0 marked 0 pinned count 0 reclaim candidate 0 type array 1
[2024-10-26T03:19:29.309+0530][132.034s][debug][gc,humongous      ] GC(421) Humongous region 244 (object size 1048592 @ 0x000000008f400000) remset 0 code roots 0 marked 0 pinned count 0 reclaim candidate 0 type array 1
[2024-10-26T03:19:29.309+0530][132.034s][debug][gc,humongous      ] GC(421) Humongous region 1186 (object size 1048592 @ 0x00000000ca200000) remset 0 code roots 0 marked 0 pinned count 0 reclaim candidate 0 type array 1
[2024-10-26T03:19:29.309+0530][132.034s][debug][gc,humongous      ] GC(421) Humongous region 1344 (object size 1048592 @ 0x00000000d4000000) remset 0 code roots 0 marked 0 pinned count 0 reclaim candidate 0 type array 1
[2024-10-26T03:19:29.309+0530][132.034s][debug][gc,humongous      ] GC(421) Humongous region 1502 (object size 1048592 @ 0x00000000dde00000) remset 0 code roots 0 marked 0 pinned count 0 reclaim candidate 0 type array 1
[2024-10-26T03:19:29.309+0530][132.034s][debug][gc,humongous      ] GC(421) Humongous region 1660 (object size 1048592 @ 0x00000000e7c00000) remset 0 code roots 0 marked 0 pinned count 0 reclaim candidate 0 type array 1
[2024-10-26T03:19:29.309+0530][132.034s][debug][gc,humongous      ] GC(421) Humongous region 1816 (object size 1048592 @ 0x00000000f1800000) remset 0 code roots 0 marked 0 pinned count 0 reclaim candidate 0 type array 1
[2024-10-26T03:19:29.309+0530][132.034s][debug][gc,humongous      ] GC(421) Humongous region 1974 (object size 1048592 @ 0x00000000fb600000) remset 0 code roots 0 marked 0 pinned count 0 reclaim candidate 0 type array 1
[2024-10-26T03:19:29.309+0530][132.034s][debug][gc,humongous      ] GC(421) Humongous region 100 (object size 1048592 @ 0x0000000086400000) remset 0 code roots 0 marked 0 pinned count 0 reclaim candidate 0 type array 1
[2024-10-26T03:19:29.309+0530][132.034s][debug][gc,humongous      ] GC(421) Humongous region 402 (object size 1048592 @ 0x0000000099200000) remset 0 code roots 0 marked 0 pinned count 0 reclaim candidate 0 type array 1
[2024-10-26T03:19:29.309+0530][132.034s][debug][gc,humongous      ] GC(421) Humongous region 558 (object size 1048592 @ 0x00000000a2e00000) remset 0 code roots 0 marked 0 pinned count 0 reclaim candidate 0 type array 1
[2024-10-26T03:19:29.309+0530][132.035s][debug][gc,humongous      ] GC(421) Humongous region 716 (object size 1048592 @ 0x00000000acc00000) remset 0 code roots 0 marked 0 pinned count 0 reclaim candidate 0 type array 1
[2024-10-26T03:19:29.309+0530][132.035s][debug][gc,humongous      ] GC(421) Humongous region 1032 (object size 1048592 @ 0x00000000c0800000) remset 0 code roots 0 marked 0 pinned count 0 reclaim candidate 0 type array 1
[2024-10-26T03:19:29.309+0530][132.035s][debug][gc,humongous      ] GC(421) Humongous region 874 (object size 1048592 @ 0x00000000b6a00000) remset 0 code roots 0 marked 0 pinned count 0 reclaim candidate 0 type array 1
[2024-10-26T03:19:29.309+0530][132.035s][debug][gc,humongous      ] GC(421) Humongous region 246 (object size 1048592 @ 0x000000008f600000) remset 0 code roots 0 marked 0 pinned count 0 reclaim candidate 0 type array 1
[2024-10-26T03:19:29.309+0530][132.035s][debug][gc,humongous      ] GC(421) Humongous region 1188 (object size 1048592 @ 0x00000000ca400000) remset 0 code roots 0 marked 0 pinned count 0 reclaim candidate 0 type array 1
[2024-10-26T03:19:29.310+0530][132.035s][debug][gc,humongous      ] GC(421) Humongous region 1346 (object size 1048592 @ 0x00000000d4200000) remset 0 code roots 0 marked 0 pinned count 0 reclaim candidate 0 type array 1
[2024-10-26T03:19:29.310+0530][132.035s][debug][gc,humongous      ] GC(421) Humongous region 1504 (object size 1048592 @ 0x00000000de000000) remset 0 code roots 0 marked 0 pinned count 0 reclaim candidate 0 type array 1
[2024-10-26T03:19:29.310+0530][132.035s][debug][gc,humongous      ] GC(421) Humongous region 1662 (object size 1048592 @ 0x00000000e7e00000) remset 0 code roots 0 marked 0 pinned count 0 reclaim candidate 0 type array 1
[2024-10-26T03:19:29.310+0530][132.035s][debug][gc,humongous      ] GC(421) Humongous region 1818 (object size 1048592 @ 0x00000000f1a00000) remset 0 code roots 0 marked 0 pinned count 0 reclaim candidate 0 type array 1
[2024-10-26T03:19:29.310+0530][132.035s][debug][gc,humongous      ] GC(421) Humongous region 1976 (object size 1048592 @ 0x00000000fb800000) remset 0 code roots 0 marked 0 pinned count 0 reclaim candidate 0 type array 1
[2024-10-26T03:19:29.310+0530][132.035s][debug][gc,humongous      ] GC(421) Humongous region 102 (object size 1048592 @ 0x0000000086600000) remset 0 code roots 0 marked 0 pinned count 0 reclaim candidate 0 type array 1
[2024-10-26T03:19:29.310+0530][132.035s][debug][gc,humongous      ] GC(421) Humongous region 404 (object size 1048592 @ 0x0000000099400000) remset 0 code roots 0 marked 0 pinned count 0 reclaim candidate 0 type array 1
[2024-10-26T03:19:29.310+0530][132.035s][debug][gc,humongous      ] GC(421) Humongous region 560 (object size 1048592 @ 0x00000000a3000000) remset 0 code roots 0 marked 0 pinned count 0 reclaim candidate 0 type array 1
[2024-10-26T03:19:29.310+0530][132.035s][debug][gc,humongous      ] GC(421) Humongous region 718 (object size 1048592 @ 0x00000000ace00000) remset 0 code roots 0 marked 0 pinned count 0 reclaim candidate 0 type array 1
[2024-10-26T03:19:29.310+0530][132.035s][debug][gc,humongous      ] GC(421) Humongous region 1034 (object size 1048592 @ 0x00000000c0a00000) remset 0 code roots 0 marked 0 pinned count 0 reclaim candidate 0 type array 1
[2024-10-26T03:19:29.310+0530][132.035s][debug][gc,humongous      ] GC(421) Humongous region 876 (object size 1048592 @ 0x00000000b6c00000) remset 0 code roots 0 marked 0 pinned count 0 reclaim candidate 0 type array 1
[2024-10-26T03:19:29.310+0530][132.035s][debug][gc,humongous      ] GC(421) Humongous region 248 (object size 1048592 @ 0x000000008f800000) remset 0 code roots 0 marked 0 pinned count 0 reclaim candidate 0 type array 1
[2024-10-26T03:19:29.310+0530][132.035s][debug][gc,humongous      ] GC(421) Humongous region 1190 (object size 1048592 @ 0x00000000ca600000) remset 0 code roots 0 marked 0 pinned count 0 reclaim candidate 0 type array 1
[2024-10-26T03:19:29.310+0530][132.035s][debug][gc,humongous      ] GC(421) Humongous region 1348 (object size 1048592 @ 0x00000000d4400000) remset 0 code roots 0 marked 0 pinned count 0 reclaim candidate 0 type array 1
[2024-10-26T03:19:29.310+0530][132.035s][debug][gc,humongous      ] GC(421) Humongous region 1506 (object size 1048592 @ 0x00000000de200000) remset 0 code roots 0 marked 0 pinned count 0 reclaim candidate 0 type array 1
[2024-10-26T03:19:29.310+0530][132.035s][debug][gc,humongous      ] GC(421) Humongous region 1664 (object size 1048592 @ 0x00000000e8000000) remset 0 code roots 0 marked 0 pinned count 0 reclaim candidate 0 type array 1
[2024-10-26T03:19:29.310+0530][132.035s][debug][gc,humongous      ] GC(421) Humongous region 1820 (object size 1048592 @ 0x00000000f1c00000) remset 0 code roots 0 marked 0 pinned count 0 reclaim candidate 0 type array 1
[2024-10-26T03:19:29.310+0530][132.035s][debug][gc,humongous      ] GC(421) Humongous region 1978 (object size 1048592 @ 0x00000000fba00000) remset 0 code roots 0 marked 0 pinned count 0 reclaim candidate 0 type array 1
[2024-10-26T03:19:29.310+0530][132.035s][debug][gc,humongous      ] GC(421) Humongous region 104 (object size 1048592 @ 0x0000000086800000) remset 0 code roots 0 marked 0 pinned count 0 reclaim candidate 0 type array 1
[2024-10-26T03:19:29.310+0530][132.035s][debug][gc,humongous      ] GC(421) Humongous region 406 (object size 1048592 @ 0x0000000099600000) remset 0 code roots 0 marked 0 pinned count 0 reclaim candidate 0 type array 1
[2024-10-26T03:19:29.310+0530][132.035s][debug][gc,humongous      ] GC(421) Humongous region 562 (object size 1048592 @ 0x00000000a3200000) remset 0 code roots 0 marked 0 pinned count 0 reclaim candidate 0 type array 1
[2024-10-26T03:19:29.310+0530][132.035s][debug][gc,humongous      ] GC(421) Humongous region 720 (object size 1048592 @ 0x00000000ad000000) remset 0 code roots 0 marked 0 pinned count 0 reclaim candidate 0 type array 1
[2024-10-26T03:19:29.310+0530][132.035s][debug][gc,humongous      ] GC(421) Humongous region 1036 (object size 1048592 @ 0x00000000c0c00000) remset 0 code roots 0 marked 0 pinned count 0 reclaim candidate 0 type array 1
[2024-10-26T03:19:29.310+0530][132.035s][debug][gc,humongous      ] GC(421) Humongous region 878 (object size 1048592 @ 0x00000000b6e00000) remset 0 code roots 0 marked 0 pinned count 0 reclaim candidate 0 type array 1
[2024-10-26T03:19:29.310+0530][132.035s][debug][gc,humongous      ] GC(421) Humongous region 250 (object size 1048592 @ 0x000000008fa00000) remset 0 code roots 0 marked 0 pinned count 0 reclaim candidate 0 type array 1
[2024-10-26T03:19:29.310+0530][132.035s][debug][gc,humongous      ] GC(421) Humongous region 1192 (object size 1048592 @ 0x00000000ca800000) remset 0 code roots 0 marked 0 pinned count 0 reclaim candidate 0 type array 1
[2024-10-26T03:19:29.310+0530][132.035s][debug][gc,humongous      ] GC(421) Humongous region 1350 (object size 1048592 @ 0x00000000d4600000) remset 0 code roots 0 marked 0 pinned count 0 reclaim candidate 0 type array 1
[2024-10-26T03:19:29.310+0530][132.035s][debug][gc,humongous      ] GC(421) Humongous region 1508 (object size 1048592 @ 0x00000000de400000) remset 0 code roots 0 marked 0 pinned count 0 reclaim candidate 0 type array 1
[2024-10-26T03:19:29.310+0530][132.035s][debug][gc,humongous      ] GC(421) Humongous region 1666 (object size 1048592 @ 0x00000000e8200000) remset 0 code roots 0 marked 0 pinned count 0 reclaim candidate 0 type array 1
[2024-10-26T03:19:29.310+0530][132.035s][debug][gc,humongous      ] GC(421) Humongous region 1822 (object size 1048592 @ 0x00000000f1e00000) remset 0 code roots 0 marked 0 pinned count 0 reclaim candidate 0 type array 1
[2024-10-26T03:19:29.310+0530][132.035s][debug][gc,humongous      ] GC(421) Humongous region 1980 (object size 1048592 @ 0x00000000fbc00000) remset 0 code roots 0 marked 0 pinned count 0 reclaim candidate 0 type array 1
[2024-10-26T03:19:29.310+0530][132.035s][debug][gc,humongous      ] GC(421) Humongous region 106 (object size 1048592 @ 0x0000000086a00000) remset 0 code roots 0 marked 0 pinned count 0 reclaim candidate 0 type array 1
[2024-10-26T03:19:29.310+0530][132.035s][debug][gc,humongous      ] GC(421) Humongous region 408 (object size 1048592 @ 0x0000000099800000) remset 0 code roots 0 marked 0 pinned count 0 reclaim candidate 0 type array 1
[2024-10-26T03:19:29.310+0530][132.035s][debug][gc,humongous      ] GC(421) Humongous region 564 (object size 1048592 @ 0x00000000a3400000) remset 0 code roots 0 marked 0 pinned count 0 reclaim candidate 0 type array 1
[2024-10-26T03:19:29.310+0530][132.035s][debug][gc,humongous      ] GC(421) Humongous region 722 (object size 1048592 @ 0x00000000ad200000) remset 0 code roots 0 marked 0 pinned count 0 reclaim candidate 0 type array 1
[2024-10-26T03:19:29.310+0530][132.035s][debug][gc,humongous      ] GC(421) Humongous region 1038 (object size 1048592 @ 0x00000000c0e00000) remset 0 code roots 0 marked 0 pinned count 0 reclaim candidate 0 type array 1
[2024-10-26T03:19:29.310+0530][132.035s][debug][gc,humongous      ] GC(421) Humongous region 880 (object size 1048592 @ 0x00000000b7000000) remset 0 code roots 0 marked 0 pinned count 0 reclaim candidate 0 type array 1
[2024-10-26T03:19:29.310+0530][132.035s][debug][gc,humongous      ] GC(421) Humongous region 252 (object size 1048592 @ 0x000000008fc00000) remset 0 code roots 0 marked 0 pinned count 0 reclaim candidate 0 type array 1
[2024-10-26T03:19:29.310+0530][132.035s][debug][gc,humongous      ] GC(421) Humongous region 1194 (object size 1048592 @ 0x00000000caa00000) remset 0 code roots 0 marked 0 pinned count 0 reclaim candidate 0 type array 1
[2024-10-26T03:19:29.310+0530][132.035s][debug][gc,humongous      ] GC(421) Humongous region 1352 (object size 1048592 @ 0x00000000d4800000) remset 0 code roots 0 marked 0 pinned count 0 reclaim candidate 0 type array 1
[2024-10-26T03:19:29.310+0530][132.035s][debug][gc,humongous      ] GC(421) Humongous region 1510 (object size 1048592 @ 0x00000000de600000) remset 0 code roots 0 marked 0 pinned count 0 reclaim candidate 0 type array 1
[2024-10-26T03:19:29.310+0530][132.035s][debug][gc,humongous      ] GC(421) Humongous region 1668 (object size 1048592 @ 0x00000000e8400000) remset 0 code roots 0 marked 0 pinned count 0 reclaim candidate 0 type array 1
[2024-10-26T03:19:29.310+0530][132.035s][debug][gc,humongous      ] GC(421) Humongous region 1824 (object size 1048592 @ 0x00000000f2000000) remset 0 code roots 0 marked 0 pinned count 0 reclaim candidate 0 type array 1
[2024-10-26T03:19:29.310+0530][132.035s][debug][gc,humongous      ] GC(421) Humongous region 1982 (object size 1048592 @ 0x00000000fbe00000) remset 0 code roots 0 marked 0 pinned count 0 reclaim candidate 0 type array 1
[2024-10-26T03:19:29.310+0530][132.035s][debug][gc,humongous      ] GC(421) Humongous region 108 (object size 1048592 @ 0x0000000086c00000) remset 0 code roots 0 marked 0 pinned count 0 reclaim candidate 0 type array 1
[2024-10-26T03:19:29.310+0530][132.035s][debug][gc,humongous      ] GC(421) Humongous region 410 (object size 1048592 @ 0x0000000099a00000) remset 0 code roots 0 marked 0 pinned count 0 reclaim candidate 0 type array 1
[2024-10-26T03:19:29.310+0530][132.035s][debug][gc,humongous      ] GC(421) Humongous region 566 (object size 1048592 @ 0x00000000a3600000) remset 0 code roots 0 marked 0 pinned count 0 reclaim candidate 0 type array 1
[2024-10-26T03:19:29.310+0530][132.035s][debug][gc,humongous      ] GC(421) Humongous region 724 (object size 1048592 @ 0x00000000ad400000) remset 0 code roots 0 marked 0 pinned count 0 reclaim candidate 0 type array 1
[2024-10-26T03:19:29.310+0530][132.035s][debug][gc,humongous      ] GC(421) Humongous region 1040 (object size 1048592 @ 0x00000000c1000000) remset 0 code roots 0 marked 0 pinned count 0 reclaim candidate 0 type array 1
[2024-10-26T03:19:29.310+0530][132.035s][debug][gc,humongous      ] GC(421) Humongous region 882 (object size 1048592 @ 0x00000000b7200000) remset 0 code roots 0 marked 0 pinned count 0 reclaim candidate 0 type array 1
[2024-10-26T03:19:29.310+0530][132.035s][debug][gc,humongous      ] GC(421) Humongous region 254 (object size 1048592 @ 0x000000008fe00000) remset 0 code roots 0 marked 0 pinned count 0 reclaim candidate 0 type array 1
[2024-10-26T03:19:29.310+0530][132.035s][debug][gc,humongous      ] GC(421) Humongous region 1196 (object size 1048592 @ 0x00000000cac00000) remset 0 code roots 0 marked 0 pinned count 0 reclaim candidate 0 type array 1
[2024-10-26T03:19:29.310+0530][132.035s][debug][gc,humongous      ] GC(421) Humongous region 1354 (object size 1048592 @ 0x00000000d4a00000) remset 0 code roots 0 marked 0 pinned count 0 reclaim candidate 0 type array 1
[2024-10-26T03:19:29.310+0530][132.035s][debug][gc,humongous      ] GC(421) Humongous region 1512 (object size 1048592 @ 0x00000000de800000) remset 0 code roots 0 marked 0 pinned count 0 reclaim candidate 0 type array 1
[2024-10-26T03:19:29.310+0530][132.035s][debug][gc,humongous      ] GC(421) Humongous region 1670 (object size 1048592 @ 0x00000000e8600000) remset 0 code roots 0 marked 0 pinned count 0 reclaim candidate 0 type array 1
[2024-10-26T03:19:29.310+0530][132.035s][debug][gc,humongous      ] GC(421) Humongous region 1826 (object size 1048592 @ 0x00000000f2200000) remset 0 code roots 0 marked 0 pinned count 0 reclaim candidate 0 type array 1
[2024-10-26T03:19:29.310+0530][132.035s][debug][gc,humongous      ] GC(421) Humongous region 1984 (object size 1048592 @ 0x00000000fc000000) remset 0 code roots 0 marked 0 pinned count 0 reclaim candidate 0 type array 1
[2024-10-26T03:19:29.310+0530][132.035s][debug][gc,humongous      ] GC(421) Humongous region 110 (object size 1048592 @ 0x0000000086e00000) remset 0 code roots 0 marked 0 pinned count 0 reclaim candidate 0 type array 1
[2024-10-26T03:19:29.310+0530][132.035s][debug][gc,humongous      ] GC(421) Humongous region 412 (object size 1048592 @ 0x0000000099c00000) remset 0 code roots 0 marked 0 pinned count 0 reclaim candidate 0 type array 1
[2024-10-26T03:19:29.310+0530][132.035s][debug][gc,humongous      ] GC(421) Humongous region 568 (object size 1048592 @ 0x00000000a3800000) remset 0 code roots 0 marked 0 pinned count 0 reclaim candidate 0 type array 1
[2024-10-26T03:19:29.310+0530][132.035s][debug][gc,humongous      ] GC(421) Humongous region 726 (object size 1048592 @ 0x00000000ad600000) remset 0 code roots 0 marked 0 pinned count 0 reclaim candidate 0 type array 1
[2024-10-26T03:19:29.310+0530][132.035s][debug][gc,humongous      ] GC(421) Humongous region 1042 (object size 1048592 @ 0x00000000c1200000) remset 0 code roots 0 marked 0 pinned count 0 reclaim candidate 0 type array 1
[2024-10-26T03:19:29.310+0530][132.035s][debug][gc,humongous      ] GC(421) Humongous region 884 (object size 1048592 @ 0x00000000b7400000) remset 0 code roots 0 marked 0 pinned count 0 reclaim candidate 0 type array 1
[2024-10-26T03:19:29.310+0530][132.035s][debug][gc,humongous      ] GC(421) Humongous region 256 (object size 1048592 @ 0x0000000090000000) remset 0 code roots 0 marked 0 pinned count 0 reclaim candidate 0 type array 1
[2024-10-26T03:19:29.310+0530][132.035s][debug][gc,humongous      ] GC(421) Humongous region 1198 (object size 1048592 @ 0x00000000cae00000) remset 0 code roots 0 marked 0 pinned count 0 reclaim candidate 0 type array 1
[2024-10-26T03:19:29.310+0530][132.035s][debug][gc,humongous      ] GC(421) Humongous region 1356 (object size 1048592 @ 0x00000000d4c00000) remset 0 code roots 0 marked 0 pinned count 0 reclaim candidate 0 type array 1
[2024-10-26T03:19:29.310+0530][132.035s][debug][gc,humongous      ] GC(421) Humongous region 1514 (object size 1048592 @ 0x00000000dea00000) remset 0 code roots 0 marked 0 pinned count 0 reclaim candidate 0 type array 1
[2024-10-26T03:19:29.310+0530][132.035s][debug][gc,humongous      ] GC(421) Humongous region 1672 (object size 1048592 @ 0x00000000e8800000) remset 0 code roots 0 marked 0 pinned count 0 reclaim candidate 0 type array 1
[2024-10-26T03:19:29.310+0530][132.035s][debug][gc,humongous      ] GC(421) Humongous region 1828 (object size 1048592 @ 0x00000000f2400000) remset 0 code roots 0 marked 0 pinned count 0 reclaim candidate 0 type array 1
[2024-10-26T03:19:29.310+0530][132.035s][debug][gc,humongous      ] GC(421) Humongous region 1986 (object size 1048592 @ 0x00000000fc200000) remset 0 code roots 0 marked 0 pinned count 0 reclaim candidate 0 type array 1
[2024-10-26T03:19:29.310+0530][132.035s][debug][gc,humongous      ] GC(421) Humongous region 112 (object size 1048592 @ 0x0000000087000000) remset 0 code roots 0 marked 0 pinned count 0 reclaim candidate 0 type array 1
[2024-10-26T03:19:29.310+0530][132.035s][debug][gc,humongous      ] GC(421) Humongous region 414 (object size 1048592 @ 0x0000000099e00000) remset 0 code roots 0 marked 0 pinned count 0 reclaim candidate 0 type array 1
[2024-10-26T03:19:29.310+0530][132.035s][debug][gc,humongous      ] GC(421) Humongous region 570 (object size 1048592 @ 0x00000000a3a00000) remset 0 code roots 0 marked 0 pinned count 0 reclaim candidate 0 type array 1
[2024-10-26T03:19:29.310+0530][132.035s][debug][gc,humongous      ] GC(421) Humongous region 728 (object size 1048592 @ 0x00000000ad800000) remset 0 code roots 0 marked 0 pinned count 0 reclaim candidate 0 type array 1
[2024-10-26T03:19:29.310+0530][132.035s][debug][gc,humongous      ] GC(421) Humongous region 1044 (object size 1048592 @ 0x00000000c1400000) remset 0 code roots 0 marked 0 pinned count 0 reclaim candidate 0 type array 1
[2024-10-26T03:19:29.310+0530][132.035s][debug][gc,humongous      ] GC(421) Humongous region 886 (object size 1048592 @ 0x00000000b7600000) remset 0 code roots 0 marked 0 pinned count 0 reclaim candidate 0 type array 1
[2024-10-26T03:19:29.310+0530][132.035s][debug][gc,humongous      ] GC(421) Humongous region 258 (object size 1048592 @ 0x0000000090200000) remset 0 code roots 0 marked 0 pinned count 0 reclaim candidate 0 type array 1
[2024-10-26T03:19:29.310+0530][132.035s][debug][gc,humongous      ] GC(421) Humongous region 1200 (object size 1048592 @ 0x00000000cb000000) remset 0 code roots 0 marked 0 pinned count 0 reclaim candidate 0 type array 1
[2024-10-26T03:19:29.310+0530][132.035s][debug][gc,humongous      ] GC(421) Humongous region 1358 (object size 1048592 @ 0x00000000d4e00000) remset 0 code roots 0 marked 0 pinned count 0 reclaim candidate 0 type array 1
[2024-10-26T03:19:29.310+0530][132.035s][debug][gc,humongous      ] GC(421) Humongous region 1516 (object size 1048592 @ 0x00000000dec00000) remset 0 code roots 0 marked 0 pinned count 0 reclaim candidate 0 type array 1
[2024-10-26T03:19:29.310+0530][132.035s][debug][gc,humongous      ] GC(421) Humongous region 1674 (object size 1048592 @ 0x00000000e8a00000) remset 0 code roots 0 marked 0 pinned count 0 reclaim candidate 0 type array 1
[2024-10-26T03:19:29.310+0530][132.035s][debug][gc,humongous      ] GC(421) Humongous region 1830 (object size 1048592 @ 0x00000000f2600000) remset 0 code roots 0 marked 0 pinned count 0 reclaim candidate 0 type array 1
[2024-10-26T03:19:29.310+0530][132.035s][debug][gc,humongous      ] GC(421) Humongous region 1988 (object size 1048592 @ 0x00000000fc400000) remset 0 code roots 0 marked 0 pinned count 0 reclaim candidate 0 type array 1
[2024-10-26T03:19:29.310+0530][132.035s][debug][gc,humongous      ] GC(421) Humongous region 114 (object size 1048592 @ 0x0000000087200000) remset 0 code roots 0 marked 0 pinned count 0 reclaim candidate 0 type array 1
[2024-10-26T03:19:29.310+0530][132.035s][debug][gc,humongous      ] GC(421) Humongous region 416 (object size 1048592 @ 0x000000009a000000) remset 0 code roots 0 marked 0 pinned count 0 reclaim candidate 0 type array 1
[2024-10-26T03:19:29.310+0530][132.036s][debug][gc,humongous      ] GC(421) Humongous region 572 (object size 1048592 @ 0x00000000a3c00000) remset 0 code roots 0 marked 0 pinned count 0 reclaim candidate 0 type array 1
[2024-10-26T03:19:29.310+0530][132.036s][debug][gc,humongous      ] GC(421) Humongous region 730 (object size 1048592 @ 0x00000000ada00000) remset 0 code roots 0 marked 0 pinned count 0 reclaim candidate 0 type array 1
[2024-10-26T03:19:29.310+0530][132.036s][debug][gc,humongous      ] GC(421) Humongous region 1046 (object size 1048592 @ 0x00000000c1600000) remset 0 code roots 0 marked 0 pinned count 0 reclaim candidate 0 type array 1
[2024-10-26T03:19:29.310+0530][132.036s][debug][gc,humongous      ] GC(421) Humongous region 888 (object size 1048592 @ 0x00000000b7800000) remset 0 code roots 0 marked 0 pinned count 0 reclaim candidate 0 type array 1
[2024-10-26T03:19:29.310+0530][132.036s][debug][gc,humongous      ] GC(421) Humongous region 260 (object size 1048592 @ 0x0000000090400000) remset 0 code roots 0 marked 0 pinned count 0 reclaim candidate 0 type array 1
[2024-10-26T03:19:29.310+0530][132.036s][debug][gc,humongous      ] GC(421) Humongous region 1202 (object size 1048592 @ 0x00000000cb200000) remset 0 code roots 0 marked 0 pinned count 0 reclaim candidate 0 type array 1
[2024-10-26T03:19:29.311+0530][132.036s][debug][gc,humongous      ] GC(421) Humongous region 1360 (object size 1048592 @ 0x00000000d5000000) remset 0 code roots 0 marked 0 pinned count 0 reclaim candidate 0 type array 1
[2024-10-26T03:19:29.311+0530][132.036s][debug][gc,humongous      ] GC(421) Humongous region 1518 (object size 1048592 @ 0x00000000dee00000) remset 0 code roots 0 marked 0 pinned count 0 reclaim candidate 0 type array 1
[2024-10-26T03:19:29.311+0530][132.036s][debug][gc,humongous      ] GC(421) Humongous region 1676 (object size 1048592 @ 0x00000000e8c00000) remset 0 code roots 0 marked 0 pinned count 0 reclaim candidate 0 type array 1
[2024-10-26T03:19:29.311+0530][132.036s][debug][gc,humongous      ] GC(421) Humongous region 1832 (object size 1048592 @ 0x00000000f2800000) remset 0 code roots 0 marked 0 pinned count 0 reclaim candidate 0 type array 1
[2024-10-26T03:19:29.311+0530][132.036s][debug][gc,humongous      ] GC(421) Humongous region 1990 (object size 1048592 @ 0x00000000fc600000) remset 0 code roots 0 marked 0 pinned count 0 reclaim candidate 0 type array 1
[2024-10-26T03:19:29.311+0530][132.036s][debug][gc,humongous      ] GC(421) Humongous region 116 (object size 1048592 @ 0x0000000087400000) remset 0 code roots 0 marked 0 pinned count 0 reclaim candidate 0 type array 1
[2024-10-26T03:19:29.311+0530][132.036s][debug][gc,humongous      ] GC(421) Humongous region 418 (object size 1048592 @ 0x000000009a200000) remset 0 code roots 0 marked 0 pinned count 0 reclaim candidate 0 type array 1
[2024-10-26T03:19:29.311+0530][132.036s][debug][gc,humongous      ] GC(421) Humongous region 574 (object size 1048592 @ 0x00000000a3e00000) remset 0 code roots 0 marked 0 pinned count 0 reclaim candidate 0 type array 1
[2024-10-26T03:19:29.311+0530][132.036s][debug][gc,humongous      ] GC(421) Humongous region 732 (object size 1048592 @ 0x00000000adc00000) remset 0 code roots 0 marked 0 pinned count 0 reclaim candidate 0 type array 1
[2024-10-26T03:19:29.311+0530][132.036s][debug][gc,humongous      ] GC(421) Humongous region 1048 (object size 1048592 @ 0x00000000c1800000) remset 0 code roots 0 marked 0 pinned count 0 reclaim candidate 0 type array 1
[2024-10-26T03:19:29.311+0530][132.036s][debug][gc,humongous      ] GC(421) Humongous region 890 (object size 1048592 @ 0x00000000b7a00000) remset 0 code roots 0 marked 0 pinned count 0 reclaim candidate 0 type array 1
[2024-10-26T03:19:29.311+0530][132.036s][debug][gc,humongous      ] GC(421) Humongous region 262 (object size 1048592 @ 0x0000000090600000) remset 0 code roots 0 marked 0 pinned count 0 reclaim candidate 0 type array 1
[2024-10-26T03:19:29.311+0530][132.036s][debug][gc,humongous      ] GC(421) Humongous region 1204 (object size 1048592 @ 0x00000000cb400000) remset 0 code roots 0 marked 0 pinned count 0 reclaim candidate 0 type array 1
[2024-10-26T03:19:29.311+0530][132.036s][debug][gc,humongous      ] GC(421) Humongous region 1362 (object size 1048592 @ 0x00000000d5200000) remset 0 code roots 0 marked 0 pinned count 0 reclaim candidate 0 type array 1
[2024-10-26T03:19:29.311+0530][132.036s][debug][gc,humongous      ] GC(421) Humongous region 1520 (object size 1048592 @ 0x00000000df000000) remset 0 code roots 0 marked 0 pinned count 0 reclaim candidate 0 type array 1
[2024-10-26T03:19:29.311+0530][132.036s][debug][gc,humongous      ] GC(421) Humongous region 1678 (object size 1048592 @ 0x00000000e8e00000) remset 0 code roots 0 marked 0 pinned count 0 reclaim candidate 0 type array 1
[2024-10-26T03:19:29.311+0530][132.036s][debug][gc,humongous      ] GC(421) Humongous region 1834 (object size 1048592 @ 0x00000000f2a00000) remset 0 code roots 0 marked 0 pinned count 0 reclaim candidate 0 type array 1
[2024-10-26T03:19:29.311+0530][132.036s][debug][gc,humongous      ] GC(421) Humongous region 1992 (object size 1048592 @ 0x00000000fc800000) remset 0 code roots 0 marked 0 pinned count 0 reclaim candidate 0 type array 1
[2024-10-26T03:19:29.311+0530][132.036s][debug][gc,humongous      ] GC(421) Humongous region 118 (object size 1048592 @ 0x0000000087600000) remset 0 code roots 0 marked 0 pinned count 0 reclaim candidate 0 type array 1
[2024-10-26T03:19:29.311+0530][132.036s][debug][gc,humongous      ] GC(421) Humongous region 420 (object size 1048592 @ 0x000000009a400000) remset 0 code roots 0 marked 0 pinned count 0 reclaim candidate 0 type array 1
[2024-10-26T03:19:29.311+0530][132.036s][debug][gc,humongous      ] GC(421) Humongous region 576 (object size 1048592 @ 0x00000000a4000000) remset 0 code roots 0 marked 0 pinned count 0 reclaim candidate 0 type array 1
[2024-10-26T03:19:29.311+0530][132.036s][debug][gc,humongous      ] GC(421) Humongous region 734 (object size 1048592 @ 0x00000000ade00000) remset 0 code roots 0 marked 0 pinned count 0 reclaim candidate 0 type array 1
[2024-10-26T03:19:29.311+0530][132.036s][debug][gc,humongous      ] GC(421) Humongous region 1050 (object size 1048592 @ 0x00000000c1a00000) remset 0 code roots 0 marked 0 pinned count 0 reclaim candidate 0 type array 1
[2024-10-26T03:19:29.311+0530][132.036s][debug][gc,humongous      ] GC(421) Humongous region 892 (object size 1048592 @ 0x00000000b7c00000) remset 0 code roots 0 marked 0 pinned count 0 reclaim candidate 0 type array 1
[2024-10-26T03:19:29.311+0530][132.036s][debug][gc,humongous      ] GC(421) Humongous region 264 (object size 1048592 @ 0x0000000090800000) remset 0 code roots 0 marked 0 pinned count 0 reclaim candidate 0 type array 1
[2024-10-26T03:19:29.311+0530][132.036s][debug][gc,humongous      ] GC(421) Humongous region 1206 (object size 1048592 @ 0x00000000cb600000) remset 0 code roots 0 marked 0 pinned count 0 reclaim candidate 0 type array 1
[2024-10-26T03:19:29.311+0530][132.036s][debug][gc,humongous      ] GC(421) Humongous region 1364 (object size 1048592 @ 0x00000000d5400000) remset 0 code roots 0 marked 0 pinned count 0 reclaim candidate 0 type array 1
[2024-10-26T03:19:29.311+0530][132.036s][debug][gc,humongous      ] GC(421) Humongous region 1522 (object size 1048592 @ 0x00000000df200000) remset 0 code roots 0 marked 0 pinned count 0 reclaim candidate 0 type array 1
[2024-10-26T03:19:29.311+0530][132.036s][debug][gc,humongous      ] GC(421) Humongous region 1680 (object size 1048592 @ 0x00000000e9000000) remset 0 code roots 0 marked 0 pinned count 0 reclaim candidate 0 type array 1
[2024-10-26T03:19:29.311+0530][132.036s][debug][gc,humongous      ] GC(421) Humongous region 1836 (object size 1048592 @ 0x00000000f2c00000) remset 0 code roots 0 marked 0 pinned count 0 reclaim candidate 0 type array 1
[2024-10-26T03:19:29.311+0530][132.036s][debug][gc,humongous      ] GC(421) Humongous region 1994 (object size 1048592 @ 0x00000000fca00000) remset 0 code roots 0 marked 0 pinned count 0 reclaim candidate 0 type array 1
[2024-10-26T03:19:29.311+0530][132.036s][debug][gc,humongous      ] GC(421) Humongous region 120 (object size 1048592 @ 0x0000000087800000) remset 0 code roots 0 marked 0 pinned count 0 reclaim candidate 0 type array 1
[2024-10-26T03:19:29.311+0530][132.036s][debug][gc,humongous      ] GC(421) Humongous region 422 (object size 1048592 @ 0x000000009a600000) remset 0 code roots 0 marked 0 pinned count 0 reclaim candidate 0 type array 1
[2024-10-26T03:19:29.311+0530][132.036s][debug][gc,humongous      ] GC(421) Humongous region 578 (object size 1048592 @ 0x00000000a4200000) remset 0 code roots 0 marked 0 pinned count 0 reclaim candidate 0 type array 1
[2024-10-26T03:19:29.311+0530][132.036s][debug][gc,humongous      ] GC(421) Humongous region 736 (object size 1048592 @ 0x00000000ae000000) remset 0 code roots 0 marked 0 pinned count 0 reclaim candidate 0 type array 1
[2024-10-26T03:19:29.311+0530][132.036s][debug][gc,humongous      ] GC(421) Humongous region 1052 (object size 1048592 @ 0x00000000c1c00000) remset 0 code roots 0 marked 0 pinned count 0 reclaim candidate 0 type array 1
[2024-10-26T03:19:29.311+0530][132.036s][debug][gc,humongous      ] GC(421) Humongous region 894 (object size 1048592 @ 0x00000000b7e00000) remset 0 code roots 0 marked 0 pinned count 0 reclaim candidate 0 type array 1
[2024-10-26T03:19:29.311+0530][132.036s][debug][gc,humongous      ] GC(421) Humongous region 266 (object size 1048592 @ 0x0000000090a00000) remset 0 code roots 0 marked 0 pinned count 0 reclaim candidate 0 type array 1
[2024-10-26T03:19:29.311+0530][132.036s][debug][gc,humongous      ] GC(421) Humongous region 1208 (object size 1048592 @ 0x00000000cb800000) remset 0 code roots 0 marked 0 pinned count 0 reclaim candidate 0 type array 1
[2024-10-26T03:19:29.311+0530][132.036s][debug][gc,humongous      ] GC(421) Humongous region 1366 (object size 1048592 @ 0x00000000d5600000) remset 0 code roots 0 marked 0 pinned count 0 reclaim candidate 0 type array 1
[2024-10-26T03:19:29.311+0530][132.036s][debug][gc,humongous      ] GC(421) Humongous region 1524 (object size 1048592 @ 0x00000000df400000) remset 0 code roots 0 marked 0 pinned count 0 reclaim candidate 0 type array 1
[2024-10-26T03:19:29.311+0530][132.036s][debug][gc,humongous      ] GC(421) Humongous region 1682 (object size 1048592 @ 0x00000000e9200000) remset 0 code roots 0 marked 0 pinned count 0 reclaim candidate 0 type array 1
[2024-10-26T03:19:29.311+0530][132.036s][debug][gc,humongous      ] GC(421) Humongous region 1838 (object size 1048592 @ 0x00000000f2e00000) remset 0 code roots 0 marked 0 pinned count 0 reclaim candidate 0 type array 1
[2024-10-26T03:19:29.311+0530][132.036s][debug][gc,humongous      ] GC(421) Humongous region 1996 (object size 1048592 @ 0x00000000fcc00000) remset 0 code roots 0 marked 0 pinned count 0 reclaim candidate 0 type array 1
[2024-10-26T03:19:29.311+0530][132.036s][debug][gc,humongous      ] GC(421) Humongous region 122 (object size 1048592 @ 0x0000000087a00000) remset 0 code roots 0 marked 0 pinned count 0 reclaim candidate 0 type array 1
[2024-10-26T03:19:29.311+0530][132.036s][debug][gc,humongous      ] GC(421) Humongous region 424 (object size 1048592 @ 0x000000009a800000) remset 0 code roots 0 marked 0 pinned count 0 reclaim candidate 0 type array 1
[2024-10-26T03:19:29.311+0530][132.036s][debug][gc,humongous      ] GC(421) Humongous region 580 (object size 1048592 @ 0x00000000a4400000) remset 0 code roots 0 marked 0 pinned count 0 reclaim candidate 0 type array 1
[2024-10-26T03:19:29.311+0530][132.036s][debug][gc,humongous      ] GC(421) Humongous region 738 (object size 1048592 @ 0x00000000ae200000) remset 0 code roots 0 marked 0 pinned count 0 reclaim candidate 0 type array 1
[2024-10-26T03:19:29.311+0530][132.036s][debug][gc,humongous      ] GC(421) Humongous region 1054 (object size 1048592 @ 0x00000000c1e00000) remset 0 code roots 0 marked 0 pinned count 0 reclaim candidate 0 type array 1
[2024-10-26T03:19:29.311+0530][132.036s][debug][gc,humongous      ] GC(421) Humongous region 896 (object size 1048592 @ 0x00000000b8000000) remset 0 code roots 0 marked 0 pinned count 0 reclaim candidate 0 type array 1
[2024-10-26T03:19:29.311+0530][132.036s][debug][gc,humongous      ] GC(421) Humongous region 268 (object size 1048592 @ 0x0000000090c00000) remset 0 code roots 0 marked 0 pinned count 0 reclaim candidate 0 type array 1
[2024-10-26T03:19:29.311+0530][132.036s][debug][gc,humongous      ] GC(421) Humongous region 1210 (object size 1048592 @ 0x00000000cba00000) remset 0 code roots 0 marked 0 pinned count 0 reclaim candidate 0 type array 1
[2024-10-26T03:19:29.311+0530][132.036s][debug][gc,humongous      ] GC(421) Humongous region 1368 (object size 1048592 @ 0x00000000d5800000) remset 0 code roots 0 marked 0 pinned count 0 reclaim candidate 0 type array 1
[2024-10-26T03:19:29.311+0530][132.036s][debug][gc,humongous      ] GC(421) Humongous region 1526 (object size 1048592 @ 0x00000000df600000) remset 0 code roots 0 marked 0 pinned count 0 reclaim candidate 0 type array 1
[2024-10-26T03:19:29.311+0530][132.036s][debug][gc,humongous      ] GC(421) Humongous region 1684 (object size 1048592 @ 0x00000000e9400000) remset 0 code roots 0 marked 0 pinned count 0 reclaim candidate 0 type array 1
[2024-10-26T03:19:29.311+0530][132.036s][debug][gc,humongous      ] GC(421) Humongous region 1840 (object size 1048592 @ 0x00000000f3000000) remset 0 code roots 0 marked 0 pinned count 0 reclaim candidate 0 type array 1
[2024-10-26T03:19:29.311+0530][132.036s][debug][gc,humongous      ] GC(421) Humongous region 1998 (object size 1048592 @ 0x00000000fce00000) remset 0 code roots 0 marked 0 pinned count 0 reclaim candidate 0 type array 1
[2024-10-26T03:19:29.311+0530][132.036s][debug][gc,humongous      ] GC(421) Humongous region 124 (object size 1048592 @ 0x0000000087c00000) remset 0 code roots 0 marked 0 pinned count 0 reclaim candidate 0 type array 1
[2024-10-26T03:19:29.311+0530][132.036s][debug][gc,humongous      ] GC(421) Humongous region 426 (object size 1048592 @ 0x000000009aa00000) remset 0 code roots 0 marked 0 pinned count 0 reclaim candidate 0 type array 1
[2024-10-26T03:19:29.311+0530][132.036s][debug][gc,humongous      ] GC(421) Humongous region 582 (object size 1048592 @ 0x00000000a4600000) remset 0 code roots 0 marked 0 pinned count 0 reclaim candidate 0 type array 1
[2024-10-26T03:19:29.311+0530][132.036s][debug][gc,humongous      ] GC(421) Humongous region 740 (object size 1048592 @ 0x00000000ae400000) remset 0 code roots 0 marked 0 pinned count 0 reclaim candidate 0 type array 1
[2024-10-26T03:19:29.311+0530][132.036s][debug][gc,humongous      ] GC(421) Humongous region 1056 (object size 1048592 @ 0x00000000c2000000) remset 0 code roots 0 marked 0 pinned count 0 reclaim candidate 0 type array 1
[2024-10-26T03:19:29.311+0530][132.036s][debug][gc,humongous      ] GC(421) Humongous region 898 (object size 1048592 @ 0x00000000b8200000) remset 0 code roots 0 marked 0 pinned count 0 reclaim candidate 0 type array 1
[2024-10-26T03:19:29.311+0530][132.036s][debug][gc,humongous      ] GC(421) Humongous region 270 (object size 1048592 @ 0x0000000090e00000) remset 0 code roots 0 marked 0 pinned count 0 reclaim candidate 0 type array 1
[2024-10-26T03:19:29.311+0530][132.036s][debug][gc,humongous      ] GC(421) Humongous region 1212 (object size 1048592 @ 0x00000000cbc00000) remset 0 code roots 0 marked 0 pinned count 0 reclaim candidate 0 type array 1
[2024-10-26T03:19:29.311+0530][132.036s][debug][gc,humongous      ] GC(421) Humongous region 1370 (object size 1048592 @ 0x00000000d5a00000) remset 0 code roots 0 marked 0 pinned count 0 reclaim candidate 0 type array 1
[2024-10-26T03:19:29.311+0530][132.036s][debug][gc,humongous      ] GC(421) Humongous region 1528 (object size 1048592 @ 0x00000000df800000) remset 0 code roots 0 marked 0 pinned count 0 reclaim candidate 0 type array 1
[2024-10-26T03:19:29.311+0530][132.036s][debug][gc,humongous      ] GC(421) Humongous region 1686 (object size 1048592 @ 0x00000000e9600000) remset 0 code roots 0 marked 0 pinned count 0 reclaim candidate 0 type array 1
[2024-10-26T03:19:29.311+0530][132.036s][debug][gc,humongous      ] GC(421) Humongous region 1842 (object size 1048592 @ 0x00000000f3200000) remset 0 code roots 0 marked 0 pinned count 0 reclaim candidate 0 type array 1
[2024-10-26T03:19:29.311+0530][132.036s][debug][gc,humongous      ] GC(421) Humongous region 2000 (object size 1048592 @ 0x00000000fd000000) remset 0 code roots 0 marked 0 pinned count 0 reclaim candidate 0 type array 1
[2024-10-26T03:19:29.311+0530][132.036s][debug][gc,humongous      ] GC(421) Humongous region 126 (object size 1048592 @ 0x0000000087e00000) remset 0 code roots 0 marked 0 pinned count 0 reclaim candidate 0 type array 1
[2024-10-26T03:19:29.311+0530][132.036s][debug][gc,humongous      ] GC(421) Humongous region 428 (object size 1048592 @ 0x000000009ac00000) remset 0 code roots 0 marked 0 pinned count 0 reclaim candidate 0 type array 1
[2024-10-26T03:19:29.311+0530][132.036s][debug][gc,humongous      ] GC(421) Humongous region 584 (object size 1048592 @ 0x00000000a4800000) remset 0 code roots 0 marked 0 pinned count 0 reclaim candidate 0 type array 1
[2024-10-26T03:19:29.311+0530][132.036s][debug][gc,humongous      ] GC(421) Humongous region 742 (object size 1048592 @ 0x00000000ae600000) remset 0 code roots 0 marked 0 pinned count 0 reclaim candidate 0 type array 1
[2024-10-26T03:19:29.311+0530][132.036s][debug][gc,humongous      ] GC(421) Humongous region 1058 (object size 1048592 @ 0x00000000c2200000) remset 0 code roots 0 marked 0 pinned count 0 reclaim candidate 0 type array 1
[2024-10-26T03:19:29.311+0530][132.036s][debug][gc,humongous      ] GC(421) Humongous region 900 (object size 1048592 @ 0x00000000b8400000) remset 0 code roots 0 marked 0 pinned count 0 reclaim candidate 0 type array 1
[2024-10-26T03:19:29.311+0530][132.036s][debug][gc,humongous      ] GC(421) Humongous region 272 (object size 1048592 @ 0x0000000091000000) remset 0 code roots 0 marked 0 pinned count 0 reclaim candidate 0 type array 1
[2024-10-26T03:19:29.311+0530][132.036s][debug][gc,humongous      ] GC(421) Humongous region 1214 (object size 1048592 @ 0x00000000cbe00000) remset 0 code roots 0 marked 0 pinned count 0 reclaim candidate 0 type array 1
[2024-10-26T03:19:29.311+0530][132.036s][debug][gc,humongous      ] GC(421) Humongous region 1372 (object size 1048592 @ 0x00000000d5c00000) remset 0 code roots 0 marked 0 pinned count 0 reclaim candidate 0 type array 1
[2024-10-26T03:19:29.311+0530][132.036s][debug][gc,humongous      ] GC(421) Humongous region 1530 (object size 1048592 @ 0x00000000dfa00000) remset 0 code roots 0 marked 0 pinned count 0 reclaim candidate 0 type array 1
[2024-10-26T03:19:29.311+0530][132.036s][debug][gc,humongous      ] GC(421) Humongous region 1688 (object size 1048592 @ 0x00000000e9800000) remset 0 code roots 0 marked 0 pinned count 0 reclaim candidate 0 type array 1
[2024-10-26T03:19:29.311+0530][132.036s][debug][gc,humongous      ] GC(421) Humongous region 1844 (object size 1048592 @ 0x00000000f3400000) remset 0 code roots 0 marked 0 pinned count 0 reclaim candidate 0 type array 1
[2024-10-26T03:19:29.311+0530][132.036s][debug][gc,humongous      ] GC(421) Humongous region 2002 (object size 1048592 @ 0x00000000fd200000) remset 0 code roots 0 marked 0 pinned count 0 reclaim candidate 0 type array 1
[2024-10-26T03:19:29.311+0530][132.036s][debug][gc,humongous      ] GC(421) Humongous region 128 (object size 1048592 @ 0x0000000088000000) remset 0 code roots 0 marked 0 pinned count 0 reclaim candidate 0 type array 1
[2024-10-26T03:19:29.311+0530][132.037s][debug][gc,humongous      ] GC(421) Humongous region 430 (object size 1048592 @ 0x000000009ae00000) remset 0 code roots 0 marked 0 pinned count 0 reclaim candidate 0 type array 1
[2024-10-26T03:19:29.311+0530][132.037s][debug][gc,humongous      ] GC(421) Humongous region 586 (object size 1048592 @ 0x00000000a4a00000) remset 0 code roots 0 marked 0 pinned count 0 reclaim candidate 0 type array 1
[2024-10-26T03:19:29.311+0530][132.037s][debug][gc,humongous      ] GC(421) Humongous region 744 (object size 1048592 @ 0x00000000ae800000) remset 0 code roots 0 marked 0 pinned count 0 reclaim candidate 0 type array 1
[2024-10-26T03:19:29.311+0530][132.037s][debug][gc,humongous      ] GC(421) Humongous region 1060 (object size 1048592 @ 0x00000000c2400000) remset 0 code roots 0 marked 0 pinned count 0 reclaim candidate 0 type array 1
[2024-10-26T03:19:29.311+0530][132.037s][debug][gc,humongous      ] GC(421) Humongous region 902 (object size 1048592 @ 0x00000000b8600000) remset 0 code roots 0 marked 0 pinned count 0 reclaim candidate 0 type array 1
[2024-10-26T03:19:29.311+0530][132.037s][debug][gc,humongous      ] GC(421) Humongous region 274 (object size 1048592 @ 0x0000000091200000) remset 0 code roots 0 marked 0 pinned count 0 reclaim candidate 0 type array 1
[2024-10-26T03:19:29.312+0530][132.037s][debug][gc,humongous      ] GC(421) Humongous region 1216 (object size 1048592 @ 0x00000000cc000000) remset 0 code roots 0 marked 0 pinned count 0 reclaim candidate 0 type array 1
[2024-10-26T03:19:29.312+0530][132.037s][debug][gc,humongous      ] GC(421) Humongous region 1374 (object size 1048592 @ 0x00000000d5e00000) remset 0 code roots 0 marked 0 pinned count 0 reclaim candidate 0 type array 1
[2024-10-26T03:19:29.312+0530][132.037s][debug][gc,humongous      ] GC(421) Humongous region 1532 (object size 1048592 @ 0x00000000dfc00000) remset 0 code roots 0 marked 0 pinned count 0 reclaim candidate 0 type array 1
[2024-10-26T03:19:29.312+0530][132.037s][debug][gc,humongous      ] GC(421) Humongous region 1690 (object size 1048592 @ 0x00000000e9a00000) remset 0 code roots 0 marked 0 pinned count 0 reclaim candidate 0 type array 1
[2024-10-26T03:19:29.312+0530][132.037s][debug][gc,humongous      ] GC(421) Humongous region 1846 (object size 1048592 @ 0x00000000f3600000) remset 0 code roots 0 marked 0 pinned count 0 reclaim candidate 0 type array 1
[2024-10-26T03:19:29.312+0530][132.037s][debug][gc,humongous      ] GC(421) Humongous region 2004 (object size 1048592 @ 0x00000000fd400000) remset 0 code roots 0 marked 0 pinned count 0 reclaim candidate 0 type array 1
[2024-10-26T03:19:29.312+0530][132.037s][debug][gc,humongous      ] GC(421) Humongous region 130 (object size 1048592 @ 0x0000000088200000) remset 0 code roots 0 marked 0 pinned count 0 reclaim candidate 0 type array 1
[2024-10-26T03:19:29.312+0530][132.037s][debug][gc,humongous      ] GC(421) Humongous region 432 (object size 1048592 @ 0x000000009b000000) remset 0 code roots 0 marked 0 pinned count 0 reclaim candidate 0 type array 1
[2024-10-26T03:19:29.312+0530][132.037s][debug][gc,humongous      ] GC(421) Humongous region 588 (object size 1048592 @ 0x00000000a4c00000) remset 0 code roots 0 marked 0 pinned count 0 reclaim candidate 0 type array 1
[2024-10-26T03:19:29.312+0530][132.037s][debug][gc,humongous      ] GC(421) Humongous region 746 (object size 1048592 @ 0x00000000aea00000) remset 0 code roots 0 marked 0 pinned count 0 reclaim candidate 0 type array 1
[2024-10-26T03:19:29.312+0530][132.037s][debug][gc,humongous      ] GC(421) Humongous region 1062 (object size 1048592 @ 0x00000000c2600000) remset 0 code roots 0 marked 0 pinned count 0 reclaim candidate 0 type array 1
[2024-10-26T03:19:29.312+0530][132.037s][debug][gc,humongous      ] GC(421) Humongous region 904 (object size 1048592 @ 0x00000000b8800000) remset 0 code roots 0 marked 0 pinned count 0 reclaim candidate 0 type array 1
[2024-10-26T03:19:29.312+0530][132.037s][debug][gc,humongous      ] GC(421) Humongous region 276 (object size 1048592 @ 0x0000000091400000) remset 0 code roots 0 marked 0 pinned count 0 reclaim candidate 0 type array 1
[2024-10-26T03:19:29.312+0530][132.037s][debug][gc,humongous      ] GC(421) Humongous region 1218 (object size 1048592 @ 0x00000000cc200000) remset 0 code roots 0 marked 0 pinned count 0 reclaim candidate 0 type array 1
[2024-10-26T03:19:29.312+0530][132.037s][debug][gc,humongous      ] GC(421) Humongous region 1376 (object size 1048592 @ 0x00000000d6000000) remset 0 code roots 0 marked 0 pinned count 0 reclaim candidate 0 type array 1
[2024-10-26T03:19:29.312+0530][132.037s][debug][gc,humongous      ] GC(421) Humongous region 1534 (object size 1048592 @ 0x00000000dfe00000) remset 0 code roots 0 marked 0 pinned count 0 reclaim candidate 0 type array 1
[2024-10-26T03:19:29.312+0530][132.037s][debug][gc,humongous      ] GC(421) Humongous region 1692 (object size 1048592 @ 0x00000000e9c00000) remset 0 code roots 0 marked 0 pinned count 0 reclaim candidate 0 type array 1
[2024-10-26T03:19:29.312+0530][132.037s][debug][gc,humongous      ] GC(421) Humongous region 1848 (object size 1048592 @ 0x00000000f3800000) remset 0 code roots 0 marked 0 pinned count 0 reclaim candidate 0 type array 1
[2024-10-26T03:19:29.312+0530][132.037s][debug][gc,humongous      ] GC(421) Humongous region 2006 (object size 1048592 @ 0x00000000fd600000) remset 0 code roots 0 marked 0 pinned count 0 reclaim candidate 0 type array 1
[2024-10-26T03:19:29.312+0530][132.037s][debug][gc,humongous      ] GC(421) Humongous region 132 (object size 1048592 @ 0x0000000088400000) remset 0 code roots 0 marked 0 pinned count 0 reclaim candidate 0 type array 1
[2024-10-26T03:19:29.312+0530][132.037s][debug][gc,humongous      ] GC(421) Humongous region 434 (object size 1048592 @ 0x000000009b200000) remset 0 code roots 0 marked 0 pinned count 0 reclaim candidate 0 type array 1
[2024-10-26T03:19:29.312+0530][132.037s][debug][gc,humongous      ] GC(421) Humongous region 590 (object size 1048592 @ 0x00000000a4e00000) remset 0 code roots 0 marked 0 pinned count 0 reclaim candidate 0 type array 1
[2024-10-26T03:19:29.312+0530][132.037s][debug][gc,humongous      ] GC(421) Humongous region 748 (object size 1048592 @ 0x00000000aec00000) remset 0 code roots 0 marked 0 pinned count 0 reclaim candidate 0 type array 1
[2024-10-26T03:19:29.312+0530][132.037s][debug][gc,humongous      ] GC(421) Humongous region 1064 (object size 1048592 @ 0x00000000c2800000) remset 0 code roots 0 marked 0 pinned count 0 reclaim candidate 0 type array 1
[2024-10-26T03:19:29.312+0530][132.037s][debug][gc,humongous      ] GC(421) Humongous region 906 (object size 1048592 @ 0x00000000b8a00000) remset 0 code roots 0 marked 0 pinned count 0 reclaim candidate 0 type array 1
[2024-10-26T03:19:29.312+0530][132.037s][debug][gc,humongous      ] GC(421) Humongous region 278 (object size 1048592 @ 0x0000000091600000) remset 0 code roots 0 marked 0 pinned count 0 reclaim candidate 0 type array 1
[2024-10-26T03:19:29.312+0530][132.037s][debug][gc,humongous      ] GC(421) Humongous region 1220 (object size 1048592 @ 0x00000000cc400000) remset 0 code roots 0 marked 0 pinned count 0 reclaim candidate 0 type array 1
[2024-10-26T03:19:29.312+0530][132.037s][debug][gc,humongous      ] GC(421) Humongous region 1378 (object size 1048592 @ 0x00000000d6200000) remset 0 code roots 0 marked 0 pinned count 0 reclaim candidate 0 type array 1
[2024-10-26T03:19:29.312+0530][132.037s][debug][gc,humongous      ] GC(421) Humongous region 1536 (object size 1048592 @ 0x00000000e0000000) remset 0 code roots 0 marked 0 pinned count 0 reclaim candidate 0 type array 1
[2024-10-26T03:19:29.312+0530][132.037s][debug][gc,humongous      ] GC(421) Humongous region 1694 (object size 1048592 @ 0x00000000e9e00000) remset 0 code roots 0 marked 0 pinned count 0 reclaim candidate 0 type array 1
[2024-10-26T03:19:29.312+0530][132.037s][debug][gc,humongous      ] GC(421) Humongous region 1850 (object size 1048592 @ 0x00000000f3a00000) remset 0 code roots 0 marked 0 pinned count 0 reclaim candidate 0 type array 1
[2024-10-26T03:19:29.312+0530][132.037s][debug][gc,humongous      ] GC(421) Humongous region 2008 (object size 1048592 @ 0x00000000fd800000) remset 0 code roots 0 marked 0 pinned count 0 reclaim candidate 0 type array 1
[2024-10-26T03:19:29.312+0530][132.038s][debug][gc,humongous      ] GC(421) Humongous region 134 (object size 1048592 @ 0x0000000088600000) remset 0 code roots 0 marked 0 pinned count 0 reclaim candidate 0 type array 1
[2024-10-26T03:19:29.312+0530][132.038s][debug][gc,humongous      ] GC(421) Humongous region 436 (object size 1048592 @ 0x000000009b400000) remset 0 code roots 0 marked 0 pinned count 0 reclaim candidate 0 type array 1
[2024-10-26T03:19:29.312+0530][132.038s][debug][gc,humongous      ] GC(421) Humongous region 592 (object size 1048592 @ 0x00000000a5000000) remset 0 code roots 0 marked 0 pinned count 0 reclaim candidate 0 type array 1
[2024-10-26T03:19:29.313+0530][132.038s][debug][gc,humongous      ] GC(421) Humongous region 750 (object size 1048592 @ 0x00000000aee00000) remset 0 code roots 0 marked 0 pinned count 0 reclaim candidate 0 type array 1
[2024-10-26T03:19:29.313+0530][132.038s][debug][gc,humongous      ] GC(421) Humongous region 1066 (object size 1048592 @ 0x00000000c2a00000) remset 0 code roots 0 marked 0 pinned count 0 reclaim candidate 0 type array 1
[2024-10-26T03:19:29.313+0530][132.038s][debug][gc,humongous      ] GC(421) Humongous region 908 (object size 1048592 @ 0x00000000b8c00000) remset 0 code roots 0 marked 0 pinned count 0 reclaim candidate 0 type array 1
[2024-10-26T03:19:29.313+0530][132.038s][debug][gc,humongous      ] GC(421) Humongous region 280 (object size 1048592 @ 0x0000000091800000) remset 0 code roots 0 marked 0 pinned count 0 reclaim candidate 0 type array 1
[2024-10-26T03:19:29.313+0530][132.038s][debug][gc,humongous      ] GC(421) Humongous region 1222 (object size 1048592 @ 0x00000000cc600000) remset 0 code roots 0 marked 0 pinned count 0 reclaim candidate 0 type array 1
[2024-10-26T03:19:29.313+0530][132.038s][debug][gc,humongous      ] GC(421) Humongous region 1380 (object size 1048592 @ 0x00000000d6400000) remset 0 code roots 0 marked 0 pinned count 0 reclaim candidate 0 type array 1
[2024-10-26T03:19:29.313+0530][132.038s][debug][gc,humongous      ] GC(421) Humongous region 1538 (object size 1048592 @ 0x00000000e0200000) remset 0 code roots 0 marked 0 pinned count 0 reclaim candidate 0 type array 1
[2024-10-26T03:19:29.313+0530][132.038s][debug][gc,humongous      ] GC(421) Humongous region 1696 (object size 1048592 @ 0x00000000ea000000) remset 0 code roots 0 marked 0 pinned count 0 reclaim candidate 0 type array 1
[2024-10-26T03:19:29.313+0530][132.038s][debug][gc,humongous      ] GC(421) Humongous region 1852 (object size 1048592 @ 0x00000000f3c00000) remset 0 code roots 0 marked 0 pinned count 0 reclaim candidate 0 type array 1
[2024-10-26T03:19:29.313+0530][132.038s][debug][gc,humongous      ] GC(421) Humongous region 2010 (object size 1048592 @ 0x00000000fda00000) remset 0 code roots 0 marked 0 pinned count 0 reclaim candidate 0 type array 1
[2024-10-26T03:19:29.313+0530][132.038s][debug][gc,humongous      ] GC(421) Humongous region 136 (object size 1048592 @ 0x0000000088800000) remset 0 code roots 0 marked 0 pinned count 0 reclaim candidate 0 type array 1
[2024-10-26T03:19:29.313+0530][132.038s][debug][gc,humongous      ] GC(421) Humongous region 438 (object size 1048592 @ 0x000000009b600000) remset 0 code roots 0 marked 0 pinned count 0 reclaim candidate 0 type array 1
[2024-10-26T03:19:29.313+0530][132.038s][debug][gc,humongous      ] GC(421) Humongous region 594 (object size 1048592 @ 0x00000000a5200000) remset 0 code roots 0 marked 0 pinned count 0 reclaim candidate 0 type array 1
[2024-10-26T03:19:29.313+0530][132.038s][debug][gc,humongous      ] GC(421) Humongous region 752 (object size 1048592 @ 0x00000000af000000) remset 0 code roots 0 marked 0 pinned count 0 reclaim candidate 0 type array 1
[2024-10-26T03:19:29.313+0530][132.038s][debug][gc,humongous      ] GC(421) Humongous region 1068 (object size 1048592 @ 0x00000000c2c00000) remset 0 code roots 0 marked 0 pinned count 0 reclaim candidate 0 type array 1
[2024-10-26T03:19:29.313+0530][132.038s][debug][gc,humongous      ] GC(421) Humongous region 910 (object size 1048592 @ 0x00000000b8e00000) remset 0 code roots 0 marked 0 pinned count 0 reclaim candidate 0 type array 1
[2024-10-26T03:19:29.313+0530][132.038s][debug][gc,humongous      ] GC(421) Humongous region 282 (object size 1048592 @ 0x0000000091a00000) remset 0 code roots 0 marked 0 pinned count 0 reclaim candidate 0 type array 1
[2024-10-26T03:19:29.313+0530][132.038s][debug][gc,humongous      ] GC(421) Humongous region 1224 (object size 1048592 @ 0x00000000cc800000) remset 0 code roots 0 marked 0 pinned count 0 reclaim candidate 0 type array 1
[2024-10-26T03:19:29.313+0530][132.038s][debug][gc,humongous      ] GC(421) Humongous region 1382 (object size 1048592 @ 0x00000000d6600000) remset 0 code roots 0 marked 0 pinned count 0 reclaim candidate 0 type array 1
[2024-10-26T03:19:29.313+0530][132.038s][debug][gc,humongous      ] GC(421) Humongous region 1540 (object size 1048592 @ 0x00000000e0400000) remset 0 code roots 0 marked 0 pinned count 0 reclaim candidate 0 type array 1
[2024-10-26T03:19:29.313+0530][132.038s][debug][gc,humongous      ] GC(421) Humongous region 1698 (object size 1048592 @ 0x00000000ea200000) remset 0 code roots 0 marked 0 pinned count 0 reclaim candidate 0 type array 1
[2024-10-26T03:19:29.313+0530][132.038s][debug][gc,humongous      ] GC(421) Humongous region 1854 (object size 1048592 @ 0x00000000f3e00000) remset 0 code roots 0 marked 0 pinned count 0 reclaim candidate 0 type array 1
[2024-10-26T03:19:29.313+0530][132.038s][debug][gc,humongous      ] GC(421) Humongous region 2012 (object size 1048592 @ 0x00000000fdc00000) remset 0 code roots 0 marked 0 pinned count 0 reclaim candidate 0 type array 1
[2024-10-26T03:19:29.313+0530][132.038s][debug][gc,humongous      ] GC(421) Humongous region 138 (object size 1048592 @ 0x0000000088a00000) remset 0 code roots 0 marked 0 pinned count 0 reclaim candidate 0 type array 1
[2024-10-26T03:19:29.313+0530][132.038s][debug][gc,humongous      ] GC(421) Humongous region 440 (object size 1048592 @ 0x000000009b800000) remset 0 code roots 0 marked 0 pinned count 0 reclaim candidate 0 type array 1
[2024-10-26T03:19:29.313+0530][132.038s][debug][gc,humongous      ] GC(421) Humongous region 596 (object size 1048592 @ 0x00000000a5400000) remset 0 code roots 0 marked 0 pinned count 0 reclaim candidate 0 type array 1
[2024-10-26T03:19:29.313+0530][132.038s][debug][gc,humongous      ] GC(421) Humongous region 754 (object size 1048592 @ 0x00000000af200000) remset 0 code roots 0 marked 0 pinned count 0 reclaim candidate 0 type array 1
[2024-10-26T03:19:29.313+0530][132.038s][debug][gc,humongous      ] GC(421) Humongous region 1070 (object size 1048592 @ 0x00000000c2e00000) remset 0 code roots 0 marked 0 pinned count 0 reclaim candidate 0 type array 1
[2024-10-26T03:19:29.313+0530][132.038s][debug][gc,humongous      ] GC(421) Humongous region 912 (object size 1048592 @ 0x00000000b9000000) remset 0 code roots 0 marked 0 pinned count 0 reclaim candidate 0 type array 1
[2024-10-26T03:19:29.313+0530][132.038s][debug][gc,humongous      ] GC(421) Humongous region 284 (object size 1048592 @ 0x0000000091c00000) remset 0 code roots 0 marked 0 pinned count 0 reclaim candidate 0 type array 1
[2024-10-26T03:19:29.313+0530][132.038s][debug][gc,humongous      ] GC(421) Humongous region 1226 (object size 1048592 @ 0x00000000cca00000) remset 0 code roots 0 marked 0 pinned count 0 reclaim candidate 0 type array 1
[2024-10-26T03:19:29.313+0530][132.038s][debug][gc,humongous      ] GC(421) Humongous region 1384 (object size 1048592 @ 0x00000000d6800000) remset 0 code roots 0 marked 0 pinned count 0 reclaim candidate 0 type array 1
[2024-10-26T03:19:29.313+0530][132.038s][debug][gc,humongous      ] GC(421) Humongous region 1542 (object size 1048592 @ 0x00000000e0600000) remset 0 code roots 0 marked 0 pinned count 0 reclaim candidate 0 type array 1
[2024-10-26T03:19:29.313+0530][132.038s][debug][gc,humongous      ] GC(421) Humongous region 1700 (object size 1048592 @ 0x00000000ea400000) remset 0 code roots 0 marked 0 pinned count 0 reclaim candidate 0 type array 1
[2024-10-26T03:19:29.313+0530][132.038s][debug][gc,humongous      ] GC(421) Humongous region 1856 (object size 1048592 @ 0x00000000f4000000) remset 0 code roots 0 marked 0 pinned count 0 reclaim candidate 0 type array 1
[2024-10-26T03:19:29.313+0530][132.038s][debug][gc,humongous      ] GC(421) Humongous region 2014 (object size 1048592 @ 0x00000000fde00000) remset 0 code roots 0 marked 0 pinned count 0 reclaim candidate 0 type array 1
[2024-10-26T03:19:29.313+0530][132.038s][debug][gc,humongous      ] GC(421) Humongous region 140 (object size 1048592 @ 0x0000000088c00000) remset 0 code roots 0 marked 0 pinned count 0 reclaim candidate 0 type array 1
[2024-10-26T03:19:29.313+0530][132.038s][debug][gc,humongous      ] GC(421) Humongous region 442 (object size 1048592 @ 0x000000009ba00000) remset 0 code roots 0 marked 0 pinned count 0 reclaim candidate 0 type array 1
[2024-10-26T03:19:29.313+0530][132.038s][debug][gc,humongous      ] GC(421) Humongous region 598 (object size 1048592 @ 0x00000000a5600000) remset 0 code roots 0 marked 0 pinned count 0 reclaim candidate 0 type array 1
[2024-10-26T03:19:29.313+0530][132.038s][debug][gc,humongous      ] GC(421) Humongous region 756 (object size 1048592 @ 0x00000000af400000) remset 0 code roots 0 marked 0 pinned count 0 reclaim candidate 0 type array 1
[2024-10-26T03:19:29.313+0530][132.039s][debug][gc,humongous      ] GC(421) Humongous region 1072 (object size 1048592 @ 0x00000000c3000000) remset 0 code roots 0 marked 0 pinned count 0 reclaim candidate 0 type array 1
[2024-10-26T03:19:29.313+0530][132.039s][debug][gc,humongous      ] GC(421) Humongous region 914 (object size 1048592 @ 0x00000000b9200000) remset 0 code roots 0 marked 0 pinned count 0 reclaim candidate 0 type array 1
[2024-10-26T03:19:29.313+0530][132.039s][debug][gc,humongous      ] GC(421) Humongous region 286 (object size 1048592 @ 0x0000000091e00000) remset 0 code roots 0 marked 0 pinned count 0 reclaim candidate 0 type array 1
[2024-10-26T03:19:29.314+0530][132.039s][debug][gc,humongous      ] GC(421) Humongous region 1228 (object size 1048592 @ 0x00000000ccc00000) remset 0 code roots 0 marked 0 pinned count 0 reclaim candidate 0 type array 1
[2024-10-26T03:19:29.314+0530][132.039s][debug][gc,humongous      ] GC(421) Humongous region 1386 (object size 1048592 @ 0x00000000d6a00000) remset 0 code roots 0 marked 0 pinned count 0 reclaim candidate 0 type array 1
[2024-10-26T03:19:29.314+0530][132.039s][debug][gc,humongous      ] GC(421) Humongous region 1544 (object size 1048592 @ 0x00000000e0800000) remset 0 code roots 0 marked 0 pinned count 0 reclaim candidate 0 type array 1
[2024-10-26T03:19:29.314+0530][132.039s][debug][gc,humongous      ] GC(421) Humongous region 1702 (object size 1048592 @ 0x00000000ea600000) remset 0 code roots 0 marked 0 pinned count 0 reclaim candidate 0 type array 1
[2024-10-26T03:19:29.314+0530][132.039s][debug][gc,humongous      ] GC(421) Humongous region 1858 (object size 1048592 @ 0x00000000f4200000) remset 0 code roots 0 marked 0 pinned count 0 reclaim candidate 0 type array 1
[2024-10-26T03:19:29.314+0530][132.039s][debug][gc,humongous      ] GC(421) Humongous region 2016 (object size 1048592 @ 0x00000000fe000000) remset 0 code roots 0 marked 0 pinned count 0 reclaim candidate 0 type array 1
[2024-10-26T03:19:29.314+0530][132.039s][debug][gc,humongous      ] GC(421) Humongous region 142 (object size 1048592 @ 0x0000000088e00000) remset 0 code roots 0 marked 0 pinned count 0 reclaim candidate 0 type array 1
[2024-10-26T03:19:29.314+0530][132.039s][debug][gc,humongous      ] GC(421) Humongous region 444 (object size 1048592 @ 0x000000009bc00000) remset 0 code roots 0 marked 0 pinned count 0 reclaim candidate 0 type array 1
[2024-10-26T03:19:29.314+0530][132.039s][debug][gc,humongous      ] GC(421) Humongous region 600 (object size 1048592 @ 0x00000000a5800000) remset 0 code roots 0 marked 0 pinned count 0 reclaim candidate 0 type array 1
[2024-10-26T03:19:29.314+0530][132.039s][debug][gc,humongous      ] GC(421) Humongous region 758 (object size 1048592 @ 0x00000000af600000) remset 0 code roots 0 marked 0 pinned count 0 reclaim candidate 0 type array 1
[2024-10-26T03:19:29.314+0530][132.039s][debug][gc,humongous      ] GC(421) Humongous region 1074 (object size 1048592 @ 0x00000000c3200000) remset 0 code roots 0 marked 0 pinned count 0 reclaim candidate 0 type array 1
[2024-10-26T03:19:29.314+0530][132.039s][debug][gc,humongous      ] GC(421) Humongous region 916 (object size 1048592 @ 0x00000000b9400000) remset 0 code roots 0 marked 0 pinned count 0 reclaim candidate 0 type array 1
[2024-10-26T03:19:29.314+0530][132.039s][debug][gc,humongous      ] GC(421) Humongous region 288 (object size 1048592 @ 0x0000000092000000) remset 0 code roots 0 marked 0 pinned count 0 reclaim candidate 0 type array 1
[2024-10-26T03:19:29.314+0530][132.039s][debug][gc,humongous      ] GC(421) Humongous region 1230 (object size 1048592 @ 0x00000000cce00000) remset 0 code roots 0 marked 0 pinned count 0 reclaim candidate 0 type array 1
[2024-10-26T03:19:29.314+0530][132.039s][debug][gc,humongous      ] GC(421) Humongous region 1388 (object size 1048592 @ 0x00000000d6c00000) remset 0 code roots 0 marked 0 pinned count 0 reclaim candidate 0 type array 1
[2024-10-26T03:19:29.314+0530][132.039s][debug][gc,humongous      ] GC(421) Humongous region 1546 (object size 1048592 @ 0x00000000e0a00000) remset 0 code roots 0 marked 0 pinned count 0 reclaim candidate 0 type array 1
[2024-10-26T03:19:29.314+0530][132.039s][debug][gc,humongous      ] GC(421) Humongous region 1704 (object size 1048592 @ 0x00000000ea800000) remset 0 code roots 0 marked 0 pinned count 0 reclaim candidate 0 type array 1
[2024-10-26T03:19:29.314+0530][132.039s][debug][gc,humongous      ] GC(421) Humongous region 1860 (object size 1048592 @ 0x00000000f4400000) remset 0 code roots 0 marked 0 pinned count 0 reclaim candidate 0 type array 1
[2024-10-26T03:19:29.314+0530][132.039s][debug][gc,humongous      ] GC(421) Humongous region 2018 (object size 1048592 @ 0x00000000fe200000) remset 0 code roots 0 marked 0 pinned count 0 reclaim candidate 0 type array 1
[2024-10-26T03:19:29.314+0530][132.039s][debug][gc,humongous      ] GC(421) Humongous region 144 (object size 1048592 @ 0x0000000089000000) remset 0 code roots 0 marked 0 pinned count 0 reclaim candidate 0 type array 1
[2024-10-26T03:19:29.314+0530][132.039s][debug][gc,humongous      ] GC(421) Humongous region 446 (object size 1048592 @ 0x000000009be00000) remset 0 code roots 0 marked 0 pinned count 0 reclaim candidate 0 type array 1
[2024-10-26T03:19:29.314+0530][132.039s][debug][gc,humongous      ] GC(421) Humongous region 602 (object size 1048592 @ 0x00000000a5a00000) remset 0 code roots 0 marked 0 pinned count 0 reclaim candidate 0 type array 1
[2024-10-26T03:19:29.314+0530][132.039s][debug][gc,humongous      ] GC(421) Humongous region 760 (object size 1048592 @ 0x00000000af800000) remset 0 code roots 0 marked 0 pinned count 0 reclaim candidate 0 type array 1
[2024-10-26T03:19:29.314+0530][132.039s][debug][gc,humongous      ] GC(421) Humongous region 1076 (object size 1048592 @ 0x00000000c3400000) remset 0 code roots 0 marked 0 pinned count 0 reclaim candidate 0 type array 1
[2024-10-26T03:19:29.314+0530][132.039s][debug][gc,humongous      ] GC(421) Humongous region 918 (object size 1048592 @ 0x00000000b9600000) remset 0 code roots 0 marked 0 pinned count 0 reclaim candidate 0 type array 1
[2024-10-26T03:19:29.314+0530][132.039s][debug][gc,humongous      ] GC(421) Humongous region 290 (object size 1048592 @ 0x0000000092200000) remset 0 code roots 0 marked 0 pinned count 0 reclaim candidate 0 type array 1
[2024-10-26T03:19:29.314+0530][132.039s][debug][gc,humongous      ] GC(421) Humongous region 1232 (object size 1048592 @ 0x00000000cd000000) remset 0 code roots 0 marked 0 pinned count 0 reclaim candidate 0 type array 1
[2024-10-26T03:19:29.314+0530][132.039s][debug][gc,humongous      ] GC(421) Humongous region 1390 (object size 1048592 @ 0x00000000d6e00000) remset 0 code roots 0 marked 0 pinned count 0 reclaim candidate 0 type array 1
[2024-10-26T03:19:29.314+0530][132.039s][debug][gc,humongous      ] GC(421) Humongous region 1548 (object size 1048592 @ 0x00000000e0c00000) remset 0 code roots 0 marked 0 pinned count 0 reclaim candidate 0 type array 1
[2024-10-26T03:19:29.314+0530][132.039s][debug][gc,humongous      ] GC(421) Humongous region 1706 (object size 1048592 @ 0x00000000eaa00000) remset 0 code roots 0 marked 0 pinned count 0 reclaim candidate 0 type array 1
[2024-10-26T03:19:29.314+0530][132.039s][debug][gc,humongous      ] GC(421) Humongous region 1862 (object size 1048592 @ 0x00000000f4600000) remset 0 code roots 0 marked 0 pinned count 0 reclaim candidate 0 type array 1
[2024-10-26T03:19:29.314+0530][132.039s][debug][gc,humongous      ] GC(421) Humongous region 2020 (object size 1048592 @ 0x00000000fe400000) remset 0 code roots 0 marked 0 pinned count 0 reclaim candidate 0 type array 1
[2024-10-26T03:19:29.314+0530][132.039s][debug][gc,humongous      ] GC(421) Humongous region 146 (object size 1048592 @ 0x0000000089200000) remset 0 code roots 0 marked 0 pinned count 0 reclaim candidate 0 type array 1
[2024-10-26T03:19:29.314+0530][132.039s][debug][gc,humongous      ] GC(421) Humongous region 448 (object size 1048592 @ 0x000000009c000000) remset 0 code roots 0 marked 0 pinned count 0 reclaim candidate 0 type array 1
[2024-10-26T03:19:29.314+0530][132.039s][debug][gc,humongous      ] GC(421) Humongous region 604 (object size 1048592 @ 0x00000000a5c00000) remset 0 code roots 0 marked 0 pinned count 0 reclaim candidate 0 type array 1
[2024-10-26T03:19:29.314+0530][132.039s][debug][gc,humongous      ] GC(421) Humongous region 762 (object size 1048592 @ 0x00000000afa00000) remset 0 code roots 0 marked 0 pinned count 0 reclaim candidate 0 type array 1
[2024-10-26T03:19:29.314+0530][132.039s][debug][gc,humongous      ] GC(421) Humongous region 1078 (object size 1048592 @ 0x00000000c3600000) remset 0 code roots 0 marked 0 pinned count 0 reclaim candidate 0 type array 1
[2024-10-26T03:19:29.314+0530][132.039s][debug][gc,humongous      ] GC(421) Humongous region 920 (object size 1048592 @ 0x00000000b9800000) remset 0 code roots 0 marked 0 pinned count 0 reclaim candidate 0 type array 1
[2024-10-26T03:19:29.314+0530][132.039s][debug][gc,humongous      ] GC(421) Humongous region 292 (object size 1048592 @ 0x0000000092400000) remset 0 code roots 0 marked 0 pinned count 0 reclaim candidate 0 type array 1
[2024-10-26T03:19:29.314+0530][132.039s][debug][gc,humongous      ] GC(421) Humongous region 1234 (object size 1048592 @ 0x00000000cd200000) remset 0 code roots 0 marked 0 pinned count 0 reclaim candidate 0 type array 1
[2024-10-26T03:19:29.314+0530][132.040s][debug][gc,humongous      ] GC(421) Humongous region 1392 (object size 1048592 @ 0x00000000d7000000) remset 0 code roots 0 marked 0 pinned count 0 reclaim candidate 0 type array 1
[2024-10-26T03:19:29.314+0530][132.040s][debug][gc,humongous      ] GC(421) Humongous region 1550 (object size 1048592 @ 0x00000000e0e00000) remset 0 code roots 0 marked 0 pinned count 0 reclaim candidate 0 type array 1
[2024-10-26T03:19:29.315+0530][132.040s][debug][gc,humongous      ] GC(421) Humongous region 1708 (object size 1048592 @ 0x00000000eac00000) remset 0 code roots 0 marked 0 pinned count 0 reclaim candidate 0 type array 1
[2024-10-26T03:19:29.315+0530][132.040s][debug][gc,humongous      ] GC(421) Humongous region 1864 (object size 1048592 @ 0x00000000f4800000) remset 0 code roots 0 marked 0 pinned count 0 reclaim candidate 0 type array 1
[2024-10-26T03:19:29.315+0530][132.040s][debug][gc,humongous      ] GC(421) Humongous region 2022 (object size 1048592 @ 0x00000000fe600000) remset 0 code roots 0 marked 0 pinned count 0 reclaim candidate 0 type array 1
[2024-10-26T03:19:29.315+0530][132.040s][debug][gc,humongous      ] GC(421) Humongous region 148 (object size 1048592 @ 0x0000000089400000) remset 0 code roots 0 marked 0 pinned count 0 reclaim candidate 0 type array 1
[2024-10-26T03:19:29.315+0530][132.040s][debug][gc,humongous      ] GC(421) Humongous region 450 (object size 1048592 @ 0x000000009c200000) remset 0 code roots 0 marked 0 pinned count 0 reclaim candidate 0 type array 1
[2024-10-26T03:19:29.315+0530][132.040s][debug][gc,humongous      ] GC(421) Humongous region 606 (object size 1048592 @ 0x00000000a5e00000) remset 0 code roots 0 marked 0 pinned count 0 reclaim candidate 0 type array 1
[2024-10-26T03:19:29.315+0530][132.040s][debug][gc,humongous      ] GC(421) Humongous region 764 (object size 1048592 @ 0x00000000afc00000) remset 0 code roots 0 marked 0 pinned count 0 reclaim candidate 0 type array 1
[2024-10-26T03:19:29.315+0530][132.040s][debug][gc,humongous      ] GC(421) Humongous region 1080 (object size 1048592 @ 0x00000000c3800000) remset 0 code roots 0 marked 0 pinned count 0 reclaim candidate 0 type array 1
[2024-10-26T03:19:29.315+0530][132.040s][debug][gc,humongous      ] GC(421) Humongous region 922 (object size 1048592 @ 0x00000000b9a00000) remset 0 code roots 0 marked 0 pinned count 0 reclaim candidate 0 type array 1
[2024-10-26T03:19:29.315+0530][132.040s][debug][gc,humongous      ] GC(421) Humongous region 294 (object size 1048592 @ 0x0000000092600000) remset 0 code roots 0 marked 0 pinned count 0 reclaim candidate 0 type array 1
[2024-10-26T03:19:29.315+0530][132.040s][debug][gc,humongous      ] GC(421) Humongous region 1236 (object size 1048592 @ 0x00000000cd400000) remset 0 code roots 0 marked 0 pinned count 0 reclaim candidate 0 type array 1
[2024-10-26T03:19:29.315+0530][132.040s][debug][gc,humongous      ] GC(421) Humongous region 1394 (object size 1048592 @ 0x00000000d7200000) remset 0 code roots 0 marked 0 pinned count 0 reclaim candidate 0 type array 1
[2024-10-26T03:19:29.315+0530][132.040s][debug][gc,humongous      ] GC(421) Humongous region 1552 (object size 1048592 @ 0x00000000e1000000) remset 0 code roots 0 marked 0 pinned count 0 reclaim candidate 0 type array 1
[2024-10-26T03:19:29.315+0530][132.040s][debug][gc,humongous      ] GC(421) Humongous region 1710 (object size 1048592 @ 0x00000000eae00000) remset 0 code roots 0 marked 0 pinned count 0 reclaim candidate 0 type array 1
[2024-10-26T03:19:29.315+0530][132.040s][debug][gc,humongous      ] GC(421) Humongous region 1866 (object size 1048592 @ 0x00000000f4a00000) remset 0 code roots 0 marked 0 pinned count 0 reclaim candidate 0 type array 1
[2024-10-26T03:19:29.315+0530][132.040s][debug][gc,humongous      ] GC(421) Humongous region 2024 (object size 1048592 @ 0x00000000fe800000) remset 0 code roots 0 marked 0 pinned count 0 reclaim candidate 0 type array 1
[2024-10-26T03:19:29.315+0530][132.040s][debug][gc,humongous      ] GC(421) Humongous region 150 (object size 1048592 @ 0x0000000089600000) remset 0 code roots 0 marked 0 pinned count 0 reclaim candidate 0 type array 1
[2024-10-26T03:19:29.315+0530][132.040s][debug][gc,humongous      ] GC(421) Humongous region 452 (object size 1048592 @ 0x000000009c400000) remset 0 code roots 0 marked 0 pinned count 0 reclaim candidate 0 type array 1
[2024-10-26T03:19:29.315+0530][132.040s][debug][gc,humongous      ] GC(421) Humongous region 608 (object size 1048592 @ 0x00000000a6000000) remset 0 code roots 0 marked 0 pinned count 0 reclaim candidate 0 type array 1
[2024-10-26T03:19:29.315+0530][132.040s][debug][gc,humongous      ] GC(421) Humongous region 766 (object size 1048592 @ 0x00000000afe00000) remset 0 code roots 0 marked 0 pinned count 0 reclaim candidate 0 type array 1
[2024-10-26T03:19:29.315+0530][132.040s][debug][gc,humongous      ] GC(421) Humongous region 1082 (object size 1048592 @ 0x00000000c3a00000) remset 0 code roots 0 marked 0 pinned count 0 reclaim candidate 0 type array 1
[2024-10-26T03:19:29.315+0530][132.040s][debug][gc,humongous      ] GC(421) Humongous region 924 (object size 1048592 @ 0x00000000b9c00000) remset 0 code roots 0 marked 0 pinned count 0 reclaim candidate 0 type array 1
[2024-10-26T03:19:29.315+0530][132.040s][debug][gc,humongous      ] GC(421) Humongous region 296 (object size 1048592 @ 0x0000000092800000) remset 0 code roots 0 marked 0 pinned count 0 reclaim candidate 0 type array 1
[2024-10-26T03:19:29.315+0530][132.040s][debug][gc,humongous      ] GC(421) Humongous region 1238 (object size 1048592 @ 0x00000000cd600000) remset 0 code roots 0 marked 0 pinned count 0 reclaim candidate 0 type array 1
[2024-10-26T03:19:29.315+0530][132.040s][debug][gc,humongous      ] GC(421) Humongous region 1396 (object size 1048592 @ 0x00000000d7400000) remset 0 code roots 0 marked 0 pinned count 0 reclaim candidate 0 type array 1
[2024-10-26T03:19:29.315+0530][132.040s][debug][gc,humongous      ] GC(421) Humongous region 1554 (object size 1048592 @ 0x00000000e1200000) remset 0 code roots 0 marked 0 pinned count 0 reclaim candidate 0 type array 1
[2024-10-26T03:19:29.315+0530][132.040s][debug][gc,humongous      ] GC(421) Humongous region 1712 (object size 1048592 @ 0x00000000eb000000) remset 0 code roots 0 marked 0 pinned count 0 reclaim candidate 0 type array 1
[2024-10-26T03:19:29.315+0530][132.040s][debug][gc,humongous      ] GC(421) Humongous region 1868 (object size 1048592 @ 0x00000000f4c00000) remset 0 code roots 0 marked 0 pinned count 0 reclaim candidate 0 type array 1
[2024-10-26T03:19:29.315+0530][132.040s][debug][gc,humongous      ] GC(421) Humongous region 2026 (object size 1048592 @ 0x00000000fea00000) remset 0 code roots 0 marked 0 pinned count 0 reclaim candidate 0 type array 1
[2024-10-26T03:19:29.315+0530][132.040s][debug][gc,humongous      ] GC(421) Humongous region 152 (object size 1048592 @ 0x0000000089800000) remset 0 code roots 0 marked 0 pinned count 0 reclaim candidate 0 type array 1
[2024-10-26T03:19:29.315+0530][132.040s][debug][gc,humongous      ] GC(421) Humongous region 454 (object size 1048592 @ 0x000000009c600000) remset 0 code roots 0 marked 0 pinned count 0 reclaim candidate 0 type array 1
[2024-10-26T03:19:29.315+0530][132.040s][debug][gc,humongous      ] GC(421) Humongous region 610 (object size 1048592 @ 0x00000000a6200000) remset 0 code roots 0 marked 0 pinned count 0 reclaim candidate 0 type array 1
[2024-10-26T03:19:29.315+0530][132.040s][debug][gc,humongous      ] GC(421) Humongous region 768 (object size 1048592 @ 0x00000000b0000000) remset 0 code roots 0 marked 0 pinned count 0 reclaim candidate 0 type array 1
[2024-10-26T03:19:29.315+0530][132.040s][debug][gc,humongous      ] GC(421) Humongous region 1084 (object size 1048592 @ 0x00000000c3c00000) remset 0 code roots 0 marked 0 pinned count 0 reclaim candidate 0 type array 1
[2024-10-26T03:19:29.315+0530][132.040s][debug][gc,humongous      ] GC(421) Humongous region 926 (object size 1048592 @ 0x00000000b9e00000) remset 0 code roots 0 marked 0 pinned count 0 reclaim candidate 0 type array 1
[2024-10-26T03:19:29.315+0530][132.040s][debug][gc,humongous      ] GC(421) Humongous region 298 (object size 1048592 @ 0x0000000092a00000) remset 0 code roots 0 marked 0 pinned count 0 reclaim candidate 0 type array 1
[2024-10-26T03:19:29.315+0530][132.040s][debug][gc,humongous      ] GC(421) Humongous region 1240 (object size 1048592 @ 0x00000000cd800000) remset 0 code roots 0 marked 0 pinned count 0 reclaim candidate 0 type array 1
[2024-10-26T03:19:29.315+0530][132.040s][debug][gc,humongous      ] GC(421) Humongous region 1398 (object size 1048592 @ 0x00000000d7600000) remset 0 code roots 0 marked 0 pinned count 0 reclaim candidate 0 type array 1
[2024-10-26T03:19:29.315+0530][132.040s][debug][gc,humongous      ] GC(421) Humongous region 1556 (object size 1048592 @ 0x00000000e1400000) remset 0 code roots 0 marked 0 pinned count 0 reclaim candidate 0 type array 1
[2024-10-26T03:19:29.315+0530][132.040s][debug][gc,humongous      ] GC(421) Humongous region 1714 (object size 1048592 @ 0x00000000eb200000) remset 0 code roots 0 marked 0 pinned count 0 reclaim candidate 0 type array 1
[2024-10-26T03:19:29.315+0530][132.041s][debug][gc,humongous      ] GC(421) Humongous region 1870 (object size 1048592 @ 0x00000000f4e00000) remset 0 code roots 0 marked 0 pinned count 0 reclaim candidate 0 type array 1
[2024-10-26T03:19:29.315+0530][132.041s][debug][gc,humongous      ] GC(421) Humongous region 2028 (object size 1048592 @ 0x00000000fec00000) remset 0 code roots 0 marked 0 pinned count 0 reclaim candidate 0 type array 1
[2024-10-26T03:19:29.316+0530][132.041s][debug][gc,humongous      ] GC(421) Humongous region 154 (object size 1048592 @ 0x0000000089a00000) remset 0 code roots 0 marked 0 pinned count 0 reclaim candidate 0 type array 1
[2024-10-26T03:19:29.316+0530][132.041s][debug][gc,humongous      ] GC(421) Humongous region 456 (object size 1048592 @ 0x000000009c800000) remset 0 code roots 0 marked 0 pinned count 0 reclaim candidate 0 type array 1
[2024-10-26T03:19:29.316+0530][132.041s][debug][gc,humongous      ] GC(421) Humongous region 612 (object size 1048592 @ 0x00000000a6400000) remset 0 code roots 0 marked 0 pinned count 0 reclaim candidate 0 type array 1
[2024-10-26T03:19:29.316+0530][132.041s][debug][gc,humongous      ] GC(421) Humongous region 770 (object size 1048592 @ 0x00000000b0200000) remset 0 code roots 0 marked 0 pinned count 0 reclaim candidate 0 type array 1
[2024-10-26T03:19:29.316+0530][132.041s][debug][gc,humongous      ] GC(421) Humongous region 1086 (object size 1048592 @ 0x00000000c3e00000) remset 0 code roots 0 marked 0 pinned count 0 reclaim candidate 0 type array 1
[2024-10-26T03:19:29.316+0530][132.041s][debug][gc,humongous      ] GC(421) Humongous region 928 (object size 1048592 @ 0x00000000ba000000) remset 0 code roots 0 marked 0 pinned count 0 reclaim candidate 0 type array 1
[2024-10-26T03:19:29.316+0530][132.041s][debug][gc,humongous      ] GC(421) Humongous region 300 (object size 1048592 @ 0x0000000092c00000) remset 0 code roots 0 marked 0 pinned count 0 reclaim candidate 0 type array 1
[2024-10-26T03:19:29.316+0530][132.041s][debug][gc,humongous      ] GC(421) Humongous region 1242 (object size 1048592 @ 0x00000000cda00000) remset 0 code roots 0 marked 0 pinned count 0 reclaim candidate 0 type array 1
[2024-10-26T03:19:29.316+0530][132.041s][debug][gc,humongous      ] GC(421) Humongous region 1400 (object size 1048592 @ 0x00000000d7800000) remset 0 code roots 0 marked 0 pinned count 0 reclaim candidate 0 type array 1
[2024-10-26T03:19:29.316+0530][132.041s][debug][gc,humongous      ] GC(421) Humongous region 1558 (object size 1048592 @ 0x00000000e1600000) remset 0 code roots 0 marked 0 pinned count 0 reclaim candidate 0 type array 1
[2024-10-26T03:19:29.316+0530][132.041s][debug][gc,humongous      ] GC(421) Humongous region 1716 (object size 1048592 @ 0x00000000eb400000) remset 0 code roots 0 marked 0 pinned count 0 reclaim candidate 0 type array 1
[2024-10-26T03:19:29.316+0530][132.041s][debug][gc,humongous      ] GC(421) Humongous region 1872 (object size 1048592 @ 0x00000000f5000000) remset 0 code roots 0 marked 0 pinned count 0 reclaim candidate 0 type array 1
[2024-10-26T03:19:29.316+0530][132.041s][debug][gc,humongous      ] GC(421) Humongous region 2030 (object size 1048592 @ 0x00000000fee00000) remset 0 code roots 0 marked 0 pinned count 0 reclaim candidate 0 type array 1
[2024-10-26T03:19:29.316+0530][132.041s][debug][gc,humongous      ] GC(421) Humongous region 156 (object size 1048592 @ 0x0000000089c00000) remset 0 code roots 0 marked 0 pinned count 0 reclaim candidate 0 type array 1
[2024-10-26T03:19:29.316+0530][132.041s][debug][gc,humongous      ] GC(421) Humongous region 458 (object size 1048592 @ 0x000000009ca00000) remset 0 code roots 0 marked 0 pinned count 0 reclaim candidate 0 type array 1
[2024-10-26T03:19:29.316+0530][132.041s][debug][gc,humongous      ] GC(421) Humongous region 614 (object size 1048592 @ 0x00000000a6600000) remset 0 code roots 0 marked 0 pinned count 0 reclaim candidate 0 type array 1
[2024-10-26T03:19:29.316+0530][132.041s][debug][gc,humongous      ] GC(421) Humongous region 772 (object size 1048592 @ 0x00000000b0400000) remset 0 code roots 0 marked 0 pinned count 0 reclaim candidate 0 type array 1
[2024-10-26T03:19:29.316+0530][132.041s][debug][gc,humongous      ] GC(421) Humongous region 1088 (object size 1048592 @ 0x00000000c4000000) remset 0 code roots 0 marked 0 pinned count 0 reclaim candidate 0 type array 1
[2024-10-26T03:19:29.316+0530][132.041s][debug][gc,humongous      ] GC(421) Humongous region 930 (object size 1048592 @ 0x00000000ba200000) remset 0 code roots 0 marked 0 pinned count 0 reclaim candidate 0 type array 1
[2024-10-26T03:19:29.316+0530][132.041s][debug][gc,humongous      ] GC(421) Humongous region 302 (object size 1048592 @ 0x0000000092e00000) remset 0 code roots 0 marked 0 pinned count 0 reclaim candidate 0 type array 1
[2024-10-26T03:19:29.316+0530][132.041s][debug][gc,humongous      ] GC(421) Humongous region 1244 (object size 1048592 @ 0x00000000cdc00000) remset 0 code roots 0 marked 0 pinned count 0 reclaim candidate 0 type array 1
[2024-10-26T03:19:29.316+0530][132.041s][debug][gc,humongous      ] GC(421) Humongous region 1402 (object size 1048592 @ 0x00000000d7a00000) remset 0 code roots 0 marked 0 pinned count 0 reclaim candidate 0 type array 1
[2024-10-26T03:19:29.316+0530][132.041s][debug][gc,humongous      ] GC(421) Humongous region 1560 (object size 1048592 @ 0x00000000e1800000) remset 0 code roots 0 marked 0 pinned count 0 reclaim candidate 0 type array 1
[2024-10-26T03:19:29.316+0530][132.041s][debug][gc,humongous      ] GC(421) Humongous region 1718 (object size 1048592 @ 0x00000000eb600000) remset 0 code roots 0 marked 0 pinned count 0 reclaim candidate 0 type array 1
[2024-10-26T03:19:29.316+0530][132.041s][debug][gc,humongous      ] GC(421) Humongous region 1874 (object size 1048592 @ 0x00000000f5200000) remset 0 code roots 0 marked 0 pinned count 0 reclaim candidate 0 type array 1
[2024-10-26T03:19:29.316+0530][132.041s][debug][gc,humongous      ] GC(421) Humongous region 2032 (object size 1048592 @ 0x00000000ff000000) remset 0 code roots 0 marked 0 pinned count 0 reclaim candidate 0 type array 1
[2024-10-26T03:19:29.316+0530][132.041s][debug][gc,humongous      ] GC(421) Humongous region 304 (object size 1048592 @ 0x0000000093000000) remset 0 code roots 0 marked 0 pinned count 0 reclaim candidate 0 type array 1
[2024-10-26T03:19:29.316+0530][132.041s][debug][gc,humongous      ] GC(421) Humongous region 460 (object size 1048592 @ 0x000000009cc00000) remset 0 code roots 0 marked 0 pinned count 0 reclaim candidate 0 type array 1
[2024-10-26T03:19:29.316+0530][132.041s][debug][gc,humongous      ] GC(421) Humongous region 616 (object size 1048592 @ 0x00000000a6800000) remset 0 code roots 0 marked 0 pinned count 0 reclaim candidate 0 type array 1
[2024-10-26T03:19:29.316+0530][132.041s][debug][gc,humongous      ] GC(421) Humongous region 774 (object size 1048592 @ 0x00000000b0600000) remset 0 code roots 0 marked 0 pinned count 0 reclaim candidate 0 type array 1
[2024-10-26T03:19:29.316+0530][132.041s][debug][gc,humongous      ] GC(421) Humongous region 1090 (object size 1048592 @ 0x00000000c4200000) remset 0 code roots 0 marked 0 pinned count 0 reclaim candidate 0 type array 1
[2024-10-26T03:19:29.316+0530][132.041s][debug][gc,humongous      ] GC(421) Humongous region 932 (object size 1048592 @ 0x00000000ba400000) remset 0 code roots 0 marked 0 pinned count 0 reclaim candidate 0 type array 1
[2024-10-26T03:19:29.316+0530][132.041s][debug][gc,humongous      ] GC(421) Humongous region 306 (object size 1048592 @ 0x0000000093200000) remset 0 code roots 0 marked 0 pinned count 0 reclaim candidate 0 type array 1
[2024-10-26T03:19:29.316+0530][132.041s][debug][gc,humongous      ] GC(421) Humongous region 1246 (object size 1048592 @ 0x00000000cde00000) remset 0 code roots 0 marked 0 pinned count 0 reclaim candidate 0 type array 1
[2024-10-26T03:19:29.316+0530][132.041s][debug][gc,humongous      ] GC(421) Humongous region 1404 (object size 1048592 @ 0x00000000d7c00000) remset 0 code roots 0 marked 0 pinned count 0 reclaim candidate 0 type array 1
[2024-10-26T03:19:29.316+0530][132.041s][debug][gc,humongous      ] GC(421) Humongous region 1562 (object size 1048592 @ 0x00000000e1a00000) remset 0 code roots 0 marked 0 pinned count 0 reclaim candidate 0 type array 1
[2024-10-26T03:19:29.316+0530][132.041s][debug][gc,humongous      ] GC(421) Humongous region 1720 (object size 1048592 @ 0x00000000eb800000) remset 0 code roots 0 marked 0 pinned count 0 reclaim candidate 0 type array 1
[2024-10-26T03:19:29.316+0530][132.041s][debug][gc,humongous      ] GC(421) Humongous region 1876 (object size 1048592 @ 0x00000000f5400000) remset 0 code roots 0 marked 0 pinned count 0 reclaim candidate 0 type array 1
[2024-10-26T03:19:29.316+0530][132.041s][debug][gc,humongous      ] GC(421) Humongous region 2034 (object size 1048592 @ 0x00000000ff200000) remset 0 code roots 0 marked 0 pinned count 0 reclaim candidate 0 type array 1
[2024-10-26T03:19:29.316+0530][132.041s][debug][gc,humongous      ] GC(421) Humongous region 308 (object size 1048592 @ 0x0000000093400000) remset 0 code roots 0 marked 0 pinned count 0 reclaim candidate 0 type array 1
[2024-10-26T03:19:29.316+0530][132.041s][debug][gc,humongous      ] GC(421) Humongous region 462 (object size 1048592 @ 0x000000009ce00000) remset 0 code roots 0 marked 0 pinned count 0 reclaim candidate 0 type array 1
[2024-10-26T03:19:29.316+0530][132.042s][debug][gc,humongous      ] GC(421) Humongous region 618 (object size 1048592 @ 0x00000000a6a00000) remset 0 code roots 0 marked 0 pinned count 0 reclaim candidate 0 type array 1
[2024-10-26T03:19:29.316+0530][132.042s][debug][gc,humongous      ] GC(421) Humongous region 776 (object size 1048592 @ 0x00000000b0800000) remset 0 code roots 0 marked 0 pinned count 0 reclaim candidate 0 type array 1
[2024-10-26T03:19:29.317+0530][132.042s][debug][gc,humongous      ] GC(421) Humongous region 1092 (object size 1048592 @ 0x00000000c4400000) remset 0 code roots 0 marked 0 pinned count 0 reclaim candidate 0 type array 1
[2024-10-26T03:19:29.317+0530][132.042s][debug][gc,humongous      ] GC(421) Humongous region 934 (object size 1048592 @ 0x00000000ba600000) remset 0 code roots 0 marked 0 pinned count 0 reclaim candidate 0 type array 1
[2024-10-26T03:19:29.317+0530][132.042s][debug][gc,humongous      ] GC(421) Humongous region 310 (object size 1048592 @ 0x0000000093600000) remset 0 code roots 0 marked 0 pinned count 0 reclaim candidate 0 type array 1
[2024-10-26T03:19:29.317+0530][132.042s][debug][gc,humongous      ] GC(421) Humongous region 1248 (object size 1048592 @ 0x00000000ce000000) remset 0 code roots 0 marked 0 pinned count 0 reclaim candidate 0 type array 1
[2024-10-26T03:19:29.317+0530][132.042s][debug][gc,humongous      ] GC(421) Humongous region 1406 (object size 1048592 @ 0x00000000d7e00000) remset 0 code roots 0 marked 0 pinned count 0 reclaim candidate 0 type array 1
[2024-10-26T03:19:29.317+0530][132.042s][debug][gc,humongous      ] GC(421) Humongous region 1564 (object size 1048592 @ 0x00000000e1c00000) remset 0 code roots 0 marked 0 pinned count 0 reclaim candidate 0 type array 1
[2024-10-26T03:19:29.317+0530][132.042s][debug][gc,humongous      ] GC(421) Humongous region 1722 (object size 1048592 @ 0x00000000eba00000) remset 0 code roots 0 marked 0 pinned count 0 reclaim candidate 0 type array 1
[2024-10-26T03:19:29.317+0530][132.042s][debug][gc,humongous      ] GC(421) Humongous region 1878 (object size 1048592 @ 0x00000000f5600000) remset 0 code roots 0 marked 0 pinned count 0 reclaim candidate 0 type array 1
[2024-10-26T03:19:29.317+0530][132.042s][debug][gc,humongous      ] GC(421) Humongous region 2036 (object size 1048592 @ 0x00000000ff400000) remset 0 code roots 0 marked 0 pinned count 0 reclaim candidate 0 type array 1
[2024-10-26T03:19:29.317+0530][132.042s][debug][gc,humongous      ] GC(421) Humongous region 312 (object size 1048592 @ 0x0000000093800000) remset 0 code roots 0 marked 0 pinned count 0 reclaim candidate 0 type array 1
[2024-10-26T03:19:29.317+0530][132.042s][debug][gc,humongous      ] GC(421) Humongous region 464 (object size 1048592 @ 0x000000009d000000) remset 0 code roots 0 marked 0 pinned count 0 reclaim candidate 0 type array 1
[2024-10-26T03:19:29.317+0530][132.042s][debug][gc,humongous      ] GC(421) Humongous region 620 (object size 1048592 @ 0x00000000a6c00000) remset 0 code roots 0 marked 0 pinned count 0 reclaim candidate 0 type array 1
[2024-10-26T03:19:29.317+0530][132.042s][debug][gc,humongous      ] GC(421) Humongous region 778 (object size 1048592 @ 0x00000000b0a00000) remset 0 code roots 0 marked 0 pinned count 0 reclaim candidate 0 type array 1
[2024-10-26T03:19:29.317+0530][132.042s][debug][gc,humongous      ] GC(421) Humongous region 1094 (object size 1048592 @ 0x00000000c4600000) remset 0 code roots 0 marked 0 pinned count 0 reclaim candidate 0 type array 1
[2024-10-26T03:19:29.317+0530][132.042s][debug][gc,humongous      ] GC(421) Humongous region 936 (object size 1048592 @ 0x00000000ba800000) remset 0 code roots 0 marked 0 pinned count 0 reclaim candidate 0 type array 1
[2024-10-26T03:19:29.317+0530][132.042s][debug][gc,humongous      ] GC(421) Humongous region 314 (object size 1048592 @ 0x0000000093a00000) remset 0 code roots 0 marked 0 pinned count 0 reclaim candidate 0 type array 1
[2024-10-26T03:19:29.317+0530][132.042s][debug][gc,humongous      ] GC(421) Humongous region 1250 (object size 1048592 @ 0x00000000ce200000) remset 0 code roots 0 marked 0 pinned count 0 reclaim candidate 0 type array 1
[2024-10-26T03:19:29.317+0530][132.042s][debug][gc,humongous      ] GC(421) Humongous region 1408 (object size 1048592 @ 0x00000000d8000000) remset 0 code roots 0 marked 0 pinned count 0 reclaim candidate 0 type array 1
[2024-10-26T03:19:29.317+0530][132.042s][debug][gc,humongous      ] GC(421) Humongous region 1566 (object size 1048592 @ 0x00000000e1e00000) remset 0 code roots 0 marked 0 pinned count 0 reclaim candidate 0 type array 1
[2024-10-26T03:19:29.317+0530][132.042s][debug][gc,humongous      ] GC(421) Humongous region 1724 (object size 1048592 @ 0x00000000ebc00000) remset 0 code roots 0 marked 0 pinned count 0 reclaim candidate 0 type array 1
[2024-10-26T03:19:29.317+0530][132.042s][debug][gc,humongous      ] GC(421) Humongous region 1880 (object size 1048592 @ 0x00000000f5800000) remset 0 code roots 0 marked 0 pinned count 0 reclaim candidate 0 type array 1
[2024-10-26T03:19:29.317+0530][132.042s][debug][gc,humongous      ] GC(421) Humongous region 2038 (object size 1048592 @ 0x00000000ff600000) remset 0 code roots 0 marked 0 pinned count 0 reclaim candidate 0 type array 1
[2024-10-26T03:19:29.317+0530][132.042s][debug][gc,humongous      ] GC(421) Humongous region 466 (object size 1048592 @ 0x000000009d200000) remset 0 code roots 0 marked 0 pinned count 0 reclaim candidate 0 type array 1
[2024-10-26T03:19:29.317+0530][132.042s][debug][gc,humongous      ] GC(421) Humongous region 468 (object size 1048592 @ 0x000000009d400000) remset 0 code roots 0 marked 0 pinned count 0 reclaim candidate 0 type array 1
[2024-10-26T03:19:29.317+0530][132.042s][debug][gc,humongous      ] GC(421) Humongous region 622 (object size 1048592 @ 0x00000000a6e00000) remset 0 code roots 0 marked 0 pinned count 0 reclaim candidate 0 type array 1
[2024-10-26T03:19:29.317+0530][132.042s][debug][gc,humongous      ] GC(421) Humongous region 780 (object size 1048592 @ 0x00000000b0c00000) remset 0 code roots 0 marked 0 pinned count 0 reclaim candidate 0 type array 1
[2024-10-26T03:19:29.317+0530][132.042s][debug][gc,humongous      ] GC(421) Humongous region 1096 (object size 1048592 @ 0x00000000c4800000) remset 0 code roots 0 marked 0 pinned count 0 reclaim candidate 0 type array 1
[2024-10-26T03:19:29.317+0530][132.042s][debug][gc,humongous      ] GC(421) Humongous region 938 (object size 1048592 @ 0x00000000baa00000) remset 0 code roots 0 marked 0 pinned count 0 reclaim candidate 0 type array 1
[2024-10-26T03:19:29.317+0530][132.042s][debug][gc,humongous      ] GC(421) Humongous region 470 (object size 1048592 @ 0x000000009d600000) remset 0 code roots 0 marked 0 pinned count 0 reclaim candidate 0 type array 1
[2024-10-26T03:19:29.317+0530][132.042s][debug][gc,humongous      ] GC(421) Humongous region 1252 (object size 1048592 @ 0x00000000ce400000) remset 0 code roots 0 marked 0 pinned count 0 reclaim candidate 0 type array 1
[2024-10-26T03:19:29.317+0530][132.042s][debug][gc,humongous      ] GC(421) Humongous region 1410 (object size 1048592 @ 0x00000000d8200000) remset 0 code roots 0 marked 0 pinned count 0 reclaim candidate 0 type array 1
[2024-10-26T03:19:29.317+0530][132.042s][debug][gc,humongous      ] GC(421) Humongous region 1568 (object size 1048592 @ 0x00000000e2000000) remset 0 code roots 0 marked 0 pinned count 0 reclaim candidate 0 type array 1
[2024-10-26T03:19:29.317+0530][132.042s][debug][gc,humongous      ] GC(421) Humongous region 1726 (object size 1048592 @ 0x00000000ebe00000) remset 0 code roots 0 marked 0 pinned count 0 reclaim candidate 0 type array 1
[2024-10-26T03:19:29.317+0530][132.042s][debug][gc,humongous      ] GC(421) Humongous region 1882 (object size 1048592 @ 0x00000000f5a00000) remset 0 code roots 0 marked 0 pinned count 0 reclaim candidate 0 type array 1
[2024-10-26T03:19:29.317+0530][132.042s][debug][gc,humongous      ] GC(421) Humongous region 2040 (object size 1048592 @ 0x00000000ff800000) remset 0 code roots 0 marked 0 pinned count 0 reclaim candidate 0 type array 1
[2024-10-26T03:19:29.317+0530][132.042s][debug][gc,humongous      ] GC(421) Humongous region 624 (object size 1048592 @ 0x00000000a7000000) remset 0 code roots 0 marked 0 pinned count 0 reclaim candidate 0 type array 1
[2024-10-26T03:19:29.317+0530][132.042s][debug][gc,humongous      ] GC(421) Humongous region 626 (object size 1048592 @ 0x00000000a7200000) remset 0 code roots 0 marked 0 pinned count 0 reclaim candidate 0 type array 1
[2024-10-26T03:19:29.317+0530][132.042s][debug][gc,humongous      ] GC(421) Humongous region 628 (object size 1048592 @ 0x00000000a7400000) remset 0 code roots 0 marked 0 pinned count 0 reclaim candidate 0 type array 1
[2024-10-26T03:19:29.317+0530][132.042s][debug][gc,humongous      ] GC(421) Humongous region 782 (object size 1048592 @ 0x00000000b0e00000) remset 0 code roots 0 marked 0 pinned count 0 reclaim candidate 0 type array 1
[2024-10-26T03:19:29.317+0530][132.042s][debug][gc,humongous      ] GC(421) Humongous region 1098 (object size 1048592 @ 0x00000000c4a00000) remset 0 code roots 0 marked 0 pinned count 0 reclaim candidate 0 type array 1
[2024-10-26T03:19:29.317+0530][132.042s][debug][gc,humongous      ] GC(421) Humongous region 940 (object size 1048592 @ 0x00000000bac00000) remset 0 code roots 0 marked 0 pinned count 0 reclaim candidate 0 type array 1
[2024-10-26T03:19:29.317+0530][132.042s][debug][gc,humongous      ] GC(421) Humongous region 784 (object size 1048592 @ 0x00000000b1000000) remset 0 code roots 0 marked 0 pinned count 0 reclaim candidate 0 type array 1
[2024-10-26T03:19:29.317+0530][132.042s][debug][gc,humongous      ] GC(421) Humongous region 1254 (object size 1048592 @ 0x00000000ce600000) remset 0 code roots 0 marked 0 pinned count 0 reclaim candidate 0 type array 1
[2024-10-26T03:19:29.317+0530][132.042s][debug][gc,humongous      ] GC(421) Humongous region 1412 (object size 1048592 @ 0x00000000d8400000) remset 0 code roots 0 marked 0 pinned count 0 reclaim candidate 0 type array 1
[2024-10-26T03:19:29.317+0530][132.042s][debug][gc,humongous      ] GC(421) Humongous region 1570 (object size 1048592 @ 0x00000000e2200000) remset 0 code roots 0 marked 0 pinned count 0 reclaim candidate 0 type array 1
[2024-10-26T03:19:29.317+0530][132.042s][debug][gc,humongous      ] GC(421) Humongous region 1728 (object size 1048592 @ 0x00000000ec000000) remset 0 code roots 0 marked 0 pinned count 0 reclaim candidate 0 type array 1
[2024-10-26T03:19:29.317+0530][132.042s][debug][gc,humongous      ] GC(421) Humongous region 1884 (object size 1048592 @ 0x00000000f5c00000) remset 0 code roots 0 marked 0 pinned count 0 reclaim candidate 0 type array 1
[2024-10-26T03:19:29.317+0530][132.042s][debug][gc,humongous      ] GC(421) Humongous region 2042 (object size 1048592 @ 0x00000000ffa00000) remset 0 code roots 0 marked 0 pinned count 0 reclaim candidate 0 type array 1
[2024-10-26T03:19:29.317+0530][132.042s][debug][gc,humongous      ] GC(421) Humongous region 786 (object size 1048592 @ 0x00000000b1200000) remset 0 code roots 0 marked 0 pinned count 0 reclaim candidate 0 type array 1
[2024-10-26T03:19:29.317+0530][132.042s][debug][gc,humongous      ] GC(421) Humongous region 942 (object size 1048592 @ 0x00000000bae00000) remset 0 code roots 0 marked 0 pinned count 0 reclaim candidate 0 type array 1
[2024-10-26T03:19:29.317+0530][132.042s][debug][gc,humongous      ] GC(421) Humongous region 944 (object size 1048592 @ 0x00000000bb000000) remset 0 code roots 0 marked 0 pinned count 0 reclaim candidate 0 type array 1
[2024-10-26T03:19:29.317+0530][132.042s][debug][gc,humongous      ] GC(421) Humongous region 1100 (object size 1048592 @ 0x00000000c4c00000) remset 0 code roots 0 marked 0 pinned count 0 reclaim candidate 0 type array 1
[2024-10-26T03:19:29.317+0530][132.042s][debug][gc,humongous      ] GC(421) Humongous region 1256 (object size 1048592 @ 0x00000000ce800000) remset 0 code roots 0 marked 0 pinned count 0 reclaim candidate 0 type array 1
[2024-10-26T03:19:29.317+0530][132.042s][debug][gc,humongous      ] GC(421) Humongous region 1258 (object size 1048592 @ 0x00000000cea00000) remset 0 code roots 0 marked 0 pinned count 0 reclaim candidate 0 type array 1
[2024-10-26T03:19:29.317+0530][132.042s][debug][gc,humongous      ] GC(421) Humongous region 1414 (object size 1048592 @ 0x00000000d8600000) remset 0 code roots 0 marked 0 pinned count 0 reclaim candidate 0 type array 1
[2024-10-26T03:19:29.317+0530][132.042s][debug][gc,humongous      ] GC(421) Humongous region 1416 (object size 1048592 @ 0x00000000d8800000) remset 0 code roots 0 marked 0 pinned count 0 reclaim candidate 0 type array 1
[2024-10-26T03:19:29.317+0530][132.042s][debug][gc,humongous      ] GC(421) Humongous region 1572 (object size 1048592 @ 0x00000000e2400000) remset 0 code roots 0 marked 0 pinned count 0 reclaim candidate 0 type array 1
[2024-10-26T03:19:29.317+0530][132.042s][debug][gc,humongous      ] GC(421) Humongous region 1574 (object size 1048592 @ 0x00000000e2600000) remset 0 code roots 0 marked 0 pinned count 0 reclaim candidate 0 type array 1
[2024-10-26T03:19:29.317+0530][132.042s][debug][gc,humongous      ] GC(421) Humongous region 1730 (object size 1048592 @ 0x00000000ec200000) remset 0 code roots 0 marked 0 pinned count 0 reclaim candidate 0 type array 1
[2024-10-26T03:19:29.317+0530][132.043s][debug][gc,humongous      ] GC(421) Humongous region 1886 (object size 1048592 @ 0x00000000f5e00000) remset 0 code roots 0 marked 0 pinned count 0 reclaim candidate 0 type array 1
[2024-10-26T03:19:29.317+0530][132.043s][debug][gc,humongous      ] GC(421) Humongous region 2044 (object size 1048592 @ 0x00000000ffc00000) remset 0 code roots 0 marked 0 pinned count 0 reclaim candidate 0 type array 1
[2024-10-26T03:19:29.317+0530][132.043s][debug][gc,humongous      ] GC(421) Humongous region 1888 (object size 1048592 @ 0x00000000f6000000) remset 0 code roots 0 marked 0 pinned count 0 reclaim candidate 0 type array 1
[2024-10-26T03:19:29.317+0530][132.043s][debug][gc,humongous      ] GC(421) Humongous region 2046 (object size 1048592 @ 0x00000000ffe00000) remset 0 code roots 0 marked 0 pinned count 0 reclaim candidate 0 type array 1
[2024-10-26T03:19:29.318+0530][132.043s][debug][gc,ergo           ] GC(421) Running G1 Merge Heap Roots using 13 workers for 0 regions
[2024-10-26T03:19:29.318+0530][132.043s][debug][gc,remset         ] GC(421) Visited cards 32 Total dirty 2048 (1.56%) Total old 4194304 (0.00%)
[2024-10-26T03:19:29.318+0530][132.043s][debug][gc,ref            ] GC(421) Skipped SoftWeakFinalRefsPhase of Reference Processing: no references
[2024-10-26T03:19:29.318+0530][132.043s][debug][gc,ref            ] GC(421) Skipped KeepAliveFinalRefsPhase of Reference Processing: no references
[2024-10-26T03:19:29.318+0530][132.043s][debug][gc,ref            ] GC(421) Skipped PhantomRefsPhase of Reference Processing: no references
[2024-10-26T03:19:29.318+0530][132.044s][debug][gc,ergo           ] GC(421) Running G1 Rebuild Free List Task using 13 workers for rebuilding free list of regions
[2024-10-26T03:19:29.319+0530][132.044s][debug][gc,plab           ] GC(421) Young PLAB allocation: allocated: 0B, wasted: 0B, unused: 0B, used: 0B, undo waste: 0B, 
[2024-10-26T03:19:29.319+0530][132.044s][debug][gc,plab           ] GC(421) Young other allocation: region end waste: 0B, regions filled: 0, num plab filled: 0, direct allocated: 0B, num direct allocated: 0, failure used: 0B, failure wasted: 0B
[2024-10-26T03:19:29.319+0530][132.044s][debug][gc,plab           ] GC(421) Young sizing: calculated: 0B, actual: 2064B
[2024-10-26T03:19:29.319+0530][132.044s][debug][gc,plab           ] GC(421) Old PLAB allocation: allocated: 0B, wasted: 0B, unused: 0B, used: 0B, undo waste: 0B, 
[2024-10-26T03:19:29.319+0530][132.044s][debug][gc,plab           ] GC(421) Old other allocation: region end waste: 0B, regions filled: 0, num plab filled: 0, direct allocated: 0B, num direct allocated: 0, failure used: 0B, failure wasted: 0B
[2024-10-26T03:19:29.319+0530][132.044s][debug][gc,plab           ] GC(421) Old sizing: calculated: 0B, actual: 2064B
[2024-10-26T03:19:29.319+0530][132.044s][debug][gc,ergo,heap      ] GC(421) Heap expansion: short term pause time ratio 96.69% long term pause time ratio 84.56% threshold 7.69% pause time ratio 7.69% fully expanded true resize by 0B
[2024-10-26T03:19:29.319+0530][132.044s][debug][gc,mmu            ] GC(421) MMU: 73.8ms (200.0ms/201.0ms)
[2024-10-26T03:19:29.319+0530][132.044s][debug][gc,alloc,stats    ] Old generation allocation in the last mutator period, old gen allocated: 0B, humongous allocated: 0B, old gen growth: 0B.
[2024-10-26T03:19:29.319+0530][132.044s][debug][gc,ihop           ] GC(421) Basic information (value update), threshold: 0B (0.00), target occupancy: 2147483648B, current occupancy: 2147106448B, recent allocation size: 0B, recent allocation duration: 0.98ms, recent old gen allocation rate: 0.00B/s, recent marking phase length: 35.14ms
[2024-10-26T03:19:29.319+0530][132.044s][debug][gc,ihop           ] GC(421) Adaptive IHOP information (value update), threshold: 0B (0.00), internal target occupancy: 1825361100B, occupancy: 2147106448B, additional buffer size: 106954752B, predicted old gen allocation rate: 621294348.24B/s, predicted marking phase length: 27567.37ms, prediction active: true
[2024-10-26T03:19:29.319+0530][132.044s][debug][gc,ergo,refine    ] GC(421) GC refinement: goal: 255682 + 1 / 20.00ms, actual: 2 / 0.00ms, 
[2024-10-26T03:19:29.319+0530][132.044s][debug][gc,ergo,refine    ] GC(421) Unchanged pending cards target: 255682
[2024-10-26T03:19:29.319+0530][132.044s][info ][gc,phases         ] GC(421)   Pre Evacuate Collection Set: 18.01ms
[2024-10-26T03:19:29.319+0530][132.044s][debug][gc,phases         ] GC(421)     Pre Evacuate Prepare: 0.02ms
[2024-10-26T03:19:29.319+0530][132.044s][debug][gc,phases         ] GC(421)       JT Retire TLABs And Flush Logs (ms): Min: 0.00, Avg: 0.00, Max: 0.00, Diff: 0.00, Sum: 0.00, Workers: 2
[2024-10-26T03:19:29.319+0530][132.044s][debug][gc,phases         ] GC(421)       Non-JT Flush Logs (ms):        Min: 0.00, Avg: 0.00, Max: 0.00, Diff: 0.00, Sum: 0.00, Workers: 1
[2024-10-26T03:19:29.319+0530][132.044s][debug][gc,phases         ] GC(421)     Choose Collection Set: 0.03ms
[2024-10-26T03:19:29.319+0530][132.044s][debug][gc,phases         ] GC(421)     Region Register: 17.96ms
[2024-10-26T03:19:29.319+0530][132.044s][debug][gc,phases         ] GC(421)     Prepare Heap Roots: 0.00ms
[2024-10-26T03:19:29.319+0530][132.044s][info ][gc,phases         ] GC(421)   Merge Heap Roots: 0.20ms
[2024-10-26T03:19:29.319+0530][132.044s][debug][gc,phases         ] GC(421)     Prepare Merge Heap Roots: 0.01ms
[2024-10-26T03:19:29.319+0530][132.044s][debug][gc,phases         ] GC(421)     Remembered Sets (ms):          Min: 0.00, Avg: 0.00, Max: 0.00, Diff: 0.00, Sum: 0.01, Workers: 13
[2024-10-26T03:19:29.319+0530][132.044s][debug][gc,phases         ] GC(421)       Eager Reclaim (ms):            skipped
[2024-10-26T03:19:29.319+0530][132.044s][debug][gc,phases         ] GC(421)       Merged Inline:                 Min: 0, Avg:  0.0, Max: 0, Diff: 0, Sum: 0, Workers: 13
[2024-10-26T03:19:29.319+0530][132.044s][debug][gc,phases         ] GC(421)       Merged ArrayOfCards:           Min: 0, Avg:  0.0, Max: 0, Diff: 0, Sum: 0, Workers: 13
[2024-10-26T03:19:29.319+0530][132.044s][debug][gc,phases         ] GC(421)       Merged Howl:                   Min: 0, Avg:  0.0, Max: 0, Diff: 0, Sum: 0, Workers: 13
[2024-10-26T03:19:29.319+0530][132.044s][debug][gc,phases         ] GC(421)       Merged Full:                   Min: 0, Avg:  0.0, Max: 0, Diff: 0, Sum: 0, Workers: 13
[2024-10-26T03:19:29.319+0530][132.044s][debug][gc,phases         ] GC(421)       Merged Howl Inline:            Min: 0, Avg:  0.0, Max: 0, Diff: 0, Sum: 0, Workers: 13
[2024-10-26T03:19:29.319+0530][132.044s][debug][gc,phases         ] GC(421)       Merged Howl ArrayOfCards:      Min: 0, Avg:  0.0, Max: 0, Diff: 0, Sum: 0, Workers: 13
[2024-10-26T03:19:29.319+0530][132.044s][debug][gc,phases         ] GC(421)       Merged Howl BitMap:            Min: 0, Avg:  0.0, Max: 0, Diff: 0, Sum: 0, Workers: 13
[2024-10-26T03:19:29.319+0530][132.044s][debug][gc,phases         ] GC(421)       Merged Howl Full:              Min: 0, Avg:  0.0, Max: 0, Diff: 0, Sum: 0, Workers: 13
[2024-10-26T03:19:29.319+0530][132.044s][debug][gc,phases         ] GC(421)       Merged Cards:                  Min: 8, Avg:  8.0, Max: 8, Diff: 0, Sum: 104, Workers: 13
[2024-10-26T03:19:29.319+0530][132.044s][debug][gc,phases         ] GC(421)     Distribute Log Buffers: 0.00ms
[2024-10-26T03:19:29.319+0530][132.044s][debug][gc,phases         ] GC(421)     Log Buffers (ms):              Min: 0.00, Avg: 0.00, Max: 0.00, Diff: 0.00, Sum: 0.00, Workers: 13
[2024-10-26T03:19:29.319+0530][132.044s][debug][gc,phases         ] GC(421)       Dirty Cards:                   Min: 0, Avg:  0.2, Max: 2, Diff: 2, Sum: 2, Workers: 13
[2024-10-26T03:19:29.319+0530][132.044s][debug][gc,phases         ] GC(421)       Skipped Cards:                 Min: 0, Avg:  0.0, Max: 0, Diff: 0, Sum: 0, Workers: 13
[2024-10-26T03:19:29.319+0530][132.044s][info ][gc,phases         ] GC(421)   Evacuate Collection Set: 0.18ms
[2024-10-26T03:19:29.319+0530][132.044s][debug][gc,phases         ] GC(421)     Ext Root Scanning (ms):        Min: 0.00, Avg: 0.02, Max: 0.09, Diff: 0.09, Sum: 0.27, Workers: 13
[2024-10-26T03:19:29.319+0530][132.044s][debug][gc,phases         ] GC(421)     Scan Heap Roots (ms):          Min: 0.00, Avg: 0.00, Max: 0.01, Diff: 0.01, Sum: 0.01, Workers: 13
[2024-10-26T03:19:29.319+0530][132.044s][debug][gc,phases         ] GC(421)       Scanned Cards:                 Min: 0, Avg:  0.2, Max: 2, Diff: 2, Sum: 2, Workers: 13
[2024-10-26T03:19:29.319+0530][132.044s][debug][gc,phases         ] GC(421)       Scanned Blocks:                Min: 0, Avg:  0.1, Max: 1, Diff: 1, Sum: 1, Workers: 13
[2024-10-26T03:19:29.319+0530][132.044s][debug][gc,phases         ] GC(421)       Claimed Chunks:                Min: 0, Avg:  0.1, Max: 1, Diff: 1, Sum: 1, Workers: 13
[2024-10-26T03:19:29.319+0530][132.044s][debug][gc,phases         ] GC(421)       Found Roots:                   Min: 0, Avg:  0.0, Max: 0, Diff: 0, Sum: 0, Workers: 13
[2024-10-26T03:19:29.319+0530][132.044s][debug][gc,phases         ] GC(421)     Code Root Scan (ms):           Min: 0.00, Avg: 0.00, Max: 0.00, Diff: 0.00, Sum: 0.00, Workers: 13
[2024-10-26T03:19:29.319+0530][132.044s][debug][gc,phases         ] GC(421)       Scanned Nmethods:              Min: 0, Avg:  0.0, Max: 0, Diff: 0, Sum: 0, Workers: 13
[2024-10-26T03:19:29.319+0530][132.044s][debug][gc,phases         ] GC(421)     Object Copy (ms):              Min: 0.00, Avg: 0.00, Max: 0.00, Diff: 0.00, Sum: 0.01, Workers: 13
[2024-10-26T03:19:29.319+0530][132.044s][debug][gc,phases         ] GC(421)     Termination (ms):              Min: 0.03, Avg: 0.05, Max: 0.07, Diff: 0.04, Sum: 0.62, Workers: 13
[2024-10-26T03:19:29.319+0530][132.044s][debug][gc,phases         ] GC(421)       Termination Attempts:          Min: 1, Avg:  1.0, Max: 1, Diff: 0, Sum: 13, Workers: 13
[2024-10-26T03:19:29.319+0530][132.044s][debug][gc,phases         ] GC(421)     GC Worker Other (ms):          Min: 0.00, Avg: 0.00, Max: 0.01, Diff: 0.01, Sum: 0.04, Workers: 13
[2024-10-26T03:19:29.319+0530][132.044s][debug][gc,phases         ] GC(421)     GC Worker Total (ms):          Min: 0.03, Avg: 0.07, Max: 0.15, Diff: 0.12, Sum: 0.95, Workers: 13
[2024-10-26T03:19:29.319+0530][132.044s][info ][gc,phases         ] GC(421)   Post Evacuate Collection Set: 0.53ms
[2024-10-26T03:19:29.319+0530][132.044s][debug][gc,phases         ] GC(421)     NMethod List Cleanup: 0.00ms
[2024-10-26T03:19:29.319+0530][132.044s][debug][gc,phases         ] GC(421)     Reference Processing: 0.05ms
[2024-10-26T03:19:29.319+0530][132.044s][debug][gc,phases,ref     ] GC(421)       Notify Soft/WeakReferences: 0.0ms
[2024-10-26T03:19:29.319+0530][132.044s][debug][gc,phases,ref     ] GC(421)         SoftRef (ms):                  skipped
[2024-10-26T03:19:29.319+0530][132.044s][debug][gc,phases,ref     ] GC(421)         WeakRef (ms):                  skipped
[2024-10-26T03:19:29.319+0530][132.044s][debug][gc,phases,ref     ] GC(421)         FinalRef (ms):                 skipped
[2024-10-26T03:19:29.319+0530][132.044s][debug][gc,phases,ref     ] GC(421)         Total (ms):                    skipped
[2024-10-26T03:19:29.319+0530][132.044s][debug][gc,phases,ref     ] GC(421)       Notify and keep alive finalizable: 0.0ms
[2024-10-26T03:19:29.319+0530][132.044s][debug][gc,phases,ref     ] GC(421)         FinalRef (ms):                 skipped
[2024-10-26T03:19:29.319+0530][132.044s][debug][gc,phases,ref     ] GC(421)       Notify PhantomReferences: 0.0ms
[2024-10-26T03:19:29.319+0530][132.044s][debug][gc,phases,ref     ] GC(421)         PhantomRef (ms):               skipped
[2024-10-26T03:19:29.319+0530][132.044s][debug][gc,phases,ref     ] GC(421)       SoftReference Discovered: 0, Dropped: 0, Processed: 0
[2024-10-26T03:19:29.319+0530][132.044s][debug][gc,phases,ref     ] GC(421)       WeakReference Discovered: 0, Dropped: 0, Processed: 0
[2024-10-26T03:19:29.319+0530][132.044s][debug][gc,phases,ref     ] GC(421)       FinalReference Discovered: 0, Dropped: 0, Processed: 0
[2024-10-26T03:19:29.319+0530][132.044s][debug][gc,phases,ref     ] GC(421)       PhantomReference Discovered: 0, Dropped: 0, Processed: 0
[2024-10-26T03:19:29.319+0530][132.044s][debug][gc,phases         ] GC(421)     Weak Processing: 0.16ms
[2024-10-26T03:19:29.319+0530][132.044s][debug][gc,phases         ] GC(421)       VM Weak                        Min: 0.00, Avg: 0.00, Max: 0.00, Diff: 0.00, Sum: 0.01, Workers: 13
[2024-10-26T03:19:29.319+0530][132.044s][debug][gc,phases         ] GC(421)         Dead                           Min: 0, Avg:  0.0, Max: 0, Diff: 0, Sum: 0, Workers: 13
[2024-10-26T03:19:29.319+0530][132.044s][debug][gc,phases         ] GC(421)         Total                          Min: 0, Avg: 20.8, Max: 196, Diff: 196, Sum: 271, Workers: 13
[2024-10-26T03:19:29.319+0530][132.044s][debug][gc,phases         ] GC(421)       ObjectSynchronizer Weak        Min: 0.00, Avg: 0.00, Max: 0.00, Diff: 0.00, Sum: 0.00, Workers: 13
[2024-10-26T03:19:29.319+0530][132.044s][debug][gc,phases         ] GC(421)         Dead                           Min: 0, Avg:  0.0, Max: 0, Diff: 0, Sum: 0, Workers: 13
[2024-10-26T03:19:29.319+0530][132.044s][debug][gc,phases         ] GC(421)         Total                          Min: 0, Avg:  0.2, Max: 3, Diff: 3, Sum: 3, Workers: 13
[2024-10-26T03:19:29.319+0530][132.044s][debug][gc,phases         ] GC(421)       JVMTI Tag Weak OopStorage      Min: 0.00, Avg: 0.00, Max: 0.00, Diff: 0.00, Sum: 0.00, Workers: 13
[2024-10-26T03:19:29.319+0530][132.044s][debug][gc,phases         ] GC(421)         Dead                           Min: 0, Avg:  0.0, Max: 0, Diff: 0, Sum: 0, Workers: 13
[2024-10-26T03:19:29.319+0530][132.044s][debug][gc,phases         ] GC(421)         Total                          Min: 0, Avg:  0.0, Max: 0, Diff: 0, Sum: 0, Workers: 13
[2024-10-26T03:19:29.319+0530][132.044s][debug][gc,phases         ] GC(421)       StringTable Weak               Min: 0.00, Avg: 0.03, Max: 0.11, Diff: 0.11, Sum: 0.39, Workers: 13
[2024-10-26T03:19:29.319+0530][132.045s][debug][gc,phases         ] GC(421)         Dead                           Min: 0, Avg:  0.0, Max: 0, Diff: 0, Sum: 0, Workers: 13
[2024-10-26T03:19:29.319+0530][132.045s][debug][gc,phases         ] GC(421)         Total                          Min: 0, Avg: 1995.1, Max: 7505, Diff: 7505, Sum: 25936, Workers: 13
[2024-10-26T03:19:29.319+0530][132.045s][debug][gc,phases         ] GC(421)       ResolvedMethodTable Weak       Min: 0.00, Avg: 0.00, Max: 0.01, Diff: 0.01, Sum: 0.05, Workers: 13
[2024-10-26T03:19:29.319+0530][132.045s][debug][gc,phases         ] GC(421)         Dead                           Min: 0, Avg:  0.0, Max: 0, Diff: 0, Sum: 0, Workers: 13
[2024-10-26T03:19:29.319+0530][132.045s][debug][gc,phases         ] GC(421)         Total                          Min: 0, Avg: 266.9, Max: 896, Diff: 896, Sum: 3470, Workers: 13
[2024-10-26T03:19:29.320+0530][132.045s][debug][gc,phases         ] GC(421)       JNI Weak                       Min: 0.00, Avg: 0.00, Max: 0.00, Diff: 0.00, Sum: 0.00, Workers: 13
[2024-10-26T03:19:29.320+0530][132.045s][debug][gc,phases         ] GC(421)         Dead                           Min: 0, Avg:  0.0, Max: 0, Diff: 0, Sum: 0, Workers: 13
[2024-10-26T03:19:29.320+0530][132.045s][debug][gc,phases         ] GC(421)         Total                          Min: 0, Avg:  0.2, Max: 3, Diff: 3, Sum: 3, Workers: 13
[2024-10-26T03:19:29.320+0530][132.045s][debug][gc,phases         ] GC(421)       StringDedup Table Weak         Min: 0.00, Avg: 0.00, Max: 0.00, Diff: 0.00, Sum: 0.00, Workers: 13
[2024-10-26T03:19:29.320+0530][132.045s][debug][gc,phases         ] GC(421)         Dead                           Min: 0, Avg:  0.0, Max: 0, Diff: 0, Sum: 0, Workers: 13
[2024-10-26T03:19:29.320+0530][132.045s][debug][gc,phases         ] GC(421)         Total                          Min: 0, Avg:  0.0, Max: 0, Diff: 0, Sum: 0, Workers: 13
[2024-10-26T03:19:29.320+0530][132.045s][debug][gc,phases         ] GC(421)       StringDedup Requests0 Weak     Min: 0.00, Avg: 0.00, Max: 0.00, Diff: 0.00, Sum: 0.00, Workers: 13
[2024-10-26T03:19:29.320+0530][132.045s][debug][gc,phases         ] GC(421)         Dead                           Min: 0, Avg:  0.0, Max: 0, Diff: 0, Sum: 0, Workers: 13
[2024-10-26T03:19:29.320+0530][132.045s][debug][gc,phases         ] GC(421)         Total                          Min: 0, Avg:  0.0, Max: 0, Diff: 0, Sum: 0, Workers: 13
[2024-10-26T03:19:29.320+0530][132.045s][debug][gc,phases         ] GC(421)       StringDedup Requests1 Weak     Min: 0.00, Avg: 0.00, Max: 0.00, Diff: 0.00, Sum: 0.00, Workers: 13
[2024-10-26T03:19:29.320+0530][132.045s][debug][gc,phases         ] GC(421)         Dead                           Min: 0, Avg:  0.0, Max: 0, Diff: 0, Sum: 0, Workers: 13
[2024-10-26T03:19:29.320+0530][132.045s][debug][gc,phases         ] GC(421)         Total                          Min: 0, Avg:  0.0, Max: 0, Diff: 0, Sum: 0, Workers: 13
[2024-10-26T03:19:29.320+0530][132.045s][debug][gc,phases         ] GC(421)       Weak JFR Old Object Samples    Min: 0.00, Avg: 0.00, Max: 0.00, Diff: 0.00, Sum: 0.00, Workers: 13
[2024-10-26T03:19:29.320+0530][132.045s][debug][gc,phases         ] GC(421)         Dead                           Min: 0, Avg:  0.0, Max: 0, Diff: 0, Sum: 0, Workers: 13
[2024-10-26T03:19:29.320+0530][132.045s][debug][gc,phases         ] GC(421)         Total                          Min: 0, Avg:  7.3, Max: 64, Diff: 64, Sum: 95, Workers: 13
[2024-10-26T03:19:29.320+0530][132.045s][debug][gc,phases         ] GC(421)     Post Evacuate Cleanup 1: 0.09ms
[2024-10-26T03:19:29.320+0530][132.045s][debug][gc,phases         ] GC(421)       Merge Per-Thread State (ms):   Min: 0.01, Avg: 0.01, Max: 0.01, Diff: 0.00, Sum: 0.01, Workers: 1
[2024-10-26T03:19:29.320+0530][132.045s][debug][gc,phases         ] GC(421)         Copied Bytes:                  Min: 0, Avg:  0.0, Max: 0, Diff: 0, Sum: 0, Workers: 13
[2024-10-26T03:19:29.320+0530][132.045s][debug][gc,phases         ] GC(421)         LAB Waste:                     Min: 0, Avg:  0.0, Max: 0, Diff: 0, Sum: 0, Workers: 13
[2024-10-26T03:19:29.320+0530][132.045s][debug][gc,phases         ] GC(421)         LAB Undo Waste:                Min: 0, Avg:  0.0, Max: 0, Diff: 0, Sum: 0, Workers: 13
[2024-10-26T03:19:29.320+0530][132.045s][debug][gc,phases         ] GC(421)         Evac Fail Extra Cards:         Min: 0, Avg:  0.0, Max: 0, Diff: 0, Sum: 0, Workers: 13
[2024-10-26T03:19:29.320+0530][132.045s][debug][gc,phases         ] GC(421)       Clear Logged Cards (ms):       Min: 0.00, Avg: 0.00, Max: 0.00, Diff: 0.00, Sum: 0.00, Workers: 2
[2024-10-26T03:19:29.320+0530][132.045s][debug][gc,phases         ] GC(421)       Recalculate Used Memory (ms):  Min: 0.00, Avg: 0.00, Max: 0.00, Diff: 0.00, Sum: 0.00, Workers: 1
[2024-10-26T03:19:29.320+0530][132.045s][debug][gc,phases         ] GC(421)     Post Evacuate Cleanup 2: 0.06ms
[2024-10-26T03:19:29.320+0530][132.045s][debug][gc,phases         ] GC(421)       Update Derived Pointers (ms):  Min: 0.00, Avg: 0.00, Max: 0.00, Diff: 0.00, Sum: 0.00, Workers: 1
[2024-10-26T03:19:29.320+0530][132.045s][debug][gc,phases         ] GC(421)       Eagerly Reclaim Humongous Objects (ms): skipped
[2024-10-26T03:19:29.320+0530][132.045s][debug][gc,phases         ] GC(421)         Humongous Total:               skipped
[2024-10-26T03:19:29.320+0530][132.045s][debug][gc,phases         ] GC(421)         Humongous Candidates:          skipped
[2024-10-26T03:19:29.320+0530][132.045s][debug][gc,phases         ] GC(421)         Humongous Reclaimed:           skipped
[2024-10-26T03:19:29.320+0530][132.045s][debug][gc,phases         ] GC(421)       Redirty Logged Cards (ms):     Min: 0.00, Avg: 0.00, Max: 0.00, Diff: 0.00, Sum: 0.00, Workers: 13
[2024-10-26T03:19:29.320+0530][132.045s][debug][gc,phases         ] GC(421)         Redirtied Cards:               Min: 0, Avg:  0.0, Max: 0, Diff: 0, Sum: 0, Workers: 13
[2024-10-26T03:19:29.320+0530][132.045s][debug][gc,phases         ] GC(421)       Resize TLABs (ms):             Min: 0.00, Avg: 0.00, Max: 0.00, Diff: 0.00, Sum: 0.00, Workers: 13
[2024-10-26T03:19:29.320+0530][132.045s][debug][gc,phases         ] GC(421)       Free Collection Set (ms):      Min: 0.00, Avg: 0.00, Max: 0.00, Diff: 0.00, Sum: 0.00, Workers: 13
[2024-10-26T03:19:29.320+0530][132.045s][debug][gc,phases         ] GC(421)     Rebuild Free List: 0.08ms
[2024-10-26T03:19:29.320+0530][132.045s][debug][gc,phases         ] GC(421)     Prepare For Mutator: 0.08ms
[2024-10-26T03:19:29.320+0530][132.045s][debug][gc,phases         ] GC(421)     Expand Heap After Collection: 0.00ms
[2024-10-26T03:19:29.320+0530][132.045s][info ][gc,phases         ] GC(421)   Other: 0.31ms
[2024-10-26T03:19:29.320+0530][132.045s][debug][gc,remset         ] GC(421) Coarsening (recent): Inline->AoC 0 (0) AoC->Howl 0 (0) Howl->Full 0 (0) Inline->AoC 0 (0) AoC->BitMap 0 (0) BitMap->Full 0 (0) 
[2024-10-26T03:19:29.320+0530][132.045s][debug][gc,remset         ] GC(421) Coarsening (all): Inline->AoC 262 (0) AoC->Howl 221 (0) Howl->Full 0 (0) Inline->AoC 551 (0) AoC->BitMap 471 (0) BitMap->Full 0 (0) 
[2024-10-26T03:19:29.320+0530][132.045s][info ][gc,heap           ] GC(421) Eden regions: 0->0(0)
[2024-10-26T03:19:29.320+0530][132.045s][info ][gc,heap           ] GC(421) Survivor regions: 0->0(0)
[2024-10-26T03:19:29.320+0530][132.045s][info ][gc,heap           ] GC(421) Old regions: 14->14
[2024-10-26T03:19:29.320+0530][132.045s][info ][gc,heap           ] GC(421) Humongous regions: 2034->2034
[2024-10-26T03:19:29.320+0530][132.045s][info ][gc,metaspace      ] GC(421) Metaspace: 38207K(38720K)->38207K(38720K) NonClass: 33329K(33600K)->33329K(33600K) Class: 4877K(5120K)->4877K(5120K)
[2024-10-26T03:19:29.320+0530][132.045s][debug][gc,heap           ] GC(421) Heap after GC invocations=375 (full 193):
[2024-10-26T03:19:29.320+0530][132.045s][debug][gc,heap           ] GC(421)  garbage-first heap   total reserved 2097152K, committed 2097152K, used 2096783K [0x0000000080000000, 0x0000000100000000)
[2024-10-26T03:19:29.320+0530][132.045s][debug][gc,heap           ] GC(421)   region size 1024K, 0 young (0K), 0 survivors (0K)
[2024-10-26T03:19:29.320+0530][132.045s][debug][gc,heap           ] GC(421)  Metaspace       used 38207K, committed 38720K, reserved 1114112K
[2024-10-26T03:19:29.320+0530][132.045s][debug][gc,heap           ] GC(421)   class space    used 4877K, committed 5120K, reserved 1048576K
[2024-10-26T03:19:29.320+0530][132.045s][info ][gc                ] GC(421) Pause Young (Normal) (G1 Evacuation Pause) 2047M->2047M(2048M) 20.707ms
[2024-10-26T03:19:29.320+0530][132.045s][info ][gc,cpu            ] GC(421) User=0.00s Sys=0.00s Real=0.02s
[2024-10-26T03:19:29.320+0530][132.045s][debug][gc,ergo,heap      ] Attempt heap expansion (allocation request failed). Allocation request: 48B
[2024-10-26T03:19:29.320+0530][132.045s][debug][gc,ergo,heap      ] Expand the heap. requested expansion amount: 1048576B expansion amount: 1048576B
[2024-10-26T03:19:29.320+0530][132.045s][debug][gc,ergo,heap      ] Did not expand the heap (heap already fully expanded)
[2024-10-26T03:19:29.320+0530][132.045s][info ][gc,ergo           ] Attempting full compaction
[2024-10-26T03:19:29.320+0530][132.045s][info ][gc,start          ] GC(422) Pause Full (G1 Compaction Pause)
[2024-10-26T03:19:29.320+0530][132.045s][debug][gc,heap           ] GC(422) Heap before GC invocations=375 (full 193):
[2024-10-26T03:19:29.320+0530][132.045s][debug][gc,heap           ] GC(422)  garbage-first heap   total reserved 2097152K, committed 2097152K, used 2096783K [0x0000000080000000, 0x0000000100000000)
[2024-10-26T03:19:29.320+0530][132.045s][debug][gc,heap           ] GC(422)   region size 1024K, 0 young (0K), 0 survivors (0K)
[2024-10-26T03:19:29.320+0530][132.045s][debug][gc,heap           ] GC(422)  Metaspace       used 38207K, committed 38720K, reserved 1114112K
[2024-10-26T03:19:29.320+0530][132.045s][debug][gc,heap           ] GC(422)   class space    used 4877K, committed 5120K, reserved 1048576K
[2024-10-26T03:19:29.320+0530][132.045s][debug][gc,task           ] GC(422) Requesting 13 active workers for full compaction (waste limited workers: 13, adaptive workers: 13, used limited workers: 2048)
[2024-10-26T03:19:29.320+0530][132.045s][info ][gc,task           ] GC(422) Using 13 workers of 13 for full compaction
[2024-10-26T03:19:29.320+0530][132.045s][debug][gc,start          ] GC(422) Clear Bitmap
[2024-10-26T03:19:29.320+0530][132.046s][debug][gc,ergo           ] GC(422) Running G1 Clear Bitmap with 13 workers for 32 work units.
[2024-10-26T03:19:29.321+0530][132.046s][debug][gc,task,start     ] G1 Service Thread (Card Set Free Memory Task) (run 1.885ms after schedule)
[2024-10-26T03:19:29.322+0530][132.047s][debug][gc                ] GC(422) Clear Bitmap 1.811ms
[2024-10-26T03:19:29.322+0530][132.047s][debug][gc,alloc,region   ] GC(422) Mutator Allocation stats, regions: 0, wasted size: 0B ( 0.0%)
[2024-10-26T03:19:29.322+0530][132.047s][info ][gc,phases,start   ] GC(422) Phase 1: Mark live objects
[2024-10-26T03:19:29.328+0530][132.053s][debug][gc,phases,start   ] GC(422) Phase 1: Reference Processing
[2024-10-26T03:19:29.328+0530][132.053s][debug][gc,ref            ] GC(422) ReferenceProcessor::execute queues: 5, RefProcThreadModel::Multi, marks_oops_alive: false
[2024-10-26T03:19:29.328+0530][132.053s][debug][gc,ref            ] GC(422) Skipped KeepAliveFinalRefsPhase of Reference Processing: no references
[2024-10-26T03:19:29.328+0530][132.053s][debug][gc,ref            ] GC(422) ReferenceProcessor::execute queues: 1, RefProcThreadModel::Single, marks_oops_alive: false
[2024-10-26T03:19:29.328+0530][132.053s][debug][gc,phases,ref     ] GC(422) Reference Processing: 0.3ms
[2024-10-26T03:19:29.328+0530][132.053s][debug][gc,phases,ref     ] GC(422)   Notify Soft/WeakReferences: 0.2ms
[2024-10-26T03:19:29.328+0530][132.053s][debug][gc,phases,ref     ] GC(422)     Balance queues: 0.0ms
[2024-10-26T03:19:29.328+0530][132.053s][debug][gc,phases,ref     ] GC(422)     SoftRef (ms):                  Min: 0.01, Avg: 0.01, Max: 0.03, Diff: 0.02, Sum: 0.07, Workers: 5
[2024-10-26T03:19:29.328+0530][132.053s][debug][gc,phases,ref     ] GC(422)     WeakRef (ms):                  Min: 0.03, Avg: 0.04, Max: 0.05, Diff: 0.03, Sum: 0.20, Workers: 5
[2024-10-26T03:19:29.328+0530][132.053s][debug][gc,phases,ref     ] GC(422)     FinalRef (ms):                 Min: 0.00, Avg: 0.00, Max: 0.00, Diff: 0.00, Sum: 0.00, Workers: 5
[2024-10-26T03:19:29.328+0530][132.053s][debug][gc,phases,ref     ] GC(422)     Total (ms):                    Min: 0.03, Avg: 0.05, Max: 0.08, Diff: 0.05, Sum: 0.27, Workers: 5
[2024-10-26T03:19:29.328+0530][132.053s][debug][gc,phases,ref     ] GC(422)   Notify and keep alive finalizable: 0.0ms
[2024-10-26T03:19:29.328+0530][132.053s][debug][gc,phases,ref     ] GC(422)     FinalRef (ms):                 skipped
[2024-10-26T03:19:29.328+0530][132.053s][debug][gc,phases,ref     ] GC(422)   Notify PhantomReferences: 0.0ms
[2024-10-26T03:19:29.328+0530][132.053s][debug][gc,phases,ref     ] GC(422)     PhantomRef (ms):               Min: 0.01, Avg: 0.01, Max: 0.01, Diff: 0.00, Sum: 0.01, Workers: 1
[2024-10-26T03:19:29.328+0530][132.053s][debug][gc,phases,ref     ] GC(422)   SoftReference Discovered: 1287, Dropped: 1287, Processed: 0
[2024-10-26T03:19:29.328+0530][132.053s][debug][gc,phases,ref     ] GC(422)   WeakReference Discovered: 2798, Dropped: 2798, Processed: 0
[2024-10-26T03:19:29.328+0530][132.053s][debug][gc,phases,ref     ] GC(422)   FinalReference Discovered: 0, Dropped: 0, Processed: 0
[2024-10-26T03:19:29.328+0530][132.053s][debug][gc,phases,ref     ] GC(422)   PhantomReference Discovered: 236, Dropped: 236, Processed: 0
[2024-10-26T03:19:29.328+0530][132.053s][debug][gc,phases         ] GC(422) Phase 1: Reference Processing 0.496ms
[2024-10-26T03:19:29.328+0530][132.053s][debug][gc,phases,start   ] GC(422) Phase 1: Flush Mark Stats Cache
[2024-10-26T03:19:29.328+0530][132.053s][debug][gc,phases         ] GC(422) Phase 1: Flush Mark Stats Cache 0.032ms
[2024-10-26T03:19:29.328+0530][132.053s][debug][gc,phases,start   ] GC(422) Phase 1: Weak Processing
[2024-10-26T03:19:29.329+0530][132.054s][debug][gc,phases         ] GC(422)   VM Weak                        Min: 0.00, Avg: 0.00, Max: 0.00, Diff: 0.00, Sum: 0.01, Workers: 13
[2024-10-26T03:19:29.329+0530][132.054s][debug][gc,phases         ] GC(422)     Dead                           Min: 0, Avg:  0.0, Max: 0, Diff: 0, Sum: 0, Workers: 13
[2024-10-26T03:19:29.329+0530][132.054s][debug][gc,phases         ] GC(422)     Total                          Min: 0, Avg: 20.8, Max: 271, Diff: 271, Sum: 271, Workers: 13
[2024-10-26T03:19:29.329+0530][132.054s][debug][gc,phases         ] GC(422)   ObjectSynchronizer Weak        Min: 0.00, Avg: 0.00, Max: 0.00, Diff: 0.00, Sum: 0.00, Workers: 13
[2024-10-26T03:19:29.329+0530][132.054s][debug][gc,phases         ] GC(422)     Dead                           Min: 0, Avg:  0.0, Max: 0, Diff: 0, Sum: 0, Workers: 13
[2024-10-26T03:19:29.329+0530][132.054s][debug][gc,phases         ] GC(422)     Total                          Min: 0, Avg:  0.2, Max: 3, Diff: 3, Sum: 3, Workers: 13
[2024-10-26T03:19:29.329+0530][132.054s][debug][gc,phases         ] GC(422)   JVMTI Tag Weak OopStorage      Min: 0.00, Avg: 0.00, Max: 0.00, Diff: 0.00, Sum: 0.00, Workers: 13
[2024-10-26T03:19:29.329+0530][132.054s][debug][gc,phases         ] GC(422)     Dead                           Min: 0, Avg:  0.0, Max: 0, Diff: 0, Sum: 0, Workers: 13
[2024-10-26T03:19:29.329+0530][132.054s][debug][gc,phases         ] GC(422)     Total                          Min: 0, Avg:  0.0, Max: 0, Diff: 0, Sum: 0, Workers: 13
[2024-10-26T03:19:29.329+0530][132.054s][debug][gc,phases         ] GC(422)   StringTable Weak               Min: 0.00, Avg: 0.01, Max: 0.06, Diff: 0.06, Sum: 0.19, Workers: 13
[2024-10-26T03:19:29.329+0530][132.054s][debug][gc,phases         ] GC(422)     Dead                           Min: 0, Avg:  0.0, Max: 0, Diff: 0, Sum: 0, Workers: 13
[2024-10-26T03:19:29.329+0530][132.054s][debug][gc,phases         ] GC(422)     Total                          Min: 0, Avg: 1995.1, Max: 9024, Diff: 9024, Sum: 25936, Workers: 13
[2024-10-26T03:19:29.329+0530][132.054s][debug][gc,phases         ] GC(422)   ResolvedMethodTable Weak       Min: 0.00, Avg: 0.00, Max: 0.01, Diff: 0.01, Sum: 0.03, Workers: 13
[2024-10-26T03:19:29.329+0530][132.054s][debug][gc,phases         ] GC(422)     Dead                           Min: 0, Avg:  0.0, Max: 0, Diff: 0, Sum: 0, Workers: 13
[2024-10-26T03:19:29.329+0530][132.054s][debug][gc,phases         ] GC(422)     Total                          Min: 0, Avg: 266.9, Max: 959, Diff: 959, Sum: 3470, Workers: 13
[2024-10-26T03:19:29.329+0530][132.054s][debug][gc,phases         ] GC(422)   JNI Weak                       Min: 0.00, Avg: 0.00, Max: 0.00, Diff: 0.00, Sum: 0.00, Workers: 13
[2024-10-26T03:19:29.329+0530][132.054s][debug][gc,phases         ] GC(422)     Dead                           Min: 0, Avg:  0.0, Max: 0, Diff: 0, Sum: 0, Workers: 13
[2024-10-26T03:19:29.329+0530][132.054s][debug][gc,phases         ] GC(422)     Total                          Min: 0, Avg:  0.2, Max: 3, Diff: 3, Sum: 3, Workers: 13
[2024-10-26T03:19:29.329+0530][132.054s][debug][gc,phases         ] GC(422)   StringDedup Table Weak         Min: 0.00, Avg: 0.00, Max: 0.00, Diff: 0.00, Sum: 0.00, Workers: 13
[2024-10-26T03:19:29.329+0530][132.054s][debug][gc,phases         ] GC(422)     Dead                           Min: 0, Avg:  0.0, Max: 0, Diff: 0, Sum: 0, Workers: 13
[2024-10-26T03:19:29.329+0530][132.054s][debug][gc,phases         ] GC(422)     Total                          Min: 0, Avg:  0.0, Max: 0, Diff: 0, Sum: 0, Workers: 13
[2024-10-26T03:19:29.329+0530][132.054s][debug][gc,phases         ] GC(422)   StringDedup Requests0 Weak     Min: 0.00, Avg: 0.00, Max: 0.00, Diff: 0.00, Sum: 0.00, Workers: 13
[2024-10-26T03:19:29.329+0530][132.054s][debug][gc,phases         ] GC(422)     Dead                           Min: 0, Avg:  0.0, Max: 0, Diff: 0, Sum: 0, Workers: 13
[2024-10-26T03:19:29.329+0530][132.054s][debug][gc,phases         ] GC(422)     Total                          Min: 0, Avg:  0.0, Max: 0, Diff: 0, Sum: 0, Workers: 13
[2024-10-26T03:19:29.329+0530][132.054s][debug][gc,phases         ] GC(422)   StringDedup Requests1 Weak     Min: 0.00, Avg: 0.00, Max: 0.00, Diff: 0.00, Sum: 0.00, Workers: 13
[2024-10-26T03:19:29.329+0530][132.054s][debug][gc,phases         ] GC(422)     Dead                           Min: 0, Avg:  0.0, Max: 0, Diff: 0, Sum: 0, Workers: 13
[2024-10-26T03:19:29.329+0530][132.054s][debug][gc,phases         ] GC(422)     Total                          Min: 0, Avg:  0.0, Max: 0, Diff: 0, Sum: 0, Workers: 13
[2024-10-26T03:19:29.329+0530][132.054s][debug][gc,phases         ] GC(422)   Weak JFR Old Object Samples    Min: 0.00, Avg: 0.00, Max: 0.00, Diff: 0.00, Sum: 0.00, Workers: 13
[2024-10-26T03:19:29.329+0530][132.054s][debug][gc,phases         ] GC(422)     Dead                           Min: 0, Avg:  0.0, Max: 0, Diff: 0, Sum: 0, Workers: 13
[2024-10-26T03:19:29.329+0530][132.054s][debug][gc,phases         ] GC(422)     Total                          Min: 0, Avg:  7.3, Max: 64, Diff: 64, Sum: 95, Workers: 13
[2024-10-26T03:19:29.329+0530][132.054s][debug][gc,phases         ] GC(422) Phase 1: Weak Processing 0.511ms
[2024-10-26T03:19:29.329+0530][132.054s][debug][gc,phases,start   ] GC(422) Phase 1: Class Unloading and Cleanup
[2024-10-26T03:19:29.329+0530][132.054s][debug][gc,phases,start   ] GC(422) ClassLoaderData
[2024-10-26T03:19:29.329+0530][132.054s][debug][gc,phases         ] GC(422) ClassLoaderData 0.026ms
[2024-10-26T03:19:29.329+0530][132.054s][debug][gc,phases,start   ] GC(422) Trigger cleanups
[2024-10-26T03:19:29.329+0530][132.054s][debug][gc,phases         ] GC(422) Trigger cleanups 0.009ms
[2024-10-26T03:19:29.329+0530][132.054s][debug][gc,phases,start   ] GC(422) G1 Complete Cleaning
[2024-10-26T03:19:29.329+0530][132.054s][debug][gc,phases         ] GC(422) G1 Complete Cleaning 0.118ms
[2024-10-26T03:19:29.329+0530][132.054s][debug][gc,phases,start   ] GC(422) Purge Unlinked NMethods
[2024-10-26T03:19:29.329+0530][132.054s][debug][gc,phases         ] GC(422) Purge Unlinked NMethods 0.013ms
[2024-10-26T03:19:29.329+0530][132.054s][debug][gc,phases,start   ] GC(422) Unregister NMethods
[2024-10-26T03:19:29.329+0530][132.054s][debug][gc,phases         ] GC(422) Unregister NMethods 0.225ms
[2024-10-26T03:19:29.329+0530][132.054s][debug][gc,phases,start   ] GC(422) Free Code Blobs
[2024-10-26T03:19:29.329+0530][132.054s][debug][gc,phases         ] GC(422) Free Code Blobs 0.011ms
[2024-10-26T03:19:29.329+0530][132.054s][debug][gc,phases,start   ] GC(422) Purge Class Loader Data
[2024-10-26T03:19:29.329+0530][132.054s][debug][gc,phases         ] GC(422) Purge Class Loader Data 0.011ms
[2024-10-26T03:19:29.329+0530][132.054s][debug][gc,phases         ] GC(422) Phase 1: Class Unloading and Cleanup 0.520ms
[2024-10-26T03:19:29.329+0530][132.054s][debug][gc,phases,start   ] GC(422) Report Object Count
[2024-10-26T03:19:29.329+0530][132.055s][debug][gc,phases         ] GC(422) Report Object Count 0.012ms
[2024-10-26T03:19:29.329+0530][132.055s][info ][gc,phases         ] GC(422) Phase 1: Mark live objects 7.085ms
[2024-10-26T03:19:29.329+0530][132.055s][info ][gc,phases,start   ] GC(422) Phase 2: Prepare compaction
[2024-10-26T03:19:29.329+0530][132.055s][debug][gc,phases,start   ] GC(422) Phase 2: Determine work lists
[2024-10-26T03:19:29.330+0530][132.055s][debug][gc,phases         ] GC(422) Phase 2: Determine work lists 0.085ms
[2024-10-26T03:19:29.330+0530][132.055s][debug][gc,phases,start   ] GC(422) Phase 2: Prepare parallel compaction
[2024-10-26T03:19:29.330+0530][132.055s][debug][gc,phases         ] GC(422) Phase 2: Prepare parallel compaction 0.216ms
[2024-10-26T03:19:29.330+0530][132.055s][debug][gc,phases,start   ] GC(422) Phase 2: Prepare serial compaction
[2024-10-26T03:19:29.330+0530][132.055s][debug][gc,phases         ] GC(422) Phase 2: Prepare serial compaction 0.011ms
[2024-10-26T03:19:29.330+0530][132.055s][info ][gc,phases         ] GC(422) Phase 2: Prepare compaction 0.358ms
[2024-10-26T03:19:29.330+0530][132.055s][info ][gc,phases,start   ] GC(422) Phase 3: Adjust pointers
[2024-10-26T03:19:29.332+0530][132.057s][info ][gc,phases         ] GC(422) Phase 3: Adjust pointers 2.219ms
[2024-10-26T03:19:29.332+0530][132.057s][info ][gc,phases,start   ] GC(422) Phase 4: Compact heap
[2024-10-26T03:19:29.333+0530][132.057s][debug][gc,phases,start   ] GC(422) Phase 4: Serial Compaction
[2024-10-26T03:19:29.333+0530][132.057s][debug][gc,phases         ] GC(422) Phase 4: Serial Compaction 0.166ms
[2024-10-26T03:19:29.333+0530][132.057s][info ][gc,phases         ] GC(422) Phase 4: Compact heap 0.261ms
[2024-10-26T03:19:29.333+0530][132.057s][info ][gc,phases,start   ] GC(422) Phase 5: Reset Metadata
[2024-10-26T03:19:29.334+0530][132.059s][info ][gc,phases         ] GC(422) Phase 5: Reset Metadata 1.293ms
[2024-10-26T03:19:29.334+0530][132.059s][debug][gc,ergo           ] GC(422) Running G1 Clear Bitmap with 13 workers for 32 work units.
[2024-10-26T03:19:29.336+0530][132.061s][debug][gc,alloc,stats    ] Old generation allocation in the last mutator period, old gen allocated: 0B, humongous allocated: 0B, old gen growth: 0B.
[2024-10-26T03:19:29.336+0530][132.061s][debug][gc,remset         ] GC(422) Coarsening (recent): Inline->AoC 0 (0) AoC->Howl 0 (0) Howl->Full 0 (0) Inline->AoC 0 (0) AoC->BitMap 0 (0) BitMap->Full 0 (0) 
[2024-10-26T03:19:29.336+0530][132.061s][debug][gc,remset         ] GC(422) Coarsening (all): Inline->AoC 262 (0) AoC->Howl 221 (0) Howl->Full 0 (0) Inline->AoC 551 (0) AoC->BitMap 471 (0) BitMap->Full 0 (0) 
[2024-10-26T03:19:29.336+0530][132.061s][info ][gc,heap           ] GC(422) Eden regions: 0->0(0)
[2024-10-26T03:19:29.336+0530][132.061s][info ][gc,heap           ] GC(422) Survivor regions: 0->0(0)
[2024-10-26T03:19:29.336+0530][132.061s][info ][gc,heap           ] GC(422) Old regions: 14->14
[2024-10-26T03:19:29.336+0530][132.061s][info ][gc,heap           ] GC(422) Humongous regions: 2034->2034
[2024-10-26T03:19:29.336+0530][132.061s][info ][gc,metaspace      ] GC(422) Metaspace: 38207K(38720K)->38207K(38720K) NonClass: 33329K(33600K)->33329K(33600K) Class: 4877K(5120K)->4877K(5120K)
[2024-10-26T03:19:29.336+0530][132.061s][debug][gc,heap           ] GC(422) Heap after GC invocations=376 (full 194):
[2024-10-26T03:19:29.336+0530][132.061s][debug][gc,heap           ] GC(422)  garbage-first heap   total reserved 2097152K, committed 2097152K, used 2096783K [0x0000000080000000, 0x0000000100000000)
[2024-10-26T03:19:29.336+0530][132.061s][debug][gc,heap           ] GC(422)   region size 1024K, 0 young (0K), 0 survivors (0K)
[2024-10-26T03:19:29.336+0530][132.061s][debug][gc,heap           ] GC(422)  Metaspace       used 38207K, committed 38720K, reserved 1114112K
[2024-10-26T03:19:29.337+0530][132.061s][debug][gc,heap           ] GC(422)   class space    used 4877K, committed 5120K, reserved 1048576K
[2024-10-26T03:19:29.337+0530][132.061s][info ][gc                ] GC(422) Pause Full (G1 Compaction Pause) 2047M->2047M(2048M) 16.116ms
[2024-10-26T03:19:29.337+0530][132.061s][info ][gc,cpu            ] GC(422) User=0.02s Sys=0.00s Real=0.02s
[2024-10-26T03:19:29.337+0530][132.061s][debug][gc,ergo,heap      ] Attempt heap expansion (allocation request failed). Allocation request: 48B
[2024-10-26T03:19:29.337+0530][132.061s][debug][gc,ergo,heap      ] Expand the heap. requested expansion amount: 1048576B expansion amount: 1048576B
[2024-10-26T03:19:29.337+0530][132.061s][debug][gc,ergo,heap      ] Did not expand the heap (heap already fully expanded)
[2024-10-26T03:19:29.337+0530][132.061s][info ][gc,ergo           ] Attempting maximal full compaction clearing soft references
[2024-10-26T03:19:29.337+0530][132.061s][info ][gc,start          ] GC(423) Pause Full (G1 Compaction Pause)
[2024-10-26T03:19:29.337+0530][132.061s][debug][gc,heap           ] GC(423) Heap before GC invocations=376 (full 194):
[2024-10-26T03:19:29.337+0530][132.061s][debug][gc,heap           ] GC(423)  garbage-first heap   total reserved 2097152K, committed 2097152K, used 2096783K [0x0000000080000000, 0x0000000100000000)
[2024-10-26T03:19:29.337+0530][132.061s][debug][gc,heap           ] GC(423)   region size 1024K, 0 young (0K), 0 survivors (0K)
[2024-10-26T03:19:29.337+0530][132.061s][debug][gc,heap           ] GC(423)  Metaspace       used 38207K, committed 38720K, reserved 1114112K
[2024-10-26T03:19:29.337+0530][132.061s][debug][gc,heap           ] GC(423)   class space    used 4877K, committed 5120K, reserved 1048576K
[2024-10-26T03:19:29.337+0530][132.061s][debug][gc,task           ] GC(423) Requesting 13 active workers for full compaction (waste limited workers: 13, adaptive workers: 13, used limited workers: 2048)
[2024-10-26T03:19:29.337+0530][132.061s][info ][gc,task           ] GC(423) Using 13 workers of 13 for full compaction
[2024-10-26T03:19:29.337+0530][132.062s][debug][gc,start          ] GC(423) Clear Bitmap
[2024-10-26T03:19:29.337+0530][132.062s][debug][gc,ergo           ] GC(423) Running G1 Clear Bitmap with 13 workers for 32 work units.
[2024-10-26T03:19:29.339+0530][132.064s][debug][gc                ] GC(423) Clear Bitmap 2.097ms
[2024-10-26T03:19:29.339+0530][132.064s][debug][gc,alloc,region   ] GC(423) Mutator Allocation stats, regions: 0, wasted size: 0B ( 0.0%)
[2024-10-26T03:19:29.339+0530][132.064s][info ][gc,phases,start   ] GC(423) Phase 1: Mark live objects
[2024-10-26T03:19:29.345+0530][132.069s][debug][gc,phases,start   ] GC(423) Phase 1: Reference Processing
[2024-10-26T03:19:29.345+0530][132.070s][debug][gc,ref            ] GC(423) ReferenceProcessor::execute queues: 5, RefProcThreadModel::Multi, marks_oops_alive: false
[2024-10-26T03:19:29.345+0530][132.070s][debug][gc,ref            ] GC(423) Skipped KeepAliveFinalRefsPhase of Reference Processing: no references
[2024-10-26T03:19:29.345+0530][132.070s][debug][gc,ref            ] GC(423) ReferenceProcessor::execute queues: 1, RefProcThreadModel::Single, marks_oops_alive: false
[2024-10-26T03:19:29.345+0530][132.070s][debug][gc,phases,ref     ] GC(423) Reference Processing: 0.3ms
[2024-10-26T03:19:29.345+0530][132.070s][debug][gc,phases,ref     ] GC(423)   Notify Soft/WeakReferences: 0.2ms
[2024-10-26T03:19:29.345+0530][132.070s][debug][gc,phases,ref     ] GC(423)     Balance queues: 0.0ms
[2024-10-26T03:19:29.345+0530][132.070s][debug][gc,phases,ref     ] GC(423)     SoftRef (ms):                  Min: 0.01, Avg: 0.02, Max: 0.02, Diff: 0.02, Sum: 0.10, Workers: 5
[2024-10-26T03:19:29.345+0530][132.070s][debug][gc,phases,ref     ] GC(423)     WeakRef (ms):                  Min: 0.03, Avg: 0.05, Max: 0.08, Diff: 0.05, Sum: 0.25, Workers: 5
[2024-10-26T03:19:29.345+0530][132.070s][debug][gc,phases,ref     ] GC(423)     FinalRef (ms):                 Min: 0.00, Avg: 0.00, Max: 0.00, Diff: 0.00, Sum: 0.00, Workers: 5
[2024-10-26T03:19:29.345+0530][132.070s][debug][gc,phases,ref     ] GC(423)     Total (ms):                    Min: 0.05, Avg: 0.07, Max: 0.10, Diff: 0.05, Sum: 0.35, Workers: 5
[2024-10-26T03:19:29.345+0530][132.070s][debug][gc,phases,ref     ] GC(423)   Notify and keep alive finalizable: 0.0ms
[2024-10-26T03:19:29.345+0530][132.070s][debug][gc,phases,ref     ] GC(423)     FinalRef (ms):                 skipped
[2024-10-26T03:19:29.345+0530][132.070s][debug][gc,phases,ref     ] GC(423)   Notify PhantomReferences: 0.0ms
[2024-10-26T03:19:29.345+0530][132.070s][debug][gc,phases,ref     ] GC(423)     PhantomRef (ms):               Min: 0.01, Avg: 0.01, Max: 0.01, Diff: 0.00, Sum: 0.01, Workers: 1
[2024-10-26T03:19:29.345+0530][132.070s][debug][gc,phases,ref     ] GC(423)   SoftReference Discovered: 1251, Dropped: 1251, Processed: 0
[2024-10-26T03:19:29.345+0530][132.070s][debug][gc,phases,ref     ] GC(423)   WeakReference Discovered: 3084, Dropped: 3084, Processed: 0
[2024-10-26T03:19:29.345+0530][132.070s][debug][gc,phases,ref     ] GC(423)   FinalReference Discovered: 0, Dropped: 0, Processed: 0
[2024-10-26T03:19:29.345+0530][132.070s][debug][gc,phases,ref     ] GC(423)   PhantomReference Discovered: 236, Dropped: 236, Processed: 0
[2024-10-26T03:19:29.345+0530][132.070s][debug][gc,phases         ] GC(423) Phase 1: Reference Processing 0.545ms
[2024-10-26T03:19:29.345+0530][132.070s][debug][gc,phases,start   ] GC(423) Phase 1: Flush Mark Stats Cache
[2024-10-26T03:19:29.345+0530][132.070s][debug][gc,phases         ] GC(423) Phase 1: Flush Mark Stats Cache 0.033ms
[2024-10-26T03:19:29.345+0530][132.070s][debug][gc,phases,start   ] GC(423) Phase 1: Weak Processing
[2024-10-26T03:19:29.345+0530][132.070s][debug][gc,phases         ] GC(423)   VM Weak                        Min: 0.00, Avg: 0.00, Max: 0.00, Diff: 0.00, Sum: 0.01, Workers: 13
[2024-10-26T03:19:29.345+0530][132.070s][debug][gc,phases         ] GC(423)     Dead                           Min: 0, Avg:  0.0, Max: 0, Diff: 0, Sum: 0, Workers: 13
[2024-10-26T03:19:29.345+0530][132.070s][debug][gc,phases         ] GC(423)     Total                          Min: 0, Avg: 20.8, Max: 271, Diff: 271, Sum: 271, Workers: 13
[2024-10-26T03:19:29.345+0530][132.070s][debug][gc,phases         ] GC(423)   ObjectSynchronizer Weak        Min: 0.00, Avg: 0.00, Max: 0.00, Diff: 0.00, Sum: 0.00, Workers: 13
[2024-10-26T03:19:29.345+0530][132.070s][debug][gc,phases         ] GC(423)     Dead                           Min: 0, Avg:  0.0, Max: 0, Diff: 0, Sum: 0, Workers: 13
[2024-10-26T03:19:29.345+0530][132.070s][debug][gc,phases         ] GC(423)     Total                          Min: 0, Avg:  0.2, Max: 3, Diff: 3, Sum: 3, Workers: 13
[2024-10-26T03:19:29.345+0530][132.070s][debug][gc,phases         ] GC(423)   JVMTI Tag Weak OopStorage      Min: 0.00, Avg: 0.00, Max: 0.00, Diff: 0.00, Sum: 0.00, Workers: 13
[2024-10-26T03:19:29.345+0530][132.070s][debug][gc,phases         ] GC(423)     Dead                           Min: 0, Avg:  0.0, Max: 0, Diff: 0, Sum: 0, Workers: 13
[2024-10-26T03:19:29.345+0530][132.070s][debug][gc,phases         ] GC(423)     Total                          Min: 0, Avg:  0.0, Max: 0, Diff: 0, Sum: 0, Workers: 13
[2024-10-26T03:19:29.345+0530][132.070s][debug][gc,phases         ] GC(423)   StringTable Weak               Min: 0.00, Avg: 0.01, Max: 0.06, Diff: 0.06, Sum: 0.17, Workers: 13
[2024-10-26T03:19:29.346+0530][132.070s][debug][gc,phases         ] GC(423)     Dead                           Min: 0, Avg:  0.0, Max: 0, Diff: 0, Sum: 0, Workers: 13
[2024-10-26T03:19:29.346+0530][132.070s][debug][gc,phases         ] GC(423)     Total                          Min: 0, Avg: 1995.1, Max: 10304, Diff: 10304, Sum: 25936, Workers: 13
[2024-10-26T03:19:29.346+0530][132.070s][debug][gc,phases         ] GC(423)   ResolvedMethodTable Weak       Min: 0.00, Avg: 0.00, Max: 0.01, Diff: 0.01, Sum: 0.03, Workers: 13
[2024-10-26T03:19:29.346+0530][132.070s][debug][gc,phases         ] GC(423)     Dead                           Min: 0, Avg:  0.0, Max: 0, Diff: 0, Sum: 0, Workers: 13
[2024-10-26T03:19:29.346+0530][132.070s][debug][gc,phases         ] GC(423)     Total                          Min: 0, Avg: 266.9, Max: 959, Diff: 959, Sum: 3470, Workers: 13
[2024-10-26T03:19:29.346+0530][132.070s][debug][gc,phases         ] GC(423)   JNI Weak                       Min: 0.00, Avg: 0.00, Max: 0.00, Diff: 0.00, Sum: 0.00, Workers: 13
[2024-10-26T03:19:29.346+0530][132.070s][debug][gc,phases         ] GC(423)     Dead                           Min: 0, Avg:  0.0, Max: 0, Diff: 0, Sum: 0, Workers: 13
[2024-10-26T03:19:29.346+0530][132.070s][debug][gc,phases         ] GC(423)     Total                          Min: 0, Avg:  0.2, Max: 3, Diff: 3, Sum: 3, Workers: 13
[2024-10-26T03:19:29.346+0530][132.070s][debug][gc,phases         ] GC(423)   StringDedup Table Weak         Min: 0.00, Avg: 0.00, Max: 0.00, Diff: 0.00, Sum: 0.00, Workers: 13
[2024-10-26T03:19:29.346+0530][132.070s][debug][gc,phases         ] GC(423)     Dead                           Min: 0, Avg:  0.0, Max: 0, Diff: 0, Sum: 0, Workers: 13
[2024-10-26T03:19:29.346+0530][132.070s][debug][gc,phases         ] GC(423)     Total                          Min: 0, Avg:  0.0, Max: 0, Diff: 0, Sum: 0, Workers: 13
[2024-10-26T03:19:29.346+0530][132.070s][debug][gc,phases         ] GC(423)   StringDedup Requests0 Weak     Min: 0.00, Avg: 0.00, Max: 0.00, Diff: 0.00, Sum: 0.00, Workers: 13
[2024-10-26T03:19:29.346+0530][132.070s][debug][gc,phases         ] GC(423)     Dead                           Min: 0, Avg:  0.0, Max: 0, Diff: 0, Sum: 0, Workers: 13
[2024-10-26T03:19:29.346+0530][132.070s][debug][gc,phases         ] GC(423)     Total                          Min: 0, Avg:  0.0, Max: 0, Diff: 0, Sum: 0, Workers: 13
[2024-10-26T03:19:29.346+0530][132.070s][debug][gc,phases         ] GC(423)   StringDedup Requests1 Weak     Min: 0.00, Avg: 0.00, Max: 0.00, Diff: 0.00, Sum: 0.00, Workers: 13
[2024-10-26T03:19:29.346+0530][132.070s][debug][gc,phases         ] GC(423)     Dead                           Min: 0, Avg:  0.0, Max: 0, Diff: 0, Sum: 0, Workers: 13
[2024-10-26T03:19:29.346+0530][132.070s][debug][gc,phases         ] GC(423)     Total                          Min: 0, Avg:  0.0, Max: 0, Diff: 0, Sum: 0, Workers: 13
[2024-10-26T03:19:29.346+0530][132.070s][debug][gc,phases         ] GC(423)   Weak JFR Old Object Samples    Min: 0.00, Avg: 0.00, Max: 0.00, Diff: 0.00, Sum: 0.00, Workers: 13
[2024-10-26T03:19:29.346+0530][132.070s][debug][gc,phases         ] GC(423)     Dead                           Min: 0, Avg:  0.0, Max: 0, Diff: 0, Sum: 0, Workers: 13
[2024-10-26T03:19:29.346+0530][132.070s][debug][gc,phases         ] GC(423)     Total                          Min: 0, Avg:  7.3, Max: 71, Diff: 71, Sum: 95, Workers: 13
[2024-10-26T03:19:29.346+0530][132.070s][debug][gc,phases         ] GC(423) Phase 1: Weak Processing 0.509ms
[2024-10-26T03:19:29.346+0530][132.071s][debug][gc,phases,start   ] GC(423) Phase 1: Class Unloading and Cleanup
[2024-10-26T03:19:29.346+0530][132.071s][debug][gc,phases,start   ] GC(423) ClassLoaderData
[2024-10-26T03:19:29.346+0530][132.071s][debug][gc,phases         ] GC(423) ClassLoaderData 0.026ms
[2024-10-26T03:19:29.346+0530][132.071s][debug][gc,phases,start   ] GC(423) Trigger cleanups
[2024-10-26T03:19:29.346+0530][132.071s][debug][gc,phases         ] GC(423) Trigger cleanups 0.010ms
[2024-10-26T03:19:29.346+0530][132.071s][debug][gc,phases,start   ] GC(423) G1 Complete Cleaning
[2024-10-26T03:19:29.346+0530][132.071s][debug][gc,phases         ] GC(423) G1 Complete Cleaning 0.122ms
[2024-10-26T03:19:29.346+0530][132.071s][debug][gc,phases,start   ] GC(423) Purge Unlinked NMethods
[2024-10-26T03:19:29.346+0530][132.071s][debug][gc,phases         ] GC(423) Purge Unlinked NMethods 0.014ms
[2024-10-26T03:19:29.346+0530][132.071s][debug][gc,phases,start   ] GC(423) Unregister NMethods
[2024-10-26T03:19:29.346+0530][132.071s][debug][gc,phases         ] GC(423) Unregister NMethods 0.217ms
[2024-10-26T03:19:29.346+0530][132.071s][debug][gc,phases,start   ] GC(423) Free Code Blobs
[2024-10-26T03:19:29.346+0530][132.071s][debug][gc,phases         ] GC(423) Free Code Blobs 0.061ms
[2024-10-26T03:19:29.346+0530][132.071s][debug][gc,phases,start   ] GC(423) Purge Class Loader Data
[2024-10-26T03:19:29.346+0530][132.071s][debug][gc,phases         ] GC(423) Purge Class Loader Data 0.013ms
[2024-10-26T03:19:29.346+0530][132.071s][debug][gc,phases         ] GC(423) Phase 1: Class Unloading and Cleanup 0.594ms
[2024-10-26T03:19:29.346+0530][132.071s][debug][gc,phases,start   ] GC(423) Report Object Count
[2024-10-26T03:19:29.346+0530][132.071s][debug][gc,phases         ] GC(423) Report Object Count 0.010ms
[2024-10-26T03:19:29.346+0530][132.071s][info ][gc,phases         ] GC(423) Phase 1: Mark live objects 7.223ms
[2024-10-26T03:19:29.346+0530][132.071s][info ][gc,phases,start   ] GC(423) Phase 2: Prepare compaction
[2024-10-26T03:19:29.346+0530][132.071s][debug][gc,phases,start   ] GC(423) Phase 2: Determine work lists
[2024-10-26T03:19:29.347+0530][132.071s][debug][gc,phases         ] GC(423) Phase 2: Determine work lists 0.099ms
[2024-10-26T03:19:29.347+0530][132.071s][debug][gc,phases,start   ] GC(423) Phase 2: Prepare parallel compaction
[2024-10-26T03:19:29.348+0530][132.073s][debug][gc,phases         ] GC(423) Phase 2: Prepare parallel compaction 1.287ms
[2024-10-26T03:19:29.348+0530][132.073s][debug][gc,phases,start   ] GC(423) Phase 2: Prepare serial compaction
[2024-10-26T03:19:29.351+0530][132.076s][debug][gc,phases         ] GC(423) Phase 2: Prepare serial compaction 3.029ms
[2024-10-26T03:19:29.351+0530][132.076s][debug][gc,phases,start   ] GC(423) Phase 2: Prepare humongous compaction
[2024-10-26T03:19:29.351+0530][132.076s][debug][gc,phases         ] GC(423) Phase 2: Prepare humongous compaction 0.274ms
[2024-10-26T03:19:29.351+0530][132.076s][info ][gc,phases         ] GC(423) Phase 2: Prepare compaction 4.798ms
[2024-10-26T03:19:29.351+0530][132.076s][info ][gc,phases,start   ] GC(423) Phase 3: Adjust pointers
[2024-10-26T03:19:29.354+0530][132.079s][info ][gc,phases         ] GC(423) Phase 3: Adjust pointers 2.816ms
[2024-10-26T03:19:29.354+0530][132.079s][info ][gc,phases,start   ] GC(423) Phase 4: Compact heap
[2024-10-26T03:19:29.354+0530][132.079s][debug][gc,phases,start   ] GC(423) Phase 4: Serial Compaction
[2024-10-26T03:19:29.357+0530][132.082s][debug][gc,phases         ] GC(423) Phase 4: Serial Compaction 2.771ms
[2024-10-26T03:19:29.357+0530][132.082s][info ][gc,phases         ] GC(423) Phase 4: Compact heap 3.097ms
[2024-10-26T03:19:29.357+0530][132.082s][info ][gc,phases,start   ] GC(423) Phase 5: Reset Metadata
[2024-10-26T03:19:29.358+0530][132.082s][info ][gc,phases         ] GC(423) Phase 5: Reset Metadata 0.541ms
[2024-10-26T03:19:29.358+0530][132.083s][debug][gc,ergo           ] GC(423) Running G1 Clear Bitmap with 13 workers for 32 work units.
[2024-10-26T03:19:29.360+0530][132.085s][debug][gc,alloc,stats    ] Old generation allocation in the last mutator period, old gen allocated: 0B, humongous allocated: 0B, old gen growth: 0B.
[2024-10-26T03:19:29.360+0530][132.085s][debug][gc,remset         ] GC(423) Coarsening (recent): Inline->AoC 0 (0) AoC->Howl 0 (0) Howl->Full 0 (0) Inline->AoC 0 (0) AoC->BitMap 0 (0) BitMap->Full 0 (0) 
[2024-10-26T03:19:29.360+0530][132.085s][debug][gc,remset         ] GC(423) Coarsening (all): Inline->AoC 262 (0) AoC->Howl 221 (0) Howl->Full 0 (0) Inline->AoC 551 (0) AoC->BitMap 471 (0) BitMap->Full 0 (0) 
[2024-10-26T03:19:29.360+0530][132.085s][info ][gc,heap           ] GC(423) Eden regions: 0->0(0)
[2024-10-26T03:19:29.361+0530][132.085s][info ][gc,heap           ] GC(423) Survivor regions: 0->0(0)
[2024-10-26T03:19:29.361+0530][132.085s][info ][gc,heap           ] GC(423) Old regions: 14->14
[2024-10-26T03:19:29.361+0530][132.085s][info ][gc,heap           ] GC(423) Humongous regions: 2034->2034
[2024-10-26T03:19:29.361+0530][132.085s][info ][gc,metaspace      ] GC(423) Metaspace: 38207K(38720K)->38207K(38720K) NonClass: 33329K(33600K)->33329K(33600K) Class: 4877K(5120K)->4877K(5120K)
[2024-10-26T03:19:29.361+0530][132.085s][debug][gc,heap           ] GC(423) Heap after GC invocations=377 (full 195):
[2024-10-26T03:19:29.361+0530][132.085s][debug][gc,heap           ] GC(423)  garbage-first heap   total reserved 2097152K, committed 2097152K, used 2096783K [0x0000000080000000, 0x0000000100000000)
[2024-10-26T03:19:29.361+0530][132.085s][debug][gc,heap           ] GC(423)   region size 1024K, 0 young (0K), 0 survivors (0K)
[2024-10-26T03:19:29.361+0530][132.085s][debug][gc,heap           ] GC(423)  Metaspace       used 38207K, committed 38720K, reserved 1114112K
[2024-10-26T03:19:29.361+0530][132.085s][debug][gc,heap           ] GC(423)   class space    used 4877K, committed 5120K, reserved 1048576K
[2024-10-26T03:19:29.361+0530][132.085s][info ][gc                ] GC(423) Pause Full (G1 Compaction Pause) 2047M->2047M(2048M) 23.979ms
[2024-10-26T03:19:29.361+0530][132.085s][info ][gc,cpu            ] GC(423) User=0.02s Sys=0.00s Real=0.02s
[2024-10-26T03:19:29.361+0530][132.085s][debug][gc,ergo,heap      ] Attempt heap expansion (allocation request failed). Allocation request: 48B
[2024-10-26T03:19:29.361+0530][132.085s][debug][gc,ergo,heap      ] Expand the heap. requested expansion amount: 1048576B expansion amount: 1048576B
[2024-10-26T03:19:29.361+0530][132.085s][debug][gc,ergo,heap      ] Did not expand the heap (heap already fully expanded)
[2024-10-26T03:19:29.361+0530][132.085s][info ][gc,marking        ] GC(418) Concurrent Mark Abort
[2024-10-26T03:19:29.361+0530][132.086s][info ][gc                ] GC(418) Concurrent Mark Cycle 102.435ms
[2024-10-26T03:19:29.361+0530][132.086s][debug][gc,task           ] G1 Service Thread (Card Set Free Memory Task) (run: 39.934ms) (cpu: 0.000ms)
[2024-10-26T03:19:29.361+0530][132.086s][debug][gc,refine         ] Concurrent refinement: wanted 0, cards: 0, predicted: 0, time: 0.00ms
[2024-10-26T03:19:29.361+0530][132.086s][debug][gc,ergo           ] Request concurrent cycle initiation (requested by GC cause). GC cause: G1 Humongous Allocation
[2024-10-26T03:19:29.361+0530][132.086s][debug][gc,ergo           ] GC(424) Initiate concurrent cycle (concurrent cycle initiation requested)
[2024-10-26T03:19:29.361+0530][132.086s][info ][gc,start          ] GC(424) Pause Young (Concurrent Start) (G1 Humongous Allocation)
[2024-10-26T03:19:29.361+0530][132.086s][debug][gc,heap           ] GC(424) Heap before GC invocations=377 (full 195):
[2024-10-26T03:19:29.361+0530][132.086s][debug][gc,heap           ] GC(424)  garbage-first heap   total reserved 2097152K, committed 2097152K, used 2096783K [0x0000000080000000, 0x0000000100000000)
[2024-10-26T03:19:29.361+0530][132.086s][debug][gc,heap           ] GC(424)   region size 1024K, 0 young (0K), 0 survivors (0K)
[2024-10-26T03:19:29.361+0530][132.086s][debug][gc,heap           ] GC(424)  Metaspace       used 38207K, committed 38720K, reserved 1114112K
[2024-10-26T03:19:29.361+0530][132.086s][debug][gc,heap           ] GC(424)   class space    used 4877K, committed 5120K, reserved 1048576K
[2024-10-26T03:19:29.361+0530][132.086s][info ][gc,task           ] GC(424) Using 13 workers of 13 for evacuation
[2024-10-26T03:19:29.361+0530][132.086s][debug][gc,age            ] GC(424) Desired survivor size 0 bytes, new threshold 15 (max threshold 15)
[2024-10-26T03:19:29.361+0530][132.086s][debug][gc,refine,stats   ] GC(424) Mutator refinement: 0.00ms, refined: 0, precleaned: 0, dirtied: 3
[2024-10-26T03:19:29.361+0530][132.086s][debug][gc,refine,stats   ] GC(424) Concurrent refinement: 0.00ms, refined: 0, precleaned: 0, dirtied: 0
[2024-10-26T03:19:29.361+0530][132.086s][debug][gc,refine,stats   ] GC(424) Total refinement: 0.00ms, refined: 0, precleaned: 0, dirtied: 3
[2024-10-26T03:19:29.361+0530][132.086s][debug][gc,alloc,region   ] GC(424) Mutator Allocation stats, regions: 0, wasted size: 0B ( 0.0%)
[2024-10-26T03:19:29.361+0530][132.086s][debug][gc,ergo,cset      ] GC(424) No candidates to reclaim.
[2024-10-26T03:19:29.361+0530][132.086s][debug][gc,humongous      ] GC(424) Humongous region 14 (object size 1048592 @ 0x0000000080e00000) remset 0 code roots 0 marked 0 pinned count 0 reclaim candidate 0 type array 1
[2024-10-26T03:19:29.361+0530][132.086s][debug][gc,humongous      ] GC(424) Humongous region 16 (object size 1048592 @ 0x0000000081000000) remset 0 code roots 0 marked 0 pinned count 0 reclaim candidate 0 type array 1
[2024-10-26T03:19:29.361+0530][132.086s][debug][gc,humongous      ] GC(424) Humongous region 158 (object size 1048592 @ 0x0000000089e00000) remset 0 code roots 0 marked 0 pinned count 0 reclaim candidate 0 type array 1
[2024-10-26T03:19:29.361+0530][132.086s][debug][gc,humongous      ] GC(424) Humongous region 316 (object size 1048592 @ 0x0000000093c00000) remset 0 code roots 0 marked 0 pinned count 0 reclaim candidate 0 type array 1
[2024-10-26T03:19:29.361+0530][132.086s][debug][gc,humongous      ] GC(424) Humongous region 472 (object size 1048592 @ 0x000000009d800000) remset 0 code roots 0 marked 0 pinned count 0 reclaim candidate 0 type array 1
[2024-10-26T03:19:29.361+0530][132.086s][debug][gc,humongous      ] GC(424) Humongous region 18 (object size 1048592 @ 0x0000000081200000) remset 0 code roots 0 marked 0 pinned count 0 reclaim candidate 0 type array 1
[2024-10-26T03:19:29.361+0530][132.086s][debug][gc,humongous      ] GC(424) Humongous region 788 (object size 1048592 @ 0x00000000b1400000) remset 0 code roots 0 marked 0 pinned count 0 reclaim candidate 0 type array 1
[2024-10-26T03:19:29.361+0530][132.086s][debug][gc,humongous      ] GC(424) Humongous region 946 (object size 1048592 @ 0x00000000bb200000) remset 0 code roots 0 marked 0 pinned count 0 reclaim candidate 0 type array 1
[2024-10-26T03:19:29.361+0530][132.086s][debug][gc,humongous      ] GC(424) Humongous region 630 (object size 1048592 @ 0x00000000a7600000) remset 0 code roots 0 marked 0 pinned count 0 reclaim candidate 0 type array 1
[2024-10-26T03:19:29.361+0530][132.086s][debug][gc,humongous      ] GC(424) Humongous region 1102 (object size 1048592 @ 0x00000000c4e00000) remset 0 code roots 0 marked 0 pinned count 0 reclaim candidate 0 type array 1
[2024-10-26T03:19:29.361+0530][132.086s][debug][gc,humongous      ] GC(424) Humongous region 1260 (object size 1048592 @ 0x00000000cec00000) remset 0 code roots 0 marked 0 pinned count 0 reclaim candidate 0 type array 1
[2024-10-26T03:19:29.361+0530][132.086s][debug][gc,humongous      ] GC(424) Humongous region 1418 (object size 1048592 @ 0x00000000d8a00000) remset 0 code roots 0 marked 0 pinned count 0 reclaim candidate 0 type array 1
[2024-10-26T03:19:29.361+0530][132.086s][debug][gc,humongous      ] GC(424) Humongous region 1732 (object size 1048592 @ 0x00000000ec400000) remset 0 code roots 0 marked 0 pinned count 0 reclaim candidate 0 type array 1
[2024-10-26T03:19:29.361+0530][132.086s][debug][gc,humongous      ] GC(424) Humongous region 1576 (object size 1048592 @ 0x00000000e2800000) remset 0 code roots 0 marked 0 pinned count 0 reclaim candidate 0 type array 1
[2024-10-26T03:19:29.361+0530][132.086s][debug][gc,humongous      ] GC(424) Humongous region 1890 (object size 1048592 @ 0x00000000f6200000) remset 0 code roots 0 marked 0 pinned count 0 reclaim candidate 0 type array 1
[2024-10-26T03:19:29.361+0530][132.086s][debug][gc,humongous      ] GC(424) Humongous region 160 (object size 1048592 @ 0x000000008a000000) remset 0 code roots 0 marked 0 pinned count 0 reclaim candidate 0 type array 1
[2024-10-26T03:19:29.361+0530][132.086s][debug][gc,humongous      ] GC(424) Humongous region 318 (object size 1048592 @ 0x0000000093e00000) remset 0 code roots 0 marked 0 pinned count 0 reclaim candidate 0 type array 1
[2024-10-26T03:19:29.361+0530][132.086s][debug][gc,humongous      ] GC(424) Humongous region 474 (object size 1048592 @ 0x000000009da00000) remset 0 code roots 0 marked 0 pinned count 0 reclaim candidate 0 type array 1
[2024-10-26T03:19:29.361+0530][132.086s][debug][gc,humongous      ] GC(424) Humongous region 20 (object size 1048592 @ 0x0000000081400000) remset 0 code roots 0 marked 0 pinned count 0 reclaim candidate 0 type array 1
[2024-10-26T03:19:29.361+0530][132.086s][debug][gc,humongous      ] GC(424) Humongous region 790 (object size 1048592 @ 0x00000000b1600000) remset 0 code roots 0 marked 0 pinned count 0 reclaim candidate 0 type array 1
[2024-10-26T03:19:29.361+0530][132.086s][debug][gc,humongous      ] GC(424) Humongous region 948 (object size 1048592 @ 0x00000000bb400000) remset 0 code roots 0 marked 0 pinned count 0 reclaim candidate 0 type array 1
[2024-10-26T03:19:29.361+0530][132.086s][debug][gc,humongous      ] GC(424) Humongous region 632 (object size 1048592 @ 0x00000000a7800000) remset 0 code roots 0 marked 0 pinned count 0 reclaim candidate 0 type array 1
[2024-10-26T03:19:29.361+0530][132.086s][debug][gc,humongous      ] GC(424) Humongous region 1104 (object size 1048592 @ 0x00000000c5000000) remset 0 code roots 0 marked 0 pinned count 0 reclaim candidate 0 type array 1
[2024-10-26T03:19:29.361+0530][132.086s][debug][gc,humongous      ] GC(424) Humongous region 1262 (object size 1048592 @ 0x00000000cee00000) remset 0 code roots 0 marked 0 pinned count 0 reclaim candidate 0 type array 1
[2024-10-26T03:19:29.361+0530][132.086s][debug][gc,humongous      ] GC(424) Humongous region 1420 (object size 1048592 @ 0x00000000d8c00000) remset 0 code roots 0 marked 0 pinned count 0 reclaim candidate 0 type array 1
[2024-10-26T03:19:29.361+0530][132.086s][debug][gc,humongous      ] GC(424) Humongous region 1734 (object size 1048592 @ 0x00000000ec600000) remset 0 code roots 0 marked 0 pinned count 0 reclaim candidate 0 type array 1
[2024-10-26T03:19:29.362+0530][132.086s][debug][gc,humongous      ] GC(424) Humongous region 1578 (object size 1048592 @ 0x00000000e2a00000) remset 0 code roots 0 marked 0 pinned count 0 reclaim candidate 0 type array 1
[2024-10-26T03:19:29.362+0530][132.086s][debug][gc,humongous      ] GC(424) Humongous region 1892 (object size 1048592 @ 0x00000000f6400000) remset 0 code roots 0 marked 0 pinned count 0 reclaim candidate 0 type array 1
[2024-10-26T03:19:29.362+0530][132.086s][debug][gc,humongous      ] GC(424) Humongous region 162 (object size 1048592 @ 0x000000008a200000) remset 0 code roots 0 marked 0 pinned count 0 reclaim candidate 0 type array 1
[2024-10-26T03:19:29.362+0530][132.086s][debug][gc,humongous      ] GC(424) Humongous region 320 (object size 1048592 @ 0x0000000094000000) remset 0 code roots 0 marked 0 pinned count 0 reclaim candidate 0 type array 1
[2024-10-26T03:19:29.362+0530][132.086s][debug][gc,humongous      ] GC(424) Humongous region 476 (object size 1048592 @ 0x000000009dc00000) remset 0 code roots 0 marked 0 pinned count 0 reclaim candidate 0 type array 1
[2024-10-26T03:19:29.362+0530][132.086s][debug][gc,humongous      ] GC(424) Humongous region 22 (object size 1048592 @ 0x0000000081600000) remset 0 code roots 0 marked 0 pinned count 0 reclaim candidate 0 type array 1
[2024-10-26T03:19:29.362+0530][132.086s][debug][gc,humongous      ] GC(424) Humongous region 792 (object size 1048592 @ 0x00000000b1800000) remset 0 code roots 0 marked 0 pinned count 0 reclaim candidate 0 type array 1
[2024-10-26T03:19:29.362+0530][132.086s][debug][gc,humongous      ] GC(424) Humongous region 950 (object size 1048592 @ 0x00000000bb600000) remset 0 code roots 0 marked 0 pinned count 0 reclaim candidate 0 type array 1
[2024-10-26T03:19:29.362+0530][132.086s][debug][gc,humongous      ] GC(424) Humongous region 634 (object size 1048592 @ 0x00000000a7a00000) remset 0 code roots 0 marked 0 pinned count 0 reclaim candidate 0 type array 1
[2024-10-26T03:19:29.362+0530][132.086s][debug][gc,humongous      ] GC(424) Humongous region 1106 (object size 1048592 @ 0x00000000c5200000) remset 0 code roots 0 marked 0 pinned count 0 reclaim candidate 0 type array 1
[2024-10-26T03:19:29.362+0530][132.086s][debug][gc,humongous      ] GC(424) Humongous region 1264 (object size 1048592 @ 0x00000000cf000000) remset 0 code roots 0 marked 0 pinned count 0 reclaim candidate 0 type array 1
[2024-10-26T03:19:29.362+0530][132.086s][debug][gc,humongous      ] GC(424) Humongous region 1422 (object size 1048592 @ 0x00000000d8e00000) remset 0 code roots 0 marked 0 pinned count 0 reclaim candidate 0 type array 1
[2024-10-26T03:19:29.362+0530][132.086s][debug][gc,humongous      ] GC(424) Humongous region 1736 (object size 1048592 @ 0x00000000ec800000) remset 0 code roots 0 marked 0 pinned count 0 reclaim candidate 0 type array 1
[2024-10-26T03:19:29.362+0530][132.086s][debug][gc,humongous      ] GC(424) Humongous region 1580 (object size 1048592 @ 0x00000000e2c00000) remset 0 code roots 0 marked 0 pinned count 0 reclaim candidate 0 type array 1
[2024-10-26T03:19:29.362+0530][132.086s][debug][gc,humongous      ] GC(424) Humongous region 1894 (object size 1048592 @ 0x00000000f6600000) remset 0 code roots 0 marked 0 pinned count 0 reclaim candidate 0 type array 1
[2024-10-26T03:19:29.362+0530][132.086s][debug][gc,humongous      ] GC(424) Humongous region 164 (object size 1048592 @ 0x000000008a400000) remset 0 code roots 0 marked 0 pinned count 0 reclaim candidate 0 type array 1
[2024-10-26T03:19:29.362+0530][132.086s][debug][gc,humongous      ] GC(424) Humongous region 322 (object size 1048592 @ 0x0000000094200000) remset 0 code roots 0 marked 0 pinned count 0 reclaim candidate 0 type array 1
[2024-10-26T03:19:29.362+0530][132.086s][debug][gc,humongous      ] GC(424) Humongous region 478 (object size 1048592 @ 0x000000009de00000) remset 0 code roots 0 marked 0 pinned count 0 reclaim candidate 0 type array 1
[2024-10-26T03:19:29.362+0530][132.086s][debug][gc,humongous      ] GC(424) Humongous region 24 (object size 1048592 @ 0x0000000081800000) remset 0 code roots 0 marked 0 pinned count 0 reclaim candidate 0 type array 1
[2024-10-26T03:19:29.362+0530][132.086s][debug][gc,humongous      ] GC(424) Humongous region 794 (object size 1048592 @ 0x00000000b1a00000) remset 0 code roots 0 marked 0 pinned count 0 reclaim candidate 0 type array 1
[2024-10-26T03:19:29.362+0530][132.086s][debug][gc,humongous      ] GC(424) Humongous region 952 (object size 1048592 @ 0x00000000bb800000) remset 0 code roots 0 marked 0 pinned count 0 reclaim candidate 0 type array 1
[2024-10-26T03:19:29.362+0530][132.087s][debug][gc,humongous      ] GC(424) Humongous region 636 (object size 1048592 @ 0x00000000a7c00000) remset 0 code roots 0 marked 0 pinned count 0 reclaim candidate 0 type array 1
[2024-10-26T03:19:29.362+0530][132.087s][debug][gc,humongous      ] GC(424) Humongous region 1108 (object size 1048592 @ 0x00000000c5400000) remset 0 code roots 0 marked 0 pinned count 0 reclaim candidate 0 type array 1
[2024-10-26T03:19:29.362+0530][132.087s][debug][gc,humongous      ] GC(424) Humongous region 1266 (object size 1048592 @ 0x00000000cf200000) remset 0 code roots 0 marked 0 pinned count 0 reclaim candidate 0 type array 1
[2024-10-26T03:19:29.362+0530][132.087s][debug][gc,humongous      ] GC(424) Humongous region 1424 (object size 1048592 @ 0x00000000d9000000) remset 0 code roots 0 marked 0 pinned count 0 reclaim candidate 0 type array 1
[2024-10-26T03:19:29.362+0530][132.087s][debug][gc,humongous      ] GC(424) Humongous region 1738 (object size 1048592 @ 0x00000000eca00000) remset 0 code roots 0 marked 0 pinned count 0 reclaim candidate 0 type array 1
[2024-10-26T03:19:29.362+0530][132.087s][debug][gc,humongous      ] GC(424) Humongous region 1582 (object size 1048592 @ 0x00000000e2e00000) remset 0 code roots 0 marked 0 pinned count 0 reclaim candidate 0 type array 1
[2024-10-26T03:19:29.362+0530][132.087s][debug][gc,humongous      ] GC(424) Humongous region 1896 (object size 1048592 @ 0x00000000f6800000) remset 0 code roots 0 marked 0 pinned count 0 reclaim candidate 0 type array 1
[2024-10-26T03:19:29.362+0530][132.087s][debug][gc,humongous      ] GC(424) Humongous region 166 (object size 1048592 @ 0x000000008a600000) remset 0 code roots 0 marked 0 pinned count 0 reclaim candidate 0 type array 1
[2024-10-26T03:19:29.362+0530][132.087s][debug][gc,humongous      ] GC(424) Humongous region 324 (object size 1048592 @ 0x0000000094400000) remset 0 code roots 0 marked 0 pinned count 0 reclaim candidate 0 type array 1
[2024-10-26T03:19:29.362+0530][132.087s][debug][gc,humongous      ] GC(424) Humongous region 480 (object size 1048592 @ 0x000000009e000000) remset 0 code roots 0 marked 0 pinned count 0 reclaim candidate 0 type array 1
[2024-10-26T03:19:29.362+0530][132.087s][debug][gc,humongous      ] GC(424) Humongous region 26 (object size 1048592 @ 0x0000000081a00000) remset 0 code roots 0 marked 0 pinned count 0 reclaim candidate 0 type array 1
[2024-10-26T03:19:29.362+0530][132.087s][debug][gc,humongous      ] GC(424) Humongous region 796 (object size 1048592 @ 0x00000000b1c00000) remset 0 code roots 0 marked 0 pinned count 0 reclaim candidate 0 type array 1
[2024-10-26T03:19:29.362+0530][132.087s][debug][gc,humongous      ] GC(424) Humongous region 954 (object size 1048592 @ 0x00000000bba00000) remset 0 code roots 0 marked 0 pinned count 0 reclaim candidate 0 type array 1
[2024-10-26T03:19:29.362+0530][132.087s][debug][gc,humongous      ] GC(424) Humongous region 638 (object size 1048592 @ 0x00000000a7e00000) remset 0 code roots 0 marked 0 pinned count 0 reclaim candidate 0 type array 1
[2024-10-26T03:19:29.362+0530][132.087s][debug][gc,humongous      ] GC(424) Humongous region 1110 (object size 1048592 @ 0x00000000c5600000) remset 0 code roots 0 marked 0 pinned count 0 reclaim candidate 0 type array 1
[2024-10-26T03:19:29.362+0530][132.087s][debug][gc,humongous      ] GC(424) Humongous region 1268 (object size 1048592 @ 0x00000000cf400000) remset 0 code roots 0 marked 0 pinned count 0 reclaim candidate 0 type array 1
[2024-10-26T03:19:29.362+0530][132.087s][debug][gc,humongous      ] GC(424) Humongous region 1426 (object size 1048592 @ 0x00000000d9200000) remset 0 code roots 0 marked 0 pinned count 0 reclaim candidate 0 type array 1
[2024-10-26T03:19:29.362+0530][132.087s][debug][gc,humongous      ] GC(424) Humongous region 1740 (object size 1048592 @ 0x00000000ecc00000) remset 0 code roots 0 marked 0 pinned count 0 reclaim candidate 0 type array 1
[2024-10-26T03:19:29.362+0530][132.087s][debug][gc,humongous      ] GC(424) Humongous region 1584 (object size 1048592 @ 0x00000000e3000000) remset 0 code roots 0 marked 0 pinned count 0 reclaim candidate 0 type array 1
[2024-10-26T03:19:29.362+0530][132.087s][debug][gc,humongous      ] GC(424) Humongous region 1898 (object size 1048592 @ 0x00000000f6a00000) remset 0 code roots 0 marked 0 pinned count 0 reclaim candidate 0 type array 1
[2024-10-26T03:19:29.362+0530][132.087s][debug][gc,humongous      ] GC(424) Humongous region 168 (object size 1048592 @ 0x000000008a800000) remset 0 code roots 0 marked 0 pinned count 0 reclaim candidate 0 type array 1
[2024-10-26T03:19:29.362+0530][132.087s][debug][gc,humongous      ] GC(424) Humongous region 326 (object size 1048592 @ 0x0000000094600000) remset 0 code roots 0 marked 0 pinned count 0 reclaim candidate 0 type array 1
[2024-10-26T03:19:29.362+0530][132.087s][debug][gc,humongous      ] GC(424) Humongous region 482 (object size 1048592 @ 0x000000009e200000) remset 0 code roots 0 marked 0 pinned count 0 reclaim candidate 0 type array 1
[2024-10-26T03:19:29.362+0530][132.087s][debug][gc,humongous      ] GC(424) Humongous region 28 (object size 1048592 @ 0x0000000081c00000) remset 0 code roots 0 marked 0 pinned count 0 reclaim candidate 0 type array 1
[2024-10-26T03:19:29.362+0530][132.087s][debug][gc,humongous      ] GC(424) Humongous region 798 (object size 1048592 @ 0x00000000b1e00000) remset 0 code roots 0 marked 0 pinned count 0 reclaim candidate 0 type array 1
[2024-10-26T03:19:29.362+0530][132.087s][debug][gc,humongous      ] GC(424) Humongous region 956 (object size 1048592 @ 0x00000000bbc00000) remset 0 code roots 0 marked 0 pinned count 0 reclaim candidate 0 type array 1
[2024-10-26T03:19:29.362+0530][132.087s][debug][gc,humongous      ] GC(424) Humongous region 640 (object size 1048592 @ 0x00000000a8000000) remset 0 code roots 0 marked 0 pinned count 0 reclaim candidate 0 type array 1
[2024-10-26T03:19:29.362+0530][132.087s][debug][gc,humongous      ] GC(424) Humongous region 1112 (object size 1048592 @ 0x00000000c5800000) remset 0 code roots 0 marked 0 pinned count 0 reclaim candidate 0 type array 1
[2024-10-26T03:19:29.362+0530][132.087s][debug][gc,humongous      ] GC(424) Humongous region 1270 (object size 1048592 @ 0x00000000cf600000) remset 0 code roots 0 marked 0 pinned count 0 reclaim candidate 0 type array 1
[2024-10-26T03:19:29.362+0530][132.087s][debug][gc,humongous      ] GC(424) Humongous region 1428 (object size 1048592 @ 0x00000000d9400000) remset 0 code roots 0 marked 0 pinned count 0 reclaim candidate 0 type array 1
[2024-10-26T03:19:29.362+0530][132.087s][debug][gc,humongous      ] GC(424) Humongous region 1742 (object size 1048592 @ 0x00000000ece00000) remset 0 code roots 0 marked 0 pinned count 0 reclaim candidate 0 type array 1
[2024-10-26T03:19:29.362+0530][132.087s][debug][gc,humongous      ] GC(424) Humongous region 1586 (object size 1048592 @ 0x00000000e3200000) remset 0 code roots 0 marked 0 pinned count 0 reclaim candidate 0 type array 1
[2024-10-26T03:19:29.362+0530][132.087s][debug][gc,humongous      ] GC(424) Humongous region 1900 (object size 1048592 @ 0x00000000f6c00000) remset 0 code roots 0 marked 0 pinned count 0 reclaim candidate 0 type array 1
[2024-10-26T03:19:29.362+0530][132.087s][debug][gc,humongous      ] GC(424) Humongous region 170 (object size 1048592 @ 0x000000008aa00000) remset 0 code roots 0 marked 0 pinned count 0 reclaim candidate 0 type array 1
[2024-10-26T03:19:29.362+0530][132.087s][debug][gc,humongous      ] GC(424) Humongous region 328 (object size 1048592 @ 0x0000000094800000) remset 0 code roots 0 marked 0 pinned count 0 reclaim candidate 0 type array 1
[2024-10-26T03:19:29.362+0530][132.087s][debug][gc,humongous      ] GC(424) Humongous region 484 (object size 1048592 @ 0x000000009e400000) remset 0 code roots 0 marked 0 pinned count 0 reclaim candidate 0 type array 1
[2024-10-26T03:19:29.362+0530][132.087s][debug][gc,humongous      ] GC(424) Humongous region 30 (object size 1048592 @ 0x0000000081e00000) remset 0 code roots 0 marked 0 pinned count 0 reclaim candidate 0 type array 1
[2024-10-26T03:19:29.362+0530][132.087s][debug][gc,humongous      ] GC(424) Humongous region 800 (object size 1048592 @ 0x00000000b2000000) remset 0 code roots 0 marked 0 pinned count 0 reclaim candidate 0 type array 1
[2024-10-26T03:19:29.362+0530][132.087s][debug][gc,humongous      ] GC(424) Humongous region 958 (object size 1048592 @ 0x00000000bbe00000) remset 0 code roots 0 marked 0 pinned count 0 reclaim candidate 0 type array 1
[2024-10-26T03:19:29.362+0530][132.087s][debug][gc,humongous      ] GC(424) Humongous region 642 (object size 1048592 @ 0x00000000a8200000) remset 0 code roots 0 marked 0 pinned count 0 reclaim candidate 0 type array 1
[2024-10-26T03:19:29.362+0530][132.087s][debug][gc,humongous      ] GC(424) Humongous region 1114 (object size 1048592 @ 0x00000000c5a00000) remset 0 code roots 0 marked 0 pinned count 0 reclaim candidate 0 type array 1
[2024-10-26T03:19:29.362+0530][132.087s][debug][gc,humongous      ] GC(424) Humongous region 1272 (object size 1048592 @ 0x00000000cf800000) remset 0 code roots 0 marked 0 pinned count 0 reclaim candidate 0 type array 1
[2024-10-26T03:19:29.362+0530][132.087s][debug][gc,humongous      ] GC(424) Humongous region 1430 (object size 1048592 @ 0x00000000d9600000) remset 0 code roots 0 marked 0 pinned count 0 reclaim candidate 0 type array 1
[2024-10-26T03:19:29.362+0530][132.087s][debug][gc,humongous      ] GC(424) Humongous region 1744 (object size 1048592 @ 0x00000000ed000000) remset 0 code roots 0 marked 0 pinned count 0 reclaim candidate 0 type array 1
[2024-10-26T03:19:29.362+0530][132.087s][debug][gc,humongous      ] GC(424) Humongous region 1588 (object size 1048592 @ 0x00000000e3400000) remset 0 code roots 0 marked 0 pinned count 0 reclaim candidate 0 type array 1
[2024-10-26T03:19:29.362+0530][132.087s][debug][gc,humongous      ] GC(424) Humongous region 1902 (object size 1048592 @ 0x00000000f6e00000) remset 0 code roots 0 marked 0 pinned count 0 reclaim candidate 0 type array 1
[2024-10-26T03:19:29.363+0530][132.087s][debug][gc,humongous      ] GC(424) Humongous region 172 (object size 1048592 @ 0x000000008ac00000) remset 0 code roots 0 marked 0 pinned count 0 reclaim candidate 0 type array 1
[2024-10-26T03:19:29.363+0530][132.087s][debug][gc,humongous      ] GC(424) Humongous region 330 (object size 1048592 @ 0x0000000094a00000) remset 0 code roots 0 marked 0 pinned count 0 reclaim candidate 0 type array 1
[2024-10-26T03:19:29.363+0530][132.087s][debug][gc,humongous      ] GC(424) Humongous region 486 (object size 1048592 @ 0x000000009e600000) remset 0 code roots 0 marked 0 pinned count 0 reclaim candidate 0 type array 1
[2024-10-26T03:19:29.363+0530][132.087s][debug][gc,humongous      ] GC(424) Humongous region 32 (object size 1048592 @ 0x0000000082000000) remset 0 code roots 0 marked 0 pinned count 0 reclaim candidate 0 type array 1
[2024-10-26T03:19:29.363+0530][132.087s][debug][gc,humongous      ] GC(424) Humongous region 802 (object size 1048592 @ 0x00000000b2200000) remset 0 code roots 0 marked 0 pinned count 0 reclaim candidate 0 type array 1
[2024-10-26T03:19:29.363+0530][132.087s][debug][gc,humongous      ] GC(424) Humongous region 960 (object size 1048592 @ 0x00000000bc000000) remset 0 code roots 0 marked 0 pinned count 0 reclaim candidate 0 type array 1
[2024-10-26T03:19:29.363+0530][132.087s][debug][gc,humongous      ] GC(424) Humongous region 644 (object size 1048592 @ 0x00000000a8400000) remset 0 code roots 0 marked 0 pinned count 0 reclaim candidate 0 type array 1
[2024-10-26T03:19:29.363+0530][132.087s][debug][gc,humongous      ] GC(424) Humongous region 1116 (object size 1048592 @ 0x00000000c5c00000) remset 0 code roots 0 marked 0 pinned count 0 reclaim candidate 0 type array 1
[2024-10-26T03:19:29.363+0530][132.087s][debug][gc,humongous      ] GC(424) Humongous region 1274 (object size 1048592 @ 0x00000000cfa00000) remset 0 code roots 0 marked 0 pinned count 0 reclaim candidate 0 type array 1
[2024-10-26T03:19:29.363+0530][132.087s][debug][gc,humongous      ] GC(424) Humongous region 1432 (object size 1048592 @ 0x00000000d9800000) remset 0 code roots 0 marked 0 pinned count 0 reclaim candidate 0 type array 1
[2024-10-26T03:19:29.363+0530][132.087s][debug][gc,humongous      ] GC(424) Humongous region 1746 (object size 1048592 @ 0x00000000ed200000) remset 0 code roots 0 marked 0 pinned count 0 reclaim candidate 0 type array 1
[2024-10-26T03:19:29.363+0530][132.088s][debug][gc,humongous      ] GC(424) Humongous region 1590 (object size 1048592 @ 0x00000000e3600000) remset 0 code roots 0 marked 0 pinned count 0 reclaim candidate 0 type array 1
[2024-10-26T03:19:29.363+0530][132.088s][debug][gc,humongous      ] GC(424) Humongous region 1904 (object size 1048592 @ 0x00000000f7000000) remset 0 code roots 0 marked 0 pinned count 0 reclaim candidate 0 type array 1
[2024-10-26T03:19:29.363+0530][132.088s][debug][gc,humongous      ] GC(424) Humongous region 174 (object size 1048592 @ 0x000000008ae00000) remset 0 code roots 0 marked 0 pinned count 0 reclaim candidate 0 type array 1
[2024-10-26T03:19:29.363+0530][132.088s][debug][gc,humongous      ] GC(424) Humongous region 332 (object size 1048592 @ 0x0000000094c00000) remset 0 code roots 0 marked 0 pinned count 0 reclaim candidate 0 type array 1
[2024-10-26T03:19:29.363+0530][132.088s][debug][gc,humongous      ] GC(424) Humongous region 488 (object size 1048592 @ 0x000000009e800000) remset 0 code roots 0 marked 0 pinned count 0 reclaim candidate 0 type array 1
[2024-10-26T03:19:29.363+0530][132.088s][debug][gc,humongous      ] GC(424) Humongous region 34 (object size 1048592 @ 0x0000000082200000) remset 0 code roots 0 marked 0 pinned count 0 reclaim candidate 0 type array 1
[2024-10-26T03:19:29.363+0530][132.088s][debug][gc,humongous      ] GC(424) Humongous region 804 (object size 1048592 @ 0x00000000b2400000) remset 0 code roots 0 marked 0 pinned count 0 reclaim candidate 0 type array 1
[2024-10-26T03:19:29.363+0530][132.088s][debug][gc,humongous      ] GC(424) Humongous region 962 (object size 1048592 @ 0x00000000bc200000) remset 0 code roots 0 marked 0 pinned count 0 reclaim candidate 0 type array 1
[2024-10-26T03:19:29.363+0530][132.088s][debug][gc,humongous      ] GC(424) Humongous region 646 (object size 1048592 @ 0x00000000a8600000) remset 0 code roots 0 marked 0 pinned count 0 reclaim candidate 0 type array 1
[2024-10-26T03:19:29.363+0530][132.088s][debug][gc,humongous      ] GC(424) Humongous region 1118 (object size 1048592 @ 0x00000000c5e00000) remset 0 code roots 0 marked 0 pinned count 0 reclaim candidate 0 type array 1
[2024-10-26T03:19:29.363+0530][132.088s][debug][gc,humongous      ] GC(424) Humongous region 1276 (object size 1048592 @ 0x00000000cfc00000) remset 0 code roots 0 marked 0 pinned count 0 reclaim candidate 0 type array 1
[2024-10-26T03:19:29.363+0530][132.088s][debug][gc,humongous      ] GC(424) Humongous region 1434 (object size 1048592 @ 0x00000000d9a00000) remset 0 code roots 0 marked 0 pinned count 0 reclaim candidate 0 type array 1
[2024-10-26T03:19:29.363+0530][132.088s][debug][gc,humongous      ] GC(424) Humongous region 1748 (object size 1048592 @ 0x00000000ed400000) remset 0 code roots 0 marked 0 pinned count 0 reclaim candidate 0 type array 1
[2024-10-26T03:19:29.363+0530][132.088s][debug][gc,humongous      ] GC(424) Humongous region 1592 (object size 1048592 @ 0x00000000e3800000) remset 0 code roots 0 marked 0 pinned count 0 reclaim candidate 0 type array 1
[2024-10-26T03:19:29.363+0530][132.088s][debug][gc,humongous      ] GC(424) Humongous region 1906 (object size 1048592 @ 0x00000000f7200000) remset 0 code roots 0 marked 0 pinned count 0 reclaim candidate 0 type array 1
[2024-10-26T03:19:29.363+0530][132.088s][debug][gc,humongous      ] GC(424) Humongous region 176 (object size 1048592 @ 0x000000008b000000) remset 0 code roots 0 marked 0 pinned count 0 reclaim candidate 0 type array 1
[2024-10-26T03:19:29.363+0530][132.088s][debug][gc,humongous      ] GC(424) Humongous region 334 (object size 1048592 @ 0x0000000094e00000) remset 0 code roots 0 marked 0 pinned count 0 reclaim candidate 0 type array 1
[2024-10-26T03:19:29.363+0530][132.088s][debug][gc,humongous      ] GC(424) Humongous region 490 (object size 1048592 @ 0x000000009ea00000) remset 0 code roots 0 marked 0 pinned count 0 reclaim candidate 0 type array 1
[2024-10-26T03:19:29.363+0530][132.088s][debug][gc,humongous      ] GC(424) Humongous region 36 (object size 1048592 @ 0x0000000082400000) remset 0 code roots 0 marked 0 pinned count 0 reclaim candidate 0 type array 1
[2024-10-26T03:19:29.363+0530][132.088s][debug][gc,humongous      ] GC(424) Humongous region 806 (object size 1048592 @ 0x00000000b2600000) remset 0 code roots 0 marked 0 pinned count 0 reclaim candidate 0 type array 1
[2024-10-26T03:19:29.363+0530][132.088s][debug][gc,humongous      ] GC(424) Humongous region 964 (object size 1048592 @ 0x00000000bc400000) remset 0 code roots 0 marked 0 pinned count 0 reclaim candidate 0 type array 1
[2024-10-26T03:19:29.363+0530][132.088s][debug][gc,humongous      ] GC(424) Humongous region 648 (object size 1048592 @ 0x00000000a8800000) remset 0 code roots 0 marked 0 pinned count 0 reclaim candidate 0 type array 1
[2024-10-26T03:19:29.363+0530][132.088s][debug][gc,humongous      ] GC(424) Humongous region 1120 (object size 1048592 @ 0x00000000c6000000) remset 0 code roots 0 marked 0 pinned count 0 reclaim candidate 0 type array 1
[2024-10-26T03:19:29.363+0530][132.088s][debug][gc,humongous      ] GC(424) Humongous region 1278 (object size 1048592 @ 0x00000000cfe00000) remset 0 code roots 0 marked 0 pinned count 0 reclaim candidate 0 type array 1
[2024-10-26T03:19:29.363+0530][132.088s][debug][gc,humongous      ] GC(424) Humongous region 1436 (object size 1048592 @ 0x00000000d9c00000) remset 0 code roots 0 marked 0 pinned count 0 reclaim candidate 0 type array 1
[2024-10-26T03:19:29.363+0530][132.088s][debug][gc,humongous      ] GC(424) Humongous region 1750 (object size 1048592 @ 0x00000000ed600000) remset 0 code roots 0 marked 0 pinned count 0 reclaim candidate 0 type array 1
[2024-10-26T03:19:29.363+0530][132.088s][debug][gc,humongous      ] GC(424) Humongous region 1594 (object size 1048592 @ 0x00000000e3a00000) remset 0 code roots 0 marked 0 pinned count 0 reclaim candidate 0 type array 1
[2024-10-26T03:19:29.363+0530][132.088s][debug][gc,humongous      ] GC(424) Humongous region 1908 (object size 1048592 @ 0x00000000f7400000) remset 0 code roots 0 marked 0 pinned count 0 reclaim candidate 0 type array 1
[2024-10-26T03:19:29.363+0530][132.088s][debug][gc,humongous      ] GC(424) Humongous region 178 (object size 1048592 @ 0x000000008b200000) remset 0 code roots 0 marked 0 pinned count 0 reclaim candidate 0 type array 1
[2024-10-26T03:19:29.363+0530][132.088s][debug][gc,humongous      ] GC(424) Humongous region 336 (object size 1048592 @ 0x0000000095000000) remset 0 code roots 0 marked 0 pinned count 0 reclaim candidate 0 type array 1
[2024-10-26T03:19:29.363+0530][132.088s][debug][gc,humongous      ] GC(424) Humongous region 492 (object size 1048592 @ 0x000000009ec00000) remset 0 code roots 0 marked 0 pinned count 0 reclaim candidate 0 type array 1
[2024-10-26T03:19:29.363+0530][132.088s][debug][gc,humongous      ] GC(424) Humongous region 38 (object size 1048592 @ 0x0000000082600000) remset 0 code roots 0 marked 0 pinned count 0 reclaim candidate 0 type array 1
[2024-10-26T03:19:29.363+0530][132.088s][debug][gc,humongous      ] GC(424) Humongous region 808 (object size 1048592 @ 0x00000000b2800000) remset 0 code roots 0 marked 0 pinned count 0 reclaim candidate 0 type array 1
[2024-10-26T03:19:29.363+0530][132.088s][debug][gc,humongous      ] GC(424) Humongous region 966 (object size 1048592 @ 0x00000000bc600000) remset 0 code roots 0 marked 0 pinned count 0 reclaim candidate 0 type array 1
[2024-10-26T03:19:29.363+0530][132.088s][debug][gc,humongous      ] GC(424) Humongous region 650 (object size 1048592 @ 0x00000000a8a00000) remset 0 code roots 0 marked 0 pinned count 0 reclaim candidate 0 type array 1
[2024-10-26T03:19:29.363+0530][132.088s][debug][gc,humongous      ] GC(424) Humongous region 1122 (object size 1048592 @ 0x00000000c6200000) remset 0 code roots 0 marked 0 pinned count 0 reclaim candidate 0 type array 1
[2024-10-26T03:19:29.363+0530][132.088s][debug][gc,humongous      ] GC(424) Humongous region 1280 (object size 1048592 @ 0x00000000d0000000) remset 0 code roots 0 marked 0 pinned count 0 reclaim candidate 0 type array 1
[2024-10-26T03:19:29.363+0530][132.088s][debug][gc,humongous      ] GC(424) Humongous region 1438 (object size 1048592 @ 0x00000000d9e00000) remset 0 code roots 0 marked 0 pinned count 0 reclaim candidate 0 type array 1
[2024-10-26T03:19:29.363+0530][132.088s][debug][gc,humongous      ] GC(424) Humongous region 1752 (object size 1048592 @ 0x00000000ed800000) remset 0 code roots 0 marked 0 pinned count 0 reclaim candidate 0 type array 1
[2024-10-26T03:19:29.363+0530][132.088s][debug][gc,humongous      ] GC(424) Humongous region 1596 (object size 1048592 @ 0x00000000e3c00000) remset 0 code roots 0 marked 0 pinned count 0 reclaim candidate 0 type array 1
[2024-10-26T03:19:29.363+0530][132.088s][debug][gc,humongous      ] GC(424) Humongous region 1910 (object size 1048592 @ 0x00000000f7600000) remset 0 code roots 0 marked 0 pinned count 0 reclaim candidate 0 type array 1
[2024-10-26T03:19:29.363+0530][132.088s][debug][gc,humongous      ] GC(424) Humongous region 180 (object size 1048592 @ 0x000000008b400000) remset 0 code roots 0 marked 0 pinned count 0 reclaim candidate 0 type array 1
[2024-10-26T03:19:29.363+0530][132.088s][debug][gc,humongous      ] GC(424) Humongous region 338 (object size 1048592 @ 0x0000000095200000) remset 0 code roots 0 marked 0 pinned count 0 reclaim candidate 0 type array 1
[2024-10-26T03:19:29.363+0530][132.088s][debug][gc,humongous      ] GC(424) Humongous region 494 (object size 1048592 @ 0x000000009ee00000) remset 0 code roots 0 marked 0 pinned count 0 reclaim candidate 0 type array 1
[2024-10-26T03:19:29.363+0530][132.088s][debug][gc,humongous      ] GC(424) Humongous region 40 (object size 1048592 @ 0x0000000082800000) remset 0 code roots 0 marked 0 pinned count 0 reclaim candidate 0 type array 1
[2024-10-26T03:19:29.363+0530][132.088s][debug][gc,humongous      ] GC(424) Humongous region 810 (object size 1048592 @ 0x00000000b2a00000) remset 0 code roots 0 marked 0 pinned count 0 reclaim candidate 0 type array 1
[2024-10-26T03:19:29.363+0530][132.088s][debug][gc,humongous      ] GC(424) Humongous region 968 (object size 1048592 @ 0x00000000bc800000) remset 0 code roots 0 marked 0 pinned count 0 reclaim candidate 0 type array 1
[2024-10-26T03:19:29.363+0530][132.088s][debug][gc,humongous      ] GC(424) Humongous region 652 (object size 1048592 @ 0x00000000a8c00000) remset 0 code roots 0 marked 0 pinned count 0 reclaim candidate 0 type array 1
[2024-10-26T03:19:29.363+0530][132.088s][debug][gc,humongous      ] GC(424) Humongous region 1124 (object size 1048592 @ 0x00000000c6400000) remset 0 code roots 0 marked 0 pinned count 0 reclaim candidate 0 type array 1
[2024-10-26T03:19:29.363+0530][132.088s][debug][gc,humongous      ] GC(424) Humongous region 1282 (object size 1048592 @ 0x00000000d0200000) remset 0 code roots 0 marked 0 pinned count 0 reclaim candidate 0 type array 1
[2024-10-26T03:19:29.363+0530][132.088s][debug][gc,humongous      ] GC(424) Humongous region 1440 (object size 1048592 @ 0x00000000da000000) remset 0 code roots 0 marked 0 pinned count 0 reclaim candidate 0 type array 1
[2024-10-26T03:19:29.363+0530][132.088s][debug][gc,humongous      ] GC(424) Humongous region 1754 (object size 1048592 @ 0x00000000eda00000) remset 0 code roots 0 marked 0 pinned count 0 reclaim candidate 0 type array 1
[2024-10-26T03:19:29.363+0530][132.088s][debug][gc,humongous      ] GC(424) Humongous region 1598 (object size 1048592 @ 0x00000000e3e00000) remset 0 code roots 0 marked 0 pinned count 0 reclaim candidate 0 type array 1
[2024-10-26T03:19:29.363+0530][132.088s][debug][gc,humongous      ] GC(424) Humongous region 1912 (object size 1048592 @ 0x00000000f7800000) remset 0 code roots 0 marked 0 pinned count 0 reclaim candidate 0 type array 1
[2024-10-26T03:19:29.363+0530][132.088s][debug][gc,humongous      ] GC(424) Humongous region 182 (object size 1048592 @ 0x000000008b600000) remset 0 code roots 0 marked 0 pinned count 0 reclaim candidate 0 type array 1
[2024-10-26T03:19:29.363+0530][132.088s][debug][gc,humongous      ] GC(424) Humongous region 340 (object size 1048592 @ 0x0000000095400000) remset 0 code roots 0 marked 0 pinned count 0 reclaim candidate 0 type array 1
[2024-10-26T03:19:29.363+0530][132.089s][debug][gc,humongous      ] GC(424) Humongous region 496 (object size 1048592 @ 0x000000009f000000) remset 0 code roots 0 marked 0 pinned count 0 reclaim candidate 0 type array 1
[2024-10-26T03:19:29.363+0530][132.089s][debug][gc,humongous      ] GC(424) Humongous region 42 (object size 1048592 @ 0x0000000082a00000) remset 0 code roots 0 marked 0 pinned count 0 reclaim candidate 0 type array 1
[2024-10-26T03:19:29.363+0530][132.089s][debug][gc,humongous      ] GC(424) Humongous region 812 (object size 1048592 @ 0x00000000b2c00000) remset 0 code roots 0 marked 0 pinned count 0 reclaim candidate 0 type array 1
[2024-10-26T03:19:29.363+0530][132.089s][debug][gc,humongous      ] GC(424) Humongous region 970 (object size 1048592 @ 0x00000000bca00000) remset 0 code roots 0 marked 0 pinned count 0 reclaim candidate 0 type array 1
[2024-10-26T03:19:29.363+0530][132.089s][debug][gc,humongous      ] GC(424) Humongous region 654 (object size 1048592 @ 0x00000000a8e00000) remset 0 code roots 0 marked 0 pinned count 0 reclaim candidate 0 type array 1
[2024-10-26T03:19:29.364+0530][132.089s][debug][gc,humongous      ] GC(424) Humongous region 1126 (object size 1048592 @ 0x00000000c6600000) remset 0 code roots 0 marked 0 pinned count 0 reclaim candidate 0 type array 1
[2024-10-26T03:19:29.364+0530][132.089s][debug][gc,humongous      ] GC(424) Humongous region 1284 (object size 1048592 @ 0x00000000d0400000) remset 0 code roots 0 marked 0 pinned count 0 reclaim candidate 0 type array 1
[2024-10-26T03:19:29.364+0530][132.089s][debug][gc,humongous      ] GC(424) Humongous region 1442 (object size 1048592 @ 0x00000000da200000) remset 0 code roots 0 marked 0 pinned count 0 reclaim candidate 0 type array 1
[2024-10-26T03:19:29.364+0530][132.089s][debug][gc,humongous      ] GC(424) Humongous region 1756 (object size 1048592 @ 0x00000000edc00000) remset 0 code roots 0 marked 0 pinned count 0 reclaim candidate 0 type array 1
[2024-10-26T03:19:29.364+0530][132.089s][debug][gc,humongous      ] GC(424) Humongous region 1600 (object size 1048592 @ 0x00000000e4000000) remset 0 code roots 0 marked 0 pinned count 0 reclaim candidate 0 type array 1
[2024-10-26T03:19:29.364+0530][132.089s][debug][gc,humongous      ] GC(424) Humongous region 1914 (object size 1048592 @ 0x00000000f7a00000) remset 0 code roots 0 marked 0 pinned count 0 reclaim candidate 0 type array 1
[2024-10-26T03:19:29.364+0530][132.089s][debug][gc,humongous      ] GC(424) Humongous region 184 (object size 1048592 @ 0x000000008b800000) remset 0 code roots 0 marked 0 pinned count 0 reclaim candidate 0 type array 1
[2024-10-26T03:19:29.364+0530][132.089s][debug][gc,humongous      ] GC(424) Humongous region 342 (object size 1048592 @ 0x0000000095600000) remset 0 code roots 0 marked 0 pinned count 0 reclaim candidate 0 type array 1
[2024-10-26T03:19:29.364+0530][132.089s][debug][gc,humongous      ] GC(424) Humongous region 498 (object size 1048592 @ 0x000000009f200000) remset 0 code roots 0 marked 0 pinned count 0 reclaim candidate 0 type array 1
[2024-10-26T03:19:29.364+0530][132.089s][debug][gc,humongous      ] GC(424) Humongous region 44 (object size 1048592 @ 0x0000000082c00000) remset 0 code roots 0 marked 0 pinned count 0 reclaim candidate 0 type array 1
[2024-10-26T03:19:29.364+0530][132.089s][debug][gc,humongous      ] GC(424) Humongous region 814 (object size 1048592 @ 0x00000000b2e00000) remset 0 code roots 0 marked 0 pinned count 0 reclaim candidate 0 type array 1
[2024-10-26T03:19:29.364+0530][132.089s][debug][gc,humongous      ] GC(424) Humongous region 972 (object size 1048592 @ 0x00000000bcc00000) remset 0 code roots 0 marked 0 pinned count 0 reclaim candidate 0 type array 1
[2024-10-26T03:19:29.364+0530][132.089s][debug][gc,humongous      ] GC(424) Humongous region 656 (object size 1048592 @ 0x00000000a9000000) remset 0 code roots 0 marked 0 pinned count 0 reclaim candidate 0 type array 1
[2024-10-26T03:19:29.364+0530][132.089s][debug][gc,humongous      ] GC(424) Humongous region 1128 (object size 1048592 @ 0x00000000c6800000) remset 0 code roots 0 marked 0 pinned count 0 reclaim candidate 0 type array 1
[2024-10-26T03:19:29.364+0530][132.089s][debug][gc,humongous      ] GC(424) Humongous region 1286 (object size 1048592 @ 0x00000000d0600000) remset 0 code roots 0 marked 0 pinned count 0 reclaim candidate 0 type array 1
[2024-10-26T03:19:29.364+0530][132.089s][debug][gc,humongous      ] GC(424) Humongous region 1444 (object size 1048592 @ 0x00000000da400000) remset 0 code roots 0 marked 0 pinned count 0 reclaim candidate 0 type array 1
[2024-10-26T03:19:29.364+0530][132.089s][debug][gc,humongous      ] GC(424) Humongous region 1758 (object size 1048592 @ 0x00000000ede00000) remset 0 code roots 0 marked 0 pinned count 0 reclaim candidate 0 type array 1
[2024-10-26T03:19:29.364+0530][132.089s][debug][gc,humongous      ] GC(424) Humongous region 1602 (object size 1048592 @ 0x00000000e4200000) remset 0 code roots 0 marked 0 pinned count 0 reclaim candidate 0 type array 1
[2024-10-26T03:19:29.364+0530][132.089s][debug][gc,humongous      ] GC(424) Humongous region 1916 (object size 1048592 @ 0x00000000f7c00000) remset 0 code roots 0 marked 0 pinned count 0 reclaim candidate 0 type array 1
[2024-10-26T03:19:29.364+0530][132.089s][debug][gc,humongous      ] GC(424) Humongous region 186 (object size 1048592 @ 0x000000008ba00000) remset 0 code roots 0 marked 0 pinned count 0 reclaim candidate 0 type array 1
[2024-10-26T03:19:29.364+0530][132.089s][debug][gc,humongous      ] GC(424) Humongous region 344 (object size 1048592 @ 0x0000000095800000) remset 0 code roots 0 marked 0 pinned count 0 reclaim candidate 0 type array 1
[2024-10-26T03:19:29.364+0530][132.089s][debug][gc,humongous      ] GC(424) Humongous region 500 (object size 1048592 @ 0x000000009f400000) remset 0 code roots 0 marked 0 pinned count 0 reclaim candidate 0 type array 1
[2024-10-26T03:19:29.364+0530][132.089s][debug][gc,humongous      ] GC(424) Humongous region 46 (object size 1048592 @ 0x0000000082e00000) remset 0 code roots 0 marked 0 pinned count 0 reclaim candidate 0 type array 1
[2024-10-26T03:19:29.364+0530][132.089s][debug][gc,humongous      ] GC(424) Humongous region 816 (object size 1048592 @ 0x00000000b3000000) remset 0 code roots 0 marked 0 pinned count 0 reclaim candidate 0 type array 1
[2024-10-26T03:19:29.364+0530][132.089s][debug][gc,humongous      ] GC(424) Humongous region 974 (object size 1048592 @ 0x00000000bce00000) remset 0 code roots 0 marked 0 pinned count 0 reclaim candidate 0 type array 1
[2024-10-26T03:19:29.364+0530][132.089s][debug][gc,humongous      ] GC(424) Humongous region 658 (object size 1048592 @ 0x00000000a9200000) remset 0 code roots 0 marked 0 pinned count 0 reclaim candidate 0 type array 1
[2024-10-26T03:19:29.364+0530][132.089s][debug][gc,humongous      ] GC(424) Humongous region 1130 (object size 1048592 @ 0x00000000c6a00000) remset 0 code roots 0 marked 0 pinned count 0 reclaim candidate 0 type array 1
[2024-10-26T03:19:29.364+0530][132.089s][debug][gc,humongous      ] GC(424) Humongous region 1288 (object size 1048592 @ 0x00000000d0800000) remset 0 code roots 0 marked 0 pinned count 0 reclaim candidate 0 type array 1
[2024-10-26T03:19:29.364+0530][132.089s][debug][gc,humongous      ] GC(424) Humongous region 1446 (object size 1048592 @ 0x00000000da600000) remset 0 code roots 0 marked 0 pinned count 0 reclaim candidate 0 type array 1
[2024-10-26T03:19:29.364+0530][132.089s][debug][gc,humongous      ] GC(424) Humongous region 1760 (object size 1048592 @ 0x00000000ee000000) remset 0 code roots 0 marked 0 pinned count 0 reclaim candidate 0 type array 1
[2024-10-26T03:19:29.364+0530][132.089s][debug][gc,humongous      ] GC(424) Humongous region 1604 (object size 1048592 @ 0x00000000e4400000) remset 0 code roots 0 marked 0 pinned count 0 reclaim candidate 0 type array 1
[2024-10-26T03:19:29.364+0530][132.089s][debug][gc,humongous      ] GC(424) Humongous region 1918 (object size 1048592 @ 0x00000000f7e00000) remset 0 code roots 0 marked 0 pinned count 0 reclaim candidate 0 type array 1
[2024-10-26T03:19:29.364+0530][132.089s][debug][gc,humongous      ] GC(424) Humongous region 188 (object size 1048592 @ 0x000000008bc00000) remset 0 code roots 0 marked 0 pinned count 0 reclaim candidate 0 type array 1
[2024-10-26T03:19:29.364+0530][132.089s][debug][gc,humongous      ] GC(424) Humongous region 346 (object size 1048592 @ 0x0000000095a00000) remset 0 code roots 0 marked 0 pinned count 0 reclaim candidate 0 type array 1
[2024-10-26T03:19:29.364+0530][132.089s][debug][gc,humongous      ] GC(424) Humongous region 502 (object size 1048592 @ 0x000000009f600000) remset 0 code roots 0 marked 0 pinned count 0 reclaim candidate 0 type array 1
[2024-10-26T03:19:29.364+0530][132.089s][debug][gc,humongous      ] GC(424) Humongous region 48 (object size 1048592 @ 0x0000000083000000) remset 0 code roots 0 marked 0 pinned count 0 reclaim candidate 0 type array 1
[2024-10-26T03:19:29.364+0530][132.089s][debug][gc,humongous      ] GC(424) Humongous region 818 (object size 1048592 @ 0x00000000b3200000) remset 0 code roots 0 marked 0 pinned count 0 reclaim candidate 0 type array 1
[2024-10-26T03:19:29.364+0530][132.089s][debug][gc,humongous      ] GC(424) Humongous region 976 (object size 1048592 @ 0x00000000bd000000) remset 0 code roots 0 marked 0 pinned count 0 reclaim candidate 0 type array 1
[2024-10-26T03:19:29.364+0530][132.089s][debug][gc,humongous      ] GC(424) Humongous region 660 (object size 1048592 @ 0x00000000a9400000) remset 0 code roots 0 marked 0 pinned count 0 reclaim candidate 0 type array 1
[2024-10-26T03:19:29.364+0530][132.089s][debug][gc,humongous      ] GC(424) Humongous region 1132 (object size 1048592 @ 0x00000000c6c00000) remset 0 code roots 0 marked 0 pinned count 0 reclaim candidate 0 type array 1
[2024-10-26T03:19:29.364+0530][132.089s][debug][gc,humongous      ] GC(424) Humongous region 1290 (object size 1048592 @ 0x00000000d0a00000) remset 0 code roots 0 marked 0 pinned count 0 reclaim candidate 0 type array 1
[2024-10-26T03:19:29.364+0530][132.089s][debug][gc,humongous      ] GC(424) Humongous region 1448 (object size 1048592 @ 0x00000000da800000) remset 0 code roots 0 marked 0 pinned count 0 reclaim candidate 0 type array 1
[2024-10-26T03:19:29.364+0530][132.089s][debug][gc,humongous      ] GC(424) Humongous region 1762 (object size 1048592 @ 0x00000000ee200000) remset 0 code roots 0 marked 0 pinned count 0 reclaim candidate 0 type array 1
[2024-10-26T03:19:29.364+0530][132.089s][debug][gc,humongous      ] GC(424) Humongous region 1606 (object size 1048592 @ 0x00000000e4600000) remset 0 code roots 0 marked 0 pinned count 0 reclaim candidate 0 type array 1
[2024-10-26T03:19:29.364+0530][132.089s][debug][gc,humongous      ] GC(424) Humongous region 1920 (object size 1048592 @ 0x00000000f8000000) remset 0 code roots 0 marked 0 pinned count 0 reclaim candidate 0 type array 1
[2024-10-26T03:19:29.364+0530][132.089s][debug][gc,humongous      ] GC(424) Humongous region 190 (object size 1048592 @ 0x000000008be00000) remset 0 code roots 0 marked 0 pinned count 0 reclaim candidate 0 type array 1
[2024-10-26T03:19:29.364+0530][132.089s][debug][gc,humongous      ] GC(424) Humongous region 348 (object size 1048592 @ 0x0000000095c00000) remset 0 code roots 0 marked 0 pinned count 0 reclaim candidate 0 type array 1
[2024-10-26T03:19:29.364+0530][132.089s][debug][gc,humongous      ] GC(424) Humongous region 504 (object size 1048592 @ 0x000000009f800000) remset 0 code roots 0 marked 0 pinned count 0 reclaim candidate 0 type array 1
[2024-10-26T03:19:29.364+0530][132.089s][debug][gc,humongous      ] GC(424) Humongous region 50 (object size 1048592 @ 0x0000000083200000) remset 0 code roots 0 marked 0 pinned count 0 reclaim candidate 0 type array 1
[2024-10-26T03:19:29.364+0530][132.089s][debug][gc,humongous      ] GC(424) Humongous region 820 (object size 1048592 @ 0x00000000b3400000) remset 0 code roots 0 marked 0 pinned count 0 reclaim candidate 0 type array 1
[2024-10-26T03:19:29.364+0530][132.089s][debug][gc,humongous      ] GC(424) Humongous region 978 (object size 1048592 @ 0x00000000bd200000) remset 0 code roots 0 marked 0 pinned count 0 reclaim candidate 0 type array 1
[2024-10-26T03:19:29.364+0530][132.089s][debug][gc,humongous      ] GC(424) Humongous region 662 (object size 1048592 @ 0x00000000a9600000) remset 0 code roots 0 marked 0 pinned count 0 reclaim candidate 0 type array 1
[2024-10-26T03:19:29.364+0530][132.089s][debug][gc,humongous      ] GC(424) Humongous region 1134 (object size 1048592 @ 0x00000000c6e00000) remset 0 code roots 0 marked 0 pinned count 0 reclaim candidate 0 type array 1
[2024-10-26T03:19:29.364+0530][132.089s][debug][gc,humongous      ] GC(424) Humongous region 1292 (object size 1048592 @ 0x00000000d0c00000) remset 0 code roots 0 marked 0 pinned count 0 reclaim candidate 0 type array 1
[2024-10-26T03:19:29.364+0530][132.089s][debug][gc,humongous      ] GC(424) Humongous region 1450 (object size 1048592 @ 0x00000000daa00000) remset 0 code roots 0 marked 0 pinned count 0 reclaim candidate 0 type array 1
[2024-10-26T03:19:29.364+0530][132.089s][debug][gc,humongous      ] GC(424) Humongous region 1764 (object size 1048592 @ 0x00000000ee400000) remset 0 code roots 0 marked 0 pinned count 0 reclaim candidate 0 type array 1
[2024-10-26T03:19:29.364+0530][132.089s][debug][gc,humongous      ] GC(424) Humongous region 1608 (object size 1048592 @ 0x00000000e4800000) remset 0 code roots 0 marked 0 pinned count 0 reclaim candidate 0 type array 1
[2024-10-26T03:19:29.364+0530][132.089s][debug][gc,humongous      ] GC(424) Humongous region 1922 (object size 1048592 @ 0x00000000f8200000) remset 0 code roots 0 marked 0 pinned count 0 reclaim candidate 0 type array 1
[2024-10-26T03:19:29.364+0530][132.089s][debug][gc,humongous      ] GC(424) Humongous region 192 (object size 1048592 @ 0x000000008c000000) remset 0 code roots 0 marked 0 pinned count 0 reclaim candidate 0 type array 1
[2024-10-26T03:19:29.364+0530][132.089s][debug][gc,humongous      ] GC(424) Humongous region 350 (object size 1048592 @ 0x0000000095e00000) remset 0 code roots 0 marked 0 pinned count 0 reclaim candidate 0 type array 1
[2024-10-26T03:19:29.364+0530][132.089s][debug][gc,humongous      ] GC(424) Humongous region 506 (object size 1048592 @ 0x000000009fa00000) remset 0 code roots 0 marked 0 pinned count 0 reclaim candidate 0 type array 1
[2024-10-26T03:19:29.364+0530][132.089s][debug][gc,humongous      ] GC(424) Humongous region 52 (object size 1048592 @ 0x0000000083400000) remset 0 code roots 0 marked 0 pinned count 0 reclaim candidate 0 type array 1
[2024-10-26T03:19:29.364+0530][132.089s][debug][gc,humongous      ] GC(424) Humongous region 822 (object size 1048592 @ 0x00000000b3600000) remset 0 code roots 0 marked 0 pinned count 0 reclaim candidate 0 type array 1
[2024-10-26T03:19:29.364+0530][132.089s][debug][gc,humongous      ] GC(424) Humongous region 980 (object size 1048592 @ 0x00000000bd400000) remset 0 code roots 0 marked 0 pinned count 0 reclaim candidate 0 type array 1
[2024-10-26T03:19:29.364+0530][132.089s][debug][gc,humongous      ] GC(424) Humongous region 664 (object size 1048592 @ 0x00000000a9800000) remset 0 code roots 0 marked 0 pinned count 0 reclaim candidate 0 type array 1
[2024-10-26T03:19:29.364+0530][132.089s][debug][gc,humongous      ] GC(424) Humongous region 1136 (object size 1048592 @ 0x00000000c7000000) remset 0 code roots 0 marked 0 pinned count 0 reclaim candidate 0 type array 1
[2024-10-26T03:19:29.364+0530][132.089s][debug][gc,humongous      ] GC(424) Humongous region 1294 (object size 1048592 @ 0x00000000d0e00000) remset 0 code roots 0 marked 0 pinned count 0 reclaim candidate 0 type array 1
[2024-10-26T03:19:29.364+0530][132.089s][debug][gc,humongous      ] GC(424) Humongous region 1452 (object size 1048592 @ 0x00000000dac00000) remset 0 code roots 0 marked 0 pinned count 0 reclaim candidate 0 type array 1
[2024-10-26T03:19:29.364+0530][132.089s][debug][gc,humongous      ] GC(424) Humongous region 1766 (object size 1048592 @ 0x00000000ee600000) remset 0 code roots 0 marked 0 pinned count 0 reclaim candidate 0 type array 1
[2024-10-26T03:19:29.364+0530][132.089s][debug][gc,humongous      ] GC(424) Humongous region 1610 (object size 1048592 @ 0x00000000e4a00000) remset 0 code roots 0 marked 0 pinned count 0 reclaim candidate 0 type array 1
[2024-10-26T03:19:29.364+0530][132.090s][debug][gc,humongous      ] GC(424) Humongous region 1924 (object size 1048592 @ 0x00000000f8400000) remset 0 code roots 0 marked 0 pinned count 0 reclaim candidate 0 type array 1
[2024-10-26T03:19:29.364+0530][132.090s][debug][gc,humongous      ] GC(424) Humongous region 194 (object size 1048592 @ 0x000000008c200000) remset 0 code roots 0 marked 0 pinned count 0 reclaim candidate 0 type array 1
[2024-10-26T03:19:29.365+0530][132.090s][debug][gc,humongous      ] GC(424) Humongous region 352 (object size 1048592 @ 0x0000000096000000) remset 0 code roots 0 marked 0 pinned count 0 reclaim candidate 0 type array 1
[2024-10-26T03:19:29.365+0530][132.090s][debug][gc,humongous      ] GC(424) Humongous region 508 (object size 1048592 @ 0x000000009fc00000) remset 0 code roots 0 marked 0 pinned count 0 reclaim candidate 0 type array 1
[2024-10-26T03:19:29.365+0530][132.090s][debug][gc,humongous      ] GC(424) Humongous region 54 (object size 1048592 @ 0x0000000083600000) remset 0 code roots 0 marked 0 pinned count 0 reclaim candidate 0 type array 1
[2024-10-26T03:19:29.365+0530][132.090s][debug][gc,humongous      ] GC(424) Humongous region 824 (object size 1048592 @ 0x00000000b3800000) remset 0 code roots 0 marked 0 pinned count 0 reclaim candidate 0 type array 1
[2024-10-26T03:19:29.365+0530][132.090s][debug][gc,humongous      ] GC(424) Humongous region 982 (object size 1048592 @ 0x00000000bd600000) remset 0 code roots 0 marked 0 pinned count 0 reclaim candidate 0 type array 1
[2024-10-26T03:19:29.365+0530][132.090s][debug][gc,humongous      ] GC(424) Humongous region 666 (object size 1048592 @ 0x00000000a9a00000) remset 0 code roots 0 marked 0 pinned count 0 reclaim candidate 0 type array 1
[2024-10-26T03:19:29.365+0530][132.090s][debug][gc,humongous      ] GC(424) Humongous region 1138 (object size 1048592 @ 0x00000000c7200000) remset 0 code roots 0 marked 0 pinned count 0 reclaim candidate 0 type array 1
[2024-10-26T03:19:29.365+0530][132.090s][debug][gc,humongous      ] GC(424) Humongous region 1296 (object size 1048592 @ 0x00000000d1000000) remset 0 code roots 0 marked 0 pinned count 0 reclaim candidate 0 type array 1
[2024-10-26T03:19:29.365+0530][132.090s][debug][gc,humongous      ] GC(424) Humongous region 1454 (object size 1048592 @ 0x00000000dae00000) remset 0 code roots 0 marked 0 pinned count 0 reclaim candidate 0 type array 1
[2024-10-26T03:19:29.365+0530][132.090s][debug][gc,humongous      ] GC(424) Humongous region 1768 (object size 1048592 @ 0x00000000ee800000) remset 0 code roots 0 marked 0 pinned count 0 reclaim candidate 0 type array 1
[2024-10-26T03:19:29.365+0530][132.090s][debug][gc,humongous      ] GC(424) Humongous region 1612 (object size 1048592 @ 0x00000000e4c00000) remset 0 code roots 0 marked 0 pinned count 0 reclaim candidate 0 type array 1
[2024-10-26T03:19:29.365+0530][132.090s][debug][gc,humongous      ] GC(424) Humongous region 1926 (object size 1048592 @ 0x00000000f8600000) remset 0 code roots 0 marked 0 pinned count 0 reclaim candidate 0 type array 1
[2024-10-26T03:19:29.365+0530][132.090s][debug][gc,humongous      ] GC(424) Humongous region 196 (object size 1048592 @ 0x000000008c400000) remset 0 code roots 0 marked 0 pinned count 0 reclaim candidate 0 type array 1
[2024-10-26T03:19:29.365+0530][132.090s][debug][gc,humongous      ] GC(424) Humongous region 354 (object size 1048592 @ 0x0000000096200000) remset 0 code roots 0 marked 0 pinned count 0 reclaim candidate 0 type array 1
[2024-10-26T03:19:29.365+0530][132.090s][debug][gc,humongous      ] GC(424) Humongous region 510 (object size 1048592 @ 0x000000009fe00000) remset 0 code roots 0 marked 0 pinned count 0 reclaim candidate 0 type array 1
[2024-10-26T03:19:29.365+0530][132.090s][debug][gc,humongous      ] GC(424) Humongous region 56 (object size 1048592 @ 0x0000000083800000) remset 0 code roots 0 marked 0 pinned count 0 reclaim candidate 0 type array 1
[2024-10-26T03:19:29.365+0530][132.090s][debug][gc,humongous      ] GC(424) Humongous region 826 (object size 1048592 @ 0x00000000b3a00000) remset 0 code roots 0 marked 0 pinned count 0 reclaim candidate 0 type array 1
[2024-10-26T03:19:29.365+0530][132.090s][debug][gc,humongous      ] GC(424) Humongous region 984 (object size 1048592 @ 0x00000000bd800000) remset 0 code roots 0 marked 0 pinned count 0 reclaim candidate 0 type array 1
[2024-10-26T03:19:29.365+0530][132.090s][debug][gc,humongous      ] GC(424) Humongous region 668 (object size 1048592 @ 0x00000000a9c00000) remset 0 code roots 0 marked 0 pinned count 0 reclaim candidate 0 type array 1
[2024-10-26T03:19:29.365+0530][132.090s][debug][gc,humongous      ] GC(424) Humongous region 1140 (object size 1048592 @ 0x00000000c7400000) remset 0 code roots 0 marked 0 pinned count 0 reclaim candidate 0 type array 1
[2024-10-26T03:19:29.365+0530][132.090s][debug][gc,humongous      ] GC(424) Humongous region 1298 (object size 1048592 @ 0x00000000d1200000) remset 0 code roots 0 marked 0 pinned count 0 reclaim candidate 0 type array 1
[2024-10-26T03:19:29.365+0530][132.090s][debug][gc,humongous      ] GC(424) Humongous region 1456 (object size 1048592 @ 0x00000000db000000) remset 0 code roots 0 marked 0 pinned count 0 reclaim candidate 0 type array 1
[2024-10-26T03:19:29.365+0530][132.090s][debug][gc,humongous      ] GC(424) Humongous region 1770 (object size 1048592 @ 0x00000000eea00000) remset 0 code roots 0 marked 0 pinned count 0 reclaim candidate 0 type array 1
[2024-10-26T03:19:29.365+0530][132.090s][debug][gc,humongous      ] GC(424) Humongous region 1614 (object size 1048592 @ 0x00000000e4e00000) remset 0 code roots 0 marked 0 pinned count 0 reclaim candidate 0 type array 1
[2024-10-26T03:19:29.365+0530][132.090s][debug][gc,humongous      ] GC(424) Humongous region 1928 (object size 1048592 @ 0x00000000f8800000) remset 0 code roots 0 marked 0 pinned count 0 reclaim candidate 0 type array 1
[2024-10-26T03:19:29.365+0530][132.090s][debug][gc,humongous      ] GC(424) Humongous region 198 (object size 1048592 @ 0x000000008c600000) remset 0 code roots 0 marked 0 pinned count 0 reclaim candidate 0 type array 1
[2024-10-26T03:19:29.365+0530][132.090s][debug][gc,humongous      ] GC(424) Humongous region 356 (object size 1048592 @ 0x0000000096400000) remset 0 code roots 0 marked 0 pinned count 0 reclaim candidate 0 type array 1
[2024-10-26T03:19:29.365+0530][132.090s][debug][gc,humongous      ] GC(424) Humongous region 512 (object size 1048592 @ 0x00000000a0000000) remset 0 code roots 0 marked 0 pinned count 0 reclaim candidate 0 type array 1
[2024-10-26T03:19:29.365+0530][132.090s][debug][gc,humongous      ] GC(424) Humongous region 58 (object size 1048592 @ 0x0000000083a00000) remset 0 code roots 0 marked 0 pinned count 0 reclaim candidate 0 type array 1
[2024-10-26T03:19:29.365+0530][132.090s][debug][gc,humongous      ] GC(424) Humongous region 828 (object size 1048592 @ 0x00000000b3c00000) remset 0 code roots 0 marked 0 pinned count 0 reclaim candidate 0 type array 1
[2024-10-26T03:19:29.365+0530][132.090s][debug][gc,humongous      ] GC(424) Humongous region 986 (object size 1048592 @ 0x00000000bda00000) remset 0 code roots 0 marked 0 pinned count 0 reclaim candidate 0 type array 1
[2024-10-26T03:19:29.365+0530][132.090s][debug][gc,humongous      ] GC(424) Humongous region 670 (object size 1048592 @ 0x00000000a9e00000) remset 0 code roots 0 marked 0 pinned count 0 reclaim candidate 0 type array 1
[2024-10-26T03:19:29.365+0530][132.090s][debug][gc,humongous      ] GC(424) Humongous region 1142 (object size 1048592 @ 0x00000000c7600000) remset 0 code roots 0 marked 0 pinned count 0 reclaim candidate 0 type array 1
[2024-10-26T03:19:29.365+0530][132.090s][debug][gc,humongous      ] GC(424) Humongous region 1300 (object size 1048592 @ 0x00000000d1400000) remset 0 code roots 0 marked 0 pinned count 0 reclaim candidate 0 type array 1
[2024-10-26T03:19:29.365+0530][132.090s][debug][gc,humongous      ] GC(424) Humongous region 1458 (object size 1048592 @ 0x00000000db200000) remset 0 code roots 0 marked 0 pinned count 0 reclaim candidate 0 type array 1
[2024-10-26T03:19:29.365+0530][132.090s][debug][gc,humongous      ] GC(424) Humongous region 1772 (object size 1048592 @ 0x00000000eec00000) remset 0 code roots 0 marked 0 pinned count 0 reclaim candidate 0 type array 1
[2024-10-26T03:19:29.365+0530][132.090s][debug][gc,humongous      ] GC(424) Humongous region 1616 (object size 1048592 @ 0x00000000e5000000) remset 0 code roots 0 marked 0 pinned count 0 reclaim candidate 0 type array 1
[2024-10-26T03:19:29.365+0530][132.090s][debug][gc,humongous      ] GC(424) Humongous region 1930 (object size 1048592 @ 0x00000000f8a00000) remset 0 code roots 0 marked 0 pinned count 0 reclaim candidate 0 type array 1
[2024-10-26T03:19:29.365+0530][132.090s][debug][gc,humongous      ] GC(424) Humongous region 200 (object size 1048592 @ 0x000000008c800000) remset 0 code roots 0 marked 0 pinned count 0 reclaim candidate 0 type array 1
[2024-10-26T03:19:29.365+0530][132.090s][debug][gc,humongous      ] GC(424) Humongous region 358 (object size 1048592 @ 0x0000000096600000) remset 0 code roots 0 marked 0 pinned count 0 reclaim candidate 0 type array 1
[2024-10-26T03:19:29.365+0530][132.090s][debug][gc,humongous      ] GC(424) Humongous region 514 (object size 1048592 @ 0x00000000a0200000) remset 0 code roots 0 marked 0 pinned count 0 reclaim candidate 0 type array 1
[2024-10-26T03:19:29.365+0530][132.090s][debug][gc,humongous      ] GC(424) Humongous region 60 (object size 1048592 @ 0x0000000083c00000) remset 0 code roots 0 marked 0 pinned count 0 reclaim candidate 0 type array 1
[2024-10-26T03:19:29.365+0530][132.090s][debug][gc,humongous      ] GC(424) Humongous region 830 (object size 1048592 @ 0x00000000b3e00000) remset 0 code roots 0 marked 0 pinned count 0 reclaim candidate 0 type array 1
[2024-10-26T03:19:29.365+0530][132.090s][debug][gc,humongous      ] GC(424) Humongous region 988 (object size 1048592 @ 0x00000000bdc00000) remset 0 code roots 0 marked 0 pinned count 0 reclaim candidate 0 type array 1
[2024-10-26T03:19:29.365+0530][132.090s][debug][gc,humongous      ] GC(424) Humongous region 672 (object size 1048592 @ 0x00000000aa000000) remset 0 code roots 0 marked 0 pinned count 0 reclaim candidate 0 type array 1
[2024-10-26T03:19:29.365+0530][132.090s][debug][gc,humongous      ] GC(424) Humongous region 1144 (object size 1048592 @ 0x00000000c7800000) remset 0 code roots 0 marked 0 pinned count 0 reclaim candidate 0 type array 1
[2024-10-26T03:19:29.365+0530][132.090s][debug][gc,humongous      ] GC(424) Humongous region 1302 (object size 1048592 @ 0x00000000d1600000) remset 0 code roots 0 marked 0 pinned count 0 reclaim candidate 0 type array 1
[2024-10-26T03:19:29.365+0530][132.090s][debug][gc,humongous      ] GC(424) Humongous region 1460 (object size 1048592 @ 0x00000000db400000) remset 0 code roots 0 marked 0 pinned count 0 reclaim candidate 0 type array 1
[2024-10-26T03:19:29.365+0530][132.090s][debug][gc,humongous      ] GC(424) Humongous region 1774 (object size 1048592 @ 0x00000000eee00000) remset 0 code roots 0 marked 0 pinned count 0 reclaim candidate 0 type array 1
[2024-10-26T03:19:29.365+0530][132.090s][debug][gc,humongous      ] GC(424) Humongous region 1618 (object size 1048592 @ 0x00000000e5200000) remset 0 code roots 0 marked 0 pinned count 0 reclaim candidate 0 type array 1
[2024-10-26T03:19:29.365+0530][132.090s][debug][gc,humongous      ] GC(424) Humongous region 1932 (object size 1048592 @ 0x00000000f8c00000) remset 0 code roots 0 marked 0 pinned count 0 reclaim candidate 0 type array 1
[2024-10-26T03:19:29.365+0530][132.090s][debug][gc,humongous      ] GC(424) Humongous region 202 (object size 1048592 @ 0x000000008ca00000) remset 0 code roots 0 marked 0 pinned count 0 reclaim candidate 0 type array 1
[2024-10-26T03:19:29.365+0530][132.090s][debug][gc,humongous      ] GC(424) Humongous region 360 (object size 1048592 @ 0x0000000096800000) remset 0 code roots 0 marked 0 pinned count 0 reclaim candidate 0 type array 1
[2024-10-26T03:19:29.365+0530][132.090s][debug][gc,humongous      ] GC(424) Humongous region 516 (object size 1048592 @ 0x00000000a0400000) remset 0 code roots 0 marked 0 pinned count 0 reclaim candidate 0 type array 1
[2024-10-26T03:19:29.365+0530][132.090s][debug][gc,humongous      ] GC(424) Humongous region 62 (object size 1048592 @ 0x0000000083e00000) remset 0 code roots 0 marked 0 pinned count 0 reclaim candidate 0 type array 1
[2024-10-26T03:19:29.365+0530][132.090s][debug][gc,humongous      ] GC(424) Humongous region 832 (object size 1048592 @ 0x00000000b4000000) remset 0 code roots 0 marked 0 pinned count 0 reclaim candidate 0 type array 1
[2024-10-26T03:19:29.365+0530][132.090s][debug][gc,humongous      ] GC(424) Humongous region 990 (object size 1048592 @ 0x00000000bde00000) remset 0 code roots 0 marked 0 pinned count 0 reclaim candidate 0 type array 1
[2024-10-26T03:19:29.365+0530][132.090s][debug][gc,humongous      ] GC(424) Humongous region 674 (object size 1048592 @ 0x00000000aa200000) remset 0 code roots 0 marked 0 pinned count 0 reclaim candidate 0 type array 1
[2024-10-26T03:19:29.365+0530][132.090s][debug][gc,humongous      ] GC(424) Humongous region 1146 (object size 1048592 @ 0x00000000c7a00000) remset 0 code roots 0 marked 0 pinned count 0 reclaim candidate 0 type array 1
[2024-10-26T03:19:29.365+0530][132.090s][debug][gc,humongous      ] GC(424) Humongous region 1304 (object size 1048592 @ 0x00000000d1800000) remset 0 code roots 0 marked 0 pinned count 0 reclaim candidate 0 type array 1
[2024-10-26T03:19:29.365+0530][132.090s][debug][gc,humongous      ] GC(424) Humongous region 1462 (object size 1048592 @ 0x00000000db600000) remset 0 code roots 0 marked 0 pinned count 0 reclaim candidate 0 type array 1
[2024-10-26T03:19:29.365+0530][132.090s][debug][gc,humongous      ] GC(424) Humongous region 1776 (object size 1048592 @ 0x00000000ef000000) remset 0 code roots 0 marked 0 pinned count 0 reclaim candidate 0 type array 1
[2024-10-26T03:19:29.365+0530][132.090s][debug][gc,humongous      ] GC(424) Humongous region 1620 (object size 1048592 @ 0x00000000e5400000) remset 0 code roots 0 marked 0 pinned count 0 reclaim candidate 0 type array 1
[2024-10-26T03:19:29.365+0530][132.090s][debug][gc,humongous      ] GC(424) Humongous region 1934 (object size 1048592 @ 0x00000000f8e00000) remset 0 code roots 0 marked 0 pinned count 0 reclaim candidate 0 type array 1
[2024-10-26T03:19:29.365+0530][132.090s][debug][gc,humongous      ] GC(424) Humongous region 204 (object size 1048592 @ 0x000000008cc00000) remset 0 code roots 0 marked 0 pinned count 0 reclaim candidate 0 type array 1
[2024-10-26T03:19:29.365+0530][132.090s][debug][gc,humongous      ] GC(424) Humongous region 362 (object size 1048592 @ 0x0000000096a00000) remset 0 code roots 0 marked 0 pinned count 0 reclaim candidate 0 type array 1
[2024-10-26T03:19:29.365+0530][132.090s][debug][gc,humongous      ] GC(424) Humongous region 518 (object size 1048592 @ 0x00000000a0600000) remset 0 code roots 0 marked 0 pinned count 0 reclaim candidate 0 type array 1
[2024-10-26T03:19:29.365+0530][132.090s][debug][gc,humongous      ] GC(424) Humongous region 64 (object size 1048592 @ 0x0000000084000000) remset 0 code roots 0 marked 0 pinned count 0 reclaim candidate 0 type array 1
[2024-10-26T03:19:29.365+0530][132.090s][debug][gc,humongous      ] GC(424) Humongous region 834 (object size 1048592 @ 0x00000000b4200000) remset 0 code roots 0 marked 0 pinned count 0 reclaim candidate 0 type array 1
[2024-10-26T03:19:29.365+0530][132.090s][debug][gc,humongous      ] GC(424) Humongous region 992 (object size 1048592 @ 0x00000000be000000) remset 0 code roots 0 marked 0 pinned count 0 reclaim candidate 0 type array 1
[2024-10-26T03:19:29.365+0530][132.090s][debug][gc,humongous      ] GC(424) Humongous region 676 (object size 1048592 @ 0x00000000aa400000) remset 0 code roots 0 marked 0 pinned count 0 reclaim candidate 0 type array 1
[2024-10-26T03:19:29.365+0530][132.091s][debug][gc,humongous      ] GC(424) Humongous region 1148 (object size 1048592 @ 0x00000000c7c00000) remset 0 code roots 0 marked 0 pinned count 0 reclaim candidate 0 type array 1
[2024-10-26T03:19:29.366+0530][132.091s][debug][gc,humongous      ] GC(424) Humongous region 1306 (object size 1048592 @ 0x00000000d1a00000) remset 0 code roots 0 marked 0 pinned count 0 reclaim candidate 0 type array 1
[2024-10-26T03:19:29.366+0530][132.091s][debug][gc,humongous      ] GC(424) Humongous region 1464 (object size 1048592 @ 0x00000000db800000) remset 0 code roots 0 marked 0 pinned count 0 reclaim candidate 0 type array 1
[2024-10-26T03:19:29.366+0530][132.091s][debug][gc,humongous      ] GC(424) Humongous region 1778 (object size 1048592 @ 0x00000000ef200000) remset 0 code roots 0 marked 0 pinned count 0 reclaim candidate 0 type array 1
[2024-10-26T03:19:29.366+0530][132.091s][debug][gc,humongous      ] GC(424) Humongous region 1622 (object size 1048592 @ 0x00000000e5600000) remset 0 code roots 0 marked 0 pinned count 0 reclaim candidate 0 type array 1
[2024-10-26T03:19:29.366+0530][132.091s][debug][gc,humongous      ] GC(424) Humongous region 1936 (object size 1048592 @ 0x00000000f9000000) remset 0 code roots 0 marked 0 pinned count 0 reclaim candidate 0 type array 1
[2024-10-26T03:19:29.366+0530][132.091s][debug][gc,humongous      ] GC(424) Humongous region 206 (object size 1048592 @ 0x000000008ce00000) remset 0 code roots 0 marked 0 pinned count 0 reclaim candidate 0 type array 1
[2024-10-26T03:19:29.366+0530][132.091s][debug][gc,humongous      ] GC(424) Humongous region 364 (object size 1048592 @ 0x0000000096c00000) remset 0 code roots 0 marked 0 pinned count 0 reclaim candidate 0 type array 1
[2024-10-26T03:19:29.366+0530][132.091s][debug][gc,humongous      ] GC(424) Humongous region 520 (object size 1048592 @ 0x00000000a0800000) remset 0 code roots 0 marked 0 pinned count 0 reclaim candidate 0 type array 1
[2024-10-26T03:19:29.366+0530][132.091s][debug][gc,humongous      ] GC(424) Humongous region 66 (object size 1048592 @ 0x0000000084200000) remset 0 code roots 0 marked 0 pinned count 0 reclaim candidate 0 type array 1
[2024-10-26T03:19:29.366+0530][132.091s][debug][gc,humongous      ] GC(424) Humongous region 836 (object size 1048592 @ 0x00000000b4400000) remset 0 code roots 0 marked 0 pinned count 0 reclaim candidate 0 type array 1
[2024-10-26T03:19:29.366+0530][132.091s][debug][gc,humongous      ] GC(424) Humongous region 994 (object size 1048592 @ 0x00000000be200000) remset 0 code roots 0 marked 0 pinned count 0 reclaim candidate 0 type array 1
[2024-10-26T03:19:29.366+0530][132.091s][debug][gc,humongous      ] GC(424) Humongous region 678 (object size 1048592 @ 0x00000000aa600000) remset 0 code roots 0 marked 0 pinned count 0 reclaim candidate 0 type array 1
[2024-10-26T03:19:29.366+0530][132.091s][debug][gc,humongous      ] GC(424) Humongous region 1150 (object size 1048592 @ 0x00000000c7e00000) remset 0 code roots 0 marked 0 pinned count 0 reclaim candidate 0 type array 1
[2024-10-26T03:19:29.366+0530][132.091s][debug][gc,humongous      ] GC(424) Humongous region 1308 (object size 1048592 @ 0x00000000d1c00000) remset 0 code roots 0 marked 0 pinned count 0 reclaim candidate 0 type array 1
[2024-10-26T03:19:29.366+0530][132.091s][debug][gc,humongous      ] GC(424) Humongous region 1466 (object size 1048592 @ 0x00000000dba00000) remset 0 code roots 0 marked 0 pinned count 0 reclaim candidate 0 type array 1
[2024-10-26T03:19:29.366+0530][132.091s][debug][gc,humongous      ] GC(424) Humongous region 1780 (object size 1048592 @ 0x00000000ef400000) remset 0 code roots 0 marked 0 pinned count 0 reclaim candidate 0 type array 1
[2024-10-26T03:19:29.366+0530][132.091s][debug][gc,humongous      ] GC(424) Humongous region 1624 (object size 1048592 @ 0x00000000e5800000) remset 0 code roots 0 marked 0 pinned count 0 reclaim candidate 0 type array 1
[2024-10-26T03:19:29.366+0530][132.091s][debug][gc,humongous      ] GC(424) Humongous region 1938 (object size 1048592 @ 0x00000000f9200000) remset 0 code roots 0 marked 0 pinned count 0 reclaim candidate 0 type array 1
[2024-10-26T03:19:29.366+0530][132.091s][debug][gc,humongous      ] GC(424) Humongous region 208 (object size 1048592 @ 0x000000008d000000) remset 0 code roots 0 marked 0 pinned count 0 reclaim candidate 0 type array 1
[2024-10-26T03:19:29.366+0530][132.091s][debug][gc,humongous      ] GC(424) Humongous region 366 (object size 1048592 @ 0x0000000096e00000) remset 0 code roots 0 marked 0 pinned count 0 reclaim candidate 0 type array 1
[2024-10-26T03:19:29.366+0530][132.091s][debug][gc,humongous      ] GC(424) Humongous region 522 (object size 1048592 @ 0x00000000a0a00000) remset 0 code roots 0 marked 0 pinned count 0 reclaim candidate 0 type array 1
[2024-10-26T03:19:29.366+0530][132.091s][debug][gc,humongous      ] GC(424) Humongous region 68 (object size 1048592 @ 0x0000000084400000) remset 0 code roots 0 marked 0 pinned count 0 reclaim candidate 0 type array 1
[2024-10-26T03:19:29.366+0530][132.091s][debug][gc,humongous      ] GC(424) Humongous region 838 (object size 1048592 @ 0x00000000b4600000) remset 0 code roots 0 marked 0 pinned count 0 reclaim candidate 0 type array 1
[2024-10-26T03:19:29.366+0530][132.091s][debug][gc,humongous      ] GC(424) Humongous region 996 (object size 1048592 @ 0x00000000be400000) remset 0 code roots 0 marked 0 pinned count 0 reclaim candidate 0 type array 1
[2024-10-26T03:19:29.366+0530][132.091s][debug][gc,humongous      ] GC(424) Humongous region 680 (object size 1048592 @ 0x00000000aa800000) remset 0 code roots 0 marked 0 pinned count 0 reclaim candidate 0 type array 1
[2024-10-26T03:19:29.366+0530][132.091s][debug][gc,humongous      ] GC(424) Humongous region 1152 (object size 1048592 @ 0x00000000c8000000) remset 0 code roots 0 marked 0 pinned count 0 reclaim candidate 0 type array 1
[2024-10-26T03:19:29.366+0530][132.091s][debug][gc,humongous      ] GC(424) Humongous region 1310 (object size 1048592 @ 0x00000000d1e00000) remset 0 code roots 0 marked 0 pinned count 0 reclaim candidate 0 type array 1
[2024-10-26T03:19:29.366+0530][132.091s][debug][gc,humongous      ] GC(424) Humongous region 1468 (object size 1048592 @ 0x00000000dbc00000) remset 0 code roots 0 marked 0 pinned count 0 reclaim candidate 0 type array 1
[2024-10-26T03:19:29.366+0530][132.091s][debug][gc,humongous      ] GC(424) Humongous region 1782 (object size 1048592 @ 0x00000000ef600000) remset 0 code roots 0 marked 0 pinned count 0 reclaim candidate 0 type array 1
[2024-10-26T03:19:29.366+0530][132.091s][debug][gc,humongous      ] GC(424) Humongous region 1626 (object size 1048592 @ 0x00000000e5a00000) remset 0 code roots 0 marked 0 pinned count 0 reclaim candidate 0 type array 1
[2024-10-26T03:19:29.366+0530][132.091s][debug][gc,humongous      ] GC(424) Humongous region 1940 (object size 1048592 @ 0x00000000f9400000) remset 0 code roots 0 marked 0 pinned count 0 reclaim candidate 0 type array 1
[2024-10-26T03:19:29.366+0530][132.091s][debug][gc,humongous      ] GC(424) Humongous region 210 (object size 1048592 @ 0x000000008d200000) remset 0 code roots 0 marked 0 pinned count 0 reclaim candidate 0 type array 1
[2024-10-26T03:19:29.366+0530][132.091s][debug][gc,humongous      ] GC(424) Humongous region 368 (object size 1048592 @ 0x0000000097000000) remset 0 code roots 0 marked 0 pinned count 0 reclaim candidate 0 type array 1
[2024-10-26T03:19:29.366+0530][132.091s][debug][gc,humongous      ] GC(424) Humongous region 524 (object size 1048592 @ 0x00000000a0c00000) remset 0 code roots 0 marked 0 pinned count 0 reclaim candidate 0 type array 1
[2024-10-26T03:19:29.366+0530][132.091s][debug][gc,humongous      ] GC(424) Humongous region 70 (object size 1048592 @ 0x0000000084600000) remset 0 code roots 0 marked 0 pinned count 0 reclaim candidate 0 type array 1
[2024-10-26T03:19:29.366+0530][132.091s][debug][gc,humongous      ] GC(424) Humongous region 840 (object size 1048592 @ 0x00000000b4800000) remset 0 code roots 0 marked 0 pinned count 0 reclaim candidate 0 type array 1
[2024-10-26T03:19:29.366+0530][132.091s][debug][gc,humongous      ] GC(424) Humongous region 998 (object size 1048592 @ 0x00000000be600000) remset 0 code roots 0 marked 0 pinned count 0 reclaim candidate 0 type array 1
[2024-10-26T03:19:29.366+0530][132.091s][debug][gc,humongous      ] GC(424) Humongous region 682 (object size 1048592 @ 0x00000000aaa00000) remset 0 code roots 0 marked 0 pinned count 0 reclaim candidate 0 type array 1
[2024-10-26T03:19:29.366+0530][132.091s][debug][gc,humongous      ] GC(424) Humongous region 1154 (object size 1048592 @ 0x00000000c8200000) remset 0 code roots 0 marked 0 pinned count 0 reclaim candidate 0 type array 1
[2024-10-26T03:19:29.366+0530][132.091s][debug][gc,humongous      ] GC(424) Humongous region 1312 (object size 1048592 @ 0x00000000d2000000) remset 0 code roots 0 marked 0 pinned count 0 reclaim candidate 0 type array 1
[2024-10-26T03:19:29.366+0530][132.091s][debug][gc,humongous      ] GC(424) Humongous region 1470 (object size 1048592 @ 0x00000000dbe00000) remset 0 code roots 0 marked 0 pinned count 0 reclaim candidate 0 type array 1
[2024-10-26T03:19:29.366+0530][132.091s][debug][gc,humongous      ] GC(424) Humongous region 1784 (object size 1048592 @ 0x00000000ef800000) remset 0 code roots 0 marked 0 pinned count 0 reclaim candidate 0 type array 1
[2024-10-26T03:19:29.366+0530][132.091s][debug][gc,humongous      ] GC(424) Humongous region 1628 (object size 1048592 @ 0x00000000e5c00000) remset 0 code roots 0 marked 0 pinned count 0 reclaim candidate 0 type array 1
[2024-10-26T03:19:29.366+0530][132.091s][debug][gc,humongous      ] GC(424) Humongous region 1942 (object size 1048592 @ 0x00000000f9600000) remset 0 code roots 0 marked 0 pinned count 0 reclaim candidate 0 type array 1
[2024-10-26T03:19:29.366+0530][132.091s][debug][gc,humongous      ] GC(424) Humongous region 212 (object size 1048592 @ 0x000000008d400000) remset 0 code roots 0 marked 0 pinned count 0 reclaim candidate 0 type array 1
[2024-10-26T03:19:29.366+0530][132.091s][debug][gc,humongous      ] GC(424) Humongous region 370 (object size 1048592 @ 0x0000000097200000) remset 0 code roots 0 marked 0 pinned count 0 reclaim candidate 0 type array 1
[2024-10-26T03:19:29.366+0530][132.091s][debug][gc,humongous      ] GC(424) Humongous region 526 (object size 1048592 @ 0x00000000a0e00000) remset 0 code roots 0 marked 0 pinned count 0 reclaim candidate 0 type array 1
[2024-10-26T03:19:29.366+0530][132.091s][debug][gc,humongous      ] GC(424) Humongous region 72 (object size 1048592 @ 0x0000000084800000) remset 0 code roots 0 marked 0 pinned count 0 reclaim candidate 0 type array 1
[2024-10-26T03:19:29.366+0530][132.091s][debug][gc,humongous      ] GC(424) Humongous region 842 (object size 1048592 @ 0x00000000b4a00000) remset 0 code roots 0 marked 0 pinned count 0 reclaim candidate 0 type array 1
[2024-10-26T03:19:29.366+0530][132.091s][debug][gc,humongous      ] GC(424) Humongous region 1000 (object size 1048592 @ 0x00000000be800000) remset 0 code roots 0 marked 0 pinned count 0 reclaim candidate 0 type array 1
[2024-10-26T03:19:29.366+0530][132.091s][debug][gc,humongous      ] GC(424) Humongous region 684 (object size 1048592 @ 0x00000000aac00000) remset 0 code roots 0 marked 0 pinned count 0 reclaim candidate 0 type array 1
[2024-10-26T03:19:29.366+0530][132.091s][debug][gc,humongous      ] GC(424) Humongous region 1156 (object size 1048592 @ 0x00000000c8400000) remset 0 code roots 0 marked 0 pinned count 0 reclaim candidate 0 type array 1
[2024-10-26T03:19:29.366+0530][132.091s][debug][gc,humongous      ] GC(424) Humongous region 1314 (object size 1048592 @ 0x00000000d2200000) remset 0 code roots 0 marked 0 pinned count 0 reclaim candidate 0 type array 1
[2024-10-26T03:19:29.366+0530][132.091s][debug][gc,humongous      ] GC(424) Humongous region 1472 (object size 1048592 @ 0x00000000dc000000) remset 0 code roots 0 marked 0 pinned count 0 reclaim candidate 0 type array 1
[2024-10-26T03:19:29.366+0530][132.091s][debug][gc,humongous      ] GC(424) Humongous region 1786 (object size 1048592 @ 0x00000000efa00000) remset 0 code roots 0 marked 0 pinned count 0 reclaim candidate 0 type array 1
[2024-10-26T03:19:29.366+0530][132.091s][debug][gc,humongous      ] GC(424) Humongous region 1630 (object size 1048592 @ 0x00000000e5e00000) remset 0 code roots 0 marked 0 pinned count 0 reclaim candidate 0 type array 1
[2024-10-26T03:19:29.366+0530][132.091s][debug][gc,humongous      ] GC(424) Humongous region 1944 (object size 1048592 @ 0x00000000f9800000) remset 0 code roots 0 marked 0 pinned count 0 reclaim candidate 0 type array 1
[2024-10-26T03:19:29.366+0530][132.091s][debug][gc,humongous      ] GC(424) Humongous region 214 (object size 1048592 @ 0x000000008d600000) remset 0 code roots 0 marked 0 pinned count 0 reclaim candidate 0 type array 1
[2024-10-26T03:19:29.366+0530][132.091s][debug][gc,humongous      ] GC(424) Humongous region 372 (object size 1048592 @ 0x0000000097400000) remset 0 code roots 0 marked 0 pinned count 0 reclaim candidate 0 type array 1
[2024-10-26T03:19:29.366+0530][132.091s][debug][gc,humongous      ] GC(424) Humongous region 528 (object size 1048592 @ 0x00000000a1000000) remset 0 code roots 0 marked 0 pinned count 0 reclaim candidate 0 type array 1
[2024-10-26T03:19:29.366+0530][132.091s][debug][gc,humongous      ] GC(424) Humongous region 74 (object size 1048592 @ 0x0000000084a00000) remset 0 code roots 0 marked 0 pinned count 0 reclaim candidate 0 type array 1
[2024-10-26T03:19:29.366+0530][132.091s][debug][gc,humongous      ] GC(424) Humongous region 844 (object size 1048592 @ 0x00000000b4c00000) remset 0 code roots 0 marked 0 pinned count 0 reclaim candidate 0 type array 1
[2024-10-26T03:19:29.366+0530][132.091s][debug][gc,humongous      ] GC(424) Humongous region 1002 (object size 1048592 @ 0x00000000bea00000) remset 0 code roots 0 marked 0 pinned count 0 reclaim candidate 0 type array 1
[2024-10-26T03:19:29.366+0530][132.091s][debug][gc,humongous      ] GC(424) Humongous region 686 (object size 1048592 @ 0x00000000aae00000) remset 0 code roots 0 marked 0 pinned count 0 reclaim candidate 0 type array 1
[2024-10-26T03:19:29.366+0530][132.091s][debug][gc,humongous      ] GC(424) Humongous region 1158 (object size 1048592 @ 0x00000000c8600000) remset 0 code roots 0 marked 0 pinned count 0 reclaim candidate 0 type array 1
[2024-10-26T03:19:29.366+0530][132.091s][debug][gc,humongous      ] GC(424) Humongous region 1316 (object size 1048592 @ 0x00000000d2400000) remset 0 code roots 0 marked 0 pinned count 0 reclaim candidate 0 type array 1
[2024-10-26T03:19:29.366+0530][132.091s][debug][gc,humongous      ] GC(424) Humongous region 1474 (object size 1048592 @ 0x00000000dc200000) remset 0 code roots 0 marked 0 pinned count 0 reclaim candidate 0 type array 1
[2024-10-26T03:19:29.366+0530][132.091s][debug][gc,humongous      ] GC(424) Humongous region 1788 (object size 1048592 @ 0x00000000efc00000) remset 0 code roots 0 marked 0 pinned count 0 reclaim candidate 0 type array 1
[2024-10-26T03:19:29.366+0530][132.091s][debug][gc,humongous      ] GC(424) Humongous region 1632 (object size 1048592 @ 0x00000000e6000000) remset 0 code roots 0 marked 0 pinned count 0 reclaim candidate 0 type array 1
[2024-10-26T03:19:29.366+0530][132.091s][debug][gc,humongous      ] GC(424) Humongous region 1946 (object size 1048592 @ 0x00000000f9a00000) remset 0 code roots 0 marked 0 pinned count 0 reclaim candidate 0 type array 1
[2024-10-26T03:19:29.366+0530][132.091s][debug][gc,humongous      ] GC(424) Humongous region 216 (object size 1048592 @ 0x000000008d800000) remset 0 code roots 0 marked 0 pinned count 0 reclaim candidate 0 type array 1
[2024-10-26T03:19:29.366+0530][132.091s][debug][gc,humongous      ] GC(424) Humongous region 374 (object size 1048592 @ 0x0000000097600000) remset 0 code roots 0 marked 0 pinned count 0 reclaim candidate 0 type array 1
[2024-10-26T03:19:29.366+0530][132.091s][debug][gc,humongous      ] GC(424) Humongous region 530 (object size 1048592 @ 0x00000000a1200000) remset 0 code roots 0 marked 0 pinned count 0 reclaim candidate 0 type array 1
[2024-10-26T03:19:29.366+0530][132.091s][debug][gc,humongous      ] GC(424) Humongous region 76 (object size 1048592 @ 0x0000000084c00000) remset 0 code roots 0 marked 0 pinned count 0 reclaim candidate 0 type array 1
[2024-10-26T03:19:29.366+0530][132.091s][debug][gc,humongous      ] GC(424) Humongous region 846 (object size 1048592 @ 0x00000000b4e00000) remset 0 code roots 0 marked 0 pinned count 0 reclaim candidate 0 type array 1
[2024-10-26T03:19:29.366+0530][132.091s][debug][gc,humongous      ] GC(424) Humongous region 1004 (object size 1048592 @ 0x00000000bec00000) remset 0 code roots 0 marked 0 pinned count 0 reclaim candidate 0 type array 1
[2024-10-26T03:19:29.366+0530][132.091s][debug][gc,humongous      ] GC(424) Humongous region 688 (object size 1048592 @ 0x00000000ab000000) remset 0 code roots 0 marked 0 pinned count 0 reclaim candidate 0 type array 1
[2024-10-26T03:19:29.366+0530][132.091s][debug][gc,humongous      ] GC(424) Humongous region 1160 (object size 1048592 @ 0x00000000c8800000) remset 0 code roots 0 marked 0 pinned count 0 reclaim candidate 0 type array 1
[2024-10-26T03:19:29.366+0530][132.091s][debug][gc,humongous      ] GC(424) Humongous region 1318 (object size 1048592 @ 0x00000000d2600000) remset 0 code roots 0 marked 0 pinned count 0 reclaim candidate 0 type array 1
[2024-10-26T03:19:29.366+0530][132.092s][debug][gc,humongous      ] GC(424) Humongous region 1476 (object size 1048592 @ 0x00000000dc400000) remset 0 code roots 0 marked 0 pinned count 0 reclaim candidate 0 type array 1
[2024-10-26T03:19:29.366+0530][132.092s][debug][gc,humongous      ] GC(424) Humongous region 1790 (object size 1048592 @ 0x00000000efe00000) remset 0 code roots 0 marked 0 pinned count 0 reclaim candidate 0 type array 1
[2024-10-26T03:19:29.367+0530][132.092s][debug][gc,humongous      ] GC(424) Humongous region 1634 (object size 1048592 @ 0x00000000e6200000) remset 0 code roots 0 marked 0 pinned count 0 reclaim candidate 0 type array 1
[2024-10-26T03:19:29.367+0530][132.092s][debug][gc,humongous      ] GC(424) Humongous region 1948 (object size 1048592 @ 0x00000000f9c00000) remset 0 code roots 0 marked 0 pinned count 0 reclaim candidate 0 type array 1
[2024-10-26T03:19:29.367+0530][132.092s][debug][gc,humongous      ] GC(424) Humongous region 218 (object size 1048592 @ 0x000000008da00000) remset 0 code roots 0 marked 0 pinned count 0 reclaim candidate 0 type array 1
[2024-10-26T03:19:29.367+0530][132.092s][debug][gc,humongous      ] GC(424) Humongous region 376 (object size 1048592 @ 0x0000000097800000) remset 0 code roots 0 marked 0 pinned count 0 reclaim candidate 0 type array 1
[2024-10-26T03:19:29.367+0530][132.092s][debug][gc,humongous      ] GC(424) Humongous region 532 (object size 1048592 @ 0x00000000a1400000) remset 0 code roots 0 marked 0 pinned count 0 reclaim candidate 0 type array 1
[2024-10-26T03:19:29.367+0530][132.092s][debug][gc,humongous      ] GC(424) Humongous region 78 (object size 1048592 @ 0x0000000084e00000) remset 0 code roots 0 marked 0 pinned count 0 reclaim candidate 0 type array 1
[2024-10-26T03:19:29.367+0530][132.092s][debug][gc,humongous      ] GC(424) Humongous region 848 (object size 1048592 @ 0x00000000b5000000) remset 0 code roots 0 marked 0 pinned count 0 reclaim candidate 0 type array 1
[2024-10-26T03:19:29.367+0530][132.092s][debug][gc,humongous      ] GC(424) Humongous region 1006 (object size 1048592 @ 0x00000000bee00000) remset 0 code roots 0 marked 0 pinned count 0 reclaim candidate 0 type array 1
[2024-10-26T03:19:29.367+0530][132.092s][debug][gc,humongous      ] GC(424) Humongous region 690 (object size 1048592 @ 0x00000000ab200000) remset 0 code roots 0 marked 0 pinned count 0 reclaim candidate 0 type array 1
[2024-10-26T03:19:29.367+0530][132.092s][debug][gc,humongous      ] GC(424) Humongous region 1162 (object size 1048592 @ 0x00000000c8a00000) remset 0 code roots 0 marked 0 pinned count 0 reclaim candidate 0 type array 1
[2024-10-26T03:19:29.367+0530][132.092s][debug][gc,humongous      ] GC(424) Humongous region 1320 (object size 1048592 @ 0x00000000d2800000) remset 0 code roots 0 marked 0 pinned count 0 reclaim candidate 0 type array 1
[2024-10-26T03:19:29.367+0530][132.092s][debug][gc,humongous      ] GC(424) Humongous region 1478 (object size 1048592 @ 0x00000000dc600000) remset 0 code roots 0 marked 0 pinned count 0 reclaim candidate 0 type array 1
[2024-10-26T03:19:29.367+0530][132.092s][debug][gc,humongous      ] GC(424) Humongous region 1792 (object size 1048592 @ 0x00000000f0000000) remset 0 code roots 0 marked 0 pinned count 0 reclaim candidate 0 type array 1
[2024-10-26T03:19:29.367+0530][132.092s][debug][gc,humongous      ] GC(424) Humongous region 1636 (object size 1048592 @ 0x00000000e6400000) remset 0 code roots 0 marked 0 pinned count 0 reclaim candidate 0 type array 1
[2024-10-26T03:19:29.367+0530][132.092s][debug][gc,humongous      ] GC(424) Humongous region 1950 (object size 1048592 @ 0x00000000f9e00000) remset 0 code roots 0 marked 0 pinned count 0 reclaim candidate 0 type array 1
[2024-10-26T03:19:29.367+0530][132.092s][debug][gc,humongous      ] GC(424) Humongous region 220 (object size 1048592 @ 0x000000008dc00000) remset 0 code roots 0 marked 0 pinned count 0 reclaim candidate 0 type array 1
[2024-10-26T03:19:29.367+0530][132.092s][debug][gc,humongous      ] GC(424) Humongous region 378 (object size 1048592 @ 0x0000000097a00000) remset 0 code roots 0 marked 0 pinned count 0 reclaim candidate 0 type array 1
[2024-10-26T03:19:29.367+0530][132.092s][debug][gc,humongous      ] GC(424) Humongous region 534 (object size 1048592 @ 0x00000000a1600000) remset 0 code roots 0 marked 0 pinned count 0 reclaim candidate 0 type array 1
[2024-10-26T03:19:29.367+0530][132.092s][debug][gc,humongous      ] GC(424) Humongous region 80 (object size 1048592 @ 0x0000000085000000) remset 0 code roots 0 marked 0 pinned count 0 reclaim candidate 0 type array 1
[2024-10-26T03:19:29.367+0530][132.092s][debug][gc,humongous      ] GC(424) Humongous region 850 (object size 1048592 @ 0x00000000b5200000) remset 0 code roots 0 marked 0 pinned count 0 reclaim candidate 0 type array 1
[2024-10-26T03:19:29.367+0530][132.092s][debug][gc,humongous      ] GC(424) Humongous region 1008 (object size 1048592 @ 0x00000000bf000000) remset 0 code roots 0 marked 0 pinned count 0 reclaim candidate 0 type array 1
[2024-10-26T03:19:29.367+0530][132.092s][debug][gc,humongous      ] GC(424) Humongous region 692 (object size 1048592 @ 0x00000000ab400000) remset 0 code roots 0 marked 0 pinned count 0 reclaim candidate 0 type array 1
[2024-10-26T03:19:29.367+0530][132.092s][debug][gc,humongous      ] GC(424) Humongous region 1164 (object size 1048592 @ 0x00000000c8c00000) remset 0 code roots 0 marked 0 pinned count 0 reclaim candidate 0 type array 1
[2024-10-26T03:19:29.367+0530][132.092s][debug][gc,humongous      ] GC(424) Humongous region 1322 (object size 1048592 @ 0x00000000d2a00000) remset 0 code roots 0 marked 0 pinned count 0 reclaim candidate 0 type array 1
[2024-10-26T03:19:29.367+0530][132.092s][debug][gc,humongous      ] GC(424) Humongous region 1480 (object size 1048592 @ 0x00000000dc800000) remset 0 code roots 0 marked 0 pinned count 0 reclaim candidate 0 type array 1
[2024-10-26T03:19:29.367+0530][132.092s][debug][gc,humongous      ] GC(424) Humongous region 1794 (object size 1048592 @ 0x00000000f0200000) remset 0 code roots 0 marked 0 pinned count 0 reclaim candidate 0 type array 1
[2024-10-26T03:19:29.367+0530][132.092s][debug][gc,humongous      ] GC(424) Humongous region 1638 (object size 1048592 @ 0x00000000e6600000) remset 0 code roots 0 marked 0 pinned count 0 reclaim candidate 0 type array 1
[2024-10-26T03:19:29.367+0530][132.092s][debug][gc,humongous      ] GC(424) Humongous region 1952 (object size 1048592 @ 0x00000000fa000000) remset 0 code roots 0 marked 0 pinned count 0 reclaim candidate 0 type array 1
[2024-10-26T03:19:29.367+0530][132.092s][debug][gc,humongous      ] GC(424) Humongous region 222 (object size 1048592 @ 0x000000008de00000) remset 0 code roots 0 marked 0 pinned count 0 reclaim candidate 0 type array 1
[2024-10-26T03:19:29.367+0530][132.092s][debug][gc,humongous      ] GC(424) Humongous region 380 (object size 1048592 @ 0x0000000097c00000) remset 0 code roots 0 marked 0 pinned count 0 reclaim candidate 0 type array 1
[2024-10-26T03:19:29.367+0530][132.092s][debug][gc,humongous      ] GC(424) Humongous region 536 (object size 1048592 @ 0x00000000a1800000) remset 0 code roots 0 marked 0 pinned count 0 reclaim candidate 0 type array 1
[2024-10-26T03:19:29.367+0530][132.092s][debug][gc,humongous      ] GC(424) Humongous region 82 (object size 1048592 @ 0x0000000085200000) remset 0 code roots 0 marked 0 pinned count 0 reclaim candidate 0 type array 1
[2024-10-26T03:19:29.367+0530][132.092s][debug][gc,humongous      ] GC(424) Humongous region 852 (object size 1048592 @ 0x00000000b5400000) remset 0 code roots 0 marked 0 pinned count 0 reclaim candidate 0 type array 1
[2024-10-26T03:19:29.367+0530][132.092s][debug][gc,humongous      ] GC(424) Humongous region 1010 (object size 1048592 @ 0x00000000bf200000) remset 0 code roots 0 marked 0 pinned count 0 reclaim candidate 0 type array 1
[2024-10-26T03:19:29.367+0530][132.092s][debug][gc,humongous      ] GC(424) Humongous region 694 (object size 1048592 @ 0x00000000ab600000) remset 0 code roots 0 marked 0 pinned count 0 reclaim candidate 0 type array 1
[2024-10-26T03:19:29.367+0530][132.092s][debug][gc,humongous      ] GC(424) Humongous region 1166 (object size 1048592 @ 0x00000000c8e00000) remset 0 code roots 0 marked 0 pinned count 0 reclaim candidate 0 type array 1
[2024-10-26T03:19:29.367+0530][132.092s][debug][gc,humongous      ] GC(424) Humongous region 1324 (object size 1048592 @ 0x00000000d2c00000) remset 0 code roots 0 marked 0 pinned count 0 reclaim candidate 0 type array 1
[2024-10-26T03:19:29.367+0530][132.092s][debug][gc,humongous      ] GC(424) Humongous region 1482 (object size 1048592 @ 0x00000000dca00000) remset 0 code roots 0 marked 0 pinned count 0 reclaim candidate 0 type array 1
[2024-10-26T03:19:29.367+0530][132.092s][debug][gc,humongous      ] GC(424) Humongous region 1796 (object size 1048592 @ 0x00000000f0400000) remset 0 code roots 0 marked 0 pinned count 0 reclaim candidate 0 type array 1
[2024-10-26T03:19:29.367+0530][132.092s][debug][gc,humongous      ] GC(424) Humongous region 1640 (object size 1048592 @ 0x00000000e6800000) remset 0 code roots 0 marked 0 pinned count 0 reclaim candidate 0 type array 1
[2024-10-26T03:19:29.367+0530][132.092s][debug][gc,humongous      ] GC(424) Humongous region 1954 (object size 1048592 @ 0x00000000fa200000) remset 0 code roots 0 marked 0 pinned count 0 reclaim candidate 0 type array 1
[2024-10-26T03:19:29.367+0530][132.092s][debug][gc,humongous      ] GC(424) Humongous region 224 (object size 1048592 @ 0x000000008e000000) remset 0 code roots 0 marked 0 pinned count 0 reclaim candidate 0 type array 1
[2024-10-26T03:19:29.367+0530][132.092s][debug][gc,humongous      ] GC(424) Humongous region 382 (object size 1048592 @ 0x0000000097e00000) remset 0 code roots 0 marked 0 pinned count 0 reclaim candidate 0 type array 1
[2024-10-26T03:19:29.367+0530][132.092s][debug][gc,humongous      ] GC(424) Humongous region 538 (object size 1048592 @ 0x00000000a1a00000) remset 0 code roots 0 marked 0 pinned count 0 reclaim candidate 0 type array 1
[2024-10-26T03:19:29.367+0530][132.092s][debug][gc,humongous      ] GC(424) Humongous region 84 (object size 1048592 @ 0x0000000085400000) remset 0 code roots 0 marked 0 pinned count 0 reclaim candidate 0 type array 1
[2024-10-26T03:19:29.367+0530][132.092s][debug][gc,humongous      ] GC(424) Humongous region 854 (object size 1048592 @ 0x00000000b5600000) remset 0 code roots 0 marked 0 pinned count 0 reclaim candidate 0 type array 1
[2024-10-26T03:19:29.367+0530][132.092s][debug][gc,humongous      ] GC(424) Humongous region 1012 (object size 1048592 @ 0x00000000bf400000) remset 0 code roots 0 marked 0 pinned count 0 reclaim candidate 0 type array 1
[2024-10-26T03:19:29.367+0530][132.092s][debug][gc,humongous      ] GC(424) Humongous region 696 (object size 1048592 @ 0x00000000ab800000) remset 0 code roots 0 marked 0 pinned count 0 reclaim candidate 0 type array 1
[2024-10-26T03:19:29.367+0530][132.092s][debug][gc,humongous      ] GC(424) Humongous region 1168 (object size 1048592 @ 0x00000000c9000000) remset 0 code roots 0 marked 0 pinned count 0 reclaim candidate 0 type array 1
[2024-10-26T03:19:29.367+0530][132.092s][debug][gc,humongous      ] GC(424) Humongous region 1326 (object size 1048592 @ 0x00000000d2e00000) remset 0 code roots 0 marked 0 pinned count 0 reclaim candidate 0 type array 1
[2024-10-26T03:19:29.367+0530][132.092s][debug][gc,humongous      ] GC(424) Humongous region 1484 (object size 1048592 @ 0x00000000dcc00000) remset 0 code roots 0 marked 0 pinned count 0 reclaim candidate 0 type array 1
[2024-10-26T03:19:29.367+0530][132.092s][debug][gc,humongous      ] GC(424) Humongous region 1798 (object size 1048592 @ 0x00000000f0600000) remset 0 code roots 0 marked 0 pinned count 0 reclaim candidate 0 type array 1
[2024-10-26T03:19:29.367+0530][132.092s][debug][gc,humongous      ] GC(424) Humongous region 1642 (object size 1048592 @ 0x00000000e6a00000) remset 0 code roots 0 marked 0 pinned count 0 reclaim candidate 0 type array 1
[2024-10-26T03:19:29.367+0530][132.092s][debug][gc,humongous      ] GC(424) Humongous region 1956 (object size 1048592 @ 0x00000000fa400000) remset 0 code roots 0 marked 0 pinned count 0 reclaim candidate 0 type array 1
[2024-10-26T03:19:29.367+0530][132.092s][debug][gc,humongous      ] GC(424) Humongous region 226 (object size 1048592 @ 0x000000008e200000) remset 0 code roots 0 marked 0 pinned count 0 reclaim candidate 0 type array 1
[2024-10-26T03:19:29.367+0530][132.092s][debug][gc,humongous      ] GC(424) Humongous region 384 (object size 1048592 @ 0x0000000098000000) remset 0 code roots 0 marked 0 pinned count 0 reclaim candidate 0 type array 1
[2024-10-26T03:19:29.367+0530][132.092s][debug][gc,humongous      ] GC(424) Humongous region 540 (object size 1048592 @ 0x00000000a1c00000) remset 0 code roots 0 marked 0 pinned count 0 reclaim candidate 0 type array 1
[2024-10-26T03:19:29.367+0530][132.092s][debug][gc,humongous      ] GC(424) Humongous region 86 (object size 1048592 @ 0x0000000085600000) remset 0 code roots 0 marked 0 pinned count 0 reclaim candidate 0 type array 1
[2024-10-26T03:19:29.367+0530][132.092s][debug][gc,humongous      ] GC(424) Humongous region 856 (object size 1048592 @ 0x00000000b5800000) remset 0 code roots 0 marked 0 pinned count 0 reclaim candidate 0 type array 1
[2024-10-26T03:19:29.367+0530][132.092s][debug][gc,humongous      ] GC(424) Humongous region 1014 (object size 1048592 @ 0x00000000bf600000) remset 0 code roots 0 marked 0 pinned count 0 reclaim candidate 0 type array 1
[2024-10-26T03:19:29.367+0530][132.092s][debug][gc,humongous      ] GC(424) Humongous region 698 (object size 1048592 @ 0x00000000aba00000) remset 0 code roots 0 marked 0 pinned count 0 reclaim candidate 0 type array 1
[2024-10-26T03:19:29.367+0530][132.092s][debug][gc,humongous      ] GC(424) Humongous region 1170 (object size 1048592 @ 0x00000000c9200000) remset 0 code roots 0 marked 0 pinned count 0 reclaim candidate 0 type array 1
[2024-10-26T03:19:29.367+0530][132.092s][debug][gc,humongous      ] GC(424) Humongous region 1328 (object size 1048592 @ 0x00000000d3000000) remset 0 code roots 0 marked 0 pinned count 0 reclaim candidate 0 type array 1
[2024-10-26T03:19:29.367+0530][132.092s][debug][gc,humongous      ] GC(424) Humongous region 1486 (object size 1048592 @ 0x00000000dce00000) remset 0 code roots 0 marked 0 pinned count 0 reclaim candidate 0 type array 1
[2024-10-26T03:19:29.367+0530][132.092s][debug][gc,humongous      ] GC(424) Humongous region 1800 (object size 1048592 @ 0x00000000f0800000) remset 0 code roots 0 marked 0 pinned count 0 reclaim candidate 0 type array 1
[2024-10-26T03:19:29.367+0530][132.092s][debug][gc,humongous      ] GC(424) Humongous region 1644 (object size 1048592 @ 0x00000000e6c00000) remset 0 code roots 0 marked 0 pinned count 0 reclaim candidate 0 type array 1
[2024-10-26T03:19:29.367+0530][132.092s][debug][gc,humongous      ] GC(424) Humongous region 1958 (object size 1048592 @ 0x00000000fa600000) remset 0 code roots 0 marked 0 pinned count 0 reclaim candidate 0 type array 1
[2024-10-26T03:19:29.367+0530][132.092s][debug][gc,humongous      ] GC(424) Humongous region 228 (object size 1048592 @ 0x000000008e400000) remset 0 code roots 0 marked 0 pinned count 0 reclaim candidate 0 type array 1
[2024-10-26T03:19:29.367+0530][132.092s][debug][gc,humongous      ] GC(424) Humongous region 386 (object size 1048592 @ 0x0000000098200000) remset 0 code roots 0 marked 0 pinned count 0 reclaim candidate 0 type array 1
[2024-10-26T03:19:29.367+0530][132.092s][debug][gc,humongous      ] GC(424) Humongous region 542 (object size 1048592 @ 0x00000000a1e00000) remset 0 code roots 0 marked 0 pinned count 0 reclaim candidate 0 type array 1
[2024-10-26T03:19:29.367+0530][132.092s][debug][gc,humongous      ] GC(424) Humongous region 88 (object size 1048592 @ 0x0000000085800000) remset 0 code roots 0 marked 0 pinned count 0 reclaim candidate 0 type array 1
[2024-10-26T03:19:29.367+0530][132.092s][debug][gc,humongous      ] GC(424) Humongous region 858 (object size 1048592 @ 0x00000000b5a00000) remset 0 code roots 0 marked 0 pinned count 0 reclaim candidate 0 type array 1
[2024-10-26T03:19:29.367+0530][132.092s][debug][gc,humongous      ] GC(424) Humongous region 1016 (object size 1048592 @ 0x00000000bf800000) remset 0 code roots 0 marked 0 pinned count 0 reclaim candidate 0 type array 1
[2024-10-26T03:19:29.367+0530][132.092s][debug][gc,humongous      ] GC(424) Humongous region 700 (object size 1048592 @ 0x00000000abc00000) remset 0 code roots 0 marked 0 pinned count 0 reclaim candidate 0 type array 1
[2024-10-26T03:19:29.367+0530][132.092s][debug][gc,humongous      ] GC(424) Humongous region 1172 (object size 1048592 @ 0x00000000c9400000) remset 0 code roots 0 marked 0 pinned count 0 reclaim candidate 0 type array 1
[2024-10-26T03:19:29.367+0530][132.092s][debug][gc,humongous      ] GC(424) Humongous region 1330 (object size 1048592 @ 0x00000000d3200000) remset 0 code roots 0 marked 0 pinned count 0 reclaim candidate 0 type array 1
[2024-10-26T03:19:29.367+0530][132.092s][debug][gc,humongous      ] GC(424) Humongous region 1488 (object size 1048592 @ 0x00000000dd000000) remset 0 code roots 0 marked 0 pinned count 0 reclaim candidate 0 type array 1
[2024-10-26T03:19:29.367+0530][132.092s][debug][gc,humongous      ] GC(424) Humongous region 1802 (object size 1048592 @ 0x00000000f0a00000) remset 0 code roots 0 marked 0 pinned count 0 reclaim candidate 0 type array 1
[2024-10-26T03:19:29.367+0530][132.093s][debug][gc,humongous      ] GC(424) Humongous region 1646 (object size 1048592 @ 0x00000000e6e00000) remset 0 code roots 0 marked 0 pinned count 0 reclaim candidate 0 type array 1
[2024-10-26T03:19:29.367+0530][132.093s][debug][gc,humongous      ] GC(424) Humongous region 1960 (object size 1048592 @ 0x00000000fa800000) remset 0 code roots 0 marked 0 pinned count 0 reclaim candidate 0 type array 1
[2024-10-26T03:19:29.368+0530][132.093s][debug][gc,humongous      ] GC(424) Humongous region 230 (object size 1048592 @ 0x000000008e600000) remset 0 code roots 0 marked 0 pinned count 0 reclaim candidate 0 type array 1
[2024-10-26T03:19:29.368+0530][132.093s][debug][gc,humongous      ] GC(424) Humongous region 388 (object size 1048592 @ 0x0000000098400000) remset 0 code roots 0 marked 0 pinned count 0 reclaim candidate 0 type array 1
[2024-10-26T03:19:29.368+0530][132.093s][debug][gc,humongous      ] GC(424) Humongous region 544 (object size 1048592 @ 0x00000000a2000000) remset 0 code roots 0 marked 0 pinned count 0 reclaim candidate 0 type array 1
[2024-10-26T03:19:29.368+0530][132.093s][debug][gc,humongous      ] GC(424) Humongous region 90 (object size 1048592 @ 0x0000000085a00000) remset 0 code roots 0 marked 0 pinned count 0 reclaim candidate 0 type array 1
[2024-10-26T03:19:29.368+0530][132.093s][debug][gc,humongous      ] GC(424) Humongous region 860 (object size 1048592 @ 0x00000000b5c00000) remset 0 code roots 0 marked 0 pinned count 0 reclaim candidate 0 type array 1
[2024-10-26T03:19:29.368+0530][132.093s][debug][gc,humongous      ] GC(424) Humongous region 1018 (object size 1048592 @ 0x00000000bfa00000) remset 0 code roots 0 marked 0 pinned count 0 reclaim candidate 0 type array 1
[2024-10-26T03:19:29.368+0530][132.093s][debug][gc,humongous      ] GC(424) Humongous region 702 (object size 1048592 @ 0x00000000abe00000) remset 0 code roots 0 marked 0 pinned count 0 reclaim candidate 0 type array 1
[2024-10-26T03:19:29.368+0530][132.093s][debug][gc,humongous      ] GC(424) Humongous region 1174 (object size 1048592 @ 0x00000000c9600000) remset 0 code roots 0 marked 0 pinned count 0 reclaim candidate 0 type array 1
[2024-10-26T03:19:29.368+0530][132.093s][debug][gc,humongous      ] GC(424) Humongous region 1332 (object size 1048592 @ 0x00000000d3400000) remset 0 code roots 0 marked 0 pinned count 0 reclaim candidate 0 type array 1
[2024-10-26T03:19:29.368+0530][132.093s][debug][gc,humongous      ] GC(424) Humongous region 1490 (object size 1048592 @ 0x00000000dd200000) remset 0 code roots 0 marked 0 pinned count 0 reclaim candidate 0 type array 1
[2024-10-26T03:19:29.368+0530][132.093s][debug][gc,humongous      ] GC(424) Humongous region 1804 (object size 1048592 @ 0x00000000f0c00000) remset 0 code roots 0 marked 0 pinned count 0 reclaim candidate 0 type array 1
[2024-10-26T03:19:29.368+0530][132.093s][debug][gc,humongous      ] GC(424) Humongous region 1648 (object size 1048592 @ 0x00000000e7000000) remset 0 code roots 0 marked 0 pinned count 0 reclaim candidate 0 type array 1
[2024-10-26T03:19:29.368+0530][132.093s][debug][gc,humongous      ] GC(424) Humongous region 1962 (object size 1048592 @ 0x00000000faa00000) remset 0 code roots 0 marked 0 pinned count 0 reclaim candidate 0 type array 1
[2024-10-26T03:19:29.368+0530][132.093s][debug][gc,humongous      ] GC(424) Humongous region 232 (object size 1048592 @ 0x000000008e800000) remset 0 code roots 0 marked 0 pinned count 0 reclaim candidate 0 type array 1
[2024-10-26T03:19:29.368+0530][132.093s][debug][gc,humongous      ] GC(424) Humongous region 390 (object size 1048592 @ 0x0000000098600000) remset 0 code roots 0 marked 0 pinned count 0 reclaim candidate 0 type array 1
[2024-10-26T03:19:29.368+0530][132.093s][debug][gc,humongous      ] GC(424) Humongous region 546 (object size 1048592 @ 0x00000000a2200000) remset 0 code roots 0 marked 0 pinned count 0 reclaim candidate 0 type array 1
[2024-10-26T03:19:29.368+0530][132.093s][debug][gc,humongous      ] GC(424) Humongous region 92 (object size 1048592 @ 0x0000000085c00000) remset 0 code roots 0 marked 0 pinned count 0 reclaim candidate 0 type array 1
[2024-10-26T03:19:29.368+0530][132.093s][debug][gc,humongous      ] GC(424) Humongous region 862 (object size 1048592 @ 0x00000000b5e00000) remset 0 code roots 0 marked 0 pinned count 0 reclaim candidate 0 type array 1
[2024-10-26T03:19:29.368+0530][132.093s][debug][gc,humongous      ] GC(424) Humongous region 1020 (object size 1048592 @ 0x00000000bfc00000) remset 0 code roots 0 marked 0 pinned count 0 reclaim candidate 0 type array 1
[2024-10-26T03:19:29.368+0530][132.093s][debug][gc,humongous      ] GC(424) Humongous region 704 (object size 1048592 @ 0x00000000ac000000) remset 0 code roots 0 marked 0 pinned count 0 reclaim candidate 0 type array 1
[2024-10-26T03:19:29.368+0530][132.093s][debug][gc,humongous      ] GC(424) Humongous region 1176 (object size 1048592 @ 0x00000000c9800000) remset 0 code roots 0 marked 0 pinned count 0 reclaim candidate 0 type array 1
[2024-10-26T03:19:29.368+0530][132.093s][debug][gc,humongous      ] GC(424) Humongous region 1334 (object size 1048592 @ 0x00000000d3600000) remset 0 code roots 0 marked 0 pinned count 0 reclaim candidate 0 type array 1
[2024-10-26T03:19:29.368+0530][132.093s][debug][gc,humongous      ] GC(424) Humongous region 1492 (object size 1048592 @ 0x00000000dd400000) remset 0 code roots 0 marked 0 pinned count 0 reclaim candidate 0 type array 1
[2024-10-26T03:19:29.368+0530][132.093s][debug][gc,humongous      ] GC(424) Humongous region 1806 (object size 1048592 @ 0x00000000f0e00000) remset 0 code roots 0 marked 0 pinned count 0 reclaim candidate 0 type array 1
[2024-10-26T03:19:29.368+0530][132.093s][debug][gc,humongous      ] GC(424) Humongous region 1650 (object size 1048592 @ 0x00000000e7200000) remset 0 code roots 0 marked 0 pinned count 0 reclaim candidate 0 type array 1
[2024-10-26T03:19:29.368+0530][132.093s][debug][gc,humongous      ] GC(424) Humongous region 1964 (object size 1048592 @ 0x00000000fac00000) remset 0 code roots 0 marked 0 pinned count 0 reclaim candidate 0 type array 1
[2024-10-26T03:19:29.368+0530][132.093s][debug][gc,humongous      ] GC(424) Humongous region 234 (object size 1048592 @ 0x000000008ea00000) remset 0 code roots 0 marked 0 pinned count 0 reclaim candidate 0 type array 1
[2024-10-26T03:19:29.368+0530][132.093s][debug][gc,humongous      ] GC(424) Humongous region 392 (object size 1048592 @ 0x0000000098800000) remset 0 code roots 0 marked 0 pinned count 0 reclaim candidate 0 type array 1
[2024-10-26T03:19:29.368+0530][132.093s][debug][gc,humongous      ] GC(424) Humongous region 548 (object size 1048592 @ 0x00000000a2400000) remset 0 code roots 0 marked 0 pinned count 0 reclaim candidate 0 type array 1
[2024-10-26T03:19:29.368+0530][132.093s][debug][gc,humongous      ] GC(424) Humongous region 94 (object size 1048592 @ 0x0000000085e00000) remset 0 code roots 0 marked 0 pinned count 0 reclaim candidate 0 type array 1
[2024-10-26T03:19:29.368+0530][132.093s][debug][gc,humongous      ] GC(424) Humongous region 864 (object size 1048592 @ 0x00000000b6000000) remset 0 code roots 0 marked 0 pinned count 0 reclaim candidate 0 type array 1
[2024-10-26T03:19:29.368+0530][132.093s][debug][gc,humongous      ] GC(424) Humongous region 1022 (object size 1048592 @ 0x00000000bfe00000) remset 0 code roots 0 marked 0 pinned count 0 reclaim candidate 0 type array 1
[2024-10-26T03:19:29.368+0530][132.093s][debug][gc,humongous      ] GC(424) Humongous region 706 (object size 1048592 @ 0x00000000ac200000) remset 0 code roots 0 marked 0 pinned count 0 reclaim candidate 0 type array 1
[2024-10-26T03:19:29.368+0530][132.093s][debug][gc,humongous      ] GC(424) Humongous region 1178 (object size 1048592 @ 0x00000000c9a00000) remset 0 code roots 0 marked 0 pinned count 0 reclaim candidate 0 type array 1
[2024-10-26T03:19:29.368+0530][132.093s][debug][gc,humongous      ] GC(424) Humongous region 1336 (object size 1048592 @ 0x00000000d3800000) remset 0 code roots 0 marked 0 pinned count 0 reclaim candidate 0 type array 1
[2024-10-26T03:19:29.368+0530][132.093s][debug][gc,humongous      ] GC(424) Humongous region 1494 (object size 1048592 @ 0x00000000dd600000) remset 0 code roots 0 marked 0 pinned count 0 reclaim candidate 0 type array 1
[2024-10-26T03:19:29.368+0530][132.093s][debug][gc,humongous      ] GC(424) Humongous region 1808 (object size 1048592 @ 0x00000000f1000000) remset 0 code roots 0 marked 0 pinned count 0 reclaim candidate 0 type array 1
[2024-10-26T03:19:29.368+0530][132.093s][debug][gc,humongous      ] GC(424) Humongous region 1652 (object size 1048592 @ 0x00000000e7400000) remset 0 code roots 0 marked 0 pinned count 0 reclaim candidate 0 type array 1
[2024-10-26T03:19:29.368+0530][132.093s][debug][gc,humongous      ] GC(424) Humongous region 1966 (object size 1048592 @ 0x00000000fae00000) remset 0 code roots 0 marked 0 pinned count 0 reclaim candidate 0 type array 1
[2024-10-26T03:19:29.368+0530][132.093s][debug][gc,humongous      ] GC(424) Humongous region 236 (object size 1048592 @ 0x000000008ec00000) remset 0 code roots 0 marked 0 pinned count 0 reclaim candidate 0 type array 1
[2024-10-26T03:19:29.368+0530][132.093s][debug][gc,humongous      ] GC(424) Humongous region 394 (object size 1048592 @ 0x0000000098a00000) remset 0 code roots 0 marked 0 pinned count 0 reclaim candidate 0 type array 1
[2024-10-26T03:19:29.368+0530][132.093s][debug][gc,humongous      ] GC(424) Humongous region 550 (object size 1048592 @ 0x00000000a2600000) remset 0 code roots 0 marked 0 pinned count 0 reclaim candidate 0 type array 1
[2024-10-26T03:19:29.368+0530][132.093s][debug][gc,humongous      ] GC(424) Humongous region 96 (object size 1048592 @ 0x0000000086000000) remset 0 code roots 0 marked 0 pinned count 0 reclaim candidate 0 type array 1
[2024-10-26T03:19:29.368+0530][132.093s][debug][gc,humongous      ] GC(424) Humongous region 866 (object size 1048592 @ 0x00000000b6200000) remset 0 code roots 0 marked 0 pinned count 0 reclaim candidate 0 type array 1
[2024-10-26T03:19:29.368+0530][132.093s][debug][gc,humongous      ] GC(424) Humongous region 1024 (object size 1048592 @ 0x00000000c0000000) remset 0 code roots 0 marked 0 pinned count 0 reclaim candidate 0 type array 1
[2024-10-26T03:19:29.368+0530][132.093s][debug][gc,humongous      ] GC(424) Humongous region 708 (object size 1048592 @ 0x00000000ac400000) remset 0 code roots 0 marked 0 pinned count 0 reclaim candidate 0 type array 1
[2024-10-26T03:19:29.368+0530][132.093s][debug][gc,humongous      ] GC(424) Humongous region 1180 (object size 1048592 @ 0x00000000c9c00000) remset 0 code roots 0 marked 0 pinned count 0 reclaim candidate 0 type array 1
[2024-10-26T03:19:29.368+0530][132.093s][debug][gc,humongous      ] GC(424) Humongous region 1338 (object size 1048592 @ 0x00000000d3a00000) remset 0 code roots 0 marked 0 pinned count 0 reclaim candidate 0 type array 1
[2024-10-26T03:19:29.368+0530][132.093s][debug][gc,humongous      ] GC(424) Humongous region 1496 (object size 1048592 @ 0x00000000dd800000) remset 0 code roots 0 marked 0 pinned count 0 reclaim candidate 0 type array 1
[2024-10-26T03:19:29.368+0530][132.093s][debug][gc,humongous      ] GC(424) Humongous region 1810 (object size 1048592 @ 0x00000000f1200000) remset 0 code roots 0 marked 0 pinned count 0 reclaim candidate 0 type array 1
[2024-10-26T03:19:29.368+0530][132.093s][debug][gc,humongous      ] GC(424) Humongous region 1654 (object size 1048592 @ 0x00000000e7600000) remset 0 code roots 0 marked 0 pinned count 0 reclaim candidate 0 type array 1
[2024-10-26T03:19:29.368+0530][132.093s][debug][gc,humongous      ] GC(424) Humongous region 1968 (object size 1048592 @ 0x00000000fb000000) remset 0 code roots 0 marked 0 pinned count 0 reclaim candidate 0 type array 1
[2024-10-26T03:19:29.368+0530][132.093s][debug][gc,humongous      ] GC(424) Humongous region 238 (object size 1048592 @ 0x000000008ee00000) remset 0 code roots 0 marked 0 pinned count 0 reclaim candidate 0 type array 1
[2024-10-26T03:19:29.368+0530][132.093s][debug][gc,humongous      ] GC(424) Humongous region 396 (object size 1048592 @ 0x0000000098c00000) remset 0 code roots 0 marked 0 pinned count 0 reclaim candidate 0 type array 1
[2024-10-26T03:19:29.368+0530][132.093s][debug][gc,humongous      ] GC(424) Humongous region 552 (object size 1048592 @ 0x00000000a2800000) remset 0 code roots 0 marked 0 pinned count 0 reclaim candidate 0 type array 1
[2024-10-26T03:19:29.368+0530][132.093s][debug][gc,humongous      ] GC(424) Humongous region 98 (object size 1048592 @ 0x0000000086200000) remset 0 code roots 0 marked 0 pinned count 0 reclaim candidate 0 type array 1
[2024-10-26T03:19:29.368+0530][132.093s][debug][gc,humongous      ] GC(424) Humongous region 868 (object size 1048592 @ 0x00000000b6400000) remset 0 code roots 0 marked 0 pinned count 0 reclaim candidate 0 type array 1
[2024-10-26T03:19:29.368+0530][132.093s][debug][gc,humongous      ] GC(424) Humongous region 1026 (object size 1048592 @ 0x00000000c0200000) remset 0 code roots 0 marked 0 pinned count 0 reclaim candidate 0 type array 1
[2024-10-26T03:19:29.368+0530][132.093s][debug][gc,humongous      ] GC(424) Humongous region 710 (object size 1048592 @ 0x00000000ac600000) remset 0 code roots 0 marked 0 pinned count 0 reclaim candidate 0 type array 1
[2024-10-26T03:19:29.368+0530][132.093s][debug][gc,humongous      ] GC(424) Humongous region 1182 (object size 1048592 @ 0x00000000c9e00000) remset 0 code roots 0 marked 0 pinned count 0 reclaim candidate 0 type array 1
[2024-10-26T03:19:29.368+0530][132.093s][debug][gc,humongous      ] GC(424) Humongous region 1340 (object size 1048592 @ 0x00000000d3c00000) remset 0 code roots 0 marked 0 pinned count 0 reclaim candidate 0 type array 1
[2024-10-26T03:19:29.368+0530][132.093s][debug][gc,humongous      ] GC(424) Humongous region 1498 (object size 1048592 @ 0x00000000dda00000) remset 0 code roots 0 marked 0 pinned count 0 reclaim candidate 0 type array 1
[2024-10-26T03:19:29.368+0530][132.093s][debug][gc,humongous      ] GC(424) Humongous region 1812 (object size 1048592 @ 0x00000000f1400000) remset 0 code roots 0 marked 0 pinned count 0 reclaim candidate 0 type array 1
[2024-10-26T03:19:29.368+0530][132.093s][debug][gc,humongous      ] GC(424) Humongous region 1656 (object size 1048592 @ 0x00000000e7800000) remset 0 code roots 0 marked 0 pinned count 0 reclaim candidate 0 type array 1
[2024-10-26T03:19:29.368+0530][132.093s][debug][gc,humongous      ] GC(424) Humongous region 1970 (object size 1048592 @ 0x00000000fb200000) remset 0 code roots 0 marked 0 pinned count 0 reclaim candidate 0 type array 1
[2024-10-26T03:19:29.368+0530][132.093s][debug][gc,humongous      ] GC(424) Humongous region 240 (object size 1048592 @ 0x000000008f000000) remset 0 code roots 0 marked 0 pinned count 0 reclaim candidate 0 type array 1
[2024-10-26T03:19:29.368+0530][132.093s][debug][gc,humongous      ] GC(424) Humongous region 398 (object size 1048592 @ 0x0000000098e00000) remset 0 code roots 0 marked 0 pinned count 0 reclaim candidate 0 type array 1
[2024-10-26T03:19:29.368+0530][132.093s][debug][gc,humongous      ] GC(424) Humongous region 554 (object size 1048592 @ 0x00000000a2a00000) remset 0 code roots 0 marked 0 pinned count 0 reclaim candidate 0 type array 1
[2024-10-26T03:19:29.368+0530][132.093s][debug][gc,humongous      ] GC(424) Humongous region 100 (object size 1048592 @ 0x0000000086400000) remset 0 code roots 0 marked 0 pinned count 0 reclaim candidate 0 type array 1
[2024-10-26T03:19:29.368+0530][132.093s][debug][gc,humongous      ] GC(424) Humongous region 870 (object size 1048592 @ 0x00000000b6600000) remset 0 code roots 0 marked 0 pinned count 0 reclaim candidate 0 type array 1
[2024-10-26T03:19:29.368+0530][132.093s][debug][gc,humongous      ] GC(424) Humongous region 1028 (object size 1048592 @ 0x00000000c0400000) remset 0 code roots 0 marked 0 pinned count 0 reclaim candidate 0 type array 1
[2024-10-26T03:19:29.368+0530][132.093s][debug][gc,humongous      ] GC(424) Humongous region 712 (object size 1048592 @ 0x00000000ac800000) remset 0 code roots 0 marked 0 pinned count 0 reclaim candidate 0 type array 1
[2024-10-26T03:19:29.368+0530][132.093s][debug][gc,humongous      ] GC(424) Humongous region 1184 (object size 1048592 @ 0x00000000ca000000) remset 0 code roots 0 marked 0 pinned count 0 reclaim candidate 0 type array 1
[2024-10-26T03:19:29.368+0530][132.093s][debug][gc,humongous      ] GC(424) Humongous region 1342 (object size 1048592 @ 0x00000000d3e00000) remset 0 code roots 0 marked 0 pinned count 0 reclaim candidate 0 type array 1
[2024-10-26T03:19:29.368+0530][132.093s][debug][gc,humongous      ] GC(424) Humongous region 1500 (object size 1048592 @ 0x00000000ddc00000) remset 0 code roots 0 marked 0 pinned count 0 reclaim candidate 0 type array 1
[2024-10-26T03:19:29.368+0530][132.093s][debug][gc,humongous      ] GC(424) Humongous region 1814 (object size 1048592 @ 0x00000000f1600000) remset 0 code roots 0 marked 0 pinned count 0 reclaim candidate 0 type array 1
[2024-10-26T03:19:29.368+0530][132.093s][debug][gc,humongous      ] GC(424) Humongous region 1658 (object size 1048592 @ 0x00000000e7a00000) remset 0 code roots 0 marked 0 pinned count 0 reclaim candidate 0 type array 1
[2024-10-26T03:19:29.368+0530][132.093s][debug][gc,humongous      ] GC(424) Humongous region 1972 (object size 1048592 @ 0x00000000fb400000) remset 0 code roots 0 marked 0 pinned count 0 reclaim candidate 0 type array 1
[2024-10-26T03:19:29.368+0530][132.094s][debug][gc,humongous      ] GC(424) Humongous region 242 (object size 1048592 @ 0x000000008f200000) remset 0 code roots 0 marked 0 pinned count 0 reclaim candidate 0 type array 1
[2024-10-26T03:19:29.368+0530][132.094s][debug][gc,humongous      ] GC(424) Humongous region 400 (object size 1048592 @ 0x0000000099000000) remset 0 code roots 0 marked 0 pinned count 0 reclaim candidate 0 type array 1
[2024-10-26T03:19:29.369+0530][132.094s][debug][gc,humongous      ] GC(424) Humongous region 556 (object size 1048592 @ 0x00000000a2c00000) remset 0 code roots 0 marked 0 pinned count 0 reclaim candidate 0 type array 1
[2024-10-26T03:19:29.369+0530][132.094s][debug][gc,humongous      ] GC(424) Humongous region 102 (object size 1048592 @ 0x0000000086600000) remset 0 code roots 0 marked 0 pinned count 0 reclaim candidate 0 type array 1
[2024-10-26T03:19:29.369+0530][132.094s][debug][gc,humongous      ] GC(424) Humongous region 872 (object size 1048592 @ 0x00000000b6800000) remset 0 code roots 0 marked 0 pinned count 0 reclaim candidate 0 type array 1
[2024-10-26T03:19:29.369+0530][132.094s][debug][gc,humongous      ] GC(424) Humongous region 1030 (object size 1048592 @ 0x00000000c0600000) remset 0 code roots 0 marked 0 pinned count 0 reclaim candidate 0 type array 1
[2024-10-26T03:19:29.369+0530][132.094s][debug][gc,humongous      ] GC(424) Humongous region 714 (object size 1048592 @ 0x00000000aca00000) remset 0 code roots 0 marked 0 pinned count 0 reclaim candidate 0 type array 1
[2024-10-26T03:19:29.369+0530][132.094s][debug][gc,humongous      ] GC(424) Humongous region 1186 (object size 1048592 @ 0x00000000ca200000) remset 0 code roots 0 marked 0 pinned count 0 reclaim candidate 0 type array 1
[2024-10-26T03:19:29.369+0530][132.094s][debug][gc,humongous      ] GC(424) Humongous region 1344 (object size 1048592 @ 0x00000000d4000000) remset 0 code roots 0 marked 0 pinned count 0 reclaim candidate 0 type array 1
[2024-10-26T03:19:29.369+0530][132.094s][debug][gc,humongous      ] GC(424) Humongous region 1502 (object size 1048592 @ 0x00000000dde00000) remset 0 code roots 0 marked 0 pinned count 0 reclaim candidate 0 type array 1
[2024-10-26T03:19:29.369+0530][132.094s][debug][gc,humongous      ] GC(424) Humongous region 1816 (object size 1048592 @ 0x00000000f1800000) remset 0 code roots 0 marked 0 pinned count 0 reclaim candidate 0 type array 1
[2024-10-26T03:19:29.369+0530][132.094s][debug][gc,humongous      ] GC(424) Humongous region 1660 (object size 1048592 @ 0x00000000e7c00000) remset 0 code roots 0 marked 0 pinned count 0 reclaim candidate 0 type array 1
[2024-10-26T03:19:29.369+0530][132.094s][debug][gc,humongous      ] GC(424) Humongous region 1974 (object size 1048592 @ 0x00000000fb600000) remset 0 code roots 0 marked 0 pinned count 0 reclaim candidate 0 type array 1
[2024-10-26T03:19:29.369+0530][132.094s][debug][gc,humongous      ] GC(424) Humongous region 244 (object size 1048592 @ 0x000000008f400000) remset 0 code roots 0 marked 0 pinned count 0 reclaim candidate 0 type array 1
[2024-10-26T03:19:29.369+0530][132.094s][debug][gc,humongous      ] GC(424) Humongous region 402 (object size 1048592 @ 0x0000000099200000) remset 0 code roots 0 marked 0 pinned count 0 reclaim candidate 0 type array 1
[2024-10-26T03:19:29.369+0530][132.094s][debug][gc,humongous      ] GC(424) Humongous region 558 (object size 1048592 @ 0x00000000a2e00000) remset 0 code roots 0 marked 0 pinned count 0 reclaim candidate 0 type array 1
[2024-10-26T03:19:29.369+0530][132.094s][debug][gc,humongous      ] GC(424) Humongous region 104 (object size 1048592 @ 0x0000000086800000) remset 0 code roots 0 marked 0 pinned count 0 reclaim candidate 0 type array 1
[2024-10-26T03:19:29.369+0530][132.094s][debug][gc,humongous      ] GC(424) Humongous region 874 (object size 1048592 @ 0x00000000b6a00000) remset 0 code roots 0 marked 0 pinned count 0 reclaim candidate 0 type array 1
[2024-10-26T03:19:29.369+0530][132.094s][debug][gc,humongous      ] GC(424) Humongous region 1032 (object size 1048592 @ 0x00000000c0800000) remset 0 code roots 0 marked 0 pinned count 0 reclaim candidate 0 type array 1
[2024-10-26T03:19:29.369+0530][132.094s][debug][gc,humongous      ] GC(424) Humongous region 716 (object size 1048592 @ 0x00000000acc00000) remset 0 code roots 0 marked 0 pinned count 0 reclaim candidate 0 type array 1
[2024-10-26T03:19:29.369+0530][132.094s][debug][gc,humongous      ] GC(424) Humongous region 1188 (object size 1048592 @ 0x00000000ca400000) remset 0 code roots 0 marked 0 pinned count 0 reclaim candidate 0 type array 1
[2024-10-26T03:19:29.369+0530][132.094s][debug][gc,humongous      ] GC(424) Humongous region 1346 (object size 1048592 @ 0x00000000d4200000) remset 0 code roots 0 marked 0 pinned count 0 reclaim candidate 0 type array 1
[2024-10-26T03:19:29.369+0530][132.094s][debug][gc,humongous      ] GC(424) Humongous region 1504 (object size 1048592 @ 0x00000000de000000) remset 0 code roots 0 marked 0 pinned count 0 reclaim candidate 0 type array 1
[2024-10-26T03:19:29.369+0530][132.094s][debug][gc,humongous      ] GC(424) Humongous region 1818 (object size 1048592 @ 0x00000000f1a00000) remset 0 code roots 0 marked 0 pinned count 0 reclaim candidate 0 type array 1
[2024-10-26T03:19:29.369+0530][132.094s][debug][gc,humongous      ] GC(424) Humongous region 1662 (object size 1048592 @ 0x00000000e7e00000) remset 0 code roots 0 marked 0 pinned count 0 reclaim candidate 0 type array 1
[2024-10-26T03:19:29.369+0530][132.094s][debug][gc,humongous      ] GC(424) Humongous region 1976 (object size 1048592 @ 0x00000000fb800000) remset 0 code roots 0 marked 0 pinned count 0 reclaim candidate 0 type array 1
[2024-10-26T03:19:29.369+0530][132.094s][debug][gc,humongous      ] GC(424) Humongous region 246 (object size 1048592 @ 0x000000008f600000) remset 0 code roots 0 marked 0 pinned count 0 reclaim candidate 0 type array 1
[2024-10-26T03:19:29.369+0530][132.094s][debug][gc,humongous      ] GC(424) Humongous region 404 (object size 1048592 @ 0x0000000099400000) remset 0 code roots 0 marked 0 pinned count 0 reclaim candidate 0 type array 1
[2024-10-26T03:19:29.369+0530][132.094s][debug][gc,humongous      ] GC(424) Humongous region 560 (object size 1048592 @ 0x00000000a3000000) remset 0 code roots 0 marked 0 pinned count 0 reclaim candidate 0 type array 1
[2024-10-26T03:19:29.369+0530][132.094s][debug][gc,humongous      ] GC(424) Humongous region 106 (object size 1048592 @ 0x0000000086a00000) remset 0 code roots 0 marked 0 pinned count 0 reclaim candidate 0 type array 1
[2024-10-26T03:19:29.369+0530][132.094s][debug][gc,humongous      ] GC(424) Humongous region 876 (object size 1048592 @ 0x00000000b6c00000) remset 0 code roots 0 marked 0 pinned count 0 reclaim candidate 0 type array 1
[2024-10-26T03:19:29.369+0530][132.094s][debug][gc,humongous      ] GC(424) Humongous region 1034 (object size 1048592 @ 0x00000000c0a00000) remset 0 code roots 0 marked 0 pinned count 0 reclaim candidate 0 type array 1
[2024-10-26T03:19:29.369+0530][132.094s][debug][gc,humongous      ] GC(424) Humongous region 718 (object size 1048592 @ 0x00000000ace00000) remset 0 code roots 0 marked 0 pinned count 0 reclaim candidate 0 type array 1
[2024-10-26T03:19:29.369+0530][132.094s][debug][gc,humongous      ] GC(424) Humongous region 1190 (object size 1048592 @ 0x00000000ca600000) remset 0 code roots 0 marked 0 pinned count 0 reclaim candidate 0 type array 1
[2024-10-26T03:19:29.369+0530][132.094s][debug][gc,humongous      ] GC(424) Humongous region 1348 (object size 1048592 @ 0x00000000d4400000) remset 0 code roots 0 marked 0 pinned count 0 reclaim candidate 0 type array 1
[2024-10-26T03:19:29.369+0530][132.094s][debug][gc,humongous      ] GC(424) Humongous region 1506 (object size 1048592 @ 0x00000000de200000) remset 0 code roots 0 marked 0 pinned count 0 reclaim candidate 0 type array 1
[2024-10-26T03:19:29.369+0530][132.094s][debug][gc,humongous      ] GC(424) Humongous region 1820 (object size 1048592 @ 0x00000000f1c00000) remset 0 code roots 0 marked 0 pinned count 0 reclaim candidate 0 type array 1
[2024-10-26T03:19:29.369+0530][132.094s][debug][gc,humongous      ] GC(424) Humongous region 1664 (object size 1048592 @ 0x00000000e8000000) remset 0 code roots 0 marked 0 pinned count 0 reclaim candidate 0 type array 1
[2024-10-26T03:19:29.369+0530][132.094s][debug][gc,humongous      ] GC(424) Humongous region 1978 (object size 1048592 @ 0x00000000fba00000) remset 0 code roots 0 marked 0 pinned count 0 reclaim candidate 0 type array 1
[2024-10-26T03:19:29.369+0530][132.094s][debug][gc,humongous      ] GC(424) Humongous region 248 (object size 1048592 @ 0x000000008f800000) remset 0 code roots 0 marked 0 pinned count 0 reclaim candidate 0 type array 1
[2024-10-26T03:19:29.369+0530][132.094s][debug][gc,humongous      ] GC(424) Humongous region 406 (object size 1048592 @ 0x0000000099600000) remset 0 code roots 0 marked 0 pinned count 0 reclaim candidate 0 type array 1
[2024-10-26T03:19:29.369+0530][132.094s][debug][gc,humongous      ] GC(424) Humongous region 562 (object size 1048592 @ 0x00000000a3200000) remset 0 code roots 0 marked 0 pinned count 0 reclaim candidate 0 type array 1
[2024-10-26T03:19:29.369+0530][132.094s][debug][gc,humongous      ] GC(424) Humongous region 108 (object size 1048592 @ 0x0000000086c00000) remset 0 code roots 0 marked 0 pinned count 0 reclaim candidate 0 type array 1
[2024-10-26T03:19:29.369+0530][132.094s][debug][gc,humongous      ] GC(424) Humongous region 878 (object size 1048592 @ 0x00000000b6e00000) remset 0 code roots 0 marked 0 pinned count 0 reclaim candidate 0 type array 1
[2024-10-26T03:19:29.369+0530][132.094s][debug][gc,humongous      ] GC(424) Humongous region 1036 (object size 1048592 @ 0x00000000c0c00000) remset 0 code roots 0 marked 0 pinned count 0 reclaim candidate 0 type array 1
[2024-10-26T03:19:29.369+0530][132.094s][debug][gc,humongous      ] GC(424) Humongous region 720 (object size 1048592 @ 0x00000000ad000000) remset 0 code roots 0 marked 0 pinned count 0 reclaim candidate 0 type array 1
[2024-10-26T03:19:29.369+0530][132.094s][debug][gc,humongous      ] GC(424) Humongous region 1192 (object size 1048592 @ 0x00000000ca800000) remset 0 code roots 0 marked 0 pinned count 0 reclaim candidate 0 type array 1
[2024-10-26T03:19:29.369+0530][132.094s][debug][gc,humongous      ] GC(424) Humongous region 1350 (object size 1048592 @ 0x00000000d4600000) remset 0 code roots 0 marked 0 pinned count 0 reclaim candidate 0 type array 1
[2024-10-26T03:19:29.369+0530][132.094s][debug][gc,humongous      ] GC(424) Humongous region 1508 (object size 1048592 @ 0x00000000de400000) remset 0 code roots 0 marked 0 pinned count 0 reclaim candidate 0 type array 1
[2024-10-26T03:19:29.369+0530][132.094s][debug][gc,humongous      ] GC(424) Humongous region 1822 (object size 1048592 @ 0x00000000f1e00000) remset 0 code roots 0 marked 0 pinned count 0 reclaim candidate 0 type array 1
[2024-10-26T03:19:29.369+0530][132.094s][debug][gc,humongous      ] GC(424) Humongous region 1666 (object size 1048592 @ 0x00000000e8200000) remset 0 code roots 0 marked 0 pinned count 0 reclaim candidate 0 type array 1
[2024-10-26T03:19:29.369+0530][132.094s][debug][gc,humongous      ] GC(424) Humongous region 1980 (object size 1048592 @ 0x00000000fbc00000) remset 0 code roots 0 marked 0 pinned count 0 reclaim candidate 0 type array 1
[2024-10-26T03:19:29.369+0530][132.094s][debug][gc,humongous      ] GC(424) Humongous region 250 (object size 1048592 @ 0x000000008fa00000) remset 0 code roots 0 marked 0 pinned count 0 reclaim candidate 0 type array 1
[2024-10-26T03:19:29.369+0530][132.094s][debug][gc,humongous      ] GC(424) Humongous region 408 (object size 1048592 @ 0x0000000099800000) remset 0 code roots 0 marked 0 pinned count 0 reclaim candidate 0 type array 1
[2024-10-26T03:19:29.369+0530][132.094s][debug][gc,humongous      ] GC(424) Humongous region 564 (object size 1048592 @ 0x00000000a3400000) remset 0 code roots 0 marked 0 pinned count 0 reclaim candidate 0 type array 1
[2024-10-26T03:19:29.369+0530][132.094s][debug][gc,humongous      ] GC(424) Humongous region 110 (object size 1048592 @ 0x0000000086e00000) remset 0 code roots 0 marked 0 pinned count 0 reclaim candidate 0 type array 1
[2024-10-26T03:19:29.369+0530][132.094s][debug][gc,humongous      ] GC(424) Humongous region 880 (object size 1048592 @ 0x00000000b7000000) remset 0 code roots 0 marked 0 pinned count 0 reclaim candidate 0 type array 1
[2024-10-26T03:19:29.369+0530][132.094s][debug][gc,humongous      ] GC(424) Humongous region 1038 (object size 1048592 @ 0x00000000c0e00000) remset 0 code roots 0 marked 0 pinned count 0 reclaim candidate 0 type array 1
[2024-10-26T03:19:29.369+0530][132.094s][debug][gc,humongous      ] GC(424) Humongous region 722 (object size 1048592 @ 0x00000000ad200000) remset 0 code roots 0 marked 0 pinned count 0 reclaim candidate 0 type array 1
[2024-10-26T03:19:29.369+0530][132.094s][debug][gc,humongous      ] GC(424) Humongous region 1194 (object size 1048592 @ 0x00000000caa00000) remset 0 code roots 0 marked 0 pinned count 0 reclaim candidate 0 type array 1
[2024-10-26T03:19:29.369+0530][132.094s][debug][gc,humongous      ] GC(424) Humongous region 1352 (object size 1048592 @ 0x00000000d4800000) remset 0 code roots 0 marked 0 pinned count 0 reclaim candidate 0 type array 1
[2024-10-26T03:19:29.369+0530][132.094s][debug][gc,humongous      ] GC(424) Humongous region 1510 (object size 1048592 @ 0x00000000de600000) remset 0 code roots 0 marked 0 pinned count 0 reclaim candidate 0 type array 1
[2024-10-26T03:19:29.369+0530][132.094s][debug][gc,humongous      ] GC(424) Humongous region 1824 (object size 1048592 @ 0x00000000f2000000) remset 0 code roots 0 marked 0 pinned count 0 reclaim candidate 0 type array 1
[2024-10-26T03:19:29.369+0530][132.094s][debug][gc,humongous      ] GC(424) Humongous region 1668 (object size 1048592 @ 0x00000000e8400000) remset 0 code roots 0 marked 0 pinned count 0 reclaim candidate 0 type array 1
[2024-10-26T03:19:29.369+0530][132.094s][debug][gc,humongous      ] GC(424) Humongous region 1982 (object size 1048592 @ 0x00000000fbe00000) remset 0 code roots 0 marked 0 pinned count 0 reclaim candidate 0 type array 1
[2024-10-26T03:19:29.369+0530][132.094s][debug][gc,humongous      ] GC(424) Humongous region 252 (object size 1048592 @ 0x000000008fc00000) remset 0 code roots 0 marked 0 pinned count 0 reclaim candidate 0 type array 1
[2024-10-26T03:19:29.369+0530][132.094s][debug][gc,humongous      ] GC(424) Humongous region 410 (object size 1048592 @ 0x0000000099a00000) remset 0 code roots 0 marked 0 pinned count 0 reclaim candidate 0 type array 1
[2024-10-26T03:19:29.369+0530][132.094s][debug][gc,humongous      ] GC(424) Humongous region 566 (object size 1048592 @ 0x00000000a3600000) remset 0 code roots 0 marked 0 pinned count 0 reclaim candidate 0 type array 1
[2024-10-26T03:19:29.369+0530][132.094s][debug][gc,humongous      ] GC(424) Humongous region 112 (object size 1048592 @ 0x0000000087000000) remset 0 code roots 0 marked 0 pinned count 0 reclaim candidate 0 type array 1
[2024-10-26T03:19:29.369+0530][132.094s][debug][gc,humongous      ] GC(424) Humongous region 882 (object size 1048592 @ 0x00000000b7200000) remset 0 code roots 0 marked 0 pinned count 0 reclaim candidate 0 type array 1
[2024-10-26T03:19:29.369+0530][132.094s][debug][gc,humongous      ] GC(424) Humongous region 1040 (object size 1048592 @ 0x00000000c1000000) remset 0 code roots 0 marked 0 pinned count 0 reclaim candidate 0 type array 1
[2024-10-26T03:19:29.369+0530][132.094s][debug][gc,humongous      ] GC(424) Humongous region 724 (object size 1048592 @ 0x00000000ad400000) remset 0 code roots 0 marked 0 pinned count 0 reclaim candidate 0 type array 1
[2024-10-26T03:19:29.369+0530][132.094s][debug][gc,humongous      ] GC(424) Humongous region 1196 (object size 1048592 @ 0x00000000cac00000) remset 0 code roots 0 marked 0 pinned count 0 reclaim candidate 0 type array 1
[2024-10-26T03:19:29.369+0530][132.094s][debug][gc,humongous      ] GC(424) Humongous region 1354 (object size 1048592 @ 0x00000000d4a00000) remset 0 code roots 0 marked 0 pinned count 0 reclaim candidate 0 type array 1
[2024-10-26T03:19:29.369+0530][132.094s][debug][gc,humongous      ] GC(424) Humongous region 1512 (object size 1048592 @ 0x00000000de800000) remset 0 code roots 0 marked 0 pinned count 0 reclaim candidate 0 type array 1
[2024-10-26T03:19:29.369+0530][132.094s][debug][gc,humongous      ] GC(424) Humongous region 1826 (object size 1048592 @ 0x00000000f2200000) remset 0 code roots 0 marked 0 pinned count 0 reclaim candidate 0 type array 1
[2024-10-26T03:19:29.369+0530][132.094s][debug][gc,humongous      ] GC(424) Humongous region 1670 (object size 1048592 @ 0x00000000e8600000) remset 0 code roots 0 marked 0 pinned count 0 reclaim candidate 0 type array 1
[2024-10-26T03:19:29.369+0530][132.094s][debug][gc,humongous      ] GC(424) Humongous region 1984 (object size 1048592 @ 0x00000000fc000000) remset 0 code roots 0 marked 0 pinned count 0 reclaim candidate 0 type array 1
[2024-10-26T03:19:29.369+0530][132.095s][debug][gc,humongous      ] GC(424) Humongous region 254 (object size 1048592 @ 0x000000008fe00000) remset 0 code roots 0 marked 0 pinned count 0 reclaim candidate 0 type array 1
[2024-10-26T03:19:29.370+0530][132.095s][debug][gc,humongous      ] GC(424) Humongous region 412 (object size 1048592 @ 0x0000000099c00000) remset 0 code roots 0 marked 0 pinned count 0 reclaim candidate 0 type array 1
[2024-10-26T03:19:29.370+0530][132.095s][debug][gc,humongous      ] GC(424) Humongous region 568 (object size 1048592 @ 0x00000000a3800000) remset 0 code roots 0 marked 0 pinned count 0 reclaim candidate 0 type array 1
[2024-10-26T03:19:29.370+0530][132.095s][debug][gc,humongous      ] GC(424) Humongous region 114 (object size 1048592 @ 0x0000000087200000) remset 0 code roots 0 marked 0 pinned count 0 reclaim candidate 0 type array 1
[2024-10-26T03:19:29.370+0530][132.095s][debug][gc,humongous      ] GC(424) Humongous region 884 (object size 1048592 @ 0x00000000b7400000) remset 0 code roots 0 marked 0 pinned count 0 reclaim candidate 0 type array 1
[2024-10-26T03:19:29.370+0530][132.095s][debug][gc,humongous      ] GC(424) Humongous region 1042 (object size 1048592 @ 0x00000000c1200000) remset 0 code roots 0 marked 0 pinned count 0 reclaim candidate 0 type array 1
[2024-10-26T03:19:29.370+0530][132.095s][debug][gc,humongous      ] GC(424) Humongous region 726 (object size 1048592 @ 0x00000000ad600000) remset 0 code roots 0 marked 0 pinned count 0 reclaim candidate 0 type array 1
[2024-10-26T03:19:29.370+0530][132.095s][debug][gc,humongous      ] GC(424) Humongous region 1198 (object size 1048592 @ 0x00000000cae00000) remset 0 code roots 0 marked 0 pinned count 0 reclaim candidate 0 type array 1
[2024-10-26T03:19:29.370+0530][132.095s][debug][gc,humongous      ] GC(424) Humongous region 1356 (object size 1048592 @ 0x00000000d4c00000) remset 0 code roots 0 marked 0 pinned count 0 reclaim candidate 0 type array 1
[2024-10-26T03:19:29.370+0530][132.095s][debug][gc,humongous      ] GC(424) Humongous region 1514 (object size 1048592 @ 0x00000000dea00000) remset 0 code roots 0 marked 0 pinned count 0 reclaim candidate 0 type array 1
[2024-10-26T03:19:29.370+0530][132.095s][debug][gc,humongous      ] GC(424) Humongous region 1828 (object size 1048592 @ 0x00000000f2400000) remset 0 code roots 0 marked 0 pinned count 0 reclaim candidate 0 type array 1
[2024-10-26T03:19:29.370+0530][132.095s][debug][gc,humongous      ] GC(424) Humongous region 1672 (object size 1048592 @ 0x00000000e8800000) remset 0 code roots 0 marked 0 pinned count 0 reclaim candidate 0 type array 1
[2024-10-26T03:19:29.370+0530][132.095s][debug][gc,humongous      ] GC(424) Humongous region 1986 (object size 1048592 @ 0x00000000fc200000) remset 0 code roots 0 marked 0 pinned count 0 reclaim candidate 0 type array 1
[2024-10-26T03:19:29.370+0530][132.095s][debug][gc,humongous      ] GC(424) Humongous region 256 (object size 1048592 @ 0x0000000090000000) remset 0 code roots 0 marked 0 pinned count 0 reclaim candidate 0 type array 1
[2024-10-26T03:19:29.370+0530][132.095s][debug][gc,humongous      ] GC(424) Humongous region 414 (object size 1048592 @ 0x0000000099e00000) remset 0 code roots 0 marked 0 pinned count 0 reclaim candidate 0 type array 1
[2024-10-26T03:19:29.370+0530][132.095s][debug][gc,humongous      ] GC(424) Humongous region 570 (object size 1048592 @ 0x00000000a3a00000) remset 0 code roots 0 marked 0 pinned count 0 reclaim candidate 0 type array 1
[2024-10-26T03:19:29.370+0530][132.095s][debug][gc,humongous      ] GC(424) Humongous region 116 (object size 1048592 @ 0x0000000087400000) remset 0 code roots 0 marked 0 pinned count 0 reclaim candidate 0 type array 1
[2024-10-26T03:19:29.370+0530][132.095s][debug][gc,humongous      ] GC(424) Humongous region 886 (object size 1048592 @ 0x00000000b7600000) remset 0 code roots 0 marked 0 pinned count 0 reclaim candidate 0 type array 1
[2024-10-26T03:19:29.370+0530][132.095s][debug][gc,humongous      ] GC(424) Humongous region 1044 (object size 1048592 @ 0x00000000c1400000) remset 0 code roots 0 marked 0 pinned count 0 reclaim candidate 0 type array 1
[2024-10-26T03:19:29.370+0530][132.095s][debug][gc,humongous      ] GC(424) Humongous region 728 (object size 1048592 @ 0x00000000ad800000) remset 0 code roots 0 marked 0 pinned count 0 reclaim candidate 0 type array 1
[2024-10-26T03:19:29.370+0530][132.095s][debug][gc,humongous      ] GC(424) Humongous region 1200 (object size 1048592 @ 0x00000000cb000000) remset 0 code roots 0 marked 0 pinned count 0 reclaim candidate 0 type array 1
[2024-10-26T03:19:29.370+0530][132.095s][debug][gc,humongous      ] GC(424) Humongous region 1358 (object size 1048592 @ 0x00000000d4e00000) remset 0 code roots 0 marked 0 pinned count 0 reclaim candidate 0 type array 1
[2024-10-26T03:19:29.370+0530][132.095s][debug][gc,humongous      ] GC(424) Humongous region 1516 (object size 1048592 @ 0x00000000dec00000) remset 0 code roots 0 marked 0 pinned count 0 reclaim candidate 0 type array 1
[2024-10-26T03:19:29.370+0530][132.095s][debug][gc,humongous      ] GC(424) Humongous region 1830 (object size 1048592 @ 0x00000000f2600000) remset 0 code roots 0 marked 0 pinned count 0 reclaim candidate 0 type array 1
[2024-10-26T03:19:29.370+0530][132.095s][debug][gc,humongous      ] GC(424) Humongous region 1674 (object size 1048592 @ 0x00000000e8a00000) remset 0 code roots 0 marked 0 pinned count 0 reclaim candidate 0 type array 1
[2024-10-26T03:19:29.370+0530][132.095s][debug][gc,humongous      ] GC(424) Humongous region 1988 (object size 1048592 @ 0x00000000fc400000) remset 0 code roots 0 marked 0 pinned count 0 reclaim candidate 0 type array 1
[2024-10-26T03:19:29.370+0530][132.095s][debug][gc,humongous      ] GC(424) Humongous region 258 (object size 1048592 @ 0x0000000090200000) remset 0 code roots 0 marked 0 pinned count 0 reclaim candidate 0 type array 1
[2024-10-26T03:19:29.370+0530][132.095s][debug][gc,humongous      ] GC(424) Humongous region 416 (object size 1048592 @ 0x000000009a000000) remset 0 code roots 0 marked 0 pinned count 0 reclaim candidate 0 type array 1
[2024-10-26T03:19:29.370+0530][132.095s][debug][gc,humongous      ] GC(424) Humongous region 572 (object size 1048592 @ 0x00000000a3c00000) remset 0 code roots 0 marked 0 pinned count 0 reclaim candidate 0 type array 1
[2024-10-26T03:19:29.370+0530][132.095s][debug][gc,humongous      ] GC(424) Humongous region 118 (object size 1048592 @ 0x0000000087600000) remset 0 code roots 0 marked 0 pinned count 0 reclaim candidate 0 type array 1
[2024-10-26T03:19:29.370+0530][132.095s][debug][gc,humongous      ] GC(424) Humongous region 888 (object size 1048592 @ 0x00000000b7800000) remset 0 code roots 0 marked 0 pinned count 0 reclaim candidate 0 type array 1
[2024-10-26T03:19:29.370+0530][132.095s][debug][gc,humongous      ] GC(424) Humongous region 1046 (object size 1048592 @ 0x00000000c1600000) remset 0 code roots 0 marked 0 pinned count 0 reclaim candidate 0 type array 1
[2024-10-26T03:19:29.370+0530][132.095s][debug][gc,humongous      ] GC(424) Humongous region 730 (object size 1048592 @ 0x00000000ada00000) remset 0 code roots 0 marked 0 pinned count 0 reclaim candidate 0 type array 1
[2024-10-26T03:19:29.370+0530][132.095s][debug][gc,humongous      ] GC(424) Humongous region 1202 (object size 1048592 @ 0x00000000cb200000) remset 0 code roots 0 marked 0 pinned count 0 reclaim candidate 0 type array 1
[2024-10-26T03:19:29.370+0530][132.095s][debug][gc,humongous      ] GC(424) Humongous region 1360 (object size 1048592 @ 0x00000000d5000000) remset 0 code roots 0 marked 0 pinned count 0 reclaim candidate 0 type array 1
[2024-10-26T03:19:29.370+0530][132.095s][debug][gc,humongous      ] GC(424) Humongous region 1518 (object size 1048592 @ 0x00000000dee00000) remset 0 code roots 0 marked 0 pinned count 0 reclaim candidate 0 type array 1
[2024-10-26T03:19:29.370+0530][132.095s][debug][gc,humongous      ] GC(424) Humongous region 1832 (object size 1048592 @ 0x00000000f2800000) remset 0 code roots 0 marked 0 pinned count 0 reclaim candidate 0 type array 1
[2024-10-26T03:19:29.370+0530][132.095s][debug][gc,humongous      ] GC(424) Humongous region 1676 (object size 1048592 @ 0x00000000e8c00000) remset 0 code roots 0 marked 0 pinned count 0 reclaim candidate 0 type array 1
[2024-10-26T03:19:29.370+0530][132.095s][debug][gc,humongous      ] GC(424) Humongous region 1990 (object size 1048592 @ 0x00000000fc600000) remset 0 code roots 0 marked 0 pinned count 0 reclaim candidate 0 type array 1
[2024-10-26T03:19:29.370+0530][132.095s][debug][gc,humongous      ] GC(424) Humongous region 260 (object size 1048592 @ 0x0000000090400000) remset 0 code roots 0 marked 0 pinned count 0 reclaim candidate 0 type array 1
[2024-10-26T03:19:29.370+0530][132.095s][debug][gc,humongous      ] GC(424) Humongous region 418 (object size 1048592 @ 0x000000009a200000) remset 0 code roots 0 marked 0 pinned count 0 reclaim candidate 0 type array 1
[2024-10-26T03:19:29.370+0530][132.095s][debug][gc,humongous      ] GC(424) Humongous region 574 (object size 1048592 @ 0x00000000a3e00000) remset 0 code roots 0 marked 0 pinned count 0 reclaim candidate 0 type array 1
[2024-10-26T03:19:29.370+0530][132.095s][debug][gc,humongous      ] GC(424) Humongous region 120 (object size 1048592 @ 0x0000000087800000) remset 0 code roots 0 marked 0 pinned count 0 reclaim candidate 0 type array 1
[2024-10-26T03:19:29.370+0530][132.095s][debug][gc,humongous      ] GC(424) Humongous region 890 (object size 1048592 @ 0x00000000b7a00000) remset 0 code roots 0 marked 0 pinned count 0 reclaim candidate 0 type array 1
[2024-10-26T03:19:29.370+0530][132.095s][debug][gc,humongous      ] GC(424) Humongous region 1048 (object size 1048592 @ 0x00000000c1800000) remset 0 code roots 0 marked 0 pinned count 0 reclaim candidate 0 type array 1
[2024-10-26T03:19:29.370+0530][132.095s][debug][gc,humongous      ] GC(424) Humongous region 732 (object size 1048592 @ 0x00000000adc00000) remset 0 code roots 0 marked 0 pinned count 0 reclaim candidate 0 type array 1
[2024-10-26T03:19:29.370+0530][132.095s][debug][gc,humongous      ] GC(424) Humongous region 1204 (object size 1048592 @ 0x00000000cb400000) remset 0 code roots 0 marked 0 pinned count 0 reclaim candidate 0 type array 1
[2024-10-26T03:19:29.370+0530][132.095s][debug][gc,humongous      ] GC(424) Humongous region 1362 (object size 1048592 @ 0x00000000d5200000) remset 0 code roots 0 marked 0 pinned count 0 reclaim candidate 0 type array 1
[2024-10-26T03:19:29.370+0530][132.095s][debug][gc,humongous      ] GC(424) Humongous region 1520 (object size 1048592 @ 0x00000000df000000) remset 0 code roots 0 marked 0 pinned count 0 reclaim candidate 0 type array 1
[2024-10-26T03:19:29.370+0530][132.095s][debug][gc,humongous      ] GC(424) Humongous region 1834 (object size 1048592 @ 0x00000000f2a00000) remset 0 code roots 0 marked 0 pinned count 0 reclaim candidate 0 type array 1
[2024-10-26T03:19:29.370+0530][132.095s][debug][gc,humongous      ] GC(424) Humongous region 1678 (object size 1048592 @ 0x00000000e8e00000) remset 0 code roots 0 marked 0 pinned count 0 reclaim candidate 0 type array 1
[2024-10-26T03:19:29.370+0530][132.095s][debug][gc,humongous      ] GC(424) Humongous region 1992 (object size 1048592 @ 0x00000000fc800000) remset 0 code roots 0 marked 0 pinned count 0 reclaim candidate 0 type array 1
[2024-10-26T03:19:29.370+0530][132.095s][debug][gc,humongous      ] GC(424) Humongous region 262 (object size 1048592 @ 0x0000000090600000) remset 0 code roots 0 marked 0 pinned count 0 reclaim candidate 0 type array 1
[2024-10-26T03:19:29.370+0530][132.095s][debug][gc,humongous      ] GC(424) Humongous region 420 (object size 1048592 @ 0x000000009a400000) remset 0 code roots 0 marked 0 pinned count 0 reclaim candidate 0 type array 1
[2024-10-26T03:19:29.370+0530][132.095s][debug][gc,humongous      ] GC(424) Humongous region 576 (object size 1048592 @ 0x00000000a4000000) remset 0 code roots 0 marked 0 pinned count 0 reclaim candidate 0 type array 1
[2024-10-26T03:19:29.370+0530][132.095s][debug][gc,humongous      ] GC(424) Humongous region 122 (object size 1048592 @ 0x0000000087a00000) remset 0 code roots 0 marked 0 pinned count 0 reclaim candidate 0 type array 1
[2024-10-26T03:19:29.370+0530][132.095s][debug][gc,humongous      ] GC(424) Humongous region 892 (object size 1048592 @ 0x00000000b7c00000) remset 0 code roots 0 marked 0 pinned count 0 reclaim candidate 0 type array 1
[2024-10-26T03:19:29.370+0530][132.095s][debug][gc,humongous      ] GC(424) Humongous region 1050 (object size 1048592 @ 0x00000000c1a00000) remset 0 code roots 0 marked 0 pinned count 0 reclaim candidate 0 type array 1
[2024-10-26T03:19:29.370+0530][132.095s][debug][gc,humongous      ] GC(424) Humongous region 734 (object size 1048592 @ 0x00000000ade00000) remset 0 code roots 0 marked 0 pinned count 0 reclaim candidate 0 type array 1
[2024-10-26T03:19:29.370+0530][132.095s][debug][gc,humongous      ] GC(424) Humongous region 1206 (object size 1048592 @ 0x00000000cb600000) remset 0 code roots 0 marked 0 pinned count 0 reclaim candidate 0 type array 1
[2024-10-26T03:19:29.370+0530][132.095s][debug][gc,humongous      ] GC(424) Humongous region 1364 (object size 1048592 @ 0x00000000d5400000) remset 0 code roots 0 marked 0 pinned count 0 reclaim candidate 0 type array 1
[2024-10-26T03:19:29.370+0530][132.095s][debug][gc,humongous      ] GC(424) Humongous region 1522 (object size 1048592 @ 0x00000000df200000) remset 0 code roots 0 marked 0 pinned count 0 reclaim candidate 0 type array 1
[2024-10-26T03:19:29.370+0530][132.095s][debug][gc,humongous      ] GC(424) Humongous region 1836 (object size 1048592 @ 0x00000000f2c00000) remset 0 code roots 0 marked 0 pinned count 0 reclaim candidate 0 type array 1
[2024-10-26T03:19:29.370+0530][132.095s][debug][gc,humongous      ] GC(424) Humongous region 1680 (object size 1048592 @ 0x00000000e9000000) remset 0 code roots 0 marked 0 pinned count 0 reclaim candidate 0 type array 1
[2024-10-26T03:19:29.370+0530][132.095s][debug][gc,humongous      ] GC(424) Humongous region 1994 (object size 1048592 @ 0x00000000fca00000) remset 0 code roots 0 marked 0 pinned count 0 reclaim candidate 0 type array 1
[2024-10-26T03:19:29.370+0530][132.095s][debug][gc,humongous      ] GC(424) Humongous region 264 (object size 1048592 @ 0x0000000090800000) remset 0 code roots 0 marked 0 pinned count 0 reclaim candidate 0 type array 1
[2024-10-26T03:19:29.370+0530][132.095s][debug][gc,humongous      ] GC(424) Humongous region 422 (object size 1048592 @ 0x000000009a600000) remset 0 code roots 0 marked 0 pinned count 0 reclaim candidate 0 type array 1
[2024-10-26T03:19:29.370+0530][132.095s][debug][gc,humongous      ] GC(424) Humongous region 578 (object size 1048592 @ 0x00000000a4200000) remset 0 code roots 0 marked 0 pinned count 0 reclaim candidate 0 type array 1
[2024-10-26T03:19:29.370+0530][132.095s][debug][gc,humongous      ] GC(424) Humongous region 124 (object size 1048592 @ 0x0000000087c00000) remset 0 code roots 0 marked 0 pinned count 0 reclaim candidate 0 type array 1
[2024-10-26T03:19:29.370+0530][132.095s][debug][gc,humongous      ] GC(424) Humongous region 894 (object size 1048592 @ 0x00000000b7e00000) remset 0 code roots 0 marked 0 pinned count 0 reclaim candidate 0 type array 1
[2024-10-26T03:19:29.370+0530][132.095s][debug][gc,humongous      ] GC(424) Humongous region 1052 (object size 1048592 @ 0x00000000c1c00000) remset 0 code roots 0 marked 0 pinned count 0 reclaim candidate 0 type array 1
[2024-10-26T03:19:29.370+0530][132.095s][debug][gc,humongous      ] GC(424) Humongous region 736 (object size 1048592 @ 0x00000000ae000000) remset 0 code roots 0 marked 0 pinned count 0 reclaim candidate 0 type array 1
[2024-10-26T03:19:29.370+0530][132.095s][debug][gc,humongous      ] GC(424) Humongous region 1208 (object size 1048592 @ 0x00000000cb800000) remset 0 code roots 0 marked 0 pinned count 0 reclaim candidate 0 type array 1
[2024-10-26T03:19:29.370+0530][132.095s][debug][gc,humongous      ] GC(424) Humongous region 1366 (object size 1048592 @ 0x00000000d5600000) remset 0 code roots 0 marked 0 pinned count 0 reclaim candidate 0 type array 1
[2024-10-26T03:19:29.370+0530][132.095s][debug][gc,humongous      ] GC(424) Humongous region 1524 (object size 1048592 @ 0x00000000df400000) remset 0 code roots 0 marked 0 pinned count 0 reclaim candidate 0 type array 1
[2024-10-26T03:19:29.370+0530][132.095s][debug][gc,humongous      ] GC(424) Humongous region 1838 (object size 1048592 @ 0x00000000f2e00000) remset 0 code roots 0 marked 0 pinned count 0 reclaim candidate 0 type array 1
[2024-10-26T03:19:29.370+0530][132.095s][debug][gc,humongous      ] GC(424) Humongous region 1682 (object size 1048592 @ 0x00000000e9200000) remset 0 code roots 0 marked 0 pinned count 0 reclaim candidate 0 type array 1
[2024-10-26T03:19:29.370+0530][132.095s][debug][gc,humongous      ] GC(424) Humongous region 1996 (object size 1048592 @ 0x00000000fcc00000) remset 0 code roots 0 marked 0 pinned count 0 reclaim candidate 0 type array 1
[2024-10-26T03:19:29.370+0530][132.095s][debug][gc,humongous      ] GC(424) Humongous region 266 (object size 1048592 @ 0x0000000090a00000) remset 0 code roots 0 marked 0 pinned count 0 reclaim candidate 0 type array 1
[2024-10-26T03:19:29.370+0530][132.095s][debug][gc,humongous      ] GC(424) Humongous region 424 (object size 1048592 @ 0x000000009a800000) remset 0 code roots 0 marked 0 pinned count 0 reclaim candidate 0 type array 1
[2024-10-26T03:19:29.370+0530][132.096s][debug][gc,humongous      ] GC(424) Humongous region 580 (object size 1048592 @ 0x00000000a4400000) remset 0 code roots 0 marked 0 pinned count 0 reclaim candidate 0 type array 1
[2024-10-26T03:19:29.371+0530][132.096s][debug][gc,humongous      ] GC(424) Humongous region 126 (object size 1048592 @ 0x0000000087e00000) remset 0 code roots 0 marked 0 pinned count 0 reclaim candidate 0 type array 1
[2024-10-26T03:19:29.371+0530][132.096s][debug][gc,humongous      ] GC(424) Humongous region 896 (object size 1048592 @ 0x00000000b8000000) remset 0 code roots 0 marked 0 pinned count 0 reclaim candidate 0 type array 1
[2024-10-26T03:19:29.371+0530][132.096s][debug][gc,humongous      ] GC(424) Humongous region 1054 (object size 1048592 @ 0x00000000c1e00000) remset 0 code roots 0 marked 0 pinned count 0 reclaim candidate 0 type array 1
[2024-10-26T03:19:29.371+0530][132.096s][debug][gc,humongous      ] GC(424) Humongous region 738 (object size 1048592 @ 0x00000000ae200000) remset 0 code roots 0 marked 0 pinned count 0 reclaim candidate 0 type array 1
[2024-10-26T03:19:29.371+0530][132.096s][debug][gc,humongous      ] GC(424) Humongous region 1210 (object size 1048592 @ 0x00000000cba00000) remset 0 code roots 0 marked 0 pinned count 0 reclaim candidate 0 type array 1
[2024-10-26T03:19:29.371+0530][132.096s][debug][gc,humongous      ] GC(424) Humongous region 1368 (object size 1048592 @ 0x00000000d5800000) remset 0 code roots 0 marked 0 pinned count 0 reclaim candidate 0 type array 1
[2024-10-26T03:19:29.371+0530][132.096s][debug][gc,humongous      ] GC(424) Humongous region 1526 (object size 1048592 @ 0x00000000df600000) remset 0 code roots 0 marked 0 pinned count 0 reclaim candidate 0 type array 1
[2024-10-26T03:19:29.371+0530][132.096s][debug][gc,humongous      ] GC(424) Humongous region 1840 (object size 1048592 @ 0x00000000f3000000) remset 0 code roots 0 marked 0 pinned count 0 reclaim candidate 0 type array 1
[2024-10-26T03:19:29.371+0530][132.096s][debug][gc,humongous      ] GC(424) Humongous region 1684 (object size 1048592 @ 0x00000000e9400000) remset 0 code roots 0 marked 0 pinned count 0 reclaim candidate 0 type array 1
[2024-10-26T03:19:29.371+0530][132.096s][debug][gc,humongous      ] GC(424) Humongous region 1998 (object size 1048592 @ 0x00000000fce00000) remset 0 code roots 0 marked 0 pinned count 0 reclaim candidate 0 type array 1
[2024-10-26T03:19:29.371+0530][132.096s][debug][gc,humongous      ] GC(424) Humongous region 268 (object size 1048592 @ 0x0000000090c00000) remset 0 code roots 0 marked 0 pinned count 0 reclaim candidate 0 type array 1
[2024-10-26T03:19:29.371+0530][132.096s][debug][gc,humongous      ] GC(424) Humongous region 426 (object size 1048592 @ 0x000000009aa00000) remset 0 code roots 0 marked 0 pinned count 0 reclaim candidate 0 type array 1
[2024-10-26T03:19:29.371+0530][132.096s][debug][gc,humongous      ] GC(424) Humongous region 582 (object size 1048592 @ 0x00000000a4600000) remset 0 code roots 0 marked 0 pinned count 0 reclaim candidate 0 type array 1
[2024-10-26T03:19:29.371+0530][132.096s][debug][gc,humongous      ] GC(424) Humongous region 128 (object size 1048592 @ 0x0000000088000000) remset 0 code roots 0 marked 0 pinned count 0 reclaim candidate 0 type array 1
[2024-10-26T03:19:29.371+0530][132.096s][debug][gc,humongous      ] GC(424) Humongous region 898 (object size 1048592 @ 0x00000000b8200000) remset 0 code roots 0 marked 0 pinned count 0 reclaim candidate 0 type array 1
[2024-10-26T03:19:29.371+0530][132.096s][debug][gc,humongous      ] GC(424) Humongous region 1056 (object size 1048592 @ 0x00000000c2000000) remset 0 code roots 0 marked 0 pinned count 0 reclaim candidate 0 type array 1
[2024-10-26T03:19:29.371+0530][132.096s][debug][gc,humongous      ] GC(424) Humongous region 740 (object size 1048592 @ 0x00000000ae400000) remset 0 code roots 0 marked 0 pinned count 0 reclaim candidate 0 type array 1
[2024-10-26T03:19:29.371+0530][132.096s][debug][gc,humongous      ] GC(424) Humongous region 1212 (object size 1048592 @ 0x00000000cbc00000) remset 0 code roots 0 marked 0 pinned count 0 reclaim candidate 0 type array 1
[2024-10-26T03:19:29.371+0530][132.096s][debug][gc,humongous      ] GC(424) Humongous region 1370 (object size 1048592 @ 0x00000000d5a00000) remset 0 code roots 0 marked 0 pinned count 0 reclaim candidate 0 type array 1
[2024-10-26T03:19:29.371+0530][132.096s][debug][gc,humongous      ] GC(424) Humongous region 1528 (object size 1048592 @ 0x00000000df800000) remset 0 code roots 0 marked 0 pinned count 0 reclaim candidate 0 type array 1
[2024-10-26T03:19:29.371+0530][132.096s][debug][gc,humongous      ] GC(424) Humongous region 1842 (object size 1048592 @ 0x00000000f3200000) remset 0 code roots 0 marked 0 pinned count 0 reclaim candidate 0 type array 1
[2024-10-26T03:19:29.371+0530][132.096s][debug][gc,humongous      ] GC(424) Humongous region 1686 (object size 1048592 @ 0x00000000e9600000) remset 0 code roots 0 marked 0 pinned count 0 reclaim candidate 0 type array 1
[2024-10-26T03:19:29.371+0530][132.096s][debug][gc,humongous      ] GC(424) Humongous region 2000 (object size 1048592 @ 0x00000000fd000000) remset 0 code roots 0 marked 0 pinned count 0 reclaim candidate 0 type array 1
[2024-10-26T03:19:29.371+0530][132.096s][debug][gc,humongous      ] GC(424) Humongous region 270 (object size 1048592 @ 0x0000000090e00000) remset 0 code roots 0 marked 0 pinned count 0 reclaim candidate 0 type array 1
[2024-10-26T03:19:29.371+0530][132.096s][debug][gc,humongous      ] GC(424) Humongous region 428 (object size 1048592 @ 0x000000009ac00000) remset 0 code roots 0 marked 0 pinned count 0 reclaim candidate 0 type array 1
[2024-10-26T03:19:29.371+0530][132.096s][debug][gc,humongous      ] GC(424) Humongous region 584 (object size 1048592 @ 0x00000000a4800000) remset 0 code roots 0 marked 0 pinned count 0 reclaim candidate 0 type array 1
[2024-10-26T03:19:29.371+0530][132.096s][debug][gc,humongous      ] GC(424) Humongous region 130 (object size 1048592 @ 0x0000000088200000) remset 0 code roots 0 marked 0 pinned count 0 reclaim candidate 0 type array 1
[2024-10-26T03:19:29.371+0530][132.096s][debug][gc,humongous      ] GC(424) Humongous region 900 (object size 1048592 @ 0x00000000b8400000) remset 0 code roots 0 marked 0 pinned count 0 reclaim candidate 0 type array 1
[2024-10-26T03:19:29.371+0530][132.096s][debug][gc,humongous      ] GC(424) Humongous region 1058 (object size 1048592 @ 0x00000000c2200000) remset 0 code roots 0 marked 0 pinned count 0 reclaim candidate 0 type array 1
[2024-10-26T03:19:29.371+0530][132.096s][debug][gc,humongous      ] GC(424) Humongous region 742 (object size 1048592 @ 0x00000000ae600000) remset 0 code roots 0 marked 0 pinned count 0 reclaim candidate 0 type array 1
[2024-10-26T03:19:29.371+0530][132.096s][debug][gc,humongous      ] GC(424) Humongous region 1214 (object size 1048592 @ 0x00000000cbe00000) remset 0 code roots 0 marked 0 pinned count 0 reclaim candidate 0 type array 1
[2024-10-26T03:19:29.371+0530][132.096s][debug][gc,humongous      ] GC(424) Humongous region 1372 (object size 1048592 @ 0x00000000d5c00000) remset 0 code roots 0 marked 0 pinned count 0 reclaim candidate 0 type array 1
[2024-10-26T03:19:29.371+0530][132.096s][debug][gc,humongous      ] GC(424) Humongous region 1530 (object size 1048592 @ 0x00000000dfa00000) remset 0 code roots 0 marked 0 pinned count 0 reclaim candidate 0 type array 1
[2024-10-26T03:19:29.371+0530][132.096s][debug][gc,humongous      ] GC(424) Humongous region 1844 (object size 1048592 @ 0x00000000f3400000) remset 0 code roots 0 marked 0 pinned count 0 reclaim candidate 0 type array 1
[2024-10-26T03:19:29.371+0530][132.096s][debug][gc,humongous      ] GC(424) Humongous region 1688 (object size 1048592 @ 0x00000000e9800000) remset 0 code roots 0 marked 0 pinned count 0 reclaim candidate 0 type array 1
[2024-10-26T03:19:29.371+0530][132.096s][debug][gc,humongous      ] GC(424) Humongous region 2002 (object size 1048592 @ 0x00000000fd200000) remset 0 code roots 0 marked 0 pinned count 0 reclaim candidate 0 type array 1
[2024-10-26T03:19:29.371+0530][132.096s][debug][gc,humongous      ] GC(424) Humongous region 272 (object size 1048592 @ 0x0000000091000000) remset 0 code roots 0 marked 0 pinned count 0 reclaim candidate 0 type array 1
[2024-10-26T03:19:29.371+0530][132.096s][debug][gc,humongous      ] GC(424) Humongous region 430 (object size 1048592 @ 0x000000009ae00000) remset 0 code roots 0 marked 0 pinned count 0 reclaim candidate 0 type array 1
[2024-10-26T03:19:29.371+0530][132.096s][debug][gc,humongous      ] GC(424) Humongous region 586 (object size 1048592 @ 0x00000000a4a00000) remset 0 code roots 0 marked 0 pinned count 0 reclaim candidate 0 type array 1
[2024-10-26T03:19:29.371+0530][132.096s][debug][gc,humongous      ] GC(424) Humongous region 132 (object size 1048592 @ 0x0000000088400000) remset 0 code roots 0 marked 0 pinned count 0 reclaim candidate 0 type array 1
[2024-10-26T03:19:29.371+0530][132.096s][debug][gc,humongous      ] GC(424) Humongous region 902 (object size 1048592 @ 0x00000000b8600000) remset 0 code roots 0 marked 0 pinned count 0 reclaim candidate 0 type array 1
[2024-10-26T03:19:29.371+0530][132.096s][debug][gc,humongous      ] GC(424) Humongous region 1060 (object size 1048592 @ 0x00000000c2400000) remset 0 code roots 0 marked 0 pinned count 0 reclaim candidate 0 type array 1
[2024-10-26T03:19:29.371+0530][132.096s][debug][gc,humongous      ] GC(424) Humongous region 744 (object size 1048592 @ 0x00000000ae800000) remset 0 code roots 0 marked 0 pinned count 0 reclaim candidate 0 type array 1
[2024-10-26T03:19:29.371+0530][132.096s][debug][gc,humongous      ] GC(424) Humongous region 1216 (object size 1048592 @ 0x00000000cc000000) remset 0 code roots 0 marked 0 pinned count 0 reclaim candidate 0 type array 1
[2024-10-26T03:19:29.371+0530][132.096s][debug][gc,humongous      ] GC(424) Humongous region 1374 (object size 1048592 @ 0x00000000d5e00000) remset 0 code roots 0 marked 0 pinned count 0 reclaim candidate 0 type array 1
[2024-10-26T03:19:29.371+0530][132.096s][debug][gc,humongous      ] GC(424) Humongous region 1532 (object size 1048592 @ 0x00000000dfc00000) remset 0 code roots 0 marked 0 pinned count 0 reclaim candidate 0 type array 1
[2024-10-26T03:19:29.371+0530][132.096s][debug][gc,humongous      ] GC(424) Humongous region 1846 (object size 1048592 @ 0x00000000f3600000) remset 0 code roots 0 marked 0 pinned count 0 reclaim candidate 0 type array 1
[2024-10-26T03:19:29.371+0530][132.096s][debug][gc,humongous      ] GC(424) Humongous region 1690 (object size 1048592 @ 0x00000000e9a00000) remset 0 code roots 0 marked 0 pinned count 0 reclaim candidate 0 type array 1
[2024-10-26T03:19:29.371+0530][132.096s][debug][gc,humongous      ] GC(424) Humongous region 2004 (object size 1048592 @ 0x00000000fd400000) remset 0 code roots 0 marked 0 pinned count 0 reclaim candidate 0 type array 1
[2024-10-26T03:19:29.371+0530][132.096s][debug][gc,humongous      ] GC(424) Humongous region 274 (object size 1048592 @ 0x0000000091200000) remset 0 code roots 0 marked 0 pinned count 0 reclaim candidate 0 type array 1
[2024-10-26T03:19:29.371+0530][132.096s][debug][gc,humongous      ] GC(424) Humongous region 432 (object size 1048592 @ 0x000000009b000000) remset 0 code roots 0 marked 0 pinned count 0 reclaim candidate 0 type array 1
[2024-10-26T03:19:29.371+0530][132.096s][debug][gc,humongous      ] GC(424) Humongous region 588 (object size 1048592 @ 0x00000000a4c00000) remset 0 code roots 0 marked 0 pinned count 0 reclaim candidate 0 type array 1
[2024-10-26T03:19:29.371+0530][132.096s][debug][gc,humongous      ] GC(424) Humongous region 134 (object size 1048592 @ 0x0000000088600000) remset 0 code roots 0 marked 0 pinned count 0 reclaim candidate 0 type array 1
[2024-10-26T03:19:29.371+0530][132.096s][debug][gc,humongous      ] GC(424) Humongous region 904 (object size 1048592 @ 0x00000000b8800000) remset 0 code roots 0 marked 0 pinned count 0 reclaim candidate 0 type array 1
[2024-10-26T03:19:29.371+0530][132.096s][debug][gc,humongous      ] GC(424) Humongous region 1062 (object size 1048592 @ 0x00000000c2600000) remset 0 code roots 0 marked 0 pinned count 0 reclaim candidate 0 type array 1
[2024-10-26T03:19:29.371+0530][132.096s][debug][gc,humongous      ] GC(424) Humongous region 746 (object size 1048592 @ 0x00000000aea00000) remset 0 code roots 0 marked 0 pinned count 0 reclaim candidate 0 type array 1
[2024-10-26T03:19:29.371+0530][132.096s][debug][gc,humongous      ] GC(424) Humongous region 1218 (object size 1048592 @ 0x00000000cc200000) remset 0 code roots 0 marked 0 pinned count 0 reclaim candidate 0 type array 1
[2024-10-26T03:19:29.371+0530][132.096s][debug][gc,humongous      ] GC(424) Humongous region 1376 (object size 1048592 @ 0x00000000d6000000) remset 0 code roots 0 marked 0 pinned count 0 reclaim candidate 0 type array 1
[2024-10-26T03:19:29.371+0530][132.096s][debug][gc,humongous      ] GC(424) Humongous region 1534 (object size 1048592 @ 0x00000000dfe00000) remset 0 code roots 0 marked 0 pinned count 0 reclaim candidate 0 type array 1
[2024-10-26T03:19:29.371+0530][132.096s][debug][gc,humongous      ] GC(424) Humongous region 1848 (object size 1048592 @ 0x00000000f3800000) remset 0 code roots 0 marked 0 pinned count 0 reclaim candidate 0 type array 1
[2024-10-26T03:19:29.371+0530][132.096s][debug][gc,humongous      ] GC(424) Humongous region 1692 (object size 1048592 @ 0x00000000e9c00000) remset 0 code roots 0 marked 0 pinned count 0 reclaim candidate 0 type array 1
[2024-10-26T03:19:29.371+0530][132.096s][debug][gc,humongous      ] GC(424) Humongous region 2006 (object size 1048592 @ 0x00000000fd600000) remset 0 code roots 0 marked 0 pinned count 0 reclaim candidate 0 type array 1
[2024-10-26T03:19:29.371+0530][132.096s][debug][gc,humongous      ] GC(424) Humongous region 276 (object size 1048592 @ 0x0000000091400000) remset 0 code roots 0 marked 0 pinned count 0 reclaim candidate 0 type array 1
[2024-10-26T03:19:29.371+0530][132.096s][debug][gc,humongous      ] GC(424) Humongous region 434 (object size 1048592 @ 0x000000009b200000) remset 0 code roots 0 marked 0 pinned count 0 reclaim candidate 0 type array 1
[2024-10-26T03:19:29.371+0530][132.096s][debug][gc,humongous      ] GC(424) Humongous region 590 (object size 1048592 @ 0x00000000a4e00000) remset 0 code roots 0 marked 0 pinned count 0 reclaim candidate 0 type array 1
[2024-10-26T03:19:29.371+0530][132.096s][debug][gc,humongous      ] GC(424) Humongous region 136 (object size 1048592 @ 0x0000000088800000) remset 0 code roots 0 marked 0 pinned count 0 reclaim candidate 0 type array 1
[2024-10-26T03:19:29.371+0530][132.096s][debug][gc,humongous      ] GC(424) Humongous region 906 (object size 1048592 @ 0x00000000b8a00000) remset 0 code roots 0 marked 0 pinned count 0 reclaim candidate 0 type array 1
[2024-10-26T03:19:29.371+0530][132.096s][debug][gc,humongous      ] GC(424) Humongous region 1064 (object size 1048592 @ 0x00000000c2800000) remset 0 code roots 0 marked 0 pinned count 0 reclaim candidate 0 type array 1
[2024-10-26T03:19:29.371+0530][132.096s][debug][gc,humongous      ] GC(424) Humongous region 748 (object size 1048592 @ 0x00000000aec00000) remset 0 code roots 0 marked 0 pinned count 0 reclaim candidate 0 type array 1
[2024-10-26T03:19:29.371+0530][132.096s][debug][gc,humongous      ] GC(424) Humongous region 1220 (object size 1048592 @ 0x00000000cc400000) remset 0 code roots 0 marked 0 pinned count 0 reclaim candidate 0 type array 1
[2024-10-26T03:19:29.371+0530][132.096s][debug][gc,humongous      ] GC(424) Humongous region 1378 (object size 1048592 @ 0x00000000d6200000) remset 0 code roots 0 marked 0 pinned count 0 reclaim candidate 0 type array 1
[2024-10-26T03:19:29.371+0530][132.096s][debug][gc,humongous      ] GC(424) Humongous region 1536 (object size 1048592 @ 0x00000000e0000000) remset 0 code roots 0 marked 0 pinned count 0 reclaim candidate 0 type array 1
[2024-10-26T03:19:29.371+0530][132.096s][debug][gc,humongous      ] GC(424) Humongous region 1850 (object size 1048592 @ 0x00000000f3a00000) remset 0 code roots 0 marked 0 pinned count 0 reclaim candidate 0 type array 1
[2024-10-26T03:19:29.371+0530][132.096s][debug][gc,humongous      ] GC(424) Humongous region 1694 (object size 1048592 @ 0x00000000e9e00000) remset 0 code roots 0 marked 0 pinned count 0 reclaim candidate 0 type array 1
[2024-10-26T03:19:29.371+0530][132.096s][debug][gc,humongous      ] GC(424) Humongous region 2008 (object size 1048592 @ 0x00000000fd800000) remset 0 code roots 0 marked 0 pinned count 0 reclaim candidate 0 type array 1
[2024-10-26T03:19:29.371+0530][132.096s][debug][gc,humongous      ] GC(424) Humongous region 278 (object size 1048592 @ 0x0000000091600000) remset 0 code roots 0 marked 0 pinned count 0 reclaim candidate 0 type array 1
[2024-10-26T03:19:29.371+0530][132.096s][debug][gc,humongous      ] GC(424) Humongous region 436 (object size 1048592 @ 0x000000009b400000) remset 0 code roots 0 marked 0 pinned count 0 reclaim candidate 0 type array 1
[2024-10-26T03:19:29.371+0530][132.096s][debug][gc,humongous      ] GC(424) Humongous region 592 (object size 1048592 @ 0x00000000a5000000) remset 0 code roots 0 marked 0 pinned count 0 reclaim candidate 0 type array 1
[2024-10-26T03:19:29.371+0530][132.097s][debug][gc,humongous      ] GC(424) Humongous region 138 (object size 1048592 @ 0x0000000088a00000) remset 0 code roots 0 marked 0 pinned count 0 reclaim candidate 0 type array 1
[2024-10-26T03:19:29.372+0530][132.097s][debug][gc,humongous      ] GC(424) Humongous region 908 (object size 1048592 @ 0x00000000b8c00000) remset 0 code roots 0 marked 0 pinned count 0 reclaim candidate 0 type array 1
[2024-10-26T03:19:29.372+0530][132.097s][debug][gc,humongous      ] GC(424) Humongous region 1066 (object size 1048592 @ 0x00000000c2a00000) remset 0 code roots 0 marked 0 pinned count 0 reclaim candidate 0 type array 1
[2024-10-26T03:19:29.372+0530][132.097s][debug][gc,humongous      ] GC(424) Humongous region 750 (object size 1048592 @ 0x00000000aee00000) remset 0 code roots 0 marked 0 pinned count 0 reclaim candidate 0 type array 1
[2024-10-26T03:19:29.372+0530][132.097s][debug][gc,humongous      ] GC(424) Humongous region 1222 (object size 1048592 @ 0x00000000cc600000) remset 0 code roots 0 marked 0 pinned count 0 reclaim candidate 0 type array 1
[2024-10-26T03:19:29.372+0530][132.097s][debug][gc,humongous      ] GC(424) Humongous region 1380 (object size 1048592 @ 0x00000000d6400000) remset 0 code roots 0 marked 0 pinned count 0 reclaim candidate 0 type array 1
[2024-10-26T03:19:29.372+0530][132.097s][debug][gc,humongous      ] GC(424) Humongous region 1538 (object size 1048592 @ 0x00000000e0200000) remset 0 code roots 0 marked 0 pinned count 0 reclaim candidate 0 type array 1
[2024-10-26T03:19:29.372+0530][132.097s][debug][gc,humongous      ] GC(424) Humongous region 1852 (object size 1048592 @ 0x00000000f3c00000) remset 0 code roots 0 marked 0 pinned count 0 reclaim candidate 0 type array 1
[2024-10-26T03:19:29.372+0530][132.097s][debug][gc,humongous      ] GC(424) Humongous region 1696 (object size 1048592 @ 0x00000000ea000000) remset 0 code roots 0 marked 0 pinned count 0 reclaim candidate 0 type array 1
[2024-10-26T03:19:29.372+0530][132.097s][debug][gc,humongous      ] GC(424) Humongous region 2010 (object size 1048592 @ 0x00000000fda00000) remset 0 code roots 0 marked 0 pinned count 0 reclaim candidate 0 type array 1
[2024-10-26T03:19:29.372+0530][132.097s][debug][gc,humongous      ] GC(424) Humongous region 280 (object size 1048592 @ 0x0000000091800000) remset 0 code roots 0 marked 0 pinned count 0 reclaim candidate 0 type array 1
[2024-10-26T03:19:29.372+0530][132.097s][debug][gc,humongous      ] GC(424) Humongous region 438 (object size 1048592 @ 0x000000009b600000) remset 0 code roots 0 marked 0 pinned count 0 reclaim candidate 0 type array 1
[2024-10-26T03:19:29.372+0530][132.097s][debug][gc,humongous      ] GC(424) Humongous region 594 (object size 1048592 @ 0x00000000a5200000) remset 0 code roots 0 marked 0 pinned count 0 reclaim candidate 0 type array 1
[2024-10-26T03:19:29.372+0530][132.097s][debug][gc,humongous      ] GC(424) Humongous region 140 (object size 1048592 @ 0x0000000088c00000) remset 0 code roots 0 marked 0 pinned count 0 reclaim candidate 0 type array 1
[2024-10-26T03:19:29.372+0530][132.097s][debug][gc,humongous      ] GC(424) Humongous region 910 (object size 1048592 @ 0x00000000b8e00000) remset 0 code roots 0 marked 0 pinned count 0 reclaim candidate 0 type array 1
[2024-10-26T03:19:29.372+0530][132.097s][debug][gc,humongous      ] GC(424) Humongous region 1068 (object size 1048592 @ 0x00000000c2c00000) remset 0 code roots 0 marked 0 pinned count 0 reclaim candidate 0 type array 1
[2024-10-26T03:19:29.372+0530][132.097s][debug][gc,humongous      ] GC(424) Humongous region 752 (object size 1048592 @ 0x00000000af000000) remset 0 code roots 0 marked 0 pinned count 0 reclaim candidate 0 type array 1
[2024-10-26T03:19:29.372+0530][132.097s][debug][gc,humongous      ] GC(424) Humongous region 1224 (object size 1048592 @ 0x00000000cc800000) remset 0 code roots 0 marked 0 pinned count 0 reclaim candidate 0 type array 1
[2024-10-26T03:19:29.372+0530][132.097s][debug][gc,humongous      ] GC(424) Humongous region 1382 (object size 1048592 @ 0x00000000d6600000) remset 0 code roots 0 marked 0 pinned count 0 reclaim candidate 0 type array 1
[2024-10-26T03:19:29.372+0530][132.097s][debug][gc,humongous      ] GC(424) Humongous region 1540 (object size 1048592 @ 0x00000000e0400000) remset 0 code roots 0 marked 0 pinned count 0 reclaim candidate 0 type array 1
[2024-10-26T03:19:29.372+0530][132.097s][debug][gc,humongous      ] GC(424) Humongous region 1854 (object size 1048592 @ 0x00000000f3e00000) remset 0 code roots 0 marked 0 pinned count 0 reclaim candidate 0 type array 1
[2024-10-26T03:19:29.372+0530][132.097s][debug][gc,humongous      ] GC(424) Humongous region 1698 (object size 1048592 @ 0x00000000ea200000) remset 0 code roots 0 marked 0 pinned count 0 reclaim candidate 0 type array 1
[2024-10-26T03:19:29.372+0530][132.097s][debug][gc,humongous      ] GC(424) Humongous region 2012 (object size 1048592 @ 0x00000000fdc00000) remset 0 code roots 0 marked 0 pinned count 0 reclaim candidate 0 type array 1
[2024-10-26T03:19:29.372+0530][132.097s][debug][gc,humongous      ] GC(424) Humongous region 282 (object size 1048592 @ 0x0000000091a00000) remset 0 code roots 0 marked 0 pinned count 0 reclaim candidate 0 type array 1
[2024-10-26T03:19:29.372+0530][132.097s][debug][gc,humongous      ] GC(424) Humongous region 440 (object size 1048592 @ 0x000000009b800000) remset 0 code roots 0 marked 0 pinned count 0 reclaim candidate 0 type array 1
[2024-10-26T03:19:29.372+0530][132.097s][debug][gc,humongous      ] GC(424) Humongous region 596 (object size 1048592 @ 0x00000000a5400000) remset 0 code roots 0 marked 0 pinned count 0 reclaim candidate 0 type array 1
[2024-10-26T03:19:29.372+0530][132.097s][debug][gc,humongous      ] GC(424) Humongous region 142 (object size 1048592 @ 0x0000000088e00000) remset 0 code roots 0 marked 0 pinned count 0 reclaim candidate 0 type array 1
[2024-10-26T03:19:29.372+0530][132.097s][debug][gc,humongous      ] GC(424) Humongous region 912 (object size 1048592 @ 0x00000000b9000000) remset 0 code roots 0 marked 0 pinned count 0 reclaim candidate 0 type array 1
[2024-10-26T03:19:29.372+0530][132.097s][debug][gc,humongous      ] GC(424) Humongous region 1070 (object size 1048592 @ 0x00000000c2e00000) remset 0 code roots 0 marked 0 pinned count 0 reclaim candidate 0 type array 1
[2024-10-26T03:19:29.372+0530][132.097s][debug][gc,humongous      ] GC(424) Humongous region 754 (object size 1048592 @ 0x00000000af200000) remset 0 code roots 0 marked 0 pinned count 0 reclaim candidate 0 type array 1
[2024-10-26T03:19:29.372+0530][132.097s][debug][gc,humongous      ] GC(424) Humongous region 1226 (object size 1048592 @ 0x00000000cca00000) remset 0 code roots 0 marked 0 pinned count 0 reclaim candidate 0 type array 1
[2024-10-26T03:19:29.372+0530][132.097s][debug][gc,humongous      ] GC(424) Humongous region 1384 (object size 1048592 @ 0x00000000d6800000) remset 0 code roots 0 marked 0 pinned count 0 reclaim candidate 0 type array 1
[2024-10-26T03:19:29.372+0530][132.097s][debug][gc,humongous      ] GC(424) Humongous region 1542 (object size 1048592 @ 0x00000000e0600000) remset 0 code roots 0 marked 0 pinned count 0 reclaim candidate 0 type array 1
[2024-10-26T03:19:29.372+0530][132.097s][debug][gc,humongous      ] GC(424) Humongous region 1856 (object size 1048592 @ 0x00000000f4000000) remset 0 code roots 0 marked 0 pinned count 0 reclaim candidate 0 type array 1
[2024-10-26T03:19:29.372+0530][132.097s][debug][gc,humongous      ] GC(424) Humongous region 1700 (object size 1048592 @ 0x00000000ea400000) remset 0 code roots 0 marked 0 pinned count 0 reclaim candidate 0 type array 1
[2024-10-26T03:19:29.372+0530][132.097s][debug][gc,humongous      ] GC(424) Humongous region 2014 (object size 1048592 @ 0x00000000fde00000) remset 0 code roots 0 marked 0 pinned count 0 reclaim candidate 0 type array 1
[2024-10-26T03:19:29.372+0530][132.097s][debug][gc,humongous      ] GC(424) Humongous region 284 (object size 1048592 @ 0x0000000091c00000) remset 0 code roots 0 marked 0 pinned count 0 reclaim candidate 0 type array 1
[2024-10-26T03:19:29.372+0530][132.097s][debug][gc,humongous      ] GC(424) Humongous region 442 (object size 1048592 @ 0x000000009ba00000) remset 0 code roots 0 marked 0 pinned count 0 reclaim candidate 0 type array 1
[2024-10-26T03:19:29.372+0530][132.097s][debug][gc,humongous      ] GC(424) Humongous region 598 (object size 1048592 @ 0x00000000a5600000) remset 0 code roots 0 marked 0 pinned count 0 reclaim candidate 0 type array 1
[2024-10-26T03:19:29.372+0530][132.097s][debug][gc,humongous      ] GC(424) Humongous region 144 (object size 1048592 @ 0x0000000089000000) remset 0 code roots 0 marked 0 pinned count 0 reclaim candidate 0 type array 1
[2024-10-26T03:19:29.372+0530][132.097s][debug][gc,humongous      ] GC(424) Humongous region 914 (object size 1048592 @ 0x00000000b9200000) remset 0 code roots 0 marked 0 pinned count 0 reclaim candidate 0 type array 1
[2024-10-26T03:19:29.372+0530][132.097s][debug][gc,humongous      ] GC(424) Humongous region 1072 (object size 1048592 @ 0x00000000c3000000) remset 0 code roots 0 marked 0 pinned count 0 reclaim candidate 0 type array 1
[2024-10-26T03:19:29.372+0530][132.097s][debug][gc,humongous      ] GC(424) Humongous region 756 (object size 1048592 @ 0x00000000af400000) remset 0 code roots 0 marked 0 pinned count 0 reclaim candidate 0 type array 1
[2024-10-26T03:19:29.372+0530][132.097s][debug][gc,humongous      ] GC(424) Humongous region 1228 (object size 1048592 @ 0x00000000ccc00000) remset 0 code roots 0 marked 0 pinned count 0 reclaim candidate 0 type array 1
[2024-10-26T03:19:29.372+0530][132.097s][debug][gc,humongous      ] GC(424) Humongous region 1386 (object size 1048592 @ 0x00000000d6a00000) remset 0 code roots 0 marked 0 pinned count 0 reclaim candidate 0 type array 1
[2024-10-26T03:19:29.372+0530][132.097s][debug][gc,humongous      ] GC(424) Humongous region 1544 (object size 1048592 @ 0x00000000e0800000) remset 0 code roots 0 marked 0 pinned count 0 reclaim candidate 0 type array 1
[2024-10-26T03:19:29.372+0530][132.097s][debug][gc,humongous      ] GC(424) Humongous region 1858 (object size 1048592 @ 0x00000000f4200000) remset 0 code roots 0 marked 0 pinned count 0 reclaim candidate 0 type array 1
[2024-10-26T03:19:29.372+0530][132.097s][debug][gc,humongous      ] GC(424) Humongous region 1702 (object size 1048592 @ 0x00000000ea600000) remset 0 code roots 0 marked 0 pinned count 0 reclaim candidate 0 type array 1
[2024-10-26T03:19:29.372+0530][132.097s][debug][gc,humongous      ] GC(424) Humongous region 2016 (object size 1048592 @ 0x00000000fe000000) remset 0 code roots 0 marked 0 pinned count 0 reclaim candidate 0 type array 1
[2024-10-26T03:19:29.372+0530][132.097s][debug][gc,humongous      ] GC(424) Humongous region 286 (object size 1048592 @ 0x0000000091e00000) remset 0 code roots 0 marked 0 pinned count 0 reclaim candidate 0 type array 1
[2024-10-26T03:19:29.372+0530][132.097s][debug][gc,humongous      ] GC(424) Humongous region 444 (object size 1048592 @ 0x000000009bc00000) remset 0 code roots 0 marked 0 pinned count 0 reclaim candidate 0 type array 1
[2024-10-26T03:19:29.372+0530][132.097s][debug][gc,humongous      ] GC(424) Humongous region 600 (object size 1048592 @ 0x00000000a5800000) remset 0 code roots 0 marked 0 pinned count 0 reclaim candidate 0 type array 1
[2024-10-26T03:19:29.372+0530][132.097s][debug][gc,humongous      ] GC(424) Humongous region 146 (object size 1048592 @ 0x0000000089200000) remset 0 code roots 0 marked 0 pinned count 0 reclaim candidate 0 type array 1
[2024-10-26T03:19:29.372+0530][132.097s][debug][gc,humongous      ] GC(424) Humongous region 916 (object size 1048592 @ 0x00000000b9400000) remset 0 code roots 0 marked 0 pinned count 0 reclaim candidate 0 type array 1
[2024-10-26T03:19:29.372+0530][132.097s][debug][gc,humongous      ] GC(424) Humongous region 1074 (object size 1048592 @ 0x00000000c3200000) remset 0 code roots 0 marked 0 pinned count 0 reclaim candidate 0 type array 1
[2024-10-26T03:19:29.372+0530][132.097s][debug][gc,humongous      ] GC(424) Humongous region 758 (object size 1048592 @ 0x00000000af600000) remset 0 code roots 0 marked 0 pinned count 0 reclaim candidate 0 type array 1
[2024-10-26T03:19:29.372+0530][132.097s][debug][gc,humongous      ] GC(424) Humongous region 1230 (object size 1048592 @ 0x00000000cce00000) remset 0 code roots 0 marked 0 pinned count 0 reclaim candidate 0 type array 1
[2024-10-26T03:19:29.372+0530][132.097s][debug][gc,humongous      ] GC(424) Humongous region 1388 (object size 1048592 @ 0x00000000d6c00000) remset 0 code roots 0 marked 0 pinned count 0 reclaim candidate 0 type array 1
[2024-10-26T03:19:29.372+0530][132.097s][debug][gc,humongous      ] GC(424) Humongous region 1546 (object size 1048592 @ 0x00000000e0a00000) remset 0 code roots 0 marked 0 pinned count 0 reclaim candidate 0 type array 1
[2024-10-26T03:19:29.372+0530][132.097s][debug][gc,humongous      ] GC(424) Humongous region 1860 (object size 1048592 @ 0x00000000f4400000) remset 0 code roots 0 marked 0 pinned count 0 reclaim candidate 0 type array 1
[2024-10-26T03:19:29.372+0530][132.097s][debug][gc,humongous      ] GC(424) Humongous region 1704 (object size 1048592 @ 0x00000000ea800000) remset 0 code roots 0 marked 0 pinned count 0 reclaim candidate 0 type array 1
[2024-10-26T03:19:29.372+0530][132.097s][debug][gc,humongous      ] GC(424) Humongous region 2018 (object size 1048592 @ 0x00000000fe200000) remset 0 code roots 0 marked 0 pinned count 0 reclaim candidate 0 type array 1
[2024-10-26T03:19:29.372+0530][132.097s][debug][gc,humongous      ] GC(424) Humongous region 288 (object size 1048592 @ 0x0000000092000000) remset 0 code roots 0 marked 0 pinned count 0 reclaim candidate 0 type array 1
[2024-10-26T03:19:29.372+0530][132.097s][debug][gc,humongous      ] GC(424) Humongous region 446 (object size 1048592 @ 0x000000009be00000) remset 0 code roots 0 marked 0 pinned count 0 reclaim candidate 0 type array 1
[2024-10-26T03:19:29.372+0530][132.097s][debug][gc,humongous      ] GC(424) Humongous region 602 (object size 1048592 @ 0x00000000a5a00000) remset 0 code roots 0 marked 0 pinned count 0 reclaim candidate 0 type array 1
[2024-10-26T03:19:29.372+0530][132.097s][debug][gc,humongous      ] GC(424) Humongous region 148 (object size 1048592 @ 0x0000000089400000) remset 0 code roots 0 marked 0 pinned count 0 reclaim candidate 0 type array 1
[2024-10-26T03:19:29.372+0530][132.097s][debug][gc,humongous      ] GC(424) Humongous region 918 (object size 1048592 @ 0x00000000b9600000) remset 0 code roots 0 marked 0 pinned count 0 reclaim candidate 0 type array 1
[2024-10-26T03:19:29.372+0530][132.097s][debug][gc,humongous      ] GC(424) Humongous region 1076 (object size 1048592 @ 0x00000000c3400000) remset 0 code roots 0 marked 0 pinned count 0 reclaim candidate 0 type array 1
[2024-10-26T03:19:29.372+0530][132.097s][debug][gc,humongous      ] GC(424) Humongous region 760 (object size 1048592 @ 0x00000000af800000) remset 0 code roots 0 marked 0 pinned count 0 reclaim candidate 0 type array 1
[2024-10-26T03:19:29.372+0530][132.097s][debug][gc,humongous      ] GC(424) Humongous region 1232 (object size 1048592 @ 0x00000000cd000000) remset 0 code roots 0 marked 0 pinned count 0 reclaim candidate 0 type array 1
[2024-10-26T03:19:29.372+0530][132.097s][debug][gc,humongous      ] GC(424) Humongous region 1390 (object size 1048592 @ 0x00000000d6e00000) remset 0 code roots 0 marked 0 pinned count 0 reclaim candidate 0 type array 1
[2024-10-26T03:19:29.372+0530][132.097s][debug][gc,humongous      ] GC(424) Humongous region 1548 (object size 1048592 @ 0x00000000e0c00000) remset 0 code roots 0 marked 0 pinned count 0 reclaim candidate 0 type array 1
[2024-10-26T03:19:29.372+0530][132.097s][debug][gc,humongous      ] GC(424) Humongous region 1862 (object size 1048592 @ 0x00000000f4600000) remset 0 code roots 0 marked 0 pinned count 0 reclaim candidate 0 type array 1
[2024-10-26T03:19:29.372+0530][132.097s][debug][gc,humongous      ] GC(424) Humongous region 1706 (object size 1048592 @ 0x00000000eaa00000) remset 0 code roots 0 marked 0 pinned count 0 reclaim candidate 0 type array 1
[2024-10-26T03:19:29.372+0530][132.097s][debug][gc,humongous      ] GC(424) Humongous region 2020 (object size 1048592 @ 0x00000000fe400000) remset 0 code roots 0 marked 0 pinned count 0 reclaim candidate 0 type array 1
[2024-10-26T03:19:29.372+0530][132.097s][debug][gc,humongous      ] GC(424) Humongous region 290 (object size 1048592 @ 0x0000000092200000) remset 0 code roots 0 marked 0 pinned count 0 reclaim candidate 0 type array 1
[2024-10-26T03:19:29.372+0530][132.097s][debug][gc,humongous      ] GC(424) Humongous region 448 (object size 1048592 @ 0x000000009c000000) remset 0 code roots 0 marked 0 pinned count 0 reclaim candidate 0 type array 1
[2024-10-26T03:19:29.372+0530][132.097s][debug][gc,humongous      ] GC(424) Humongous region 604 (object size 1048592 @ 0x00000000a5c00000) remset 0 code roots 0 marked 0 pinned count 0 reclaim candidate 0 type array 1
[2024-10-26T03:19:29.372+0530][132.097s][debug][gc,humongous      ] GC(424) Humongous region 150 (object size 1048592 @ 0x0000000089600000) remset 0 code roots 0 marked 0 pinned count 0 reclaim candidate 0 type array 1
[2024-10-26T03:19:29.372+0530][132.098s][debug][gc,humongous      ] GC(424) Humongous region 920 (object size 1048592 @ 0x00000000b9800000) remset 0 code roots 0 marked 0 pinned count 0 reclaim candidate 0 type array 1
[2024-10-26T03:19:29.372+0530][132.098s][debug][gc,humongous      ] GC(424) Humongous region 1078 (object size 1048592 @ 0x00000000c3600000) remset 0 code roots 0 marked 0 pinned count 0 reclaim candidate 0 type array 1
[2024-10-26T03:19:29.373+0530][132.098s][debug][gc,humongous      ] GC(424) Humongous region 762 (object size 1048592 @ 0x00000000afa00000) remset 0 code roots 0 marked 0 pinned count 0 reclaim candidate 0 type array 1
[2024-10-26T03:19:29.373+0530][132.098s][debug][gc,humongous      ] GC(424) Humongous region 1234 (object size 1048592 @ 0x00000000cd200000) remset 0 code roots 0 marked 0 pinned count 0 reclaim candidate 0 type array 1
[2024-10-26T03:19:29.373+0530][132.098s][debug][gc,humongous      ] GC(424) Humongous region 1392 (object size 1048592 @ 0x00000000d7000000) remset 0 code roots 0 marked 0 pinned count 0 reclaim candidate 0 type array 1
[2024-10-26T03:19:29.373+0530][132.098s][debug][gc,humongous      ] GC(424) Humongous region 1550 (object size 1048592 @ 0x00000000e0e00000) remset 0 code roots 0 marked 0 pinned count 0 reclaim candidate 0 type array 1
[2024-10-26T03:19:29.373+0530][132.098s][debug][gc,humongous      ] GC(424) Humongous region 1864 (object size 1048592 @ 0x00000000f4800000) remset 0 code roots 0 marked 0 pinned count 0 reclaim candidate 0 type array 1
[2024-10-26T03:19:29.373+0530][132.098s][debug][gc,humongous      ] GC(424) Humongous region 1708 (object size 1048592 @ 0x00000000eac00000) remset 0 code roots 0 marked 0 pinned count 0 reclaim candidate 0 type array 1
[2024-10-26T03:19:29.373+0530][132.098s][debug][gc,humongous      ] GC(424) Humongous region 2022 (object size 1048592 @ 0x00000000fe600000) remset 0 code roots 0 marked 0 pinned count 0 reclaim candidate 0 type array 1
[2024-10-26T03:19:29.373+0530][132.098s][debug][gc,humongous      ] GC(424) Humongous region 292 (object size 1048592 @ 0x0000000092400000) remset 0 code roots 0 marked 0 pinned count 0 reclaim candidate 0 type array 1
[2024-10-26T03:19:29.373+0530][132.098s][debug][gc,humongous      ] GC(424) Humongous region 450 (object size 1048592 @ 0x000000009c200000) remset 0 code roots 0 marked 0 pinned count 0 reclaim candidate 0 type array 1
[2024-10-26T03:19:29.373+0530][132.098s][debug][gc,humongous      ] GC(424) Humongous region 606 (object size 1048592 @ 0x00000000a5e00000) remset 0 code roots 0 marked 0 pinned count 0 reclaim candidate 0 type array 1
[2024-10-26T03:19:29.373+0530][132.098s][debug][gc,humongous      ] GC(424) Humongous region 152 (object size 1048592 @ 0x0000000089800000) remset 0 code roots 0 marked 0 pinned count 0 reclaim candidate 0 type array 1
[2024-10-26T03:19:29.373+0530][132.098s][debug][gc,humongous      ] GC(424) Humongous region 922 (object size 1048592 @ 0x00000000b9a00000) remset 0 code roots 0 marked 0 pinned count 0 reclaim candidate 0 type array 1
[2024-10-26T03:19:29.373+0530][132.098s][debug][gc,humongous      ] GC(424) Humongous region 1080 (object size 1048592 @ 0x00000000c3800000) remset 0 code roots 0 marked 0 pinned count 0 reclaim candidate 0 type array 1
[2024-10-26T03:19:29.373+0530][132.098s][debug][gc,humongous      ] GC(424) Humongous region 764 (object size 1048592 @ 0x00000000afc00000) remset 0 code roots 0 marked 0 pinned count 0 reclaim candidate 0 type array 1
[2024-10-26T03:19:29.373+0530][132.098s][debug][gc,humongous      ] GC(424) Humongous region 1236 (object size 1048592 @ 0x00000000cd400000) remset 0 code roots 0 marked 0 pinned count 0 reclaim candidate 0 type array 1
[2024-10-26T03:19:29.373+0530][132.098s][debug][gc,humongous      ] GC(424) Humongous region 1394 (object size 1048592 @ 0x00000000d7200000) remset 0 code roots 0 marked 0 pinned count 0 reclaim candidate 0 type array 1
[2024-10-26T03:19:29.373+0530][132.098s][debug][gc,humongous      ] GC(424) Humongous region 1552 (object size 1048592 @ 0x00000000e1000000) remset 0 code roots 0 marked 0 pinned count 0 reclaim candidate 0 type array 1
[2024-10-26T03:19:29.373+0530][132.098s][debug][gc,humongous      ] GC(424) Humongous region 1866 (object size 1048592 @ 0x00000000f4a00000) remset 0 code roots 0 marked 0 pinned count 0 reclaim candidate 0 type array 1
[2024-10-26T03:19:29.373+0530][132.098s][debug][gc,humongous      ] GC(424) Humongous region 1710 (object size 1048592 @ 0x00000000eae00000) remset 0 code roots 0 marked 0 pinned count 0 reclaim candidate 0 type array 1
[2024-10-26T03:19:29.373+0530][132.098s][debug][gc,humongous      ] GC(424) Humongous region 2024 (object size 1048592 @ 0x00000000fe800000) remset 0 code roots 0 marked 0 pinned count 0 reclaim candidate 0 type array 1
[2024-10-26T03:19:29.373+0530][132.098s][debug][gc,humongous      ] GC(424) Humongous region 294 (object size 1048592 @ 0x0000000092600000) remset 0 code roots 0 marked 0 pinned count 0 reclaim candidate 0 type array 1
[2024-10-26T03:19:29.373+0530][132.098s][debug][gc,humongous      ] GC(424) Humongous region 452 (object size 1048592 @ 0x000000009c400000) remset 0 code roots 0 marked 0 pinned count 0 reclaim candidate 0 type array 1
[2024-10-26T03:19:29.373+0530][132.098s][debug][gc,humongous      ] GC(424) Humongous region 608 (object size 1048592 @ 0x00000000a6000000) remset 0 code roots 0 marked 0 pinned count 0 reclaim candidate 0 type array 1
[2024-10-26T03:19:29.373+0530][132.098s][debug][gc,humongous      ] GC(424) Humongous region 154 (object size 1048592 @ 0x0000000089a00000) remset 0 code roots 0 marked 0 pinned count 0 reclaim candidate 0 type array 1
[2024-10-26T03:19:29.373+0530][132.098s][debug][gc,humongous      ] GC(424) Humongous region 924 (object size 1048592 @ 0x00000000b9c00000) remset 0 code roots 0 marked 0 pinned count 0 reclaim candidate 0 type array 1
[2024-10-26T03:19:29.373+0530][132.098s][debug][gc,humongous      ] GC(424) Humongous region 1082 (object size 1048592 @ 0x00000000c3a00000) remset 0 code roots 0 marked 0 pinned count 0 reclaim candidate 0 type array 1
[2024-10-26T03:19:29.373+0530][132.098s][debug][gc,humongous      ] GC(424) Humongous region 766 (object size 1048592 @ 0x00000000afe00000) remset 0 code roots 0 marked 0 pinned count 0 reclaim candidate 0 type array 1
[2024-10-26T03:19:29.373+0530][132.098s][debug][gc,humongous      ] GC(424) Humongous region 1238 (object size 1048592 @ 0x00000000cd600000) remset 0 code roots 0 marked 0 pinned count 0 reclaim candidate 0 type array 1
[2024-10-26T03:19:29.373+0530][132.098s][debug][gc,humongous      ] GC(424) Humongous region 1396 (object size 1048592 @ 0x00000000d7400000) remset 0 code roots 0 marked 0 pinned count 0 reclaim candidate 0 type array 1
[2024-10-26T03:19:29.373+0530][132.098s][debug][gc,humongous      ] GC(424) Humongous region 1554 (object size 1048592 @ 0x00000000e1200000) remset 0 code roots 0 marked 0 pinned count 0 reclaim candidate 0 type array 1
[2024-10-26T03:19:29.373+0530][132.098s][debug][gc,humongous      ] GC(424) Humongous region 1868 (object size 1048592 @ 0x00000000f4c00000) remset 0 code roots 0 marked 0 pinned count 0 reclaim candidate 0 type array 1
[2024-10-26T03:19:29.373+0530][132.098s][debug][gc,humongous      ] GC(424) Humongous region 1712 (object size 1048592 @ 0x00000000eb000000) remset 0 code roots 0 marked 0 pinned count 0 reclaim candidate 0 type array 1
[2024-10-26T03:19:29.373+0530][132.098s][debug][gc,humongous      ] GC(424) Humongous region 2026 (object size 1048592 @ 0x00000000fea00000) remset 0 code roots 0 marked 0 pinned count 0 reclaim candidate 0 type array 1
[2024-10-26T03:19:29.373+0530][132.098s][debug][gc,humongous      ] GC(424) Humongous region 296 (object size 1048592 @ 0x0000000092800000) remset 0 code roots 0 marked 0 pinned count 0 reclaim candidate 0 type array 1
[2024-10-26T03:19:29.373+0530][132.098s][debug][gc,humongous      ] GC(424) Humongous region 454 (object size 1048592 @ 0x000000009c600000) remset 0 code roots 0 marked 0 pinned count 0 reclaim candidate 0 type array 1
[2024-10-26T03:19:29.373+0530][132.098s][debug][gc,humongous      ] GC(424) Humongous region 610 (object size 1048592 @ 0x00000000a6200000) remset 0 code roots 0 marked 0 pinned count 0 reclaim candidate 0 type array 1
[2024-10-26T03:19:29.373+0530][132.098s][debug][gc,humongous      ] GC(424) Humongous region 156 (object size 1048592 @ 0x0000000089c00000) remset 0 code roots 0 marked 0 pinned count 0 reclaim candidate 0 type array 1
[2024-10-26T03:19:29.373+0530][132.098s][debug][gc,humongous      ] GC(424) Humongous region 926 (object size 1048592 @ 0x00000000b9e00000) remset 0 code roots 0 marked 0 pinned count 0 reclaim candidate 0 type array 1
[2024-10-26T03:19:29.373+0530][132.098s][debug][gc,humongous      ] GC(424) Humongous region 1084 (object size 1048592 @ 0x00000000c3c00000) remset 0 code roots 0 marked 0 pinned count 0 reclaim candidate 0 type array 1
[2024-10-26T03:19:29.373+0530][132.098s][debug][gc,humongous      ] GC(424) Humongous region 768 (object size 1048592 @ 0x00000000b0000000) remset 0 code roots 0 marked 0 pinned count 0 reclaim candidate 0 type array 1
[2024-10-26T03:19:29.373+0530][132.098s][debug][gc,humongous      ] GC(424) Humongous region 1240 (object size 1048592 @ 0x00000000cd800000) remset 0 code roots 0 marked 0 pinned count 0 reclaim candidate 0 type array 1
[2024-10-26T03:19:29.373+0530][132.098s][debug][gc,humongous      ] GC(424) Humongous region 1398 (object size 1048592 @ 0x00000000d7600000) remset 0 code roots 0 marked 0 pinned count 0 reclaim candidate 0 type array 1
[2024-10-26T03:19:29.373+0530][132.098s][debug][gc,humongous      ] GC(424) Humongous region 1556 (object size 1048592 @ 0x00000000e1400000) remset 0 code roots 0 marked 0 pinned count 0 reclaim candidate 0 type array 1
[2024-10-26T03:19:29.373+0530][132.098s][debug][gc,humongous      ] GC(424) Humongous region 1870 (object size 1048592 @ 0x00000000f4e00000) remset 0 code roots 0 marked 0 pinned count 0 reclaim candidate 0 type array 1
[2024-10-26T03:19:29.373+0530][132.098s][debug][gc,humongous      ] GC(424) Humongous region 1714 (object size 1048592 @ 0x00000000eb200000) remset 0 code roots 0 marked 0 pinned count 0 reclaim candidate 0 type array 1
[2024-10-26T03:19:29.373+0530][132.098s][debug][gc,humongous      ] GC(424) Humongous region 2028 (object size 1048592 @ 0x00000000fec00000) remset 0 code roots 0 marked 0 pinned count 0 reclaim candidate 0 type array 1
[2024-10-26T03:19:29.373+0530][132.098s][debug][gc,humongous      ] GC(424) Humongous region 298 (object size 1048592 @ 0x0000000092a00000) remset 0 code roots 0 marked 0 pinned count 0 reclaim candidate 0 type array 1
[2024-10-26T03:19:29.373+0530][132.098s][debug][gc,humongous      ] GC(424) Humongous region 456 (object size 1048592 @ 0x000000009c800000) remset 0 code roots 0 marked 0 pinned count 0 reclaim candidate 0 type array 1
[2024-10-26T03:19:29.373+0530][132.098s][debug][gc,humongous      ] GC(424) Humongous region 612 (object size 1048592 @ 0x00000000a6400000) remset 0 code roots 0 marked 0 pinned count 0 reclaim candidate 0 type array 1
[2024-10-26T03:19:29.373+0530][132.098s][debug][gc,humongous      ] GC(424) Humongous region 300 (object size 1048592 @ 0x0000000092c00000) remset 0 code roots 0 marked 0 pinned count 0 reclaim candidate 0 type array 1
[2024-10-26T03:19:29.373+0530][132.098s][debug][gc,humongous      ] GC(424) Humongous region 928 (object size 1048592 @ 0x00000000ba000000) remset 0 code roots 0 marked 0 pinned count 0 reclaim candidate 0 type array 1
[2024-10-26T03:19:29.373+0530][132.098s][debug][gc,humongous      ] GC(424) Humongous region 1086 (object size 1048592 @ 0x00000000c3e00000) remset 0 code roots 0 marked 0 pinned count 0 reclaim candidate 0 type array 1
[2024-10-26T03:19:29.373+0530][132.098s][debug][gc,humongous      ] GC(424) Humongous region 770 (object size 1048592 @ 0x00000000b0200000) remset 0 code roots 0 marked 0 pinned count 0 reclaim candidate 0 type array 1
[2024-10-26T03:19:29.373+0530][132.098s][debug][gc,humongous      ] GC(424) Humongous region 1242 (object size 1048592 @ 0x00000000cda00000) remset 0 code roots 0 marked 0 pinned count 0 reclaim candidate 0 type array 1
[2024-10-26T03:19:29.373+0530][132.098s][debug][gc,humongous      ] GC(424) Humongous region 1400 (object size 1048592 @ 0x00000000d7800000) remset 0 code roots 0 marked 0 pinned count 0 reclaim candidate 0 type array 1
[2024-10-26T03:19:29.373+0530][132.098s][debug][gc,humongous      ] GC(424) Humongous region 1558 (object size 1048592 @ 0x00000000e1600000) remset 0 code roots 0 marked 0 pinned count 0 reclaim candidate 0 type array 1
[2024-10-26T03:19:29.373+0530][132.098s][debug][gc,humongous      ] GC(424) Humongous region 1872 (object size 1048592 @ 0x00000000f5000000) remset 0 code roots 0 marked 0 pinned count 0 reclaim candidate 0 type array 1
[2024-10-26T03:19:29.373+0530][132.098s][debug][gc,humongous      ] GC(424) Humongous region 1716 (object size 1048592 @ 0x00000000eb400000) remset 0 code roots 0 marked 0 pinned count 0 reclaim candidate 0 type array 1
[2024-10-26T03:19:29.373+0530][132.098s][debug][gc,humongous      ] GC(424) Humongous region 2030 (object size 1048592 @ 0x00000000fee00000) remset 0 code roots 0 marked 0 pinned count 0 reclaim candidate 0 type array 1
[2024-10-26T03:19:29.373+0530][132.098s][debug][gc,humongous      ] GC(424) Humongous region 302 (object size 1048592 @ 0x0000000092e00000) remset 0 code roots 0 marked 0 pinned count 0 reclaim candidate 0 type array 1
[2024-10-26T03:19:29.373+0530][132.098s][debug][gc,humongous      ] GC(424) Humongous region 458 (object size 1048592 @ 0x000000009ca00000) remset 0 code roots 0 marked 0 pinned count 0 reclaim candidate 0 type array 1
[2024-10-26T03:19:29.373+0530][132.098s][debug][gc,humongous      ] GC(424) Humongous region 614 (object size 1048592 @ 0x00000000a6600000) remset 0 code roots 0 marked 0 pinned count 0 reclaim candidate 0 type array 1
[2024-10-26T03:19:29.373+0530][132.098s][debug][gc,humongous      ] GC(424) Humongous region 304 (object size 1048592 @ 0x0000000093000000) remset 0 code roots 0 marked 0 pinned count 0 reclaim candidate 0 type array 1
[2024-10-26T03:19:29.373+0530][132.098s][debug][gc,humongous      ] GC(424) Humongous region 930 (object size 1048592 @ 0x00000000ba200000) remset 0 code roots 0 marked 0 pinned count 0 reclaim candidate 0 type array 1
[2024-10-26T03:19:29.373+0530][132.098s][debug][gc,humongous      ] GC(424) Humongous region 1088 (object size 1048592 @ 0x00000000c4000000) remset 0 code roots 0 marked 0 pinned count 0 reclaim candidate 0 type array 1
[2024-10-26T03:19:29.373+0530][132.098s][debug][gc,humongous      ] GC(424) Humongous region 772 (object size 1048592 @ 0x00000000b0400000) remset 0 code roots 0 marked 0 pinned count 0 reclaim candidate 0 type array 1
[2024-10-26T03:19:29.373+0530][132.098s][debug][gc,humongous      ] GC(424) Humongous region 1244 (object size 1048592 @ 0x00000000cdc00000) remset 0 code roots 0 marked 0 pinned count 0 reclaim candidate 0 type array 1
[2024-10-26T03:19:29.373+0530][132.098s][debug][gc,humongous      ] GC(424) Humongous region 1402 (object size 1048592 @ 0x00000000d7a00000) remset 0 code roots 0 marked 0 pinned count 0 reclaim candidate 0 type array 1
[2024-10-26T03:19:29.373+0530][132.098s][debug][gc,humongous      ] GC(424) Humongous region 1560 (object size 1048592 @ 0x00000000e1800000) remset 0 code roots 0 marked 0 pinned count 0 reclaim candidate 0 type array 1
[2024-10-26T03:19:29.373+0530][132.098s][debug][gc,humongous      ] GC(424) Humongous region 1874 (object size 1048592 @ 0x00000000f5200000) remset 0 code roots 0 marked 0 pinned count 0 reclaim candidate 0 type array 1
[2024-10-26T03:19:29.373+0530][132.098s][debug][gc,humongous      ] GC(424) Humongous region 1718 (object size 1048592 @ 0x00000000eb600000) remset 0 code roots 0 marked 0 pinned count 0 reclaim candidate 0 type array 1
[2024-10-26T03:19:29.373+0530][132.098s][debug][gc,humongous      ] GC(424) Humongous region 2032 (object size 1048592 @ 0x00000000ff000000) remset 0 code roots 0 marked 0 pinned count 0 reclaim candidate 0 type array 1
[2024-10-26T03:19:29.373+0530][132.098s][debug][gc,humongous      ] GC(424) Humongous region 306 (object size 1048592 @ 0x0000000093200000) remset 0 code roots 0 marked 0 pinned count 0 reclaim candidate 0 type array 1
[2024-10-26T03:19:29.373+0530][132.098s][debug][gc,humongous      ] GC(424) Humongous region 460 (object size 1048592 @ 0x000000009cc00000) remset 0 code roots 0 marked 0 pinned count 0 reclaim candidate 0 type array 1
[2024-10-26T03:19:29.373+0530][132.098s][debug][gc,humongous      ] GC(424) Humongous region 616 (object size 1048592 @ 0x00000000a6800000) remset 0 code roots 0 marked 0 pinned count 0 reclaim candidate 0 type array 1
[2024-10-26T03:19:29.373+0530][132.099s][debug][gc,humongous      ] GC(424) Humongous region 308 (object size 1048592 @ 0x0000000093400000) remset 0 code roots 0 marked 0 pinned count 0 reclaim candidate 0 type array 1
[2024-10-26T03:19:29.373+0530][132.099s][debug][gc,humongous      ] GC(424) Humongous region 932 (object size 1048592 @ 0x00000000ba400000) remset 0 code roots 0 marked 0 pinned count 0 reclaim candidate 0 type array 1
[2024-10-26T03:19:29.374+0530][132.099s][debug][gc,humongous      ] GC(424) Humongous region 1090 (object size 1048592 @ 0x00000000c4200000) remset 0 code roots 0 marked 0 pinned count 0 reclaim candidate 0 type array 1
[2024-10-26T03:19:29.374+0530][132.099s][debug][gc,humongous      ] GC(424) Humongous region 774 (object size 1048592 @ 0x00000000b0600000) remset 0 code roots 0 marked 0 pinned count 0 reclaim candidate 0 type array 1
[2024-10-26T03:19:29.374+0530][132.099s][debug][gc,humongous      ] GC(424) Humongous region 1246 (object size 1048592 @ 0x00000000cde00000) remset 0 code roots 0 marked 0 pinned count 0 reclaim candidate 0 type array 1
[2024-10-26T03:19:29.374+0530][132.099s][debug][gc,humongous      ] GC(424) Humongous region 1404 (object size 1048592 @ 0x00000000d7c00000) remset 0 code roots 0 marked 0 pinned count 0 reclaim candidate 0 type array 1
[2024-10-26T03:19:29.374+0530][132.099s][debug][gc,humongous      ] GC(424) Humongous region 1562 (object size 1048592 @ 0x00000000e1a00000) remset 0 code roots 0 marked 0 pinned count 0 reclaim candidate 0 type array 1
[2024-10-26T03:19:29.374+0530][132.099s][debug][gc,humongous      ] GC(424) Humongous region 1876 (object size 1048592 @ 0x00000000f5400000) remset 0 code roots 0 marked 0 pinned count 0 reclaim candidate 0 type array 1
[2024-10-26T03:19:29.374+0530][132.099s][debug][gc,humongous      ] GC(424) Humongous region 1720 (object size 1048592 @ 0x00000000eb800000) remset 0 code roots 0 marked 0 pinned count 0 reclaim candidate 0 type array 1
[2024-10-26T03:19:29.374+0530][132.099s][debug][gc,humongous      ] GC(424) Humongous region 2034 (object size 1048592 @ 0x00000000ff200000) remset 0 code roots 0 marked 0 pinned count 0 reclaim candidate 0 type array 1
[2024-10-26T03:19:29.374+0530][132.099s][debug][gc,humongous      ] GC(424) Humongous region 310 (object size 1048592 @ 0x0000000093600000) remset 0 code roots 0 marked 0 pinned count 0 reclaim candidate 0 type array 1
[2024-10-26T03:19:29.374+0530][132.099s][debug][gc,humongous      ] GC(424) Humongous region 462 (object size 1048592 @ 0x000000009ce00000) remset 0 code roots 0 marked 0 pinned count 0 reclaim candidate 0 type array 1
[2024-10-26T03:19:29.374+0530][132.099s][debug][gc,humongous      ] GC(424) Humongous region 618 (object size 1048592 @ 0x00000000a6a00000) remset 0 code roots 0 marked 0 pinned count 0 reclaim candidate 0 type array 1
[2024-10-26T03:19:29.374+0530][132.099s][debug][gc,humongous      ] GC(424) Humongous region 312 (object size 1048592 @ 0x0000000093800000) remset 0 code roots 0 marked 0 pinned count 0 reclaim candidate 0 type array 1
[2024-10-26T03:19:29.374+0530][132.099s][debug][gc,humongous      ] GC(424) Humongous region 934 (object size 1048592 @ 0x00000000ba600000) remset 0 code roots 0 marked 0 pinned count 0 reclaim candidate 0 type array 1
[2024-10-26T03:19:29.374+0530][132.099s][debug][gc,humongous      ] GC(424) Humongous region 1092 (object size 1048592 @ 0x00000000c4400000) remset 0 code roots 0 marked 0 pinned count 0 reclaim candidate 0 type array 1
[2024-10-26T03:19:29.374+0530][132.099s][debug][gc,humongous      ] GC(424) Humongous region 776 (object size 1048592 @ 0x00000000b0800000) remset 0 code roots 0 marked 0 pinned count 0 reclaim candidate 0 type array 1
[2024-10-26T03:19:29.374+0530][132.099s][debug][gc,humongous      ] GC(424) Humongous region 1248 (object size 1048592 @ 0x00000000ce000000) remset 0 code roots 0 marked 0 pinned count 0 reclaim candidate 0 type array 1
[2024-10-26T03:19:29.374+0530][132.099s][debug][gc,humongous      ] GC(424) Humongous region 1406 (object size 1048592 @ 0x00000000d7e00000) remset 0 code roots 0 marked 0 pinned count 0 reclaim candidate 0 type array 1
[2024-10-26T03:19:29.374+0530][132.099s][debug][gc,humongous      ] GC(424) Humongous region 1564 (object size 1048592 @ 0x00000000e1c00000) remset 0 code roots 0 marked 0 pinned count 0 reclaim candidate 0 type array 1
[2024-10-26T03:19:29.374+0530][132.099s][debug][gc,humongous      ] GC(424) Humongous region 1878 (object size 1048592 @ 0x00000000f5600000) remset 0 code roots 0 marked 0 pinned count 0 reclaim candidate 0 type array 1
[2024-10-26T03:19:29.374+0530][132.099s][debug][gc,humongous      ] GC(424) Humongous region 1722 (object size 1048592 @ 0x00000000eba00000) remset 0 code roots 0 marked 0 pinned count 0 reclaim candidate 0 type array 1
[2024-10-26T03:19:29.374+0530][132.099s][debug][gc,humongous      ] GC(424) Humongous region 2036 (object size 1048592 @ 0x00000000ff400000) remset 0 code roots 0 marked 0 pinned count 0 reclaim candidate 0 type array 1
[2024-10-26T03:19:29.374+0530][132.099s][debug][gc,humongous      ] GC(424) Humongous region 314 (object size 1048592 @ 0x0000000093a00000) remset 0 code roots 0 marked 0 pinned count 0 reclaim candidate 0 type array 1
[2024-10-26T03:19:29.374+0530][132.099s][debug][gc,humongous      ] GC(424) Humongous region 464 (object size 1048592 @ 0x000000009d000000) remset 0 code roots 0 marked 0 pinned count 0 reclaim candidate 0 type array 1
[2024-10-26T03:19:29.374+0530][132.099s][debug][gc,humongous      ] GC(424) Humongous region 620 (object size 1048592 @ 0x00000000a6c00000) remset 0 code roots 0 marked 0 pinned count 0 reclaim candidate 0 type array 1
[2024-10-26T03:19:29.374+0530][132.099s][debug][gc,humongous      ] GC(424) Humongous region 466 (object size 1048592 @ 0x000000009d200000) remset 0 code roots 0 marked 0 pinned count 0 reclaim candidate 0 type array 1
[2024-10-26T03:19:29.374+0530][132.099s][debug][gc,humongous      ] GC(424) Humongous region 936 (object size 1048592 @ 0x00000000ba800000) remset 0 code roots 0 marked 0 pinned count 0 reclaim candidate 0 type array 1
[2024-10-26T03:19:29.374+0530][132.099s][debug][gc,humongous      ] GC(424) Humongous region 1094 (object size 1048592 @ 0x00000000c4600000) remset 0 code roots 0 marked 0 pinned count 0 reclaim candidate 0 type array 1
[2024-10-26T03:19:29.374+0530][132.099s][debug][gc,humongous      ] GC(424) Humongous region 778 (object size 1048592 @ 0x00000000b0a00000) remset 0 code roots 0 marked 0 pinned count 0 reclaim candidate 0 type array 1
[2024-10-26T03:19:29.374+0530][132.099s][debug][gc,humongous      ] GC(424) Humongous region 1250 (object size 1048592 @ 0x00000000ce200000) remset 0 code roots 0 marked 0 pinned count 0 reclaim candidate 0 type array 1
[2024-10-26T03:19:29.374+0530][132.099s][debug][gc,humongous      ] GC(424) Humongous region 1408 (object size 1048592 @ 0x00000000d8000000) remset 0 code roots 0 marked 0 pinned count 0 reclaim candidate 0 type array 1
[2024-10-26T03:19:29.374+0530][132.099s][debug][gc,humongous      ] GC(424) Humongous region 1566 (object size 1048592 @ 0x00000000e1e00000) remset 0 code roots 0 marked 0 pinned count 0 reclaim candidate 0 type array 1
[2024-10-26T03:19:29.374+0530][132.099s][debug][gc,humongous      ] GC(424) Humongous region 1880 (object size 1048592 @ 0x00000000f5800000) remset 0 code roots 0 marked 0 pinned count 0 reclaim candidate 0 type array 1
[2024-10-26T03:19:29.374+0530][132.099s][debug][gc,humongous      ] GC(424) Humongous region 1724 (object size 1048592 @ 0x00000000ebc00000) remset 0 code roots 0 marked 0 pinned count 0 reclaim candidate 0 type array 1
[2024-10-26T03:19:29.374+0530][132.099s][debug][gc,humongous      ] GC(424) Humongous region 2038 (object size 1048592 @ 0x00000000ff600000) remset 0 code roots 0 marked 0 pinned count 0 reclaim candidate 0 type array 1
[2024-10-26T03:19:29.374+0530][132.099s][debug][gc,humongous      ] GC(424) Humongous region 468 (object size 1048592 @ 0x000000009d400000) remset 0 code roots 0 marked 0 pinned count 0 reclaim candidate 0 type array 1
[2024-10-26T03:19:29.374+0530][132.099s][debug][gc,humongous      ] GC(424) Humongous region 470 (object size 1048592 @ 0x000000009d600000) remset 0 code roots 0 marked 0 pinned count 0 reclaim candidate 0 type array 1
[2024-10-26T03:19:29.374+0530][132.099s][debug][gc,humongous      ] GC(424) Humongous region 622 (object size 1048592 @ 0x00000000a6e00000) remset 0 code roots 0 marked 0 pinned count 0 reclaim candidate 0 type array 1
[2024-10-26T03:19:29.374+0530][132.099s][debug][gc,humongous      ] GC(424) Humongous region 624 (object size 1048592 @ 0x00000000a7000000) remset 0 code roots 0 marked 0 pinned count 0 reclaim candidate 0 type array 1
[2024-10-26T03:19:29.374+0530][132.099s][debug][gc,humongous      ] GC(424) Humongous region 938 (object size 1048592 @ 0x00000000baa00000) remset 0 code roots 0 marked 0 pinned count 0 reclaim candidate 0 type array 1
[2024-10-26T03:19:29.374+0530][132.099s][debug][gc,humongous      ] GC(424) Humongous region 1096 (object size 1048592 @ 0x00000000c4800000) remset 0 code roots 0 marked 0 pinned count 0 reclaim candidate 0 type array 1
[2024-10-26T03:19:29.374+0530][132.099s][debug][gc,humongous      ] GC(424) Humongous region 780 (object size 1048592 @ 0x00000000b0c00000) remset 0 code roots 0 marked 0 pinned count 0 reclaim candidate 0 type array 1
[2024-10-26T03:19:29.374+0530][132.099s][debug][gc,humongous      ] GC(424) Humongous region 1252 (object size 1048592 @ 0x00000000ce400000) remset 0 code roots 0 marked 0 pinned count 0 reclaim candidate 0 type array 1
[2024-10-26T03:19:29.374+0530][132.099s][debug][gc,humongous      ] GC(424) Humongous region 1410 (object size 1048592 @ 0x00000000d8200000) remset 0 code roots 0 marked 0 pinned count 0 reclaim candidate 0 type array 1
[2024-10-26T03:19:29.374+0530][132.099s][debug][gc,humongous      ] GC(424) Humongous region 1568 (object size 1048592 @ 0x00000000e2000000) remset 0 code roots 0 marked 0 pinned count 0 reclaim candidate 0 type array 1
[2024-10-26T03:19:29.374+0530][132.099s][debug][gc,humongous      ] GC(424) Humongous region 1882 (object size 1048592 @ 0x00000000f5a00000) remset 0 code roots 0 marked 0 pinned count 0 reclaim candidate 0 type array 1
[2024-10-26T03:19:29.374+0530][132.099s][debug][gc,humongous      ] GC(424) Humongous region 1726 (object size 1048592 @ 0x00000000ebe00000) remset 0 code roots 0 marked 0 pinned count 0 reclaim candidate 0 type array 1
[2024-10-26T03:19:29.374+0530][132.099s][debug][gc,humongous      ] GC(424) Humongous region 2040 (object size 1048592 @ 0x00000000ff800000) remset 0 code roots 0 marked 0 pinned count 0 reclaim candidate 0 type array 1
[2024-10-26T03:19:29.374+0530][132.099s][debug][gc,humongous      ] GC(424) Humongous region 626 (object size 1048592 @ 0x00000000a7200000) remset 0 code roots 0 marked 0 pinned count 0 reclaim candidate 0 type array 1
[2024-10-26T03:19:29.374+0530][132.099s][debug][gc,humongous      ] GC(424) Humongous region 628 (object size 1048592 @ 0x00000000a7400000) remset 0 code roots 0 marked 0 pinned count 0 reclaim candidate 0 type array 1
[2024-10-26T03:19:29.374+0530][132.099s][debug][gc,humongous      ] GC(424) Humongous region 782 (object size 1048592 @ 0x00000000b0e00000) remset 0 code roots 0 marked 0 pinned count 0 reclaim candidate 0 type array 1
[2024-10-26T03:19:29.374+0530][132.099s][debug][gc,humongous      ] GC(424) Humongous region 784 (object size 1048592 @ 0x00000000b1000000) remset 0 code roots 0 marked 0 pinned count 0 reclaim candidate 0 type array 1
[2024-10-26T03:19:29.374+0530][132.099s][debug][gc,humongous      ] GC(424) Humongous region 940 (object size 1048592 @ 0x00000000bac00000) remset 0 code roots 0 marked 0 pinned count 0 reclaim candidate 0 type array 1
[2024-10-26T03:19:29.374+0530][132.099s][debug][gc,humongous      ] GC(424) Humongous region 1098 (object size 1048592 @ 0x00000000c4a00000) remset 0 code roots 0 marked 0 pinned count 0 reclaim candidate 0 type array 1
[2024-10-26T03:19:29.374+0530][132.099s][debug][gc,humongous      ] GC(424) Humongous region 786 (object size 1048592 @ 0x00000000b1200000) remset 0 code roots 0 marked 0 pinned count 0 reclaim candidate 0 type array 1
[2024-10-26T03:19:29.374+0530][132.099s][debug][gc,humongous      ] GC(424) Humongous region 1254 (object size 1048592 @ 0x00000000ce600000) remset 0 code roots 0 marked 0 pinned count 0 reclaim candidate 0 type array 1
[2024-10-26T03:19:29.374+0530][132.099s][debug][gc,humongous      ] GC(424) Humongous region 1412 (object size 1048592 @ 0x00000000d8400000) remset 0 code roots 0 marked 0 pinned count 0 reclaim candidate 0 type array 1
[2024-10-26T03:19:29.374+0530][132.099s][debug][gc,humongous      ] GC(424) Humongous region 1570 (object size 1048592 @ 0x00000000e2200000) remset 0 code roots 0 marked 0 pinned count 0 reclaim candidate 0 type array 1
[2024-10-26T03:19:29.374+0530][132.099s][debug][gc,humongous      ] GC(424) Humongous region 1884 (object size 1048592 @ 0x00000000f5c00000) remset 0 code roots 0 marked 0 pinned count 0 reclaim candidate 0 type array 1
[2024-10-26T03:19:29.374+0530][132.099s][debug][gc,humongous      ] GC(424) Humongous region 1728 (object size 1048592 @ 0x00000000ec000000) remset 0 code roots 0 marked 0 pinned count 0 reclaim candidate 0 type array 1
[2024-10-26T03:19:29.374+0530][132.099s][debug][gc,humongous      ] GC(424) Humongous region 2042 (object size 1048592 @ 0x00000000ffa00000) remset 0 code roots 0 marked 0 pinned count 0 reclaim candidate 0 type array 1
[2024-10-26T03:19:29.374+0530][132.099s][debug][gc,humongous      ] GC(424) Humongous region 942 (object size 1048592 @ 0x00000000bae00000) remset 0 code roots 0 marked 0 pinned count 0 reclaim candidate 0 type array 1
[2024-10-26T03:19:29.374+0530][132.099s][debug][gc,humongous      ] GC(424) Humongous region 944 (object size 1048592 @ 0x00000000bb000000) remset 0 code roots 0 marked 0 pinned count 0 reclaim candidate 0 type array 1
[2024-10-26T03:19:29.374+0530][132.099s][debug][gc,humongous      ] GC(424) Humongous region 1100 (object size 1048592 @ 0x00000000c4c00000) remset 0 code roots 0 marked 0 pinned count 0 reclaim candidate 0 type array 1
[2024-10-26T03:19:29.374+0530][132.099s][debug][gc,humongous      ] GC(424) Humongous region 1256 (object size 1048592 @ 0x00000000ce800000) remset 0 code roots 0 marked 0 pinned count 0 reclaim candidate 0 type array 1
[2024-10-26T03:19:29.374+0530][132.099s][debug][gc,humongous      ] GC(424) Humongous region 1258 (object size 1048592 @ 0x00000000cea00000) remset 0 code roots 0 marked 0 pinned count 0 reclaim candidate 0 type array 1
[2024-10-26T03:19:29.374+0530][132.099s][debug][gc,humongous      ] GC(424) Humongous region 1414 (object size 1048592 @ 0x00000000d8600000) remset 0 code roots 0 marked 0 pinned count 0 reclaim candidate 0 type array 1
[2024-10-26T03:19:29.374+0530][132.099s][debug][gc,humongous      ] GC(424) Humongous region 1416 (object size 1048592 @ 0x00000000d8800000) remset 0 code roots 0 marked 0 pinned count 0 reclaim candidate 0 type array 1
[2024-10-26T03:19:29.374+0530][132.099s][debug][gc,humongous      ] GC(424) Humongous region 1572 (object size 1048592 @ 0x00000000e2400000) remset 0 code roots 0 marked 0 pinned count 0 reclaim candidate 0 type array 1
[2024-10-26T03:19:29.374+0530][132.099s][debug][gc,humongous      ] GC(424) Humongous region 1574 (object size 1048592 @ 0x00000000e2600000) remset 0 code roots 0 marked 0 pinned count 0 reclaim candidate 0 type array 1
[2024-10-26T03:19:29.374+0530][132.099s][debug][gc,humongous      ] GC(424) Humongous region 1730 (object size 1048592 @ 0x00000000ec200000) remset 0 code roots 0 marked 0 pinned count 0 reclaim candidate 0 type array 1
[2024-10-26T03:19:29.374+0530][132.099s][debug][gc,humongous      ] GC(424) Humongous region 1886 (object size 1048592 @ 0x00000000f5e00000) remset 0 code roots 0 marked 0 pinned count 0 reclaim candidate 0 type array 1
[2024-10-26T03:19:29.374+0530][132.099s][debug][gc,humongous      ] GC(424) Humongous region 1888 (object size 1048592 @ 0x00000000f6000000) remset 0 code roots 0 marked 0 pinned count 0 reclaim candidate 0 type array 1
[2024-10-26T03:19:29.374+0530][132.099s][debug][gc,humongous      ] GC(424) Humongous region 2044 (object size 1048592 @ 0x00000000ffc00000) remset 0 code roots 0 marked 0 pinned count 0 reclaim candidate 0 type array 1
[2024-10-26T03:19:29.374+0530][132.099s][debug][gc,humongous      ] GC(424) Humongous region 2046 (object size 1048592 @ 0x00000000ffe00000) remset 0 code roots 0 marked 0 pinned count 0 reclaim candidate 0 type array 1
[2024-10-26T03:19:29.376+0530][132.100s][debug][gc,ergo           ] GC(424) Running G1 Merge Heap Roots using 13 workers for 0 regions
[2024-10-26T03:19:29.376+0530][132.100s][debug][gc,remset         ] GC(424) Visited cards 96 Total dirty 6144 (1.56%) Total old 4194304 (0.00%)
[2024-10-26T03:19:29.376+0530][132.101s][debug][gc,ref            ] GC(424) Skipped SoftWeakFinalRefsPhase of Reference Processing: no references
[2024-10-26T03:19:29.376+0530][132.101s][debug][gc,ref            ] GC(424) Skipped KeepAliveFinalRefsPhase of Reference Processing: no references
[2024-10-26T03:19:29.376+0530][132.101s][debug][gc,ref            ] GC(424) Skipped PhantomRefsPhase of Reference Processing: no references
[2024-10-26T03:19:29.377+0530][132.101s][debug][gc,ergo           ] GC(424) Running G1 Rebuild Free List Task using 13 workers for rebuilding free list of regions
[2024-10-26T03:19:29.377+0530][132.101s][debug][gc,plab           ] GC(424) Young PLAB allocation: allocated: 0B, wasted: 0B, unused: 0B, used: 0B, undo waste: 0B, 
[2024-10-26T03:19:29.377+0530][132.101s][debug][gc,plab           ] GC(424) Young other allocation: region end waste: 0B, regions filled: 0, num plab filled: 0, direct allocated: 0B, num direct allocated: 0, failure used: 0B, failure wasted: 0B
[2024-10-26T03:19:29.377+0530][132.101s][debug][gc,plab           ] GC(424) Young sizing: calculated: 0B, actual: 2064B
[2024-10-26T03:19:29.377+0530][132.101s][debug][gc,plab           ] GC(424) Old PLAB allocation: allocated: 0B, wasted: 0B, unused: 0B, used: 0B, undo waste: 0B, 
[2024-10-26T03:19:29.377+0530][132.101s][debug][gc,plab           ] GC(424) Old other allocation: region end waste: 0B, regions filled: 0, num plab filled: 0, direct allocated: 0B, num direct allocated: 0, failure used: 0B, failure wasted: 0B
[2024-10-26T03:19:29.377+0530][132.101s][debug][gc,plab           ] GC(424) Old sizing: calculated: 0B, actual: 2064B
[2024-10-26T03:19:29.377+0530][132.101s][debug][gc,ergo,heap      ] GC(424) Heap expansion: short term pause time ratio 96.56% long term pause time ratio 94.44% threshold 7.69% pause time ratio 7.69% fully expanded true resize by 0B
[2024-10-26T03:19:29.377+0530][132.101s][debug][gc,ergo,ihop      ] GC(424) Request concurrent cycle initiation (occupancy higher than threshold) occupancy: 2147483648B allocation request: 0B threshold: 0B (0.00) source: Revise IHOP
[2024-10-26T03:19:29.377+0530][132.101s][debug][gc,mmu            ] GC(424) MMU: 75.7ms (200.0ms/201.0ms)
[2024-10-26T03:19:29.377+0530][132.101s][debug][gc,alloc,stats    ] Old generation allocation in the last mutator period, old gen allocated: 0B, humongous allocated: 0B, old gen growth: 0B.
[2024-10-26T03:19:29.377+0530][132.101s][debug][gc,ihop           ] GC(424) Basic information (value update), threshold: 0B (0.00), target occupancy: 2147483648B, current occupancy: 2147106448B, recent allocation size: 0B, recent allocation duration: 0.83ms, recent old gen allocation rate: 0.00B/s, recent marking phase length: 35.14ms
[2024-10-26T03:19:29.377+0530][132.101s][debug][gc,ihop           ] GC(424) Adaptive IHOP information (value update), threshold: 0B (0.00), internal target occupancy: 1825361100B, occupancy: 2147106448B, additional buffer size: 106954752B, predicted old gen allocation rate: 602889356.54B/s, predicted marking phase length: 27567.37ms, prediction active: true
[2024-10-26T03:19:29.377+0530][132.101s][debug][gc,ergo,refine    ] GC(424) GC refinement: goal: 255682 + 2 / 20.00ms, actual: 3 / 0.00ms, 
[2024-10-26T03:19:29.377+0530][132.101s][debug][gc,ergo,refine    ] GC(424) Unchanged pending cards target: 255682
[2024-10-26T03:19:29.377+0530][132.101s][info ][gc,phases         ] GC(424)   Pre Evacuate Collection Set: 14.02ms
[2024-10-26T03:19:29.377+0530][132.101s][debug][gc,phases         ] GC(424)     Reset Marking State (ms):      Min: 0.02, Avg: 0.02, Max: 0.02, Diff: 0.00, Sum: 0.02, Workers: 1
[2024-10-26T03:19:29.377+0530][132.101s][debug][gc,phases         ] GC(424)     Note Start Of Mark (ms):       Min: 0.03, Avg: 0.04, Max: 0.05, Diff: 0.02, Sum: 0.14, Workers: 4
[2024-10-26T03:19:29.377+0530][132.101s][debug][gc,phases         ] GC(424)     Pre Evacuate Prepare: 0.07ms
[2024-10-26T03:19:29.377+0530][132.101s][debug][gc,phases         ] GC(424)       JT Retire TLABs And Flush Logs (ms): Min: 0.00, Avg: 0.00, Max: 0.00, Diff: 0.00, Sum: 0.00, Workers: 2
[2024-10-26T03:19:29.377+0530][132.101s][debug][gc,phases         ] GC(424)       Non-JT Flush Logs (ms):        Min: 0.00, Avg: 0.00, Max: 0.00, Diff: 0.00, Sum: 0.00, Workers: 1
[2024-10-26T03:19:29.377+0530][132.101s][debug][gc,phases         ] GC(424)     Choose Collection Set: 0.01ms
[2024-10-26T03:19:29.377+0530][132.101s][debug][gc,phases         ] GC(424)     Region Register: 13.88ms
[2024-10-26T03:19:29.377+0530][132.101s][debug][gc,phases         ] GC(424)     Prepare Heap Roots: 0.00ms
[2024-10-26T03:19:29.377+0530][132.101s][info ][gc,phases         ] GC(424)   Merge Heap Roots: 0.19ms
[2024-10-26T03:19:29.377+0530][132.101s][debug][gc,phases         ] GC(424)     Prepare Merge Heap Roots: 0.01ms
[2024-10-26T03:19:29.377+0530][132.101s][debug][gc,phases         ] GC(424)     Remembered Sets (ms):          Min: 0.00, Avg: 0.00, Max: 0.00, Diff: 0.00, Sum: 0.01, Workers: 13
[2024-10-26T03:19:29.377+0530][132.101s][debug][gc,phases         ] GC(424)       Eager Reclaim (ms):            skipped
[2024-10-26T03:19:29.377+0530][132.101s][debug][gc,phases         ] GC(424)       Merged Inline:                 Min: 0, Avg:  0.0, Max: 0, Diff: 0, Sum: 0, Workers: 13
[2024-10-26T03:19:29.377+0530][132.101s][debug][gc,phases         ] GC(424)       Merged ArrayOfCards:           Min: 0, Avg:  0.0, Max: 0, Diff: 0, Sum: 0, Workers: 13
[2024-10-26T03:19:29.377+0530][132.101s][debug][gc,phases         ] GC(424)       Merged Howl:                   Min: 0, Avg:  0.0, Max: 0, Diff: 0, Sum: 0, Workers: 13
[2024-10-26T03:19:29.377+0530][132.101s][debug][gc,phases         ] GC(424)       Merged Full:                   Min: 0, Avg:  0.0, Max: 0, Diff: 0, Sum: 0, Workers: 13
[2024-10-26T03:19:29.377+0530][132.101s][debug][gc,phases         ] GC(424)       Merged Howl Inline:            Min: 0, Avg:  0.0, Max: 0, Diff: 0, Sum: 0, Workers: 13
[2024-10-26T03:19:29.377+0530][132.101s][debug][gc,phases         ] GC(424)       Merged Howl ArrayOfCards:      Min: 0, Avg:  0.0, Max: 0, Diff: 0, Sum: 0, Workers: 13
[2024-10-26T03:19:29.377+0530][132.101s][debug][gc,phases         ] GC(424)       Merged Howl BitMap:            Min: 0, Avg:  0.0, Max: 0, Diff: 0, Sum: 0, Workers: 13
[2024-10-26T03:19:29.377+0530][132.101s][debug][gc,phases         ] GC(424)       Merged Howl Full:              Min: 0, Avg:  0.0, Max: 0, Diff: 0, Sum: 0, Workers: 13
[2024-10-26T03:19:29.377+0530][132.101s][debug][gc,phases         ] GC(424)       Merged Cards:                  Min: 8, Avg:  8.0, Max: 8, Diff: 0, Sum: 104, Workers: 13
[2024-10-26T03:19:29.377+0530][132.101s][debug][gc,phases         ] GC(424)     Distribute Log Buffers: 0.00ms
[2024-10-26T03:19:29.377+0530][132.101s][debug][gc,phases         ] GC(424)     Log Buffers (ms):              Min: 0.00, Avg: 0.00, Max: 0.00, Diff: 0.00, Sum: 0.01, Workers: 13
[2024-10-26T03:19:29.377+0530][132.101s][debug][gc,phases         ] GC(424)       Dirty Cards:                   Min: 0, Avg:  0.2, Max: 2, Diff: 2, Sum: 3, Workers: 13
[2024-10-26T03:19:29.377+0530][132.101s][debug][gc,phases         ] GC(424)       Skipped Cards:                 Min: 0, Avg:  0.0, Max: 0, Diff: 0, Sum: 0, Workers: 13
[2024-10-26T03:19:29.377+0530][132.101s][info ][gc,phases         ] GC(424)   Evacuate Collection Set: 0.49ms
[2024-10-26T03:19:29.377+0530][132.101s][debug][gc,phases         ] GC(424)     Ext Root Scanning (ms):        Min: 0.00, Avg: 0.05, Max: 0.35, Diff: 0.35, Sum: 0.60, Workers: 13
[2024-10-26T03:19:29.377+0530][132.101s][debug][gc,phases         ] GC(424)     Scan Heap Roots (ms):          Min: 0.00, Avg: 0.00, Max: 0.01, Diff: 0.01, Sum: 0.01, Workers: 13
[2024-10-26T03:19:29.377+0530][132.101s][debug][gc,phases         ] GC(424)       Scanned Cards:                 Min: 0, Avg:  0.2, Max: 2, Diff: 2, Sum: 3, Workers: 13
[2024-10-26T03:19:29.377+0530][132.101s][debug][gc,phases         ] GC(424)       Scanned Blocks:                Min: 0, Avg:  0.2, Max: 2, Diff: 2, Sum: 3, Workers: 13
[2024-10-26T03:19:29.377+0530][132.101s][debug][gc,phases         ] GC(424)       Claimed Chunks:                Min: 0, Avg:  0.2, Max: 2, Diff: 2, Sum: 3, Workers: 13
[2024-10-26T03:19:29.377+0530][132.102s][debug][gc,phases         ] GC(424)       Found Roots:                   Min: 0, Avg:  0.0, Max: 0, Diff: 0, Sum: 0, Workers: 13
[2024-10-26T03:19:29.377+0530][132.102s][debug][gc,phases         ] GC(424)     Code Root Scan (ms):           Min: 0.00, Avg: 0.00, Max: 0.00, Diff: 0.00, Sum: 0.00, Workers: 13
[2024-10-26T03:19:29.377+0530][132.102s][debug][gc,phases         ] GC(424)       Scanned Nmethods:              Min: 0, Avg:  0.0, Max: 0, Diff: 0, Sum: 0, Workers: 13
[2024-10-26T03:19:29.377+0530][132.102s][debug][gc,phases         ] GC(424)     Object Copy (ms):              Min: 0.00, Avg: 0.00, Max: 0.00, Diff: 0.00, Sum: 0.01, Workers: 13
[2024-10-26T03:19:29.377+0530][132.102s][debug][gc,phases         ] GC(424)     Termination (ms):              Min: 0.02, Avg: 0.30, Max: 0.35, Diff: 0.33, Sum: 3.95, Workers: 13
[2024-10-26T03:19:29.377+0530][132.102s][debug][gc,phases         ] GC(424)       Termination Attempts:          Min: 1, Avg:  1.0, Max: 1, Diff: 0, Sum: 13, Workers: 13
[2024-10-26T03:19:29.377+0530][132.102s][debug][gc,phases         ] GC(424)     GC Worker Other (ms):          Min: 0.00, Avg: 0.00, Max: 0.01, Diff: 0.01, Sum: 0.05, Workers: 13
[2024-10-26T03:19:29.377+0530][132.102s][debug][gc,phases         ] GC(424)     GC Worker Total (ms):          Min: 0.31, Avg: 0.36, Max: 0.45, Diff: 0.14, Sum: 4.62, Workers: 13
[2024-10-26T03:19:29.377+0530][132.102s][info ][gc,phases         ] GC(424)   Post Evacuate Collection Set: 0.51ms
[2024-10-26T03:19:29.377+0530][132.102s][debug][gc,phases         ] GC(424)     NMethod List Cleanup: 0.01ms
[2024-10-26T03:19:29.377+0530][132.102s][debug][gc,phases         ] GC(424)     Reference Processing: 0.06ms
[2024-10-26T03:19:29.377+0530][132.102s][debug][gc,phases,ref     ] GC(424)       Notify Soft/WeakReferences: 0.0ms
[2024-10-26T03:19:29.377+0530][132.102s][debug][gc,phases,ref     ] GC(424)         SoftRef (ms):                  skipped
[2024-10-26T03:19:29.377+0530][132.102s][debug][gc,phases,ref     ] GC(424)         WeakRef (ms):                  skipped
[2024-10-26T03:19:29.377+0530][132.102s][debug][gc,phases,ref     ] GC(424)         FinalRef (ms):                 skipped
[2024-10-26T03:19:29.377+0530][132.102s][debug][gc,phases,ref     ] GC(424)         Total (ms):                    skipped
[2024-10-26T03:19:29.377+0530][132.102s][debug][gc,phases,ref     ] GC(424)       Notify and keep alive finalizable: 0.0ms
[2024-10-26T03:19:29.377+0530][132.102s][debug][gc,phases,ref     ] GC(424)         FinalRef (ms):                 skipped
[2024-10-26T03:19:29.377+0530][132.102s][debug][gc,phases,ref     ] GC(424)       Notify PhantomReferences: 0.0ms
[2024-10-26T03:19:29.377+0530][132.102s][debug][gc,phases,ref     ] GC(424)         PhantomRef (ms):               skipped
[2024-10-26T03:19:29.377+0530][132.102s][debug][gc,phases,ref     ] GC(424)       SoftReference Discovered: 0, Dropped: 0, Processed: 0
[2024-10-26T03:19:29.377+0530][132.102s][debug][gc,phases,ref     ] GC(424)       WeakReference Discovered: 0, Dropped: 0, Processed: 0
[2024-10-26T03:19:29.377+0530][132.102s][debug][gc,phases,ref     ] GC(424)       FinalReference Discovered: 0, Dropped: 0, Processed: 0
[2024-10-26T03:19:29.377+0530][132.102s][debug][gc,phases,ref     ] GC(424)       PhantomReference Discovered: 0, Dropped: 0, Processed: 0
[2024-10-26T03:19:29.377+0530][132.102s][debug][gc,phases         ] GC(424)     Weak Processing: 0.17ms
[2024-10-26T03:19:29.377+0530][132.102s][debug][gc,phases         ] GC(424)       VM Weak                        Min: 0.00, Avg: 0.00, Max: 0.01, Diff: 0.01, Sum: 0.01, Workers: 13
[2024-10-26T03:19:29.377+0530][132.102s][debug][gc,phases         ] GC(424)         Dead                           Min: 0, Avg:  0.0, Max: 0, Diff: 0, Sum: 0, Workers: 13
[2024-10-26T03:19:29.377+0530][132.102s][debug][gc,phases         ] GC(424)         Total                          Min: 0, Avg: 20.8, Max: 271, Diff: 271, Sum: 271, Workers: 13
[2024-10-26T03:19:29.377+0530][132.102s][debug][gc,phases         ] GC(424)       ObjectSynchronizer Weak        Min: 0.00, Avg: 0.00, Max: 0.00, Diff: 0.00, Sum: 0.00, Workers: 13
[2024-10-26T03:19:29.377+0530][132.102s][debug][gc,phases         ] GC(424)         Dead                           Min: 0, Avg:  0.0, Max: 0, Diff: 0, Sum: 0, Workers: 13
[2024-10-26T03:19:29.377+0530][132.102s][debug][gc,phases         ] GC(424)         Total                          Min: 0, Avg:  0.2, Max: 3, Diff: 3, Sum: 3, Workers: 13
[2024-10-26T03:19:29.377+0530][132.102s][debug][gc,phases         ] GC(424)       JVMTI Tag Weak OopStorage      Min: 0.00, Avg: 0.00, Max: 0.00, Diff: 0.00, Sum: 0.00, Workers: 13
[2024-10-26T03:19:29.377+0530][132.102s][debug][gc,phases         ] GC(424)         Dead                           Min: 0, Avg:  0.0, Max: 0, Diff: 0, Sum: 0, Workers: 13
[2024-10-26T03:19:29.377+0530][132.102s][debug][gc,phases         ] GC(424)         Total                          Min: 0, Avg:  0.0, Max: 0, Diff: 0, Sum: 0, Workers: 13
[2024-10-26T03:19:29.377+0530][132.102s][debug][gc,phases         ] GC(424)       StringTable Weak               Min: 0.00, Avg: 0.03, Max: 0.12, Diff: 0.12, Sum: 0.39, Workers: 13
[2024-10-26T03:19:29.377+0530][132.102s][debug][gc,phases         ] GC(424)         Dead                           Min: 0, Avg:  0.0, Max: 0, Diff: 0, Sum: 0, Workers: 13
[2024-10-26T03:19:29.378+0530][132.102s][debug][gc,phases         ] GC(424)         Total                          Min: 0, Avg: 1995.1, Max: 8128, Diff: 8128, Sum: 25936, Workers: 13
[2024-10-26T03:19:29.378+0530][132.102s][debug][gc,phases         ] GC(424)       ResolvedMethodTable Weak       Min: 0.00, Avg: 0.00, Max: 0.01, Diff: 0.01, Sum: 0.05, Workers: 13
[2024-10-26T03:19:29.378+0530][132.102s][debug][gc,phases         ] GC(424)         Dead                           Min: 0, Avg:  0.0, Max: 0, Diff: 0, Sum: 0, Workers: 13
[2024-10-26T03:19:29.378+0530][132.102s][debug][gc,phases         ] GC(424)         Total                          Min: 0, Avg: 266.9, Max: 895, Diff: 895, Sum: 3470, Workers: 13
[2024-10-26T03:19:29.378+0530][132.102s][debug][gc,phases         ] GC(424)       JNI Weak                       Min: 0.00, Avg: 0.00, Max: 0.00, Diff: 0.00, Sum: 0.00, Workers: 13
[2024-10-26T03:19:29.378+0530][132.102s][debug][gc,phases         ] GC(424)         Dead                           Min: 0, Avg:  0.0, Max: 0, Diff: 0, Sum: 0, Workers: 13
[2024-10-26T03:19:29.378+0530][132.102s][debug][gc,phases         ] GC(424)         Total                          Min: 0, Avg:  0.2, Max: 3, Diff: 3, Sum: 3, Workers: 13
[2024-10-26T03:19:29.378+0530][132.102s][debug][gc,phases         ] GC(424)       StringDedup Table Weak         Min: 0.00, Avg: 0.00, Max: 0.00, Diff: 0.00, Sum: 0.00, Workers: 13
[2024-10-26T03:19:29.378+0530][132.102s][debug][gc,phases         ] GC(424)         Dead                           Min: 0, Avg:  0.0, Max: 0, Diff: 0, Sum: 0, Workers: 13
[2024-10-26T03:19:29.378+0530][132.102s][debug][gc,phases         ] GC(424)         Total                          Min: 0, Avg:  0.0, Max: 0, Diff: 0, Sum: 0, Workers: 13
[2024-10-26T03:19:29.378+0530][132.102s][debug][gc,phases         ] GC(424)       StringDedup Requests0 Weak     Min: 0.00, Avg: 0.00, Max: 0.00, Diff: 0.00, Sum: 0.00, Workers: 13
[2024-10-26T03:19:29.378+0530][132.102s][debug][gc,phases         ] GC(424)         Dead                           Min: 0, Avg:  0.0, Max: 0, Diff: 0, Sum: 0, Workers: 13
[2024-10-26T03:19:29.378+0530][132.102s][debug][gc,phases         ] GC(424)         Total                          Min: 0, Avg:  0.0, Max: 0, Diff: 0, Sum: 0, Workers: 13
[2024-10-26T03:19:29.378+0530][132.102s][debug][gc,phases         ] GC(424)       StringDedup Requests1 Weak     Min: 0.00, Avg: 0.00, Max: 0.00, Diff: 0.00, Sum: 0.00, Workers: 13
[2024-10-26T03:19:29.378+0530][132.102s][debug][gc,phases         ] GC(424)         Dead                           Min: 0, Avg:  0.0, Max: 0, Diff: 0, Sum: 0, Workers: 13
[2024-10-26T03:19:29.378+0530][132.102s][debug][gc,phases         ] GC(424)         Total                          Min: 0, Avg:  0.0, Max: 0, Diff: 0, Sum: 0, Workers: 13
[2024-10-26T03:19:29.378+0530][132.102s][debug][gc,phases         ] GC(424)       Weak JFR Old Object Samples    Min: 0.00, Avg: 0.00, Max: 0.00, Diff: 0.00, Sum: 0.00, Workers: 13
[2024-10-26T03:19:29.378+0530][132.102s][debug][gc,phases         ] GC(424)         Dead                           Min: 0, Avg:  0.0, Max: 0, Diff: 0, Sum: 0, Workers: 13
[2024-10-26T03:19:29.378+0530][132.102s][debug][gc,phases         ] GC(424)         Total                          Min: 0, Avg:  7.3, Max: 71, Diff: 71, Sum: 95, Workers: 13
[2024-10-26T03:19:29.378+0530][132.102s][debug][gc,phases         ] GC(424)     Post Evacuate Cleanup 1: 0.03ms
[2024-10-26T03:19:29.378+0530][132.102s][debug][gc,phases         ] GC(424)       Merge Per-Thread State (ms):   Min: 0.01, Avg: 0.01, Max: 0.01, Diff: 0.00, Sum: 0.01, Workers: 1
[2024-10-26T03:19:29.378+0530][132.102s][debug][gc,phases         ] GC(424)         Copied Bytes:                  Min: 0, Avg:  0.0, Max: 0, Diff: 0, Sum: 0, Workers: 13
[2024-10-26T03:19:29.378+0530][132.102s][debug][gc,phases         ] GC(424)         LAB Waste:                     Min: 0, Avg:  0.0, Max: 0, Diff: 0, Sum: 0, Workers: 13
[2024-10-26T03:19:29.378+0530][132.102s][debug][gc,phases         ] GC(424)         LAB Undo Waste:                Min: 0, Avg:  0.0, Max: 0, Diff: 0, Sum: 0, Workers: 13
[2024-10-26T03:19:29.378+0530][132.102s][debug][gc,phases         ] GC(424)         Evac Fail Extra Cards:         Min: 0, Avg:  0.0, Max: 0, Diff: 0, Sum: 0, Workers: 13
[2024-10-26T03:19:29.378+0530][132.102s][debug][gc,phases         ] GC(424)       Clear Logged Cards (ms):       Min: 0.00, Avg: 0.00, Max: 0.00, Diff: 0.00, Sum: 0.00, Workers: 2
[2024-10-26T03:19:29.378+0530][132.102s][debug][gc,phases         ] GC(424)       Recalculate Used Memory (ms):  Min: 0.00, Avg: 0.00, Max: 0.00, Diff: 0.00, Sum: 0.00, Workers: 1
[2024-10-26T03:19:29.378+0530][132.102s][debug][gc,phases         ] GC(424)     Post Evacuate Cleanup 2: 0.08ms
[2024-10-26T03:19:29.378+0530][132.102s][debug][gc,phases         ] GC(424)       Update Derived Pointers (ms):  Min: 0.00, Avg: 0.00, Max: 0.00, Diff: 0.00, Sum: 0.00, Workers: 1
[2024-10-26T03:19:29.378+0530][132.102s][debug][gc,phases         ] GC(424)       Eagerly Reclaim Humongous Objects (ms): skipped
[2024-10-26T03:19:29.378+0530][132.102s][debug][gc,phases         ] GC(424)         Humongous Total:               skipped
[2024-10-26T03:19:29.378+0530][132.102s][debug][gc,phases         ] GC(424)         Humongous Candidates:          skipped
[2024-10-26T03:19:29.378+0530][132.102s][debug][gc,phases         ] GC(424)         Humongous Reclaimed:           skipped
[2024-10-26T03:19:29.378+0530][132.102s][debug][gc,phases         ] GC(424)       Redirty Logged Cards (ms):     Min: 0.00, Avg: 0.00, Max: 0.00, Diff: 0.00, Sum: 0.00, Workers: 13
[2024-10-26T03:19:29.378+0530][132.102s][debug][gc,phases         ] GC(424)         Redirtied Cards:               Min: 0, Avg:  0.0, Max: 0, Diff: 0, Sum: 0, Workers: 13
[2024-10-26T03:19:29.378+0530][132.102s][debug][gc,phases         ] GC(424)       Resize TLABs (ms):             Min: 0.00, Avg: 0.00, Max: 0.00, Diff: 0.00, Sum: 0.00, Workers: 13
[2024-10-26T03:19:29.378+0530][132.102s][debug][gc,phases         ] GC(424)       Free Collection Set (ms):      Min: 0.00, Avg: 0.00, Max: 0.00, Diff: 0.00, Sum: 0.00, Workers: 13
[2024-10-26T03:19:29.378+0530][132.102s][debug][gc,phases         ] GC(424)     Rebuild Free List: 0.09ms
[2024-10-26T03:19:29.378+0530][132.102s][debug][gc,phases         ] GC(424)     Prepare For Mutator: 0.09ms
[2024-10-26T03:19:29.378+0530][132.102s][debug][gc,phases         ] GC(424)     Expand Heap After Collection: 0.00ms
[2024-10-26T03:19:29.378+0530][132.102s][info ][gc,phases         ] GC(424)   Other: 0.26ms
[2024-10-26T03:19:29.378+0530][132.102s][debug][gc,remset         ] GC(424) Coarsening (recent): Inline->AoC 0 (0) AoC->Howl 0 (0) Howl->Full 0 (0) Inline->AoC 0 (0) AoC->BitMap 0 (0) BitMap->Full 0 (0) 
[2024-10-26T03:19:29.378+0530][132.102s][debug][gc,remset         ] GC(424) Coarsening (all): Inline->AoC 262 (0) AoC->Howl 221 (0) Howl->Full 0 (0) Inline->AoC 551 (0) AoC->BitMap 471 (0) BitMap->Full 0 (0) 
[2024-10-26T03:19:29.378+0530][132.102s][info ][gc,heap           ] GC(424) Eden regions: 0->0(0)
[2024-10-26T03:19:29.378+0530][132.102s][info ][gc,heap           ] GC(424) Survivor regions: 0->0(0)
[2024-10-26T03:19:29.378+0530][132.102s][info ][gc,heap           ] GC(424) Old regions: 14->14
[2024-10-26T03:19:29.378+0530][132.102s][info ][gc,heap           ] GC(424) Humongous regions: 2034->2034
[2024-10-26T03:19:29.378+0530][132.102s][info ][gc,metaspace      ] GC(424) Metaspace: 38207K(38720K)->38207K(38720K) NonClass: 33329K(33600K)->33329K(33600K) Class: 4877K(5120K)->4877K(5120K)
[2024-10-26T03:19:29.378+0530][132.102s][debug][gc,heap           ] GC(424) Heap after GC invocations=378 (full 195):
[2024-10-26T03:19:29.378+0530][132.102s][debug][gc,heap           ] GC(424)  garbage-first heap   total reserved 2097152K, committed 2097152K, used 2096783K [0x0000000080000000, 0x0000000100000000)
[2024-10-26T03:19:29.378+0530][132.102s][debug][gc,heap           ] GC(424)   region size 1024K, 0 young (0K), 0 survivors (0K)
[2024-10-26T03:19:29.378+0530][132.102s][debug][gc,heap           ] GC(424)  Metaspace       used 38207K, committed 38720K, reserved 1114112K
[2024-10-26T03:19:29.378+0530][132.102s][debug][gc,heap           ] GC(424)   class space    used 4877K, committed 5120K, reserved 1048576K
[2024-10-26T03:19:29.378+0530][132.102s][info ][gc                ] GC(424) Pause Young (Concurrent Start) (G1 Humongous Allocation) 2047M->2047M(2048M) 16.871ms
[2024-10-26T03:19:29.378+0530][132.103s][info ][gc,cpu            ] GC(424) User=0.00s Sys=0.00s Real=0.02s
[2024-10-26T03:19:29.378+0530][132.103s][debug][gc,task,start     ] G1 Service Thread (Card Set Free Memory Task) (run 1.494ms after schedule)
[2024-10-26T03:19:29.378+0530][132.103s][info ][gc                ] GC(425) Concurrent Mark Cycle
[2024-10-26T03:19:29.378+0530][132.103s][debug][gc,refine         ] Concurrent refinement: wanted 0, cards: 0, predicted: 0, time: 0.00ms
[2024-10-26T03:19:29.378+0530][132.103s][debug][gc,task           ] G1 Service Thread (Card Set Free Memory Task) (run: 0.055ms) (cpu: 0.000ms)
[2024-10-26T03:19:29.378+0530][132.103s][info ][gc,marking        ] GC(425) Concurrent Scan Root Regions
[2024-10-26T03:19:29.378+0530][132.103s][info ][gc,marking        ] GC(425) Concurrent Scan Root Regions 0.049ms
[2024-10-26T03:19:29.378+0530][132.103s][info ][gc,marking        ] GC(425) Concurrent Mark
[2024-10-26T03:19:29.378+0530][132.103s][info ][gc,marking        ] GC(425) Concurrent Mark From Roots
[2024-10-26T03:19:29.378+0530][132.103s][info ][gc,start          ] GC(426) Pause Young (Normal) (G1 Humongous Allocation)
[2024-10-26T03:19:29.378+0530][132.103s][info ][gc,task           ] GC(425) Using 3 workers of 3 for marking
[2024-10-26T03:19:29.378+0530][132.103s][debug][gc,heap           ] GC(426) Heap before GC invocations=378 (full 195):
[2024-10-26T03:19:29.378+0530][132.103s][debug][gc,heap           ] GC(426)  garbage-first heap   total reserved 2097152K, committed 2097152K, used 2096783K [0x0000000080000000, 0x0000000100000000)
[2024-10-26T03:19:29.378+0530][132.103s][debug][gc,heap           ] GC(426)   region size 1024K, 0 young (0K), 0 survivors (0K)
[2024-10-26T03:19:29.378+0530][132.103s][debug][gc,heap           ] GC(426)  Metaspace       used 38207K, committed 38720K, reserved 1114112K
[2024-10-26T03:19:29.378+0530][132.103s][debug][gc,heap           ] GC(426)   class space    used 4877K, committed 5120K, reserved 1048576K
[2024-10-26T03:19:29.378+0530][132.103s][info ][gc,task           ] GC(426) Using 13 workers of 13 for evacuation
[2024-10-26T03:19:29.379+0530][132.103s][debug][gc,age            ] GC(426) Desired survivor size 0 bytes, new threshold 15 (max threshold 15)
[2024-10-26T03:19:29.379+0530][132.103s][debug][gc,refine,stats   ] GC(426) Mutator refinement: 0.00ms, refined: 0, precleaned: 0, dirtied: 0
[2024-10-26T03:19:29.379+0530][132.103s][debug][gc,refine,stats   ] GC(426) Concurrent refinement: 0.00ms, refined: 0, precleaned: 0, dirtied: 0
[2024-10-26T03:19:29.379+0530][132.103s][debug][gc,refine,stats   ] GC(426) Total refinement: 0.00ms, refined: 0, precleaned: 0, dirtied: 0
[2024-10-26T03:19:29.379+0530][132.103s][debug][gc,refine,stats   ] GC(426) Generate dirty cards rate: 0.00 cards/ms
[2024-10-26T03:19:29.379+0530][132.103s][debug][gc,alloc,region   ] GC(426) Mutator Allocation stats, regions: 0, wasted size: 0B ( 0.0%)
[2024-10-26T03:19:29.379+0530][132.103s][debug][gc,ergo,cset      ] GC(426) No candidates to reclaim.
[2024-10-26T03:19:29.379+0530][132.103s][debug][gc,humongous      ] GC(426) Humongous region 14 (object size 1048592 @ 0x0000000080e00000) remset 0 code roots 0 marked 0 pinned count 0 reclaim candidate 0 type array 1
[2024-10-26T03:19:29.379+0530][132.103s][debug][gc,humongous      ] GC(426) Humongous region 16 (object size 1048592 @ 0x0000000081000000) remset 0 code roots 0 marked 0 pinned count 0 reclaim candidate 0 type array 1
[2024-10-26T03:19:29.379+0530][132.103s][debug][gc,humongous      ] GC(426) Humongous region 18 (object size 1048592 @ 0x0000000081200000) remset 0 code roots 0 marked 0 pinned count 0 reclaim candidate 0 type array 1
[2024-10-26T03:19:29.379+0530][132.103s][debug][gc,humongous      ] GC(426) Humongous region 158 (object size 1048592 @ 0x0000000089e00000) remset 0 code roots 0 marked 0 pinned count 0 reclaim candidate 0 type array 1
[2024-10-26T03:19:29.379+0530][132.103s][debug][gc,humongous      ] GC(426) Humongous region 316 (object size 1048592 @ 0x0000000093c00000) remset 0 code roots 0 marked 0 pinned count 0 reclaim candidate 0 type array 1
[2024-10-26T03:19:29.379+0530][132.103s][debug][gc,humongous      ] GC(426) Humongous region 630 (object size 1048592 @ 0x00000000a7600000) remset 0 code roots 0 marked 0 pinned count 0 reclaim candidate 0 type array 1
[2024-10-26T03:19:29.379+0530][132.103s][debug][gc,humongous      ] GC(426) Humongous region 472 (object size 1048592 @ 0x000000009d800000) remset 0 code roots 0 marked 0 pinned count 0 reclaim candidate 0 type array 1
[2024-10-26T03:19:29.379+0530][132.103s][debug][gc,humongous      ] GC(426) Humongous region 20 (object size 1048592 @ 0x0000000081400000) remset 0 code roots 0 marked 0 pinned count 0 reclaim candidate 0 type array 1
[2024-10-26T03:19:29.379+0530][132.103s][debug][gc,humongous      ] GC(426) Humongous region 946 (object size 1048592 @ 0x00000000bb200000) remset 0 code roots 0 marked 0 pinned count 0 reclaim candidate 0 type array 1
[2024-10-26T03:19:29.379+0530][132.103s][debug][gc,humongous      ] GC(426) Humongous region 788 (object size 1048592 @ 0x00000000b1400000) remset 0 code roots 0 marked 0 pinned count 0 reclaim candidate 0 type array 1
[2024-10-26T03:19:29.379+0530][132.103s][debug][gc,humongous      ] GC(426) Humongous region 1102 (object size 1048592 @ 0x00000000c4e00000) remset 0 code roots 0 marked 0 pinned count 0 reclaim candidate 0 type array 1
[2024-10-26T03:19:29.379+0530][132.103s][debug][gc,humongous      ] GC(426) Humongous region 1260 (object size 1048592 @ 0x00000000cec00000) remset 0 code roots 0 marked 0 pinned count 0 reclaim candidate 0 type array 1
[2024-10-26T03:19:29.379+0530][132.103s][debug][gc,humongous      ] GC(426) Humongous region 1418 (object size 1048592 @ 0x00000000d8a00000) remset 0 code roots 0 marked 0 pinned count 0 reclaim candidate 0 type array 1
[2024-10-26T03:19:29.379+0530][132.103s][debug][gc,humongous      ] GC(426) Humongous region 1576 (object size 1048592 @ 0x00000000e2800000) remset 0 code roots 0 marked 0 pinned count 0 reclaim candidate 0 type array 1
[2024-10-26T03:19:29.379+0530][132.103s][debug][gc,humongous      ] GC(426) Humongous region 1732 (object size 1048592 @ 0x00000000ec400000) remset 0 code roots 0 marked 0 pinned count 0 reclaim candidate 0 type array 1
[2024-10-26T03:19:29.379+0530][132.103s][debug][gc,humongous      ] GC(426) Humongous region 1890 (object size 1048592 @ 0x00000000f6200000) remset 0 code roots 0 marked 0 pinned count 0 reclaim candidate 0 type array 1
[2024-10-26T03:19:29.379+0530][132.103s][debug][gc,humongous      ] GC(426) Humongous region 160 (object size 1048592 @ 0x000000008a000000) remset 0 code roots 0 marked 0 pinned count 0 reclaim candidate 0 type array 1
[2024-10-26T03:19:29.379+0530][132.103s][debug][gc,humongous      ] GC(426) Humongous region 318 (object size 1048592 @ 0x0000000093e00000) remset 0 code roots 0 marked 0 pinned count 0 reclaim candidate 0 type array 1
[2024-10-26T03:19:29.379+0530][132.103s][debug][gc,humongous      ] GC(426) Humongous region 632 (object size 1048592 @ 0x00000000a7800000) remset 0 code roots 0 marked 0 pinned count 0 reclaim candidate 0 type array 1
[2024-10-26T03:19:29.379+0530][132.103s][debug][gc,humongous      ] GC(426) Humongous region 474 (object size 1048592 @ 0x000000009da00000) remset 0 code roots 0 marked 0 pinned count 0 reclaim candidate 0 type array 1
[2024-10-26T03:19:29.379+0530][132.103s][debug][gc,humongous      ] GC(426) Humongous region 22 (object size 1048592 @ 0x0000000081600000) remset 0 code roots 0 marked 0 pinned count 0 reclaim candidate 0 type array 1
[2024-10-26T03:19:29.379+0530][132.103s][debug][gc,humongous      ] GC(426) Humongous region 948 (object size 1048592 @ 0x00000000bb400000) remset 0 code roots 0 marked 0 pinned count 0 reclaim candidate 0 type array 1
[2024-10-26T03:19:29.379+0530][132.103s][debug][gc,humongous      ] GC(426) Humongous region 790 (object size 1048592 @ 0x00000000b1600000) remset 0 code roots 0 marked 0 pinned count 0 reclaim candidate 0 type array 1
[2024-10-26T03:19:29.379+0530][132.103s][debug][gc,humongous      ] GC(426) Humongous region 1104 (object size 1048592 @ 0x00000000c5000000) remset 0 code roots 0 marked 0 pinned count 0 reclaim candidate 0 type array 1
[2024-10-26T03:19:29.379+0530][132.103s][debug][gc,humongous      ] GC(426) Humongous region 1262 (object size 1048592 @ 0x00000000cee00000) remset 0 code roots 0 marked 0 pinned count 0 reclaim candidate 0 type array 1
[2024-10-26T03:19:29.379+0530][132.103s][debug][gc,humongous      ] GC(426) Humongous region 1420 (object size 1048592 @ 0x00000000d8c00000) remset 0 code roots 0 marked 0 pinned count 0 reclaim candidate 0 type array 1
[2024-10-26T03:19:29.379+0530][132.103s][debug][gc,humongous      ] GC(426) Humongous region 1578 (object size 1048592 @ 0x00000000e2a00000) remset 0 code roots 0 marked 0 pinned count 0 reclaim candidate 0 type array 1
[2024-10-26T03:19:29.379+0530][132.103s][debug][gc,humongous      ] GC(426) Humongous region 1734 (object size 1048592 @ 0x00000000ec600000) remset 0 code roots 0 marked 0 pinned count 0 reclaim candidate 0 type array 1
[2024-10-26T03:19:29.379+0530][132.103s][debug][gc,humongous      ] GC(426) Humongous region 1892 (object size 1048592 @ 0x00000000f6400000) remset 0 code roots 0 marked 0 pinned count 0 reclaim candidate 0 type array 1
[2024-10-26T03:19:29.379+0530][132.103s][debug][gc,humongous      ] GC(426) Humongous region 162 (object size 1048592 @ 0x000000008a200000) remset 0 code roots 0 marked 0 pinned count 0 reclaim candidate 0 type array 1
[2024-10-26T03:19:29.379+0530][132.103s][debug][gc,humongous      ] GC(426) Humongous region 320 (object size 1048592 @ 0x0000000094000000) remset 0 code roots 0 marked 0 pinned count 0 reclaim candidate 0 type array 1
[2024-10-26T03:19:29.379+0530][132.103s][debug][gc,humongous      ] GC(426) Humongous region 634 (object size 1048592 @ 0x00000000a7a00000) remset 0 code roots 0 marked 0 pinned count 0 reclaim candidate 0 type array 1
[2024-10-26T03:19:29.379+0530][132.103s][debug][gc,humongous      ] GC(426) Humongous region 476 (object size 1048592 @ 0x000000009dc00000) remset 0 code roots 0 marked 0 pinned count 0 reclaim candidate 0 type array 1
[2024-10-26T03:19:29.379+0530][132.103s][debug][gc,humongous      ] GC(426) Humongous region 24 (object size 1048592 @ 0x0000000081800000) remset 0 code roots 0 marked 0 pinned count 0 reclaim candidate 0 type array 1
[2024-10-26T03:19:29.379+0530][132.103s][debug][gc,humongous      ] GC(426) Humongous region 950 (object size 1048592 @ 0x00000000bb600000) remset 0 code roots 0 marked 0 pinned count 0 reclaim candidate 0 type array 1
[2024-10-26T03:19:29.379+0530][132.103s][debug][gc,humongous      ] GC(426) Humongous region 792 (object size 1048592 @ 0x00000000b1800000) remset 0 code roots 0 marked 0 pinned count 0 reclaim candidate 0 type array 1
[2024-10-26T03:19:29.379+0530][132.103s][debug][gc,humongous      ] GC(426) Humongous region 1106 (object size 1048592 @ 0x00000000c5200000) remset 0 code roots 0 marked 0 pinned count 0 reclaim candidate 0 type array 1
[2024-10-26T03:19:29.379+0530][132.103s][debug][gc,humongous      ] GC(426) Humongous region 1264 (object size 1048592 @ 0x00000000cf000000) remset 0 code roots 0 marked 0 pinned count 0 reclaim candidate 0 type array 1
[2024-10-26T03:19:29.379+0530][132.103s][debug][gc,humongous      ] GC(426) Humongous region 1422 (object size 1048592 @ 0x00000000d8e00000) remset 0 code roots 0 marked 0 pinned count 0 reclaim candidate 0 type array 1
[2024-10-26T03:19:29.379+0530][132.103s][debug][gc,humongous      ] GC(426) Humongous region 1580 (object size 1048592 @ 0x00000000e2c00000) remset 0 code roots 0 marked 0 pinned count 0 reclaim candidate 0 type array 1
[2024-10-26T03:19:29.379+0530][132.103s][debug][gc,humongous      ] GC(426) Humongous region 1736 (object size 1048592 @ 0x00000000ec800000) remset 0 code roots 0 marked 0 pinned count 0 reclaim candidate 0 type array 1
[2024-10-26T03:19:29.379+0530][132.103s][debug][gc,humongous      ] GC(426) Humongous region 1894 (object size 1048592 @ 0x00000000f6600000) remset 0 code roots 0 marked 0 pinned count 0 reclaim candidate 0 type array 1
[2024-10-26T03:19:29.379+0530][132.103s][debug][gc,humongous      ] GC(426) Humongous region 164 (object size 1048592 @ 0x000000008a400000) remset 0 code roots 0 marked 0 pinned count 0 reclaim candidate 0 type array 1
[2024-10-26T03:19:29.379+0530][132.104s][debug][gc,humongous      ] GC(426) Humongous region 322 (object size 1048592 @ 0x0000000094200000) remset 0 code roots 0 marked 0 pinned count 0 reclaim candidate 0 type array 1
[2024-10-26T03:19:29.379+0530][132.104s][debug][gc,humongous      ] GC(426) Humongous region 636 (object size 1048592 @ 0x00000000a7c00000) remset 0 code roots 0 marked 0 pinned count 0 reclaim candidate 0 type array 1
[2024-10-26T03:19:29.379+0530][132.104s][debug][gc,humongous      ] GC(426) Humongous region 478 (object size 1048592 @ 0x000000009de00000) remset 0 code roots 0 marked 0 pinned count 0 reclaim candidate 0 type array 1
[2024-10-26T03:19:29.379+0530][132.104s][debug][gc,humongous      ] GC(426) Humongous region 26 (object size 1048592 @ 0x0000000081a00000) remset 0 code roots 0 marked 0 pinned count 0 reclaim candidate 0 type array 1
[2024-10-26T03:19:29.379+0530][132.104s][debug][gc,humongous      ] GC(426) Humongous region 952 (object size 1048592 @ 0x00000000bb800000) remset 0 code roots 0 marked 0 pinned count 0 reclaim candidate 0 type array 1
[2024-10-26T03:19:29.379+0530][132.104s][debug][gc,humongous      ] GC(426) Humongous region 794 (object size 1048592 @ 0x00000000b1a00000) remset 0 code roots 0 marked 0 pinned count 0 reclaim candidate 0 type array 1
[2024-10-26T03:19:29.379+0530][132.104s][debug][gc,humongous      ] GC(426) Humongous region 1108 (object size 1048592 @ 0x00000000c5400000) remset 0 code roots 0 marked 0 pinned count 0 reclaim candidate 0 type array 1
[2024-10-26T03:19:29.379+0530][132.104s][debug][gc,humongous      ] GC(426) Humongous region 1266 (object size 1048592 @ 0x00000000cf200000) remset 0 code roots 0 marked 0 pinned count 0 reclaim candidate 0 type array 1
[2024-10-26T03:19:29.379+0530][132.104s][debug][gc,humongous      ] GC(426) Humongous region 1424 (object size 1048592 @ 0x00000000d9000000) remset 0 code roots 0 marked 0 pinned count 0 reclaim candidate 0 type array 1
[2024-10-26T03:19:29.379+0530][132.104s][debug][gc,humongous      ] GC(426) Humongous region 1582 (object size 1048592 @ 0x00000000e2e00000) remset 0 code roots 0 marked 0 pinned count 0 reclaim candidate 0 type array 1
[2024-10-26T03:19:29.379+0530][132.104s][debug][gc,humongous      ] GC(426) Humongous region 1738 (object size 1048592 @ 0x00000000eca00000) remset 0 code roots 0 marked 0 pinned count 0 reclaim candidate 0 type array 1
[2024-10-26T03:19:29.379+0530][132.104s][debug][gc,humongous      ] GC(426) Humongous region 1896 (object size 1048592 @ 0x00000000f6800000) remset 0 code roots 0 marked 0 pinned count 0 reclaim candidate 0 type array 1
[2024-10-26T03:19:29.379+0530][132.104s][debug][gc,humongous      ] GC(426) Humongous region 166 (object size 1048592 @ 0x000000008a600000) remset 0 code roots 0 marked 0 pinned count 0 reclaim candidate 0 type array 1
[2024-10-26T03:19:29.379+0530][132.104s][debug][gc,humongous      ] GC(426) Humongous region 324 (object size 1048592 @ 0x0000000094400000) remset 0 code roots 0 marked 0 pinned count 0 reclaim candidate 0 type array 1
[2024-10-26T03:19:29.379+0530][132.104s][debug][gc,humongous      ] GC(426) Humongous region 638 (object size 1048592 @ 0x00000000a7e00000) remset 0 code roots 0 marked 0 pinned count 0 reclaim candidate 0 type array 1
[2024-10-26T03:19:29.379+0530][132.104s][debug][gc,humongous      ] GC(426) Humongous region 480 (object size 1048592 @ 0x000000009e000000) remset 0 code roots 0 marked 0 pinned count 0 reclaim candidate 0 type array 1
[2024-10-26T03:19:29.379+0530][132.104s][debug][gc,humongous      ] GC(426) Humongous region 28 (object size 1048592 @ 0x0000000081c00000) remset 0 code roots 0 marked 0 pinned count 0 reclaim candidate 0 type array 1
[2024-10-26T03:19:29.379+0530][132.104s][debug][gc,humongous      ] GC(426) Humongous region 954 (object size 1048592 @ 0x00000000bba00000) remset 0 code roots 0 marked 0 pinned count 0 reclaim candidate 0 type array 1
[2024-10-26T03:19:29.379+0530][132.104s][debug][gc,humongous      ] GC(426) Humongous region 796 (object size 1048592 @ 0x00000000b1c00000) remset 0 code roots 0 marked 0 pinned count 0 reclaim candidate 0 type array 1
[2024-10-26T03:19:29.379+0530][132.104s][debug][gc,humongous      ] GC(426) Humongous region 1110 (object size 1048592 @ 0x00000000c5600000) remset 0 code roots 0 marked 0 pinned count 0 reclaim candidate 0 type array 1
[2024-10-26T03:19:29.379+0530][132.104s][debug][gc,humongous      ] GC(426) Humongous region 1268 (object size 1048592 @ 0x00000000cf400000) remset 0 code roots 0 marked 0 pinned count 0 reclaim candidate 0 type array 1
[2024-10-26T03:19:29.379+0530][132.104s][debug][gc,humongous      ] GC(426) Humongous region 1426 (object size 1048592 @ 0x00000000d9200000) remset 0 code roots 0 marked 0 pinned count 0 reclaim candidate 0 type array 1
[2024-10-26T03:19:29.379+0530][132.104s][debug][gc,humongous      ] GC(426) Humongous region 1584 (object size 1048592 @ 0x00000000e3000000) remset 0 code roots 0 marked 0 pinned count 0 reclaim candidate 0 type array 1
[2024-10-26T03:19:29.379+0530][132.104s][debug][gc,humongous      ] GC(426) Humongous region 1740 (object size 1048592 @ 0x00000000ecc00000) remset 0 code roots 0 marked 0 pinned count 0 reclaim candidate 0 type array 1
[2024-10-26T03:19:29.379+0530][132.104s][debug][gc,humongous      ] GC(426) Humongous region 1898 (object size 1048592 @ 0x00000000f6a00000) remset 0 code roots 0 marked 0 pinned count 0 reclaim candidate 0 type array 1
[2024-10-26T03:19:29.379+0530][132.104s][debug][gc,humongous      ] GC(426) Humongous region 168 (object size 1048592 @ 0x000000008a800000) remset 0 code roots 0 marked 0 pinned count 0 reclaim candidate 0 type array 1
[2024-10-26T03:19:29.379+0530][132.104s][debug][gc,humongous      ] GC(426) Humongous region 326 (object size 1048592 @ 0x0000000094600000) remset 0 code roots 0 marked 0 pinned count 0 reclaim candidate 0 type array 1
[2024-10-26T03:19:29.379+0530][132.104s][debug][gc,humongous      ] GC(426) Humongous region 640 (object size 1048592 @ 0x00000000a8000000) remset 0 code roots 0 marked 0 pinned count 0 reclaim candidate 0 type array 1
[2024-10-26T03:19:29.379+0530][132.104s][debug][gc,humongous      ] GC(426) Humongous region 482 (object size 1048592 @ 0x000000009e200000) remset 0 code roots 0 marked 0 pinned count 0 reclaim candidate 0 type array 1
[2024-10-26T03:19:29.379+0530][132.104s][debug][gc,humongous      ] GC(426) Humongous region 30 (object size 1048592 @ 0x0000000081e00000) remset 0 code roots 0 marked 0 pinned count 0 reclaim candidate 0 type array 1
[2024-10-26T03:19:29.379+0530][132.104s][debug][gc,humongous      ] GC(426) Humongous region 956 (object size 1048592 @ 0x00000000bbc00000) remset 0 code roots 0 marked 0 pinned count 0 reclaim candidate 0 type array 1
[2024-10-26T03:19:29.379+0530][132.104s][debug][gc,humongous      ] GC(426) Humongous region 798 (object size 1048592 @ 0x00000000b1e00000) remset 0 code roots 0 marked 0 pinned count 0 reclaim candidate 0 type array 1
[2024-10-26T03:19:29.379+0530][132.104s][debug][gc,humongous      ] GC(426) Humongous region 1112 (object size 1048592 @ 0x00000000c5800000) remset 0 code roots 0 marked 0 pinned count 0 reclaim candidate 0 type array 1
[2024-10-26T03:19:29.379+0530][132.104s][debug][gc,humongous      ] GC(426) Humongous region 1270 (object size 1048592 @ 0x00000000cf600000) remset 0 code roots 0 marked 0 pinned count 0 reclaim candidate 0 type array 1
[2024-10-26T03:19:29.379+0530][132.104s][debug][gc,humongous      ] GC(426) Humongous region 1428 (object size 1048592 @ 0x00000000d9400000) remset 0 code roots 0 marked 0 pinned count 0 reclaim candidate 0 type array 1
[2024-10-26T03:19:29.379+0530][132.104s][debug][gc,humongous      ] GC(426) Humongous region 1586 (object size 1048592 @ 0x00000000e3200000) remset 0 code roots 0 marked 0 pinned count 0 reclaim candidate 0 type array 1
[2024-10-26T03:19:29.380+0530][132.104s][debug][gc,humongous      ] GC(426) Humongous region 1742 (object size 1048592 @ 0x00000000ece00000) remset 0 code roots 0 marked 0 pinned count 0 reclaim candidate 0 type array 1
[2024-10-26T03:19:29.380+0530][132.104s][debug][gc,humongous      ] GC(426) Humongous region 1900 (object size 1048592 @ 0x00000000f6c00000) remset 0 code roots 0 marked 0 pinned count 0 reclaim candidate 0 type array 1
[2024-10-26T03:19:29.380+0530][132.104s][debug][gc,humongous      ] GC(426) Humongous region 170 (object size 1048592 @ 0x000000008aa00000) remset 0 code roots 0 marked 0 pinned count 0 reclaim candidate 0 type array 1
[2024-10-26T03:19:29.380+0530][132.104s][debug][gc,humongous      ] GC(426) Humongous region 328 (object size 1048592 @ 0x0000000094800000) remset 0 code roots 0 marked 0 pinned count 0 reclaim candidate 0 type array 1
[2024-10-26T03:19:29.380+0530][132.104s][debug][gc,humongous      ] GC(426) Humongous region 642 (object size 1048592 @ 0x00000000a8200000) remset 0 code roots 0 marked 0 pinned count 0 reclaim candidate 0 type array 1
[2024-10-26T03:19:29.380+0530][132.104s][debug][gc,humongous      ] GC(426) Humongous region 484 (object size 1048592 @ 0x000000009e400000) remset 0 code roots 0 marked 0 pinned count 0 reclaim candidate 0 type array 1
[2024-10-26T03:19:29.380+0530][132.104s][debug][gc,humongous      ] GC(426) Humongous region 32 (object size 1048592 @ 0x0000000082000000) remset 0 code roots 0 marked 0 pinned count 0 reclaim candidate 0 type array 1
[2024-10-26T03:19:29.380+0530][132.104s][debug][gc,humongous      ] GC(426) Humongous region 958 (object size 1048592 @ 0x00000000bbe00000) remset 0 code roots 0 marked 0 pinned count 0 reclaim candidate 0 type array 1
[2024-10-26T03:19:29.380+0530][132.104s][debug][gc,humongous      ] GC(426) Humongous region 800 (object size 1048592 @ 0x00000000b2000000) remset 0 code roots 0 marked 0 pinned count 0 reclaim candidate 0 type array 1
[2024-10-26T03:19:29.380+0530][132.104s][debug][gc,humongous      ] GC(426) Humongous region 1114 (object size 1048592 @ 0x00000000c5a00000) remset 0 code roots 0 marked 0 pinned count 0 reclaim candidate 0 type array 1
[2024-10-26T03:19:29.380+0530][132.104s][debug][gc,humongous      ] GC(426) Humongous region 1272 (object size 1048592 @ 0x00000000cf800000) remset 0 code roots 0 marked 0 pinned count 0 reclaim candidate 0 type array 1
[2024-10-26T03:19:29.380+0530][132.104s][debug][gc,humongous      ] GC(426) Humongous region 1430 (object size 1048592 @ 0x00000000d9600000) remset 0 code roots 0 marked 0 pinned count 0 reclaim candidate 0 type array 1
[2024-10-26T03:19:29.380+0530][132.104s][debug][gc,humongous      ] GC(426) Humongous region 1588 (object size 1048592 @ 0x00000000e3400000) remset 0 code roots 0 marked 0 pinned count 0 reclaim candidate 0 type array 1
[2024-10-26T03:19:29.380+0530][132.104s][debug][gc,humongous      ] GC(426) Humongous region 1744 (object size 1048592 @ 0x00000000ed000000) remset 0 code roots 0 marked 0 pinned count 0 reclaim candidate 0 type array 1
[2024-10-26T03:19:29.380+0530][132.104s][debug][gc,humongous      ] GC(426) Humongous region 1902 (object size 1048592 @ 0x00000000f6e00000) remset 0 code roots 0 marked 0 pinned count 0 reclaim candidate 0 type array 1
[2024-10-26T03:19:29.380+0530][132.104s][debug][gc,humongous      ] GC(426) Humongous region 172 (object size 1048592 @ 0x000000008ac00000) remset 0 code roots 0 marked 0 pinned count 0 reclaim candidate 0 type array 1
[2024-10-26T03:19:29.380+0530][132.104s][debug][gc,humongous      ] GC(426) Humongous region 330 (object size 1048592 @ 0x0000000094a00000) remset 0 code roots 0 marked 0 pinned count 0 reclaim candidate 0 type array 1
[2024-10-26T03:19:29.380+0530][132.104s][debug][gc,humongous      ] GC(426) Humongous region 644 (object size 1048592 @ 0x00000000a8400000) remset 0 code roots 0 marked 0 pinned count 0 reclaim candidate 0 type array 1
[2024-10-26T03:19:29.380+0530][132.104s][debug][gc,humongous      ] GC(426) Humongous region 486 (object size 1048592 @ 0x000000009e600000) remset 0 code roots 0 marked 0 pinned count 0 reclaim candidate 0 type array 1
[2024-10-26T03:19:29.380+0530][132.104s][debug][gc,humongous      ] GC(426) Humongous region 34 (object size 1048592 @ 0x0000000082200000) remset 0 code roots 0 marked 0 pinned count 0 reclaim candidate 0 type array 1
[2024-10-26T03:19:29.380+0530][132.104s][debug][gc,humongous      ] GC(426) Humongous region 960 (object size 1048592 @ 0x00000000bc000000) remset 0 code roots 0 marked 0 pinned count 0 reclaim candidate 0 type array 1
[2024-10-26T03:19:29.380+0530][132.104s][debug][gc,humongous      ] GC(426) Humongous region 802 (object size 1048592 @ 0x00000000b2200000) remset 0 code roots 0 marked 0 pinned count 0 reclaim candidate 0 type array 1
[2024-10-26T03:19:29.380+0530][132.104s][debug][gc,humongous      ] GC(426) Humongous region 1116 (object size 1048592 @ 0x00000000c5c00000) remset 0 code roots 0 marked 0 pinned count 0 reclaim candidate 0 type array 1
[2024-10-26T03:19:29.380+0530][132.104s][debug][gc,humongous      ] GC(426) Humongous region 1274 (object size 1048592 @ 0x00000000cfa00000) remset 0 code roots 0 marked 0 pinned count 0 reclaim candidate 0 type array 1
[2024-10-26T03:19:29.380+0530][132.104s][debug][gc,humongous      ] GC(426) Humongous region 1432 (object size 1048592 @ 0x00000000d9800000) remset 0 code roots 0 marked 0 pinned count 0 reclaim candidate 0 type array 1
[2024-10-26T03:19:29.380+0530][132.104s][debug][gc,humongous      ] GC(426) Humongous region 1590 (object size 1048592 @ 0x00000000e3600000) remset 0 code roots 0 marked 0 pinned count 0 reclaim candidate 0 type array 1
[2024-10-26T03:19:29.380+0530][132.104s][debug][gc,humongous      ] GC(426) Humongous region 1746 (object size 1048592 @ 0x00000000ed200000) remset 0 code roots 0 marked 0 pinned count 0 reclaim candidate 0 type array 1
[2024-10-26T03:19:29.380+0530][132.104s][debug][gc,humongous      ] GC(426) Humongous region 1904 (object size 1048592 @ 0x00000000f7000000) remset 0 code roots 0 marked 0 pinned count 0 reclaim candidate 0 type array 1
[2024-10-26T03:19:29.380+0530][132.104s][debug][gc,humongous      ] GC(426) Humongous region 174 (object size 1048592 @ 0x000000008ae00000) remset 0 code roots 0 marked 0 pinned count 0 reclaim candidate 0 type array 1
[2024-10-26T03:19:29.380+0530][132.104s][debug][gc,humongous      ] GC(426) Humongous region 332 (object size 1048592 @ 0x0000000094c00000) remset 0 code roots 0 marked 0 pinned count 0 reclaim candidate 0 type array 1
[2024-10-26T03:19:29.380+0530][132.104s][debug][gc,humongous      ] GC(426) Humongous region 646 (object size 1048592 @ 0x00000000a8600000) remset 0 code roots 0 marked 0 pinned count 0 reclaim candidate 0 type array 1
[2024-10-26T03:19:29.380+0530][132.104s][debug][gc,humongous      ] GC(426) Humongous region 488 (object size 1048592 @ 0x000000009e800000) remset 0 code roots 0 marked 0 pinned count 0 reclaim candidate 0 type array 1
[2024-10-26T03:19:29.380+0530][132.104s][debug][gc,humongous      ] GC(426) Humongous region 36 (object size 1048592 @ 0x0000000082400000) remset 0 code roots 0 marked 0 pinned count 0 reclaim candidate 0 type array 1
[2024-10-26T03:19:29.380+0530][132.104s][debug][gc,humongous      ] GC(426) Humongous region 962 (object size 1048592 @ 0x00000000bc200000) remset 0 code roots 0 marked 0 pinned count 0 reclaim candidate 0 type array 1
[2024-10-26T03:19:29.380+0530][132.104s][debug][gc,humongous      ] GC(426) Humongous region 804 (object size 1048592 @ 0x00000000b2400000) remset 0 code roots 0 marked 0 pinned count 0 reclaim candidate 0 type array 1
[2024-10-26T03:19:29.380+0530][132.104s][debug][gc,humongous      ] GC(426) Humongous region 1118 (object size 1048592 @ 0x00000000c5e00000) remset 0 code roots 0 marked 0 pinned count 0 reclaim candidate 0 type array 1
[2024-10-26T03:19:29.380+0530][132.104s][debug][gc,humongous      ] GC(426) Humongous region 1276 (object size 1048592 @ 0x00000000cfc00000) remset 0 code roots 0 marked 0 pinned count 0 reclaim candidate 0 type array 1
[2024-10-26T03:19:29.380+0530][132.104s][debug][gc,humongous      ] GC(426) Humongous region 1434 (object size 1048592 @ 0x00000000d9a00000) remset 0 code roots 0 marked 0 pinned count 0 reclaim candidate 0 type array 1
[2024-10-26T03:19:29.380+0530][132.104s][debug][gc,humongous      ] GC(426) Humongous region 1592 (object size 1048592 @ 0x00000000e3800000) remset 0 code roots 0 marked 0 pinned count 0 reclaim candidate 0 type array 1
[2024-10-26T03:19:29.380+0530][132.104s][debug][gc,humongous      ] GC(426) Humongous region 1748 (object size 1048592 @ 0x00000000ed400000) remset 0 code roots 0 marked 0 pinned count 0 reclaim candidate 0 type array 1
[2024-10-26T03:19:29.380+0530][132.104s][debug][gc,humongous      ] GC(426) Humongous region 1906 (object size 1048592 @ 0x00000000f7200000) remset 0 code roots 0 marked 0 pinned count 0 reclaim candidate 0 type array 1
[2024-10-26T03:19:29.380+0530][132.104s][debug][gc,humongous      ] GC(426) Humongous region 176 (object size 1048592 @ 0x000000008b000000) remset 0 code roots 0 marked 0 pinned count 0 reclaim candidate 0 type array 1
[2024-10-26T03:19:29.380+0530][132.104s][debug][gc,humongous      ] GC(426) Humongous region 334 (object size 1048592 @ 0x0000000094e00000) remset 0 code roots 0 marked 0 pinned count 0 reclaim candidate 0 type array 1
[2024-10-26T03:19:29.380+0530][132.105s][debug][gc,humongous      ] GC(426) Humongous region 648 (object size 1048592 @ 0x00000000a8800000) remset 0 code roots 0 marked 0 pinned count 0 reclaim candidate 0 type array 1
[2024-10-26T03:19:29.380+0530][132.105s][debug][gc,humongous      ] GC(426) Humongous region 490 (object size 1048592 @ 0x000000009ea00000) remset 0 code roots 0 marked 0 pinned count 0 reclaim candidate 0 type array 1
[2024-10-26T03:19:29.380+0530][132.105s][debug][gc,humongous      ] GC(426) Humongous region 38 (object size 1048592 @ 0x0000000082600000) remset 0 code roots 0 marked 0 pinned count 0 reclaim candidate 0 type array 1
[2024-10-26T03:19:29.380+0530][132.105s][debug][gc,humongous      ] GC(426) Humongous region 964 (object size 1048592 @ 0x00000000bc400000) remset 0 code roots 0 marked 0 pinned count 0 reclaim candidate 0 type array 1
[2024-10-26T03:19:29.380+0530][132.105s][debug][gc,humongous      ] GC(426) Humongous region 806 (object size 1048592 @ 0x00000000b2600000) remset 0 code roots 0 marked 0 pinned count 0 reclaim candidate 0 type array 1
[2024-10-26T03:19:29.380+0530][132.105s][debug][gc,humongous      ] GC(426) Humongous region 1120 (object size 1048592 @ 0x00000000c6000000) remset 0 code roots 0 marked 0 pinned count 0 reclaim candidate 0 type array 1
[2024-10-26T03:19:29.380+0530][132.105s][debug][gc,humongous      ] GC(426) Humongous region 1278 (object size 1048592 @ 0x00000000cfe00000) remset 0 code roots 0 marked 0 pinned count 0 reclaim candidate 0 type array 1
[2024-10-26T03:19:29.380+0530][132.105s][debug][gc,humongous      ] GC(426) Humongous region 1436 (object size 1048592 @ 0x00000000d9c00000) remset 0 code roots 0 marked 0 pinned count 0 reclaim candidate 0 type array 1
[2024-10-26T03:19:29.380+0530][132.105s][debug][gc,humongous      ] GC(426) Humongous region 1594 (object size 1048592 @ 0x00000000e3a00000) remset 0 code roots 0 marked 0 pinned count 0 reclaim candidate 0 type array 1
[2024-10-26T03:19:29.380+0530][132.105s][debug][gc,humongous      ] GC(426) Humongous region 1750 (object size 1048592 @ 0x00000000ed600000) remset 0 code roots 0 marked 0 pinned count 0 reclaim candidate 0 type array 1
[2024-10-26T03:19:29.380+0530][132.105s][debug][gc,humongous      ] GC(426) Humongous region 1908 (object size 1048592 @ 0x00000000f7400000) remset 0 code roots 0 marked 0 pinned count 0 reclaim candidate 0 type array 1
[2024-10-26T03:19:29.380+0530][132.105s][debug][gc,humongous      ] GC(426) Humongous region 178 (object size 1048592 @ 0x000000008b200000) remset 0 code roots 0 marked 0 pinned count 0 reclaim candidate 0 type array 1
[2024-10-26T03:19:29.380+0530][132.105s][debug][gc,humongous      ] GC(426) Humongous region 336 (object size 1048592 @ 0x0000000095000000) remset 0 code roots 0 marked 0 pinned count 0 reclaim candidate 0 type array 1
[2024-10-26T03:19:29.380+0530][132.105s][debug][gc,humongous      ] GC(426) Humongous region 650 (object size 1048592 @ 0x00000000a8a00000) remset 0 code roots 0 marked 0 pinned count 0 reclaim candidate 0 type array 1
[2024-10-26T03:19:29.380+0530][132.105s][debug][gc,humongous      ] GC(426) Humongous region 492 (object size 1048592 @ 0x000000009ec00000) remset 0 code roots 0 marked 0 pinned count 0 reclaim candidate 0 type array 1
[2024-10-26T03:19:29.380+0530][132.105s][debug][gc,humongous      ] GC(426) Humongous region 40 (object size 1048592 @ 0x0000000082800000) remset 0 code roots 0 marked 0 pinned count 0 reclaim candidate 0 type array 1
[2024-10-26T03:19:29.380+0530][132.105s][debug][gc,humongous      ] GC(426) Humongous region 966 (object size 1048592 @ 0x00000000bc600000) remset 0 code roots 0 marked 0 pinned count 0 reclaim candidate 0 type array 1
[2024-10-26T03:19:29.380+0530][132.105s][debug][gc,humongous      ] GC(426) Humongous region 808 (object size 1048592 @ 0x00000000b2800000) remset 0 code roots 0 marked 0 pinned count 0 reclaim candidate 0 type array 1
[2024-10-26T03:19:29.380+0530][132.105s][debug][gc,humongous      ] GC(426) Humongous region 1122 (object size 1048592 @ 0x00000000c6200000) remset 0 code roots 0 marked 0 pinned count 0 reclaim candidate 0 type array 1
[2024-10-26T03:19:29.380+0530][132.105s][debug][gc,humongous      ] GC(426) Humongous region 1280 (object size 1048592 @ 0x00000000d0000000) remset 0 code roots 0 marked 0 pinned count 0 reclaim candidate 0 type array 1
[2024-10-26T03:19:29.380+0530][132.105s][debug][gc,humongous      ] GC(426) Humongous region 1438 (object size 1048592 @ 0x00000000d9e00000) remset 0 code roots 0 marked 0 pinned count 0 reclaim candidate 0 type array 1
[2024-10-26T03:19:29.380+0530][132.105s][debug][gc,humongous      ] GC(426) Humongous region 1596 (object size 1048592 @ 0x00000000e3c00000) remset 0 code roots 0 marked 0 pinned count 0 reclaim candidate 0 type array 1
[2024-10-26T03:19:29.380+0530][132.105s][debug][gc,humongous      ] GC(426) Humongous region 1752 (object size 1048592 @ 0x00000000ed800000) remset 0 code roots 0 marked 0 pinned count 0 reclaim candidate 0 type array 1
[2024-10-26T03:19:29.380+0530][132.105s][debug][gc,humongous      ] GC(426) Humongous region 1910 (object size 1048592 @ 0x00000000f7600000) remset 0 code roots 0 marked 0 pinned count 0 reclaim candidate 0 type array 1
[2024-10-26T03:19:29.380+0530][132.105s][debug][gc,humongous      ] GC(426) Humongous region 180 (object size 1048592 @ 0x000000008b400000) remset 0 code roots 0 marked 0 pinned count 0 reclaim candidate 0 type array 1
[2024-10-26T03:19:29.380+0530][132.105s][debug][gc,humongous      ] GC(426) Humongous region 338 (object size 1048592 @ 0x0000000095200000) remset 0 code roots 0 marked 0 pinned count 0 reclaim candidate 0 type array 1
[2024-10-26T03:19:29.380+0530][132.105s][debug][gc,humongous      ] GC(426) Humongous region 652 (object size 1048592 @ 0x00000000a8c00000) remset 0 code roots 0 marked 0 pinned count 0 reclaim candidate 0 type array 1
[2024-10-26T03:19:29.380+0530][132.105s][debug][gc,humongous      ] GC(426) Humongous region 494 (object size 1048592 @ 0x000000009ee00000) remset 0 code roots 0 marked 0 pinned count 0 reclaim candidate 0 type array 1
[2024-10-26T03:19:29.380+0530][132.105s][debug][gc,humongous      ] GC(426) Humongous region 42 (object size 1048592 @ 0x0000000082a00000) remset 0 code roots 0 marked 0 pinned count 0 reclaim candidate 0 type array 1
[2024-10-26T03:19:29.380+0530][132.105s][debug][gc,humongous      ] GC(426) Humongous region 968 (object size 1048592 @ 0x00000000bc800000) remset 0 code roots 0 marked 0 pinned count 0 reclaim candidate 0 type array 1
[2024-10-26T03:19:29.380+0530][132.105s][debug][gc,humongous      ] GC(426) Humongous region 810 (object size 1048592 @ 0x00000000b2a00000) remset 0 code roots 0 marked 0 pinned count 0 reclaim candidate 0 type array 1
[2024-10-26T03:19:29.380+0530][132.105s][debug][gc,humongous      ] GC(426) Humongous region 1124 (object size 1048592 @ 0x00000000c6400000) remset 0 code roots 0 marked 0 pinned count 0 reclaim candidate 0 type array 1
[2024-10-26T03:19:29.380+0530][132.105s][debug][gc,humongous      ] GC(426) Humongous region 1282 (object size 1048592 @ 0x00000000d0200000) remset 0 code roots 0 marked 0 pinned count 0 reclaim candidate 0 type array 1
[2024-10-26T03:19:29.380+0530][132.105s][debug][gc,humongous      ] GC(426) Humongous region 1440 (object size 1048592 @ 0x00000000da000000) remset 0 code roots 0 marked 0 pinned count 0 reclaim candidate 0 type array 1
[2024-10-26T03:19:29.380+0530][132.105s][debug][gc,humongous      ] GC(426) Humongous region 1598 (object size 1048592 @ 0x00000000e3e00000) remset 0 code roots 0 marked 0 pinned count 0 reclaim candidate 0 type array 1
[2024-10-26T03:19:29.380+0530][132.105s][debug][gc,humongous      ] GC(426) Humongous region 1754 (object size 1048592 @ 0x00000000eda00000) remset 0 code roots 0 marked 0 pinned count 0 reclaim candidate 0 type array 1
[2024-10-26T03:19:29.381+0530][132.105s][debug][gc,humongous      ] GC(426) Humongous region 1912 (object size 1048592 @ 0x00000000f7800000) remset 0 code roots 0 marked 0 pinned count 0 reclaim candidate 0 type array 1
[2024-10-26T03:19:29.381+0530][132.105s][debug][gc,humongous      ] GC(426) Humongous region 182 (object size 1048592 @ 0x000000008b600000) remset 0 code roots 0 marked 0 pinned count 0 reclaim candidate 0 type array 1
[2024-10-26T03:19:29.381+0530][132.105s][debug][gc,humongous      ] GC(426) Humongous region 340 (object size 1048592 @ 0x0000000095400000) remset 0 code roots 0 marked 0 pinned count 0 reclaim candidate 0 type array 1
[2024-10-26T03:19:29.381+0530][132.105s][debug][gc,humongous      ] GC(426) Humongous region 654 (object size 1048592 @ 0x00000000a8e00000) remset 0 code roots 0 marked 0 pinned count 0 reclaim candidate 0 type array 1
[2024-10-26T03:19:29.381+0530][132.105s][debug][gc,humongous      ] GC(426) Humongous region 496 (object size 1048592 @ 0x000000009f000000) remset 0 code roots 0 marked 0 pinned count 0 reclaim candidate 0 type array 1
[2024-10-26T03:19:29.381+0530][132.105s][debug][gc,humongous      ] GC(426) Humongous region 44 (object size 1048592 @ 0x0000000082c00000) remset 0 code roots 0 marked 0 pinned count 0 reclaim candidate 0 type array 1
[2024-10-26T03:19:29.381+0530][132.105s][debug][gc,humongous      ] GC(426) Humongous region 970 (object size 1048592 @ 0x00000000bca00000) remset 0 code roots 0 marked 0 pinned count 0 reclaim candidate 0 type array 1
[2024-10-26T03:19:29.381+0530][132.105s][debug][gc,humongous      ] GC(426) Humongous region 812 (object size 1048592 @ 0x00000000b2c00000) remset 0 code roots 0 marked 0 pinned count 0 reclaim candidate 0 type array 1
[2024-10-26T03:19:29.381+0530][132.105s][debug][gc,humongous      ] GC(426) Humongous region 1126 (object size 1048592 @ 0x00000000c6600000) remset 0 code roots 0 marked 0 pinned count 0 reclaim candidate 0 type array 1
[2024-10-26T03:19:29.381+0530][132.105s][debug][gc,humongous      ] GC(426) Humongous region 1284 (object size 1048592 @ 0x00000000d0400000) remset 0 code roots 0 marked 0 pinned count 0 reclaim candidate 0 type array 1
[2024-10-26T03:19:29.381+0530][132.105s][debug][gc,humongous      ] GC(426) Humongous region 1442 (object size 1048592 @ 0x00000000da200000) remset 0 code roots 0 marked 0 pinned count 0 reclaim candidate 0 type array 1
[2024-10-26T03:19:29.381+0530][132.105s][debug][gc,humongous      ] GC(426) Humongous region 1600 (object size 1048592 @ 0x00000000e4000000) remset 0 code roots 0 marked 0 pinned count 0 reclaim candidate 0 type array 1
[2024-10-26T03:19:29.381+0530][132.105s][debug][gc,humongous      ] GC(426) Humongous region 1756 (object size 1048592 @ 0x00000000edc00000) remset 0 code roots 0 marked 0 pinned count 0 reclaim candidate 0 type array 1
[2024-10-26T03:19:29.381+0530][132.105s][debug][gc,humongous      ] GC(426) Humongous region 1914 (object size 1048592 @ 0x00000000f7a00000) remset 0 code roots 0 marked 0 pinned count 0 reclaim candidate 0 type array 1
[2024-10-26T03:19:29.381+0530][132.105s][debug][gc,humongous      ] GC(426) Humongous region 184 (object size 1048592 @ 0x000000008b800000) remset 0 code roots 0 marked 0 pinned count 0 reclaim candidate 0 type array 1
[2024-10-26T03:19:29.381+0530][132.105s][debug][gc,humongous      ] GC(426) Humongous region 342 (object size 1048592 @ 0x0000000095600000) remset 0 code roots 0 marked 0 pinned count 0 reclaim candidate 0 type array 1
[2024-10-26T03:19:29.381+0530][132.105s][debug][gc,humongous      ] GC(426) Humongous region 656 (object size 1048592 @ 0x00000000a9000000) remset 0 code roots 0 marked 0 pinned count 0 reclaim candidate 0 type array 1
[2024-10-26T03:19:29.381+0530][132.105s][debug][gc,humongous      ] GC(426) Humongous region 498 (object size 1048592 @ 0x000000009f200000) remset 0 code roots 0 marked 0 pinned count 0 reclaim candidate 0 type array 1
[2024-10-26T03:19:29.381+0530][132.105s][debug][gc,humongous      ] GC(426) Humongous region 46 (object size 1048592 @ 0x0000000082e00000) remset 0 code roots 0 marked 0 pinned count 0 reclaim candidate 0 type array 1
[2024-10-26T03:19:29.381+0530][132.105s][debug][gc,humongous      ] GC(426) Humongous region 972 (object size 1048592 @ 0x00000000bcc00000) remset 0 code roots 0 marked 0 pinned count 0 reclaim candidate 0 type array 1
[2024-10-26T03:19:29.381+0530][132.105s][debug][gc,humongous      ] GC(426) Humongous region 814 (object size 1048592 @ 0x00000000b2e00000) remset 0 code roots 0 marked 0 pinned count 0 reclaim candidate 0 type array 1
[2024-10-26T03:19:29.381+0530][132.105s][debug][gc,humongous      ] GC(426) Humongous region 1128 (object size 1048592 @ 0x00000000c6800000) remset 0 code roots 0 marked 0 pinned count 0 reclaim candidate 0 type array 1
[2024-10-26T03:19:29.381+0530][132.105s][debug][gc,humongous      ] GC(426) Humongous region 1286 (object size 1048592 @ 0x00000000d0600000) remset 0 code roots 0 marked 0 pinned count 0 reclaim candidate 0 type array 1
[2024-10-26T03:19:29.381+0530][132.105s][debug][gc,humongous      ] GC(426) Humongous region 1444 (object size 1048592 @ 0x00000000da400000) remset 0 code roots 0 marked 0 pinned count 0 reclaim candidate 0 type array 1
[2024-10-26T03:19:29.381+0530][132.105s][debug][gc,humongous      ] GC(426) Humongous region 1602 (object size 1048592 @ 0x00000000e4200000) remset 0 code roots 0 marked 0 pinned count 0 reclaim candidate 0 type array 1
[2024-10-26T03:19:29.381+0530][132.105s][debug][gc,humongous      ] GC(426) Humongous region 1758 (object size 1048592 @ 0x00000000ede00000) remset 0 code roots 0 marked 0 pinned count 0 reclaim candidate 0 type array 1
[2024-10-26T03:19:29.381+0530][132.105s][debug][gc,humongous      ] GC(426) Humongous region 1916 (object size 1048592 @ 0x00000000f7c00000) remset 0 code roots 0 marked 0 pinned count 0 reclaim candidate 0 type array 1
[2024-10-26T03:19:29.381+0530][132.105s][debug][gc,humongous      ] GC(426) Humongous region 186 (object size 1048592 @ 0x000000008ba00000) remset 0 code roots 0 marked 0 pinned count 0 reclaim candidate 0 type array 1
[2024-10-26T03:19:29.381+0530][132.105s][debug][gc,humongous      ] GC(426) Humongous region 344 (object size 1048592 @ 0x0000000095800000) remset 0 code roots 0 marked 0 pinned count 0 reclaim candidate 0 type array 1
[2024-10-26T03:19:29.381+0530][132.105s][debug][gc,humongous      ] GC(426) Humongous region 658 (object size 1048592 @ 0x00000000a9200000) remset 0 code roots 0 marked 0 pinned count 0 reclaim candidate 0 type array 1
[2024-10-26T03:19:29.381+0530][132.105s][debug][gc,humongous      ] GC(426) Humongous region 500 (object size 1048592 @ 0x000000009f400000) remset 0 code roots 0 marked 0 pinned count 0 reclaim candidate 0 type array 1
[2024-10-26T03:19:29.381+0530][132.105s][debug][gc,humongous      ] GC(426) Humongous region 48 (object size 1048592 @ 0x0000000083000000) remset 0 code roots 0 marked 0 pinned count 0 reclaim candidate 0 type array 1
[2024-10-26T03:19:29.381+0530][132.105s][debug][gc,humongous      ] GC(426) Humongous region 974 (object size 1048592 @ 0x00000000bce00000) remset 0 code roots 0 marked 0 pinned count 0 reclaim candidate 0 type array 1
[2024-10-26T03:19:29.381+0530][132.105s][debug][gc,humongous      ] GC(426) Humongous region 816 (object size 1048592 @ 0x00000000b3000000) remset 0 code roots 0 marked 0 pinned count 0 reclaim candidate 0 type array 1
[2024-10-26T03:19:29.381+0530][132.105s][debug][gc,humongous      ] GC(426) Humongous region 1130 (object size 1048592 @ 0x00000000c6a00000) remset 0 code roots 0 marked 0 pinned count 0 reclaim candidate 0 type array 1
[2024-10-26T03:19:29.381+0530][132.105s][debug][gc,humongous      ] GC(426) Humongous region 1288 (object size 1048592 @ 0x00000000d0800000) remset 0 code roots 0 marked 0 pinned count 0 reclaim candidate 0 type array 1
[2024-10-26T03:19:29.381+0530][132.105s][debug][gc,humongous      ] GC(426) Humongous region 1446 (object size 1048592 @ 0x00000000da600000) remset 0 code roots 0 marked 0 pinned count 0 reclaim candidate 0 type array 1
[2024-10-26T03:19:29.381+0530][132.105s][debug][gc,humongous      ] GC(426) Humongous region 1604 (object size 1048592 @ 0x00000000e4400000) remset 0 code roots 0 marked 0 pinned count 0 reclaim candidate 0 type array 1
[2024-10-26T03:19:29.381+0530][132.105s][debug][gc,humongous      ] GC(426) Humongous region 1760 (object size 1048592 @ 0x00000000ee000000) remset 0 code roots 0 marked 0 pinned count 0 reclaim candidate 0 type array 1
[2024-10-26T03:19:29.381+0530][132.105s][debug][gc,humongous      ] GC(426) Humongous region 1918 (object size 1048592 @ 0x00000000f7e00000) remset 0 code roots 0 marked 0 pinned count 0 reclaim candidate 0 type array 1
[2024-10-26T03:19:29.381+0530][132.105s][debug][gc,humongous      ] GC(426) Humongous region 188 (object size 1048592 @ 0x000000008bc00000) remset 0 code roots 0 marked 0 pinned count 0 reclaim candidate 0 type array 1
[2024-10-26T03:19:29.381+0530][132.105s][debug][gc,humongous      ] GC(426) Humongous region 346 (object size 1048592 @ 0x0000000095a00000) remset 0 code roots 0 marked 0 pinned count 0 reclaim candidate 0 type array 1
[2024-10-26T03:19:29.381+0530][132.105s][debug][gc,humongous      ] GC(426) Humongous region 660 (object size 1048592 @ 0x00000000a9400000) remset 0 code roots 0 marked 0 pinned count 0 reclaim candidate 0 type array 1
[2024-10-26T03:19:29.381+0530][132.105s][debug][gc,humongous      ] GC(426) Humongous region 502 (object size 1048592 @ 0x000000009f600000) remset 0 code roots 0 marked 0 pinned count 0 reclaim candidate 0 type array 1
[2024-10-26T03:19:29.381+0530][132.106s][debug][gc,humongous      ] GC(426) Humongous region 50 (object size 1048592 @ 0x0000000083200000) remset 0 code roots 0 marked 0 pinned count 0 reclaim candidate 0 type array 1
[2024-10-26T03:19:29.381+0530][132.106s][debug][gc,humongous      ] GC(426) Humongous region 976 (object size 1048592 @ 0x00000000bd000000) remset 0 code roots 0 marked 0 pinned count 0 reclaim candidate 0 type array 1
[2024-10-26T03:19:29.381+0530][132.106s][debug][gc,humongous      ] GC(426) Humongous region 818 (object size 1048592 @ 0x00000000b3200000) remset 0 code roots 0 marked 0 pinned count 0 reclaim candidate 0 type array 1
[2024-10-26T03:19:29.381+0530][132.106s][debug][gc,humongous      ] GC(426) Humongous region 1132 (object size 1048592 @ 0x00000000c6c00000) remset 0 code roots 0 marked 0 pinned count 0 reclaim candidate 0 type array 1
[2024-10-26T03:19:29.381+0530][132.106s][debug][gc,humongous      ] GC(426) Humongous region 1290 (object size 1048592 @ 0x00000000d0a00000) remset 0 code roots 0 marked 0 pinned count 0 reclaim candidate 0 type array 1
[2024-10-26T03:19:29.381+0530][132.106s][debug][gc,humongous      ] GC(426) Humongous region 1448 (object size 1048592 @ 0x00000000da800000) remset 0 code roots 0 marked 0 pinned count 0 reclaim candidate 0 type array 1
[2024-10-26T03:19:29.381+0530][132.106s][debug][gc,humongous      ] GC(426) Humongous region 1606 (object size 1048592 @ 0x00000000e4600000) remset 0 code roots 0 marked 0 pinned count 0 reclaim candidate 0 type array 1
[2024-10-26T03:19:29.381+0530][132.106s][debug][gc,humongous      ] GC(426) Humongous region 1762 (object size 1048592 @ 0x00000000ee200000) remset 0 code roots 0 marked 0 pinned count 0 reclaim candidate 0 type array 1
[2024-10-26T03:19:29.381+0530][132.106s][debug][gc,humongous      ] GC(426) Humongous region 1920 (object size 1048592 @ 0x00000000f8000000) remset 0 code roots 0 marked 0 pinned count 0 reclaim candidate 0 type array 1
[2024-10-26T03:19:29.381+0530][132.106s][debug][gc,humongous      ] GC(426) Humongous region 190 (object size 1048592 @ 0x000000008be00000) remset 0 code roots 0 marked 0 pinned count 0 reclaim candidate 0 type array 1
[2024-10-26T03:19:29.381+0530][132.106s][debug][gc,humongous      ] GC(426) Humongous region 348 (object size 1048592 @ 0x0000000095c00000) remset 0 code roots 0 marked 0 pinned count 0 reclaim candidate 0 type array 1
[2024-10-26T03:19:29.381+0530][132.106s][debug][gc,humongous      ] GC(426) Humongous region 662 (object size 1048592 @ 0x00000000a9600000) remset 0 code roots 0 marked 0 pinned count 0 reclaim candidate 0 type array 1
[2024-10-26T03:19:29.381+0530][132.106s][debug][gc,humongous      ] GC(426) Humongous region 504 (object size 1048592 @ 0x000000009f800000) remset 0 code roots 0 marked 0 pinned count 0 reclaim candidate 0 type array 1
[2024-10-26T03:19:29.381+0530][132.106s][debug][gc,humongous      ] GC(426) Humongous region 52 (object size 1048592 @ 0x0000000083400000) remset 0 code roots 0 marked 0 pinned count 0 reclaim candidate 0 type array 1
[2024-10-26T03:19:29.381+0530][132.106s][debug][gc,humongous      ] GC(426) Humongous region 978 (object size 1048592 @ 0x00000000bd200000) remset 0 code roots 0 marked 0 pinned count 0 reclaim candidate 0 type array 1
[2024-10-26T03:19:29.381+0530][132.106s][debug][gc,humongous      ] GC(426) Humongous region 820 (object size 1048592 @ 0x00000000b3400000) remset 0 code roots 0 marked 0 pinned count 0 reclaim candidate 0 type array 1
[2024-10-26T03:19:29.381+0530][132.106s][debug][gc,humongous      ] GC(426) Humongous region 1134 (object size 1048592 @ 0x00000000c6e00000) remset 0 code roots 0 marked 0 pinned count 0 reclaim candidate 0 type array 1
[2024-10-26T03:19:29.381+0530][132.106s][debug][gc,humongous      ] GC(426) Humongous region 1292 (object size 1048592 @ 0x00000000d0c00000) remset 0 code roots 0 marked 0 pinned count 0 reclaim candidate 0 type array 1
[2024-10-26T03:19:29.381+0530][132.106s][debug][gc,humongous      ] GC(426) Humongous region 1450 (object size 1048592 @ 0x00000000daa00000) remset 0 code roots 0 marked 0 pinned count 0 reclaim candidate 0 type array 1
[2024-10-26T03:19:29.381+0530][132.106s][debug][gc,humongous      ] GC(426) Humongous region 1608 (object size 1048592 @ 0x00000000e4800000) remset 0 code roots 0 marked 0 pinned count 0 reclaim candidate 0 type array 1
[2024-10-26T03:19:29.381+0530][132.106s][debug][gc,humongous      ] GC(426) Humongous region 1764 (object size 1048592 @ 0x00000000ee400000) remset 0 code roots 0 marked 0 pinned count 0 reclaim candidate 0 type array 1
[2024-10-26T03:19:29.381+0530][132.106s][debug][gc,humongous      ] GC(426) Humongous region 1922 (object size 1048592 @ 0x00000000f8200000) remset 0 code roots 0 marked 0 pinned count 0 reclaim candidate 0 type array 1
[2024-10-26T03:19:29.381+0530][132.106s][debug][gc,humongous      ] GC(426) Humongous region 192 (object size 1048592 @ 0x000000008c000000) remset 0 code roots 0 marked 0 pinned count 0 reclaim candidate 0 type array 1
[2024-10-26T03:19:29.381+0530][132.106s][debug][gc,humongous      ] GC(426) Humongous region 350 (object size 1048592 @ 0x0000000095e00000) remset 0 code roots 0 marked 0 pinned count 0 reclaim candidate 0 type array 1
[2024-10-26T03:19:29.381+0530][132.106s][debug][gc,humongous      ] GC(426) Humongous region 664 (object size 1048592 @ 0x00000000a9800000) remset 0 code roots 0 marked 0 pinned count 0 reclaim candidate 0 type array 1
[2024-10-26T03:19:29.381+0530][132.106s][debug][gc,humongous      ] GC(426) Humongous region 506 (object size 1048592 @ 0x000000009fa00000) remset 0 code roots 0 marked 0 pinned count 0 reclaim candidate 0 type array 1
[2024-10-26T03:19:29.381+0530][132.106s][debug][gc,humongous      ] GC(426) Humongous region 54 (object size 1048592 @ 0x0000000083600000) remset 0 code roots 0 marked 0 pinned count 0 reclaim candidate 0 type array 1
[2024-10-26T03:19:29.381+0530][132.106s][debug][gc,humongous      ] GC(426) Humongous region 980 (object size 1048592 @ 0x00000000bd400000) remset 0 code roots 0 marked 0 pinned count 0 reclaim candidate 0 type array 1
[2024-10-26T03:19:29.381+0530][132.106s][debug][gc,humongous      ] GC(426) Humongous region 822 (object size 1048592 @ 0x00000000b3600000) remset 0 code roots 0 marked 0 pinned count 0 reclaim candidate 0 type array 1
[2024-10-26T03:19:29.381+0530][132.106s][debug][gc,humongous      ] GC(426) Humongous region 1136 (object size 1048592 @ 0x00000000c7000000) remset 0 code roots 0 marked 0 pinned count 0 reclaim candidate 0 type array 1
[2024-10-26T03:19:29.381+0530][132.106s][debug][gc,humongous      ] GC(426) Humongous region 1294 (object size 1048592 @ 0x00000000d0e00000) remset 0 code roots 0 marked 0 pinned count 0 reclaim candidate 0 type array 1
[2024-10-26T03:19:29.381+0530][132.106s][debug][gc,humongous      ] GC(426) Humongous region 1452 (object size 1048592 @ 0x00000000dac00000) remset 0 code roots 0 marked 0 pinned count 0 reclaim candidate 0 type array 1
[2024-10-26T03:19:29.381+0530][132.106s][debug][gc,humongous      ] GC(426) Humongous region 1610 (object size 1048592 @ 0x00000000e4a00000) remset 0 code roots 0 marked 0 pinned count 0 reclaim candidate 0 type array 1
[2024-10-26T03:19:29.381+0530][132.106s][debug][gc,humongous      ] GC(426) Humongous region 1766 (object size 1048592 @ 0x00000000ee600000) remset 0 code roots 0 marked 0 pinned count 0 reclaim candidate 0 type array 1
[2024-10-26T03:19:29.381+0530][132.106s][debug][gc,humongous      ] GC(426) Humongous region 1924 (object size 1048592 @ 0x00000000f8400000) remset 0 code roots 0 marked 0 pinned count 0 reclaim candidate 0 type array 1
[2024-10-26T03:19:29.381+0530][132.106s][debug][gc,humongous      ] GC(426) Humongous region 194 (object size 1048592 @ 0x000000008c200000) remset 0 code roots 0 marked 0 pinned count 0 reclaim candidate 0 type array 1
[2024-10-26T03:19:29.381+0530][132.106s][debug][gc,humongous      ] GC(426) Humongous region 352 (object size 1048592 @ 0x0000000096000000) remset 0 code roots 0 marked 0 pinned count 0 reclaim candidate 0 type array 1
[2024-10-26T03:19:29.381+0530][132.106s][debug][gc,humongous      ] GC(426) Humongous region 666 (object size 1048592 @ 0x00000000a9a00000) remset 0 code roots 0 marked 0 pinned count 0 reclaim candidate 0 type array 1
[2024-10-26T03:19:29.382+0530][132.106s][debug][gc,humongous      ] GC(426) Humongous region 508 (object size 1048592 @ 0x000000009fc00000) remset 0 code roots 0 marked 0 pinned count 0 reclaim candidate 0 type array 1
[2024-10-26T03:19:29.382+0530][132.106s][debug][gc,humongous      ] GC(426) Humongous region 56 (object size 1048592 @ 0x0000000083800000) remset 0 code roots 0 marked 0 pinned count 0 reclaim candidate 0 type array 1
[2024-10-26T03:19:29.382+0530][132.106s][debug][gc,humongous      ] GC(426) Humongous region 982 (object size 1048592 @ 0x00000000bd600000) remset 0 code roots 0 marked 0 pinned count 0 reclaim candidate 0 type array 1
[2024-10-26T03:19:29.382+0530][132.106s][debug][gc,humongous      ] GC(426) Humongous region 824 (object size 1048592 @ 0x00000000b3800000) remset 0 code roots 0 marked 0 pinned count 0 reclaim candidate 0 type array 1
[2024-10-26T03:19:29.382+0530][132.106s][debug][gc,humongous      ] GC(426) Humongous region 1138 (object size 1048592 @ 0x00000000c7200000) remset 0 code roots 0 marked 0 pinned count 0 reclaim candidate 0 type array 1
[2024-10-26T03:19:29.382+0530][132.106s][debug][gc,humongous      ] GC(426) Humongous region 1296 (object size 1048592 @ 0x00000000d1000000) remset 0 code roots 0 marked 0 pinned count 0 reclaim candidate 0 type array 1
[2024-10-26T03:19:29.382+0530][132.106s][debug][gc,humongous      ] GC(426) Humongous region 1454 (object size 1048592 @ 0x00000000dae00000) remset 0 code roots 0 marked 0 pinned count 0 reclaim candidate 0 type array 1
[2024-10-26T03:19:29.382+0530][132.106s][debug][gc,humongous      ] GC(426) Humongous region 1612 (object size 1048592 @ 0x00000000e4c00000) remset 0 code roots 0 marked 0 pinned count 0 reclaim candidate 0 type array 1
[2024-10-26T03:19:29.382+0530][132.106s][debug][gc,humongous      ] GC(426) Humongous region 1768 (object size 1048592 @ 0x00000000ee800000) remset 0 code roots 0 marked 0 pinned count 0 reclaim candidate 0 type array 1
[2024-10-26T03:19:29.382+0530][132.106s][debug][gc,humongous      ] GC(426) Humongous region 1926 (object size 1048592 @ 0x00000000f8600000) remset 0 code roots 0 marked 0 pinned count 0 reclaim candidate 0 type array 1
[2024-10-26T03:19:29.382+0530][132.106s][debug][gc,humongous      ] GC(426) Humongous region 196 (object size 1048592 @ 0x000000008c400000) remset 0 code roots 0 marked 0 pinned count 0 reclaim candidate 0 type array 1
[2024-10-26T03:19:29.382+0530][132.106s][debug][gc,humongous      ] GC(426) Humongous region 354 (object size 1048592 @ 0x0000000096200000) remset 0 code roots 0 marked 0 pinned count 0 reclaim candidate 0 type array 1
[2024-10-26T03:19:29.382+0530][132.106s][debug][gc,humongous      ] GC(426) Humongous region 668 (object size 1048592 @ 0x00000000a9c00000) remset 0 code roots 0 marked 0 pinned count 0 reclaim candidate 0 type array 1
[2024-10-26T03:19:29.382+0530][132.106s][debug][gc,humongous      ] GC(426) Humongous region 510 (object size 1048592 @ 0x000000009fe00000) remset 0 code roots 0 marked 0 pinned count 0 reclaim candidate 0 type array 1
[2024-10-26T03:19:29.382+0530][132.106s][debug][gc,humongous      ] GC(426) Humongous region 58 (object size 1048592 @ 0x0000000083a00000) remset 0 code roots 0 marked 0 pinned count 0 reclaim candidate 0 type array 1
[2024-10-26T03:19:29.382+0530][132.106s][debug][gc,humongous      ] GC(426) Humongous region 984 (object size 1048592 @ 0x00000000bd800000) remset 0 code roots 0 marked 0 pinned count 0 reclaim candidate 0 type array 1
[2024-10-26T03:19:29.382+0530][132.106s][debug][gc,humongous      ] GC(426) Humongous region 826 (object size 1048592 @ 0x00000000b3a00000) remset 0 code roots 0 marked 0 pinned count 0 reclaim candidate 0 type array 1
[2024-10-26T03:19:29.382+0530][132.106s][debug][gc,humongous      ] GC(426) Humongous region 1140 (object size 1048592 @ 0x00000000c7400000) remset 0 code roots 0 marked 0 pinned count 0 reclaim candidate 0 type array 1
[2024-10-26T03:19:29.382+0530][132.106s][debug][gc,humongous      ] GC(426) Humongous region 1298 (object size 1048592 @ 0x00000000d1200000) remset 0 code roots 0 marked 0 pinned count 0 reclaim candidate 0 type array 1
[2024-10-26T03:19:29.382+0530][132.106s][debug][gc,humongous      ] GC(426) Humongous region 1456 (object size 1048592 @ 0x00000000db000000) remset 0 code roots 0 marked 0 pinned count 0 reclaim candidate 0 type array 1
[2024-10-26T03:19:29.382+0530][132.106s][debug][gc,humongous      ] GC(426) Humongous region 1614 (object size 1048592 @ 0x00000000e4e00000) remset 0 code roots 0 marked 0 pinned count 0 reclaim candidate 0 type array 1
[2024-10-26T03:19:29.382+0530][132.106s][debug][gc,humongous      ] GC(426) Humongous region 1770 (object size 1048592 @ 0x00000000eea00000) remset 0 code roots 0 marked 0 pinned count 0 reclaim candidate 0 type array 1
[2024-10-26T03:19:29.382+0530][132.106s][debug][gc,humongous      ] GC(426) Humongous region 1928 (object size 1048592 @ 0x00000000f8800000) remset 0 code roots 0 marked 0 pinned count 0 reclaim candidate 0 type array 1
[2024-10-26T03:19:29.382+0530][132.106s][debug][gc,humongous      ] GC(426) Humongous region 198 (object size 1048592 @ 0x000000008c600000) remset 0 code roots 0 marked 0 pinned count 0 reclaim candidate 0 type array 1
[2024-10-26T03:19:29.382+0530][132.106s][debug][gc,humongous      ] GC(426) Humongous region 356 (object size 1048592 @ 0x0000000096400000) remset 0 code roots 0 marked 0 pinned count 0 reclaim candidate 0 type array 1
[2024-10-26T03:19:29.382+0530][132.106s][debug][gc,humongous      ] GC(426) Humongous region 670 (object size 1048592 @ 0x00000000a9e00000) remset 0 code roots 0 marked 0 pinned count 0 reclaim candidate 0 type array 1
[2024-10-26T03:19:29.382+0530][132.106s][debug][gc,humongous      ] GC(426) Humongous region 512 (object size 1048592 @ 0x00000000a0000000) remset 0 code roots 0 marked 0 pinned count 0 reclaim candidate 0 type array 1
[2024-10-26T03:19:29.382+0530][132.106s][debug][gc,humongous      ] GC(426) Humongous region 60 (object size 1048592 @ 0x0000000083c00000) remset 0 code roots 0 marked 0 pinned count 0 reclaim candidate 0 type array 1
[2024-10-26T03:19:29.382+0530][132.106s][debug][gc,humongous      ] GC(426) Humongous region 986 (object size 1048592 @ 0x00000000bda00000) remset 0 code roots 0 marked 0 pinned count 0 reclaim candidate 0 type array 1
[2024-10-26T03:19:29.382+0530][132.106s][debug][gc,humongous      ] GC(426) Humongous region 828 (object size 1048592 @ 0x00000000b3c00000) remset 0 code roots 0 marked 0 pinned count 0 reclaim candidate 0 type array 1
[2024-10-26T03:19:29.382+0530][132.106s][debug][gc,humongous      ] GC(426) Humongous region 1142 (object size 1048592 @ 0x00000000c7600000) remset 0 code roots 0 marked 0 pinned count 0 reclaim candidate 0 type array 1
[2024-10-26T03:19:29.382+0530][132.106s][debug][gc,humongous      ] GC(426) Humongous region 1300 (object size 1048592 @ 0x00000000d1400000) remset 0 code roots 0 marked 0 pinned count 0 reclaim candidate 0 type array 1
[2024-10-26T03:19:29.382+0530][132.106s][debug][gc,humongous      ] GC(426) Humongous region 1458 (object size 1048592 @ 0x00000000db200000) remset 0 code roots 0 marked 0 pinned count 0 reclaim candidate 0 type array 1
[2024-10-26T03:19:29.382+0530][132.106s][debug][gc,humongous      ] GC(426) Humongous region 1616 (object size 1048592 @ 0x00000000e5000000) remset 0 code roots 0 marked 0 pinned count 0 reclaim candidate 0 type array 1
[2024-10-26T03:19:29.382+0530][132.106s][debug][gc,humongous      ] GC(426) Humongous region 1772 (object size 1048592 @ 0x00000000eec00000) remset 0 code roots 0 marked 0 pinned count 0 reclaim candidate 0 type array 1
[2024-10-26T03:19:29.382+0530][132.106s][debug][gc,humongous      ] GC(426) Humongous region 1930 (object size 1048592 @ 0x00000000f8a00000) remset 0 code roots 0 marked 0 pinned count 0 reclaim candidate 0 type array 1
[2024-10-26T03:19:29.382+0530][132.106s][debug][gc,humongous      ] GC(426) Humongous region 200 (object size 1048592 @ 0x000000008c800000) remset 0 code roots 0 marked 0 pinned count 0 reclaim candidate 0 type array 1
[2024-10-26T03:19:29.382+0530][132.106s][debug][gc,humongous      ] GC(426) Humongous region 358 (object size 1048592 @ 0x0000000096600000) remset 0 code roots 0 marked 0 pinned count 0 reclaim candidate 0 type array 1
[2024-10-26T03:19:29.382+0530][132.106s][debug][gc,humongous      ] GC(426) Humongous region 672 (object size 1048592 @ 0x00000000aa000000) remset 0 code roots 0 marked 0 pinned count 0 reclaim candidate 0 type array 1
[2024-10-26T03:19:29.382+0530][132.106s][debug][gc,humongous      ] GC(426) Humongous region 514 (object size 1048592 @ 0x00000000a0200000) remset 0 code roots 0 marked 0 pinned count 0 reclaim candidate 0 type array 1
[2024-10-26T03:19:29.382+0530][132.106s][debug][gc,humongous      ] GC(426) Humongous region 62 (object size 1048592 @ 0x0000000083e00000) remset 0 code roots 0 marked 0 pinned count 0 reclaim candidate 0 type array 1
[2024-10-26T03:19:29.382+0530][132.106s][debug][gc,humongous      ] GC(426) Humongous region 988 (object size 1048592 @ 0x00000000bdc00000) remset 0 code roots 0 marked 0 pinned count 0 reclaim candidate 0 type array 1
[2024-10-26T03:19:29.382+0530][132.106s][debug][gc,humongous      ] GC(426) Humongous region 830 (object size 1048592 @ 0x00000000b3e00000) remset 0 code roots 0 marked 0 pinned count 0 reclaim candidate 0 type array 1
[2024-10-26T03:19:29.382+0530][132.107s][debug][gc,humongous      ] GC(426) Humongous region 1144 (object size 1048592 @ 0x00000000c7800000) remset 0 code roots 0 marked 0 pinned count 0 reclaim candidate 0 type array 1
[2024-10-26T03:19:29.382+0530][132.107s][debug][gc,humongous      ] GC(426) Humongous region 1302 (object size 1048592 @ 0x00000000d1600000) remset 0 code roots 0 marked 0 pinned count 0 reclaim candidate 0 type array 1
[2024-10-26T03:19:29.382+0530][132.107s][debug][gc,humongous      ] GC(426) Humongous region 1460 (object size 1048592 @ 0x00000000db400000) remset 0 code roots 0 marked 0 pinned count 0 reclaim candidate 0 type array 1
[2024-10-26T03:19:29.382+0530][132.107s][debug][gc,humongous      ] GC(426) Humongous region 1618 (object size 1048592 @ 0x00000000e5200000) remset 0 code roots 0 marked 0 pinned count 0 reclaim candidate 0 type array 1
[2024-10-26T03:19:29.382+0530][132.107s][debug][gc,humongous      ] GC(426) Humongous region 1774 (object size 1048592 @ 0x00000000eee00000) remset 0 code roots 0 marked 0 pinned count 0 reclaim candidate 0 type array 1
[2024-10-26T03:19:29.382+0530][132.107s][debug][gc,humongous      ] GC(426) Humongous region 1932 (object size 1048592 @ 0x00000000f8c00000) remset 0 code roots 0 marked 0 pinned count 0 reclaim candidate 0 type array 1
[2024-10-26T03:19:29.382+0530][132.107s][debug][gc,humongous      ] GC(426) Humongous region 202 (object size 1048592 @ 0x000000008ca00000) remset 0 code roots 0 marked 0 pinned count 0 reclaim candidate 0 type array 1
[2024-10-26T03:19:29.382+0530][132.107s][debug][gc,humongous      ] GC(426) Humongous region 360 (object size 1048592 @ 0x0000000096800000) remset 0 code roots 0 marked 0 pinned count 0 reclaim candidate 0 type array 1
[2024-10-26T03:19:29.382+0530][132.107s][debug][gc,humongous      ] GC(426) Humongous region 674 (object size 1048592 @ 0x00000000aa200000) remset 0 code roots 0 marked 0 pinned count 0 reclaim candidate 0 type array 1
[2024-10-26T03:19:29.382+0530][132.107s][debug][gc,humongous      ] GC(426) Humongous region 516 (object size 1048592 @ 0x00000000a0400000) remset 0 code roots 0 marked 0 pinned count 0 reclaim candidate 0 type array 1
[2024-10-26T03:19:29.382+0530][132.107s][debug][gc,humongous      ] GC(426) Humongous region 64 (object size 1048592 @ 0x0000000084000000) remset 0 code roots 0 marked 0 pinned count 0 reclaim candidate 0 type array 1
[2024-10-26T03:19:29.382+0530][132.107s][debug][gc,humongous      ] GC(426) Humongous region 990 (object size 1048592 @ 0x00000000bde00000) remset 0 code roots 0 marked 0 pinned count 0 reclaim candidate 0 type array 1
[2024-10-26T03:19:29.382+0530][132.107s][debug][gc,humongous      ] GC(426) Humongous region 832 (object size 1048592 @ 0x00000000b4000000) remset 0 code roots 0 marked 0 pinned count 0 reclaim candidate 0 type array 1
[2024-10-26T03:19:29.382+0530][132.107s][debug][gc,humongous      ] GC(426) Humongous region 1146 (object size 1048592 @ 0x00000000c7a00000) remset 0 code roots 0 marked 0 pinned count 0 reclaim candidate 0 type array 1
[2024-10-26T03:19:29.382+0530][132.107s][debug][gc,humongous      ] GC(426) Humongous region 1304 (object size 1048592 @ 0x00000000d1800000) remset 0 code roots 0 marked 0 pinned count 0 reclaim candidate 0 type array 1
[2024-10-26T03:19:29.382+0530][132.107s][debug][gc,humongous      ] GC(426) Humongous region 1462 (object size 1048592 @ 0x00000000db600000) remset 0 code roots 0 marked 0 pinned count 0 reclaim candidate 0 type array 1
[2024-10-26T03:19:29.382+0530][132.107s][debug][gc,humongous      ] GC(426) Humongous region 1620 (object size 1048592 @ 0x00000000e5400000) remset 0 code roots 0 marked 0 pinned count 0 reclaim candidate 0 type array 1
[2024-10-26T03:19:29.382+0530][132.107s][debug][gc,humongous      ] GC(426) Humongous region 1776 (object size 1048592 @ 0x00000000ef000000) remset 0 code roots 0 marked 0 pinned count 0 reclaim candidate 0 type array 1
[2024-10-26T03:19:29.382+0530][132.107s][debug][gc,humongous      ] GC(426) Humongous region 1934 (object size 1048592 @ 0x00000000f8e00000) remset 0 code roots 0 marked 0 pinned count 0 reclaim candidate 0 type array 1
[2024-10-26T03:19:29.382+0530][132.107s][debug][gc,humongous      ] GC(426) Humongous region 204 (object size 1048592 @ 0x000000008cc00000) remset 0 code roots 0 marked 0 pinned count 0 reclaim candidate 0 type array 1
[2024-10-26T03:19:29.382+0530][132.107s][debug][gc,humongous      ] GC(426) Humongous region 362 (object size 1048592 @ 0x0000000096a00000) remset 0 code roots 0 marked 0 pinned count 0 reclaim candidate 0 type array 1
[2024-10-26T03:19:29.382+0530][132.107s][debug][gc,humongous      ] GC(426) Humongous region 676 (object size 1048592 @ 0x00000000aa400000) remset 0 code roots 0 marked 0 pinned count 0 reclaim candidate 0 type array 1
[2024-10-26T03:19:29.382+0530][132.107s][debug][gc,humongous      ] GC(426) Humongous region 518 (object size 1048592 @ 0x00000000a0600000) remset 0 code roots 0 marked 0 pinned count 0 reclaim candidate 0 type array 1
[2024-10-26T03:19:29.382+0530][132.107s][debug][gc,humongous      ] GC(426) Humongous region 66 (object size 1048592 @ 0x0000000084200000) remset 0 code roots 0 marked 0 pinned count 0 reclaim candidate 0 type array 1
[2024-10-26T03:19:29.382+0530][132.107s][debug][gc,humongous      ] GC(426) Humongous region 992 (object size 1048592 @ 0x00000000be000000) remset 0 code roots 0 marked 0 pinned count 0 reclaim candidate 0 type array 1
[2024-10-26T03:19:29.382+0530][132.107s][debug][gc,humongous      ] GC(426) Humongous region 834 (object size 1048592 @ 0x00000000b4200000) remset 0 code roots 0 marked 0 pinned count 0 reclaim candidate 0 type array 1
[2024-10-26T03:19:29.382+0530][132.107s][debug][gc,humongous      ] GC(426) Humongous region 1148 (object size 1048592 @ 0x00000000c7c00000) remset 0 code roots 0 marked 0 pinned count 0 reclaim candidate 0 type array 1
[2024-10-26T03:19:29.382+0530][132.107s][debug][gc,humongous      ] GC(426) Humongous region 1306 (object size 1048592 @ 0x00000000d1a00000) remset 0 code roots 0 marked 0 pinned count 0 reclaim candidate 0 type array 1
[2024-10-26T03:19:29.382+0530][132.107s][debug][gc,humongous      ] GC(426) Humongous region 1464 (object size 1048592 @ 0x00000000db800000) remset 0 code roots 0 marked 0 pinned count 0 reclaim candidate 0 type array 1
[2024-10-26T03:19:29.382+0530][132.107s][debug][gc,humongous      ] GC(426) Humongous region 1622 (object size 1048592 @ 0x00000000e5600000) remset 0 code roots 0 marked 0 pinned count 0 reclaim candidate 0 type array 1
[2024-10-26T03:19:29.382+0530][132.107s][debug][gc,humongous      ] GC(426) Humongous region 1778 (object size 1048592 @ 0x00000000ef200000) remset 0 code roots 0 marked 0 pinned count 0 reclaim candidate 0 type array 1
[2024-10-26T03:19:29.382+0530][132.107s][debug][gc,humongous      ] GC(426) Humongous region 1936 (object size 1048592 @ 0x00000000f9000000) remset 0 code roots 0 marked 0 pinned count 0 reclaim candidate 0 type array 1
[2024-10-26T03:19:29.382+0530][132.107s][debug][gc,humongous      ] GC(426) Humongous region 206 (object size 1048592 @ 0x000000008ce00000) remset 0 code roots 0 marked 0 pinned count 0 reclaim candidate 0 type array 1
[2024-10-26T03:19:29.382+0530][132.107s][debug][gc,humongous      ] GC(426) Humongous region 364 (object size 1048592 @ 0x0000000096c00000) remset 0 code roots 0 marked 0 pinned count 0 reclaim candidate 0 type array 1
[2024-10-26T03:19:29.382+0530][132.107s][debug][gc,humongous      ] GC(426) Humongous region 678 (object size 1048592 @ 0x00000000aa600000) remset 0 code roots 0 marked 0 pinned count 0 reclaim candidate 0 type array 1
[2024-10-26T03:19:29.382+0530][132.107s][debug][gc,humongous      ] GC(426) Humongous region 520 (object size 1048592 @ 0x00000000a0800000) remset 0 code roots 0 marked 0 pinned count 0 reclaim candidate 0 type array 1
[2024-10-26T03:19:29.382+0530][132.107s][debug][gc,humongous      ] GC(426) Humongous region 68 (object size 1048592 @ 0x0000000084400000) remset 0 code roots 0 marked 0 pinned count 0 reclaim candidate 0 type array 1
[2024-10-26T03:19:29.383+0530][132.107s][debug][gc,humongous      ] GC(426) Humongous region 994 (object size 1048592 @ 0x00000000be200000) remset 0 code roots 0 marked 0 pinned count 0 reclaim candidate 0 type array 1
[2024-10-26T03:19:29.383+0530][132.107s][debug][gc,humongous      ] GC(426) Humongous region 836 (object size 1048592 @ 0x00000000b4400000) remset 0 code roots 0 marked 0 pinned count 0 reclaim candidate 0 type array 1
[2024-10-26T03:19:29.383+0530][132.107s][debug][gc,humongous      ] GC(426) Humongous region 1150 (object size 1048592 @ 0x00000000c7e00000) remset 0 code roots 0 marked 0 pinned count 0 reclaim candidate 0 type array 1
[2024-10-26T03:19:29.383+0530][132.107s][debug][gc,humongous      ] GC(426) Humongous region 1308 (object size 1048592 @ 0x00000000d1c00000) remset 0 code roots 0 marked 0 pinned count 0 reclaim candidate 0 type array 1
[2024-10-26T03:19:29.383+0530][132.107s][debug][gc,humongous      ] GC(426) Humongous region 1466 (object size 1048592 @ 0x00000000dba00000) remset 0 code roots 0 marked 0 pinned count 0 reclaim candidate 0 type array 1
[2024-10-26T03:19:29.383+0530][132.107s][debug][gc,humongous      ] GC(426) Humongous region 1624 (object size 1048592 @ 0x00000000e5800000) remset 0 code roots 0 marked 0 pinned count 0 reclaim candidate 0 type array 1
[2024-10-26T03:19:29.383+0530][132.107s][debug][gc,humongous      ] GC(426) Humongous region 1780 (object size 1048592 @ 0x00000000ef400000) remset 0 code roots 0 marked 0 pinned count 0 reclaim candidate 0 type array 1
[2024-10-26T03:19:29.383+0530][132.107s][debug][gc,humongous      ] GC(426) Humongous region 1938 (object size 1048592 @ 0x00000000f9200000) remset 0 code roots 0 marked 0 pinned count 0 reclaim candidate 0 type array 1
[2024-10-26T03:19:29.383+0530][132.107s][debug][gc,humongous      ] GC(426) Humongous region 208 (object size 1048592 @ 0x000000008d000000) remset 0 code roots 0 marked 0 pinned count 0 reclaim candidate 0 type array 1
[2024-10-26T03:19:29.383+0530][132.107s][debug][gc,humongous      ] GC(426) Humongous region 366 (object size 1048592 @ 0x0000000096e00000) remset 0 code roots 0 marked 0 pinned count 0 reclaim candidate 0 type array 1
[2024-10-26T03:19:29.383+0530][132.107s][debug][gc,humongous      ] GC(426) Humongous region 680 (object size 1048592 @ 0x00000000aa800000) remset 0 code roots 0 marked 0 pinned count 0 reclaim candidate 0 type array 1
[2024-10-26T03:19:29.383+0530][132.107s][debug][gc,humongous      ] GC(426) Humongous region 522 (object size 1048592 @ 0x00000000a0a00000) remset 0 code roots 0 marked 0 pinned count 0 reclaim candidate 0 type array 1
[2024-10-26T03:19:29.383+0530][132.107s][debug][gc,humongous      ] GC(426) Humongous region 70 (object size 1048592 @ 0x0000000084600000) remset 0 code roots 0 marked 0 pinned count 0 reclaim candidate 0 type array 1
[2024-10-26T03:19:29.383+0530][132.107s][debug][gc,humongous      ] GC(426) Humongous region 996 (object size 1048592 @ 0x00000000be400000) remset 0 code roots 0 marked 0 pinned count 0 reclaim candidate 0 type array 1
[2024-10-26T03:19:29.383+0530][132.107s][debug][gc,humongous      ] GC(426) Humongous region 838 (object size 1048592 @ 0x00000000b4600000) remset 0 code roots 0 marked 0 pinned count 0 reclaim candidate 0 type array 1
[2024-10-26T03:19:29.383+0530][132.107s][debug][gc,humongous      ] GC(426) Humongous region 1152 (object size 1048592 @ 0x00000000c8000000) remset 0 code roots 0 marked 0 pinned count 0 reclaim candidate 0 type array 1
[2024-10-26T03:19:29.383+0530][132.107s][debug][gc,humongous      ] GC(426) Humongous region 1310 (object size 1048592 @ 0x00000000d1e00000) remset 0 code roots 0 marked 0 pinned count 0 reclaim candidate 0 type array 1
[2024-10-26T03:19:29.383+0530][132.107s][debug][gc,humongous      ] GC(426) Humongous region 1468 (object size 1048592 @ 0x00000000dbc00000) remset 0 code roots 0 marked 0 pinned count 0 reclaim candidate 0 type array 1
[2024-10-26T03:19:29.383+0530][132.107s][debug][gc,humongous      ] GC(426) Humongous region 1626 (object size 1048592 @ 0x00000000e5a00000) remset 0 code roots 0 marked 0 pinned count 0 reclaim candidate 0 type array 1
[2024-10-26T03:19:29.383+0530][132.107s][debug][gc,humongous      ] GC(426) Humongous region 1782 (object size 1048592 @ 0x00000000ef600000) remset 0 code roots 0 marked 0 pinned count 0 reclaim candidate 0 type array 1
[2024-10-26T03:19:29.383+0530][132.107s][debug][gc,humongous      ] GC(426) Humongous region 1940 (object size 1048592 @ 0x00000000f9400000) remset 0 code roots 0 marked 0 pinned count 0 reclaim candidate 0 type array 1
[2024-10-26T03:19:29.383+0530][132.107s][debug][gc,humongous      ] GC(426) Humongous region 210 (object size 1048592 @ 0x000000008d200000) remset 0 code roots 0 marked 0 pinned count 0 reclaim candidate 0 type array 1
[2024-10-26T03:19:29.383+0530][132.107s][debug][gc,humongous      ] GC(426) Humongous region 682 (object size 1048592 @ 0x00000000aaa00000) remset 0 code roots 0 marked 0 pinned count 0 reclaim candidate 0 type array 1
[2024-10-26T03:19:29.383+0530][132.107s][debug][gc,humongous      ] GC(426) Humongous region 368 (object size 1048592 @ 0x0000000097000000) remset 0 code roots 0 marked 0 pinned count 0 reclaim candidate 0 type array 1
[2024-10-26T03:19:29.383+0530][132.107s][debug][gc,humongous      ] GC(426) Humongous region 524 (object size 1048592 @ 0x00000000a0c00000) remset 0 code roots 0 marked 0 pinned count 0 reclaim candidate 0 type array 1
[2024-10-26T03:19:29.383+0530][132.107s][debug][gc,humongous      ] GC(426) Humongous region 72 (object size 1048592 @ 0x0000000084800000) remset 0 code roots 0 marked 0 pinned count 0 reclaim candidate 0 type array 1
[2024-10-26T03:19:29.383+0530][132.107s][debug][gc,humongous      ] GC(426) Humongous region 998 (object size 1048592 @ 0x00000000be600000) remset 0 code roots 0 marked 0 pinned count 0 reclaim candidate 0 type array 1
[2024-10-26T03:19:29.383+0530][132.107s][debug][gc,humongous      ] GC(426) Humongous region 840 (object size 1048592 @ 0x00000000b4800000) remset 0 code roots 0 marked 0 pinned count 0 reclaim candidate 0 type array 1
[2024-10-26T03:19:29.383+0530][132.107s][debug][gc,humongous      ] GC(426) Humongous region 1154 (object size 1048592 @ 0x00000000c8200000) remset 0 code roots 0 marked 0 pinned count 0 reclaim candidate 0 type array 1
[2024-10-26T03:19:29.383+0530][132.107s][debug][gc,humongous      ] GC(426) Humongous region 1312 (object size 1048592 @ 0x00000000d2000000) remset 0 code roots 0 marked 0 pinned count 0 reclaim candidate 0 type array 1
[2024-10-26T03:19:29.383+0530][132.107s][debug][gc,humongous      ] GC(426) Humongous region 1470 (object size 1048592 @ 0x00000000dbe00000) remset 0 code roots 0 marked 0 pinned count 0 reclaim candidate 0 type array 1
[2024-10-26T03:19:29.383+0530][132.107s][debug][gc,humongous      ] GC(426) Humongous region 1628 (object size 1048592 @ 0x00000000e5c00000) remset 0 code roots 0 marked 0 pinned count 0 reclaim candidate 0 type array 1
[2024-10-26T03:19:29.383+0530][132.107s][debug][gc,humongous      ] GC(426) Humongous region 1784 (object size 1048592 @ 0x00000000ef800000) remset 0 code roots 0 marked 0 pinned count 0 reclaim candidate 0 type array 1
[2024-10-26T03:19:29.383+0530][132.108s][debug][gc,humongous      ] GC(426) Humongous region 1942 (object size 1048592 @ 0x00000000f9600000) remset 0 code roots 0 marked 0 pinned count 0 reclaim candidate 0 type array 1
[2024-10-26T03:19:29.383+0530][132.108s][debug][gc,humongous      ] GC(426) Humongous region 212 (object size 1048592 @ 0x000000008d400000) remset 0 code roots 0 marked 0 pinned count 0 reclaim candidate 0 type array 1
[2024-10-26T03:19:29.383+0530][132.108s][debug][gc,humongous      ] GC(426) Humongous region 684 (object size 1048592 @ 0x00000000aac00000) remset 0 code roots 0 marked 0 pinned count 0 reclaim candidate 0 type array 1
[2024-10-26T03:19:29.383+0530][132.108s][debug][gc,humongous      ] GC(426) Humongous region 370 (object size 1048592 @ 0x0000000097200000) remset 0 code roots 0 marked 0 pinned count 0 reclaim candidate 0 type array 1
[2024-10-26T03:19:29.383+0530][132.108s][debug][gc,humongous      ] GC(426) Humongous region 526 (object size 1048592 @ 0x00000000a0e00000) remset 0 code roots 0 marked 0 pinned count 0 reclaim candidate 0 type array 1
[2024-10-26T03:19:29.383+0530][132.108s][debug][gc,humongous      ] GC(426) Humongous region 74 (object size 1048592 @ 0x0000000084a00000) remset 0 code roots 0 marked 0 pinned count 0 reclaim candidate 0 type array 1
[2024-10-26T03:19:29.383+0530][132.108s][debug][gc,humongous      ] GC(426) Humongous region 1000 (object size 1048592 @ 0x00000000be800000) remset 0 code roots 0 marked 0 pinned count 0 reclaim candidate 0 type array 1
[2024-10-26T03:19:29.383+0530][132.108s][debug][gc,humongous      ] GC(426) Humongous region 842 (object size 1048592 @ 0x00000000b4a00000) remset 0 code roots 0 marked 0 pinned count 0 reclaim candidate 0 type array 1
[2024-10-26T03:19:29.383+0530][132.108s][debug][gc,humongous      ] GC(426) Humongous region 1156 (object size 1048592 @ 0x00000000c8400000) remset 0 code roots 0 marked 0 pinned count 0 reclaim candidate 0 type array 1
[2024-10-26T03:19:29.383+0530][132.108s][debug][gc,humongous      ] GC(426) Humongous region 1314 (object size 1048592 @ 0x00000000d2200000) remset 0 code roots 0 marked 0 pinned count 0 reclaim candidate 0 type array 1
[2024-10-26T03:19:29.383+0530][132.108s][debug][gc,humongous      ] GC(426) Humongous region 1472 (object size 1048592 @ 0x00000000dc000000) remset 0 code roots 0 marked 0 pinned count 0 reclaim candidate 0 type array 1
[2024-10-26T03:19:29.383+0530][132.108s][debug][gc,humongous      ] GC(426) Humongous region 1630 (object size 1048592 @ 0x00000000e5e00000) remset 0 code roots 0 marked 0 pinned count 0 reclaim candidate 0 type array 1
[2024-10-26T03:19:29.383+0530][132.108s][debug][gc,humongous      ] GC(426) Humongous region 1786 (object size 1048592 @ 0x00000000efa00000) remset 0 code roots 0 marked 0 pinned count 0 reclaim candidate 0 type array 1
[2024-10-26T03:19:29.383+0530][132.108s][debug][gc,humongous      ] GC(426) Humongous region 1944 (object size 1048592 @ 0x00000000f9800000) remset 0 code roots 0 marked 0 pinned count 0 reclaim candidate 0 type array 1
[2024-10-26T03:19:29.383+0530][132.108s][debug][gc,humongous      ] GC(426) Humongous region 214 (object size 1048592 @ 0x000000008d600000) remset 0 code roots 0 marked 0 pinned count 0 reclaim candidate 0 type array 1
[2024-10-26T03:19:29.383+0530][132.108s][debug][gc,humongous      ] GC(426) Humongous region 686 (object size 1048592 @ 0x00000000aae00000) remset 0 code roots 0 marked 0 pinned count 0 reclaim candidate 0 type array 1
[2024-10-26T03:19:29.383+0530][132.108s][debug][gc,humongous      ] GC(426) Humongous region 372 (object size 1048592 @ 0x0000000097400000) remset 0 code roots 0 marked 0 pinned count 0 reclaim candidate 0 type array 1
[2024-10-26T03:19:29.383+0530][132.108s][debug][gc,humongous      ] GC(426) Humongous region 528 (object size 1048592 @ 0x00000000a1000000) remset 0 code roots 0 marked 0 pinned count 0 reclaim candidate 0 type array 1
[2024-10-26T03:19:29.383+0530][132.108s][debug][gc,humongous      ] GC(426) Humongous region 76 (object size 1048592 @ 0x0000000084c00000) remset 0 code roots 0 marked 0 pinned count 0 reclaim candidate 0 type array 1
[2024-10-26T03:19:29.383+0530][132.108s][debug][gc,humongous      ] GC(426) Humongous region 1002 (object size 1048592 @ 0x00000000bea00000) remset 0 code roots 0 marked 0 pinned count 0 reclaim candidate 0 type array 1
[2024-10-26T03:19:29.383+0530][132.108s][debug][gc,humongous      ] GC(426) Humongous region 844 (object size 1048592 @ 0x00000000b4c00000) remset 0 code roots 0 marked 0 pinned count 0 reclaim candidate 0 type array 1
[2024-10-26T03:19:29.383+0530][132.108s][debug][gc,humongous      ] GC(426) Humongous region 1158 (object size 1048592 @ 0x00000000c8600000) remset 0 code roots 0 marked 0 pinned count 0 reclaim candidate 0 type array 1
[2024-10-26T03:19:29.383+0530][132.108s][debug][gc,humongous      ] GC(426) Humongous region 1316 (object size 1048592 @ 0x00000000d2400000) remset 0 code roots 0 marked 0 pinned count 0 reclaim candidate 0 type array 1
[2024-10-26T03:19:29.383+0530][132.108s][debug][gc,humongous      ] GC(426) Humongous region 1474 (object size 1048592 @ 0x00000000dc200000) remset 0 code roots 0 marked 0 pinned count 0 reclaim candidate 0 type array 1
[2024-10-26T03:19:29.383+0530][132.108s][debug][gc,humongous      ] GC(426) Humongous region 1632 (object size 1048592 @ 0x00000000e6000000) remset 0 code roots 0 marked 0 pinned count 0 reclaim candidate 0 type array 1
[2024-10-26T03:19:29.383+0530][132.108s][debug][gc,humongous      ] GC(426) Humongous region 1788 (object size 1048592 @ 0x00000000efc00000) remset 0 code roots 0 marked 0 pinned count 0 reclaim candidate 0 type array 1
[2024-10-26T03:19:29.383+0530][132.108s][debug][gc,humongous      ] GC(426) Humongous region 1946 (object size 1048592 @ 0x00000000f9a00000) remset 0 code roots 0 marked 0 pinned count 0 reclaim candidate 0 type array 1
[2024-10-26T03:19:29.383+0530][132.108s][debug][gc,humongous      ] GC(426) Humongous region 216 (object size 1048592 @ 0x000000008d800000) remset 0 code roots 0 marked 0 pinned count 0 reclaim candidate 0 type array 1
[2024-10-26T03:19:29.383+0530][132.108s][debug][gc,humongous      ] GC(426) Humongous region 688 (object size 1048592 @ 0x00000000ab000000) remset 0 code roots 0 marked 0 pinned count 0 reclaim candidate 0 type array 1
[2024-10-26T03:19:29.383+0530][132.108s][debug][gc,humongous      ] GC(426) Humongous region 374 (object size 1048592 @ 0x0000000097600000) remset 0 code roots 0 marked 0 pinned count 0 reclaim candidate 0 type array 1
[2024-10-26T03:19:29.383+0530][132.108s][debug][gc,humongous      ] GC(426) Humongous region 530 (object size 1048592 @ 0x00000000a1200000) remset 0 code roots 0 marked 0 pinned count 0 reclaim candidate 0 type array 1
[2024-10-26T03:19:29.383+0530][132.108s][debug][gc,humongous      ] GC(426) Humongous region 78 (object size 1048592 @ 0x0000000084e00000) remset 0 code roots 0 marked 0 pinned count 0 reclaim candidate 0 type array 1
[2024-10-26T03:19:29.383+0530][132.108s][debug][gc,humongous      ] GC(426) Humongous region 1004 (object size 1048592 @ 0x00000000bec00000) remset 0 code roots 0 marked 0 pinned count 0 reclaim candidate 0 type array 1
[2024-10-26T03:19:29.383+0530][132.108s][debug][gc,humongous      ] GC(426) Humongous region 846 (object size 1048592 @ 0x00000000b4e00000) remset 0 code roots 0 marked 0 pinned count 0 reclaim candidate 0 type array 1
[2024-10-26T03:19:29.384+0530][132.108s][debug][gc,humongous      ] GC(426) Humongous region 1160 (object size 1048592 @ 0x00000000c8800000) remset 0 code roots 0 marked 0 pinned count 0 reclaim candidate 0 type array 1
[2024-10-26T03:19:29.384+0530][132.108s][debug][gc,humongous      ] GC(426) Humongous region 1318 (object size 1048592 @ 0x00000000d2600000) remset 0 code roots 0 marked 0 pinned count 0 reclaim candidate 0 type array 1
[2024-10-26T03:19:29.384+0530][132.108s][debug][gc,humongous      ] GC(426) Humongous region 1476 (object size 1048592 @ 0x00000000dc400000) remset 0 code roots 0 marked 0 pinned count 0 reclaim candidate 0 type array 1
[2024-10-26T03:19:29.384+0530][132.108s][debug][gc,humongous      ] GC(426) Humongous region 1634 (object size 1048592 @ 0x00000000e6200000) remset 0 code roots 0 marked 0 pinned count 0 reclaim candidate 0 type array 1
[2024-10-26T03:19:29.384+0530][132.108s][debug][gc,humongous      ] GC(426) Humongous region 1790 (object size 1048592 @ 0x00000000efe00000) remset 0 code roots 0 marked 0 pinned count 0 reclaim candidate 0 type array 1
[2024-10-26T03:19:29.384+0530][132.108s][debug][gc,humongous      ] GC(426) Humongous region 1948 (object size 1048592 @ 0x00000000f9c00000) remset 0 code roots 0 marked 0 pinned count 0 reclaim candidate 0 type array 1
[2024-10-26T03:19:29.384+0530][132.108s][debug][gc,humongous      ] GC(426) Humongous region 218 (object size 1048592 @ 0x000000008da00000) remset 0 code roots 0 marked 0 pinned count 0 reclaim candidate 0 type array 1
[2024-10-26T03:19:29.384+0530][132.108s][debug][gc,humongous      ] GC(426) Humongous region 690 (object size 1048592 @ 0x00000000ab200000) remset 0 code roots 0 marked 0 pinned count 0 reclaim candidate 0 type array 1
[2024-10-26T03:19:29.384+0530][132.108s][debug][gc,humongous      ] GC(426) Humongous region 376 (object size 1048592 @ 0x0000000097800000) remset 0 code roots 0 marked 0 pinned count 0 reclaim candidate 0 type array 1
[2024-10-26T03:19:29.384+0530][132.108s][debug][gc,humongous      ] GC(426) Humongous region 532 (object size 1048592 @ 0x00000000a1400000) remset 0 code roots 0 marked 0 pinned count 0 reclaim candidate 0 type array 1
[2024-10-26T03:19:29.384+0530][132.108s][debug][gc,humongous      ] GC(426) Humongous region 80 (object size 1048592 @ 0x0000000085000000) remset 0 code roots 0 marked 0 pinned count 0 reclaim candidate 0 type array 1
[2024-10-26T03:19:29.384+0530][132.108s][debug][gc,humongous      ] GC(426) Humongous region 1006 (object size 1048592 @ 0x00000000bee00000) remset 0 code roots 0 marked 0 pinned count 0 reclaim candidate 0 type array 1
[2024-10-26T03:19:29.384+0530][132.108s][debug][gc,humongous      ] GC(426) Humongous region 848 (object size 1048592 @ 0x00000000b5000000) remset 0 code roots 0 marked 0 pinned count 0 reclaim candidate 0 type array 1
[2024-10-26T03:19:29.384+0530][132.108s][debug][gc,humongous      ] GC(426) Humongous region 1162 (object size 1048592 @ 0x00000000c8a00000) remset 0 code roots 0 marked 0 pinned count 0 reclaim candidate 0 type array 1
[2024-10-26T03:19:29.384+0530][132.108s][debug][gc,humongous      ] GC(426) Humongous region 1320 (object size 1048592 @ 0x00000000d2800000) remset 0 code roots 0 marked 0 pinned count 0 reclaim candidate 0 type array 1
[2024-10-26T03:19:29.384+0530][132.108s][debug][gc,humongous      ] GC(426) Humongous region 1478 (object size 1048592 @ 0x00000000dc600000) remset 0 code roots 0 marked 0 pinned count 0 reclaim candidate 0 type array 1
[2024-10-26T03:19:29.384+0530][132.108s][debug][gc,humongous      ] GC(426) Humongous region 1636 (object size 1048592 @ 0x00000000e6400000) remset 0 code roots 0 marked 0 pinned count 0 reclaim candidate 0 type array 1
[2024-10-26T03:19:29.384+0530][132.108s][debug][gc,humongous      ] GC(426) Humongous region 1792 (object size 1048592 @ 0x00000000f0000000) remset 0 code roots 0 marked 0 pinned count 0 reclaim candidate 0 type array 1
[2024-10-26T03:19:29.384+0530][132.108s][debug][gc,humongous      ] GC(426) Humongous region 1950 (object size 1048592 @ 0x00000000f9e00000) remset 0 code roots 0 marked 0 pinned count 0 reclaim candidate 0 type array 1
[2024-10-26T03:19:29.384+0530][132.108s][debug][gc,humongous      ] GC(426) Humongous region 220 (object size 1048592 @ 0x000000008dc00000) remset 0 code roots 0 marked 0 pinned count 0 reclaim candidate 0 type array 1
[2024-10-26T03:19:29.384+0530][132.108s][debug][gc,humongous      ] GC(426) Humongous region 692 (object size 1048592 @ 0x00000000ab400000) remset 0 code roots 0 marked 0 pinned count 0 reclaim candidate 0 type array 1
[2024-10-26T03:19:29.384+0530][132.108s][debug][gc,humongous      ] GC(426) Humongous region 378 (object size 1048592 @ 0x0000000097a00000) remset 0 code roots 0 marked 0 pinned count 0 reclaim candidate 0 type array 1
[2024-10-26T03:19:29.384+0530][132.108s][debug][gc,humongous      ] GC(426) Humongous region 534 (object size 1048592 @ 0x00000000a1600000) remset 0 code roots 0 marked 0 pinned count 0 reclaim candidate 0 type array 1
[2024-10-26T03:19:29.384+0530][132.108s][debug][gc,humongous      ] GC(426) Humongous region 82 (object size 1048592 @ 0x0000000085200000) remset 0 code roots 0 marked 0 pinned count 0 reclaim candidate 0 type array 1
[2024-10-26T03:19:29.384+0530][132.108s][debug][gc,humongous      ] GC(426) Humongous region 1008 (object size 1048592 @ 0x00000000bf000000) remset 0 code roots 0 marked 0 pinned count 0 reclaim candidate 0 type array 1
[2024-10-26T03:19:29.384+0530][132.108s][debug][gc,humongous      ] GC(426) Humongous region 850 (object size 1048592 @ 0x00000000b5200000) remset 0 code roots 0 marked 0 pinned count 0 reclaim candidate 0 type array 1
[2024-10-26T03:19:29.384+0530][132.108s][debug][gc,humongous      ] GC(426) Humongous region 1164 (object size 1048592 @ 0x00000000c8c00000) remset 0 code roots 0 marked 0 pinned count 0 reclaim candidate 0 type array 1
[2024-10-26T03:19:29.384+0530][132.108s][debug][gc,humongous      ] GC(426) Humongous region 1322 (object size 1048592 @ 0x00000000d2a00000) remset 0 code roots 0 marked 0 pinned count 0 reclaim candidate 0 type array 1
[2024-10-26T03:19:29.384+0530][132.108s][debug][gc,humongous      ] GC(426) Humongous region 1480 (object size 1048592 @ 0x00000000dc800000) remset 0 code roots 0 marked 0 pinned count 0 reclaim candidate 0 type array 1
[2024-10-26T03:19:29.384+0530][132.108s][debug][gc,humongous      ] GC(426) Humongous region 1638 (object size 1048592 @ 0x00000000e6600000) remset 0 code roots 0 marked 0 pinned count 0 reclaim candidate 0 type array 1
[2024-10-26T03:19:29.384+0530][132.108s][debug][gc,humongous      ] GC(426) Humongous region 1794 (object size 1048592 @ 0x00000000f0200000) remset 0 code roots 0 marked 0 pinned count 0 reclaim candidate 0 type array 1
[2024-10-26T03:19:29.384+0530][132.108s][debug][gc,humongous      ] GC(426) Humongous region 1952 (object size 1048592 @ 0x00000000fa000000) remset 0 code roots 0 marked 0 pinned count 0 reclaim candidate 0 type array 1
[2024-10-26T03:19:29.384+0530][132.108s][debug][gc,humongous      ] GC(426) Humongous region 222 (object size 1048592 @ 0x000000008de00000) remset 0 code roots 0 marked 0 pinned count 0 reclaim candidate 0 type array 1
[2024-10-26T03:19:29.384+0530][132.108s][debug][gc,humongous      ] GC(426) Humongous region 694 (object size 1048592 @ 0x00000000ab600000) remset 0 code roots 0 marked 0 pinned count 0 reclaim candidate 0 type array 1
[2024-10-26T03:19:29.384+0530][132.108s][debug][gc,humongous      ] GC(426) Humongous region 380 (object size 1048592 @ 0x0000000097c00000) remset 0 code roots 0 marked 0 pinned count 0 reclaim candidate 0 type array 1
[2024-10-26T03:19:29.384+0530][132.108s][debug][gc,humongous      ] GC(426) Humongous region 536 (object size 1048592 @ 0x00000000a1800000) remset 0 code roots 0 marked 0 pinned count 0 reclaim candidate 0 type array 1
[2024-10-26T03:19:29.384+0530][132.108s][debug][gc,humongous      ] GC(426) Humongous region 84 (object size 1048592 @ 0x0000000085400000) remset 0 code roots 0 marked 0 pinned count 0 reclaim candidate 0 type array 1
[2024-10-26T03:19:29.384+0530][132.108s][debug][gc,humongous      ] GC(426) Humongous region 1010 (object size 1048592 @ 0x00000000bf200000) remset 0 code roots 0 marked 0 pinned count 0 reclaim candidate 0 type array 1
[2024-10-26T03:19:29.384+0530][132.108s][debug][gc,humongous      ] GC(426) Humongous region 852 (object size 1048592 @ 0x00000000b5400000) remset 0 code roots 0 marked 0 pinned count 0 reclaim candidate 0 type array 1
[2024-10-26T03:19:29.384+0530][132.108s][debug][gc,humongous      ] GC(426) Humongous region 1166 (object size 1048592 @ 0x00000000c8e00000) remset 0 code roots 0 marked 0 pinned count 0 reclaim candidate 0 type array 1
[2024-10-26T03:19:29.384+0530][132.108s][debug][gc,humongous      ] GC(426) Humongous region 1324 (object size 1048592 @ 0x00000000d2c00000) remset 0 code roots 0 marked 0 pinned count 0 reclaim candidate 0 type array 1
[2024-10-26T03:19:29.384+0530][132.108s][debug][gc,humongous      ] GC(426) Humongous region 1482 (object size 1048592 @ 0x00000000dca00000) remset 0 code roots 0 marked 0 pinned count 0 reclaim candidate 0 type array 1
[2024-10-26T03:19:29.384+0530][132.109s][debug][gc,humongous      ] GC(426) Humongous region 1640 (object size 1048592 @ 0x00000000e6800000) remset 0 code roots 0 marked 0 pinned count 0 reclaim candidate 0 type array 1
[2024-10-26T03:19:29.384+0530][132.109s][debug][gc,humongous      ] GC(426) Humongous region 1796 (object size 1048592 @ 0x00000000f0400000) remset 0 code roots 0 marked 0 pinned count 0 reclaim candidate 0 type array 1
[2024-10-26T03:19:29.384+0530][132.109s][debug][gc,humongous      ] GC(426) Humongous region 1954 (object size 1048592 @ 0x00000000fa200000) remset 0 code roots 0 marked 0 pinned count 0 reclaim candidate 0 type array 1
[2024-10-26T03:19:29.384+0530][132.109s][debug][gc,humongous      ] GC(426) Humongous region 224 (object size 1048592 @ 0x000000008e000000) remset 0 code roots 0 marked 0 pinned count 0 reclaim candidate 0 type array 1
[2024-10-26T03:19:29.384+0530][132.109s][debug][gc,humongous      ] GC(426) Humongous region 696 (object size 1048592 @ 0x00000000ab800000) remset 0 code roots 0 marked 0 pinned count 0 reclaim candidate 0 type array 1
[2024-10-26T03:19:29.384+0530][132.109s][debug][gc,humongous      ] GC(426) Humongous region 382 (object size 1048592 @ 0x0000000097e00000) remset 0 code roots 0 marked 0 pinned count 0 reclaim candidate 0 type array 1
[2024-10-26T03:19:29.384+0530][132.109s][debug][gc,humongous      ] GC(426) Humongous region 538 (object size 1048592 @ 0x00000000a1a00000) remset 0 code roots 0 marked 0 pinned count 0 reclaim candidate 0 type array 1
[2024-10-26T03:19:29.384+0530][132.109s][debug][gc,humongous      ] GC(426) Humongous region 86 (object size 1048592 @ 0x0000000085600000) remset 0 code roots 0 marked 0 pinned count 0 reclaim candidate 0 type array 1
[2024-10-26T03:19:29.384+0530][132.109s][debug][gc,humongous      ] GC(426) Humongous region 1012 (object size 1048592 @ 0x00000000bf400000) remset 0 code roots 0 marked 0 pinned count 0 reclaim candidate 0 type array 1
[2024-10-26T03:19:29.384+0530][132.109s][debug][gc,humongous      ] GC(426) Humongous region 854 (object size 1048592 @ 0x00000000b5600000) remset 0 code roots 0 marked 0 pinned count 0 reclaim candidate 0 type array 1
[2024-10-26T03:19:29.384+0530][132.109s][debug][gc,humongous      ] GC(426) Humongous region 1168 (object size 1048592 @ 0x00000000c9000000) remset 0 code roots 0 marked 0 pinned count 0 reclaim candidate 0 type array 1
[2024-10-26T03:19:29.384+0530][132.109s][debug][gc,humongous      ] GC(426) Humongous region 1326 (object size 1048592 @ 0x00000000d2e00000) remset 0 code roots 0 marked 0 pinned count 0 reclaim candidate 0 type array 1
[2024-10-26T03:19:29.384+0530][132.109s][debug][gc,humongous      ] GC(426) Humongous region 1484 (object size 1048592 @ 0x00000000dcc00000) remset 0 code roots 0 marked 0 pinned count 0 reclaim candidate 0 type array 1
[2024-10-26T03:19:29.384+0530][132.109s][debug][gc,humongous      ] GC(426) Humongous region 1642 (object size 1048592 @ 0x00000000e6a00000) remset 0 code roots 0 marked 0 pinned count 0 reclaim candidate 0 type array 1
[2024-10-26T03:19:29.384+0530][132.109s][debug][gc,humongous      ] GC(426) Humongous region 1798 (object size 1048592 @ 0x00000000f0600000) remset 0 code roots 0 marked 0 pinned count 0 reclaim candidate 0 type array 1
[2024-10-26T03:19:29.384+0530][132.109s][debug][gc,humongous      ] GC(426) Humongous region 1956 (object size 1048592 @ 0x00000000fa400000) remset 0 code roots 0 marked 0 pinned count 0 reclaim candidate 0 type array 1
[2024-10-26T03:19:29.384+0530][132.109s][debug][gc,humongous      ] GC(426) Humongous region 226 (object size 1048592 @ 0x000000008e200000) remset 0 code roots 0 marked 0 pinned count 0 reclaim candidate 0 type array 1
[2024-10-26T03:19:29.384+0530][132.109s][debug][gc,humongous      ] GC(426) Humongous region 698 (object size 1048592 @ 0x00000000aba00000) remset 0 code roots 0 marked 0 pinned count 0 reclaim candidate 0 type array 1
[2024-10-26T03:19:29.384+0530][132.109s][debug][gc,humongous      ] GC(426) Humongous region 384 (object size 1048592 @ 0x0000000098000000) remset 0 code roots 0 marked 0 pinned count 0 reclaim candidate 0 type array 1
[2024-10-26T03:19:29.384+0530][132.109s][debug][gc,humongous      ] GC(426) Humongous region 540 (object size 1048592 @ 0x00000000a1c00000) remset 0 code roots 0 marked 0 pinned count 0 reclaim candidate 0 type array 1
[2024-10-26T03:19:29.384+0530][132.109s][debug][gc,humongous      ] GC(426) Humongous region 88 (object size 1048592 @ 0x0000000085800000) remset 0 code roots 0 marked 0 pinned count 0 reclaim candidate 0 type array 1
[2024-10-26T03:19:29.384+0530][132.109s][debug][gc,humongous      ] GC(426) Humongous region 1014 (object size 1048592 @ 0x00000000bf600000) remset 0 code roots 0 marked 0 pinned count 0 reclaim candidate 0 type array 1
[2024-10-26T03:19:29.384+0530][132.109s][debug][gc,humongous      ] GC(426) Humongous region 856 (object size 1048592 @ 0x00000000b5800000) remset 0 code roots 0 marked 0 pinned count 0 reclaim candidate 0 type array 1
[2024-10-26T03:19:29.384+0530][132.109s][debug][gc,humongous      ] GC(426) Humongous region 1170 (object size 1048592 @ 0x00000000c9200000) remset 0 code roots 0 marked 0 pinned count 0 reclaim candidate 0 type array 1
[2024-10-26T03:19:29.384+0530][132.109s][debug][gc,humongous      ] GC(426) Humongous region 1328 (object size 1048592 @ 0x00000000d3000000) remset 0 code roots 0 marked 0 pinned count 0 reclaim candidate 0 type array 1
[2024-10-26T03:19:29.384+0530][132.109s][debug][gc,humongous      ] GC(426) Humongous region 1486 (object size 1048592 @ 0x00000000dce00000) remset 0 code roots 0 marked 0 pinned count 0 reclaim candidate 0 type array 1
[2024-10-26T03:19:29.384+0530][132.109s][debug][gc,humongous      ] GC(426) Humongous region 1644 (object size 1048592 @ 0x00000000e6c00000) remset 0 code roots 0 marked 0 pinned count 0 reclaim candidate 0 type array 1
[2024-10-26T03:19:29.384+0530][132.109s][debug][gc,humongous      ] GC(426) Humongous region 1800 (object size 1048592 @ 0x00000000f0800000) remset 0 code roots 0 marked 0 pinned count 0 reclaim candidate 0 type array 1
[2024-10-26T03:19:29.384+0530][132.109s][debug][gc,humongous      ] GC(426) Humongous region 1958 (object size 1048592 @ 0x00000000fa600000) remset 0 code roots 0 marked 0 pinned count 0 reclaim candidate 0 type array 1
[2024-10-26T03:19:29.384+0530][132.109s][debug][gc,humongous      ] GC(426) Humongous region 228 (object size 1048592 @ 0x000000008e400000) remset 0 code roots 0 marked 0 pinned count 0 reclaim candidate 0 type array 1
[2024-10-26T03:19:29.384+0530][132.109s][debug][gc,humongous      ] GC(426) Humongous region 700 (object size 1048592 @ 0x00000000abc00000) remset 0 code roots 0 marked 0 pinned count 0 reclaim candidate 0 type array 1
[2024-10-26T03:19:29.384+0530][132.109s][debug][gc,humongous      ] GC(426) Humongous region 386 (object size 1048592 @ 0x0000000098200000) remset 0 code roots 0 marked 0 pinned count 0 reclaim candidate 0 type array 1
[2024-10-26T03:19:29.384+0530][132.109s][debug][gc,humongous      ] GC(426) Humongous region 542 (object size 1048592 @ 0x00000000a1e00000) remset 0 code roots 0 marked 0 pinned count 0 reclaim candidate 0 type array 1
[2024-10-26T03:19:29.384+0530][132.109s][debug][gc,humongous      ] GC(426) Humongous region 90 (object size 1048592 @ 0x0000000085a00000) remset 0 code roots 0 marked 0 pinned count 0 reclaim candidate 0 type array 1
[2024-10-26T03:19:29.384+0530][132.109s][debug][gc,humongous      ] GC(426) Humongous region 1016 (object size 1048592 @ 0x00000000bf800000) remset 0 code roots 0 marked 0 pinned count 0 reclaim candidate 0 type array 1
[2024-10-26T03:19:29.384+0530][132.109s][debug][gc,humongous      ] GC(426) Humongous region 858 (object size 1048592 @ 0x00000000b5a00000) remset 0 code roots 0 marked 0 pinned count 0 reclaim candidate 0 type array 1
[2024-10-26T03:19:29.385+0530][132.109s][debug][gc,humongous      ] GC(426) Humongous region 1172 (object size 1048592 @ 0x00000000c9400000) remset 0 code roots 0 marked 0 pinned count 0 reclaim candidate 0 type array 1
[2024-10-26T03:19:29.385+0530][132.109s][debug][gc,humongous      ] GC(426) Humongous region 1330 (object size 1048592 @ 0x00000000d3200000) remset 0 code roots 0 marked 0 pinned count 0 reclaim candidate 0 type array 1
[2024-10-26T03:19:29.385+0530][132.109s][debug][gc,humongous      ] GC(426) Humongous region 1488 (object size 1048592 @ 0x00000000dd000000) remset 0 code roots 0 marked 0 pinned count 0 reclaim candidate 0 type array 1
[2024-10-26T03:19:29.385+0530][132.109s][debug][gc,humongous      ] GC(426) Humongous region 1646 (object size 1048592 @ 0x00000000e6e00000) remset 0 code roots 0 marked 0 pinned count 0 reclaim candidate 0 type array 1
[2024-10-26T03:19:29.385+0530][132.109s][debug][gc,humongous      ] GC(426) Humongous region 1802 (object size 1048592 @ 0x00000000f0a00000) remset 0 code roots 0 marked 0 pinned count 0 reclaim candidate 0 type array 1
[2024-10-26T03:19:29.385+0530][132.109s][debug][gc,humongous      ] GC(426) Humongous region 1960 (object size 1048592 @ 0x00000000fa800000) remset 0 code roots 0 marked 0 pinned count 0 reclaim candidate 0 type array 1
[2024-10-26T03:19:29.385+0530][132.109s][debug][gc,humongous      ] GC(426) Humongous region 230 (object size 1048592 @ 0x000000008e600000) remset 0 code roots 0 marked 0 pinned count 0 reclaim candidate 0 type array 1
[2024-10-26T03:19:29.385+0530][132.109s][debug][gc,humongous      ] GC(426) Humongous region 702 (object size 1048592 @ 0x00000000abe00000) remset 0 code roots 0 marked 0 pinned count 0 reclaim candidate 0 type array 1
[2024-10-26T03:19:29.385+0530][132.109s][debug][gc,humongous      ] GC(426) Humongous region 388 (object size 1048592 @ 0x0000000098400000) remset 0 code roots 0 marked 0 pinned count 0 reclaim candidate 0 type array 1
[2024-10-26T03:19:29.385+0530][132.109s][debug][gc,humongous      ] GC(426) Humongous region 544 (object size 1048592 @ 0x00000000a2000000) remset 0 code roots 0 marked 0 pinned count 0 reclaim candidate 0 type array 1
[2024-10-26T03:19:29.385+0530][132.109s][debug][gc,humongous      ] GC(426) Humongous region 92 (object size 1048592 @ 0x0000000085c00000) remset 0 code roots 0 marked 0 pinned count 0 reclaim candidate 0 type array 1
[2024-10-26T03:19:29.385+0530][132.109s][debug][gc,humongous      ] GC(426) Humongous region 1018 (object size 1048592 @ 0x00000000bfa00000) remset 0 code roots 0 marked 0 pinned count 0 reclaim candidate 0 type array 1
[2024-10-26T03:19:29.385+0530][132.109s][debug][gc,humongous      ] GC(426) Humongous region 860 (object size 1048592 @ 0x00000000b5c00000) remset 0 code roots 0 marked 0 pinned count 0 reclaim candidate 0 type array 1
[2024-10-26T03:19:29.385+0530][132.109s][debug][gc,humongous      ] GC(426) Humongous region 1174 (object size 1048592 @ 0x00000000c9600000) remset 0 code roots 0 marked 0 pinned count 0 reclaim candidate 0 type array 1
[2024-10-26T03:19:29.385+0530][132.109s][debug][gc,humongous      ] GC(426) Humongous region 1332 (object size 1048592 @ 0x00000000d3400000) remset 0 code roots 0 marked 0 pinned count 0 reclaim candidate 0 type array 1
[2024-10-26T03:19:29.385+0530][132.109s][debug][gc,humongous      ] GC(426) Humongous region 1490 (object size 1048592 @ 0x00000000dd200000) remset 0 code roots 0 marked 0 pinned count 0 reclaim candidate 0 type array 1
[2024-10-26T03:19:29.385+0530][132.109s][debug][gc,humongous      ] GC(426) Humongous region 1648 (object size 1048592 @ 0x00000000e7000000) remset 0 code roots 0 marked 0 pinned count 0 reclaim candidate 0 type array 1
[2024-10-26T03:19:29.385+0530][132.109s][debug][gc,humongous      ] GC(426) Humongous region 1804 (object size 1048592 @ 0x00000000f0c00000) remset 0 code roots 0 marked 0 pinned count 0 reclaim candidate 0 type array 1
[2024-10-26T03:19:29.385+0530][132.109s][debug][gc,humongous      ] GC(426) Humongous region 1962 (object size 1048592 @ 0x00000000faa00000) remset 0 code roots 0 marked 0 pinned count 0 reclaim candidate 0 type array 1
[2024-10-26T03:19:29.385+0530][132.109s][debug][gc,humongous      ] GC(426) Humongous region 232 (object size 1048592 @ 0x000000008e800000) remset 0 code roots 0 marked 0 pinned count 0 reclaim candidate 0 type array 1
[2024-10-26T03:19:29.385+0530][132.109s][debug][gc,humongous      ] GC(426) Humongous region 704 (object size 1048592 @ 0x00000000ac000000) remset 0 code roots 0 marked 0 pinned count 0 reclaim candidate 0 type array 1
[2024-10-26T03:19:29.385+0530][132.109s][debug][gc,humongous      ] GC(426) Humongous region 390 (object size 1048592 @ 0x0000000098600000) remset 0 code roots 0 marked 0 pinned count 0 reclaim candidate 0 type array 1
[2024-10-26T03:19:29.385+0530][132.109s][debug][gc,humongous      ] GC(426) Humongous region 546 (object size 1048592 @ 0x00000000a2200000) remset 0 code roots 0 marked 0 pinned count 0 reclaim candidate 0 type array 1
[2024-10-26T03:19:29.385+0530][132.109s][debug][gc,humongous      ] GC(426) Humongous region 94 (object size 1048592 @ 0x0000000085e00000) remset 0 code roots 0 marked 0 pinned count 0 reclaim candidate 0 type array 1
[2024-10-26T03:19:29.385+0530][132.109s][debug][gc,humongous      ] GC(426) Humongous region 1020 (object size 1048592 @ 0x00000000bfc00000) remset 0 code roots 0 marked 0 pinned count 0 reclaim candidate 0 type array 1
[2024-10-26T03:19:29.385+0530][132.109s][debug][gc,humongous      ] GC(426) Humongous region 862 (object size 1048592 @ 0x00000000b5e00000) remset 0 code roots 0 marked 0 pinned count 0 reclaim candidate 0 type array 1
[2024-10-26T03:19:29.385+0530][132.109s][debug][gc,humongous      ] GC(426) Humongous region 1176 (object size 1048592 @ 0x00000000c9800000) remset 0 code roots 0 marked 0 pinned count 0 reclaim candidate 0 type array 1
[2024-10-26T03:19:29.385+0530][132.109s][debug][gc,humongous      ] GC(426) Humongous region 1334 (object size 1048592 @ 0x00000000d3600000) remset 0 code roots 0 marked 0 pinned count 0 reclaim candidate 0 type array 1
[2024-10-26T03:19:29.385+0530][132.109s][debug][gc,humongous      ] GC(426) Humongous region 1492 (object size 1048592 @ 0x00000000dd400000) remset 0 code roots 0 marked 0 pinned count 0 reclaim candidate 0 type array 1
[2024-10-26T03:19:29.385+0530][132.109s][debug][gc,humongous      ] GC(426) Humongous region 1650 (object size 1048592 @ 0x00000000e7200000) remset 0 code roots 0 marked 0 pinned count 0 reclaim candidate 0 type array 1
[2024-10-26T03:19:29.385+0530][132.109s][debug][gc,humongous      ] GC(426) Humongous region 1806 (object size 1048592 @ 0x00000000f0e00000) remset 0 code roots 0 marked 0 pinned count 0 reclaim candidate 0 type array 1
[2024-10-26T03:19:29.385+0530][132.109s][debug][gc,humongous      ] GC(426) Humongous region 1964 (object size 1048592 @ 0x00000000fac00000) remset 0 code roots 0 marked 0 pinned count 0 reclaim candidate 0 type array 1
[2024-10-26T03:19:29.385+0530][132.109s][debug][gc,humongous      ] GC(426) Humongous region 234 (object size 1048592 @ 0x000000008ea00000) remset 0 code roots 0 marked 0 pinned count 0 reclaim candidate 0 type array 1
[2024-10-26T03:19:29.385+0530][132.109s][debug][gc,humongous      ] GC(426) Humongous region 706 (object size 1048592 @ 0x00000000ac200000) remset 0 code roots 0 marked 0 pinned count 0 reclaim candidate 0 type array 1
[2024-10-26T03:19:29.385+0530][132.109s][debug][gc,humongous      ] GC(426) Humongous region 392 (object size 1048592 @ 0x0000000098800000) remset 0 code roots 0 marked 0 pinned count 0 reclaim candidate 0 type array 1
[2024-10-26T03:19:29.385+0530][132.109s][debug][gc,humongous      ] GC(426) Humongous region 548 (object size 1048592 @ 0x00000000a2400000) remset 0 code roots 0 marked 0 pinned count 0 reclaim candidate 0 type array 1
[2024-10-26T03:19:29.385+0530][132.109s][debug][gc,humongous      ] GC(426) Humongous region 96 (object size 1048592 @ 0x0000000086000000) remset 0 code roots 0 marked 0 pinned count 0 reclaim candidate 0 type array 1
[2024-10-26T03:19:29.385+0530][132.109s][debug][gc,humongous      ] GC(426) Humongous region 1022 (object size 1048592 @ 0x00000000bfe00000) remset 0 code roots 0 marked 0 pinned count 0 reclaim candidate 0 type array 1
[2024-10-26T03:19:29.385+0530][132.109s][debug][gc,humongous      ] GC(426) Humongous region 864 (object size 1048592 @ 0x00000000b6000000) remset 0 code roots 0 marked 0 pinned count 0 reclaim candidate 0 type array 1
[2024-10-26T03:19:29.385+0530][132.109s][debug][gc,humongous      ] GC(426) Humongous region 1178 (object size 1048592 @ 0x00000000c9a00000) remset 0 code roots 0 marked 0 pinned count 0 reclaim candidate 0 type array 1
[2024-10-26T03:19:29.385+0530][132.109s][debug][gc,humongous      ] GC(426) Humongous region 1336 (object size 1048592 @ 0x00000000d3800000) remset 0 code roots 0 marked 0 pinned count 0 reclaim candidate 0 type array 1
[2024-10-26T03:19:29.385+0530][132.109s][debug][gc,humongous      ] GC(426) Humongous region 1494 (object size 1048592 @ 0x00000000dd600000) remset 0 code roots 0 marked 0 pinned count 0 reclaim candidate 0 type array 1
[2024-10-26T03:19:29.385+0530][132.109s][debug][gc,humongous      ] GC(426) Humongous region 1652 (object size 1048592 @ 0x00000000e7400000) remset 0 code roots 0 marked 0 pinned count 0 reclaim candidate 0 type array 1
[2024-10-26T03:19:29.385+0530][132.109s][debug][gc,humongous      ] GC(426) Humongous region 1808 (object size 1048592 @ 0x00000000f1000000) remset 0 code roots 0 marked 0 pinned count 0 reclaim candidate 0 type array 1
[2024-10-26T03:19:29.385+0530][132.110s][debug][gc,humongous      ] GC(426) Humongous region 1966 (object size 1048592 @ 0x00000000fae00000) remset 0 code roots 0 marked 0 pinned count 0 reclaim candidate 0 type array 1
[2024-10-26T03:19:29.385+0530][132.110s][debug][gc,humongous      ] GC(426) Humongous region 236 (object size 1048592 @ 0x000000008ec00000) remset 0 code roots 0 marked 0 pinned count 0 reclaim candidate 0 type array 1
[2024-10-26T03:19:29.385+0530][132.110s][debug][gc,humongous      ] GC(426) Humongous region 708 (object size 1048592 @ 0x00000000ac400000) remset 0 code roots 0 marked 0 pinned count 0 reclaim candidate 0 type array 1
[2024-10-26T03:19:29.385+0530][132.110s][debug][gc,humongous      ] GC(426) Humongous region 394 (object size 1048592 @ 0x0000000098a00000) remset 0 code roots 0 marked 0 pinned count 0 reclaim candidate 0 type array 1
[2024-10-26T03:19:29.385+0530][132.110s][debug][gc,humongous      ] GC(426) Humongous region 550 (object size 1048592 @ 0x00000000a2600000) remset 0 code roots 0 marked 0 pinned count 0 reclaim candidate 0 type array 1
[2024-10-26T03:19:29.385+0530][132.110s][debug][gc,humongous      ] GC(426) Humongous region 98 (object size 1048592 @ 0x0000000086200000) remset 0 code roots 0 marked 0 pinned count 0 reclaim candidate 0 type array 1
[2024-10-26T03:19:29.385+0530][132.110s][debug][gc,humongous      ] GC(426) Humongous region 1024 (object size 1048592 @ 0x00000000c0000000) remset 0 code roots 0 marked 0 pinned count 0 reclaim candidate 0 type array 1
[2024-10-26T03:19:29.385+0530][132.110s][debug][gc,humongous      ] GC(426) Humongous region 866 (object size 1048592 @ 0x00000000b6200000) remset 0 code roots 0 marked 0 pinned count 0 reclaim candidate 0 type array 1
[2024-10-26T03:19:29.385+0530][132.110s][debug][gc,humongous      ] GC(426) Humongous region 1180 (object size 1048592 @ 0x00000000c9c00000) remset 0 code roots 0 marked 0 pinned count 0 reclaim candidate 0 type array 1
[2024-10-26T03:19:29.385+0530][132.110s][debug][gc,humongous      ] GC(426) Humongous region 1338 (object size 1048592 @ 0x00000000d3a00000) remset 0 code roots 0 marked 0 pinned count 0 reclaim candidate 0 type array 1
[2024-10-26T03:19:29.385+0530][132.110s][debug][gc,humongous      ] GC(426) Humongous region 1496 (object size 1048592 @ 0x00000000dd800000) remset 0 code roots 0 marked 0 pinned count 0 reclaim candidate 0 type array 1
[2024-10-26T03:19:29.385+0530][132.110s][debug][gc,humongous      ] GC(426) Humongous region 1654 (object size 1048592 @ 0x00000000e7600000) remset 0 code roots 0 marked 0 pinned count 0 reclaim candidate 0 type array 1
[2024-10-26T03:19:29.385+0530][132.110s][debug][gc,humongous      ] GC(426) Humongous region 1810 (object size 1048592 @ 0x00000000f1200000) remset 0 code roots 0 marked 0 pinned count 0 reclaim candidate 0 type array 1
[2024-10-26T03:19:29.385+0530][132.110s][debug][gc,humongous      ] GC(426) Humongous region 1968 (object size 1048592 @ 0x00000000fb000000) remset 0 code roots 0 marked 0 pinned count 0 reclaim candidate 0 type array 1
[2024-10-26T03:19:29.385+0530][132.110s][debug][gc,humongous      ] GC(426) Humongous region 238 (object size 1048592 @ 0x000000008ee00000) remset 0 code roots 0 marked 0 pinned count 0 reclaim candidate 0 type array 1
[2024-10-26T03:19:29.385+0530][132.110s][debug][gc,humongous      ] GC(426) Humongous region 396 (object size 1048592 @ 0x0000000098c00000) remset 0 code roots 0 marked 0 pinned count 0 reclaim candidate 0 type array 1
[2024-10-26T03:19:29.385+0530][132.110s][debug][gc,humongous      ] GC(426) Humongous region 710 (object size 1048592 @ 0x00000000ac600000) remset 0 code roots 0 marked 0 pinned count 0 reclaim candidate 0 type array 1
[2024-10-26T03:19:29.385+0530][132.110s][debug][gc,humongous      ] GC(426) Humongous region 552 (object size 1048592 @ 0x00000000a2800000) remset 0 code roots 0 marked 0 pinned count 0 reclaim candidate 0 type array 1
[2024-10-26T03:19:29.385+0530][132.110s][debug][gc,humongous      ] GC(426) Humongous region 100 (object size 1048592 @ 0x0000000086400000) remset 0 code roots 0 marked 0 pinned count 0 reclaim candidate 0 type array 1
[2024-10-26T03:19:29.385+0530][132.110s][debug][gc,humongous      ] GC(426) Humongous region 1026 (object size 1048592 @ 0x00000000c0200000) remset 0 code roots 0 marked 0 pinned count 0 reclaim candidate 0 type array 1
[2024-10-26T03:19:29.385+0530][132.110s][debug][gc,humongous      ] GC(426) Humongous region 868 (object size 1048592 @ 0x00000000b6400000) remset 0 code roots 0 marked 0 pinned count 0 reclaim candidate 0 type array 1
[2024-10-26T03:19:29.385+0530][132.110s][debug][gc,humongous      ] GC(426) Humongous region 1182 (object size 1048592 @ 0x00000000c9e00000) remset 0 code roots 0 marked 0 pinned count 0 reclaim candidate 0 type array 1
[2024-10-26T03:19:29.385+0530][132.110s][debug][gc,humongous      ] GC(426) Humongous region 1340 (object size 1048592 @ 0x00000000d3c00000) remset 0 code roots 0 marked 0 pinned count 0 reclaim candidate 0 type array 1
[2024-10-26T03:19:29.385+0530][132.110s][debug][gc,humongous      ] GC(426) Humongous region 1498 (object size 1048592 @ 0x00000000dda00000) remset 0 code roots 0 marked 0 pinned count 0 reclaim candidate 0 type array 1
[2024-10-26T03:19:29.385+0530][132.110s][debug][gc,humongous      ] GC(426) Humongous region 1656 (object size 1048592 @ 0x00000000e7800000) remset 0 code roots 0 marked 0 pinned count 0 reclaim candidate 0 type array 1
[2024-10-26T03:19:29.385+0530][132.110s][debug][gc,humongous      ] GC(426) Humongous region 1812 (object size 1048592 @ 0x00000000f1400000) remset 0 code roots 0 marked 0 pinned count 0 reclaim candidate 0 type array 1
[2024-10-26T03:19:29.385+0530][132.110s][debug][gc,humongous      ] GC(426) Humongous region 1970 (object size 1048592 @ 0x00000000fb200000) remset 0 code roots 0 marked 0 pinned count 0 reclaim candidate 0 type array 1
[2024-10-26T03:19:29.385+0530][132.110s][debug][gc,humongous      ] GC(426) Humongous region 240 (object size 1048592 @ 0x000000008f000000) remset 0 code roots 0 marked 0 pinned count 0 reclaim candidate 0 type array 1
[2024-10-26T03:19:29.386+0530][132.110s][debug][gc,humongous      ] GC(426) Humongous region 398 (object size 1048592 @ 0x0000000098e00000) remset 0 code roots 0 marked 0 pinned count 0 reclaim candidate 0 type array 1
[2024-10-26T03:19:29.386+0530][132.110s][debug][gc,humongous      ] GC(426) Humongous region 712 (object size 1048592 @ 0x00000000ac800000) remset 0 code roots 0 marked 0 pinned count 0 reclaim candidate 0 type array 1
[2024-10-26T03:19:29.386+0530][132.110s][debug][gc,humongous      ] GC(426) Humongous region 554 (object size 1048592 @ 0x00000000a2a00000) remset 0 code roots 0 marked 0 pinned count 0 reclaim candidate 0 type array 1
[2024-10-26T03:19:29.386+0530][132.110s][debug][gc,humongous      ] GC(426) Humongous region 102 (object size 1048592 @ 0x0000000086600000) remset 0 code roots 0 marked 0 pinned count 0 reclaim candidate 0 type array 1
[2024-10-26T03:19:29.386+0530][132.110s][debug][gc,humongous      ] GC(426) Humongous region 1028 (object size 1048592 @ 0x00000000c0400000) remset 0 code roots 0 marked 0 pinned count 0 reclaim candidate 0 type array 1
[2024-10-26T03:19:29.386+0530][132.110s][debug][gc,humongous      ] GC(426) Humongous region 870 (object size 1048592 @ 0x00000000b6600000) remset 0 code roots 0 marked 0 pinned count 0 reclaim candidate 0 type array 1
[2024-10-26T03:19:29.386+0530][132.110s][debug][gc,humongous      ] GC(426) Humongous region 1184 (object size 1048592 @ 0x00000000ca000000) remset 0 code roots 0 marked 0 pinned count 0 reclaim candidate 0 type array 1
[2024-10-26T03:19:29.386+0530][132.110s][debug][gc,humongous      ] GC(426) Humongous region 1342 (object size 1048592 @ 0x00000000d3e00000) remset 0 code roots 0 marked 0 pinned count 0 reclaim candidate 0 type array 1
[2024-10-26T03:19:29.386+0530][132.110s][debug][gc,humongous      ] GC(426) Humongous region 1500 (object size 1048592 @ 0x00000000ddc00000) remset 0 code roots 0 marked 0 pinned count 0 reclaim candidate 0 type array 1
[2024-10-26T03:19:29.386+0530][132.110s][debug][gc,humongous      ] GC(426) Humongous region 1658 (object size 1048592 @ 0x00000000e7a00000) remset 0 code roots 0 marked 0 pinned count 0 reclaim candidate 0 type array 1
[2024-10-26T03:19:29.386+0530][132.110s][debug][gc,humongous      ] GC(426) Humongous region 1814 (object size 1048592 @ 0x00000000f1600000) remset 0 code roots 0 marked 0 pinned count 0 reclaim candidate 0 type array 1
[2024-10-26T03:19:29.386+0530][132.110s][debug][gc,humongous      ] GC(426) Humongous region 1972 (object size 1048592 @ 0x00000000fb400000) remset 0 code roots 0 marked 0 pinned count 0 reclaim candidate 0 type array 1
[2024-10-26T03:19:29.386+0530][132.110s][debug][gc,humongous      ] GC(426) Humongous region 242 (object size 1048592 @ 0x000000008f200000) remset 0 code roots 0 marked 0 pinned count 0 reclaim candidate 0 type array 1
[2024-10-26T03:19:29.386+0530][132.110s][debug][gc,humongous      ] GC(426) Humongous region 400 (object size 1048592 @ 0x0000000099000000) remset 0 code roots 0 marked 0 pinned count 0 reclaim candidate 0 type array 1
[2024-10-26T03:19:29.386+0530][132.110s][debug][gc,humongous      ] GC(426) Humongous region 714 (object size 1048592 @ 0x00000000aca00000) remset 0 code roots 0 marked 0 pinned count 0 reclaim candidate 0 type array 1
[2024-10-26T03:19:29.386+0530][132.110s][debug][gc,humongous      ] GC(426) Humongous region 556 (object size 1048592 @ 0x00000000a2c00000) remset 0 code roots 0 marked 0 pinned count 0 reclaim candidate 0 type array 1
[2024-10-26T03:19:29.386+0530][132.110s][debug][gc,humongous      ] GC(426) Humongous region 104 (object size 1048592 @ 0x0000000086800000) remset 0 code roots 0 marked 0 pinned count 0 reclaim candidate 0 type array 1
[2024-10-26T03:19:29.386+0530][132.110s][debug][gc,humongous      ] GC(426) Humongous region 1030 (object size 1048592 @ 0x00000000c0600000) remset 0 code roots 0 marked 0 pinned count 0 reclaim candidate 0 type array 1
[2024-10-26T03:19:29.386+0530][132.110s][debug][gc,humongous      ] GC(426) Humongous region 872 (object size 1048592 @ 0x00000000b6800000) remset 0 code roots 0 marked 0 pinned count 0 reclaim candidate 0 type array 1
[2024-10-26T03:19:29.386+0530][132.110s][debug][gc,humongous      ] GC(426) Humongous region 1186 (object size 1048592 @ 0x00000000ca200000) remset 0 code roots 0 marked 0 pinned count 0 reclaim candidate 0 type array 1
[2024-10-26T03:19:29.386+0530][132.110s][debug][gc,humongous      ] GC(426) Humongous region 1344 (object size 1048592 @ 0x00000000d4000000) remset 0 code roots 0 marked 0 pinned count 0 reclaim candidate 0 type array 1
[2024-10-26T03:19:29.386+0530][132.110s][debug][gc,humongous      ] GC(426) Humongous region 1502 (object size 1048592 @ 0x00000000dde00000) remset 0 code roots 0 marked 0 pinned count 0 reclaim candidate 0 type array 1
[2024-10-26T03:19:29.386+0530][132.110s][debug][gc,humongous      ] GC(426) Humongous region 1660 (object size 1048592 @ 0x00000000e7c00000) remset 0 code roots 0 marked 0 pinned count 0 reclaim candidate 0 type array 1
[2024-10-26T03:19:29.386+0530][132.110s][debug][gc,humongous      ] GC(426) Humongous region 1816 (object size 1048592 @ 0x00000000f1800000) remset 0 code roots 0 marked 0 pinned count 0 reclaim candidate 0 type array 1
[2024-10-26T03:19:29.386+0530][132.110s][debug][gc,humongous      ] GC(426) Humongous region 1974 (object size 1048592 @ 0x00000000fb600000) remset 0 code roots 0 marked 0 pinned count 0 reclaim candidate 0 type array 1
[2024-10-26T03:19:29.386+0530][132.110s][debug][gc,humongous      ] GC(426) Humongous region 244 (object size 1048592 @ 0x000000008f400000) remset 0 code roots 0 marked 0 pinned count 0 reclaim candidate 0 type array 1
[2024-10-26T03:19:29.386+0530][132.110s][debug][gc,humongous      ] GC(426) Humongous region 402 (object size 1048592 @ 0x0000000099200000) remset 0 code roots 0 marked 0 pinned count 0 reclaim candidate 0 type array 1
[2024-10-26T03:19:29.386+0530][132.110s][debug][gc,humongous      ] GC(426) Humongous region 716 (object size 1048592 @ 0x00000000acc00000) remset 0 code roots 0 marked 0 pinned count 0 reclaim candidate 0 type array 1
[2024-10-26T03:19:29.386+0530][132.110s][debug][gc,humongous      ] GC(426) Humongous region 558 (object size 1048592 @ 0x00000000a2e00000) remset 0 code roots 0 marked 0 pinned count 0 reclaim candidate 0 type array 1
[2024-10-26T03:19:29.386+0530][132.110s][debug][gc,humongous      ] GC(426) Humongous region 106 (object size 1048592 @ 0x0000000086a00000) remset 0 code roots 0 marked 0 pinned count 0 reclaim candidate 0 type array 1
[2024-10-26T03:19:29.386+0530][132.110s][debug][gc,humongous      ] GC(426) Humongous region 1032 (object size 1048592 @ 0x00000000c0800000) remset 0 code roots 0 marked 0 pinned count 0 reclaim candidate 0 type array 1
[2024-10-26T03:19:29.386+0530][132.110s][debug][gc,humongous      ] GC(426) Humongous region 874 (object size 1048592 @ 0x00000000b6a00000) remset 0 code roots 0 marked 0 pinned count 0 reclaim candidate 0 type array 1
[2024-10-26T03:19:29.386+0530][132.110s][debug][gc,humongous      ] GC(426) Humongous region 1188 (object size 1048592 @ 0x00000000ca400000) remset 0 code roots 0 marked 0 pinned count 0 reclaim candidate 0 type array 1
[2024-10-26T03:19:29.386+0530][132.110s][debug][gc,humongous      ] GC(426) Humongous region 1346 (object size 1048592 @ 0x00000000d4200000) remset 0 code roots 0 marked 0 pinned count 0 reclaim candidate 0 type array 1
[2024-10-26T03:19:29.386+0530][132.110s][debug][gc,humongous      ] GC(426) Humongous region 1504 (object size 1048592 @ 0x00000000de000000) remset 0 code roots 0 marked 0 pinned count 0 reclaim candidate 0 type array 1
[2024-10-26T03:19:29.386+0530][132.110s][debug][gc,humongous      ] GC(426) Humongous region 1662 (object size 1048592 @ 0x00000000e7e00000) remset 0 code roots 0 marked 0 pinned count 0 reclaim candidate 0 type array 1
[2024-10-26T03:19:29.386+0530][132.110s][debug][gc,humongous      ] GC(426) Humongous region 1818 (object size 1048592 @ 0x00000000f1a00000) remset 0 code roots 0 marked 0 pinned count 0 reclaim candidate 0 type array 1
[2024-10-26T03:19:29.386+0530][132.110s][debug][gc,humongous      ] GC(426) Humongous region 1976 (object size 1048592 @ 0x00000000fb800000) remset 0 code roots 0 marked 0 pinned count 0 reclaim candidate 0 type array 1
[2024-10-26T03:19:29.386+0530][132.110s][debug][gc,humongous      ] GC(426) Humongous region 246 (object size 1048592 @ 0x000000008f600000) remset 0 code roots 0 marked 0 pinned count 0 reclaim candidate 0 type array 1
[2024-10-26T03:19:29.386+0530][132.110s][debug][gc,humongous      ] GC(426) Humongous region 404 (object size 1048592 @ 0x0000000099400000) remset 0 code roots 0 marked 0 pinned count 0 reclaim candidate 0 type array 1
[2024-10-26T03:19:29.386+0530][132.110s][debug][gc,humongous      ] GC(426) Humongous region 718 (object size 1048592 @ 0x00000000ace00000) remset 0 code roots 0 marked 0 pinned count 0 reclaim candidate 0 type array 1
[2024-10-26T03:19:29.386+0530][132.110s][debug][gc,humongous      ] GC(426) Humongous region 560 (object size 1048592 @ 0x00000000a3000000) remset 0 code roots 0 marked 0 pinned count 0 reclaim candidate 0 type array 1
[2024-10-26T03:19:29.386+0530][132.110s][debug][gc,humongous      ] GC(426) Humongous region 108 (object size 1048592 @ 0x0000000086c00000) remset 0 code roots 0 marked 0 pinned count 0 reclaim candidate 0 type array 1
[2024-10-26T03:19:29.386+0530][132.110s][debug][gc,humongous      ] GC(426) Humongous region 1034 (object size 1048592 @ 0x00000000c0a00000) remset 0 code roots 0 marked 0 pinned count 0 reclaim candidate 0 type array 1
[2024-10-26T03:19:29.386+0530][132.110s][debug][gc,humongous      ] GC(426) Humongous region 876 (object size 1048592 @ 0x00000000b6c00000) remset 0 code roots 0 marked 0 pinned count 0 reclaim candidate 0 type array 1
[2024-10-26T03:19:29.386+0530][132.110s][debug][gc,humongous      ] GC(426) Humongous region 1190 (object size 1048592 @ 0x00000000ca600000) remset 0 code roots 0 marked 0 pinned count 0 reclaim candidate 0 type array 1
[2024-10-26T03:19:29.386+0530][132.110s][debug][gc,humongous      ] GC(426) Humongous region 1348 (object size 1048592 @ 0x00000000d4400000) remset 0 code roots 0 marked 0 pinned count 0 reclaim candidate 0 type array 1
[2024-10-26T03:19:29.386+0530][132.111s][debug][gc,humongous      ] GC(426) Humongous region 1506 (object size 1048592 @ 0x00000000de200000) remset 0 code roots 0 marked 0 pinned count 0 reclaim candidate 0 type array 1
[2024-10-26T03:19:29.386+0530][132.111s][debug][gc,humongous      ] GC(426) Humongous region 1664 (object size 1048592 @ 0x00000000e8000000) remset 0 code roots 0 marked 0 pinned count 0 reclaim candidate 0 type array 1
[2024-10-26T03:19:29.386+0530][132.111s][debug][gc,humongous      ] GC(426) Humongous region 1820 (object size 1048592 @ 0x00000000f1c00000) remset 0 code roots 0 marked 0 pinned count 0 reclaim candidate 0 type array 1
[2024-10-26T03:19:29.386+0530][132.111s][debug][gc,humongous      ] GC(426) Humongous region 1978 (object size 1048592 @ 0x00000000fba00000) remset 0 code roots 0 marked 0 pinned count 0 reclaim candidate 0 type array 1
[2024-10-26T03:19:29.386+0530][132.111s][debug][gc,humongous      ] GC(426) Humongous region 248 (object size 1048592 @ 0x000000008f800000) remset 0 code roots 0 marked 0 pinned count 0 reclaim candidate 0 type array 1
[2024-10-26T03:19:29.386+0530][132.111s][debug][gc,humongous      ] GC(426) Humongous region 406 (object size 1048592 @ 0x0000000099600000) remset 0 code roots 0 marked 0 pinned count 0 reclaim candidate 0 type array 1
[2024-10-26T03:19:29.386+0530][132.111s][debug][gc,humongous      ] GC(426) Humongous region 720 (object size 1048592 @ 0x00000000ad000000) remset 0 code roots 0 marked 0 pinned count 0 reclaim candidate 0 type array 1
[2024-10-26T03:19:29.386+0530][132.111s][debug][gc,humongous      ] GC(426) Humongous region 562 (object size 1048592 @ 0x00000000a3200000) remset 0 code roots 0 marked 0 pinned count 0 reclaim candidate 0 type array 1
[2024-10-26T03:19:29.386+0530][132.111s][debug][gc,humongous      ] GC(426) Humongous region 110 (object size 1048592 @ 0x0000000086e00000) remset 0 code roots 0 marked 0 pinned count 0 reclaim candidate 0 type array 1
[2024-10-26T03:19:29.386+0530][132.111s][debug][gc,humongous      ] GC(426) Humongous region 1036 (object size 1048592 @ 0x00000000c0c00000) remset 0 code roots 0 marked 0 pinned count 0 reclaim candidate 0 type array 1
[2024-10-26T03:19:29.386+0530][132.111s][debug][gc,humongous      ] GC(426) Humongous region 878 (object size 1048592 @ 0x00000000b6e00000) remset 0 code roots 0 marked 0 pinned count 0 reclaim candidate 0 type array 1
[2024-10-26T03:19:29.386+0530][132.111s][debug][gc,humongous      ] GC(426) Humongous region 1192 (object size 1048592 @ 0x00000000ca800000) remset 0 code roots 0 marked 0 pinned count 0 reclaim candidate 0 type array 1
[2024-10-26T03:19:29.386+0530][132.111s][debug][gc,humongous      ] GC(426) Humongous region 1350 (object size 1048592 @ 0x00000000d4600000) remset 0 code roots 0 marked 0 pinned count 0 reclaim candidate 0 type array 1
[2024-10-26T03:19:29.386+0530][132.111s][debug][gc,humongous      ] GC(426) Humongous region 1508 (object size 1048592 @ 0x00000000de400000) remset 0 code roots 0 marked 0 pinned count 0 reclaim candidate 0 type array 1
[2024-10-26T03:19:29.386+0530][132.111s][debug][gc,humongous      ] GC(426) Humongous region 1666 (object size 1048592 @ 0x00000000e8200000) remset 0 code roots 0 marked 0 pinned count 0 reclaim candidate 0 type array 1
[2024-10-26T03:19:29.386+0530][132.111s][debug][gc,humongous      ] GC(426) Humongous region 1822 (object size 1048592 @ 0x00000000f1e00000) remset 0 code roots 0 marked 0 pinned count 0 reclaim candidate 0 type array 1
[2024-10-26T03:19:29.386+0530][132.111s][debug][gc,humongous      ] GC(426) Humongous region 1980 (object size 1048592 @ 0x00000000fbc00000) remset 0 code roots 0 marked 0 pinned count 0 reclaim candidate 0 type array 1
[2024-10-26T03:19:29.386+0530][132.111s][debug][gc,humongous      ] GC(426) Humongous region 250 (object size 1048592 @ 0x000000008fa00000) remset 0 code roots 0 marked 0 pinned count 0 reclaim candidate 0 type array 1
[2024-10-26T03:19:29.386+0530][132.111s][debug][gc,humongous      ] GC(426) Humongous region 408 (object size 1048592 @ 0x0000000099800000) remset 0 code roots 0 marked 0 pinned count 0 reclaim candidate 0 type array 1
[2024-10-26T03:19:29.386+0530][132.111s][debug][gc,humongous      ] GC(426) Humongous region 722 (object size 1048592 @ 0x00000000ad200000) remset 0 code roots 0 marked 0 pinned count 0 reclaim candidate 0 type array 1
[2024-10-26T03:19:29.386+0530][132.111s][debug][gc,humongous      ] GC(426) Humongous region 564 (object size 1048592 @ 0x00000000a3400000) remset 0 code roots 0 marked 0 pinned count 0 reclaim candidate 0 type array 1
[2024-10-26T03:19:29.386+0530][132.111s][debug][gc,humongous      ] GC(426) Humongous region 112 (object size 1048592 @ 0x0000000087000000) remset 0 code roots 0 marked 0 pinned count 0 reclaim candidate 0 type array 1
[2024-10-26T03:19:29.386+0530][132.111s][debug][gc,humongous      ] GC(426) Humongous region 1038 (object size 1048592 @ 0x00000000c0e00000) remset 0 code roots 0 marked 0 pinned count 0 reclaim candidate 0 type array 1
[2024-10-26T03:19:29.386+0530][132.111s][debug][gc,humongous      ] GC(426) Humongous region 880 (object size 1048592 @ 0x00000000b7000000) remset 0 code roots 0 marked 0 pinned count 0 reclaim candidate 0 type array 1
[2024-10-26T03:19:29.386+0530][132.111s][debug][gc,humongous      ] GC(426) Humongous region 1194 (object size 1048592 @ 0x00000000caa00000) remset 0 code roots 0 marked 0 pinned count 0 reclaim candidate 0 type array 1
[2024-10-26T03:19:29.386+0530][132.111s][debug][gc,humongous      ] GC(426) Humongous region 1352 (object size 1048592 @ 0x00000000d4800000) remset 0 code roots 0 marked 0 pinned count 0 reclaim candidate 0 type array 1
[2024-10-26T03:19:29.386+0530][132.111s][debug][gc,humongous      ] GC(426) Humongous region 1510 (object size 1048592 @ 0x00000000de600000) remset 0 code roots 0 marked 0 pinned count 0 reclaim candidate 0 type array 1
[2024-10-26T03:19:29.386+0530][132.111s][debug][gc,humongous      ] GC(426) Humongous region 1668 (object size 1048592 @ 0x00000000e8400000) remset 0 code roots 0 marked 0 pinned count 0 reclaim candidate 0 type array 1
[2024-10-26T03:19:29.386+0530][132.111s][debug][gc,humongous      ] GC(426) Humongous region 1824 (object size 1048592 @ 0x00000000f2000000) remset 0 code roots 0 marked 0 pinned count 0 reclaim candidate 0 type array 1
[2024-10-26T03:19:29.386+0530][132.111s][debug][gc,humongous      ] GC(426) Humongous region 1982 (object size 1048592 @ 0x00000000fbe00000) remset 0 code roots 0 marked 0 pinned count 0 reclaim candidate 0 type array 1
[2024-10-26T03:19:29.386+0530][132.111s][debug][gc,humongous      ] GC(426) Humongous region 252 (object size 1048592 @ 0x000000008fc00000) remset 0 code roots 0 marked 0 pinned count 0 reclaim candidate 0 type array 1
[2024-10-26T03:19:29.386+0530][132.111s][debug][gc,humongous      ] GC(426) Humongous region 410 (object size 1048592 @ 0x0000000099a00000) remset 0 code roots 0 marked 0 pinned count 0 reclaim candidate 0 type array 1
[2024-10-26T03:19:29.386+0530][132.111s][debug][gc,humongous      ] GC(426) Humongous region 724 (object size 1048592 @ 0x00000000ad400000) remset 0 code roots 0 marked 0 pinned count 0 reclaim candidate 0 type array 1
[2024-10-26T03:19:29.386+0530][132.111s][debug][gc,humongous      ] GC(426) Humongous region 566 (object size 1048592 @ 0x00000000a3600000) remset 0 code roots 0 marked 0 pinned count 0 reclaim candidate 0 type array 1
[2024-10-26T03:19:29.387+0530][132.111s][debug][gc,humongous      ] GC(426) Humongous region 114 (object size 1048592 @ 0x0000000087200000) remset 0 code roots 0 marked 0 pinned count 0 reclaim candidate 0 type array 1
[2024-10-26T03:19:29.387+0530][132.111s][debug][gc,humongous      ] GC(426) Humongous region 1040 (object size 1048592 @ 0x00000000c1000000) remset 0 code roots 0 marked 0 pinned count 0 reclaim candidate 0 type array 1
[2024-10-26T03:19:29.387+0530][132.111s][debug][gc,humongous      ] GC(426) Humongous region 882 (object size 1048592 @ 0x00000000b7200000) remset 0 code roots 0 marked 0 pinned count 0 reclaim candidate 0 type array 1
[2024-10-26T03:19:29.387+0530][132.111s][debug][gc,humongous      ] GC(426) Humongous region 1196 (object size 1048592 @ 0x00000000cac00000) remset 0 code roots 0 marked 0 pinned count 0 reclaim candidate 0 type array 1
[2024-10-26T03:19:29.387+0530][132.111s][debug][gc,humongous      ] GC(426) Humongous region 1354 (object size 1048592 @ 0x00000000d4a00000) remset 0 code roots 0 marked 0 pinned count 0 reclaim candidate 0 type array 1
[2024-10-26T03:19:29.387+0530][132.111s][debug][gc,humongous      ] GC(426) Humongous region 1512 (object size 1048592 @ 0x00000000de800000) remset 0 code roots 0 marked 0 pinned count 0 reclaim candidate 0 type array 1
[2024-10-26T03:19:29.387+0530][132.111s][debug][gc,humongous      ] GC(426) Humongous region 1670 (object size 1048592 @ 0x00000000e8600000) remset 0 code roots 0 marked 0 pinned count 0 reclaim candidate 0 type array 1
[2024-10-26T03:19:29.387+0530][132.111s][debug][gc,humongous      ] GC(426) Humongous region 1826 (object size 1048592 @ 0x00000000f2200000) remset 0 code roots 0 marked 0 pinned count 0 reclaim candidate 0 type array 1
[2024-10-26T03:19:29.387+0530][132.111s][debug][gc,humongous      ] GC(426) Humongous region 1984 (object size 1048592 @ 0x00000000fc000000) remset 0 code roots 0 marked 0 pinned count 0 reclaim candidate 0 type array 1
[2024-10-26T03:19:29.387+0530][132.111s][debug][gc,humongous      ] GC(426) Humongous region 254 (object size 1048592 @ 0x000000008fe00000) remset 0 code roots 0 marked 0 pinned count 0 reclaim candidate 0 type array 1
[2024-10-26T03:19:29.387+0530][132.111s][debug][gc,humongous      ] GC(426) Humongous region 412 (object size 1048592 @ 0x0000000099c00000) remset 0 code roots 0 marked 0 pinned count 0 reclaim candidate 0 type array 1
[2024-10-26T03:19:29.387+0530][132.111s][debug][gc,humongous      ] GC(426) Humongous region 726 (object size 1048592 @ 0x00000000ad600000) remset 0 code roots 0 marked 0 pinned count 0 reclaim candidate 0 type array 1
[2024-10-26T03:19:29.387+0530][132.111s][debug][gc,humongous      ] GC(426) Humongous region 568 (object size 1048592 @ 0x00000000a3800000) remset 0 code roots 0 marked 0 pinned count 0 reclaim candidate 0 type array 1
[2024-10-26T03:19:29.387+0530][132.111s][debug][gc,humongous      ] GC(426) Humongous region 116 (object size 1048592 @ 0x0000000087400000) remset 0 code roots 0 marked 0 pinned count 0 reclaim candidate 0 type array 1
[2024-10-26T03:19:29.387+0530][132.111s][debug][gc,humongous      ] GC(426) Humongous region 1042 (object size 1048592 @ 0x00000000c1200000) remset 0 code roots 0 marked 0 pinned count 0 reclaim candidate 0 type array 1
[2024-10-26T03:19:29.387+0530][132.111s][debug][gc,humongous      ] GC(426) Humongous region 884 (object size 1048592 @ 0x00000000b7400000) remset 0 code roots 0 marked 0 pinned count 0 reclaim candidate 0 type array 1
[2024-10-26T03:19:29.387+0530][132.111s][debug][gc,humongous      ] GC(426) Humongous region 1198 (object size 1048592 @ 0x00000000cae00000) remset 0 code roots 0 marked 0 pinned count 0 reclaim candidate 0 type array 1
[2024-10-26T03:19:29.387+0530][132.111s][debug][gc,humongous      ] GC(426) Humongous region 1356 (object size 1048592 @ 0x00000000d4c00000) remset 0 code roots 0 marked 0 pinned count 0 reclaim candidate 0 type array 1
[2024-10-26T03:19:29.387+0530][132.111s][debug][gc,humongous      ] GC(426) Humongous region 1514 (object size 1048592 @ 0x00000000dea00000) remset 0 code roots 0 marked 0 pinned count 0 reclaim candidate 0 type array 1
[2024-10-26T03:19:29.387+0530][132.111s][debug][gc,humongous      ] GC(426) Humongous region 1672 (object size 1048592 @ 0x00000000e8800000) remset 0 code roots 0 marked 0 pinned count 0 reclaim candidate 0 type array 1
[2024-10-26T03:19:29.387+0530][132.111s][debug][gc,humongous      ] GC(426) Humongous region 1828 (object size 1048592 @ 0x00000000f2400000) remset 0 code roots 0 marked 0 pinned count 0 reclaim candidate 0 type array 1
[2024-10-26T03:19:29.387+0530][132.111s][debug][gc,humongous      ] GC(426) Humongous region 1986 (object size 1048592 @ 0x00000000fc200000) remset 0 code roots 0 marked 0 pinned count 0 reclaim candidate 0 type array 1
[2024-10-26T03:19:29.387+0530][132.111s][debug][gc,humongous      ] GC(426) Humongous region 256 (object size 1048592 @ 0x0000000090000000) remset 0 code roots 0 marked 0 pinned count 0 reclaim candidate 0 type array 1
[2024-10-26T03:19:29.387+0530][132.111s][debug][gc,humongous      ] GC(426) Humongous region 414 (object size 1048592 @ 0x0000000099e00000) remset 0 code roots 0 marked 0 pinned count 0 reclaim candidate 0 type array 1
[2024-10-26T03:19:29.387+0530][132.111s][debug][gc,humongous      ] GC(426) Humongous region 728 (object size 1048592 @ 0x00000000ad800000) remset 0 code roots 0 marked 0 pinned count 0 reclaim candidate 0 type array 1
[2024-10-26T03:19:29.387+0530][132.111s][debug][gc,humongous      ] GC(426) Humongous region 570 (object size 1048592 @ 0x00000000a3a00000) remset 0 code roots 0 marked 0 pinned count 0 reclaim candidate 0 type array 1
[2024-10-26T03:19:29.387+0530][132.111s][debug][gc,humongous      ] GC(426) Humongous region 118 (object size 1048592 @ 0x0000000087600000) remset 0 code roots 0 marked 0 pinned count 0 reclaim candidate 0 type array 1
[2024-10-26T03:19:29.387+0530][132.111s][debug][gc,humongous      ] GC(426) Humongous region 1044 (object size 1048592 @ 0x00000000c1400000) remset 0 code roots 0 marked 0 pinned count 0 reclaim candidate 0 type array 1
[2024-10-26T03:19:29.387+0530][132.111s][debug][gc,humongous      ] GC(426) Humongous region 886 (object size 1048592 @ 0x00000000b7600000) remset 0 code roots 0 marked 0 pinned count 0 reclaim candidate 0 type array 1
[2024-10-26T03:19:29.387+0530][132.111s][debug][gc,humongous      ] GC(426) Humongous region 1200 (object size 1048592 @ 0x00000000cb000000) remset 0 code roots 0 marked 0 pinned count 0 reclaim candidate 0 type array 1
[2024-10-26T03:19:29.387+0530][132.111s][debug][gc,humongous      ] GC(426) Humongous region 1358 (object size 1048592 @ 0x00000000d4e00000) remset 0 code roots 0 marked 0 pinned count 0 reclaim candidate 0 type array 1
[2024-10-26T03:19:29.387+0530][132.111s][debug][gc,humongous      ] GC(426) Humongous region 1516 (object size 1048592 @ 0x00000000dec00000) remset 0 code roots 0 marked 0 pinned count 0 reclaim candidate 0 type array 1
[2024-10-26T03:19:29.387+0530][132.111s][debug][gc,humongous      ] GC(426) Humongous region 1674 (object size 1048592 @ 0x00000000e8a00000) remset 0 code roots 0 marked 0 pinned count 0 reclaim candidate 0 type array 1
[2024-10-26T03:19:29.387+0530][132.111s][debug][gc,humongous      ] GC(426) Humongous region 1830 (object size 1048592 @ 0x00000000f2600000) remset 0 code roots 0 marked 0 pinned count 0 reclaim candidate 0 type array 1
[2024-10-26T03:19:29.387+0530][132.111s][debug][gc,humongous      ] GC(426) Humongous region 1988 (object size 1048592 @ 0x00000000fc400000) remset 0 code roots 0 marked 0 pinned count 0 reclaim candidate 0 type array 1
[2024-10-26T03:19:29.387+0530][132.111s][debug][gc,humongous      ] GC(426) Humongous region 258 (object size 1048592 @ 0x0000000090200000) remset 0 code roots 0 marked 0 pinned count 0 reclaim candidate 0 type array 1
[2024-10-26T03:19:29.387+0530][132.111s][debug][gc,humongous      ] GC(426) Humongous region 416 (object size 1048592 @ 0x000000009a000000) remset 0 code roots 0 marked 0 pinned count 0 reclaim candidate 0 type array 1
[2024-10-26T03:19:29.387+0530][132.111s][debug][gc,humongous      ] GC(426) Humongous region 730 (object size 1048592 @ 0x00000000ada00000) remset 0 code roots 0 marked 0 pinned count 0 reclaim candidate 0 type array 1
[2024-10-26T03:19:29.387+0530][132.111s][debug][gc,humongous      ] GC(426) Humongous region 572 (object size 1048592 @ 0x00000000a3c00000) remset 0 code roots 0 marked 0 pinned count 0 reclaim candidate 0 type array 1
[2024-10-26T03:19:29.387+0530][132.111s][debug][gc,humongous      ] GC(426) Humongous region 120 (object size 1048592 @ 0x0000000087800000) remset 0 code roots 0 marked 0 pinned count 0 reclaim candidate 0 type array 1
[2024-10-26T03:19:29.387+0530][132.111s][debug][gc,humongous      ] GC(426) Humongous region 1046 (object size 1048592 @ 0x00000000c1600000) remset 0 code roots 0 marked 0 pinned count 0 reclaim candidate 0 type array 1
[2024-10-26T03:19:29.387+0530][132.111s][debug][gc,humongous      ] GC(426) Humongous region 888 (object size 1048592 @ 0x00000000b7800000) remset 0 code roots 0 marked 0 pinned count 0 reclaim candidate 0 type array 1
[2024-10-26T03:19:29.387+0530][132.111s][debug][gc,humongous      ] GC(426) Humongous region 1202 (object size 1048592 @ 0x00000000cb200000) remset 0 code roots 0 marked 0 pinned count 0 reclaim candidate 0 type array 1
[2024-10-26T03:19:29.387+0530][132.111s][debug][gc,humongous      ] GC(426) Humongous region 1360 (object size 1048592 @ 0x00000000d5000000) remset 0 code roots 0 marked 0 pinned count 0 reclaim candidate 0 type array 1
[2024-10-26T03:19:29.387+0530][132.112s][debug][gc,humongous      ] GC(426) Humongous region 1518 (object size 1048592 @ 0x00000000dee00000) remset 0 code roots 0 marked 0 pinned count 0 reclaim candidate 0 type array 1
[2024-10-26T03:19:29.387+0530][132.112s][debug][gc,humongous      ] GC(426) Humongous region 1676 (object size 1048592 @ 0x00000000e8c00000) remset 0 code roots 0 marked 0 pinned count 0 reclaim candidate 0 type array 1
[2024-10-26T03:19:29.387+0530][132.112s][debug][gc,humongous      ] GC(426) Humongous region 1832 (object size 1048592 @ 0x00000000f2800000) remset 0 code roots 0 marked 0 pinned count 0 reclaim candidate 0 type array 1
[2024-10-26T03:19:29.387+0530][132.112s][debug][gc,humongous      ] GC(426) Humongous region 1990 (object size 1048592 @ 0x00000000fc600000) remset 0 code roots 0 marked 0 pinned count 0 reclaim candidate 0 type array 1
[2024-10-26T03:19:29.387+0530][132.112s][debug][gc,humongous      ] GC(426) Humongous region 260 (object size 1048592 @ 0x0000000090400000) remset 0 code roots 0 marked 0 pinned count 0 reclaim candidate 0 type array 1
[2024-10-26T03:19:29.387+0530][132.112s][debug][gc,humongous      ] GC(426) Humongous region 418 (object size 1048592 @ 0x000000009a200000) remset 0 code roots 0 marked 0 pinned count 0 reclaim candidate 0 type array 1
[2024-10-26T03:19:29.387+0530][132.112s][debug][gc,humongous      ] GC(426) Humongous region 732 (object size 1048592 @ 0x00000000adc00000) remset 0 code roots 0 marked 0 pinned count 0 reclaim candidate 0 type array 1
[2024-10-26T03:19:29.387+0530][132.112s][debug][gc,humongous      ] GC(426) Humongous region 574 (object size 1048592 @ 0x00000000a3e00000) remset 0 code roots 0 marked 0 pinned count 0 reclaim candidate 0 type array 1
[2024-10-26T03:19:29.387+0530][132.112s][debug][gc,humongous      ] GC(426) Humongous region 122 (object size 1048592 @ 0x0000000087a00000) remset 0 code roots 0 marked 0 pinned count 0 reclaim candidate 0 type array 1
[2024-10-26T03:19:29.387+0530][132.112s][debug][gc,humongous      ] GC(426) Humongous region 1048 (object size 1048592 @ 0x00000000c1800000) remset 0 code roots 0 marked 0 pinned count 0 reclaim candidate 0 type array 1
[2024-10-26T03:19:29.387+0530][132.112s][debug][gc,humongous      ] GC(426) Humongous region 890 (object size 1048592 @ 0x00000000b7a00000) remset 0 code roots 0 marked 0 pinned count 0 reclaim candidate 0 type array 1
[2024-10-26T03:19:29.387+0530][132.112s][debug][gc,humongous      ] GC(426) Humongous region 1204 (object size 1048592 @ 0x00000000cb400000) remset 0 code roots 0 marked 0 pinned count 0 reclaim candidate 0 type array 1
[2024-10-26T03:19:29.387+0530][132.112s][debug][gc,humongous      ] GC(426) Humongous region 1362 (object size 1048592 @ 0x00000000d5200000) remset 0 code roots 0 marked 0 pinned count 0 reclaim candidate 0 type array 1
[2024-10-26T03:19:29.387+0530][132.112s][debug][gc,humongous      ] GC(426) Humongous region 1520 (object size 1048592 @ 0x00000000df000000) remset 0 code roots 0 marked 0 pinned count 0 reclaim candidate 0 type array 1
[2024-10-26T03:19:29.387+0530][132.112s][debug][gc,humongous      ] GC(426) Humongous region 1678 (object size 1048592 @ 0x00000000e8e00000) remset 0 code roots 0 marked 0 pinned count 0 reclaim candidate 0 type array 1
[2024-10-26T03:19:29.387+0530][132.112s][debug][gc,humongous      ] GC(426) Humongous region 1834 (object size 1048592 @ 0x00000000f2a00000) remset 0 code roots 0 marked 0 pinned count 0 reclaim candidate 0 type array 1
[2024-10-26T03:19:29.387+0530][132.112s][debug][gc,humongous      ] GC(426) Humongous region 1992 (object size 1048592 @ 0x00000000fc800000) remset 0 code roots 0 marked 0 pinned count 0 reclaim candidate 0 type array 1
[2024-10-26T03:19:29.387+0530][132.112s][debug][gc,humongous      ] GC(426) Humongous region 262 (object size 1048592 @ 0x0000000090600000) remset 0 code roots 0 marked 0 pinned count 0 reclaim candidate 0 type array 1
[2024-10-26T03:19:29.387+0530][132.112s][debug][gc,humongous      ] GC(426) Humongous region 420 (object size 1048592 @ 0x000000009a400000) remset 0 code roots 0 marked 0 pinned count 0 reclaim candidate 0 type array 1
[2024-10-26T03:19:29.387+0530][132.112s][debug][gc,humongous      ] GC(426) Humongous region 734 (object size 1048592 @ 0x00000000ade00000) remset 0 code roots 0 marked 0 pinned count 0 reclaim candidate 0 type array 1
[2024-10-26T03:19:29.387+0530][132.112s][debug][gc,humongous      ] GC(426) Humongous region 576 (object size 1048592 @ 0x00000000a4000000) remset 0 code roots 0 marked 0 pinned count 0 reclaim candidate 0 type array 1
[2024-10-26T03:19:29.387+0530][132.112s][debug][gc,humongous      ] GC(426) Humongous region 124 (object size 1048592 @ 0x0000000087c00000) remset 0 code roots 0 marked 0 pinned count 0 reclaim candidate 0 type array 1
[2024-10-26T03:19:29.387+0530][132.112s][debug][gc,humongous      ] GC(426) Humongous region 1050 (object size 1048592 @ 0x00000000c1a00000) remset 0 code roots 0 marked 0 pinned count 0 reclaim candidate 0 type array 1
[2024-10-26T03:19:29.387+0530][132.112s][debug][gc,humongous      ] GC(426) Humongous region 892 (object size 1048592 @ 0x00000000b7c00000) remset 0 code roots 0 marked 0 pinned count 0 reclaim candidate 0 type array 1
[2024-10-26T03:19:29.387+0530][132.112s][debug][gc,humongous      ] GC(426) Humongous region 1206 (object size 1048592 @ 0x00000000cb600000) remset 0 code roots 0 marked 0 pinned count 0 reclaim candidate 0 type array 1
[2024-10-26T03:19:29.387+0530][132.112s][debug][gc,humongous      ] GC(426) Humongous region 1364 (object size 1048592 @ 0x00000000d5400000) remset 0 code roots 0 marked 0 pinned count 0 reclaim candidate 0 type array 1
[2024-10-26T03:19:29.387+0530][132.112s][debug][gc,humongous      ] GC(426) Humongous region 1522 (object size 1048592 @ 0x00000000df200000) remset 0 code roots 0 marked 0 pinned count 0 reclaim candidate 0 type array 1
[2024-10-26T03:19:29.387+0530][132.112s][debug][gc,humongous      ] GC(426) Humongous region 1680 (object size 1048592 @ 0x00000000e9000000) remset 0 code roots 0 marked 0 pinned count 0 reclaim candidate 0 type array 1
[2024-10-26T03:19:29.387+0530][132.112s][debug][gc,humongous      ] GC(426) Humongous region 1836 (object size 1048592 @ 0x00000000f2c00000) remset 0 code roots 0 marked 0 pinned count 0 reclaim candidate 0 type array 1
[2024-10-26T03:19:29.387+0530][132.112s][debug][gc,humongous      ] GC(426) Humongous region 1994 (object size 1048592 @ 0x00000000fca00000) remset 0 code roots 0 marked 0 pinned count 0 reclaim candidate 0 type array 1
[2024-10-26T03:19:29.387+0530][132.112s][debug][gc,humongous      ] GC(426) Humongous region 264 (object size 1048592 @ 0x0000000090800000) remset 0 code roots 0 marked 0 pinned count 0 reclaim candidate 0 type array 1
[2024-10-26T03:19:29.387+0530][132.112s][debug][gc,humongous      ] GC(426) Humongous region 422 (object size 1048592 @ 0x000000009a600000) remset 0 code roots 0 marked 0 pinned count 0 reclaim candidate 0 type array 1
[2024-10-26T03:19:29.387+0530][132.112s][debug][gc,humongous      ] GC(426) Humongous region 736 (object size 1048592 @ 0x00000000ae000000) remset 0 code roots 0 marked 0 pinned count 0 reclaim candidate 0 type array 1
[2024-10-26T03:19:29.387+0530][132.112s][debug][gc,humongous      ] GC(426) Humongous region 578 (object size 1048592 @ 0x00000000a4200000) remset 0 code roots 0 marked 0 pinned count 0 reclaim candidate 0 type array 1
[2024-10-26T03:19:29.388+0530][132.112s][debug][gc,humongous      ] GC(426) Humongous region 126 (object size 1048592 @ 0x0000000087e00000) remset 0 code roots 0 marked 0 pinned count 0 reclaim candidate 0 type array 1
[2024-10-26T03:19:29.388+0530][132.112s][debug][gc,humongous      ] GC(426) Humongous region 1052 (object size 1048592 @ 0x00000000c1c00000) remset 0 code roots 0 marked 0 pinned count 0 reclaim candidate 0 type array 1
[2024-10-26T03:19:29.388+0530][132.112s][debug][gc,humongous      ] GC(426) Humongous region 894 (object size 1048592 @ 0x00000000b7e00000) remset 0 code roots 0 marked 0 pinned count 0 reclaim candidate 0 type array 1
[2024-10-26T03:19:29.388+0530][132.112s][debug][gc,humongous      ] GC(426) Humongous region 1208 (object size 1048592 @ 0x00000000cb800000) remset 0 code roots 0 marked 0 pinned count 0 reclaim candidate 0 type array 1
[2024-10-26T03:19:29.388+0530][132.112s][debug][gc,humongous      ] GC(426) Humongous region 1366 (object size 1048592 @ 0x00000000d5600000) remset 0 code roots 0 marked 0 pinned count 0 reclaim candidate 0 type array 1
[2024-10-26T03:19:29.388+0530][132.112s][debug][gc,humongous      ] GC(426) Humongous region 1524 (object size 1048592 @ 0x00000000df400000) remset 0 code roots 0 marked 0 pinned count 0 reclaim candidate 0 type array 1
[2024-10-26T03:19:29.388+0530][132.112s][debug][gc,humongous      ] GC(426) Humongous region 1682 (object size 1048592 @ 0x00000000e9200000) remset 0 code roots 0 marked 0 pinned count 0 reclaim candidate 0 type array 1
[2024-10-26T03:19:29.388+0530][132.112s][debug][gc,humongous      ] GC(426) Humongous region 1838 (object size 1048592 @ 0x00000000f2e00000) remset 0 code roots 0 marked 0 pinned count 0 reclaim candidate 0 type array 1
[2024-10-26T03:19:29.388+0530][132.112s][debug][gc,humongous      ] GC(426) Humongous region 1996 (object size 1048592 @ 0x00000000fcc00000) remset 0 code roots 0 marked 0 pinned count 0 reclaim candidate 0 type array 1
[2024-10-26T03:19:29.388+0530][132.112s][debug][gc,humongous      ] GC(426) Humongous region 266 (object size 1048592 @ 0x0000000090a00000) remset 0 code roots 0 marked 0 pinned count 0 reclaim candidate 0 type array 1
[2024-10-26T03:19:29.388+0530][132.112s][debug][gc,humongous      ] GC(426) Humongous region 424 (object size 1048592 @ 0x000000009a800000) remset 0 code roots 0 marked 0 pinned count 0 reclaim candidate 0 type array 1
[2024-10-26T03:19:29.388+0530][132.112s][debug][gc,humongous      ] GC(426) Humongous region 738 (object size 1048592 @ 0x00000000ae200000) remset 0 code roots 0 marked 0 pinned count 0 reclaim candidate 0 type array 1
[2024-10-26T03:19:29.388+0530][132.112s][debug][gc,humongous      ] GC(426) Humongous region 580 (object size 1048592 @ 0x00000000a4400000) remset 0 code roots 0 marked 0 pinned count 0 reclaim candidate 0 type array 1
[2024-10-26T03:19:29.388+0530][132.112s][debug][gc,humongous      ] GC(426) Humongous region 128 (object size 1048592 @ 0x0000000088000000) remset 0 code roots 0 marked 0 pinned count 0 reclaim candidate 0 type array 1
[2024-10-26T03:19:29.388+0530][132.112s][debug][gc,humongous      ] GC(426) Humongous region 1054 (object size 1048592 @ 0x00000000c1e00000) remset 0 code roots 0 marked 0 pinned count 0 reclaim candidate 0 type array 1
[2024-10-26T03:19:29.388+0530][132.112s][debug][gc,humongous      ] GC(426) Humongous region 896 (object size 1048592 @ 0x00000000b8000000) remset 0 code roots 0 marked 0 pinned count 0 reclaim candidate 0 type array 1
[2024-10-26T03:19:29.388+0530][132.112s][debug][gc,humongous      ] GC(426) Humongous region 1210 (object size 1048592 @ 0x00000000cba00000) remset 0 code roots 0 marked 0 pinned count 0 reclaim candidate 0 type array 1
[2024-10-26T03:19:29.388+0530][132.112s][debug][gc,humongous      ] GC(426) Humongous region 1368 (object size 1048592 @ 0x00000000d5800000) remset 0 code roots 0 marked 0 pinned count 0 reclaim candidate 0 type array 1
[2024-10-26T03:19:29.388+0530][132.112s][debug][gc,humongous      ] GC(426) Humongous region 1526 (object size 1048592 @ 0x00000000df600000) remset 0 code roots 0 marked 0 pinned count 0 reclaim candidate 0 type array 1
[2024-10-26T03:19:29.388+0530][132.112s][debug][gc,humongous      ] GC(426) Humongous region 1684 (object size 1048592 @ 0x00000000e9400000) remset 0 code roots 0 marked 0 pinned count 0 reclaim candidate 0 type array 1
[2024-10-26T03:19:29.388+0530][132.112s][debug][gc,humongous      ] GC(426) Humongous region 1840 (object size 1048592 @ 0x00000000f3000000) remset 0 code roots 0 marked 0 pinned count 0 reclaim candidate 0 type array 1
[2024-10-26T03:19:29.388+0530][132.112s][debug][gc,humongous      ] GC(426) Humongous region 1998 (object size 1048592 @ 0x00000000fce00000) remset 0 code roots 0 marked 0 pinned count 0 reclaim candidate 0 type array 1
[2024-10-26T03:19:29.388+0530][132.112s][debug][gc,humongous      ] GC(426) Humongous region 268 (object size 1048592 @ 0x0000000090c00000) remset 0 code roots 0 marked 0 pinned count 0 reclaim candidate 0 type array 1
[2024-10-26T03:19:29.388+0530][132.112s][debug][gc,humongous      ] GC(426) Humongous region 426 (object size 1048592 @ 0x000000009aa00000) remset 0 code roots 0 marked 0 pinned count 0 reclaim candidate 0 type array 1
[2024-10-26T03:19:29.388+0530][132.112s][debug][gc,humongous      ] GC(426) Humongous region 740 (object size 1048592 @ 0x00000000ae400000) remset 0 code roots 0 marked 0 pinned count 0 reclaim candidate 0 type array 1
[2024-10-26T03:19:29.388+0530][132.112s][debug][gc,humongous      ] GC(426) Humongous region 582 (object size 1048592 @ 0x00000000a4600000) remset 0 code roots 0 marked 0 pinned count 0 reclaim candidate 0 type array 1
[2024-10-26T03:19:29.388+0530][132.112s][debug][gc,humongous      ] GC(426) Humongous region 130 (object size 1048592 @ 0x0000000088200000) remset 0 code roots 0 marked 0 pinned count 0 reclaim candidate 0 type array 1
[2024-10-26T03:19:29.388+0530][132.112s][debug][gc,humongous      ] GC(426) Humongous region 1056 (object size 1048592 @ 0x00000000c2000000) remset 0 code roots 0 marked 0 pinned count 0 reclaim candidate 0 type array 1
[2024-10-26T03:19:29.388+0530][132.112s][debug][gc,humongous      ] GC(426) Humongous region 898 (object size 1048592 @ 0x00000000b8200000) remset 0 code roots 0 marked 0 pinned count 0 reclaim candidate 0 type array 1
[2024-10-26T03:19:29.388+0530][132.112s][debug][gc,humongous      ] GC(426) Humongous region 1212 (object size 1048592 @ 0x00000000cbc00000) remset 0 code roots 0 marked 0 pinned count 0 reclaim candidate 0 type array 1
[2024-10-26T03:19:29.388+0530][132.112s][debug][gc,humongous      ] GC(426) Humongous region 1370 (object size 1048592 @ 0x00000000d5a00000) remset 0 code roots 0 marked 0 pinned count 0 reclaim candidate 0 type array 1
[2024-10-26T03:19:29.388+0530][132.112s][debug][gc,humongous      ] GC(426) Humongous region 1528 (object size 1048592 @ 0x00000000df800000) remset 0 code roots 0 marked 0 pinned count 0 reclaim candidate 0 type array 1
[2024-10-26T03:19:29.388+0530][132.112s][debug][gc,humongous      ] GC(426) Humongous region 1686 (object size 1048592 @ 0x00000000e9600000) remset 0 code roots 0 marked 0 pinned count 0 reclaim candidate 0 type array 1
[2024-10-26T03:19:29.388+0530][132.112s][debug][gc,humongous      ] GC(426) Humongous region 1842 (object size 1048592 @ 0x00000000f3200000) remset 0 code roots 0 marked 0 pinned count 0 reclaim candidate 0 type array 1
[2024-10-26T03:19:29.388+0530][132.112s][debug][gc,humongous      ] GC(426) Humongous region 2000 (object size 1048592 @ 0x00000000fd000000) remset 0 code roots 0 marked 0 pinned count 0 reclaim candidate 0 type array 1
[2024-10-26T03:19:29.388+0530][132.112s][debug][gc,humongous      ] GC(426) Humongous region 270 (object size 1048592 @ 0x0000000090e00000) remset 0 code roots 0 marked 0 pinned count 0 reclaim candidate 0 type array 1
[2024-10-26T03:19:29.388+0530][132.112s][debug][gc,humongous      ] GC(426) Humongous region 428 (object size 1048592 @ 0x000000009ac00000) remset 0 code roots 0 marked 0 pinned count 0 reclaim candidate 0 type array 1
[2024-10-26T03:19:29.388+0530][132.112s][debug][gc,humongous      ] GC(426) Humongous region 742 (object size 1048592 @ 0x00000000ae600000) remset 0 code roots 0 marked 0 pinned count 0 reclaim candidate 0 type array 1
[2024-10-26T03:19:29.388+0530][132.112s][debug][gc,humongous      ] GC(426) Humongous region 584 (object size 1048592 @ 0x00000000a4800000) remset 0 code roots 0 marked 0 pinned count 0 reclaim candidate 0 type array 1
[2024-10-26T03:19:29.388+0530][132.112s][debug][gc,humongous      ] GC(426) Humongous region 132 (object size 1048592 @ 0x0000000088400000) remset 0 code roots 0 marked 0 pinned count 0 reclaim candidate 0 type array 1
[2024-10-26T03:19:29.388+0530][132.112s][debug][gc,humongous      ] GC(426) Humongous region 1058 (object size 1048592 @ 0x00000000c2200000) remset 0 code roots 0 marked 0 pinned count 0 reclaim candidate 0 type array 1
[2024-10-26T03:19:29.388+0530][132.112s][debug][gc,humongous      ] GC(426) Humongous region 900 (object size 1048592 @ 0x00000000b8400000) remset 0 code roots 0 marked 0 pinned count 0 reclaim candidate 0 type array 1
[2024-10-26T03:19:29.388+0530][132.112s][debug][gc,humongous      ] GC(426) Humongous region 1214 (object size 1048592 @ 0x00000000cbe00000) remset 0 code roots 0 marked 0 pinned count 0 reclaim candidate 0 type array 1
[2024-10-26T03:19:29.388+0530][132.112s][debug][gc,humongous      ] GC(426) Humongous region 1372 (object size 1048592 @ 0x00000000d5c00000) remset 0 code roots 0 marked 0 pinned count 0 reclaim candidate 0 type array 1
[2024-10-26T03:19:29.388+0530][132.112s][debug][gc,humongous      ] GC(426) Humongous region 1530 (object size 1048592 @ 0x00000000dfa00000) remset 0 code roots 0 marked 0 pinned count 0 reclaim candidate 0 type array 1
[2024-10-26T03:19:29.388+0530][132.112s][debug][gc,humongous      ] GC(426) Humongous region 1688 (object size 1048592 @ 0x00000000e9800000) remset 0 code roots 0 marked 0 pinned count 0 reclaim candidate 0 type array 1
[2024-10-26T03:19:29.388+0530][132.112s][debug][gc,humongous      ] GC(426) Humongous region 1844 (object size 1048592 @ 0x00000000f3400000) remset 0 code roots 0 marked 0 pinned count 0 reclaim candidate 0 type array 1
[2024-10-26T03:19:29.388+0530][132.113s][debug][gc,humongous      ] GC(426) Humongous region 2002 (object size 1048592 @ 0x00000000fd200000) remset 0 code roots 0 marked 0 pinned count 0 reclaim candidate 0 type array 1
[2024-10-26T03:19:29.388+0530][132.113s][debug][gc,humongous      ] GC(426) Humongous region 272 (object size 1048592 @ 0x0000000091000000) remset 0 code roots 0 marked 0 pinned count 0 reclaim candidate 0 type array 1
[2024-10-26T03:19:29.388+0530][132.113s][debug][gc,humongous      ] GC(426) Humongous region 430 (object size 1048592 @ 0x000000009ae00000) remset 0 code roots 0 marked 0 pinned count 0 reclaim candidate 0 type array 1
[2024-10-26T03:19:29.388+0530][132.113s][debug][gc,humongous      ] GC(426) Humongous region 744 (object size 1048592 @ 0x00000000ae800000) remset 0 code roots 0 marked 0 pinned count 0 reclaim candidate 0 type array 1
[2024-10-26T03:19:29.388+0530][132.113s][debug][gc,humongous      ] GC(426) Humongous region 586 (object size 1048592 @ 0x00000000a4a00000) remset 0 code roots 0 marked 0 pinned count 0 reclaim candidate 0 type array 1
[2024-10-26T03:19:29.388+0530][132.113s][debug][gc,humongous      ] GC(426) Humongous region 134 (object size 1048592 @ 0x0000000088600000) remset 0 code roots 0 marked 0 pinned count 0 reclaim candidate 0 type array 1
[2024-10-26T03:19:29.388+0530][132.113s][debug][gc,humongous      ] GC(426) Humongous region 1060 (object size 1048592 @ 0x00000000c2400000) remset 0 code roots 0 marked 0 pinned count 0 reclaim candidate 0 type array 1
[2024-10-26T03:19:29.388+0530][132.113s][debug][gc,humongous      ] GC(426) Humongous region 902 (object size 1048592 @ 0x00000000b8600000) remset 0 code roots 0 marked 0 pinned count 0 reclaim candidate 0 type array 1
[2024-10-26T03:19:29.388+0530][132.113s][debug][gc,humongous      ] GC(426) Humongous region 1216 (object size 1048592 @ 0x00000000cc000000) remset 0 code roots 0 marked 0 pinned count 0 reclaim candidate 0 type array 1
[2024-10-26T03:19:29.388+0530][132.113s][debug][gc,humongous      ] GC(426) Humongous region 1374 (object size 1048592 @ 0x00000000d5e00000) remset 0 code roots 0 marked 0 pinned count 0 reclaim candidate 0 type array 1
[2024-10-26T03:19:29.388+0530][132.113s][debug][gc,humongous      ] GC(426) Humongous region 1532 (object size 1048592 @ 0x00000000dfc00000) remset 0 code roots 0 marked 0 pinned count 0 reclaim candidate 0 type array 1
[2024-10-26T03:19:29.388+0530][132.113s][debug][gc,humongous      ] GC(426) Humongous region 1690 (object size 1048592 @ 0x00000000e9a00000) remset 0 code roots 0 marked 0 pinned count 0 reclaim candidate 0 type array 1
[2024-10-26T03:19:29.388+0530][132.113s][debug][gc,humongous      ] GC(426) Humongous region 1846 (object size 1048592 @ 0x00000000f3600000) remset 0 code roots 0 marked 0 pinned count 0 reclaim candidate 0 type array 1
[2024-10-26T03:19:29.388+0530][132.113s][debug][gc,humongous      ] GC(426) Humongous region 2004 (object size 1048592 @ 0x00000000fd400000) remset 0 code roots 0 marked 0 pinned count 0 reclaim candidate 0 type array 1
[2024-10-26T03:19:29.388+0530][132.113s][debug][gc,humongous      ] GC(426) Humongous region 274 (object size 1048592 @ 0x0000000091200000) remset 0 code roots 0 marked 0 pinned count 0 reclaim candidate 0 type array 1
[2024-10-26T03:19:29.388+0530][132.113s][debug][gc,humongous      ] GC(426) Humongous region 432 (object size 1048592 @ 0x000000009b000000) remset 0 code roots 0 marked 0 pinned count 0 reclaim candidate 0 type array 1
[2024-10-26T03:19:29.388+0530][132.113s][debug][gc,humongous      ] GC(426) Humongous region 746 (object size 1048592 @ 0x00000000aea00000) remset 0 code roots 0 marked 0 pinned count 0 reclaim candidate 0 type array 1
[2024-10-26T03:19:29.388+0530][132.113s][debug][gc,humongous      ] GC(426) Humongous region 588 (object size 1048592 @ 0x00000000a4c00000) remset 0 code roots 0 marked 0 pinned count 0 reclaim candidate 0 type array 1
[2024-10-26T03:19:29.388+0530][132.113s][debug][gc,humongous      ] GC(426) Humongous region 136 (object size 1048592 @ 0x0000000088800000) remset 0 code roots 0 marked 0 pinned count 0 reclaim candidate 0 type array 1
[2024-10-26T03:19:29.388+0530][132.113s][debug][gc,humongous      ] GC(426) Humongous region 1062 (object size 1048592 @ 0x00000000c2600000) remset 0 code roots 0 marked 0 pinned count 0 reclaim candidate 0 type array 1
[2024-10-26T03:19:29.388+0530][132.113s][debug][gc,humongous      ] GC(426) Humongous region 904 (object size 1048592 @ 0x00000000b8800000) remset 0 code roots 0 marked 0 pinned count 0 reclaim candidate 0 type array 1
[2024-10-26T03:19:29.388+0530][132.113s][debug][gc,humongous      ] GC(426) Humongous region 1218 (object size 1048592 @ 0x00000000cc200000) remset 0 code roots 0 marked 0 pinned count 0 reclaim candidate 0 type array 1
[2024-10-26T03:19:29.388+0530][132.113s][debug][gc,humongous      ] GC(426) Humongous region 1376 (object size 1048592 @ 0x00000000d6000000) remset 0 code roots 0 marked 0 pinned count 0 reclaim candidate 0 type array 1
[2024-10-26T03:19:29.388+0530][132.113s][debug][gc,humongous      ] GC(426) Humongous region 1534 (object size 1048592 @ 0x00000000dfe00000) remset 0 code roots 0 marked 0 pinned count 0 reclaim candidate 0 type array 1
[2024-10-26T03:19:29.388+0530][132.113s][debug][gc,humongous      ] GC(426) Humongous region 1692 (object size 1048592 @ 0x00000000e9c00000) remset 0 code roots 0 marked 0 pinned count 0 reclaim candidate 0 type array 1
[2024-10-26T03:19:29.388+0530][132.113s][debug][gc,humongous      ] GC(426) Humongous region 1848 (object size 1048592 @ 0x00000000f3800000) remset 0 code roots 0 marked 0 pinned count 0 reclaim candidate 0 type array 1
[2024-10-26T03:19:29.388+0530][132.113s][debug][gc,humongous      ] GC(426) Humongous region 2006 (object size 1048592 @ 0x00000000fd600000) remset 0 code roots 0 marked 0 pinned count 0 reclaim candidate 0 type array 1
[2024-10-26T03:19:29.388+0530][132.113s][debug][gc,humongous      ] GC(426) Humongous region 276 (object size 1048592 @ 0x0000000091400000) remset 0 code roots 0 marked 0 pinned count 0 reclaim candidate 0 type array 1
[2024-10-26T03:19:29.388+0530][132.113s][debug][gc,humongous      ] GC(426) Humongous region 434 (object size 1048592 @ 0x000000009b200000) remset 0 code roots 0 marked 0 pinned count 0 reclaim candidate 0 type array 1
[2024-10-26T03:19:29.388+0530][132.113s][debug][gc,humongous      ] GC(426) Humongous region 748 (object size 1048592 @ 0x00000000aec00000) remset 0 code roots 0 marked 0 pinned count 0 reclaim candidate 0 type array 1
[2024-10-26T03:19:29.388+0530][132.113s][debug][gc,humongous      ] GC(426) Humongous region 590 (object size 1048592 @ 0x00000000a4e00000) remset 0 code roots 0 marked 0 pinned count 0 reclaim candidate 0 type array 1
[2024-10-26T03:19:29.388+0530][132.113s][debug][gc,humongous      ] GC(426) Humongous region 138 (object size 1048592 @ 0x0000000088a00000) remset 0 code roots 0 marked 0 pinned count 0 reclaim candidate 0 type array 1
[2024-10-26T03:19:29.388+0530][132.113s][debug][gc,humongous      ] GC(426) Humongous region 1064 (object size 1048592 @ 0x00000000c2800000) remset 0 code roots 0 marked 0 pinned count 0 reclaim candidate 0 type array 1
[2024-10-26T03:19:29.388+0530][132.113s][debug][gc,humongous      ] GC(426) Humongous region 906 (object size 1048592 @ 0x00000000b8a00000) remset 0 code roots 0 marked 0 pinned count 0 reclaim candidate 0 type array 1
[2024-10-26T03:19:29.389+0530][132.113s][debug][gc,humongous      ] GC(426) Humongous region 1220 (object size 1048592 @ 0x00000000cc400000) remset 0 code roots 0 marked 0 pinned count 0 reclaim candidate 0 type array 1
[2024-10-26T03:19:29.389+0530][132.113s][debug][gc,humongous      ] GC(426) Humongous region 1378 (object size 1048592 @ 0x00000000d6200000) remset 0 code roots 0 marked 0 pinned count 0 reclaim candidate 0 type array 1
[2024-10-26T03:19:29.389+0530][132.113s][debug][gc,humongous      ] GC(426) Humongous region 1536 (object size 1048592 @ 0x00000000e0000000) remset 0 code roots 0 marked 0 pinned count 0 reclaim candidate 0 type array 1
[2024-10-26T03:19:29.389+0530][132.113s][debug][gc,humongous      ] GC(426) Humongous region 1694 (object size 1048592 @ 0x00000000e9e00000) remset 0 code roots 0 marked 0 pinned count 0 reclaim candidate 0 type array 1
[2024-10-26T03:19:29.389+0530][132.113s][debug][gc,humongous      ] GC(426) Humongous region 1850 (object size 1048592 @ 0x00000000f3a00000) remset 0 code roots 0 marked 0 pinned count 0 reclaim candidate 0 type array 1
[2024-10-26T03:19:29.389+0530][132.113s][debug][gc,humongous      ] GC(426) Humongous region 2008 (object size 1048592 @ 0x00000000fd800000) remset 0 code roots 0 marked 0 pinned count 0 reclaim candidate 0 type array 1
[2024-10-26T03:19:29.389+0530][132.113s][debug][gc,humongous      ] GC(426) Humongous region 278 (object size 1048592 @ 0x0000000091600000) remset 0 code roots 0 marked 0 pinned count 0 reclaim candidate 0 type array 1
[2024-10-26T03:19:29.389+0530][132.113s][debug][gc,humongous      ] GC(426) Humongous region 436 (object size 1048592 @ 0x000000009b400000) remset 0 code roots 0 marked 0 pinned count 0 reclaim candidate 0 type array 1
[2024-10-26T03:19:29.389+0530][132.113s][debug][gc,humongous      ] GC(426) Humongous region 750 (object size 1048592 @ 0x00000000aee00000) remset 0 code roots 0 marked 0 pinned count 0 reclaim candidate 0 type array 1
[2024-10-26T03:19:29.389+0530][132.113s][debug][gc,humongous      ] GC(426) Humongous region 592 (object size 1048592 @ 0x00000000a5000000) remset 0 code roots 0 marked 0 pinned count 0 reclaim candidate 0 type array 1
[2024-10-26T03:19:29.389+0530][132.113s][debug][gc,humongous      ] GC(426) Humongous region 140 (object size 1048592 @ 0x0000000088c00000) remset 0 code roots 0 marked 0 pinned count 0 reclaim candidate 0 type array 1
[2024-10-26T03:19:29.389+0530][132.113s][debug][gc,humongous      ] GC(426) Humongous region 1066 (object size 1048592 @ 0x00000000c2a00000) remset 0 code roots 0 marked 0 pinned count 0 reclaim candidate 0 type array 1
[2024-10-26T03:19:29.389+0530][132.113s][debug][gc,humongous      ] GC(426) Humongous region 908 (object size 1048592 @ 0x00000000b8c00000) remset 0 code roots 0 marked 0 pinned count 0 reclaim candidate 0 type array 1
[2024-10-26T03:19:29.389+0530][132.113s][debug][gc,humongous      ] GC(426) Humongous region 1222 (object size 1048592 @ 0x00000000cc600000) remset 0 code roots 0 marked 0 pinned count 0 reclaim candidate 0 type array 1
[2024-10-26T03:19:29.389+0530][132.113s][debug][gc,humongous      ] GC(426) Humongous region 1380 (object size 1048592 @ 0x00000000d6400000) remset 0 code roots 0 marked 0 pinned count 0 reclaim candidate 0 type array 1
[2024-10-26T03:19:29.389+0530][132.113s][debug][gc,humongous      ] GC(426) Humongous region 1538 (object size 1048592 @ 0x00000000e0200000) remset 0 code roots 0 marked 0 pinned count 0 reclaim candidate 0 type array 1
[2024-10-26T03:19:29.389+0530][132.113s][debug][gc,humongous      ] GC(426) Humongous region 1696 (object size 1048592 @ 0x00000000ea000000) remset 0 code roots 0 marked 0 pinned count 0 reclaim candidate 0 type array 1
[2024-10-26T03:19:29.389+0530][132.113s][debug][gc,humongous      ] GC(426) Humongous region 1852 (object size 1048592 @ 0x00000000f3c00000) remset 0 code roots 0 marked 0 pinned count 0 reclaim candidate 0 type array 1
[2024-10-26T03:19:29.389+0530][132.113s][debug][gc,humongous      ] GC(426) Humongous region 2010 (object size 1048592 @ 0x00000000fda00000) remset 0 code roots 0 marked 0 pinned count 0 reclaim candidate 0 type array 1
[2024-10-26T03:19:29.389+0530][132.113s][debug][gc,humongous      ] GC(426) Humongous region 280 (object size 1048592 @ 0x0000000091800000) remset 0 code roots 0 marked 0 pinned count 0 reclaim candidate 0 type array 1
[2024-10-26T03:19:29.389+0530][132.113s][debug][gc,humongous      ] GC(426) Humongous region 438 (object size 1048592 @ 0x000000009b600000) remset 0 code roots 0 marked 0 pinned count 0 reclaim candidate 0 type array 1
[2024-10-26T03:19:29.389+0530][132.113s][debug][gc,humongous      ] GC(426) Humongous region 752 (object size 1048592 @ 0x00000000af000000) remset 0 code roots 0 marked 0 pinned count 0 reclaim candidate 0 type array 1
[2024-10-26T03:19:29.389+0530][132.113s][debug][gc,humongous      ] GC(426) Humongous region 594 (object size 1048592 @ 0x00000000a5200000) remset 0 code roots 0 marked 0 pinned count 0 reclaim candidate 0 type array 1
[2024-10-26T03:19:29.389+0530][132.113s][debug][gc,humongous      ] GC(426) Humongous region 142 (object size 1048592 @ 0x0000000088e00000) remset 0 code roots 0 marked 0 pinned count 0 reclaim candidate 0 type array 1
[2024-10-26T03:19:29.389+0530][132.113s][debug][gc,humongous      ] GC(426) Humongous region 1068 (object size 1048592 @ 0x00000000c2c00000) remset 0 code roots 0 marked 0 pinned count 0 reclaim candidate 0 type array 1
[2024-10-26T03:19:29.389+0530][132.113s][debug][gc,humongous      ] GC(426) Humongous region 910 (object size 1048592 @ 0x00000000b8e00000) remset 0 code roots 0 marked 0 pinned count 0 reclaim candidate 0 type array 1
[2024-10-26T03:19:29.389+0530][132.113s][debug][gc,humongous      ] GC(426) Humongous region 1224 (object size 1048592 @ 0x00000000cc800000) remset 0 code roots 0 marked 0 pinned count 0 reclaim candidate 0 type array 1
[2024-10-26T03:19:29.389+0530][132.113s][debug][gc,humongous      ] GC(426) Humongous region 1382 (object size 1048592 @ 0x00000000d6600000) remset 0 code roots 0 marked 0 pinned count 0 reclaim candidate 0 type array 1
[2024-10-26T03:19:29.389+0530][132.113s][debug][gc,humongous      ] GC(426) Humongous region 1540 (object size 1048592 @ 0x00000000e0400000) remset 0 code roots 0 marked 0 pinned count 0 reclaim candidate 0 type array 1
[2024-10-26T03:19:29.389+0530][132.113s][debug][gc,humongous      ] GC(426) Humongous region 1698 (object size 1048592 @ 0x00000000ea200000) remset 0 code roots 0 marked 0 pinned count 0 reclaim candidate 0 type array 1
[2024-10-26T03:19:29.389+0530][132.113s][debug][gc,humongous      ] GC(426) Humongous region 1854 (object size 1048592 @ 0x00000000f3e00000) remset 0 code roots 0 marked 0 pinned count 0 reclaim candidate 0 type array 1
[2024-10-26T03:19:29.389+0530][132.113s][debug][gc,humongous      ] GC(426) Humongous region 2012 (object size 1048592 @ 0x00000000fdc00000) remset 0 code roots 0 marked 0 pinned count 0 reclaim candidate 0 type array 1
[2024-10-26T03:19:29.389+0530][132.113s][debug][gc,humongous      ] GC(426) Humongous region 282 (object size 1048592 @ 0x0000000091a00000) remset 0 code roots 0 marked 0 pinned count 0 reclaim candidate 0 type array 1
[2024-10-26T03:19:29.389+0530][132.113s][debug][gc,humongous      ] GC(426) Humongous region 440 (object size 1048592 @ 0x000000009b800000) remset 0 code roots 0 marked 0 pinned count 0 reclaim candidate 0 type array 1
[2024-10-26T03:19:29.389+0530][132.113s][debug][gc,humongous      ] GC(426) Humongous region 754 (object size 1048592 @ 0x00000000af200000) remset 0 code roots 0 marked 0 pinned count 0 reclaim candidate 0 type array 1
[2024-10-26T03:19:29.389+0530][132.113s][debug][gc,humongous      ] GC(426) Humongous region 596 (object size 1048592 @ 0x00000000a5400000) remset 0 code roots 0 marked 0 pinned count 0 reclaim candidate 0 type array 1
[2024-10-26T03:19:29.389+0530][132.113s][debug][gc,humongous      ] GC(426) Humongous region 144 (object size 1048592 @ 0x0000000089000000) remset 0 code roots 0 marked 0 pinned count 0 reclaim candidate 0 type array 1
[2024-10-26T03:19:29.389+0530][132.113s][debug][gc,humongous      ] GC(426) Humongous region 1070 (object size 1048592 @ 0x00000000c2e00000) remset 0 code roots 0 marked 0 pinned count 0 reclaim candidate 0 type array 1
[2024-10-26T03:19:29.389+0530][132.113s][debug][gc,humongous      ] GC(426) Humongous region 912 (object size 1048592 @ 0x00000000b9000000) remset 0 code roots 0 marked 0 pinned count 0 reclaim candidate 0 type array 1
[2024-10-26T03:19:29.389+0530][132.113s][debug][gc,humongous      ] GC(426) Humongous region 1226 (object size 1048592 @ 0x00000000cca00000) remset 0 code roots 0 marked 0 pinned count 0 reclaim candidate 0 type array 1
[2024-10-26T03:19:29.389+0530][132.113s][debug][gc,humongous      ] GC(426) Humongous region 1384 (object size 1048592 @ 0x00000000d6800000) remset 0 code roots 0 marked 0 pinned count 0 reclaim candidate 0 type array 1
[2024-10-26T03:19:29.389+0530][132.113s][debug][gc,humongous      ] GC(426) Humongous region 1542 (object size 1048592 @ 0x00000000e0600000) remset 0 code roots 0 marked 0 pinned count 0 reclaim candidate 0 type array 1
[2024-10-26T03:19:29.389+0530][132.113s][debug][gc,humongous      ] GC(426) Humongous region 1700 (object size 1048592 @ 0x00000000ea400000) remset 0 code roots 0 marked 0 pinned count 0 reclaim candidate 0 type array 1
[2024-10-26T03:19:29.389+0530][132.113s][debug][gc,humongous      ] GC(426) Humongous region 1856 (object size 1048592 @ 0x00000000f4000000) remset 0 code roots 0 marked 0 pinned count 0 reclaim candidate 0 type array 1
[2024-10-26T03:19:29.389+0530][132.113s][debug][gc,humongous      ] GC(426) Humongous region 2014 (object size 1048592 @ 0x00000000fde00000) remset 0 code roots 0 marked 0 pinned count 0 reclaim candidate 0 type array 1
[2024-10-26T03:19:29.389+0530][132.113s][debug][gc,humongous      ] GC(426) Humongous region 284 (object size 1048592 @ 0x0000000091c00000) remset 0 code roots 0 marked 0 pinned count 0 reclaim candidate 0 type array 1
[2024-10-26T03:19:29.389+0530][132.113s][debug][gc,humongous      ] GC(426) Humongous region 442 (object size 1048592 @ 0x000000009ba00000) remset 0 code roots 0 marked 0 pinned count 0 reclaim candidate 0 type array 1
[2024-10-26T03:19:29.389+0530][132.113s][debug][gc,humongous      ] GC(426) Humongous region 756 (object size 1048592 @ 0x00000000af400000) remset 0 code roots 0 marked 0 pinned count 0 reclaim candidate 0 type array 1
[2024-10-26T03:19:29.389+0530][132.114s][debug][gc,humongous      ] GC(426) Humongous region 598 (object size 1048592 @ 0x00000000a5600000) remset 0 code roots 0 marked 0 pinned count 0 reclaim candidate 0 type array 1
[2024-10-26T03:19:29.389+0530][132.114s][debug][gc,humongous      ] GC(426) Humongous region 146 (object size 1048592 @ 0x0000000089200000) remset 0 code roots 0 marked 0 pinned count 0 reclaim candidate 0 type array 1
[2024-10-26T03:19:29.389+0530][132.114s][debug][gc,humongous      ] GC(426) Humongous region 1072 (object size 1048592 @ 0x00000000c3000000) remset 0 code roots 0 marked 0 pinned count 0 reclaim candidate 0 type array 1
[2024-10-26T03:19:29.389+0530][132.114s][debug][gc,humongous      ] GC(426) Humongous region 914 (object size 1048592 @ 0x00000000b9200000) remset 0 code roots 0 marked 0 pinned count 0 reclaim candidate 0 type array 1
[2024-10-26T03:19:29.389+0530][132.114s][debug][gc,humongous      ] GC(426) Humongous region 1228 (object size 1048592 @ 0x00000000ccc00000) remset 0 code roots 0 marked 0 pinned count 0 reclaim candidate 0 type array 1
[2024-10-26T03:19:29.389+0530][132.114s][debug][gc,humongous      ] GC(426) Humongous region 1386 (object size 1048592 @ 0x00000000d6a00000) remset 0 code roots 0 marked 0 pinned count 0 reclaim candidate 0 type array 1
[2024-10-26T03:19:29.389+0530][132.114s][debug][gc,humongous      ] GC(426) Humongous region 1544 (object size 1048592 @ 0x00000000e0800000) remset 0 code roots 0 marked 0 pinned count 0 reclaim candidate 0 type array 1
[2024-10-26T03:19:29.389+0530][132.114s][debug][gc,humongous      ] GC(426) Humongous region 1702 (object size 1048592 @ 0x00000000ea600000) remset 0 code roots 0 marked 0 pinned count 0 reclaim candidate 0 type array 1
[2024-10-26T03:19:29.389+0530][132.114s][debug][gc,humongous      ] GC(426) Humongous region 1858 (object size 1048592 @ 0x00000000f4200000) remset 0 code roots 0 marked 0 pinned count 0 reclaim candidate 0 type array 1
[2024-10-26T03:19:29.389+0530][132.114s][debug][gc,humongous      ] GC(426) Humongous region 2016 (object size 1048592 @ 0x00000000fe000000) remset 0 code roots 0 marked 0 pinned count 0 reclaim candidate 0 type array 1
[2024-10-26T03:19:29.389+0530][132.114s][debug][gc,humongous      ] GC(426) Humongous region 286 (object size 1048592 @ 0x0000000091e00000) remset 0 code roots 0 marked 0 pinned count 0 reclaim candidate 0 type array 1
[2024-10-26T03:19:29.389+0530][132.114s][debug][gc,humongous      ] GC(426) Humongous region 444 (object size 1048592 @ 0x000000009bc00000) remset 0 code roots 0 marked 0 pinned count 0 reclaim candidate 0 type array 1
[2024-10-26T03:19:29.389+0530][132.114s][debug][gc,humongous      ] GC(426) Humongous region 758 (object size 1048592 @ 0x00000000af600000) remset 0 code roots 0 marked 0 pinned count 0 reclaim candidate 0 type array 1
[2024-10-26T03:19:29.389+0530][132.114s][debug][gc,humongous      ] GC(426) Humongous region 600 (object size 1048592 @ 0x00000000a5800000) remset 0 code roots 0 marked 0 pinned count 0 reclaim candidate 0 type array 1
[2024-10-26T03:19:29.389+0530][132.114s][debug][gc,humongous      ] GC(426) Humongous region 148 (object size 1048592 @ 0x0000000089400000) remset 0 code roots 0 marked 0 pinned count 0 reclaim candidate 0 type array 1
[2024-10-26T03:19:29.389+0530][132.114s][debug][gc,humongous      ] GC(426) Humongous region 1074 (object size 1048592 @ 0x00000000c3200000) remset 0 code roots 0 marked 0 pinned count 0 reclaim candidate 0 type array 1
[2024-10-26T03:19:29.389+0530][132.114s][debug][gc,humongous      ] GC(426) Humongous region 916 (object size 1048592 @ 0x00000000b9400000) remset 0 code roots 0 marked 0 pinned count 0 reclaim candidate 0 type array 1
[2024-10-26T03:19:29.389+0530][132.114s][debug][gc,humongous      ] GC(426) Humongous region 1230 (object size 1048592 @ 0x00000000cce00000) remset 0 code roots 0 marked 0 pinned count 0 reclaim candidate 0 type array 1
[2024-10-26T03:19:29.389+0530][132.114s][debug][gc,humongous      ] GC(426) Humongous region 1388 (object size 1048592 @ 0x00000000d6c00000) remset 0 code roots 0 marked 0 pinned count 0 reclaim candidate 0 type array 1
[2024-10-26T03:19:29.389+0530][132.114s][debug][gc,humongous      ] GC(426) Humongous region 1546 (object size 1048592 @ 0x00000000e0a00000) remset 0 code roots 0 marked 0 pinned count 0 reclaim candidate 0 type array 1
[2024-10-26T03:19:29.389+0530][132.114s][debug][gc,humongous      ] GC(426) Humongous region 1704 (object size 1048592 @ 0x00000000ea800000) remset 0 code roots 0 marked 0 pinned count 0 reclaim candidate 0 type array 1
[2024-10-26T03:19:29.389+0530][132.114s][debug][gc,humongous      ] GC(426) Humongous region 1860 (object size 1048592 @ 0x00000000f4400000) remset 0 code roots 0 marked 0 pinned count 0 reclaim candidate 0 type array 1
[2024-10-26T03:19:29.389+0530][132.114s][debug][gc,humongous      ] GC(426) Humongous region 2018 (object size 1048592 @ 0x00000000fe200000) remset 0 code roots 0 marked 0 pinned count 0 reclaim candidate 0 type array 1
[2024-10-26T03:19:29.389+0530][132.114s][debug][gc,humongous      ] GC(426) Humongous region 288 (object size 1048592 @ 0x0000000092000000) remset 0 code roots 0 marked 0 pinned count 0 reclaim candidate 0 type array 1
[2024-10-26T03:19:29.389+0530][132.114s][debug][gc,humongous      ] GC(426) Humongous region 446 (object size 1048592 @ 0x000000009be00000) remset 0 code roots 0 marked 0 pinned count 0 reclaim candidate 0 type array 1
[2024-10-26T03:19:29.389+0530][132.114s][debug][gc,humongous      ] GC(426) Humongous region 760 (object size 1048592 @ 0x00000000af800000) remset 0 code roots 0 marked 0 pinned count 0 reclaim candidate 0 type array 1
[2024-10-26T03:19:29.389+0530][132.114s][debug][gc,humongous      ] GC(426) Humongous region 602 (object size 1048592 @ 0x00000000a5a00000) remset 0 code roots 0 marked 0 pinned count 0 reclaim candidate 0 type array 1
[2024-10-26T03:19:29.389+0530][132.114s][debug][gc,humongous      ] GC(426) Humongous region 150 (object size 1048592 @ 0x0000000089600000) remset 0 code roots 0 marked 0 pinned count 0 reclaim candidate 0 type array 1
[2024-10-26T03:19:29.389+0530][132.114s][debug][gc,humongous      ] GC(426) Humongous region 1076 (object size 1048592 @ 0x00000000c3400000) remset 0 code roots 0 marked 0 pinned count 0 reclaim candidate 0 type array 1
[2024-10-26T03:19:29.389+0530][132.114s][debug][gc,humongous      ] GC(426) Humongous region 918 (object size 1048592 @ 0x00000000b9600000) remset 0 code roots 0 marked 0 pinned count 0 reclaim candidate 0 type array 1
[2024-10-26T03:19:29.389+0530][132.114s][debug][gc,humongous      ] GC(426) Humongous region 1232 (object size 1048592 @ 0x00000000cd000000) remset 0 code roots 0 marked 0 pinned count 0 reclaim candidate 0 type array 1
[2024-10-26T03:19:29.389+0530][132.114s][debug][gc,humongous      ] GC(426) Humongous region 1390 (object size 1048592 @ 0x00000000d6e00000) remset 0 code roots 0 marked 0 pinned count 0 reclaim candidate 0 type array 1
[2024-10-26T03:19:29.389+0530][132.114s][debug][gc,humongous      ] GC(426) Humongous region 1548 (object size 1048592 @ 0x00000000e0c00000) remset 0 code roots 0 marked 0 pinned count 0 reclaim candidate 0 type array 1
[2024-10-26T03:19:29.389+0530][132.114s][debug][gc,humongous      ] GC(426) Humongous region 1706 (object size 1048592 @ 0x00000000eaa00000) remset 0 code roots 0 marked 0 pinned count 0 reclaim candidate 0 type array 1
[2024-10-26T03:19:29.390+0530][132.114s][debug][gc,humongous      ] GC(426) Humongous region 1862 (object size 1048592 @ 0x00000000f4600000) remset 0 code roots 0 marked 0 pinned count 0 reclaim candidate 0 type array 1
[2024-10-26T03:19:29.390+0530][132.114s][debug][gc,humongous      ] GC(426) Humongous region 2020 (object size 1048592 @ 0x00000000fe400000) remset 0 code roots 0 marked 0 pinned count 0 reclaim candidate 0 type array 1
[2024-10-26T03:19:29.390+0530][132.114s][debug][gc,humongous      ] GC(426) Humongous region 290 (object size 1048592 @ 0x0000000092200000) remset 0 code roots 0 marked 0 pinned count 0 reclaim candidate 0 type array 1
[2024-10-26T03:19:29.390+0530][132.114s][debug][gc,humongous      ] GC(426) Humongous region 448 (object size 1048592 @ 0x000000009c000000) remset 0 code roots 0 marked 0 pinned count 0 reclaim candidate 0 type array 1
[2024-10-26T03:19:29.390+0530][132.114s][debug][gc,humongous      ] GC(426) Humongous region 762 (object size 1048592 @ 0x00000000afa00000) remset 0 code roots 0 marked 0 pinned count 0 reclaim candidate 0 type array 1
[2024-10-26T03:19:29.390+0530][132.114s][debug][gc,humongous      ] GC(426) Humongous region 604 (object size 1048592 @ 0x00000000a5c00000) remset 0 code roots 0 marked 0 pinned count 0 reclaim candidate 0 type array 1
[2024-10-26T03:19:29.390+0530][132.114s][debug][gc,humongous      ] GC(426) Humongous region 152 (object size 1048592 @ 0x0000000089800000) remset 0 code roots 0 marked 0 pinned count 0 reclaim candidate 0 type array 1
[2024-10-26T03:19:29.390+0530][132.114s][debug][gc,humongous      ] GC(426) Humongous region 1078 (object size 1048592 @ 0x00000000c3600000) remset 0 code roots 0 marked 0 pinned count 0 reclaim candidate 0 type array 1
[2024-10-26T03:19:29.390+0530][132.114s][debug][gc,humongous      ] GC(426) Humongous region 920 (object size 1048592 @ 0x00000000b9800000) remset 0 code roots 0 marked 0 pinned count 0 reclaim candidate 0 type array 1
[2024-10-26T03:19:29.390+0530][132.114s][debug][gc,humongous      ] GC(426) Humongous region 1234 (object size 1048592 @ 0x00000000cd200000) remset 0 code roots 0 marked 0 pinned count 0 reclaim candidate 0 type array 1
[2024-10-26T03:19:29.390+0530][132.114s][debug][gc,humongous      ] GC(426) Humongous region 1392 (object size 1048592 @ 0x00000000d7000000) remset 0 code roots 0 marked 0 pinned count 0 reclaim candidate 0 type array 1
[2024-10-26T03:19:29.390+0530][132.114s][debug][gc,humongous      ] GC(426) Humongous region 1550 (object size 1048592 @ 0x00000000e0e00000) remset 0 code roots 0 marked 0 pinned count 0 reclaim candidate 0 type array 1
[2024-10-26T03:19:29.390+0530][132.114s][debug][gc,humongous      ] GC(426) Humongous region 1708 (object size 1048592 @ 0x00000000eac00000) remset 0 code roots 0 marked 0 pinned count 0 reclaim candidate 0 type array 1
[2024-10-26T03:19:29.390+0530][132.114s][debug][gc,humongous      ] GC(426) Humongous region 1864 (object size 1048592 @ 0x00000000f4800000) remset 0 code roots 0 marked 0 pinned count 0 reclaim candidate 0 type array 1
[2024-10-26T03:19:29.390+0530][132.114s][debug][gc,humongous      ] GC(426) Humongous region 2022 (object size 1048592 @ 0x00000000fe600000) remset 0 code roots 0 marked 0 pinned count 0 reclaim candidate 0 type array 1
[2024-10-26T03:19:29.390+0530][132.114s][debug][gc,humongous      ] GC(426) Humongous region 292 (object size 1048592 @ 0x0000000092400000) remset 0 code roots 0 marked 0 pinned count 0 reclaim candidate 0 type array 1
[2024-10-26T03:19:29.390+0530][132.114s][debug][gc,humongous      ] GC(426) Humongous region 450 (object size 1048592 @ 0x000000009c200000) remset 0 code roots 0 marked 0 pinned count 0 reclaim candidate 0 type array 1
[2024-10-26T03:19:29.390+0530][132.114s][debug][gc,humongous      ] GC(426) Humongous region 764 (object size 1048592 @ 0x00000000afc00000) remset 0 code roots 0 marked 0 pinned count 0 reclaim candidate 0 type array 1
[2024-10-26T03:19:29.390+0530][132.114s][debug][gc,humongous      ] GC(426) Humongous region 606 (object size 1048592 @ 0x00000000a5e00000) remset 0 code roots 0 marked 0 pinned count 0 reclaim candidate 0 type array 1
[2024-10-26T03:19:29.390+0530][132.114s][debug][gc,humongous      ] GC(426) Humongous region 154 (object size 1048592 @ 0x0000000089a00000) remset 0 code roots 0 marked 0 pinned count 0 reclaim candidate 0 type array 1
[2024-10-26T03:19:29.390+0530][132.114s][debug][gc,humongous      ] GC(426) Humongous region 1080 (object size 1048592 @ 0x00000000c3800000) remset 0 code roots 0 marked 0 pinned count 0 reclaim candidate 0 type array 1
[2024-10-26T03:19:29.390+0530][132.114s][debug][gc,humongous      ] GC(426) Humongous region 922 (object size 1048592 @ 0x00000000b9a00000) remset 0 code roots 0 marked 0 pinned count 0 reclaim candidate 0 type array 1
[2024-10-26T03:19:29.390+0530][132.114s][debug][gc,humongous      ] GC(426) Humongous region 1236 (object size 1048592 @ 0x00000000cd400000) remset 0 code roots 0 marked 0 pinned count 0 reclaim candidate 0 type array 1
[2024-10-26T03:19:29.390+0530][132.114s][debug][gc,humongous      ] GC(426) Humongous region 1394 (object size 1048592 @ 0x00000000d7200000) remset 0 code roots 0 marked 0 pinned count 0 reclaim candidate 0 type array 1
[2024-10-26T03:19:29.390+0530][132.114s][debug][gc,humongous      ] GC(426) Humongous region 1552 (object size 1048592 @ 0x00000000e1000000) remset 0 code roots 0 marked 0 pinned count 0 reclaim candidate 0 type array 1
[2024-10-26T03:19:29.390+0530][132.114s][debug][gc,humongous      ] GC(426) Humongous region 1710 (object size 1048592 @ 0x00000000eae00000) remset 0 code roots 0 marked 0 pinned count 0 reclaim candidate 0 type array 1
[2024-10-26T03:19:29.390+0530][132.114s][debug][gc,humongous      ] GC(426) Humongous region 1866 (object size 1048592 @ 0x00000000f4a00000) remset 0 code roots 0 marked 0 pinned count 0 reclaim candidate 0 type array 1
[2024-10-26T03:19:29.390+0530][132.114s][debug][gc,humongous      ] GC(426) Humongous region 2024 (object size 1048592 @ 0x00000000fe800000) remset 0 code roots 0 marked 0 pinned count 0 reclaim candidate 0 type array 1
[2024-10-26T03:19:29.390+0530][132.114s][debug][gc,humongous      ] GC(426) Humongous region 294 (object size 1048592 @ 0x0000000092600000) remset 0 code roots 0 marked 0 pinned count 0 reclaim candidate 0 type array 1
[2024-10-26T03:19:29.390+0530][132.114s][debug][gc,humongous      ] GC(426) Humongous region 452 (object size 1048592 @ 0x000000009c400000) remset 0 code roots 0 marked 0 pinned count 0 reclaim candidate 0 type array 1
[2024-10-26T03:19:29.390+0530][132.114s][debug][gc,humongous      ] GC(426) Humongous region 766 (object size 1048592 @ 0x00000000afe00000) remset 0 code roots 0 marked 0 pinned count 0 reclaim candidate 0 type array 1
[2024-10-26T03:19:29.390+0530][132.114s][debug][gc,humongous      ] GC(426) Humongous region 608 (object size 1048592 @ 0x00000000a6000000) remset 0 code roots 0 marked 0 pinned count 0 reclaim candidate 0 type array 1
[2024-10-26T03:19:29.390+0530][132.114s][debug][gc,humongous      ] GC(426) Humongous region 156 (object size 1048592 @ 0x0000000089c00000) remset 0 code roots 0 marked 0 pinned count 0 reclaim candidate 0 type array 1
[2024-10-26T03:19:29.390+0530][132.114s][debug][gc,humongous      ] GC(426) Humongous region 1082 (object size 1048592 @ 0x00000000c3a00000) remset 0 code roots 0 marked 0 pinned count 0 reclaim candidate 0 type array 1
[2024-10-26T03:19:29.390+0530][132.114s][debug][gc,humongous      ] GC(426) Humongous region 924 (object size 1048592 @ 0x00000000b9c00000) remset 0 code roots 0 marked 0 pinned count 0 reclaim candidate 0 type array 1
[2024-10-26T03:19:29.390+0530][132.114s][debug][gc,humongous      ] GC(426) Humongous region 1238 (object size 1048592 @ 0x00000000cd600000) remset 0 code roots 0 marked 0 pinned count 0 reclaim candidate 0 type array 1
[2024-10-26T03:19:29.390+0530][132.114s][debug][gc,humongous      ] GC(426) Humongous region 1396 (object size 1048592 @ 0x00000000d7400000) remset 0 code roots 0 marked 0 pinned count 0 reclaim candidate 0 type array 1
[2024-10-26T03:19:29.390+0530][132.114s][debug][gc,humongous      ] GC(426) Humongous region 1554 (object size 1048592 @ 0x00000000e1200000) remset 0 code roots 0 marked 0 pinned count 0 reclaim candidate 0 type array 1
[2024-10-26T03:19:29.390+0530][132.114s][debug][gc,humongous      ] GC(426) Humongous region 1712 (object size 1048592 @ 0x00000000eb000000) remset 0 code roots 0 marked 0 pinned count 0 reclaim candidate 0 type array 1
[2024-10-26T03:19:29.390+0530][132.114s][debug][gc,humongous      ] GC(426) Humongous region 1868 (object size 1048592 @ 0x00000000f4c00000) remset 0 code roots 0 marked 0 pinned count 0 reclaim candidate 0 type array 1
[2024-10-26T03:19:29.390+0530][132.114s][debug][gc,humongous      ] GC(426) Humongous region 2026 (object size 1048592 @ 0x00000000fea00000) remset 0 code roots 0 marked 0 pinned count 0 reclaim candidate 0 type array 1
[2024-10-26T03:19:29.390+0530][132.114s][debug][gc,humongous      ] GC(426) Humongous region 296 (object size 1048592 @ 0x0000000092800000) remset 0 code roots 0 marked 0 pinned count 0 reclaim candidate 0 type array 1
[2024-10-26T03:19:29.390+0530][132.114s][debug][gc,humongous      ] GC(426) Humongous region 454 (object size 1048592 @ 0x000000009c600000) remset 0 code roots 0 marked 0 pinned count 0 reclaim candidate 0 type array 1
[2024-10-26T03:19:29.390+0530][132.114s][debug][gc,humongous      ] GC(426) Humongous region 768 (object size 1048592 @ 0x00000000b0000000) remset 0 code roots 0 marked 0 pinned count 0 reclaim candidate 0 type array 1
[2024-10-26T03:19:29.390+0530][132.114s][debug][gc,humongous      ] GC(426) Humongous region 610 (object size 1048592 @ 0x00000000a6200000) remset 0 code roots 0 marked 0 pinned count 0 reclaim candidate 0 type array 1
[2024-10-26T03:19:29.390+0530][132.114s][debug][gc,humongous      ] GC(426) Humongous region 298 (object size 1048592 @ 0x0000000092a00000) remset 0 code roots 0 marked 0 pinned count 0 reclaim candidate 0 type array 1
[2024-10-26T03:19:29.390+0530][132.114s][debug][gc,humongous      ] GC(426) Humongous region 1084 (object size 1048592 @ 0x00000000c3c00000) remset 0 code roots 0 marked 0 pinned count 0 reclaim candidate 0 type array 1
[2024-10-26T03:19:29.390+0530][132.115s][debug][gc,humongous      ] GC(426) Humongous region 926 (object size 1048592 @ 0x00000000b9e00000) remset 0 code roots 0 marked 0 pinned count 0 reclaim candidate 0 type array 1
[2024-10-26T03:19:29.390+0530][132.115s][debug][gc,humongous      ] GC(426) Humongous region 1240 (object size 1048592 @ 0x00000000cd800000) remset 0 code roots 0 marked 0 pinned count 0 reclaim candidate 0 type array 1
[2024-10-26T03:19:29.390+0530][132.115s][debug][gc,humongous      ] GC(426) Humongous region 1398 (object size 1048592 @ 0x00000000d7600000) remset 0 code roots 0 marked 0 pinned count 0 reclaim candidate 0 type array 1
[2024-10-26T03:19:29.390+0530][132.115s][debug][gc,humongous      ] GC(426) Humongous region 1556 (object size 1048592 @ 0x00000000e1400000) remset 0 code roots 0 marked 0 pinned count 0 reclaim candidate 0 type array 1
[2024-10-26T03:19:29.390+0530][132.115s][debug][gc,humongous      ] GC(426) Humongous region 1714 (object size 1048592 @ 0x00000000eb200000) remset 0 code roots 0 marked 0 pinned count 0 reclaim candidate 0 type array 1
[2024-10-26T03:19:29.390+0530][132.115s][debug][gc,humongous      ] GC(426) Humongous region 1870 (object size 1048592 @ 0x00000000f4e00000) remset 0 code roots 0 marked 0 pinned count 0 reclaim candidate 0 type array 1
[2024-10-26T03:19:29.390+0530][132.115s][debug][gc,humongous      ] GC(426) Humongous region 2028 (object size 1048592 @ 0x00000000fec00000) remset 0 code roots 0 marked 0 pinned count 0 reclaim candidate 0 type array 1
[2024-10-26T03:19:29.390+0530][132.115s][debug][gc,humongous      ] GC(426) Humongous region 300 (object size 1048592 @ 0x0000000092c00000) remset 0 code roots 0 marked 0 pinned count 0 reclaim candidate 0 type array 1
[2024-10-26T03:19:29.390+0530][132.115s][debug][gc,humongous      ] GC(426) Humongous region 456 (object size 1048592 @ 0x000000009c800000) remset 0 code roots 0 marked 0 pinned count 0 reclaim candidate 0 type array 1
[2024-10-26T03:19:29.390+0530][132.115s][debug][gc,humongous      ] GC(426) Humongous region 770 (object size 1048592 @ 0x00000000b0200000) remset 0 code roots 0 marked 0 pinned count 0 reclaim candidate 0 type array 1
[2024-10-26T03:19:29.390+0530][132.115s][debug][gc,humongous      ] GC(426) Humongous region 612 (object size 1048592 @ 0x00000000a6400000) remset 0 code roots 0 marked 0 pinned count 0 reclaim candidate 0 type array 1
[2024-10-26T03:19:29.390+0530][132.115s][debug][gc,humongous      ] GC(426) Humongous region 302 (object size 1048592 @ 0x0000000092e00000) remset 0 code roots 0 marked 0 pinned count 0 reclaim candidate 0 type array 1
[2024-10-26T03:19:29.390+0530][132.115s][debug][gc,humongous      ] GC(426) Humongous region 1086 (object size 1048592 @ 0x00000000c3e00000) remset 0 code roots 0 marked 0 pinned count 0 reclaim candidate 0 type array 1
[2024-10-26T03:19:29.390+0530][132.115s][debug][gc,humongous      ] GC(426) Humongous region 928 (object size 1048592 @ 0x00000000ba000000) remset 0 code roots 0 marked 0 pinned count 0 reclaim candidate 0 type array 1
[2024-10-26T03:19:29.390+0530][132.115s][debug][gc,humongous      ] GC(426) Humongous region 1242 (object size 1048592 @ 0x00000000cda00000) remset 0 code roots 0 marked 0 pinned count 0 reclaim candidate 0 type array 1
[2024-10-26T03:19:29.390+0530][132.115s][debug][gc,humongous      ] GC(426) Humongous region 1400 (object size 1048592 @ 0x00000000d7800000) remset 0 code roots 0 marked 0 pinned count 0 reclaim candidate 0 type array 1
[2024-10-26T03:19:29.390+0530][132.115s][debug][gc,humongous      ] GC(426) Humongous region 1558 (object size 1048592 @ 0x00000000e1600000) remset 0 code roots 0 marked 0 pinned count 0 reclaim candidate 0 type array 1
[2024-10-26T03:19:29.390+0530][132.115s][debug][gc,humongous      ] GC(426) Humongous region 1716 (object size 1048592 @ 0x00000000eb400000) remset 0 code roots 0 marked 0 pinned count 0 reclaim candidate 0 type array 1
[2024-10-26T03:19:29.390+0530][132.115s][debug][gc,humongous      ] GC(426) Humongous region 1872 (object size 1048592 @ 0x00000000f5000000) remset 0 code roots 0 marked 0 pinned count 0 reclaim candidate 0 type array 1
[2024-10-26T03:19:29.390+0530][132.115s][debug][gc,humongous      ] GC(426) Humongous region 2030 (object size 1048592 @ 0x00000000fee00000) remset 0 code roots 0 marked 0 pinned count 0 reclaim candidate 0 type array 1
[2024-10-26T03:19:29.390+0530][132.115s][debug][gc,humongous      ] GC(426) Humongous region 304 (object size 1048592 @ 0x0000000093000000) remset 0 code roots 0 marked 0 pinned count 0 reclaim candidate 0 type array 1
[2024-10-26T03:19:29.390+0530][132.115s][debug][gc,humongous      ] GC(426) Humongous region 458 (object size 1048592 @ 0x000000009ca00000) remset 0 code roots 0 marked 0 pinned count 0 reclaim candidate 0 type array 1
[2024-10-26T03:19:29.390+0530][132.115s][debug][gc,humongous      ] GC(426) Humongous region 772 (object size 1048592 @ 0x00000000b0400000) remset 0 code roots 0 marked 0 pinned count 0 reclaim candidate 0 type array 1
[2024-10-26T03:19:29.390+0530][132.115s][debug][gc,humongous      ] GC(426) Humongous region 614 (object size 1048592 @ 0x00000000a6600000) remset 0 code roots 0 marked 0 pinned count 0 reclaim candidate 0 type array 1
[2024-10-26T03:19:29.390+0530][132.115s][debug][gc,humongous      ] GC(426) Humongous region 306 (object size 1048592 @ 0x0000000093200000) remset 0 code roots 0 marked 0 pinned count 0 reclaim candidate 0 type array 1
[2024-10-26T03:19:29.390+0530][132.115s][debug][gc,humongous      ] GC(426) Humongous region 1088 (object size 1048592 @ 0x00000000c4000000) remset 0 code roots 0 marked 0 pinned count 0 reclaim candidate 0 type array 1
[2024-10-26T03:19:29.390+0530][132.115s][debug][gc,humongous      ] GC(426) Humongous region 930 (object size 1048592 @ 0x00000000ba200000) remset 0 code roots 0 marked 0 pinned count 0 reclaim candidate 0 type array 1
[2024-10-26T03:19:29.390+0530][132.115s][debug][gc,humongous      ] GC(426) Humongous region 1244 (object size 1048592 @ 0x00000000cdc00000) remset 0 code roots 0 marked 0 pinned count 0 reclaim candidate 0 type array 1
[2024-10-26T03:19:29.390+0530][132.115s][debug][gc,humongous      ] GC(426) Humongous region 1402 (object size 1048592 @ 0x00000000d7a00000) remset 0 code roots 0 marked 0 pinned count 0 reclaim candidate 0 type array 1
[2024-10-26T03:19:29.390+0530][132.115s][debug][gc,humongous      ] GC(426) Humongous region 1560 (object size 1048592 @ 0x00000000e1800000) remset 0 code roots 0 marked 0 pinned count 0 reclaim candidate 0 type array 1
[2024-10-26T03:19:29.390+0530][132.115s][debug][gc,humongous      ] GC(426) Humongous region 1718 (object size 1048592 @ 0x00000000eb600000) remset 0 code roots 0 marked 0 pinned count 0 reclaim candidate 0 type array 1
[2024-10-26T03:19:29.390+0530][132.115s][debug][gc,humongous      ] GC(426) Humongous region 1874 (object size 1048592 @ 0x00000000f5200000) remset 0 code roots 0 marked 0 pinned count 0 reclaim candidate 0 type array 1
[2024-10-26T03:19:29.391+0530][132.115s][debug][gc,humongous      ] GC(426) Humongous region 2032 (object size 1048592 @ 0x00000000ff000000) remset 0 code roots 0 marked 0 pinned count 0 reclaim candidate 0 type array 1
[2024-10-26T03:19:29.391+0530][132.115s][debug][gc,humongous      ] GC(426) Humongous region 308 (object size 1048592 @ 0x0000000093400000) remset 0 code roots 0 marked 0 pinned count 0 reclaim candidate 0 type array 1
[2024-10-26T03:19:29.391+0530][132.115s][debug][gc,humongous      ] GC(426) Humongous region 460 (object size 1048592 @ 0x000000009cc00000) remset 0 code roots 0 marked 0 pinned count 0 reclaim candidate 0 type array 1
[2024-10-26T03:19:29.391+0530][132.115s][debug][gc,humongous      ] GC(426) Humongous region 774 (object size 1048592 @ 0x00000000b0600000) remset 0 code roots 0 marked 0 pinned count 0 reclaim candidate 0 type array 1
[2024-10-26T03:19:29.391+0530][132.115s][debug][gc,humongous      ] GC(426) Humongous region 616 (object size 1048592 @ 0x00000000a6800000) remset 0 code roots 0 marked 0 pinned count 0 reclaim candidate 0 type array 1
[2024-10-26T03:19:29.391+0530][132.115s][debug][gc,humongous      ] GC(426) Humongous region 310 (object size 1048592 @ 0x0000000093600000) remset 0 code roots 0 marked 0 pinned count 0 reclaim candidate 0 type array 1
[2024-10-26T03:19:29.391+0530][132.115s][debug][gc,humongous      ] GC(426) Humongous region 1090 (object size 1048592 @ 0x00000000c4200000) remset 0 code roots 0 marked 0 pinned count 0 reclaim candidate 0 type array 1
[2024-10-26T03:19:29.391+0530][132.115s][debug][gc,humongous      ] GC(426) Humongous region 932 (object size 1048592 @ 0x00000000ba400000) remset 0 code roots 0 marked 0 pinned count 0 reclaim candidate 0 type array 1
[2024-10-26T03:19:29.391+0530][132.115s][debug][gc,humongous      ] GC(426) Humongous region 1246 (object size 1048592 @ 0x00000000cde00000) remset 0 code roots 0 marked 0 pinned count 0 reclaim candidate 0 type array 1
[2024-10-26T03:19:29.391+0530][132.115s][debug][gc,humongous      ] GC(426) Humongous region 1404 (object size 1048592 @ 0x00000000d7c00000) remset 0 code roots 0 marked 0 pinned count 0 reclaim candidate 0 type array 1
[2024-10-26T03:19:29.391+0530][132.115s][debug][gc,humongous      ] GC(426) Humongous region 1562 (object size 1048592 @ 0x00000000e1a00000) remset 0 code roots 0 marked 0 pinned count 0 reclaim candidate 0 type array 1
[2024-10-26T03:19:29.391+0530][132.115s][debug][gc,humongous      ] GC(426) Humongous region 1720 (object size 1048592 @ 0x00000000eb800000) remset 0 code roots 0 marked 0 pinned count 0 reclaim candidate 0 type array 1
[2024-10-26T03:19:29.391+0530][132.115s][debug][gc,humongous      ] GC(426) Humongous region 1876 (object size 1048592 @ 0x00000000f5400000) remset 0 code roots 0 marked 0 pinned count 0 reclaim candidate 0 type array 1
[2024-10-26T03:19:29.391+0530][132.115s][debug][gc,humongous      ] GC(426) Humongous region 2034 (object size 1048592 @ 0x00000000ff200000) remset 0 code roots 0 marked 0 pinned count 0 reclaim candidate 0 type array 1
[2024-10-26T03:19:29.391+0530][132.115s][debug][gc,humongous      ] GC(426) Humongous region 312 (object size 1048592 @ 0x0000000093800000) remset 0 code roots 0 marked 0 pinned count 0 reclaim candidate 0 type array 1
[2024-10-26T03:19:29.391+0530][132.115s][debug][gc,humongous      ] GC(426) Humongous region 462 (object size 1048592 @ 0x000000009ce00000) remset 0 code roots 0 marked 0 pinned count 0 reclaim candidate 0 type array 1
[2024-10-26T03:19:29.391+0530][132.115s][debug][gc,humongous      ] GC(426) Humongous region 776 (object size 1048592 @ 0x00000000b0800000) remset 0 code roots 0 marked 0 pinned count 0 reclaim candidate 0 type array 1
[2024-10-26T03:19:29.391+0530][132.115s][debug][gc,humongous      ] GC(426) Humongous region 618 (object size 1048592 @ 0x00000000a6a00000) remset 0 code roots 0 marked 0 pinned count 0 reclaim candidate 0 type array 1
[2024-10-26T03:19:29.391+0530][132.115s][debug][gc,humongous      ] GC(426) Humongous region 314 (object size 1048592 @ 0x0000000093a00000) remset 0 code roots 0 marked 0 pinned count 0 reclaim candidate 0 type array 1
[2024-10-26T03:19:29.391+0530][132.115s][debug][gc,humongous      ] GC(426) Humongous region 1092 (object size 1048592 @ 0x00000000c4400000) remset 0 code roots 0 marked 0 pinned count 0 reclaim candidate 0 type array 1
[2024-10-26T03:19:29.391+0530][132.115s][debug][gc,humongous      ] GC(426) Humongous region 934 (object size 1048592 @ 0x00000000ba600000) remset 0 code roots 0 marked 0 pinned count 0 reclaim candidate 0 type array 1
[2024-10-26T03:19:29.391+0530][132.115s][debug][gc,humongous      ] GC(426) Humongous region 1248 (object size 1048592 @ 0x00000000ce000000) remset 0 code roots 0 marked 0 pinned count 0 reclaim candidate 0 type array 1
[2024-10-26T03:19:29.391+0530][132.115s][debug][gc,humongous      ] GC(426) Humongous region 1406 (object size 1048592 @ 0x00000000d7e00000) remset 0 code roots 0 marked 0 pinned count 0 reclaim candidate 0 type array 1
[2024-10-26T03:19:29.391+0530][132.115s][debug][gc,humongous      ] GC(426) Humongous region 1564 (object size 1048592 @ 0x00000000e1c00000) remset 0 code roots 0 marked 0 pinned count 0 reclaim candidate 0 type array 1
[2024-10-26T03:19:29.391+0530][132.115s][debug][gc,humongous      ] GC(426) Humongous region 1722 (object size 1048592 @ 0x00000000eba00000) remset 0 code roots 0 marked 0 pinned count 0 reclaim candidate 0 type array 1
[2024-10-26T03:19:29.391+0530][132.116s][debug][gc,humongous      ] GC(426) Humongous region 1878 (object size 1048592 @ 0x00000000f5600000) remset 0 code roots 0 marked 0 pinned count 0 reclaim candidate 0 type array 1
[2024-10-26T03:19:29.391+0530][132.116s][debug][gc,humongous      ] GC(426) Humongous region 2036 (object size 1048592 @ 0x00000000ff400000) remset 0 code roots 0 marked 0 pinned count 0 reclaim candidate 0 type array 1
[2024-10-26T03:19:29.391+0530][132.116s][debug][gc,humongous      ] GC(426) Humongous region 464 (object size 1048592 @ 0x000000009d000000) remset 0 code roots 0 marked 0 pinned count 0 reclaim candidate 0 type array 1
[2024-10-26T03:19:29.391+0530][132.116s][debug][gc,humongous      ] GC(426) Humongous region 466 (object size 1048592 @ 0x000000009d200000) remset 0 code roots 0 marked 0 pinned count 0 reclaim candidate 0 type array 1
[2024-10-26T03:19:29.391+0530][132.116s][debug][gc,humongous      ] GC(426) Humongous region 778 (object size 1048592 @ 0x00000000b0a00000) remset 0 code roots 0 marked 0 pinned count 0 reclaim candidate 0 type array 1
[2024-10-26T03:19:29.391+0530][132.116s][debug][gc,humongous      ] GC(426) Humongous region 620 (object size 1048592 @ 0x00000000a6c00000) remset 0 code roots 0 marked 0 pinned count 0 reclaim candidate 0 type array 1
[2024-10-26T03:19:29.391+0530][132.116s][debug][gc,humongous      ] GC(426) Humongous region 468 (object size 1048592 @ 0x000000009d400000) remset 0 code roots 0 marked 0 pinned count 0 reclaim candidate 0 type array 1
[2024-10-26T03:19:29.391+0530][132.116s][debug][gc,humongous      ] GC(426) Humongous region 1094 (object size 1048592 @ 0x00000000c4600000) remset 0 code roots 0 marked 0 pinned count 0 reclaim candidate 0 type array 1
[2024-10-26T03:19:29.391+0530][132.116s][debug][gc,humongous      ] GC(426) Humongous region 936 (object size 1048592 @ 0x00000000ba800000) remset 0 code roots 0 marked 0 pinned count 0 reclaim candidate 0 type array 1
[2024-10-26T03:19:29.391+0530][132.116s][debug][gc,humongous      ] GC(426) Humongous region 1250 (object size 1048592 @ 0x00000000ce200000) remset 0 code roots 0 marked 0 pinned count 0 reclaim candidate 0 type array 1
[2024-10-26T03:19:29.391+0530][132.116s][debug][gc,humongous      ] GC(426) Humongous region 1408 (object size 1048592 @ 0x00000000d8000000) remset 0 code roots 0 marked 0 pinned count 0 reclaim candidate 0 type array 1
[2024-10-26T03:19:29.391+0530][132.116s][debug][gc,humongous      ] GC(426) Humongous region 1566 (object size 1048592 @ 0x00000000e1e00000) remset 0 code roots 0 marked 0 pinned count 0 reclaim candidate 0 type array 1
[2024-10-26T03:19:29.391+0530][132.116s][debug][gc,humongous      ] GC(426) Humongous region 1724 (object size 1048592 @ 0x00000000ebc00000) remset 0 code roots 0 marked 0 pinned count 0 reclaim candidate 0 type array 1
[2024-10-26T03:19:29.391+0530][132.116s][debug][gc,humongous      ] GC(426) Humongous region 1880 (object size 1048592 @ 0x00000000f5800000) remset 0 code roots 0 marked 0 pinned count 0 reclaim candidate 0 type array 1
[2024-10-26T03:19:29.391+0530][132.116s][debug][gc,humongous      ] GC(426) Humongous region 2038 (object size 1048592 @ 0x00000000ff600000) remset 0 code roots 0 marked 0 pinned count 0 reclaim candidate 0 type array 1
[2024-10-26T03:19:29.391+0530][132.116s][debug][gc,humongous      ] GC(426) Humongous region 470 (object size 1048592 @ 0x000000009d600000) remset 0 code roots 0 marked 0 pinned count 0 reclaim candidate 0 type array 1
[2024-10-26T03:19:29.391+0530][132.116s][debug][gc,humongous      ] GC(426) Humongous region 622 (object size 1048592 @ 0x00000000a6e00000) remset 0 code roots 0 marked 0 pinned count 0 reclaim candidate 0 type array 1
[2024-10-26T03:19:29.391+0530][132.116s][debug][gc,humongous      ] GC(426) Humongous region 780 (object size 1048592 @ 0x00000000b0c00000) remset 0 code roots 0 marked 0 pinned count 0 reclaim candidate 0 type array 1
[2024-10-26T03:19:29.391+0530][132.116s][debug][gc,humongous      ] GC(426) Humongous region 624 (object size 1048592 @ 0x00000000a7000000) remset 0 code roots 0 marked 0 pinned count 0 reclaim candidate 0 type array 1
[2024-10-26T03:19:29.391+0530][132.116s][debug][gc,humongous      ] GC(426) Humongous region 626 (object size 1048592 @ 0x00000000a7200000) remset 0 code roots 0 marked 0 pinned count 0 reclaim candidate 0 type array 1
[2024-10-26T03:19:29.391+0530][132.116s][debug][gc,humongous      ] GC(426) Humongous region 1096 (object size 1048592 @ 0x00000000c4800000) remset 0 code roots 0 marked 0 pinned count 0 reclaim candidate 0 type array 1
[2024-10-26T03:19:29.391+0530][132.116s][debug][gc,humongous      ] GC(426) Humongous region 938 (object size 1048592 @ 0x00000000baa00000) remset 0 code roots 0 marked 0 pinned count 0 reclaim candidate 0 type array 1
[2024-10-26T03:19:29.391+0530][132.116s][debug][gc,humongous      ] GC(426) Humongous region 1252 (object size 1048592 @ 0x00000000ce400000) remset 0 code roots 0 marked 0 pinned count 0 reclaim candidate 0 type array 1
[2024-10-26T03:19:29.391+0530][132.116s][debug][gc,humongous      ] GC(426) Humongous region 1410 (object size 1048592 @ 0x00000000d8200000) remset 0 code roots 0 marked 0 pinned count 0 reclaim candidate 0 type array 1
[2024-10-26T03:19:29.391+0530][132.116s][debug][gc,humongous      ] GC(426) Humongous region 1568 (object size 1048592 @ 0x00000000e2000000) remset 0 code roots 0 marked 0 pinned count 0 reclaim candidate 0 type array 1
[2024-10-26T03:19:29.391+0530][132.116s][debug][gc,humongous      ] GC(426) Humongous region 1726 (object size 1048592 @ 0x00000000ebe00000) remset 0 code roots 0 marked 0 pinned count 0 reclaim candidate 0 type array 1
[2024-10-26T03:19:29.391+0530][132.116s][debug][gc,humongous      ] GC(426) Humongous region 1882 (object size 1048592 @ 0x00000000f5a00000) remset 0 code roots 0 marked 0 pinned count 0 reclaim candidate 0 type array 1
[2024-10-26T03:19:29.391+0530][132.116s][debug][gc,humongous      ] GC(426) Humongous region 2040 (object size 1048592 @ 0x00000000ff800000) remset 0 code roots 0 marked 0 pinned count 0 reclaim candidate 0 type array 1
[2024-10-26T03:19:29.391+0530][132.116s][debug][gc,humongous      ] GC(426) Humongous region 628 (object size 1048592 @ 0x00000000a7400000) remset 0 code roots 0 marked 0 pinned count 0 reclaim candidate 0 type array 1
[2024-10-26T03:19:29.391+0530][132.116s][debug][gc,humongous      ] GC(426) Humongous region 782 (object size 1048592 @ 0x00000000b0e00000) remset 0 code roots 0 marked 0 pinned count 0 reclaim candidate 0 type array 1
[2024-10-26T03:19:29.391+0530][132.116s][debug][gc,humongous      ] GC(426) Humongous region 784 (object size 1048592 @ 0x00000000b1000000) remset 0 code roots 0 marked 0 pinned count 0 reclaim candidate 0 type array 1
[2024-10-26T03:19:29.391+0530][132.116s][debug][gc,humongous      ] GC(426) Humongous region 786 (object size 1048592 @ 0x00000000b1200000) remset 0 code roots 0 marked 0 pinned count 0 reclaim candidate 0 type array 1
[2024-10-26T03:19:29.391+0530][132.116s][debug][gc,humongous      ] GC(426) Humongous region 940 (object size 1048592 @ 0x00000000bac00000) remset 0 code roots 0 marked 0 pinned count 0 reclaim candidate 0 type array 1
[2024-10-26T03:19:29.391+0530][132.116s][debug][gc,humongous      ] GC(426) Humongous region 1098 (object size 1048592 @ 0x00000000c4a00000) remset 0 code roots 0 marked 0 pinned count 0 reclaim candidate 0 type array 1
[2024-10-26T03:19:29.391+0530][132.116s][debug][gc,humongous      ] GC(426) Humongous region 942 (object size 1048592 @ 0x00000000bae00000) remset 0 code roots 0 marked 0 pinned count 0 reclaim candidate 0 type array 1
[2024-10-26T03:19:29.391+0530][132.116s][debug][gc,humongous      ] GC(426) Humongous region 1254 (object size 1048592 @ 0x00000000ce600000) remset 0 code roots 0 marked 0 pinned count 0 reclaim candidate 0 type array 1
[2024-10-26T03:19:29.391+0530][132.116s][debug][gc,humongous      ] GC(426) Humongous region 1412 (object size 1048592 @ 0x00000000d8400000) remset 0 code roots 0 marked 0 pinned count 0 reclaim candidate 0 type array 1
[2024-10-26T03:19:29.391+0530][132.116s][debug][gc,humongous      ] GC(426) Humongous region 1570 (object size 1048592 @ 0x00000000e2200000) remset 0 code roots 0 marked 0 pinned count 0 reclaim candidate 0 type array 1
[2024-10-26T03:19:29.391+0530][132.116s][debug][gc,humongous      ] GC(426) Humongous region 1728 (object size 1048592 @ 0x00000000ec000000) remset 0 code roots 0 marked 0 pinned count 0 reclaim candidate 0 type array 1
[2024-10-26T03:19:29.391+0530][132.116s][debug][gc,humongous      ] GC(426) Humongous region 1884 (object size 1048592 @ 0x00000000f5c00000) remset 0 code roots 0 marked 0 pinned count 0 reclaim candidate 0 type array 1
[2024-10-26T03:19:29.391+0530][132.116s][debug][gc,humongous      ] GC(426) Humongous region 2042 (object size 1048592 @ 0x00000000ffa00000) remset 0 code roots 0 marked 0 pinned count 0 reclaim candidate 0 type array 1
[2024-10-26T03:19:29.391+0530][132.116s][debug][gc,humongous      ] GC(426) Humongous region 944 (object size 1048592 @ 0x00000000bb000000) remset 0 code roots 0 marked 0 pinned count 0 reclaim candidate 0 type array 1
[2024-10-26T03:19:29.391+0530][132.116s][debug][gc,humongous      ] GC(426) Humongous region 1100 (object size 1048592 @ 0x00000000c4c00000) remset 0 code roots 0 marked 0 pinned count 0 reclaim candidate 0 type array 1
[2024-10-26T03:19:29.391+0530][132.116s][debug][gc,humongous      ] GC(426) Humongous region 1256 (object size 1048592 @ 0x00000000ce800000) remset 0 code roots 0 marked 0 pinned count 0 reclaim candidate 0 type array 1
[2024-10-26T03:19:29.391+0530][132.116s][debug][gc,humongous      ] GC(426) Humongous region 1258 (object size 1048592 @ 0x00000000cea00000) remset 0 code roots 0 marked 0 pinned count 0 reclaim candidate 0 type array 1
[2024-10-26T03:19:29.391+0530][132.116s][debug][gc,humongous      ] GC(426) Humongous region 1414 (object size 1048592 @ 0x00000000d8600000) remset 0 code roots 0 marked 0 pinned count 0 reclaim candidate 0 type array 1
[2024-10-26T03:19:29.391+0530][132.116s][debug][gc,humongous      ] GC(426) Humongous region 1416 (object size 1048592 @ 0x00000000d8800000) remset 0 code roots 0 marked 0 pinned count 0 reclaim candidate 0 type array 1
[2024-10-26T03:19:29.391+0530][132.116s][debug][gc,humongous      ] GC(426) Humongous region 1572 (object size 1048592 @ 0x00000000e2400000) remset 0 code roots 0 marked 0 pinned count 0 reclaim candidate 0 type array 1
[2024-10-26T03:19:29.391+0530][132.116s][debug][gc,humongous      ] GC(426) Humongous region 1574 (object size 1048592 @ 0x00000000e2600000) remset 0 code roots 0 marked 0 pinned count 0 reclaim candidate 0 type array 1
[2024-10-26T03:19:29.391+0530][132.116s][debug][gc,humongous      ] GC(426) Humongous region 1730 (object size 1048592 @ 0x00000000ec200000) remset 0 code roots 0 marked 0 pinned count 0 reclaim candidate 0 type array 1
[2024-10-26T03:19:29.391+0530][132.116s][debug][gc,humongous      ] GC(426) Humongous region 1886 (object size 1048592 @ 0x00000000f5e00000) remset 0 code roots 0 marked 0 pinned count 0 reclaim candidate 0 type array 1
[2024-10-26T03:19:29.391+0530][132.116s][debug][gc,humongous      ] GC(426) Humongous region 1888 (object size 1048592 @ 0x00000000f6000000) remset 0 code roots 0 marked 0 pinned count 0 reclaim candidate 0 type array 1
[2024-10-26T03:19:29.391+0530][132.116s][debug][gc,humongous      ] GC(426) Humongous region 2044 (object size 1048592 @ 0x00000000ffc00000) remset 0 code roots 0 marked 0 pinned count 0 reclaim candidate 0 type array 1
[2024-10-26T03:19:29.391+0530][132.116s][debug][gc,humongous      ] GC(426) Humongous region 2046 (object size 1048592 @ 0x00000000ffe00000) remset 0 code roots 0 marked 0 pinned count 0 reclaim candidate 0 type array 1
[2024-10-26T03:19:29.392+0530][132.116s][debug][gc,ergo           ] GC(426) Running G1 Merge Heap Roots using 13 workers for 0 regions
[2024-10-26T03:19:29.392+0530][132.117s][debug][gc,remset         ] GC(426) Visited cards 0 Total dirty 0 (0.00%) Total old 4194304 (0.00%)
[2024-10-26T03:19:29.392+0530][132.117s][debug][gc,ref            ] GC(426) Skipped SoftWeakFinalRefsPhase of Reference Processing: no references
[2024-10-26T03:19:29.392+0530][132.117s][debug][gc,ref            ] GC(426) Skipped KeepAliveFinalRefsPhase of Reference Processing: no references
[2024-10-26T03:19:29.392+0530][132.117s][debug][gc,ref            ] GC(426) Skipped PhantomRefsPhase of Reference Processing: no references
[2024-10-26T03:19:29.392+0530][132.117s][debug][gc,ergo           ] GC(426) Running G1 Rebuild Free List Task using 13 workers for rebuilding free list of regions
[2024-10-26T03:19:29.392+0530][132.117s][debug][gc,plab           ] GC(426) Young PLAB allocation: allocated: 0B, wasted: 0B, unused: 0B, used: 0B, undo waste: 0B, 
[2024-10-26T03:19:29.392+0530][132.117s][debug][gc,plab           ] GC(426) Young other allocation: region end waste: 0B, regions filled: 0, num plab filled: 0, direct allocated: 0B, num direct allocated: 0, failure used: 0B, failure wasted: 0B
[2024-10-26T03:19:29.392+0530][132.117s][debug][gc,plab           ] GC(426) Young sizing: calculated: 0B, actual: 2064B
[2024-10-26T03:19:29.392+0530][132.117s][debug][gc,plab           ] GC(426) Old PLAB allocation: allocated: 0B, wasted: 0B, unused: 0B, used: 0B, undo waste: 0B, 
[2024-10-26T03:19:29.392+0530][132.117s][debug][gc,plab           ] GC(426) Old other allocation: region end waste: 0B, regions filled: 0, num plab filled: 0, direct allocated: 0B, num direct allocated: 0, failure used: 0B, failure wasted: 0B
[2024-10-26T03:19:29.393+0530][132.117s][debug][gc,plab           ] GC(426) Old sizing: calculated: 0B, actual: 2064B
[2024-10-26T03:19:29.393+0530][132.117s][debug][gc,ergo,heap      ] GC(426) Heap expansion: short term pause time ratio 94.85% long term pause time ratio 94.20% threshold 7.69% pause time ratio 7.69% fully expanded true resize by 0B
[2024-10-26T03:19:29.393+0530][132.117s][debug][gc,mmu            ] GC(426) MMU: 77.4ms (200.0ms/201.0ms)
[2024-10-26T03:19:29.393+0530][132.117s][debug][gc,alloc,stats    ] Old generation allocation in the last mutator period, old gen allocated: 0B, humongous allocated: 0B, old gen growth: 0B.
[2024-10-26T03:19:29.393+0530][132.117s][debug][gc,task,start     ] G1 Service Thread (Card Set Free Memory Task) (run 0.055ms after schedule)
[2024-10-26T03:19:29.393+0530][132.117s][debug][gc,ihop           ] GC(426) Basic information (value update), threshold: 0B (0.00), target occupancy: 2147483648B, current occupancy: 2147106448B, recent allocation size: 0B, recent allocation duration: 1.78ms, recent old gen allocation rate: 0.00B/s, recent marking phase length: 35.14ms
[2024-10-26T03:19:29.393+0530][132.117s][debug][gc,ihop           ] GC(426) Adaptive IHOP information (value update), threshold: 0B (0.00), internal target occupancy: 1825361100B, occupancy: 2147106448B, additional buffer size: 106954752B, predicted old gen allocation rate: 585080209.27B/s, predicted marking phase length: 27567.37ms, prediction active: true
[2024-10-26T03:19:29.393+0530][132.117s][debug][gc,ergo,refine    ] GC(426) GC refinement: goal: 255682 + 1 / 20.00ms, actual: 0 / 0.00ms, 
[2024-10-26T03:19:29.393+0530][132.117s][debug][gc,ergo,refine    ] GC(426) Unchanged pending cards target: 255682
[2024-10-26T03:19:29.393+0530][132.118s][info ][gc,phases         ] GC(426)   Pre Evacuate Collection Set: 13.45ms
[2024-10-26T03:19:29.393+0530][132.118s][debug][gc,phases         ] GC(426)     Pre Evacuate Prepare: 0.07ms
[2024-10-26T03:19:29.393+0530][132.118s][debug][gc,phases         ] GC(426)       JT Retire TLABs And Flush Logs (ms): Min: 0.00, Avg: 0.00, Max: 0.00, Diff: 0.00, Sum: 0.00, Workers: 2
[2024-10-26T03:19:29.393+0530][132.118s][debug][gc,phases         ] GC(426)       Non-JT Flush Logs (ms):        Min: 0.00, Avg: 0.00, Max: 0.00, Diff: 0.00, Sum: 0.00, Workers: 1
[2024-10-26T03:19:29.393+0530][132.118s][debug][gc,phases         ] GC(426)     Choose Collection Set: 0.01ms
[2024-10-26T03:19:29.393+0530][132.118s][debug][gc,phases         ] GC(426)     Region Register: 13.37ms
[2024-10-26T03:19:29.393+0530][132.118s][debug][gc,phases         ] GC(426)     Prepare Heap Roots: 0.00ms
[2024-10-26T03:19:29.393+0530][132.118s][info ][gc,phases         ] GC(426)   Merge Heap Roots: 0.20ms
[2024-10-26T03:19:29.393+0530][132.118s][debug][gc,phases         ] GC(426)     Prepare Merge Heap Roots: 0.01ms
[2024-10-26T03:19:29.393+0530][132.118s][debug][gc,phases         ] GC(426)     Remembered Sets (ms):          Min: 0.00, Avg: 0.00, Max: 0.00, Diff: 0.00, Sum: 0.00, Workers: 13
[2024-10-26T03:19:29.393+0530][132.118s][debug][gc,phases         ] GC(426)       Eager Reclaim (ms):            skipped
[2024-10-26T03:19:29.393+0530][132.118s][debug][gc,phases         ] GC(426)       Merged Inline:                 Min: 0, Avg:  0.0, Max: 0, Diff: 0, Sum: 0, Workers: 13
[2024-10-26T03:19:29.393+0530][132.118s][debug][gc,phases         ] GC(426)       Merged ArrayOfCards:           Min: 0, Avg:  0.0, Max: 0, Diff: 0, Sum: 0, Workers: 13
[2024-10-26T03:19:29.393+0530][132.118s][debug][gc,phases         ] GC(426)       Merged Howl:                   Min: 0, Avg:  0.0, Max: 0, Diff: 0, Sum: 0, Workers: 13
[2024-10-26T03:19:29.393+0530][132.118s][debug][gc,phases         ] GC(426)       Merged Full:                   Min: 0, Avg:  0.0, Max: 0, Diff: 0, Sum: 0, Workers: 13
[2024-10-26T03:19:29.393+0530][132.118s][debug][gc,phases         ] GC(426)       Merged Howl Inline:            Min: 0, Avg:  0.0, Max: 0, Diff: 0, Sum: 0, Workers: 13
[2024-10-26T03:19:29.393+0530][132.118s][debug][gc,phases         ] GC(426)       Merged Howl ArrayOfCards:      Min: 0, Avg:  0.0, Max: 0, Diff: 0, Sum: 0, Workers: 13
[2024-10-26T03:19:29.393+0530][132.118s][debug][gc,phases         ] GC(426)       Merged Howl BitMap:            Min: 0, Avg:  0.0, Max: 0, Diff: 0, Sum: 0, Workers: 13
[2024-10-26T03:19:29.393+0530][132.118s][debug][gc,phases         ] GC(426)       Merged Howl Full:              Min: 0, Avg:  0.0, Max: 0, Diff: 0, Sum: 0, Workers: 13
[2024-10-26T03:19:29.393+0530][132.118s][debug][gc,phases         ] GC(426)       Merged Cards:                  Min: 8, Avg:  8.0, Max: 8, Diff: 0, Sum: 104, Workers: 13
[2024-10-26T03:19:29.393+0530][132.118s][debug][gc,phases         ] GC(426)     Distribute Log Buffers: 0.00ms
[2024-10-26T03:19:29.393+0530][132.118s][debug][gc,phases         ] GC(426)     Log Buffers (ms):              Min: 0.00, Avg: 0.00, Max: 0.00, Diff: 0.00, Sum: 0.00, Workers: 13
[2024-10-26T03:19:29.393+0530][132.118s][debug][gc,phases         ] GC(426)       Dirty Cards:                   Min: 0, Avg:  0.0, Max: 0, Diff: 0, Sum: 0, Workers: 13
[2024-10-26T03:19:29.393+0530][132.118s][debug][gc,phases         ] GC(426)       Skipped Cards:                 Min: 0, Avg:  0.0, Max: 0, Diff: 0, Sum: 0, Workers: 13
[2024-10-26T03:19:29.393+0530][132.118s][info ][gc,phases         ] GC(426)   Evacuate Collection Set: 0.20ms
[2024-10-26T03:19:29.393+0530][132.118s][debug][gc,phases         ] GC(426)     Ext Root Scanning (ms):        Min: 0.00, Avg: 0.02, Max: 0.07, Diff: 0.07, Sum: 0.20, Workers: 13
[2024-10-26T03:19:29.393+0530][132.118s][debug][gc,phases         ] GC(426)     Scan Heap Roots (ms):          Min: 0.00, Avg: 0.00, Max: 0.00, Diff: 0.00, Sum: 0.00, Workers: 13
[2024-10-26T03:19:29.393+0530][132.118s][debug][gc,phases         ] GC(426)       Scanned Cards:                 Min: 0, Avg:  0.0, Max: 0, Diff: 0, Sum: 0, Workers: 13
[2024-10-26T03:19:29.393+0530][132.118s][debug][gc,phases         ] GC(426)       Scanned Blocks:                Min: 0, Avg:  0.0, Max: 0, Diff: 0, Sum: 0, Workers: 13
[2024-10-26T03:19:29.393+0530][132.118s][debug][gc,phases         ] GC(426)       Claimed Chunks:                Min: 0, Avg:  0.0, Max: 0, Diff: 0, Sum: 0, Workers: 13
[2024-10-26T03:19:29.393+0530][132.118s][debug][gc,phases         ] GC(426)       Found Roots:                   Min: 0, Avg:  0.0, Max: 0, Diff: 0, Sum: 0, Workers: 13
[2024-10-26T03:19:29.393+0530][132.118s][debug][gc,phases         ] GC(426)     Code Root Scan (ms):           Min: 0.00, Avg: 0.00, Max: 0.00, Diff: 0.00, Sum: 0.00, Workers: 13
[2024-10-26T03:19:29.393+0530][132.118s][debug][gc,phases         ] GC(426)       Scanned Nmethods:              Min: 0, Avg:  0.0, Max: 0, Diff: 0, Sum: 0, Workers: 13
[2024-10-26T03:19:29.393+0530][132.118s][debug][gc,phases         ] GC(426)     Object Copy (ms):              Min: 0.00, Avg: 0.00, Max: 0.00, Diff: 0.00, Sum: 0.01, Workers: 13
[2024-10-26T03:19:29.393+0530][132.118s][debug][gc,phases         ] GC(426)     Termination (ms):              Min: 0.03, Avg: 0.06, Max: 0.08, Diff: 0.04, Sum: 0.73, Workers: 13
[2024-10-26T03:19:29.393+0530][132.118s][debug][gc,phases         ] GC(426)       Termination Attempts:          Min: 1, Avg:  1.0, Max: 1, Diff: 0, Sum: 13, Workers: 13
[2024-10-26T03:19:29.393+0530][132.118s][debug][gc,phases         ] GC(426)     GC Worker Other (ms):          Min: 0.00, Avg: 0.00, Max: 0.01, Diff: 0.00, Sum: 0.04, Workers: 13
[2024-10-26T03:19:29.393+0530][132.118s][debug][gc,phases         ] GC(426)     GC Worker Total (ms):          Min: 0.04, Avg: 0.08, Max: 0.15, Diff: 0.11, Sum: 0.98, Workers: 13
[2024-10-26T03:19:29.393+0530][132.118s][info ][gc,phases         ] GC(426)   Post Evacuate Collection Set: 0.57ms
[2024-10-26T03:19:29.393+0530][132.118s][debug][gc,phases         ] GC(426)     NMethod List Cleanup: 0.00ms
[2024-10-26T03:19:29.393+0530][132.118s][debug][gc,phases         ] GC(426)     Reference Processing: 0.05ms
[2024-10-26T03:19:29.393+0530][132.118s][debug][gc,phases,ref     ] GC(426)       Notify Soft/WeakReferences: 0.0ms
[2024-10-26T03:19:29.393+0530][132.118s][debug][gc,phases,ref     ] GC(426)         SoftRef (ms):                  skipped
[2024-10-26T03:19:29.393+0530][132.118s][debug][gc,phases,ref     ] GC(426)         WeakRef (ms):                  skipped
[2024-10-26T03:19:29.393+0530][132.118s][debug][gc,phases,ref     ] GC(426)         FinalRef (ms):                 skipped
[2024-10-26T03:19:29.393+0530][132.118s][debug][gc,phases,ref     ] GC(426)         Total (ms):                    skipped
[2024-10-26T03:19:29.393+0530][132.118s][debug][gc,phases,ref     ] GC(426)       Notify and keep alive finalizable: 0.0ms
[2024-10-26T03:19:29.393+0530][132.118s][debug][gc,phases,ref     ] GC(426)         FinalRef (ms):                 skipped
[2024-10-26T03:19:29.393+0530][132.118s][debug][gc,phases,ref     ] GC(426)       Notify PhantomReferences: 0.0ms
[2024-10-26T03:19:29.393+0530][132.118s][debug][gc,phases,ref     ] GC(426)         PhantomRef (ms):               skipped
[2024-10-26T03:19:29.393+0530][132.118s][debug][gc,phases,ref     ] GC(426)       SoftReference Discovered: 0, Dropped: 0, Processed: 0
[2024-10-26T03:19:29.393+0530][132.118s][debug][gc,phases,ref     ] GC(426)       WeakReference Discovered: 0, Dropped: 0, Processed: 0
[2024-10-26T03:19:29.393+0530][132.118s][debug][gc,phases,ref     ] GC(426)       FinalReference Discovered: 0, Dropped: 0, Processed: 0
[2024-10-26T03:19:29.393+0530][132.118s][debug][gc,phases,ref     ] GC(426)       PhantomReference Discovered: 0, Dropped: 0, Processed: 0
[2024-10-26T03:19:29.393+0530][132.118s][debug][gc,phases         ] GC(426)     Weak Processing: 0.18ms
[2024-10-26T03:19:29.393+0530][132.118s][debug][gc,phases         ] GC(426)       VM Weak                        Min: 0.00, Avg: 0.00, Max: 0.01, Diff: 0.00, Sum: 0.01, Workers: 13
[2024-10-26T03:19:29.393+0530][132.118s][debug][gc,phases         ] GC(426)         Dead                           Min: 0, Avg:  0.0, Max: 0, Diff: 0, Sum: 0, Workers: 13
[2024-10-26T03:19:29.393+0530][132.118s][debug][gc,phases         ] GC(426)         Total                          Min: 0, Avg: 20.8, Max: 271, Diff: 271, Sum: 271, Workers: 13
[2024-10-26T03:19:29.393+0530][132.118s][debug][gc,phases         ] GC(426)       ObjectSynchronizer Weak        Min: 0.00, Avg: 0.00, Max: 0.00, Diff: 0.00, Sum: 0.00, Workers: 13
[2024-10-26T03:19:29.393+0530][132.118s][debug][gc,phases         ] GC(426)         Dead                           Min: 0, Avg:  0.0, Max: 0, Diff: 0, Sum: 0, Workers: 13
[2024-10-26T03:19:29.393+0530][132.118s][debug][gc,phases         ] GC(426)         Total                          Min: 0, Avg:  0.2, Max: 3, Diff: 3, Sum: 3, Workers: 13
[2024-10-26T03:19:29.393+0530][132.118s][debug][gc,phases         ] GC(426)       JVMTI Tag Weak OopStorage      Min: 0.00, Avg: 0.00, Max: 0.00, Diff: 0.00, Sum: 0.00, Workers: 13
[2024-10-26T03:19:29.393+0530][132.118s][debug][gc,phases         ] GC(426)         Dead                           Min: 0, Avg:  0.0, Max: 0, Diff: 0, Sum: 0, Workers: 13
[2024-10-26T03:19:29.393+0530][132.118s][debug][gc,phases         ] GC(426)         Total                          Min: 0, Avg:  0.0, Max: 0, Diff: 0, Sum: 0, Workers: 13
[2024-10-26T03:19:29.393+0530][132.118s][debug][gc,phases         ] GC(426)       StringTable Weak               Min: 0.00, Avg: 0.03, Max: 0.12, Diff: 0.12, Sum: 0.38, Workers: 13
[2024-10-26T03:19:29.393+0530][132.118s][debug][gc,phases         ] GC(426)         Dead                           Min: 0, Avg:  0.0, Max: 0, Diff: 0, Sum: 0, Workers: 13
[2024-10-26T03:19:29.393+0530][132.118s][debug][gc,phases         ] GC(426)         Total                          Min: 0, Avg: 1995.1, Max: 8832, Diff: 8832, Sum: 25936, Workers: 13
[2024-10-26T03:19:29.393+0530][132.118s][debug][gc,phases         ] GC(426)       ResolvedMethodTable Weak       Min: 0.00, Avg: 0.00, Max: 0.01, Diff: 0.01, Sum: 0.05, Workers: 13
[2024-10-26T03:19:29.393+0530][132.118s][debug][gc,phases         ] GC(426)         Dead                           Min: 0, Avg:  0.0, Max: 0, Diff: 0, Sum: 0, Workers: 13
[2024-10-26T03:19:29.393+0530][132.118s][debug][gc,phases         ] GC(426)         Total                          Min: 0, Avg: 266.9, Max: 895, Diff: 895, Sum: 3470, Workers: 13
[2024-10-26T03:19:29.393+0530][132.118s][debug][gc,phases         ] GC(426)       JNI Weak                       Min: 0.00, Avg: 0.00, Max: 0.00, Diff: 0.00, Sum: 0.00, Workers: 13
[2024-10-26T03:19:29.393+0530][132.118s][debug][gc,phases         ] GC(426)         Dead                           Min: 0, Avg:  0.0, Max: 0, Diff: 0, Sum: 0, Workers: 13
[2024-10-26T03:19:29.394+0530][132.118s][debug][gc,phases         ] GC(426)         Total                          Min: 0, Avg:  0.2, Max: 3, Diff: 3, Sum: 3, Workers: 13
[2024-10-26T03:19:29.394+0530][132.118s][debug][gc,phases         ] GC(426)       StringDedup Table Weak         Min: 0.00, Avg: 0.00, Max: 0.00, Diff: 0.00, Sum: 0.00, Workers: 13
[2024-10-26T03:19:29.394+0530][132.118s][debug][gc,phases         ] GC(426)         Dead                           Min: 0, Avg:  0.0, Max: 0, Diff: 0, Sum: 0, Workers: 13
[2024-10-26T03:19:29.394+0530][132.118s][debug][gc,phases         ] GC(426)         Total                          Min: 0, Avg:  0.0, Max: 0, Diff: 0, Sum: 0, Workers: 13
[2024-10-26T03:19:29.394+0530][132.118s][debug][gc,phases         ] GC(426)       StringDedup Requests0 Weak     Min: 0.00, Avg: 0.00, Max: 0.00, Diff: 0.00, Sum: 0.00, Workers: 13
[2024-10-26T03:19:29.394+0530][132.118s][debug][gc,phases         ] GC(426)         Dead                           Min: 0, Avg:  0.0, Max: 0, Diff: 0, Sum: 0, Workers: 13
[2024-10-26T03:19:29.394+0530][132.118s][debug][gc,phases         ] GC(426)         Total                          Min: 0, Avg:  0.0, Max: 0, Diff: 0, Sum: 0, Workers: 13
[2024-10-26T03:19:29.394+0530][132.118s][debug][gc,phases         ] GC(426)       StringDedup Requests1 Weak     Min: 0.00, Avg: 0.00, Max: 0.00, Diff: 0.00, Sum: 0.00, Workers: 13
[2024-10-26T03:19:29.394+0530][132.118s][debug][gc,phases         ] GC(426)         Dead                           Min: 0, Avg:  0.0, Max: 0, Diff: 0, Sum: 0, Workers: 13
[2024-10-26T03:19:29.394+0530][132.118s][debug][gc,phases         ] GC(426)         Total                          Min: 0, Avg:  0.0, Max: 0, Diff: 0, Sum: 0, Workers: 13
[2024-10-26T03:19:29.394+0530][132.118s][debug][gc,phases         ] GC(426)       Weak JFR Old Object Samples    Min: 0.00, Avg: 0.00, Max: 0.00, Diff: 0.00, Sum: 0.00, Workers: 13
[2024-10-26T03:19:29.394+0530][132.118s][debug][gc,phases         ] GC(426)         Dead                           Min: 0, Avg:  0.0, Max: 0, Diff: 0, Sum: 0, Workers: 13
[2024-10-26T03:19:29.394+0530][132.118s][debug][gc,phases         ] GC(426)         Total                          Min: 0, Avg:  7.3, Max: 94, Diff: 94, Sum: 95, Workers: 13
[2024-10-26T03:19:29.394+0530][132.119s][debug][gc,phases         ] GC(426)     Post Evacuate Cleanup 1: 0.08ms
[2024-10-26T03:19:29.394+0530][132.119s][debug][gc,phases         ] GC(426)       Merge Per-Thread State (ms):   Min: 0.01, Avg: 0.01, Max: 0.01, Diff: 0.00, Sum: 0.01, Workers: 1
[2024-10-26T03:19:29.394+0530][132.119s][debug][gc,phases         ] GC(426)         Copied Bytes:                  Min: 0, Avg:  0.0, Max: 0, Diff: 0, Sum: 0, Workers: 13
[2024-10-26T03:19:29.394+0530][132.119s][debug][gc,phases         ] GC(426)         LAB Waste:                     Min: 0, Avg:  0.0, Max: 0, Diff: 0, Sum: 0, Workers: 13
[2024-10-26T03:19:29.394+0530][132.119s][debug][gc,phases         ] GC(426)         LAB Undo Waste:                Min: 0, Avg:  0.0, Max: 0, Diff: 0, Sum: 0, Workers: 13
[2024-10-26T03:19:29.394+0530][132.119s][debug][gc,phases         ] GC(426)         Evac Fail Extra Cards:         Min: 0, Avg:  0.0, Max: 0, Diff: 0, Sum: 0, Workers: 13
[2024-10-26T03:19:29.394+0530][132.119s][debug][gc,phases         ] GC(426)       Clear Logged Cards (ms):       Min: 0.00, Avg: 0.00, Max: 0.00, Diff: 0.00, Sum: 0.00, Workers: 2
[2024-10-26T03:19:29.394+0530][132.119s][debug][gc,phases         ] GC(426)       Recalculate Used Memory (ms):  Min: 0.00, Avg: 0.00, Max: 0.00, Diff: 0.00, Sum: 0.00, Workers: 1
[2024-10-26T03:19:29.394+0530][132.119s][debug][gc,phases         ] GC(426)     Post Evacuate Cleanup 2: 0.08ms
[2024-10-26T03:19:29.394+0530][132.119s][debug][gc,phases         ] GC(426)       Update Derived Pointers (ms):  Min: 0.00, Avg: 0.00, Max: 0.00, Diff: 0.00, Sum: 0.00, Workers: 1
[2024-10-26T03:19:29.394+0530][132.119s][debug][gc,phases         ] GC(426)       Eagerly Reclaim Humongous Objects (ms): skipped
[2024-10-26T03:19:29.394+0530][132.119s][debug][gc,phases         ] GC(426)         Humongous Total:               skipped
[2024-10-26T03:19:29.394+0530][132.119s][debug][gc,phases         ] GC(426)         Humongous Candidates:          skipped
[2024-10-26T03:19:29.394+0530][132.119s][debug][gc,phases         ] GC(426)         Humongous Reclaimed:           skipped
[2024-10-26T03:19:29.394+0530][132.119s][debug][gc,phases         ] GC(426)       Redirty Logged Cards (ms):     Min: 0.00, Avg: 0.00, Max: 0.00, Diff: 0.00, Sum: 0.00, Workers: 13
[2024-10-26T03:19:29.394+0530][132.119s][debug][gc,phases         ] GC(426)         Redirtied Cards:               Min: 0, Avg:  0.0, Max: 0, Diff: 0, Sum: 0, Workers: 13
[2024-10-26T03:19:29.394+0530][132.119s][debug][gc,phases         ] GC(426)       Resize TLABs (ms):             Min: 0.00, Avg: 0.00, Max: 0.00, Diff: 0.00, Sum: 0.00, Workers: 13
[2024-10-26T03:19:29.394+0530][132.119s][debug][gc,phases         ] GC(426)       Free Collection Set (ms):      Min: 0.00, Avg: 0.00, Max: 0.00, Diff: 0.00, Sum: 0.00, Workers: 13
[2024-10-26T03:19:29.394+0530][132.119s][debug][gc,phases         ] GC(426)     Rebuild Free List: 0.10ms
[2024-10-26T03:19:29.394+0530][132.119s][debug][gc,phases         ] GC(426)     Prepare For Mutator: 0.09ms
[2024-10-26T03:19:29.394+0530][132.119s][debug][gc,phases         ] GC(426)     Expand Heap After Collection: 0.00ms
[2024-10-26T03:19:29.394+0530][132.119s][info ][gc,phases         ] GC(426)   Other: 0.25ms
[2024-10-26T03:19:29.394+0530][132.119s][debug][gc,remset         ] GC(426) Coarsening (recent): Inline->AoC 0 (0) AoC->Howl 0 (0) Howl->Full 0 (0) Inline->AoC 0 (0) AoC->BitMap 0 (0) BitMap->Full 0 (0) 
[2024-10-26T03:19:29.394+0530][132.119s][debug][gc,remset         ] GC(426) Coarsening (all): Inline->AoC 262 (0) AoC->Howl 221 (0) Howl->Full 0 (0) Inline->AoC 551 (0) AoC->BitMap 471 (0) BitMap->Full 0 (0) 
[2024-10-26T03:19:29.394+0530][132.119s][info ][gc,heap           ] GC(426) Eden regions: 0->0(0)
[2024-10-26T03:19:29.394+0530][132.119s][info ][gc,heap           ] GC(426) Survivor regions: 0->0(0)
[2024-10-26T03:19:29.394+0530][132.119s][info ][gc,heap           ] GC(426) Old regions: 14->14
[2024-10-26T03:19:29.394+0530][132.119s][info ][gc,heap           ] GC(426) Humongous regions: 2034->2034
[2024-10-26T03:19:29.394+0530][132.119s][info ][gc,metaspace      ] GC(426) Metaspace: 38207K(38720K)->38207K(38720K) NonClass: 33329K(33600K)->33329K(33600K) Class: 4877K(5120K)->4877K(5120K)
[2024-10-26T03:19:29.394+0530][132.119s][debug][gc,heap           ] GC(426) Heap after GC invocations=379 (full 195):
[2024-10-26T03:19:29.394+0530][132.119s][debug][gc,heap           ] GC(426)  garbage-first heap   total reserved 2097152K, committed 2097152K, used 2096783K [0x0000000080000000, 0x0000000100000000)
[2024-10-26T03:19:29.394+0530][132.119s][debug][gc,heap           ] GC(426)   region size 1024K, 0 young (0K), 0 survivors (0K)
[2024-10-26T03:19:29.394+0530][132.119s][debug][gc,heap           ] GC(426)  Metaspace       used 38207K, committed 38720K, reserved 1114112K
[2024-10-26T03:19:29.394+0530][132.119s][debug][gc,heap           ] GC(426)   class space    used 4877K, committed 5120K, reserved 1048576K
[2024-10-26T03:19:29.394+0530][132.119s][info ][gc                ] GC(426) Pause Young (Normal) (G1 Humongous Allocation) 2047M->2047M(2048M) 16.206ms
[2024-10-26T03:19:29.394+0530][132.119s][info ][gc,cpu            ] GC(426) User=0.00s Sys=0.00s Real=0.02s
[2024-10-26T03:19:29.394+0530][132.119s][debug][gc,ergo,heap      ] Attempt heap expansion (allocation request failed). Allocation request: 1048592B
[2024-10-26T03:19:29.394+0530][132.119s][debug][gc,ergo,heap      ] Expand the heap. requested expansion amount: 1048592B expansion amount: 2097152B
[2024-10-26T03:19:29.394+0530][132.119s][debug][gc,ergo,heap      ] Did not expand the heap (heap already fully expanded)
[2024-10-26T03:19:29.394+0530][132.119s][info ][gc,ergo           ] Attempting full compaction
[2024-10-26T03:19:29.394+0530][132.119s][info ][gc,start          ] GC(427) Pause Full (G1 Compaction Pause)
[2024-10-26T03:19:29.394+0530][132.119s][debug][gc,heap           ] GC(427) Heap before GC invocations=379 (full 195):
[2024-10-26T03:19:29.394+0530][132.119s][debug][gc,heap           ] GC(427)  garbage-first heap   total reserved 2097152K, committed 2097152K, used 2096783K [0x0000000080000000, 0x0000000100000000)
[2024-10-26T03:19:29.394+0530][132.119s][debug][gc,heap           ] GC(427)   region size 1024K, 0 young (0K), 0 survivors (0K)
[2024-10-26T03:19:29.394+0530][132.119s][debug][gc,heap           ] GC(427)  Metaspace       used 38207K, committed 38720K, reserved 1114112K
[2024-10-26T03:19:29.394+0530][132.119s][debug][gc,heap           ] GC(427)   class space    used 4877K, committed 5120K, reserved 1048576K
[2024-10-26T03:19:29.394+0530][132.119s][debug][gc,task           ] GC(427) Requesting 13 active workers for full compaction (waste limited workers: 13, adaptive workers: 13, used limited workers: 2048)
[2024-10-26T03:19:29.394+0530][132.119s][info ][gc,task           ] GC(427) Using 13 workers of 13 for full compaction
[2024-10-26T03:19:29.394+0530][132.119s][debug][gc,start          ] GC(427) Clear Bitmap
[2024-10-26T03:19:29.394+0530][132.119s][debug][gc,ergo           ] GC(427) Running G1 Clear Bitmap with 13 workers for 32 work units.
[2024-10-26T03:19:29.396+0530][132.121s][debug][gc                ] GC(427) Clear Bitmap 2.022ms
[2024-10-26T03:19:29.397+0530][132.121s][debug][gc,alloc,region   ] GC(427) Mutator Allocation stats, regions: 0, wasted size: 0B ( 0.0%)
[2024-10-26T03:19:29.397+0530][132.121s][info ][gc,phases,start   ] GC(427) Phase 1: Mark live objects
[2024-10-26T03:19:29.402+0530][132.127s][debug][gc,phases,start   ] GC(427) Phase 1: Reference Processing
[2024-10-26T03:19:29.402+0530][132.127s][debug][gc,ref            ] GC(427) ReferenceProcessor::execute queues: 5, RefProcThreadModel::Multi, marks_oops_alive: false
[2024-10-26T03:19:29.402+0530][132.127s][debug][gc,ref            ] GC(427) Skipped KeepAliveFinalRefsPhase of Reference Processing: no references
[2024-10-26T03:19:29.402+0530][132.127s][debug][gc,ref            ] GC(427) ReferenceProcessor::execute queues: 1, RefProcThreadModel::Single, marks_oops_alive: false
[2024-10-26T03:19:29.402+0530][132.127s][debug][gc,phases,ref     ] GC(427) Reference Processing: 0.3ms
[2024-10-26T03:19:29.402+0530][132.127s][debug][gc,phases,ref     ] GC(427)   Notify Soft/WeakReferences: 0.3ms
[2024-10-26T03:19:29.402+0530][132.127s][debug][gc,phases,ref     ] GC(427)     Balance queues: 0.1ms
[2024-10-26T03:19:29.403+0530][132.127s][debug][gc,phases,ref     ] GC(427)     SoftRef (ms):                  Min: 0.01, Avg: 0.01, Max: 0.02, Diff: 0.02, Sum: 0.06, Workers: 5
[2024-10-26T03:19:29.403+0530][132.127s][debug][gc,phases,ref     ] GC(427)     WeakRef (ms):                  Min: 0.01, Avg: 0.04, Max: 0.07, Diff: 0.06, Sum: 0.21, Workers: 5
[2024-10-26T03:19:29.403+0530][132.127s][debug][gc,phases,ref     ] GC(427)     FinalRef (ms):                 Min: 0.00, Avg: 0.00, Max: 0.00, Diff: 0.00, Sum: 0.00, Workers: 5
[2024-10-26T03:19:29.403+0530][132.127s][debug][gc,phases,ref     ] GC(427)     Total (ms):                    Min: 0.02, Avg: 0.05, Max: 0.09, Diff: 0.07, Sum: 0.27, Workers: 5
[2024-10-26T03:19:29.403+0530][132.127s][debug][gc,phases,ref     ] GC(427)   Notify and keep alive finalizable: 0.0ms
[2024-10-26T03:19:29.403+0530][132.127s][debug][gc,phases,ref     ] GC(427)     FinalRef (ms):                 skipped
[2024-10-26T03:19:29.403+0530][132.127s][debug][gc,phases,ref     ] GC(427)   Notify PhantomReferences: 0.0ms
[2024-10-26T03:19:29.403+0530][132.127s][debug][gc,phases,ref     ] GC(427)     PhantomRef (ms):               Min: 0.01, Avg: 0.01, Max: 0.01, Diff: 0.00, Sum: 0.01, Workers: 1
[2024-10-26T03:19:29.403+0530][132.127s][debug][gc,phases,ref     ] GC(427)   SoftReference Discovered: 1251, Dropped: 1251, Processed: 0
[2024-10-26T03:19:29.403+0530][132.127s][debug][gc,phases,ref     ] GC(427)   WeakReference Discovered: 3085, Dropped: 3085, Processed: 0
[2024-10-26T03:19:29.403+0530][132.127s][debug][gc,phases,ref     ] GC(427)   FinalReference Discovered: 0, Dropped: 0, Processed: 0
[2024-10-26T03:19:29.403+0530][132.127s][debug][gc,phases,ref     ] GC(427)   PhantomReference Discovered: 233, Dropped: 233, Processed: 0
[2024-10-26T03:19:29.403+0530][132.127s][debug][gc,phases         ] GC(427) Phase 1: Reference Processing 0.554ms
[2024-10-26T03:19:29.403+0530][132.128s][debug][gc,phases,start   ] GC(427) Phase 1: Flush Mark Stats Cache
[2024-10-26T03:19:29.403+0530][132.128s][debug][gc,phases         ] GC(427) Phase 1: Flush Mark Stats Cache 0.033ms
[2024-10-26T03:19:29.403+0530][132.128s][debug][gc,phases,start   ] GC(427) Phase 1: Weak Processing
[2024-10-26T03:19:29.403+0530][132.128s][debug][gc,phases         ] GC(427)   VM Weak                        Min: 0.00, Avg: 0.00, Max: 0.00, Diff: 0.00, Sum: 0.01, Workers: 13
[2024-10-26T03:19:29.403+0530][132.128s][debug][gc,phases         ] GC(427)     Dead                           Min: 0, Avg:  0.0, Max: 0, Diff: 0, Sum: 0, Workers: 13
[2024-10-26T03:19:29.403+0530][132.128s][debug][gc,phases         ] GC(427)     Total                          Min: 0, Avg: 20.8, Max: 271, Diff: 271, Sum: 271, Workers: 13
[2024-10-26T03:19:29.403+0530][132.128s][debug][gc,phases         ] GC(427)   ObjectSynchronizer Weak        Min: 0.00, Avg: 0.00, Max: 0.00, Diff: 0.00, Sum: 0.00, Workers: 13
[2024-10-26T03:19:29.403+0530][132.128s][debug][gc,phases         ] GC(427)     Dead                           Min: 0, Avg:  0.0, Max: 0, Diff: 0, Sum: 0, Workers: 13
[2024-10-26T03:19:29.403+0530][132.128s][debug][gc,phases         ] GC(427)     Total                          Min: 0, Avg:  0.2, Max: 3, Diff: 3, Sum: 3, Workers: 13
[2024-10-26T03:19:29.403+0530][132.128s][debug][gc,phases         ] GC(427)   JVMTI Tag Weak OopStorage      Min: 0.00, Avg: 0.00, Max: 0.00, Diff: 0.00, Sum: 0.00, Workers: 13
[2024-10-26T03:19:29.403+0530][132.128s][debug][gc,phases         ] GC(427)     Dead                           Min: 0, Avg:  0.0, Max: 0, Diff: 0, Sum: 0, Workers: 13
[2024-10-26T03:19:29.403+0530][132.128s][debug][gc,phases         ] GC(427)     Total                          Min: 0, Avg:  0.0, Max: 0, Diff: 0, Sum: 0, Workers: 13
[2024-10-26T03:19:29.403+0530][132.128s][debug][gc,phases         ] GC(427)   StringTable Weak               Min: 0.00, Avg: 0.01, Max: 0.07, Diff: 0.07, Sum: 0.17, Workers: 13
[2024-10-26T03:19:29.403+0530][132.128s][debug][gc,phases         ] GC(427)     Dead                           Min: 0, Avg:  0.0, Max: 0, Diff: 0, Sum: 0, Workers: 13
[2024-10-26T03:19:29.403+0530][132.128s][debug][gc,phases         ] GC(427)     Total                          Min: 0, Avg: 1995.1, Max: 11024, Diff: 11024, Sum: 25936, Workers: 13
[2024-10-26T03:19:29.403+0530][132.128s][debug][gc,phases         ] GC(427)   ResolvedMethodTable Weak       Min: 0.00, Avg: 0.00, Max: 0.01, Diff: 0.01, Sum: 0.03, Workers: 13
[2024-10-26T03:19:29.403+0530][132.128s][debug][gc,phases         ] GC(427)     Dead                           Min: 0, Avg:  0.0, Max: 0, Diff: 0, Sum: 0, Workers: 13
[2024-10-26T03:19:29.403+0530][132.128s][debug][gc,phases         ] GC(427)     Total                          Min: 0, Avg: 266.9, Max: 959, Diff: 959, Sum: 3470, Workers: 13
[2024-10-26T03:19:29.403+0530][132.128s][debug][gc,phases         ] GC(427)   JNI Weak                       Min: 0.00, Avg: 0.00, Max: 0.00, Diff: 0.00, Sum: 0.00, Workers: 13
[2024-10-26T03:19:29.403+0530][132.128s][debug][gc,phases         ] GC(427)     Dead                           Min: 0, Avg:  0.0, Max: 0, Diff: 0, Sum: 0, Workers: 13
[2024-10-26T03:19:29.403+0530][132.128s][debug][gc,phases         ] GC(427)     Total                          Min: 0, Avg:  0.2, Max: 3, Diff: 3, Sum: 3, Workers: 13
[2024-10-26T03:19:29.403+0530][132.128s][debug][gc,phases         ] GC(427)   StringDedup Table Weak         Min: 0.00, Avg: 0.00, Max: 0.00, Diff: 0.00, Sum: 0.00, Workers: 13
[2024-10-26T03:19:29.403+0530][132.128s][debug][gc,phases         ] GC(427)     Dead                           Min: 0, Avg:  0.0, Max: 0, Diff: 0, Sum: 0, Workers: 13
[2024-10-26T03:19:29.403+0530][132.128s][debug][gc,phases         ] GC(427)     Total                          Min: 0, Avg:  0.0, Max: 0, Diff: 0, Sum: 0, Workers: 13
[2024-10-26T03:19:29.403+0530][132.128s][debug][gc,phases         ] GC(427)   StringDedup Requests0 Weak     Min: 0.00, Avg: 0.00, Max: 0.00, Diff: 0.00, Sum: 0.00, Workers: 13
[2024-10-26T03:19:29.403+0530][132.128s][debug][gc,phases         ] GC(427)     Dead                           Min: 0, Avg:  0.0, Max: 0, Diff: 0, Sum: 0, Workers: 13
[2024-10-26T03:19:29.403+0530][132.128s][debug][gc,phases         ] GC(427)     Total                          Min: 0, Avg:  0.0, Max: 0, Diff: 0, Sum: 0, Workers: 13
[2024-10-26T03:19:29.403+0530][132.128s][debug][gc,phases         ] GC(427)   StringDedup Requests1 Weak     Min: 0.00, Avg: 0.00, Max: 0.00, Diff: 0.00, Sum: 0.00, Workers: 13
[2024-10-26T03:19:29.403+0530][132.128s][debug][gc,phases         ] GC(427)     Dead                           Min: 0, Avg:  0.0, Max: 0, Diff: 0, Sum: 0, Workers: 13
[2024-10-26T03:19:29.403+0530][132.128s][debug][gc,phases         ] GC(427)     Total                          Min: 0, Avg:  0.0, Max: 0, Diff: 0, Sum: 0, Workers: 13
[2024-10-26T03:19:29.403+0530][132.128s][debug][gc,phases         ] GC(427)   Weak JFR Old Object Samples    Min: 0.00, Avg: 0.00, Max: 0.00, Diff: 0.00, Sum: 0.00, Workers: 13
[2024-10-26T03:19:29.403+0530][132.128s][debug][gc,phases         ] GC(427)     Dead                           Min: 0, Avg:  0.0, Max: 0, Diff: 0, Sum: 0, Workers: 13
[2024-10-26T03:19:29.403+0530][132.128s][debug][gc,phases         ] GC(427)     Total                          Min: 0, Avg:  7.3, Max: 71, Diff: 71, Sum: 95, Workers: 13
[2024-10-26T03:19:29.403+0530][132.128s][debug][gc,phases         ] GC(427) Phase 1: Weak Processing 0.498ms
[2024-10-26T03:19:29.403+0530][132.128s][debug][gc,phases,start   ] GC(427) Phase 1: Class Unloading and Cleanup
[2024-10-26T03:19:29.403+0530][132.128s][debug][gc,phases,start   ] GC(427) ClassLoaderData
[2024-10-26T03:19:29.403+0530][132.128s][debug][gc,phases         ] GC(427) ClassLoaderData 0.023ms
[2024-10-26T03:19:29.403+0530][132.128s][debug][gc,phases,start   ] GC(427) Trigger cleanups
[2024-10-26T03:19:29.403+0530][132.128s][debug][gc,phases         ] GC(427) Trigger cleanups 0.009ms
[2024-10-26T03:19:29.403+0530][132.128s][debug][gc,phases,start   ] GC(427) G1 Complete Cleaning
[2024-10-26T03:19:29.403+0530][132.128s][debug][gc,phases         ] GC(427) G1 Complete Cleaning 0.133ms
[2024-10-26T03:19:29.403+0530][132.128s][debug][gc,phases,start   ] GC(427) Purge Unlinked NMethods
[2024-10-26T03:19:29.403+0530][132.128s][debug][gc,phases         ] GC(427) Purge Unlinked NMethods 0.013ms
[2024-10-26T03:19:29.403+0530][132.128s][debug][gc,phases,start   ] GC(427) Unregister NMethods
[2024-10-26T03:19:29.404+0530][132.129s][debug][gc,phases         ] GC(427) Unregister NMethods 0.205ms
[2024-10-26T03:19:29.404+0530][132.129s][debug][gc,phases,start   ] GC(427) Free Code Blobs
[2024-10-26T03:19:29.404+0530][132.129s][debug][gc,phases         ] GC(427) Free Code Blobs 0.012ms
[2024-10-26T03:19:29.404+0530][132.129s][debug][gc,phases,start   ] GC(427) Purge Class Loader Data
[2024-10-26T03:19:29.404+0530][132.129s][debug][gc,phases         ] GC(427) Purge Class Loader Data 0.011ms
[2024-10-26T03:19:29.404+0530][132.129s][debug][gc,phases         ] GC(427) Phase 1: Class Unloading and Cleanup 0.517ms
[2024-10-26T03:19:29.404+0530][132.129s][debug][gc,phases,start   ] GC(427) Report Object Count
[2024-10-26T03:19:29.404+0530][132.129s][debug][gc,phases         ] GC(427) Report Object Count 0.010ms
[2024-10-26T03:19:29.404+0530][132.129s][info ][gc,phases         ] GC(427) Phase 1: Mark live objects 7.175ms
[2024-10-26T03:19:29.404+0530][132.129s][info ][gc,phases,start   ] GC(427) Phase 2: Prepare compaction
[2024-10-26T03:19:29.404+0530][132.129s][debug][gc,phases,start   ] GC(427) Phase 2: Determine work lists
[2024-10-26T03:19:29.404+0530][132.129s][debug][gc,phases         ] GC(427) Phase 2: Determine work lists 0.083ms
[2024-10-26T03:19:29.404+0530][132.129s][debug][gc,phases,start   ] GC(427) Phase 2: Prepare parallel compaction
[2024-10-26T03:19:29.404+0530][132.129s][debug][gc,phases         ] GC(427) Phase 2: Prepare parallel compaction 0.221ms
[2024-10-26T03:19:29.404+0530][132.129s][debug][gc,phases,start   ] GC(427) Phase 2: Prepare serial compaction
[2024-10-26T03:19:29.404+0530][132.129s][debug][gc,phases         ] GC(427) Phase 2: Prepare serial compaction 0.011ms
[2024-10-26T03:19:29.404+0530][132.129s][info ][gc,phases         ] GC(427) Phase 2: Prepare compaction 0.365ms
[2024-10-26T03:19:29.404+0530][132.129s][info ][gc,phases,start   ] GC(427) Phase 3: Adjust pointers
[2024-10-26T03:19:29.407+0530][132.131s][info ][gc,phases         ] GC(427) Phase 3: Adjust pointers 2.322ms
[2024-10-26T03:19:29.407+0530][132.131s][info ][gc,phases,start   ] GC(427) Phase 4: Compact heap
[2024-10-26T03:19:29.407+0530][132.131s][debug][gc,phases,start   ] GC(427) Phase 4: Serial Compaction
[2024-10-26T03:19:29.407+0530][132.132s][debug][gc,phases         ] GC(427) Phase 4: Serial Compaction 0.177ms
[2024-10-26T03:19:29.407+0530][132.132s][info ][gc,phases         ] GC(427) Phase 4: Compact heap 0.285ms
[2024-10-26T03:19:29.407+0530][132.132s][info ][gc,phases,start   ] GC(427) Phase 5: Reset Metadata
[2024-10-26T03:19:29.408+0530][132.133s][info ][gc,phases         ] GC(427) Phase 5: Reset Metadata 1.355ms
[2024-10-26T03:19:29.408+0530][132.133s][debug][gc,ergo           ] GC(427) Running G1 Clear Bitmap with 13 workers for 32 work units.
[2024-10-26T03:19:29.410+0530][132.135s][debug][gc,alloc,stats    ] Old generation allocation in the last mutator period, old gen allocated: 0B, humongous allocated: 0B, old gen growth: 0B.
[2024-10-26T03:19:29.411+0530][132.136s][debug][gc,remset         ] GC(427) Coarsening (recent): Inline->AoC 0 (0) AoC->Howl 0 (0) Howl->Full 0 (0) Inline->AoC 0 (0) AoC->BitMap 0 (0) BitMap->Full 0 (0) 
[2024-10-26T03:19:29.411+0530][132.136s][debug][gc,remset         ] GC(427) Coarsening (all): Inline->AoC 262 (0) AoC->Howl 221 (0) Howl->Full 0 (0) Inline->AoC 551 (0) AoC->BitMap 471 (0) BitMap->Full 0 (0) 
[2024-10-26T03:19:29.411+0530][132.136s][info ][gc,heap           ] GC(427) Eden regions: 0->0(0)
[2024-10-26T03:19:29.411+0530][132.136s][info ][gc,heap           ] GC(427) Survivor regions: 0->0(0)
[2024-10-26T03:19:29.411+0530][132.136s][info ][gc,heap           ] GC(427) Old regions: 14->14
[2024-10-26T03:19:29.411+0530][132.136s][info ][gc,heap           ] GC(427) Humongous regions: 2034->2034
[2024-10-26T03:19:29.411+0530][132.136s][info ][gc,metaspace      ] GC(427) Metaspace: 38207K(38720K)->38207K(38720K) NonClass: 33329K(33600K)->33329K(33600K) Class: 4877K(5120K)->4877K(5120K)
[2024-10-26T03:19:29.411+0530][132.136s][debug][gc,heap           ] GC(427) Heap after GC invocations=380 (full 196):
[2024-10-26T03:19:29.411+0530][132.136s][debug][gc,heap           ] GC(427)  garbage-first heap   total reserved 2097152K, committed 2097152K, used 2096783K [0x0000000080000000, 0x0000000100000000)
[2024-10-26T03:19:29.411+0530][132.136s][debug][gc,heap           ] GC(427)   region size 1024K, 0 young (0K), 0 survivors (0K)
[2024-10-26T03:19:29.411+0530][132.136s][debug][gc,heap           ] GC(427)  Metaspace       used 38207K, committed 38720K, reserved 1114112K
[2024-10-26T03:19:29.411+0530][132.136s][debug][gc,heap           ] GC(427)   class space    used 4877K, committed 5120K, reserved 1048576K
[2024-10-26T03:19:29.411+0530][132.136s][info ][gc                ] GC(427) Pause Full (G1 Compaction Pause) 2047M->2047M(2048M) 16.772ms
[2024-10-26T03:19:29.411+0530][132.136s][info ][gc,cpu            ] GC(427) User=0.02s Sys=0.00s Real=0.02s
[2024-10-26T03:19:29.411+0530][132.136s][debug][gc,ergo,heap      ] Attempt heap expansion (allocation request failed). Allocation request: 1048592B
[2024-10-26T03:19:29.411+0530][132.136s][debug][gc,ergo,heap      ] Expand the heap. requested expansion amount: 1048592B expansion amount: 2097152B
[2024-10-26T03:19:29.411+0530][132.136s][debug][gc,ergo,heap      ] Did not expand the heap (heap already fully expanded)
[2024-10-26T03:19:29.411+0530][132.136s][info ][gc,ergo           ] Attempting maximal full compaction clearing soft references
[2024-10-26T03:19:29.411+0530][132.136s][info ][gc,start          ] GC(428) Pause Full (G1 Compaction Pause)
[2024-10-26T03:19:29.411+0530][132.136s][debug][gc,heap           ] GC(428) Heap before GC invocations=380 (full 196):
[2024-10-26T03:19:29.411+0530][132.136s][debug][gc,heap           ] GC(428)  garbage-first heap   total reserved 2097152K, committed 2097152K, used 2096783K [0x0000000080000000, 0x0000000100000000)
[2024-10-26T03:19:29.411+0530][132.136s][debug][gc,heap           ] GC(428)   region size 1024K, 0 young (0K), 0 survivors (0K)
[2024-10-26T03:19:29.411+0530][132.136s][debug][gc,heap           ] GC(428)  Metaspace       used 38207K, committed 38720K, reserved 1114112K
[2024-10-26T03:19:29.411+0530][132.136s][debug][gc,heap           ] GC(428)   class space    used 4877K, committed 5120K, reserved 1048576K
[2024-10-26T03:19:29.411+0530][132.136s][debug][gc,task           ] GC(428) Requesting 13 active workers for full compaction (waste limited workers: 13, adaptive workers: 13, used limited workers: 2048)
[2024-10-26T03:19:29.411+0530][132.136s][info ][gc,task           ] GC(428) Using 13 workers of 13 for full compaction
[2024-10-26T03:19:29.411+0530][132.136s][debug][gc,start          ] GC(428) Clear Bitmap
[2024-10-26T03:19:29.411+0530][132.136s][debug][gc,ergo           ] GC(428) Running G1 Clear Bitmap with 13 workers for 32 work units.
[2024-10-26T03:19:29.414+0530][132.138s][debug][gc                ] GC(428) Clear Bitmap 2.343ms
[2024-10-26T03:19:29.414+0530][132.139s][debug][gc,alloc,region   ] GC(428) Mutator Allocation stats, regions: 0, wasted size: 0B ( 0.0%)
[2024-10-26T03:19:29.414+0530][132.139s][info ][gc,phases,start   ] GC(428) Phase 1: Mark live objects
[2024-10-26T03:19:29.419+0530][132.144s][debug][gc,phases,start   ] GC(428) Phase 1: Reference Processing
[2024-10-26T03:19:29.420+0530][132.144s][debug][gc,ref            ] GC(428) ReferenceProcessor::execute queues: 5, RefProcThreadModel::Multi, marks_oops_alive: false
[2024-10-26T03:19:29.420+0530][132.145s][debug][gc,ref            ] GC(428) Skipped KeepAliveFinalRefsPhase of Reference Processing: no references
[2024-10-26T03:19:29.420+0530][132.145s][debug][gc,ref            ] GC(428) ReferenceProcessor::execute queues: 1, RefProcThreadModel::Single, marks_oops_alive: false
[2024-10-26T03:19:29.420+0530][132.145s][debug][gc,phases,ref     ] GC(428) Reference Processing: 0.3ms
[2024-10-26T03:19:29.420+0530][132.145s][debug][gc,phases,ref     ] GC(428)   Notify Soft/WeakReferences: 0.3ms
[2024-10-26T03:19:29.420+0530][132.145s][debug][gc,phases,ref     ] GC(428)     Balance queues: 0.0ms
[2024-10-26T03:19:29.420+0530][132.145s][debug][gc,phases,ref     ] GC(428)     SoftRef (ms):                  Min: 0.00, Avg: 0.02, Max: 0.03, Diff: 0.02, Sum: 0.08, Workers: 5
[2024-10-26T03:19:29.420+0530][132.145s][debug][gc,phases,ref     ] GC(428)     WeakRef (ms):                  Min: 0.06, Avg: 0.08, Max: 0.09, Diff: 0.03, Sum: 0.40, Workers: 5
[2024-10-26T03:19:29.420+0530][132.145s][debug][gc,phases,ref     ] GC(428)     FinalRef (ms):                 Min: 0.00, Avg: 0.00, Max: 0.00, Diff: 0.00, Sum: 0.00, Workers: 5
[2024-10-26T03:19:29.420+0530][132.145s][debug][gc,phases,ref     ] GC(428)     Total (ms):                    Min: 0.07, Avg: 0.10, Max: 0.12, Diff: 0.05, Sum: 0.48, Workers: 5
[2024-10-26T03:19:29.420+0530][132.145s][debug][gc,phases,ref     ] GC(428)   Notify and keep alive finalizable: 0.0ms
[2024-10-26T03:19:29.420+0530][132.145s][debug][gc,phases,ref     ] GC(428)     FinalRef (ms):                 skipped
[2024-10-26T03:19:29.420+0530][132.145s][debug][gc,phases,ref     ] GC(428)   Notify PhantomReferences: 0.0ms
[2024-10-26T03:19:29.420+0530][132.145s][debug][gc,phases,ref     ] GC(428)     PhantomRef (ms):               Min: 0.01, Avg: 0.01, Max: 0.01, Diff: 0.00, Sum: 0.01, Workers: 1
[2024-10-26T03:19:29.420+0530][132.145s][debug][gc,phases,ref     ] GC(428)   SoftReference Discovered: 1133, Dropped: 1133, Processed: 0
[2024-10-26T03:19:29.420+0530][132.145s][debug][gc,phases,ref     ] GC(428)   WeakReference Discovered: 3085, Dropped: 3085, Processed: 0
[2024-10-26T03:19:29.420+0530][132.145s][debug][gc,phases,ref     ] GC(428)   FinalReference Discovered: 0, Dropped: 0, Processed: 0
[2024-10-26T03:19:29.420+0530][132.145s][debug][gc,phases,ref     ] GC(428)   PhantomReference Discovered: 236, Dropped: 236, Processed: 0
[2024-10-26T03:19:29.420+0530][132.145s][debug][gc,phases         ] GC(428) Phase 1: Reference Processing 0.624ms
[2024-10-26T03:19:29.420+0530][132.145s][debug][gc,phases,start   ] GC(428) Phase 1: Flush Mark Stats Cache
[2024-10-26T03:19:29.420+0530][132.145s][debug][gc,phases         ] GC(428) Phase 1: Flush Mark Stats Cache 0.033ms
[2024-10-26T03:19:29.420+0530][132.145s][debug][gc,phases,start   ] GC(428) Phase 1: Weak Processing
[2024-10-26T03:19:29.420+0530][132.145s][debug][gc,phases         ] GC(428)   VM Weak                        Min: 0.00, Avg: 0.00, Max: 0.00, Diff: 0.00, Sum: 0.01, Workers: 13
[2024-10-26T03:19:29.420+0530][132.145s][debug][gc,phases         ] GC(428)     Dead                           Min: 0, Avg:  0.0, Max: 0, Diff: 0, Sum: 0, Workers: 13
[2024-10-26T03:19:29.420+0530][132.145s][debug][gc,phases         ] GC(428)     Total                          Min: 0, Avg: 20.8, Max: 271, Diff: 271, Sum: 271, Workers: 13
[2024-10-26T03:19:29.420+0530][132.145s][debug][gc,phases         ] GC(428)   ObjectSynchronizer Weak        Min: 0.00, Avg: 0.00, Max: 0.00, Diff: 0.00, Sum: 0.00, Workers: 13
[2024-10-26T03:19:29.420+0530][132.145s][debug][gc,phases         ] GC(428)     Dead                           Min: 0, Avg:  0.0, Max: 0, Diff: 0, Sum: 0, Workers: 13
[2024-10-26T03:19:29.420+0530][132.145s][debug][gc,phases         ] GC(428)     Total                          Min: 0, Avg:  0.2, Max: 3, Diff: 3, Sum: 3, Workers: 13
[2024-10-26T03:19:29.420+0530][132.145s][debug][gc,phases         ] GC(428)   JVMTI Tag Weak OopStorage      Min: 0.00, Avg: 0.00, Max: 0.00, Diff: 0.00, Sum: 0.00, Workers: 13
[2024-10-26T03:19:29.420+0530][132.145s][debug][gc,phases         ] GC(428)     Dead                           Min: 0, Avg:  0.0, Max: 0, Diff: 0, Sum: 0, Workers: 13
[2024-10-26T03:19:29.420+0530][132.145s][debug][gc,phases         ] GC(428)     Total                          Min: 0, Avg:  0.0, Max: 0, Diff: 0, Sum: 0, Workers: 13
[2024-10-26T03:19:29.420+0530][132.145s][debug][gc,phases         ] GC(428)   StringTable Weak               Min: 0.00, Avg: 0.02, Max: 0.07, Diff: 0.07, Sum: 0.20, Workers: 13
[2024-10-26T03:19:29.420+0530][132.145s][debug][gc,phases         ] GC(428)     Dead                           Min: 0, Avg:  0.0, Max: 0, Diff: 0, Sum: 0, Workers: 13
[2024-10-26T03:19:29.420+0530][132.145s][debug][gc,phases         ] GC(428)     Total                          Min: 0, Avg: 1995.1, Max: 9216, Diff: 9216, Sum: 25936, Workers: 13
[2024-10-26T03:19:29.420+0530][132.145s][debug][gc,phases         ] GC(428)   ResolvedMethodTable Weak       Min: 0.00, Avg: 0.00, Max: 0.01, Diff: 0.01, Sum: 0.03, Workers: 13
[2024-10-26T03:19:29.420+0530][132.145s][debug][gc,phases         ] GC(428)     Dead                           Min: 0, Avg:  0.0, Max: 0, Diff: 0, Sum: 0, Workers: 13
[2024-10-26T03:19:29.420+0530][132.145s][debug][gc,phases         ] GC(428)     Total                          Min: 0, Avg: 266.9, Max: 1087, Diff: 1087, Sum: 3470, Workers: 13
[2024-10-26T03:19:29.420+0530][132.145s][debug][gc,phases         ] GC(428)   JNI Weak                       Min: 0.00, Avg: 0.00, Max: 0.00, Diff: 0.00, Sum: 0.00, Workers: 13
[2024-10-26T03:19:29.420+0530][132.145s][debug][gc,phases         ] GC(428)     Dead                           Min: 0, Avg:  0.0, Max: 0, Diff: 0, Sum: 0, Workers: 13
[2024-10-26T03:19:29.420+0530][132.145s][debug][gc,phases         ] GC(428)     Total                          Min: 0, Avg:  0.2, Max: 3, Diff: 3, Sum: 3, Workers: 13
[2024-10-26T03:19:29.420+0530][132.145s][debug][gc,phases         ] GC(428)   StringDedup Table Weak         Min: 0.00, Avg: 0.00, Max: 0.00, Diff: 0.00, Sum: 0.00, Workers: 13
[2024-10-26T03:19:29.420+0530][132.145s][debug][gc,phases         ] GC(428)     Dead                           Min: 0, Avg:  0.0, Max: 0, Diff: 0, Sum: 0, Workers: 13
[2024-10-26T03:19:29.421+0530][132.145s][debug][gc,phases         ] GC(428)     Total                          Min: 0, Avg:  0.0, Max: 0, Diff: 0, Sum: 0, Workers: 13
[2024-10-26T03:19:29.421+0530][132.145s][debug][gc,phases         ] GC(428)   StringDedup Requests0 Weak     Min: 0.00, Avg: 0.00, Max: 0.00, Diff: 0.00, Sum: 0.00, Workers: 13
[2024-10-26T03:19:29.421+0530][132.145s][debug][gc,phases         ] GC(428)     Dead                           Min: 0, Avg:  0.0, Max: 0, Diff: 0, Sum: 0, Workers: 13
[2024-10-26T03:19:29.421+0530][132.145s][debug][gc,phases         ] GC(428)     Total                          Min: 0, Avg:  0.0, Max: 0, Diff: 0, Sum: 0, Workers: 13
[2024-10-26T03:19:29.421+0530][132.145s][debug][gc,phases         ] GC(428)   StringDedup Requests1 Weak     Min: 0.00, Avg: 0.00, Max: 0.00, Diff: 0.00, Sum: 0.00, Workers: 13
[2024-10-26T03:19:29.421+0530][132.145s][debug][gc,phases         ] GC(428)     Dead                           Min: 0, Avg:  0.0, Max: 0, Diff: 0, Sum: 0, Workers: 13
[2024-10-26T03:19:29.421+0530][132.145s][debug][gc,phases         ] GC(428)     Total                          Min: 0, Avg:  0.0, Max: 0, Diff: 0, Sum: 0, Workers: 13
[2024-10-26T03:19:29.421+0530][132.145s][debug][gc,phases         ] GC(428)   Weak JFR Old Object Samples    Min: 0.00, Avg: 0.00, Max: 0.00, Diff: 0.00, Sum: 0.00, Workers: 13
[2024-10-26T03:19:29.421+0530][132.145s][debug][gc,phases         ] GC(428)     Dead                           Min: 0, Avg:  0.0, Max: 0, Diff: 0, Sum: 0, Workers: 13
[2024-10-26T03:19:29.421+0530][132.145s][debug][gc,phases         ] GC(428)     Total                          Min: 0, Avg:  7.3, Max: 71, Diff: 71, Sum: 95, Workers: 13
[2024-10-26T03:19:29.421+0530][132.145s][debug][gc,phases         ] GC(428) Phase 1: Weak Processing 0.511ms
[2024-10-26T03:19:29.421+0530][132.145s][debug][gc,phases,start   ] GC(428) Phase 1: Class Unloading and Cleanup
[2024-10-26T03:19:29.421+0530][132.145s][debug][gc,phases,start   ] GC(428) ClassLoaderData
[2024-10-26T03:19:29.421+0530][132.145s][debug][gc,phases         ] GC(428) ClassLoaderData 0.024ms
[2024-10-26T03:19:29.421+0530][132.145s][debug][gc,phases,start   ] GC(428) Trigger cleanups
[2024-10-26T03:19:29.421+0530][132.146s][debug][gc,phases         ] GC(428) Trigger cleanups 0.010ms
[2024-10-26T03:19:29.421+0530][132.146s][debug][gc,phases,start   ] GC(428) G1 Complete Cleaning
[2024-10-26T03:19:29.421+0530][132.146s][debug][gc,phases         ] GC(428) G1 Complete Cleaning 0.134ms
[2024-10-26T03:19:29.421+0530][132.146s][debug][gc,phases,start   ] GC(428) Purge Unlinked NMethods
[2024-10-26T03:19:29.421+0530][132.146s][debug][gc,phases         ] GC(428) Purge Unlinked NMethods 0.015ms
[2024-10-26T03:19:29.421+0530][132.146s][debug][gc,phases,start   ] GC(428) Unregister NMethods
[2024-10-26T03:19:29.421+0530][132.146s][debug][gc,phases         ] GC(428) Unregister NMethods 0.214ms
[2024-10-26T03:19:29.421+0530][132.146s][debug][gc,phases,start   ] GC(428) Free Code Blobs
[2024-10-26T03:19:29.421+0530][132.146s][debug][gc,phases         ] GC(428) Free Code Blobs 0.011ms
[2024-10-26T03:19:29.421+0530][132.146s][debug][gc,phases,start   ] GC(428) Purge Class Loader Data
[2024-10-26T03:19:29.421+0530][132.146s][debug][gc,phases         ] GC(428) Purge Class Loader Data 0.012ms
[2024-10-26T03:19:29.421+0530][132.146s][debug][gc,phases         ] GC(428) Phase 1: Class Unloading and Cleanup 0.532ms
[2024-10-26T03:19:29.421+0530][132.146s][debug][gc,phases,start   ] GC(428) Report Object Count
[2024-10-26T03:19:29.421+0530][132.146s][debug][gc,phases         ] GC(428) Report Object Count 0.010ms
[2024-10-26T03:19:29.421+0530][132.146s][info ][gc,phases         ] GC(428) Phase 1: Mark live objects 7.391ms
[2024-10-26T03:19:29.421+0530][132.146s][info ][gc,phases,start   ] GC(428) Phase 2: Prepare compaction
[2024-10-26T03:19:29.421+0530][132.146s][debug][gc,phases,start   ] GC(428) Phase 2: Determine work lists
[2024-10-26T03:19:29.421+0530][132.146s][debug][gc,phases         ] GC(428) Phase 2: Determine work lists 0.085ms
[2024-10-26T03:19:29.421+0530][132.146s][debug][gc,phases,start   ] GC(428) Phase 2: Prepare parallel compaction
[2024-10-26T03:19:29.423+0530][132.147s][debug][gc,phases         ] GC(428) Phase 2: Prepare parallel compaction 1.294ms
[2024-10-26T03:19:29.423+0530][132.147s][debug][gc,phases,start   ] GC(428) Phase 2: Prepare serial compaction
[2024-10-26T03:19:29.426+0530][132.151s][debug][gc,phases         ] GC(428) Phase 2: Prepare serial compaction 3.187ms
[2024-10-26T03:19:29.426+0530][132.151s][debug][gc,phases,start   ] GC(428) Phase 2: Prepare humongous compaction
[2024-10-26T03:19:29.426+0530][132.151s][debug][gc,phases         ] GC(428) Phase 2: Prepare humongous compaction 0.282ms
[2024-10-26T03:19:29.426+0530][132.151s][info ][gc,phases         ] GC(428) Phase 2: Prepare compaction 4.954ms
[2024-10-26T03:19:29.426+0530][132.151s][info ][gc,phases,start   ] GC(428) Phase 3: Adjust pointers
[2024-10-26T03:19:29.429+0530][132.154s][info ][gc,phases         ] GC(428) Phase 3: Adjust pointers 2.923ms
[2024-10-26T03:19:29.429+0530][132.154s][info ][gc,phases,start   ] GC(428) Phase 4: Compact heap
[2024-10-26T03:19:29.429+0530][132.154s][debug][gc,phases,start   ] GC(428) Phase 4: Serial Compaction
[2024-10-26T03:19:29.432+0530][132.157s][debug][gc,phases         ] GC(428) Phase 4: Serial Compaction 2.893ms
[2024-10-26T03:19:29.432+0530][132.157s][info ][gc,phases         ] GC(428) Phase 4: Compact heap 3.240ms
[2024-10-26T03:19:29.432+0530][132.157s][info ][gc,phases,start   ] GC(428) Phase 5: Reset Metadata
[2024-10-26T03:19:29.433+0530][132.158s][info ][gc,phases         ] GC(428) Phase 5: Reset Metadata 0.570ms
[2024-10-26T03:19:29.433+0530][132.158s][debug][gc,ergo           ] GC(428) Running G1 Clear Bitmap with 13 workers for 32 work units.
[2024-10-26T03:19:29.435+0530][132.160s][debug][gc,alloc,stats    ] Old generation allocation in the last mutator period, old gen allocated: 0B, humongous allocated: 0B, old gen growth: 0B.
[2024-10-26T03:19:29.435+0530][132.160s][debug][gc,remset         ] GC(428) Coarsening (recent): Inline->AoC 0 (0) AoC->Howl 0 (0) Howl->Full 0 (0) Inline->AoC 0 (0) AoC->BitMap 0 (0) BitMap->Full 0 (0) 
[2024-10-26T03:19:29.435+0530][132.160s][debug][gc,remset         ] GC(428) Coarsening (all): Inline->AoC 262 (0) AoC->Howl 221 (0) Howl->Full 0 (0) Inline->AoC 551 (0) AoC->BitMap 471 (0) BitMap->Full 0 (0) 
[2024-10-26T03:19:29.435+0530][132.160s][info ][gc,heap           ] GC(428) Eden regions: 0->0(0)
[2024-10-26T03:19:29.436+0530][132.160s][info ][gc,heap           ] GC(428) Survivor regions: 0->0(0)
[2024-10-26T03:19:29.436+0530][132.160s][info ][gc,heap           ] GC(428) Old regions: 14->14
[2024-10-26T03:19:29.436+0530][132.160s][info ][gc,heap           ] GC(428) Humongous regions: 2034->2034
[2024-10-26T03:19:29.436+0530][132.160s][info ][gc,metaspace      ] GC(428) Metaspace: 38207K(38720K)->38207K(38720K) NonClass: 33329K(33600K)->33329K(33600K) Class: 4877K(5120K)->4877K(5120K)
[2024-10-26T03:19:29.436+0530][132.160s][debug][gc,heap           ] GC(428) Heap after GC invocations=381 (full 197):
[2024-10-26T03:19:29.436+0530][132.160s][debug][gc,heap           ] GC(428)  garbage-first heap   total reserved 2097152K, committed 2097152K, used 2096783K [0x0000000080000000, 0x0000000100000000)
[2024-10-26T03:19:29.436+0530][132.160s][debug][gc,heap           ] GC(428)   region size 1024K, 0 young (0K), 0 survivors (0K)
[2024-10-26T03:19:29.436+0530][132.160s][debug][gc,heap           ] GC(428)  Metaspace       used 38207K, committed 38720K, reserved 1114112K
[2024-10-26T03:19:29.436+0530][132.160s][debug][gc,heap           ] GC(428)   class space    used 4877K, committed 5120K, reserved 1048576K
[2024-10-26T03:19:29.436+0530][132.160s][info ][gc                ] GC(428) Pause Full (G1 Compaction Pause) 2047M->2047M(2048M) 24.642ms
[2024-10-26T03:19:29.436+0530][132.160s][info ][gc,cpu            ] GC(428) User=0.08s Sys=0.00s Real=0.03s
[2024-10-26T03:19:29.436+0530][132.160s][debug][gc,ergo,heap      ] Attempt heap expansion (allocation request failed). Allocation request: 1048592B
[2024-10-26T03:19:29.436+0530][132.161s][debug][gc,ergo,heap      ] Expand the heap. requested expansion amount: 1048592B expansion amount: 2097152B
[2024-10-26T03:19:29.436+0530][132.161s][debug][gc,ergo,heap      ] Did not expand the heap (heap already fully expanded)
[2024-10-26T03:19:29.436+0530][132.161s][debug][gc,stats          ] ---------------------------------------------------------------------
[2024-10-26T03:19:29.436+0530][132.161s][debug][gc,refine         ] Concurrent refinement: wanted 0, cards: 0, predicted: 0, time: 0.00ms
[2024-10-26T03:19:29.436+0530][132.161s][debug][gc,task           ] G1 Service Thread (Card Set Free Memory Task) (run: 43.208ms) (cpu: 0.000ms)
[2024-10-26T03:19:29.436+0530][132.161s][debug][gc,stats          ] Marking Stats, task = 0, calls = 0
[2024-10-26T03:19:29.436+0530][132.161s][info ][gc,start          ] GC(429) Pause Young (Normal) (G1 Evacuation Pause)
[2024-10-26T03:19:29.436+0530][132.161s][debug][gc,stats          ]   Elapsed time = 0.00ms, Termination time = 0.00ms
[2024-10-26T03:19:29.436+0530][132.161s][debug][gc,heap           ] GC(429) Heap before GC invocations=381 (full 197):
[2024-10-26T03:19:29.436+0530][132.161s][debug][gc,stats          ]   Step Times (cum): num = 71, avg = 0.68ms, sd = 3.22ms max = 16.00ms, total = 48.00ms
[2024-10-26T03:19:29.436+0530][132.161s][debug][gc,heap           ] GC(429)  garbage-first heap   total reserved 2097152K, committed 2097152K, used 2096783K [0x0000000080000000, 0x0000000100000000)
[2024-10-26T03:19:29.436+0530][132.161s][debug][gc,stats          ]   Mark Stats Cache: hits 163 misses 0 ratio 100.000
[2024-10-26T03:19:29.436+0530][132.161s][debug][gc,heap           ] GC(429)   region size 1024K, 0 young (0K), 0 survivors (0K)
[2024-10-26T03:19:29.436+0530][132.161s][debug][gc,stats          ] ---------------------------------------------------------------------
[2024-10-26T03:19:29.436+0530][132.161s][debug][gc,heap           ] GC(429)  Metaspace       used 38207K, committed 38720K, reserved 1114112K
[2024-10-26T03:19:29.436+0530][132.161s][debug][gc,stats          ] Marking Stats, task = 1, calls = 0
[2024-10-26T03:19:29.436+0530][132.161s][debug][gc,heap           ] GC(429)   class space    used 4877K, committed 5120K, reserved 1048576K
[2024-10-26T03:19:29.436+0530][132.161s][debug][gc,stats          ]   Elapsed time = 0.00ms, Termination time = 0.00ms
[2024-10-26T03:19:29.436+0530][132.161s][info ][gc,task           ] GC(429) Using 13 workers of 13 for evacuation
[2024-10-26T03:19:29.436+0530][132.161s][debug][gc,stats          ]   Step Times (cum): num = 72, avg = 0.65ms, sd = 3.13ms max = 16.00ms, total = 47.00ms
[2024-10-26T03:19:29.436+0530][132.161s][debug][gc,age            ] GC(429) Desired survivor size 0 bytes, new threshold 15 (max threshold 15)
[2024-10-26T03:19:29.436+0530][132.161s][debug][gc,stats          ]   Mark Stats Cache: hits 150 misses 0 ratio 100.000
[2024-10-26T03:19:29.436+0530][132.161s][debug][gc,refine,stats   ] GC(429) Mutator refinement: 0.00ms, refined: 0, precleaned: 0, dirtied: 1
[2024-10-26T03:19:29.436+0530][132.161s][debug][gc,stats          ] ---------------------------------------------------------------------
[2024-10-26T03:19:29.436+0530][132.161s][debug][gc,refine,stats   ] GC(429) Concurrent refinement: 0.00ms, refined: 0, precleaned: 0, dirtied: 0
[2024-10-26T03:19:29.436+0530][132.161s][debug][gc,stats          ] Marking Stats, task = 2, calls = 0
[2024-10-26T03:19:29.436+0530][132.161s][debug][gc,refine,stats   ] GC(429) Total refinement: 0.00ms, refined: 0, precleaned: 0, dirtied: 1
[2024-10-26T03:19:29.436+0530][132.161s][debug][gc,stats          ]   Elapsed time = 0.00ms, Termination time = 0.00ms
[2024-10-26T03:19:29.436+0530][132.161s][debug][gc,alloc,region   ] GC(429) Mutator Allocation stats, regions: 0, wasted size: 0B ( 0.0%)
[2024-10-26T03:19:29.436+0530][132.161s][debug][gc,stats          ]   Step Times (cum): num = 64, avg = 0.75ms, sd = 3.38ms max = 16.00ms, total = 48.00ms
[2024-10-26T03:19:29.436+0530][132.161s][debug][gc,ergo,cset      ] GC(429) No candidates to reclaim.
[2024-10-26T03:19:29.436+0530][132.161s][debug][gc,stats          ]   Mark Stats Cache: hits 182 misses 0 ratio 100.000
[2024-10-26T03:19:29.436+0530][132.161s][debug][gc,humongous      ] GC(429) Humongous region 14 (object size 1048592 @ 0x0000000080e00000) remset 0 code roots 0 marked 0 pinned count 0 reclaim candidate 0 type array 1
[2024-10-26T03:19:29.436+0530][132.161s][debug][gc,humongous      ] GC(429) Humongous region 158 (object size 1048592 @ 0x0000000089e00000) remset 0 code roots 0 marked 0 pinned count 0 reclaim candidate 0 type array 1
[2024-10-26T03:19:29.436+0530][132.161s][debug][gc,humongous      ] GC(429) Humongous region 316 (object size 1048592 @ 0x0000000093c00000) remset 0 code roots 0 marked 0 pinned count 0 reclaim candidate 0 type array 1
[2024-10-26T03:19:29.436+0530][132.161s][debug][gc,humongous      ] GC(429) Humongous region 472 (object size 1048592 @ 0x000000009d800000) remset 0 code roots 0 marked 0 pinned count 0 reclaim candidate 0 type array 1
[2024-10-26T03:19:29.436+0530][132.161s][debug][gc,humongous      ] GC(429) Humongous region 630 (object size 1048592 @ 0x00000000a7600000) remset 0 code roots 0 marked 0 pinned count 0 reclaim candidate 0 type array 1
[2024-10-26T03:19:29.436+0530][132.161s][debug][gc,humongous      ] GC(429) Humongous region 788 (object size 1048592 @ 0x00000000b1400000) remset 0 code roots 0 marked 0 pinned count 0 reclaim candidate 0 type array 1
[2024-10-26T03:19:29.436+0530][132.161s][debug][gc,humongous      ] GC(429) Humongous region 946 (object size 1048592 @ 0x00000000bb200000) remset 0 code roots 0 marked 0 pinned count 0 reclaim candidate 0 type array 1
[2024-10-26T03:19:29.436+0530][132.161s][debug][gc,humongous      ] GC(429) Humongous region 1102 (object size 1048592 @ 0x00000000c4e00000) remset 0 code roots 0 marked 0 pinned count 0 reclaim candidate 0 type array 1
[2024-10-26T03:19:29.436+0530][132.161s][debug][gc,humongous      ] GC(429) Humongous region 1418 (object size 1048592 @ 0x00000000d8a00000) remset 0 code roots 0 marked 0 pinned count 0 reclaim candidate 0 type array 1
[2024-10-26T03:19:29.436+0530][132.161s][debug][gc,humongous      ] GC(429) Humongous region 1260 (object size 1048592 @ 0x00000000cec00000) remset 0 code roots 0 marked 0 pinned count 0 reclaim candidate 0 type array 1
[2024-10-26T03:19:29.436+0530][132.161s][debug][gc,humongous      ] GC(429) Humongous region 1732 (object size 1048592 @ 0x00000000ec400000) remset 0 code roots 0 marked 0 pinned count 0 reclaim candidate 0 type array 1
[2024-10-26T03:19:29.436+0530][132.161s][debug][gc,humongous      ] GC(429) Humongous region 1576 (object size 1048592 @ 0x00000000e2800000) remset 0 code roots 0 marked 0 pinned count 0 reclaim candidate 0 type array 1
[2024-10-26T03:19:29.436+0530][132.161s][debug][gc,humongous      ] GC(429) Humongous region 1890 (object size 1048592 @ 0x00000000f6200000) remset 0 code roots 0 marked 0 pinned count 0 reclaim candidate 0 type array 1
[2024-10-26T03:19:29.436+0530][132.161s][debug][gc,stats          ] ---------------------------------------------------------------------
[2024-10-26T03:19:29.436+0530][132.161s][debug][gc,humongous      ] GC(429) Humongous region 16 (object size 1048592 @ 0x0000000081000000) remset 0 code roots 0 marked 0 pinned count 0 reclaim candidate 0 type array 1
[2024-10-26T03:19:29.436+0530][132.161s][debug][gc,humongous      ] GC(429) Humongous region 160 (object size 1048592 @ 0x000000008a000000) remset 0 code roots 0 marked 0 pinned count 0 reclaim candidate 0 type array 1
[2024-10-26T03:19:29.436+0530][132.161s][debug][gc,humongous      ] GC(429) Humongous region 318 (object size 1048592 @ 0x0000000093e00000) remset 0 code roots 0 marked 0 pinned count 0 reclaim candidate 0 type array 1
[2024-10-26T03:19:29.436+0530][132.161s][debug][gc,humongous      ] GC(429) Humongous region 474 (object size 1048592 @ 0x000000009da00000) remset 0 code roots 0 marked 0 pinned count 0 reclaim candidate 0 type array 1
[2024-10-26T03:19:29.436+0530][132.161s][debug][gc,humongous      ] GC(429) Humongous region 632 (object size 1048592 @ 0x00000000a7800000) remset 0 code roots 0 marked 0 pinned count 0 reclaim candidate 0 type array 1
[2024-10-26T03:19:29.436+0530][132.161s][debug][gc,humongous      ] GC(429) Humongous region 790 (object size 1048592 @ 0x00000000b1600000) remset 0 code roots 0 marked 0 pinned count 0 reclaim candidate 0 type array 1
[2024-10-26T03:19:29.436+0530][132.161s][debug][gc,humongous      ] GC(429) Humongous region 948 (object size 1048592 @ 0x00000000bb400000) remset 0 code roots 0 marked 0 pinned count 0 reclaim candidate 0 type array 1
[2024-10-26T03:19:29.437+0530][132.161s][debug][gc,humongous      ] GC(429) Humongous region 1104 (object size 1048592 @ 0x00000000c5000000) remset 0 code roots 0 marked 0 pinned count 0 reclaim candidate 0 type array 1
[2024-10-26T03:19:29.437+0530][132.161s][debug][gc,humongous      ] GC(429) Humongous region 1420 (object size 1048592 @ 0x00000000d8c00000) remset 0 code roots 0 marked 0 pinned count 0 reclaim candidate 0 type array 1
[2024-10-26T03:19:29.437+0530][132.161s][debug][gc,humongous      ] GC(429) Humongous region 1262 (object size 1048592 @ 0x00000000cee00000) remset 0 code roots 0 marked 0 pinned count 0 reclaim candidate 0 type array 1
[2024-10-26T03:19:29.437+0530][132.161s][debug][gc,humongous      ] GC(429) Humongous region 1734 (object size 1048592 @ 0x00000000ec600000) remset 0 code roots 0 marked 0 pinned count 0 reclaim candidate 0 type array 1
[2024-10-26T03:19:29.437+0530][132.161s][debug][gc,humongous      ] GC(429) Humongous region 1578 (object size 1048592 @ 0x00000000e2a00000) remset 0 code roots 0 marked 0 pinned count 0 reclaim candidate 0 type array 1
[2024-10-26T03:19:29.437+0530][132.162s][debug][gc,humongous      ] GC(429) Humongous region 1892 (object size 1048592 @ 0x00000000f6400000) remset 0 code roots 0 marked 0 pinned count 0 reclaim candidate 0 type array 1
[2024-10-26T03:19:29.437+0530][132.162s][info ][gc,marking        ] GC(425) Concurrent Mark From Roots 58.868ms
[2024-10-26T03:19:29.437+0530][132.162s][debug][gc,humongous      ] GC(429) Humongous region 18 (object size 1048592 @ 0x0000000081200000) remset 0 code roots 0 marked 0 pinned count 0 reclaim candidate 0 type array 1
[2024-10-26T03:19:29.437+0530][132.162s][debug][gc,humongous      ] GC(429) Humongous region 162 (object size 1048592 @ 0x000000008a200000) remset 0 code roots 0 marked 0 pinned count 0 reclaim candidate 0 type array 1
[2024-10-26T03:19:29.437+0530][132.162s][debug][gc,humongous      ] GC(429) Humongous region 320 (object size 1048592 @ 0x0000000094000000) remset 0 code roots 0 marked 0 pinned count 0 reclaim candidate 0 type array 1
[2024-10-26T03:19:29.437+0530][132.162s][debug][gc,humongous      ] GC(429) Humongous region 476 (object size 1048592 @ 0x000000009dc00000) remset 0 code roots 0 marked 0 pinned count 0 reclaim candidate 0 type array 1
[2024-10-26T03:19:29.437+0530][132.162s][debug][gc,humongous      ] GC(429) Humongous region 634 (object size 1048592 @ 0x00000000a7a00000) remset 0 code roots 0 marked 0 pinned count 0 reclaim candidate 0 type array 1
[2024-10-26T03:19:29.437+0530][132.162s][debug][gc,humongous      ] GC(429) Humongous region 792 (object size 1048592 @ 0x00000000b1800000) remset 0 code roots 0 marked 0 pinned count 0 reclaim candidate 0 type array 1
[2024-10-26T03:19:29.437+0530][132.162s][debug][gc,humongous      ] GC(429) Humongous region 950 (object size 1048592 @ 0x00000000bb600000) remset 0 code roots 0 marked 0 pinned count 0 reclaim candidate 0 type array 1
[2024-10-26T03:19:29.437+0530][132.162s][debug][gc,humongous      ] GC(429) Humongous region 1106 (object size 1048592 @ 0x00000000c5200000) remset 0 code roots 0 marked 0 pinned count 0 reclaim candidate 0 type array 1
[2024-10-26T03:19:29.437+0530][132.162s][debug][gc,humongous      ] GC(429) Humongous region 1422 (object size 1048592 @ 0x00000000d8e00000) remset 0 code roots 0 marked 0 pinned count 0 reclaim candidate 0 type array 1
[2024-10-26T03:19:29.437+0530][132.162s][debug][gc,humongous      ] GC(429) Humongous region 1264 (object size 1048592 @ 0x00000000cf000000) remset 0 code roots 0 marked 0 pinned count 0 reclaim candidate 0 type array 1
[2024-10-26T03:19:29.437+0530][132.162s][debug][gc,humongous      ] GC(429) Humongous region 1736 (object size 1048592 @ 0x00000000ec800000) remset 0 code roots 0 marked 0 pinned count 0 reclaim candidate 0 type array 1
[2024-10-26T03:19:29.437+0530][132.162s][debug][gc,humongous      ] GC(429) Humongous region 1580 (object size 1048592 @ 0x00000000e2c00000) remset 0 code roots 0 marked 0 pinned count 0 reclaim candidate 0 type array 1
[2024-10-26T03:19:29.437+0530][132.162s][debug][gc,humongous      ] GC(429) Humongous region 1894 (object size 1048592 @ 0x00000000f6600000) remset 0 code roots 0 marked 0 pinned count 0 reclaim candidate 0 type array 1
[2024-10-26T03:19:29.437+0530][132.162s][debug][gc,humongous      ] GC(429) Humongous region 20 (object size 1048592 @ 0x0000000081400000) remset 0 code roots 0 marked 0 pinned count 0 reclaim candidate 0 type array 1
[2024-10-26T03:19:29.437+0530][132.162s][debug][gc,humongous      ] GC(429) Humongous region 164 (object size 1048592 @ 0x000000008a400000) remset 0 code roots 0 marked 0 pinned count 0 reclaim candidate 0 type array 1
[2024-10-26T03:19:29.437+0530][132.162s][debug][gc,humongous      ] GC(429) Humongous region 322 (object size 1048592 @ 0x0000000094200000) remset 0 code roots 0 marked 0 pinned count 0 reclaim candidate 0 type array 1
[2024-10-26T03:19:29.437+0530][132.162s][debug][gc,humongous      ] GC(429) Humongous region 478 (object size 1048592 @ 0x000000009de00000) remset 0 code roots 0 marked 0 pinned count 0 reclaim candidate 0 type array 1
[2024-10-26T03:19:29.437+0530][132.162s][debug][gc,humongous      ] GC(429) Humongous region 636 (object size 1048592 @ 0x00000000a7c00000) remset 0 code roots 0 marked 0 pinned count 0 reclaim candidate 0 type array 1
[2024-10-26T03:19:29.437+0530][132.162s][debug][gc,humongous      ] GC(429) Humongous region 794 (object size 1048592 @ 0x00000000b1a00000) remset 0 code roots 0 marked 0 pinned count 0 reclaim candidate 0 type array 1
[2024-10-26T03:19:29.437+0530][132.162s][debug][gc,humongous      ] GC(429) Humongous region 952 (object size 1048592 @ 0x00000000bb800000) remset 0 code roots 0 marked 0 pinned count 0 reclaim candidate 0 type array 1
[2024-10-26T03:19:29.437+0530][132.162s][debug][gc,humongous      ] GC(429) Humongous region 1108 (object size 1048592 @ 0x00000000c5400000) remset 0 code roots 0 marked 0 pinned count 0 reclaim candidate 0 type array 1
[2024-10-26T03:19:29.437+0530][132.162s][debug][gc,humongous      ] GC(429) Humongous region 1424 (object size 1048592 @ 0x00000000d9000000) remset 0 code roots 0 marked 0 pinned count 0 reclaim candidate 0 type array 1
[2024-10-26T03:19:29.437+0530][132.162s][debug][gc,humongous      ] GC(429) Humongous region 1266 (object size 1048592 @ 0x00000000cf200000) remset 0 code roots 0 marked 0 pinned count 0 reclaim candidate 0 type array 1
[2024-10-26T03:19:29.437+0530][132.162s][debug][gc,humongous      ] GC(429) Humongous region 1738 (object size 1048592 @ 0x00000000eca00000) remset 0 code roots 0 marked 0 pinned count 0 reclaim candidate 0 type array 1
[2024-10-26T03:19:29.437+0530][132.162s][debug][gc,humongous      ] GC(429) Humongous region 1582 (object size 1048592 @ 0x00000000e2e00000) remset 0 code roots 0 marked 0 pinned count 0 reclaim candidate 0 type array 1
[2024-10-26T03:19:29.437+0530][132.162s][debug][gc,humongous      ] GC(429) Humongous region 1896 (object size 1048592 @ 0x00000000f6800000) remset 0 code roots 0 marked 0 pinned count 0 reclaim candidate 0 type array 1
[2024-10-26T03:19:29.437+0530][132.162s][debug][gc,humongous      ] GC(429) Humongous region 22 (object size 1048592 @ 0x0000000081600000) remset 0 code roots 0 marked 0 pinned count 0 reclaim candidate 0 type array 1
[2024-10-26T03:19:29.437+0530][132.162s][debug][gc,humongous      ] GC(429) Humongous region 166 (object size 1048592 @ 0x000000008a600000) remset 0 code roots 0 marked 0 pinned count 0 reclaim candidate 0 type array 1
[2024-10-26T03:19:29.437+0530][132.162s][debug][gc,humongous      ] GC(429) Humongous region 324 (object size 1048592 @ 0x0000000094400000) remset 0 code roots 0 marked 0 pinned count 0 reclaim candidate 0 type array 1
[2024-10-26T03:19:29.437+0530][132.162s][debug][gc,humongous      ] GC(429) Humongous region 480 (object size 1048592 @ 0x000000009e000000) remset 0 code roots 0 marked 0 pinned count 0 reclaim candidate 0 type array 1
[2024-10-26T03:19:29.437+0530][132.162s][debug][gc,humongous      ] GC(429) Humongous region 638 (object size 1048592 @ 0x00000000a7e00000) remset 0 code roots 0 marked 0 pinned count 0 reclaim candidate 0 type array 1
[2024-10-26T03:19:29.437+0530][132.162s][debug][gc,humongous      ] GC(429) Humongous region 796 (object size 1048592 @ 0x00000000b1c00000) remset 0 code roots 0 marked 0 pinned count 0 reclaim candidate 0 type array 1
[2024-10-26T03:19:29.437+0530][132.162s][debug][gc,humongous      ] GC(429) Humongous region 954 (object size 1048592 @ 0x00000000bba00000) remset 0 code roots 0 marked 0 pinned count 0 reclaim candidate 0 type array 1
[2024-10-26T03:19:29.437+0530][132.162s][debug][gc,humongous      ] GC(429) Humongous region 1110 (object size 1048592 @ 0x00000000c5600000) remset 0 code roots 0 marked 0 pinned count 0 reclaim candidate 0 type array 1
[2024-10-26T03:19:29.437+0530][132.162s][debug][gc,humongous      ] GC(429) Humongous region 1426 (object size 1048592 @ 0x00000000d9200000) remset 0 code roots 0 marked 0 pinned count 0 reclaim candidate 0 type array 1
[2024-10-26T03:19:29.437+0530][132.162s][debug][gc,humongous      ] GC(429) Humongous region 1268 (object size 1048592 @ 0x00000000cf400000) remset 0 code roots 0 marked 0 pinned count 0 reclaim candidate 0 type array 1
[2024-10-26T03:19:29.437+0530][132.162s][debug][gc,humongous      ] GC(429) Humongous region 1740 (object size 1048592 @ 0x00000000ecc00000) remset 0 code roots 0 marked 0 pinned count 0 reclaim candidate 0 type array 1
[2024-10-26T03:19:29.437+0530][132.162s][debug][gc,humongous      ] GC(429) Humongous region 1584 (object size 1048592 @ 0x00000000e3000000) remset 0 code roots 0 marked 0 pinned count 0 reclaim candidate 0 type array 1
[2024-10-26T03:19:29.437+0530][132.162s][debug][gc,humongous      ] GC(429) Humongous region 1898 (object size 1048592 @ 0x00000000f6a00000) remset 0 code roots 0 marked 0 pinned count 0 reclaim candidate 0 type array 1
[2024-10-26T03:19:29.437+0530][132.162s][debug][gc,humongous      ] GC(429) Humongous region 24 (object size 1048592 @ 0x0000000081800000) remset 0 code roots 0 marked 0 pinned count 0 reclaim candidate 0 type array 1
[2024-10-26T03:19:29.437+0530][132.162s][debug][gc,humongous      ] GC(429) Humongous region 168 (object size 1048592 @ 0x000000008a800000) remset 0 code roots 0 marked 0 pinned count 0 reclaim candidate 0 type array 1
[2024-10-26T03:19:29.437+0530][132.162s][debug][gc,humongous      ] GC(429) Humongous region 326 (object size 1048592 @ 0x0000000094600000) remset 0 code roots 0 marked 0 pinned count 0 reclaim candidate 0 type array 1
[2024-10-26T03:19:29.437+0530][132.162s][debug][gc,humongous      ] GC(429) Humongous region 482 (object size 1048592 @ 0x000000009e200000) remset 0 code roots 0 marked 0 pinned count 0 reclaim candidate 0 type array 1
[2024-10-26T03:19:29.437+0530][132.162s][debug][gc,humongous      ] GC(429) Humongous region 640 (object size 1048592 @ 0x00000000a8000000) remset 0 code roots 0 marked 0 pinned count 0 reclaim candidate 0 type array 1
[2024-10-26T03:19:29.437+0530][132.162s][debug][gc,humongous      ] GC(429) Humongous region 798 (object size 1048592 @ 0x00000000b1e00000) remset 0 code roots 0 marked 0 pinned count 0 reclaim candidate 0 type array 1
[2024-10-26T03:19:29.437+0530][132.162s][debug][gc,humongous      ] GC(429) Humongous region 956 (object size 1048592 @ 0x00000000bbc00000) remset 0 code roots 0 marked 0 pinned count 0 reclaim candidate 0 type array 1
[2024-10-26T03:19:29.437+0530][132.162s][debug][gc,humongous      ] GC(429) Humongous region 1112 (object size 1048592 @ 0x00000000c5800000) remset 0 code roots 0 marked 0 pinned count 0 reclaim candidate 0 type array 1
[2024-10-26T03:19:29.438+0530][132.162s][debug][gc,humongous      ] GC(429) Humongous region 1428 (object size 1048592 @ 0x00000000d9400000) remset 0 code roots 0 marked 0 pinned count 0 reclaim candidate 0 type array 1
[2024-10-26T03:19:29.438+0530][132.162s][debug][gc,humongous      ] GC(429) Humongous region 1270 (object size 1048592 @ 0x00000000cf600000) remset 0 code roots 0 marked 0 pinned count 0 reclaim candidate 0 type array 1
[2024-10-26T03:19:29.438+0530][132.162s][debug][gc,humongous      ] GC(429) Humongous region 1742 (object size 1048592 @ 0x00000000ece00000) remset 0 code roots 0 marked 0 pinned count 0 reclaim candidate 0 type array 1
[2024-10-26T03:19:29.438+0530][132.162s][debug][gc,humongous      ] GC(429) Humongous region 1586 (object size 1048592 @ 0x00000000e3200000) remset 0 code roots 0 marked 0 pinned count 0 reclaim candidate 0 type array 1
[2024-10-26T03:19:29.438+0530][132.162s][debug][gc,humongous      ] GC(429) Humongous region 1900 (object size 1048592 @ 0x00000000f6c00000) remset 0 code roots 0 marked 0 pinned count 0 reclaim candidate 0 type array 1
[2024-10-26T03:19:29.438+0530][132.162s][debug][gc,humongous      ] GC(429) Humongous region 26 (object size 1048592 @ 0x0000000081a00000) remset 0 code roots 0 marked 0 pinned count 0 reclaim candidate 0 type array 1
[2024-10-26T03:19:29.438+0530][132.162s][debug][gc,humongous      ] GC(429) Humongous region 170 (object size 1048592 @ 0x000000008aa00000) remset 0 code roots 0 marked 0 pinned count 0 reclaim candidate 0 type array 1
[2024-10-26T03:19:29.438+0530][132.162s][debug][gc,humongous      ] GC(429) Humongous region 328 (object size 1048592 @ 0x0000000094800000) remset 0 code roots 0 marked 0 pinned count 0 reclaim candidate 0 type array 1
[2024-10-26T03:19:29.438+0530][132.162s][debug][gc,humongous      ] GC(429) Humongous region 484 (object size 1048592 @ 0x000000009e400000) remset 0 code roots 0 marked 0 pinned count 0 reclaim candidate 0 type array 1
[2024-10-26T03:19:29.438+0530][132.162s][debug][gc,humongous      ] GC(429) Humongous region 642 (object size 1048592 @ 0x00000000a8200000) remset 0 code roots 0 marked 0 pinned count 0 reclaim candidate 0 type array 1
[2024-10-26T03:19:29.438+0530][132.162s][debug][gc,humongous      ] GC(429) Humongous region 800 (object size 1048592 @ 0x00000000b2000000) remset 0 code roots 0 marked 0 pinned count 0 reclaim candidate 0 type array 1
[2024-10-26T03:19:29.438+0530][132.162s][debug][gc,humongous      ] GC(429) Humongous region 958 (object size 1048592 @ 0x00000000bbe00000) remset 0 code roots 0 marked 0 pinned count 0 reclaim candidate 0 type array 1
[2024-10-26T03:19:29.438+0530][132.162s][debug][gc,humongous      ] GC(429) Humongous region 1114 (object size 1048592 @ 0x00000000c5a00000) remset 0 code roots 0 marked 0 pinned count 0 reclaim candidate 0 type array 1
[2024-10-26T03:19:29.438+0530][132.162s][debug][gc,humongous      ] GC(429) Humongous region 1430 (object size 1048592 @ 0x00000000d9600000) remset 0 code roots 0 marked 0 pinned count 0 reclaim candidate 0 type array 1
[2024-10-26T03:19:29.438+0530][132.163s][debug][gc,humongous      ] GC(429) Humongous region 1272 (object size 1048592 @ 0x00000000cf800000) remset 0 code roots 0 marked 0 pinned count 0 reclaim candidate 0 type array 1
[2024-10-26T03:19:29.438+0530][132.163s][debug][gc,humongous      ] GC(429) Humongous region 1744 (object size 1048592 @ 0x00000000ed000000) remset 0 code roots 0 marked 0 pinned count 0 reclaim candidate 0 type array 1
[2024-10-26T03:19:29.438+0530][132.163s][debug][gc,humongous      ] GC(429) Humongous region 1588 (object size 1048592 @ 0x00000000e3400000) remset 0 code roots 0 marked 0 pinned count 0 reclaim candidate 0 type array 1
[2024-10-26T03:19:29.438+0530][132.163s][debug][gc,humongous      ] GC(429) Humongous region 1902 (object size 1048592 @ 0x00000000f6e00000) remset 0 code roots 0 marked 0 pinned count 0 reclaim candidate 0 type array 1
[2024-10-26T03:19:29.438+0530][132.163s][debug][gc,humongous      ] GC(429) Humongous region 28 (object size 1048592 @ 0x0000000081c00000) remset 0 code roots 0 marked 0 pinned count 0 reclaim candidate 0 type array 1
[2024-10-26T03:19:29.438+0530][132.163s][debug][gc,humongous      ] GC(429) Humongous region 172 (object size 1048592 @ 0x000000008ac00000) remset 0 code roots 0 marked 0 pinned count 0 reclaim candidate 0 type array 1
[2024-10-26T03:19:29.438+0530][132.163s][debug][gc,humongous      ] GC(429) Humongous region 330 (object size 1048592 @ 0x0000000094a00000) remset 0 code roots 0 marked 0 pinned count 0 reclaim candidate 0 type array 1
[2024-10-26T03:19:29.438+0530][132.163s][debug][gc,humongous      ] GC(429) Humongous region 486 (object size 1048592 @ 0x000000009e600000) remset 0 code roots 0 marked 0 pinned count 0 reclaim candidate 0 type array 1
[2024-10-26T03:19:29.438+0530][132.163s][debug][gc,humongous      ] GC(429) Humongous region 644 (object size 1048592 @ 0x00000000a8400000) remset 0 code roots 0 marked 0 pinned count 0 reclaim candidate 0 type array 1
[2024-10-26T03:19:29.438+0530][132.163s][debug][gc,humongous      ] GC(429) Humongous region 802 (object size 1048592 @ 0x00000000b2200000) remset 0 code roots 0 marked 0 pinned count 0 reclaim candidate 0 type array 1
[2024-10-26T03:19:29.438+0530][132.163s][debug][gc,humongous      ] GC(429) Humongous region 960 (object size 1048592 @ 0x00000000bc000000) remset 0 code roots 0 marked 0 pinned count 0 reclaim candidate 0 type array 1
[2024-10-26T03:19:29.438+0530][132.163s][debug][gc,humongous      ] GC(429) Humongous region 1116 (object size 1048592 @ 0x00000000c5c00000) remset 0 code roots 0 marked 0 pinned count 0 reclaim candidate 0 type array 1
[2024-10-26T03:19:29.438+0530][132.163s][debug][gc,humongous      ] GC(429) Humongous region 1432 (object size 1048592 @ 0x00000000d9800000) remset 0 code roots 0 marked 0 pinned count 0 reclaim candidate 0 type array 1
[2024-10-26T03:19:29.438+0530][132.163s][debug][gc,humongous      ] GC(429) Humongous region 1274 (object size 1048592 @ 0x00000000cfa00000) remset 0 code roots 0 marked 0 pinned count 0 reclaim candidate 0 type array 1
[2024-10-26T03:19:29.438+0530][132.163s][debug][gc,humongous      ] GC(429) Humongous region 1746 (object size 1048592 @ 0x00000000ed200000) remset 0 code roots 0 marked 0 pinned count 0 reclaim candidate 0 type array 1
[2024-10-26T03:19:29.438+0530][132.163s][debug][gc,humongous      ] GC(429) Humongous region 1590 (object size 1048592 @ 0x00000000e3600000) remset 0 code roots 0 marked 0 pinned count 0 reclaim candidate 0 type array 1
[2024-10-26T03:19:29.438+0530][132.163s][debug][gc,humongous      ] GC(429) Humongous region 1904 (object size 1048592 @ 0x00000000f7000000) remset 0 code roots 0 marked 0 pinned count 0 reclaim candidate 0 type array 1
[2024-10-26T03:19:29.438+0530][132.163s][debug][gc,humongous      ] GC(429) Humongous region 30 (object size 1048592 @ 0x0000000081e00000) remset 0 code roots 0 marked 0 pinned count 0 reclaim candidate 0 type array 1
[2024-10-26T03:19:29.438+0530][132.163s][debug][gc,humongous      ] GC(429) Humongous region 174 (object size 1048592 @ 0x000000008ae00000) remset 0 code roots 0 marked 0 pinned count 0 reclaim candidate 0 type array 1
[2024-10-26T03:19:29.438+0530][132.163s][debug][gc,humongous      ] GC(429) Humongous region 332 (object size 1048592 @ 0x0000000094c00000) remset 0 code roots 0 marked 0 pinned count 0 reclaim candidate 0 type array 1
[2024-10-26T03:19:29.438+0530][132.163s][debug][gc,humongous      ] GC(429) Humongous region 488 (object size 1048592 @ 0x000000009e800000) remset 0 code roots 0 marked 0 pinned count 0 reclaim candidate 0 type array 1
[2024-10-26T03:19:29.438+0530][132.163s][debug][gc,humongous      ] GC(429) Humongous region 646 (object size 1048592 @ 0x00000000a8600000) remset 0 code roots 0 marked 0 pinned count 0 reclaim candidate 0 type array 1
[2024-10-26T03:19:29.438+0530][132.163s][debug][gc,humongous      ] GC(429) Humongous region 804 (object size 1048592 @ 0x00000000b2400000) remset 0 code roots 0 marked 0 pinned count 0 reclaim candidate 0 type array 1
[2024-10-26T03:19:29.438+0530][132.163s][debug][gc,humongous      ] GC(429) Humongous region 962 (object size 1048592 @ 0x00000000bc200000) remset 0 code roots 0 marked 0 pinned count 0 reclaim candidate 0 type array 1
[2024-10-26T03:19:29.438+0530][132.163s][debug][gc,humongous      ] GC(429) Humongous region 1118 (object size 1048592 @ 0x00000000c5e00000) remset 0 code roots 0 marked 0 pinned count 0 reclaim candidate 0 type array 1
[2024-10-26T03:19:29.438+0530][132.163s][debug][gc,humongous      ] GC(429) Humongous region 1434 (object size 1048592 @ 0x00000000d9a00000) remset 0 code roots 0 marked 0 pinned count 0 reclaim candidate 0 type array 1
[2024-10-26T03:19:29.438+0530][132.163s][debug][gc,humongous      ] GC(429) Humongous region 1276 (object size 1048592 @ 0x00000000cfc00000) remset 0 code roots 0 marked 0 pinned count 0 reclaim candidate 0 type array 1
[2024-10-26T03:19:29.438+0530][132.163s][debug][gc,humongous      ] GC(429) Humongous region 1748 (object size 1048592 @ 0x00000000ed400000) remset 0 code roots 0 marked 0 pinned count 0 reclaim candidate 0 type array 1
[2024-10-26T03:19:29.438+0530][132.163s][debug][gc,humongous      ] GC(429) Humongous region 1592 (object size 1048592 @ 0x00000000e3800000) remset 0 code roots 0 marked 0 pinned count 0 reclaim candidate 0 type array 1
[2024-10-26T03:19:29.438+0530][132.163s][debug][gc,humongous      ] GC(429) Humongous region 1906 (object size 1048592 @ 0x00000000f7200000) remset 0 code roots 0 marked 0 pinned count 0 reclaim candidate 0 type array 1
[2024-10-26T03:19:29.438+0530][132.163s][debug][gc,humongous      ] GC(429) Humongous region 32 (object size 1048592 @ 0x0000000082000000) remset 0 code roots 0 marked 0 pinned count 0 reclaim candidate 0 type array 1
[2024-10-26T03:19:29.438+0530][132.163s][debug][gc,humongous      ] GC(429) Humongous region 176 (object size 1048592 @ 0x000000008b000000) remset 0 code roots 0 marked 0 pinned count 0 reclaim candidate 0 type array 1
[2024-10-26T03:19:29.438+0530][132.163s][debug][gc,humongous      ] GC(429) Humongous region 334 (object size 1048592 @ 0x0000000094e00000) remset 0 code roots 0 marked 0 pinned count 0 reclaim candidate 0 type array 1
[2024-10-26T03:19:29.438+0530][132.163s][debug][gc,humongous      ] GC(429) Humongous region 490 (object size 1048592 @ 0x000000009ea00000) remset 0 code roots 0 marked 0 pinned count 0 reclaim candidate 0 type array 1
[2024-10-26T03:19:29.438+0530][132.163s][debug][gc,humongous      ] GC(429) Humongous region 648 (object size 1048592 @ 0x00000000a8800000) remset 0 code roots 0 marked 0 pinned count 0 reclaim candidate 0 type array 1
[2024-10-26T03:19:29.438+0530][132.163s][debug][gc,humongous      ] GC(429) Humongous region 806 (object size 1048592 @ 0x00000000b2600000) remset 0 code roots 0 marked 0 pinned count 0 reclaim candidate 0 type array 1
[2024-10-26T03:19:29.438+0530][132.163s][debug][gc,humongous      ] GC(429) Humongous region 964 (object size 1048592 @ 0x00000000bc400000) remset 0 code roots 0 marked 0 pinned count 0 reclaim candidate 0 type array 1
[2024-10-26T03:19:29.438+0530][132.163s][debug][gc,humongous      ] GC(429) Humongous region 1120 (object size 1048592 @ 0x00000000c6000000) remset 0 code roots 0 marked 0 pinned count 0 reclaim candidate 0 type array 1
[2024-10-26T03:19:29.438+0530][132.163s][debug][gc,humongous      ] GC(429) Humongous region 1436 (object size 1048592 @ 0x00000000d9c00000) remset 0 code roots 0 marked 0 pinned count 0 reclaim candidate 0 type array 1
[2024-10-26T03:19:29.438+0530][132.163s][debug][gc,humongous      ] GC(429) Humongous region 1278 (object size 1048592 @ 0x00000000cfe00000) remset 0 code roots 0 marked 0 pinned count 0 reclaim candidate 0 type array 1
[2024-10-26T03:19:29.438+0530][132.163s][debug][gc,humongous      ] GC(429) Humongous region 1750 (object size 1048592 @ 0x00000000ed600000) remset 0 code roots 0 marked 0 pinned count 0 reclaim candidate 0 type array 1
[2024-10-26T03:19:29.438+0530][132.163s][debug][gc,humongous      ] GC(429) Humongous region 1594 (object size 1048592 @ 0x00000000e3a00000) remset 0 code roots 0 marked 0 pinned count 0 reclaim candidate 0 type array 1
[2024-10-26T03:19:29.438+0530][132.163s][debug][gc,humongous      ] GC(429) Humongous region 1908 (object size 1048592 @ 0x00000000f7400000) remset 0 code roots 0 marked 0 pinned count 0 reclaim candidate 0 type array 1
[2024-10-26T03:19:29.438+0530][132.163s][debug][gc,humongous      ] GC(429) Humongous region 34 (object size 1048592 @ 0x0000000082200000) remset 0 code roots 0 marked 0 pinned count 0 reclaim candidate 0 type array 1
[2024-10-26T03:19:29.438+0530][132.163s][debug][gc,humongous      ] GC(429) Humongous region 178 (object size 1048592 @ 0x000000008b200000) remset 0 code roots 0 marked 0 pinned count 0 reclaim candidate 0 type array 1
[2024-10-26T03:19:29.438+0530][132.163s][debug][gc,humongous      ] GC(429) Humongous region 336 (object size 1048592 @ 0x0000000095000000) remset 0 code roots 0 marked 0 pinned count 0 reclaim candidate 0 type array 1
[2024-10-26T03:19:29.438+0530][132.163s][debug][gc,humongous      ] GC(429) Humongous region 492 (object size 1048592 @ 0x000000009ec00000) remset 0 code roots 0 marked 0 pinned count 0 reclaim candidate 0 type array 1
[2024-10-26T03:19:29.438+0530][132.163s][debug][gc,humongous      ] GC(429) Humongous region 650 (object size 1048592 @ 0x00000000a8a00000) remset 0 code roots 0 marked 0 pinned count 0 reclaim candidate 0 type array 1
[2024-10-26T03:19:29.438+0530][132.163s][debug][gc,humongous      ] GC(429) Humongous region 808 (object size 1048592 @ 0x00000000b2800000) remset 0 code roots 0 marked 0 pinned count 0 reclaim candidate 0 type array 1
[2024-10-26T03:19:29.438+0530][132.163s][debug][gc,humongous      ] GC(429) Humongous region 966 (object size 1048592 @ 0x00000000bc600000) remset 0 code roots 0 marked 0 pinned count 0 reclaim candidate 0 type array 1
[2024-10-26T03:19:29.438+0530][132.163s][debug][gc,humongous      ] GC(429) Humongous region 1122 (object size 1048592 @ 0x00000000c6200000) remset 0 code roots 0 marked 0 pinned count 0 reclaim candidate 0 type array 1
[2024-10-26T03:19:29.438+0530][132.163s][debug][gc,humongous      ] GC(429) Humongous region 1438 (object size 1048592 @ 0x00000000d9e00000) remset 0 code roots 0 marked 0 pinned count 0 reclaim candidate 0 type array 1
[2024-10-26T03:19:29.438+0530][132.163s][debug][gc,humongous      ] GC(429) Humongous region 1280 (object size 1048592 @ 0x00000000d0000000) remset 0 code roots 0 marked 0 pinned count 0 reclaim candidate 0 type array 1
[2024-10-26T03:19:29.438+0530][132.163s][debug][gc,humongous      ] GC(429) Humongous region 1752 (object size 1048592 @ 0x00000000ed800000) remset 0 code roots 0 marked 0 pinned count 0 reclaim candidate 0 type array 1
[2024-10-26T03:19:29.438+0530][132.163s][debug][gc,humongous      ] GC(429) Humongous region 1596 (object size 1048592 @ 0x00000000e3c00000) remset 0 code roots 0 marked 0 pinned count 0 reclaim candidate 0 type array 1
[2024-10-26T03:19:29.438+0530][132.163s][debug][gc,humongous      ] GC(429) Humongous region 1910 (object size 1048592 @ 0x00000000f7600000) remset 0 code roots 0 marked 0 pinned count 0 reclaim candidate 0 type array 1
[2024-10-26T03:19:29.438+0530][132.163s][debug][gc,humongous      ] GC(429) Humongous region 36 (object size 1048592 @ 0x0000000082400000) remset 0 code roots 0 marked 0 pinned count 0 reclaim candidate 0 type array 1
[2024-10-26T03:19:29.438+0530][132.163s][debug][gc,humongous      ] GC(429) Humongous region 180 (object size 1048592 @ 0x000000008b400000) remset 0 code roots 0 marked 0 pinned count 0 reclaim candidate 0 type array 1
[2024-10-26T03:19:29.438+0530][132.163s][debug][gc,humongous      ] GC(429) Humongous region 338 (object size 1048592 @ 0x0000000095200000) remset 0 code roots 0 marked 0 pinned count 0 reclaim candidate 0 type array 1
[2024-10-26T03:19:29.438+0530][132.163s][debug][gc,humongous      ] GC(429) Humongous region 494 (object size 1048592 @ 0x000000009ee00000) remset 0 code roots 0 marked 0 pinned count 0 reclaim candidate 0 type array 1
[2024-10-26T03:19:29.438+0530][132.163s][debug][gc,humongous      ] GC(429) Humongous region 652 (object size 1048592 @ 0x00000000a8c00000) remset 0 code roots 0 marked 0 pinned count 0 reclaim candidate 0 type array 1
[2024-10-26T03:19:29.438+0530][132.163s][debug][gc,humongous      ] GC(429) Humongous region 810 (object size 1048592 @ 0x00000000b2a00000) remset 0 code roots 0 marked 0 pinned count 0 reclaim candidate 0 type array 1
[2024-10-26T03:19:29.438+0530][132.163s][debug][gc,humongous      ] GC(429) Humongous region 968 (object size 1048592 @ 0x00000000bc800000) remset 0 code roots 0 marked 0 pinned count 0 reclaim candidate 0 type array 1
[2024-10-26T03:19:29.438+0530][132.163s][debug][gc,humongous      ] GC(429) Humongous region 1124 (object size 1048592 @ 0x00000000c6400000) remset 0 code roots 0 marked 0 pinned count 0 reclaim candidate 0 type array 1
[2024-10-26T03:19:29.438+0530][132.163s][debug][gc,humongous      ] GC(429) Humongous region 1440 (object size 1048592 @ 0x00000000da000000) remset 0 code roots 0 marked 0 pinned count 0 reclaim candidate 0 type array 1
[2024-10-26T03:19:29.439+0530][132.163s][debug][gc,humongous      ] GC(429) Humongous region 1282 (object size 1048592 @ 0x00000000d0200000) remset 0 code roots 0 marked 0 pinned count 0 reclaim candidate 0 type array 1
[2024-10-26T03:19:29.439+0530][132.163s][debug][gc,humongous      ] GC(429) Humongous region 1754 (object size 1048592 @ 0x00000000eda00000) remset 0 code roots 0 marked 0 pinned count 0 reclaim candidate 0 type array 1
[2024-10-26T03:19:29.439+0530][132.163s][debug][gc,humongous      ] GC(429) Humongous region 1598 (object size 1048592 @ 0x00000000e3e00000) remset 0 code roots 0 marked 0 pinned count 0 reclaim candidate 0 type array 1
[2024-10-26T03:19:29.439+0530][132.163s][debug][gc,humongous      ] GC(429) Humongous region 1912 (object size 1048592 @ 0x00000000f7800000) remset 0 code roots 0 marked 0 pinned count 0 reclaim candidate 0 type array 1
[2024-10-26T03:19:29.439+0530][132.163s][debug][gc,humongous      ] GC(429) Humongous region 38 (object size 1048592 @ 0x0000000082600000) remset 0 code roots 0 marked 0 pinned count 0 reclaim candidate 0 type array 1
[2024-10-26T03:19:29.439+0530][132.163s][debug][gc,humongous      ] GC(429) Humongous region 182 (object size 1048592 @ 0x000000008b600000) remset 0 code roots 0 marked 0 pinned count 0 reclaim candidate 0 type array 1
[2024-10-26T03:19:29.439+0530][132.163s][debug][gc,humongous      ] GC(429) Humongous region 340 (object size 1048592 @ 0x0000000095400000) remset 0 code roots 0 marked 0 pinned count 0 reclaim candidate 0 type array 1
[2024-10-26T03:19:29.439+0530][132.163s][debug][gc,humongous      ] GC(429) Humongous region 496 (object size 1048592 @ 0x000000009f000000) remset 0 code roots 0 marked 0 pinned count 0 reclaim candidate 0 type array 1
[2024-10-26T03:19:29.439+0530][132.163s][debug][gc,humongous      ] GC(429) Humongous region 654 (object size 1048592 @ 0x00000000a8e00000) remset 0 code roots 0 marked 0 pinned count 0 reclaim candidate 0 type array 1
[2024-10-26T03:19:29.439+0530][132.163s][debug][gc,humongous      ] GC(429) Humongous region 812 (object size 1048592 @ 0x00000000b2c00000) remset 0 code roots 0 marked 0 pinned count 0 reclaim candidate 0 type array 1
[2024-10-26T03:19:29.439+0530][132.163s][debug][gc,humongous      ] GC(429) Humongous region 970 (object size 1048592 @ 0x00000000bca00000) remset 0 code roots 0 marked 0 pinned count 0 reclaim candidate 0 type array 1
[2024-10-26T03:19:29.439+0530][132.163s][debug][gc,humongous      ] GC(429) Humongous region 1126 (object size 1048592 @ 0x00000000c6600000) remset 0 code roots 0 marked 0 pinned count 0 reclaim candidate 0 type array 1
[2024-10-26T03:19:29.439+0530][132.163s][debug][gc,humongous      ] GC(429) Humongous region 1442 (object size 1048592 @ 0x00000000da200000) remset 0 code roots 0 marked 0 pinned count 0 reclaim candidate 0 type array 1
[2024-10-26T03:19:29.439+0530][132.163s][debug][gc,humongous      ] GC(429) Humongous region 1284 (object size 1048592 @ 0x00000000d0400000) remset 0 code roots 0 marked 0 pinned count 0 reclaim candidate 0 type array 1
[2024-10-26T03:19:29.439+0530][132.164s][debug][gc,humongous      ] GC(429) Humongous region 1756 (object size 1048592 @ 0x00000000edc00000) remset 0 code roots 0 marked 0 pinned count 0 reclaim candidate 0 type array 1
[2024-10-26T03:19:29.439+0530][132.164s][debug][gc,humongous      ] GC(429) Humongous region 1600 (object size 1048592 @ 0x00000000e4000000) remset 0 code roots 0 marked 0 pinned count 0 reclaim candidate 0 type array 1
[2024-10-26T03:19:29.439+0530][132.164s][debug][gc,humongous      ] GC(429) Humongous region 1914 (object size 1048592 @ 0x00000000f7a00000) remset 0 code roots 0 marked 0 pinned count 0 reclaim candidate 0 type array 1
[2024-10-26T03:19:29.439+0530][132.164s][debug][gc,humongous      ] GC(429) Humongous region 40 (object size 1048592 @ 0x0000000082800000) remset 0 code roots 0 marked 0 pinned count 0 reclaim candidate 0 type array 1
[2024-10-26T03:19:29.439+0530][132.164s][debug][gc,humongous      ] GC(429) Humongous region 184 (object size 1048592 @ 0x000000008b800000) remset 0 code roots 0 marked 0 pinned count 0 reclaim candidate 0 type array 1
[2024-10-26T03:19:29.439+0530][132.164s][debug][gc,humongous      ] GC(429) Humongous region 342 (object size 1048592 @ 0x0000000095600000) remset 0 code roots 0 marked 0 pinned count 0 reclaim candidate 0 type array 1
[2024-10-26T03:19:29.439+0530][132.164s][debug][gc,humongous      ] GC(429) Humongous region 498 (object size 1048592 @ 0x000000009f200000) remset 0 code roots 0 marked 0 pinned count 0 reclaim candidate 0 type array 1
[2024-10-26T03:19:29.439+0530][132.164s][debug][gc,humongous      ] GC(429) Humongous region 656 (object size 1048592 @ 0x00000000a9000000) remset 0 code roots 0 marked 0 pinned count 0 reclaim candidate 0 type array 1
[2024-10-26T03:19:29.439+0530][132.164s][debug][gc,humongous      ] GC(429) Humongous region 814 (object size 1048592 @ 0x00000000b2e00000) remset 0 code roots 0 marked 0 pinned count 0 reclaim candidate 0 type array 1
[2024-10-26T03:19:29.439+0530][132.164s][debug][gc,humongous      ] GC(429) Humongous region 972 (object size 1048592 @ 0x00000000bcc00000) remset 0 code roots 0 marked 0 pinned count 0 reclaim candidate 0 type array 1
[2024-10-26T03:19:29.439+0530][132.164s][debug][gc,humongous      ] GC(429) Humongous region 1128 (object size 1048592 @ 0x00000000c6800000) remset 0 code roots 0 marked 0 pinned count 0 reclaim candidate 0 type array 1
[2024-10-26T03:19:29.439+0530][132.164s][debug][gc,humongous      ] GC(429) Humongous region 1444 (object size 1048592 @ 0x00000000da400000) remset 0 code roots 0 marked 0 pinned count 0 reclaim candidate 0 type array 1
[2024-10-26T03:19:29.439+0530][132.164s][debug][gc,humongous      ] GC(429) Humongous region 1286 (object size 1048592 @ 0x00000000d0600000) remset 0 code roots 0 marked 0 pinned count 0 reclaim candidate 0 type array 1
[2024-10-26T03:19:29.439+0530][132.164s][debug][gc,humongous      ] GC(429) Humongous region 1758 (object size 1048592 @ 0x00000000ede00000) remset 0 code roots 0 marked 0 pinned count 0 reclaim candidate 0 type array 1
[2024-10-26T03:19:29.439+0530][132.164s][debug][gc,humongous      ] GC(429) Humongous region 1602 (object size 1048592 @ 0x00000000e4200000) remset 0 code roots 0 marked 0 pinned count 0 reclaim candidate 0 type array 1
[2024-10-26T03:19:29.439+0530][132.164s][debug][gc,humongous      ] GC(429) Humongous region 1916 (object size 1048592 @ 0x00000000f7c00000) remset 0 code roots 0 marked 0 pinned count 0 reclaim candidate 0 type array 1
[2024-10-26T03:19:29.439+0530][132.164s][debug][gc,humongous      ] GC(429) Humongous region 42 (object size 1048592 @ 0x0000000082a00000) remset 0 code roots 0 marked 0 pinned count 0 reclaim candidate 0 type array 1
[2024-10-26T03:19:29.439+0530][132.164s][debug][gc,humongous      ] GC(429) Humongous region 186 (object size 1048592 @ 0x000000008ba00000) remset 0 code roots 0 marked 0 pinned count 0 reclaim candidate 0 type array 1
[2024-10-26T03:19:29.439+0530][132.164s][debug][gc,humongous      ] GC(429) Humongous region 344 (object size 1048592 @ 0x0000000095800000) remset 0 code roots 0 marked 0 pinned count 0 reclaim candidate 0 type array 1
[2024-10-26T03:19:29.439+0530][132.164s][debug][gc,humongous      ] GC(429) Humongous region 500 (object size 1048592 @ 0x000000009f400000) remset 0 code roots 0 marked 0 pinned count 0 reclaim candidate 0 type array 1
[2024-10-26T03:19:29.439+0530][132.164s][debug][gc,humongous      ] GC(429) Humongous region 658 (object size 1048592 @ 0x00000000a9200000) remset 0 code roots 0 marked 0 pinned count 0 reclaim candidate 0 type array 1
[2024-10-26T03:19:29.439+0530][132.164s][debug][gc,humongous      ] GC(429) Humongous region 816 (object size 1048592 @ 0x00000000b3000000) remset 0 code roots 0 marked 0 pinned count 0 reclaim candidate 0 type array 1
[2024-10-26T03:19:29.439+0530][132.164s][debug][gc,humongous      ] GC(429) Humongous region 974 (object size 1048592 @ 0x00000000bce00000) remset 0 code roots 0 marked 0 pinned count 0 reclaim candidate 0 type array 1
[2024-10-26T03:19:29.439+0530][132.164s][debug][gc,humongous      ] GC(429) Humongous region 1130 (object size 1048592 @ 0x00000000c6a00000) remset 0 code roots 0 marked 0 pinned count 0 reclaim candidate 0 type array 1
[2024-10-26T03:19:29.439+0530][132.164s][debug][gc,humongous      ] GC(429) Humongous region 1446 (object size 1048592 @ 0x00000000da600000) remset 0 code roots 0 marked 0 pinned count 0 reclaim candidate 0 type array 1
[2024-10-26T03:19:29.439+0530][132.164s][debug][gc,humongous      ] GC(429) Humongous region 1288 (object size 1048592 @ 0x00000000d0800000) remset 0 code roots 0 marked 0 pinned count 0 reclaim candidate 0 type array 1
[2024-10-26T03:19:29.439+0530][132.164s][debug][gc,humongous      ] GC(429) Humongous region 1760 (object size 1048592 @ 0x00000000ee000000) remset 0 code roots 0 marked 0 pinned count 0 reclaim candidate 0 type array 1
[2024-10-26T03:19:29.439+0530][132.164s][debug][gc,humongous      ] GC(429) Humongous region 1604 (object size 1048592 @ 0x00000000e4400000) remset 0 code roots 0 marked 0 pinned count 0 reclaim candidate 0 type array 1
[2024-10-26T03:19:29.439+0530][132.164s][debug][gc,humongous      ] GC(429) Humongous region 1918 (object size 1048592 @ 0x00000000f7e00000) remset 0 code roots 0 marked 0 pinned count 0 reclaim candidate 0 type array 1
[2024-10-26T03:19:29.439+0530][132.164s][debug][gc,humongous      ] GC(429) Humongous region 44 (object size 1048592 @ 0x0000000082c00000) remset 0 code roots 0 marked 0 pinned count 0 reclaim candidate 0 type array 1
[2024-10-26T03:19:29.439+0530][132.164s][debug][gc,humongous      ] GC(429) Humongous region 188 (object size 1048592 @ 0x000000008bc00000) remset 0 code roots 0 marked 0 pinned count 0 reclaim candidate 0 type array 1
[2024-10-26T03:19:29.439+0530][132.164s][debug][gc,humongous      ] GC(429) Humongous region 346 (object size 1048592 @ 0x0000000095a00000) remset 0 code roots 0 marked 0 pinned count 0 reclaim candidate 0 type array 1
[2024-10-26T03:19:29.439+0530][132.164s][debug][gc,humongous      ] GC(429) Humongous region 502 (object size 1048592 @ 0x000000009f600000) remset 0 code roots 0 marked 0 pinned count 0 reclaim candidate 0 type array 1
[2024-10-26T03:19:29.439+0530][132.164s][debug][gc,humongous      ] GC(429) Humongous region 660 (object size 1048592 @ 0x00000000a9400000) remset 0 code roots 0 marked 0 pinned count 0 reclaim candidate 0 type array 1
[2024-10-26T03:19:29.439+0530][132.164s][debug][gc,humongous      ] GC(429) Humongous region 818 (object size 1048592 @ 0x00000000b3200000) remset 0 code roots 0 marked 0 pinned count 0 reclaim candidate 0 type array 1
[2024-10-26T03:19:29.439+0530][132.164s][debug][gc,humongous      ] GC(429) Humongous region 976 (object size 1048592 @ 0x00000000bd000000) remset 0 code roots 0 marked 0 pinned count 0 reclaim candidate 0 type array 1
[2024-10-26T03:19:29.439+0530][132.164s][debug][gc,humongous      ] GC(429) Humongous region 1132 (object size 1048592 @ 0x00000000c6c00000) remset 0 code roots 0 marked 0 pinned count 0 reclaim candidate 0 type array 1
[2024-10-26T03:19:29.439+0530][132.164s][debug][gc,humongous      ] GC(429) Humongous region 1448 (object size 1048592 @ 0x00000000da800000) remset 0 code roots 0 marked 0 pinned count 0 reclaim candidate 0 type array 1
[2024-10-26T03:19:29.439+0530][132.164s][debug][gc,humongous      ] GC(429) Humongous region 1290 (object size 1048592 @ 0x00000000d0a00000) remset 0 code roots 0 marked 0 pinned count 0 reclaim candidate 0 type array 1
[2024-10-26T03:19:29.439+0530][132.164s][debug][gc,humongous      ] GC(429) Humongous region 1762 (object size 1048592 @ 0x00000000ee200000) remset 0 code roots 0 marked 0 pinned count 0 reclaim candidate 0 type array 1
[2024-10-26T03:19:29.439+0530][132.164s][debug][gc,humongous      ] GC(429) Humongous region 1606 (object size 1048592 @ 0x00000000e4600000) remset 0 code roots 0 marked 0 pinned count 0 reclaim candidate 0 type array 1
[2024-10-26T03:19:29.439+0530][132.164s][debug][gc,humongous      ] GC(429) Humongous region 1920 (object size 1048592 @ 0x00000000f8000000) remset 0 code roots 0 marked 0 pinned count 0 reclaim candidate 0 type array 1
[2024-10-26T03:19:29.439+0530][132.164s][debug][gc,humongous      ] GC(429) Humongous region 46 (object size 1048592 @ 0x0000000082e00000) remset 0 code roots 0 marked 0 pinned count 0 reclaim candidate 0 type array 1
[2024-10-26T03:19:29.439+0530][132.164s][debug][gc,humongous      ] GC(429) Humongous region 190 (object size 1048592 @ 0x000000008be00000) remset 0 code roots 0 marked 0 pinned count 0 reclaim candidate 0 type array 1
[2024-10-26T03:19:29.439+0530][132.164s][debug][gc,humongous      ] GC(429) Humongous region 348 (object size 1048592 @ 0x0000000095c00000) remset 0 code roots 0 marked 0 pinned count 0 reclaim candidate 0 type array 1
[2024-10-26T03:19:29.439+0530][132.164s][debug][gc,humongous      ] GC(429) Humongous region 504 (object size 1048592 @ 0x000000009f800000) remset 0 code roots 0 marked 0 pinned count 0 reclaim candidate 0 type array 1
[2024-10-26T03:19:29.439+0530][132.164s][debug][gc,humongous      ] GC(429) Humongous region 662 (object size 1048592 @ 0x00000000a9600000) remset 0 code roots 0 marked 0 pinned count 0 reclaim candidate 0 type array 1
[2024-10-26T03:19:29.439+0530][132.164s][debug][gc,humongous      ] GC(429) Humongous region 820 (object size 1048592 @ 0x00000000b3400000) remset 0 code roots 0 marked 0 pinned count 0 reclaim candidate 0 type array 1
[2024-10-26T03:19:29.439+0530][132.164s][debug][gc,humongous      ] GC(429) Humongous region 978 (object size 1048592 @ 0x00000000bd200000) remset 0 code roots 0 marked 0 pinned count 0 reclaim candidate 0 type array 1
[2024-10-26T03:19:29.439+0530][132.164s][debug][gc,humongous      ] GC(429) Humongous region 1134 (object size 1048592 @ 0x00000000c6e00000) remset 0 code roots 0 marked 0 pinned count 0 reclaim candidate 0 type array 1
[2024-10-26T03:19:29.439+0530][132.164s][debug][gc,humongous      ] GC(429) Humongous region 1450 (object size 1048592 @ 0x00000000daa00000) remset 0 code roots 0 marked 0 pinned count 0 reclaim candidate 0 type array 1
[2024-10-26T03:19:29.439+0530][132.164s][debug][gc,humongous      ] GC(429) Humongous region 1292 (object size 1048592 @ 0x00000000d0c00000) remset 0 code roots 0 marked 0 pinned count 0 reclaim candidate 0 type array 1
[2024-10-26T03:19:29.439+0530][132.164s][debug][gc,humongous      ] GC(429) Humongous region 1764 (object size 1048592 @ 0x00000000ee400000) remset 0 code roots 0 marked 0 pinned count 0 reclaim candidate 0 type array 1
[2024-10-26T03:19:29.439+0530][132.164s][debug][gc,humongous      ] GC(429) Humongous region 1608 (object size 1048592 @ 0x00000000e4800000) remset 0 code roots 0 marked 0 pinned count 0 reclaim candidate 0 type array 1
[2024-10-26T03:19:29.439+0530][132.164s][debug][gc,humongous      ] GC(429) Humongous region 1922 (object size 1048592 @ 0x00000000f8200000) remset 0 code roots 0 marked 0 pinned count 0 reclaim candidate 0 type array 1
[2024-10-26T03:19:29.439+0530][132.164s][debug][gc,humongous      ] GC(429) Humongous region 48 (object size 1048592 @ 0x0000000083000000) remset 0 code roots 0 marked 0 pinned count 0 reclaim candidate 0 type array 1
[2024-10-26T03:19:29.439+0530][132.164s][debug][gc,humongous      ] GC(429) Humongous region 192 (object size 1048592 @ 0x000000008c000000) remset 0 code roots 0 marked 0 pinned count 0 reclaim candidate 0 type array 1
[2024-10-26T03:19:29.439+0530][132.164s][debug][gc,humongous      ] GC(429) Humongous region 350 (object size 1048592 @ 0x0000000095e00000) remset 0 code roots 0 marked 0 pinned count 0 reclaim candidate 0 type array 1
[2024-10-26T03:19:29.439+0530][132.164s][debug][gc,humongous      ] GC(429) Humongous region 506 (object size 1048592 @ 0x000000009fa00000) remset 0 code roots 0 marked 0 pinned count 0 reclaim candidate 0 type array 1
[2024-10-26T03:19:29.439+0530][132.164s][debug][gc,humongous      ] GC(429) Humongous region 664 (object size 1048592 @ 0x00000000a9800000) remset 0 code roots 0 marked 0 pinned count 0 reclaim candidate 0 type array 1
[2024-10-26T03:19:29.440+0530][132.164s][debug][gc,humongous      ] GC(429) Humongous region 822 (object size 1048592 @ 0x00000000b3600000) remset 0 code roots 0 marked 0 pinned count 0 reclaim candidate 0 type array 1
[2024-10-26T03:19:29.440+0530][132.164s][debug][gc,humongous      ] GC(429) Humongous region 980 (object size 1048592 @ 0x00000000bd400000) remset 0 code roots 0 marked 0 pinned count 0 reclaim candidate 0 type array 1
[2024-10-26T03:19:29.440+0530][132.164s][debug][gc,humongous      ] GC(429) Humongous region 1136 (object size 1048592 @ 0x00000000c7000000) remset 0 code roots 0 marked 0 pinned count 0 reclaim candidate 0 type array 1
[2024-10-26T03:19:29.440+0530][132.164s][debug][gc,humongous      ] GC(429) Humongous region 1452 (object size 1048592 @ 0x00000000dac00000) remset 0 code roots 0 marked 0 pinned count 0 reclaim candidate 0 type array 1
[2024-10-26T03:19:29.440+0530][132.164s][debug][gc,humongous      ] GC(429) Humongous region 1294 (object size 1048592 @ 0x00000000d0e00000) remset 0 code roots 0 marked 0 pinned count 0 reclaim candidate 0 type array 1
[2024-10-26T03:19:29.440+0530][132.164s][debug][gc,humongous      ] GC(429) Humongous region 1766 (object size 1048592 @ 0x00000000ee600000) remset 0 code roots 0 marked 0 pinned count 0 reclaim candidate 0 type array 1
[2024-10-26T03:19:29.440+0530][132.164s][debug][gc,humongous      ] GC(429) Humongous region 1610 (object size 1048592 @ 0x00000000e4a00000) remset 0 code roots 0 marked 0 pinned count 0 reclaim candidate 0 type array 1
[2024-10-26T03:19:29.440+0530][132.164s][debug][gc,humongous      ] GC(429) Humongous region 1924 (object size 1048592 @ 0x00000000f8400000) remset 0 code roots 0 marked 0 pinned count 0 reclaim candidate 0 type array 1
[2024-10-26T03:19:29.440+0530][132.164s][debug][gc,humongous      ] GC(429) Humongous region 50 (object size 1048592 @ 0x0000000083200000) remset 0 code roots 0 marked 0 pinned count 0 reclaim candidate 0 type array 1
[2024-10-26T03:19:29.440+0530][132.164s][debug][gc,humongous      ] GC(429) Humongous region 194 (object size 1048592 @ 0x000000008c200000) remset 0 code roots 0 marked 0 pinned count 0 reclaim candidate 0 type array 1
[2024-10-26T03:19:29.440+0530][132.164s][debug][gc,humongous      ] GC(429) Humongous region 352 (object size 1048592 @ 0x0000000096000000) remset 0 code roots 0 marked 0 pinned count 0 reclaim candidate 0 type array 1
[2024-10-26T03:19:29.440+0530][132.165s][debug][gc,humongous      ] GC(429) Humongous region 508 (object size 1048592 @ 0x000000009fc00000) remset 0 code roots 0 marked 0 pinned count 0 reclaim candidate 0 type array 1
[2024-10-26T03:19:29.440+0530][132.165s][debug][gc,humongous      ] GC(429) Humongous region 666 (object size 1048592 @ 0x00000000a9a00000) remset 0 code roots 0 marked 0 pinned count 0 reclaim candidate 0 type array 1
[2024-10-26T03:19:29.440+0530][132.165s][debug][gc,humongous      ] GC(429) Humongous region 824 (object size 1048592 @ 0x00000000b3800000) remset 0 code roots 0 marked 0 pinned count 0 reclaim candidate 0 type array 1
[2024-10-26T03:19:29.440+0530][132.165s][debug][gc,humongous      ] GC(429) Humongous region 982 (object size 1048592 @ 0x00000000bd600000) remset 0 code roots 0 marked 0 pinned count 0 reclaim candidate 0 type array 1
[2024-10-26T03:19:29.440+0530][132.165s][debug][gc,humongous      ] GC(429) Humongous region 1138 (object size 1048592 @ 0x00000000c7200000) remset 0 code roots 0 marked 0 pinned count 0 reclaim candidate 0 type array 1
[2024-10-26T03:19:29.440+0530][132.165s][debug][gc,humongous      ] GC(429) Humongous region 1454 (object size 1048592 @ 0x00000000dae00000) remset 0 code roots 0 marked 0 pinned count 0 reclaim candidate 0 type array 1
[2024-10-26T03:19:29.440+0530][132.165s][debug][gc,humongous      ] GC(429) Humongous region 1296 (object size 1048592 @ 0x00000000d1000000) remset 0 code roots 0 marked 0 pinned count 0 reclaim candidate 0 type array 1
[2024-10-26T03:19:29.440+0530][132.165s][debug][gc,humongous      ] GC(429) Humongous region 1768 (object size 1048592 @ 0x00000000ee800000) remset 0 code roots 0 marked 0 pinned count 0 reclaim candidate 0 type array 1
[2024-10-26T03:19:29.440+0530][132.165s][debug][gc,humongous      ] GC(429) Humongous region 1612 (object size 1048592 @ 0x00000000e4c00000) remset 0 code roots 0 marked 0 pinned count 0 reclaim candidate 0 type array 1
[2024-10-26T03:19:29.440+0530][132.165s][debug][gc,humongous      ] GC(429) Humongous region 1926 (object size 1048592 @ 0x00000000f8600000) remset 0 code roots 0 marked 0 pinned count 0 reclaim candidate 0 type array 1
[2024-10-26T03:19:29.440+0530][132.165s][debug][gc,humongous      ] GC(429) Humongous region 52 (object size 1048592 @ 0x0000000083400000) remset 0 code roots 0 marked 0 pinned count 0 reclaim candidate 0 type array 1
[2024-10-26T03:19:29.440+0530][132.165s][debug][gc,humongous      ] GC(429) Humongous region 196 (object size 1048592 @ 0x000000008c400000) remset 0 code roots 0 marked 0 pinned count 0 reclaim candidate 0 type array 1
[2024-10-26T03:19:29.440+0530][132.165s][debug][gc,humongous      ] GC(429) Humongous region 354 (object size 1048592 @ 0x0000000096200000) remset 0 code roots 0 marked 0 pinned count 0 reclaim candidate 0 type array 1
[2024-10-26T03:19:29.440+0530][132.165s][debug][gc,humongous      ] GC(429) Humongous region 510 (object size 1048592 @ 0x000000009fe00000) remset 0 code roots 0 marked 0 pinned count 0 reclaim candidate 0 type array 1
[2024-10-26T03:19:29.440+0530][132.165s][debug][gc,humongous      ] GC(429) Humongous region 668 (object size 1048592 @ 0x00000000a9c00000) remset 0 code roots 0 marked 0 pinned count 0 reclaim candidate 0 type array 1
[2024-10-26T03:19:29.440+0530][132.165s][debug][gc,humongous      ] GC(429) Humongous region 826 (object size 1048592 @ 0x00000000b3a00000) remset 0 code roots 0 marked 0 pinned count 0 reclaim candidate 0 type array 1
[2024-10-26T03:19:29.440+0530][132.165s][debug][gc,humongous      ] GC(429) Humongous region 984 (object size 1048592 @ 0x00000000bd800000) remset 0 code roots 0 marked 0 pinned count 0 reclaim candidate 0 type array 1
[2024-10-26T03:19:29.440+0530][132.165s][debug][gc,humongous      ] GC(429) Humongous region 1140 (object size 1048592 @ 0x00000000c7400000) remset 0 code roots 0 marked 0 pinned count 0 reclaim candidate 0 type array 1
[2024-10-26T03:19:29.440+0530][132.165s][debug][gc,humongous      ] GC(429) Humongous region 1456 (object size 1048592 @ 0x00000000db000000) remset 0 code roots 0 marked 0 pinned count 0 reclaim candidate 0 type array 1
[2024-10-26T03:19:29.440+0530][132.165s][debug][gc,humongous      ] GC(429) Humongous region 1298 (object size 1048592 @ 0x00000000d1200000) remset 0 code roots 0 marked 0 pinned count 0 reclaim candidate 0 type array 1
[2024-10-26T03:19:29.440+0530][132.165s][debug][gc,humongous      ] GC(429) Humongous region 1770 (object size 1048592 @ 0x00000000eea00000) remset 0 code roots 0 marked 0 pinned count 0 reclaim candidate 0 type array 1
[2024-10-26T03:19:29.440+0530][132.165s][debug][gc,humongous      ] GC(429) Humongous region 1614 (object size 1048592 @ 0x00000000e4e00000) remset 0 code roots 0 marked 0 pinned count 0 reclaim candidate 0 type array 1
[2024-10-26T03:19:29.440+0530][132.165s][debug][gc,humongous      ] GC(429) Humongous region 1928 (object size 1048592 @ 0x00000000f8800000) remset 0 code roots 0 marked 0 pinned count 0 reclaim candidate 0 type array 1
[2024-10-26T03:19:29.440+0530][132.165s][debug][gc,humongous      ] GC(429) Humongous region 54 (object size 1048592 @ 0x0000000083600000) remset 0 code roots 0 marked 0 pinned count 0 reclaim candidate 0 type array 1
[2024-10-26T03:19:29.440+0530][132.165s][debug][gc,humongous      ] GC(429) Humongous region 198 (object size 1048592 @ 0x000000008c600000) remset 0 code roots 0 marked 0 pinned count 0 reclaim candidate 0 type array 1
[2024-10-26T03:19:29.440+0530][132.165s][debug][gc,humongous      ] GC(429) Humongous region 356 (object size 1048592 @ 0x0000000096400000) remset 0 code roots 0 marked 0 pinned count 0 reclaim candidate 0 type array 1
[2024-10-26T03:19:29.440+0530][132.165s][debug][gc,humongous      ] GC(429) Humongous region 512 (object size 1048592 @ 0x00000000a0000000) remset 0 code roots 0 marked 0 pinned count 0 reclaim candidate 0 type array 1
[2024-10-26T03:19:29.440+0530][132.165s][debug][gc,humongous      ] GC(429) Humongous region 670 (object size 1048592 @ 0x00000000a9e00000) remset 0 code roots 0 marked 0 pinned count 0 reclaim candidate 0 type array 1
[2024-10-26T03:19:29.440+0530][132.165s][debug][gc,humongous      ] GC(429) Humongous region 828 (object size 1048592 @ 0x00000000b3c00000) remset 0 code roots 0 marked 0 pinned count 0 reclaim candidate 0 type array 1
[2024-10-26T03:19:29.440+0530][132.165s][debug][gc,humongous      ] GC(429) Humongous region 986 (object size 1048592 @ 0x00000000bda00000) remset 0 code roots 0 marked 0 pinned count 0 reclaim candidate 0 type array 1
[2024-10-26T03:19:29.440+0530][132.165s][debug][gc,humongous      ] GC(429) Humongous region 1142 (object size 1048592 @ 0x00000000c7600000) remset 0 code roots 0 marked 0 pinned count 0 reclaim candidate 0 type array 1
[2024-10-26T03:19:29.440+0530][132.165s][debug][gc,humongous      ] GC(429) Humongous region 1458 (object size 1048592 @ 0x00000000db200000) remset 0 code roots 0 marked 0 pinned count 0 reclaim candidate 0 type array 1
[2024-10-26T03:19:29.440+0530][132.165s][debug][gc,humongous      ] GC(429) Humongous region 1300 (object size 1048592 @ 0x00000000d1400000) remset 0 code roots 0 marked 0 pinned count 0 reclaim candidate 0 type array 1
[2024-10-26T03:19:29.440+0530][132.165s][debug][gc,humongous      ] GC(429) Humongous region 1772 (object size 1048592 @ 0x00000000eec00000) remset 0 code roots 0 marked 0 pinned count 0 reclaim candidate 0 type array 1
[2024-10-26T03:19:29.440+0530][132.165s][debug][gc,humongous      ] GC(429) Humongous region 1616 (object size 1048592 @ 0x00000000e5000000) remset 0 code roots 0 marked 0 pinned count 0 reclaim candidate 0 type array 1
[2024-10-26T03:19:29.440+0530][132.165s][debug][gc,humongous      ] GC(429) Humongous region 1930 (object size 1048592 @ 0x00000000f8a00000) remset 0 code roots 0 marked 0 pinned count 0 reclaim candidate 0 type array 1
[2024-10-26T03:19:29.440+0530][132.165s][debug][gc,humongous      ] GC(429) Humongous region 56 (object size 1048592 @ 0x0000000083800000) remset 0 code roots 0 marked 0 pinned count 0 reclaim candidate 0 type array 1
[2024-10-26T03:19:29.440+0530][132.165s][debug][gc,humongous      ] GC(429) Humongous region 200 (object size 1048592 @ 0x000000008c800000) remset 0 code roots 0 marked 0 pinned count 0 reclaim candidate 0 type array 1
[2024-10-26T03:19:29.440+0530][132.165s][debug][gc,humongous      ] GC(429) Humongous region 358 (object size 1048592 @ 0x0000000096600000) remset 0 code roots 0 marked 0 pinned count 0 reclaim candidate 0 type array 1
[2024-10-26T03:19:29.440+0530][132.165s][debug][gc,humongous      ] GC(429) Humongous region 514 (object size 1048592 @ 0x00000000a0200000) remset 0 code roots 0 marked 0 pinned count 0 reclaim candidate 0 type array 1
[2024-10-26T03:19:29.440+0530][132.165s][debug][gc,humongous      ] GC(429) Humongous region 672 (object size 1048592 @ 0x00000000aa000000) remset 0 code roots 0 marked 0 pinned count 0 reclaim candidate 0 type array 1
[2024-10-26T03:19:29.440+0530][132.165s][debug][gc,humongous      ] GC(429) Humongous region 830 (object size 1048592 @ 0x00000000b3e00000) remset 0 code roots 0 marked 0 pinned count 0 reclaim candidate 0 type array 1
[2024-10-26T03:19:29.440+0530][132.165s][debug][gc,humongous      ] GC(429) Humongous region 988 (object size 1048592 @ 0x00000000bdc00000) remset 0 code roots 0 marked 0 pinned count 0 reclaim candidate 0 type array 1
[2024-10-26T03:19:29.440+0530][132.165s][debug][gc,humongous      ] GC(429) Humongous region 1144 (object size 1048592 @ 0x00000000c7800000) remset 0 code roots 0 marked 0 pinned count 0 reclaim candidate 0 type array 1
[2024-10-26T03:19:29.440+0530][132.165s][debug][gc,humongous      ] GC(429) Humongous region 1460 (object size 1048592 @ 0x00000000db400000) remset 0 code roots 0 marked 0 pinned count 0 reclaim candidate 0 type array 1
[2024-10-26T03:19:29.440+0530][132.165s][debug][gc,humongous      ] GC(429) Humongous region 1302 (object size 1048592 @ 0x00000000d1600000) remset 0 code roots 0 marked 0 pinned count 0 reclaim candidate 0 type array 1
[2024-10-26T03:19:29.440+0530][132.165s][debug][gc,humongous      ] GC(429) Humongous region 1774 (object size 1048592 @ 0x00000000eee00000) remset 0 code roots 0 marked 0 pinned count 0 reclaim candidate 0 type array 1
[2024-10-26T03:19:29.440+0530][132.165s][debug][gc,humongous      ] GC(429) Humongous region 1618 (object size 1048592 @ 0x00000000e5200000) remset 0 code roots 0 marked 0 pinned count 0 reclaim candidate 0 type array 1
[2024-10-26T03:19:29.440+0530][132.165s][debug][gc,humongous      ] GC(429) Humongous region 1932 (object size 1048592 @ 0x00000000f8c00000) remset 0 code roots 0 marked 0 pinned count 0 reclaim candidate 0 type array 1
[2024-10-26T03:19:29.440+0530][132.165s][debug][gc,humongous      ] GC(429) Humongous region 58 (object size 1048592 @ 0x0000000083a00000) remset 0 code roots 0 marked 0 pinned count 0 reclaim candidate 0 type array 1
[2024-10-26T03:19:29.440+0530][132.165s][debug][gc,humongous      ] GC(429) Humongous region 202 (object size 1048592 @ 0x000000008ca00000) remset 0 code roots 0 marked 0 pinned count 0 reclaim candidate 0 type array 1
[2024-10-26T03:19:29.440+0530][132.165s][debug][gc,humongous      ] GC(429) Humongous region 360 (object size 1048592 @ 0x0000000096800000) remset 0 code roots 0 marked 0 pinned count 0 reclaim candidate 0 type array 1
[2024-10-26T03:19:29.440+0530][132.165s][debug][gc,humongous      ] GC(429) Humongous region 516 (object size 1048592 @ 0x00000000a0400000) remset 0 code roots 0 marked 0 pinned count 0 reclaim candidate 0 type array 1
[2024-10-26T03:19:29.440+0530][132.165s][debug][gc,humongous      ] GC(429) Humongous region 674 (object size 1048592 @ 0x00000000aa200000) remset 0 code roots 0 marked 0 pinned count 0 reclaim candidate 0 type array 1
[2024-10-26T03:19:29.440+0530][132.165s][debug][gc,humongous      ] GC(429) Humongous region 832 (object size 1048592 @ 0x00000000b4000000) remset 0 code roots 0 marked 0 pinned count 0 reclaim candidate 0 type array 1
[2024-10-26T03:19:29.440+0530][132.165s][debug][gc,humongous      ] GC(429) Humongous region 990 (object size 1048592 @ 0x00000000bde00000) remset 0 code roots 0 marked 0 pinned count 0 reclaim candidate 0 type array 1
[2024-10-26T03:19:29.440+0530][132.165s][debug][gc,humongous      ] GC(429) Humongous region 1146 (object size 1048592 @ 0x00000000c7a00000) remset 0 code roots 0 marked 0 pinned count 0 reclaim candidate 0 type array 1
[2024-10-26T03:19:29.440+0530][132.165s][debug][gc,humongous      ] GC(429) Humongous region 1462 (object size 1048592 @ 0x00000000db600000) remset 0 code roots 0 marked 0 pinned count 0 reclaim candidate 0 type array 1
[2024-10-26T03:19:29.440+0530][132.165s][debug][gc,humongous      ] GC(429) Humongous region 1304 (object size 1048592 @ 0x00000000d1800000) remset 0 code roots 0 marked 0 pinned count 0 reclaim candidate 0 type array 1
[2024-10-26T03:19:29.440+0530][132.165s][debug][gc,humongous      ] GC(429) Humongous region 1776 (object size 1048592 @ 0x00000000ef000000) remset 0 code roots 0 marked 0 pinned count 0 reclaim candidate 0 type array 1
[2024-10-26T03:19:29.440+0530][132.165s][debug][gc,humongous      ] GC(429) Humongous region 1620 (object size 1048592 @ 0x00000000e5400000) remset 0 code roots 0 marked 0 pinned count 0 reclaim candidate 0 type array 1
[2024-10-26T03:19:29.440+0530][132.165s][debug][gc,humongous      ] GC(429) Humongous region 1934 (object size 1048592 @ 0x00000000f8e00000) remset 0 code roots 0 marked 0 pinned count 0 reclaim candidate 0 type array 1
[2024-10-26T03:19:29.440+0530][132.165s][debug][gc,humongous      ] GC(429) Humongous region 60 (object size 1048592 @ 0x0000000083c00000) remset 0 code roots 0 marked 0 pinned count 0 reclaim candidate 0 type array 1
[2024-10-26T03:19:29.440+0530][132.165s][debug][gc,humongous      ] GC(429) Humongous region 204 (object size 1048592 @ 0x000000008cc00000) remset 0 code roots 0 marked 0 pinned count 0 reclaim candidate 0 type array 1
[2024-10-26T03:19:29.440+0530][132.165s][debug][gc,humongous      ] GC(429) Humongous region 362 (object size 1048592 @ 0x0000000096a00000) remset 0 code roots 0 marked 0 pinned count 0 reclaim candidate 0 type array 1
[2024-10-26T03:19:29.440+0530][132.165s][debug][gc,humongous      ] GC(429) Humongous region 518 (object size 1048592 @ 0x00000000a0600000) remset 0 code roots 0 marked 0 pinned count 0 reclaim candidate 0 type array 1
[2024-10-26T03:19:29.441+0530][132.165s][debug][gc,humongous      ] GC(429) Humongous region 676 (object size 1048592 @ 0x00000000aa400000) remset 0 code roots 0 marked 0 pinned count 0 reclaim candidate 0 type array 1
[2024-10-26T03:19:29.441+0530][132.165s][debug][gc,humongous      ] GC(429) Humongous region 834 (object size 1048592 @ 0x00000000b4200000) remset 0 code roots 0 marked 0 pinned count 0 reclaim candidate 0 type array 1
[2024-10-26T03:19:29.441+0530][132.165s][debug][gc,humongous      ] GC(429) Humongous region 992 (object size 1048592 @ 0x00000000be000000) remset 0 code roots 0 marked 0 pinned count 0 reclaim candidate 0 type array 1
[2024-10-26T03:19:29.441+0530][132.165s][debug][gc,humongous      ] GC(429) Humongous region 1148 (object size 1048592 @ 0x00000000c7c00000) remset 0 code roots 0 marked 0 pinned count 0 reclaim candidate 0 type array 1
[2024-10-26T03:19:29.441+0530][132.165s][debug][gc,humongous      ] GC(429) Humongous region 1464 (object size 1048592 @ 0x00000000db800000) remset 0 code roots 0 marked 0 pinned count 0 reclaim candidate 0 type array 1
[2024-10-26T03:19:29.441+0530][132.165s][debug][gc,humongous      ] GC(429) Humongous region 1306 (object size 1048592 @ 0x00000000d1a00000) remset 0 code roots 0 marked 0 pinned count 0 reclaim candidate 0 type array 1
[2024-10-26T03:19:29.441+0530][132.165s][debug][gc,humongous      ] GC(429) Humongous region 1778 (object size 1048592 @ 0x00000000ef200000) remset 0 code roots 0 marked 0 pinned count 0 reclaim candidate 0 type array 1
[2024-10-26T03:19:29.441+0530][132.165s][debug][gc,humongous      ] GC(429) Humongous region 1622 (object size 1048592 @ 0x00000000e5600000) remset 0 code roots 0 marked 0 pinned count 0 reclaim candidate 0 type array 1
[2024-10-26T03:19:29.441+0530][132.165s][debug][gc,humongous      ] GC(429) Humongous region 1936 (object size 1048592 @ 0x00000000f9000000) remset 0 code roots 0 marked 0 pinned count 0 reclaim candidate 0 type array 1
[2024-10-26T03:19:29.441+0530][132.165s][debug][gc,humongous      ] GC(429) Humongous region 62 (object size 1048592 @ 0x0000000083e00000) remset 0 code roots 0 marked 0 pinned count 0 reclaim candidate 0 type array 1
[2024-10-26T03:19:29.441+0530][132.165s][debug][gc,humongous      ] GC(429) Humongous region 206 (object size 1048592 @ 0x000000008ce00000) remset 0 code roots 0 marked 0 pinned count 0 reclaim candidate 0 type array 1
[2024-10-26T03:19:29.441+0530][132.165s][debug][gc,humongous      ] GC(429) Humongous region 364 (object size 1048592 @ 0x0000000096c00000) remset 0 code roots 0 marked 0 pinned count 0 reclaim candidate 0 type array 1
[2024-10-26T03:19:29.441+0530][132.165s][debug][gc,humongous      ] GC(429) Humongous region 520 (object size 1048592 @ 0x00000000a0800000) remset 0 code roots 0 marked 0 pinned count 0 reclaim candidate 0 type array 1
[2024-10-26T03:19:29.441+0530][132.166s][debug][gc,humongous      ] GC(429) Humongous region 678 (object size 1048592 @ 0x00000000aa600000) remset 0 code roots 0 marked 0 pinned count 0 reclaim candidate 0 type array 1
[2024-10-26T03:19:29.441+0530][132.166s][debug][gc,humongous      ] GC(429) Humongous region 836 (object size 1048592 @ 0x00000000b4400000) remset 0 code roots 0 marked 0 pinned count 0 reclaim candidate 0 type array 1
[2024-10-26T03:19:29.441+0530][132.166s][debug][gc,humongous      ] GC(429) Humongous region 994 (object size 1048592 @ 0x00000000be200000) remset 0 code roots 0 marked 0 pinned count 0 reclaim candidate 0 type array 1
[2024-10-26T03:19:29.441+0530][132.166s][debug][gc,humongous      ] GC(429) Humongous region 1150 (object size 1048592 @ 0x00000000c7e00000) remset 0 code roots 0 marked 0 pinned count 0 reclaim candidate 0 type array 1
[2024-10-26T03:19:29.441+0530][132.166s][debug][gc,humongous      ] GC(429) Humongous region 1466 (object size 1048592 @ 0x00000000dba00000) remset 0 code roots 0 marked 0 pinned count 0 reclaim candidate 0 type array 1
[2024-10-26T03:19:29.441+0530][132.166s][debug][gc,humongous      ] GC(429) Humongous region 1308 (object size 1048592 @ 0x00000000d1c00000) remset 0 code roots 0 marked 0 pinned count 0 reclaim candidate 0 type array 1
[2024-10-26T03:19:29.441+0530][132.166s][debug][gc,humongous      ] GC(429) Humongous region 1780 (object size 1048592 @ 0x00000000ef400000) remset 0 code roots 0 marked 0 pinned count 0 reclaim candidate 0 type array 1
[2024-10-26T03:19:29.441+0530][132.166s][debug][gc,humongous      ] GC(429) Humongous region 1624 (object size 1048592 @ 0x00000000e5800000) remset 0 code roots 0 marked 0 pinned count 0 reclaim candidate 0 type array 1
[2024-10-26T03:19:29.441+0530][132.166s][debug][gc,humongous      ] GC(429) Humongous region 1938 (object size 1048592 @ 0x00000000f9200000) remset 0 code roots 0 marked 0 pinned count 0 reclaim candidate 0 type array 1
[2024-10-26T03:19:29.441+0530][132.166s][debug][gc,humongous      ] GC(429) Humongous region 64 (object size 1048592 @ 0x0000000084000000) remset 0 code roots 0 marked 0 pinned count 0 reclaim candidate 0 type array 1
[2024-10-26T03:19:29.441+0530][132.166s][debug][gc,humongous      ] GC(429) Humongous region 208 (object size 1048592 @ 0x000000008d000000) remset 0 code roots 0 marked 0 pinned count 0 reclaim candidate 0 type array 1
[2024-10-26T03:19:29.441+0530][132.166s][debug][gc,humongous      ] GC(429) Humongous region 366 (object size 1048592 @ 0x0000000096e00000) remset 0 code roots 0 marked 0 pinned count 0 reclaim candidate 0 type array 1
[2024-10-26T03:19:29.441+0530][132.166s][debug][gc,humongous      ] GC(429) Humongous region 522 (object size 1048592 @ 0x00000000a0a00000) remset 0 code roots 0 marked 0 pinned count 0 reclaim candidate 0 type array 1
[2024-10-26T03:19:29.441+0530][132.166s][debug][gc,humongous      ] GC(429) Humongous region 680 (object size 1048592 @ 0x00000000aa800000) remset 0 code roots 0 marked 0 pinned count 0 reclaim candidate 0 type array 1
[2024-10-26T03:19:29.441+0530][132.166s][debug][gc,humongous      ] GC(429) Humongous region 838 (object size 1048592 @ 0x00000000b4600000) remset 0 code roots 0 marked 0 pinned count 0 reclaim candidate 0 type array 1
[2024-10-26T03:19:29.441+0530][132.166s][debug][gc,humongous      ] GC(429) Humongous region 996 (object size 1048592 @ 0x00000000be400000) remset 0 code roots 0 marked 0 pinned count 0 reclaim candidate 0 type array 1
[2024-10-26T03:19:29.441+0530][132.166s][debug][gc,humongous      ] GC(429) Humongous region 1152 (object size 1048592 @ 0x00000000c8000000) remset 0 code roots 0 marked 0 pinned count 0 reclaim candidate 0 type array 1
[2024-10-26T03:19:29.441+0530][132.166s][debug][gc,humongous      ] GC(429) Humongous region 1468 (object size 1048592 @ 0x00000000dbc00000) remset 0 code roots 0 marked 0 pinned count 0 reclaim candidate 0 type array 1
[2024-10-26T03:19:29.441+0530][132.166s][debug][gc,humongous      ] GC(429) Humongous region 1310 (object size 1048592 @ 0x00000000d1e00000) remset 0 code roots 0 marked 0 pinned count 0 reclaim candidate 0 type array 1
[2024-10-26T03:19:29.441+0530][132.166s][debug][gc,humongous      ] GC(429) Humongous region 1782 (object size 1048592 @ 0x00000000ef600000) remset 0 code roots 0 marked 0 pinned count 0 reclaim candidate 0 type array 1
[2024-10-26T03:19:29.441+0530][132.166s][debug][gc,humongous      ] GC(429) Humongous region 1626 (object size 1048592 @ 0x00000000e5a00000) remset 0 code roots 0 marked 0 pinned count 0 reclaim candidate 0 type array 1
[2024-10-26T03:19:29.441+0530][132.166s][debug][gc,humongous      ] GC(429) Humongous region 1940 (object size 1048592 @ 0x00000000f9400000) remset 0 code roots 0 marked 0 pinned count 0 reclaim candidate 0 type array 1
[2024-10-26T03:19:29.441+0530][132.166s][debug][gc,humongous      ] GC(429) Humongous region 66 (object size 1048592 @ 0x0000000084200000) remset 0 code roots 0 marked 0 pinned count 0 reclaim candidate 0 type array 1
[2024-10-26T03:19:29.441+0530][132.166s][debug][gc,humongous      ] GC(429) Humongous region 210 (object size 1048592 @ 0x000000008d200000) remset 0 code roots 0 marked 0 pinned count 0 reclaim candidate 0 type array 1
[2024-10-26T03:19:29.441+0530][132.166s][debug][gc,humongous      ] GC(429) Humongous region 368 (object size 1048592 @ 0x0000000097000000) remset 0 code roots 0 marked 0 pinned count 0 reclaim candidate 0 type array 1
[2024-10-26T03:19:29.441+0530][132.166s][debug][gc,humongous      ] GC(429) Humongous region 524 (object size 1048592 @ 0x00000000a0c00000) remset 0 code roots 0 marked 0 pinned count 0 reclaim candidate 0 type array 1
[2024-10-26T03:19:29.441+0530][132.166s][debug][gc,humongous      ] GC(429) Humongous region 682 (object size 1048592 @ 0x00000000aaa00000) remset 0 code roots 0 marked 0 pinned count 0 reclaim candidate 0 type array 1
[2024-10-26T03:19:29.441+0530][132.166s][debug][gc,humongous      ] GC(429) Humongous region 840 (object size 1048592 @ 0x00000000b4800000) remset 0 code roots 0 marked 0 pinned count 0 reclaim candidate 0 type array 1
[2024-10-26T03:19:29.441+0530][132.166s][debug][gc,humongous      ] GC(429) Humongous region 998 (object size 1048592 @ 0x00000000be600000) remset 0 code roots 0 marked 0 pinned count 0 reclaim candidate 0 type array 1
[2024-10-26T03:19:29.441+0530][132.166s][debug][gc,humongous      ] GC(429) Humongous region 1154 (object size 1048592 @ 0x00000000c8200000) remset 0 code roots 0 marked 0 pinned count 0 reclaim candidate 0 type array 1
[2024-10-26T03:19:29.441+0530][132.166s][debug][gc,humongous      ] GC(429) Humongous region 1470 (object size 1048592 @ 0x00000000dbe00000) remset 0 code roots 0 marked 0 pinned count 0 reclaim candidate 0 type array 1
[2024-10-26T03:19:29.441+0530][132.166s][debug][gc,humongous      ] GC(429) Humongous region 1312 (object size 1048592 @ 0x00000000d2000000) remset 0 code roots 0 marked 0 pinned count 0 reclaim candidate 0 type array 1
[2024-10-26T03:19:29.441+0530][132.166s][debug][gc,humongous      ] GC(429) Humongous region 1784 (object size 1048592 @ 0x00000000ef800000) remset 0 code roots 0 marked 0 pinned count 0 reclaim candidate 0 type array 1
[2024-10-26T03:19:29.441+0530][132.166s][debug][gc,humongous      ] GC(429) Humongous region 1628 (object size 1048592 @ 0x00000000e5c00000) remset 0 code roots 0 marked 0 pinned count 0 reclaim candidate 0 type array 1
[2024-10-26T03:19:29.441+0530][132.166s][debug][gc,humongous      ] GC(429) Humongous region 1942 (object size 1048592 @ 0x00000000f9600000) remset 0 code roots 0 marked 0 pinned count 0 reclaim candidate 0 type array 1
[2024-10-26T03:19:29.441+0530][132.166s][debug][gc,humongous      ] GC(429) Humongous region 68 (object size 1048592 @ 0x0000000084400000) remset 0 code roots 0 marked 0 pinned count 0 reclaim candidate 0 type array 1
[2024-10-26T03:19:29.441+0530][132.166s][debug][gc,humongous      ] GC(429) Humongous region 212 (object size 1048592 @ 0x000000008d400000) remset 0 code roots 0 marked 0 pinned count 0 reclaim candidate 0 type array 1
[2024-10-26T03:19:29.441+0530][132.166s][debug][gc,humongous      ] GC(429) Humongous region 370 (object size 1048592 @ 0x0000000097200000) remset 0 code roots 0 marked 0 pinned count 0 reclaim candidate 0 type array 1
[2024-10-26T03:19:29.441+0530][132.166s][debug][gc,humongous      ] GC(429) Humongous region 526 (object size 1048592 @ 0x00000000a0e00000) remset 0 code roots 0 marked 0 pinned count 0 reclaim candidate 0 type array 1
[2024-10-26T03:19:29.441+0530][132.166s][debug][gc,humongous      ] GC(429) Humongous region 684 (object size 1048592 @ 0x00000000aac00000) remset 0 code roots 0 marked 0 pinned count 0 reclaim candidate 0 type array 1
[2024-10-26T03:19:29.441+0530][132.166s][debug][gc,humongous      ] GC(429) Humongous region 842 (object size 1048592 @ 0x00000000b4a00000) remset 0 code roots 0 marked 0 pinned count 0 reclaim candidate 0 type array 1
[2024-10-26T03:19:29.441+0530][132.166s][debug][gc,humongous      ] GC(429) Humongous region 1000 (object size 1048592 @ 0x00000000be800000) remset 0 code roots 0 marked 0 pinned count 0 reclaim candidate 0 type array 1
[2024-10-26T03:19:29.441+0530][132.166s][debug][gc,humongous      ] GC(429) Humongous region 1156 (object size 1048592 @ 0x00000000c8400000) remset 0 code roots 0 marked 0 pinned count 0 reclaim candidate 0 type array 1
[2024-10-26T03:19:29.441+0530][132.166s][debug][gc,humongous      ] GC(429) Humongous region 1472 (object size 1048592 @ 0x00000000dc000000) remset 0 code roots 0 marked 0 pinned count 0 reclaim candidate 0 type array 1
[2024-10-26T03:19:29.441+0530][132.166s][debug][gc,humongous      ] GC(429) Humongous region 1314 (object size 1048592 @ 0x00000000d2200000) remset 0 code roots 0 marked 0 pinned count 0 reclaim candidate 0 type array 1
[2024-10-26T03:19:29.441+0530][132.166s][debug][gc,humongous      ] GC(429) Humongous region 1786 (object size 1048592 @ 0x00000000efa00000) remset 0 code roots 0 marked 0 pinned count 0 reclaim candidate 0 type array 1
[2024-10-26T03:19:29.441+0530][132.166s][debug][gc,humongous      ] GC(429) Humongous region 1630 (object size 1048592 @ 0x00000000e5e00000) remset 0 code roots 0 marked 0 pinned count 0 reclaim candidate 0 type array 1
[2024-10-26T03:19:29.441+0530][132.166s][debug][gc,humongous      ] GC(429) Humongous region 1944 (object size 1048592 @ 0x00000000f9800000) remset 0 code roots 0 marked 0 pinned count 0 reclaim candidate 0 type array 1
[2024-10-26T03:19:29.441+0530][132.166s][debug][gc,humongous      ] GC(429) Humongous region 70 (object size 1048592 @ 0x0000000084600000) remset 0 code roots 0 marked 0 pinned count 0 reclaim candidate 0 type array 1
[2024-10-26T03:19:29.441+0530][132.166s][debug][gc,humongous      ] GC(429) Humongous region 214 (object size 1048592 @ 0x000000008d600000) remset 0 code roots 0 marked 0 pinned count 0 reclaim candidate 0 type array 1
[2024-10-26T03:19:29.441+0530][132.166s][debug][gc,humongous      ] GC(429) Humongous region 372 (object size 1048592 @ 0x0000000097400000) remset 0 code roots 0 marked 0 pinned count 0 reclaim candidate 0 type array 1
[2024-10-26T03:19:29.441+0530][132.166s][debug][gc,humongous      ] GC(429) Humongous region 528 (object size 1048592 @ 0x00000000a1000000) remset 0 code roots 0 marked 0 pinned count 0 reclaim candidate 0 type array 1
[2024-10-26T03:19:29.441+0530][132.166s][debug][gc,humongous      ] GC(429) Humongous region 686 (object size 1048592 @ 0x00000000aae00000) remset 0 code roots 0 marked 0 pinned count 0 reclaim candidate 0 type array 1
[2024-10-26T03:19:29.441+0530][132.166s][debug][gc,humongous      ] GC(429) Humongous region 844 (object size 1048592 @ 0x00000000b4c00000) remset 0 code roots 0 marked 0 pinned count 0 reclaim candidate 0 type array 1
[2024-10-26T03:19:29.441+0530][132.166s][debug][gc,humongous      ] GC(429) Humongous region 1002 (object size 1048592 @ 0x00000000bea00000) remset 0 code roots 0 marked 0 pinned count 0 reclaim candidate 0 type array 1
[2024-10-26T03:19:29.441+0530][132.166s][debug][gc,humongous      ] GC(429) Humongous region 1158 (object size 1048592 @ 0x00000000c8600000) remset 0 code roots 0 marked 0 pinned count 0 reclaim candidate 0 type array 1
[2024-10-26T03:19:29.441+0530][132.166s][debug][gc,humongous      ] GC(429) Humongous region 1474 (object size 1048592 @ 0x00000000dc200000) remset 0 code roots 0 marked 0 pinned count 0 reclaim candidate 0 type array 1
[2024-10-26T03:19:29.441+0530][132.166s][debug][gc,humongous      ] GC(429) Humongous region 1316 (object size 1048592 @ 0x00000000d2400000) remset 0 code roots 0 marked 0 pinned count 0 reclaim candidate 0 type array 1
[2024-10-26T03:19:29.441+0530][132.166s][debug][gc,humongous      ] GC(429) Humongous region 1788 (object size 1048592 @ 0x00000000efc00000) remset 0 code roots 0 marked 0 pinned count 0 reclaim candidate 0 type array 1
[2024-10-26T03:19:29.441+0530][132.166s][debug][gc,humongous      ] GC(429) Humongous region 1632 (object size 1048592 @ 0x00000000e6000000) remset 0 code roots 0 marked 0 pinned count 0 reclaim candidate 0 type array 1
[2024-10-26T03:19:29.441+0530][132.166s][debug][gc,humongous      ] GC(429) Humongous region 1946 (object size 1048592 @ 0x00000000f9a00000) remset 0 code roots 0 marked 0 pinned count 0 reclaim candidate 0 type array 1
[2024-10-26T03:19:29.441+0530][132.166s][debug][gc,humongous      ] GC(429) Humongous region 72 (object size 1048592 @ 0x0000000084800000) remset 0 code roots 0 marked 0 pinned count 0 reclaim candidate 0 type array 1
[2024-10-26T03:19:29.441+0530][132.166s][debug][gc,humongous      ] GC(429) Humongous region 216 (object size 1048592 @ 0x000000008d800000) remset 0 code roots 0 marked 0 pinned count 0 reclaim candidate 0 type array 1
[2024-10-26T03:19:29.441+0530][132.166s][debug][gc,humongous      ] GC(429) Humongous region 374 (object size 1048592 @ 0x0000000097600000) remset 0 code roots 0 marked 0 pinned count 0 reclaim candidate 0 type array 1
[2024-10-26T03:19:29.441+0530][132.166s][debug][gc,humongous      ] GC(429) Humongous region 530 (object size 1048592 @ 0x00000000a1200000) remset 0 code roots 0 marked 0 pinned count 0 reclaim candidate 0 type array 1
[2024-10-26T03:19:29.442+0530][132.166s][debug][gc,humongous      ] GC(429) Humongous region 688 (object size 1048592 @ 0x00000000ab000000) remset 0 code roots 0 marked 0 pinned count 0 reclaim candidate 0 type array 1
[2024-10-26T03:19:29.442+0530][132.166s][debug][gc,humongous      ] GC(429) Humongous region 846 (object size 1048592 @ 0x00000000b4e00000) remset 0 code roots 0 marked 0 pinned count 0 reclaim candidate 0 type array 1
[2024-10-26T03:19:29.442+0530][132.166s][debug][gc,humongous      ] GC(429) Humongous region 1004 (object size 1048592 @ 0x00000000bec00000) remset 0 code roots 0 marked 0 pinned count 0 reclaim candidate 0 type array 1
[2024-10-26T03:19:29.442+0530][132.166s][debug][gc,humongous      ] GC(429) Humongous region 1160 (object size 1048592 @ 0x00000000c8800000) remset 0 code roots 0 marked 0 pinned count 0 reclaim candidate 0 type array 1
[2024-10-26T03:19:29.442+0530][132.166s][debug][gc,humongous      ] GC(429) Humongous region 1476 (object size 1048592 @ 0x00000000dc400000) remset 0 code roots 0 marked 0 pinned count 0 reclaim candidate 0 type array 1
[2024-10-26T03:19:29.442+0530][132.166s][debug][gc,humongous      ] GC(429) Humongous region 1318 (object size 1048592 @ 0x00000000d2600000) remset 0 code roots 0 marked 0 pinned count 0 reclaim candidate 0 type array 1
[2024-10-26T03:19:29.442+0530][132.166s][debug][gc,humongous      ] GC(429) Humongous region 1790 (object size 1048592 @ 0x00000000efe00000) remset 0 code roots 0 marked 0 pinned count 0 reclaim candidate 0 type array 1
[2024-10-26T03:19:29.442+0530][132.166s][debug][gc,humongous      ] GC(429) Humongous region 1634 (object size 1048592 @ 0x00000000e6200000) remset 0 code roots 0 marked 0 pinned count 0 reclaim candidate 0 type array 1
[2024-10-26T03:19:29.442+0530][132.166s][debug][gc,humongous      ] GC(429) Humongous region 1948 (object size 1048592 @ 0x00000000f9c00000) remset 0 code roots 0 marked 0 pinned count 0 reclaim candidate 0 type array 1
[2024-10-26T03:19:29.442+0530][132.166s][debug][gc,humongous      ] GC(429) Humongous region 74 (object size 1048592 @ 0x0000000084a00000) remset 0 code roots 0 marked 0 pinned count 0 reclaim candidate 0 type array 1
[2024-10-26T03:19:29.442+0530][132.166s][debug][gc,humongous      ] GC(429) Humongous region 218 (object size 1048592 @ 0x000000008da00000) remset 0 code roots 0 marked 0 pinned count 0 reclaim candidate 0 type array 1
[2024-10-26T03:19:29.442+0530][132.166s][debug][gc,humongous      ] GC(429) Humongous region 376 (object size 1048592 @ 0x0000000097800000) remset 0 code roots 0 marked 0 pinned count 0 reclaim candidate 0 type array 1
[2024-10-26T03:19:29.442+0530][132.166s][debug][gc,humongous      ] GC(429) Humongous region 532 (object size 1048592 @ 0x00000000a1400000) remset 0 code roots 0 marked 0 pinned count 0 reclaim candidate 0 type array 1
[2024-10-26T03:19:29.442+0530][132.166s][debug][gc,humongous      ] GC(429) Humongous region 690 (object size 1048592 @ 0x00000000ab200000) remset 0 code roots 0 marked 0 pinned count 0 reclaim candidate 0 type array 1
[2024-10-26T03:19:29.442+0530][132.167s][debug][gc,humongous      ] GC(429) Humongous region 848 (object size 1048592 @ 0x00000000b5000000) remset 0 code roots 0 marked 0 pinned count 0 reclaim candidate 0 type array 1
[2024-10-26T03:19:29.442+0530][132.167s][debug][gc,humongous      ] GC(429) Humongous region 1006 (object size 1048592 @ 0x00000000bee00000) remset 0 code roots 0 marked 0 pinned count 0 reclaim candidate 0 type array 1
[2024-10-26T03:19:29.442+0530][132.167s][debug][gc,humongous      ] GC(429) Humongous region 1162 (object size 1048592 @ 0x00000000c8a00000) remset 0 code roots 0 marked 0 pinned count 0 reclaim candidate 0 type array 1
[2024-10-26T03:19:29.442+0530][132.167s][debug][gc,humongous      ] GC(429) Humongous region 1478 (object size 1048592 @ 0x00000000dc600000) remset 0 code roots 0 marked 0 pinned count 0 reclaim candidate 0 type array 1
[2024-10-26T03:19:29.442+0530][132.167s][debug][gc,humongous      ] GC(429) Humongous region 1320 (object size 1048592 @ 0x00000000d2800000) remset 0 code roots 0 marked 0 pinned count 0 reclaim candidate 0 type array 1
[2024-10-26T03:19:29.442+0530][132.167s][debug][gc,humongous      ] GC(429) Humongous region 1792 (object size 1048592 @ 0x00000000f0000000) remset 0 code roots 0 marked 0 pinned count 0 reclaim candidate 0 type array 1
[2024-10-26T03:19:29.442+0530][132.167s][debug][gc,humongous      ] GC(429) Humongous region 1636 (object size 1048592 @ 0x00000000e6400000) remset 0 code roots 0 marked 0 pinned count 0 reclaim candidate 0 type array 1
[2024-10-26T03:19:29.442+0530][132.167s][debug][gc,humongous      ] GC(429) Humongous region 1950 (object size 1048592 @ 0x00000000f9e00000) remset 0 code roots 0 marked 0 pinned count 0 reclaim candidate 0 type array 1
[2024-10-26T03:19:29.442+0530][132.167s][debug][gc,humongous      ] GC(429) Humongous region 76 (object size 1048592 @ 0x0000000084c00000) remset 0 code roots 0 marked 0 pinned count 0 reclaim candidate 0 type array 1
[2024-10-26T03:19:29.442+0530][132.167s][debug][gc,humongous      ] GC(429) Humongous region 220 (object size 1048592 @ 0x000000008dc00000) remset 0 code roots 0 marked 0 pinned count 0 reclaim candidate 0 type array 1
[2024-10-26T03:19:29.442+0530][132.167s][debug][gc,humongous      ] GC(429) Humongous region 378 (object size 1048592 @ 0x0000000097a00000) remset 0 code roots 0 marked 0 pinned count 0 reclaim candidate 0 type array 1
[2024-10-26T03:19:29.442+0530][132.167s][debug][gc,humongous      ] GC(429) Humongous region 534 (object size 1048592 @ 0x00000000a1600000) remset 0 code roots 0 marked 0 pinned count 0 reclaim candidate 0 type array 1
[2024-10-26T03:19:29.442+0530][132.167s][debug][gc,humongous      ] GC(429) Humongous region 692 (object size 1048592 @ 0x00000000ab400000) remset 0 code roots 0 marked 0 pinned count 0 reclaim candidate 0 type array 1
[2024-10-26T03:19:29.442+0530][132.167s][debug][gc,humongous      ] GC(429) Humongous region 850 (object size 1048592 @ 0x00000000b5200000) remset 0 code roots 0 marked 0 pinned count 0 reclaim candidate 0 type array 1
[2024-10-26T03:19:29.442+0530][132.167s][debug][gc,humongous      ] GC(429) Humongous region 1008 (object size 1048592 @ 0x00000000bf000000) remset 0 code roots 0 marked 0 pinned count 0 reclaim candidate 0 type array 1
[2024-10-26T03:19:29.442+0530][132.167s][debug][gc,humongous      ] GC(429) Humongous region 1164 (object size 1048592 @ 0x00000000c8c00000) remset 0 code roots 0 marked 0 pinned count 0 reclaim candidate 0 type array 1
[2024-10-26T03:19:29.442+0530][132.167s][debug][gc,humongous      ] GC(429) Humongous region 1480 (object size 1048592 @ 0x00000000dc800000) remset 0 code roots 0 marked 0 pinned count 0 reclaim candidate 0 type array 1
[2024-10-26T03:19:29.442+0530][132.167s][debug][gc,humongous      ] GC(429) Humongous region 1322 (object size 1048592 @ 0x00000000d2a00000) remset 0 code roots 0 marked 0 pinned count 0 reclaim candidate 0 type array 1
[2024-10-26T03:19:29.442+0530][132.167s][debug][gc,humongous      ] GC(429) Humongous region 1794 (object size 1048592 @ 0x00000000f0200000) remset 0 code roots 0 marked 0 pinned count 0 reclaim candidate 0 type array 1
[2024-10-26T03:19:29.442+0530][132.167s][debug][gc,humongous      ] GC(429) Humongous region 1638 (object size 1048592 @ 0x00000000e6600000) remset 0 code roots 0 marked 0 pinned count 0 reclaim candidate 0 type array 1
[2024-10-26T03:19:29.442+0530][132.167s][debug][gc,humongous      ] GC(429) Humongous region 1952 (object size 1048592 @ 0x00000000fa000000) remset 0 code roots 0 marked 0 pinned count 0 reclaim candidate 0 type array 1
[2024-10-26T03:19:29.442+0530][132.167s][debug][gc,humongous      ] GC(429) Humongous region 78 (object size 1048592 @ 0x0000000084e00000) remset 0 code roots 0 marked 0 pinned count 0 reclaim candidate 0 type array 1
[2024-10-26T03:19:29.442+0530][132.167s][debug][gc,humongous      ] GC(429) Humongous region 222 (object size 1048592 @ 0x000000008de00000) remset 0 code roots 0 marked 0 pinned count 0 reclaim candidate 0 type array 1
[2024-10-26T03:19:29.442+0530][132.167s][debug][gc,humongous      ] GC(429) Humongous region 380 (object size 1048592 @ 0x0000000097c00000) remset 0 code roots 0 marked 0 pinned count 0 reclaim candidate 0 type array 1
[2024-10-26T03:19:29.442+0530][132.167s][debug][gc,humongous      ] GC(429) Humongous region 536 (object size 1048592 @ 0x00000000a1800000) remset 0 code roots 0 marked 0 pinned count 0 reclaim candidate 0 type array 1
[2024-10-26T03:19:29.442+0530][132.167s][debug][gc,humongous      ] GC(429) Humongous region 694 (object size 1048592 @ 0x00000000ab600000) remset 0 code roots 0 marked 0 pinned count 0 reclaim candidate 0 type array 1
[2024-10-26T03:19:29.442+0530][132.167s][debug][gc,humongous      ] GC(429) Humongous region 852 (object size 1048592 @ 0x00000000b5400000) remset 0 code roots 0 marked 0 pinned count 0 reclaim candidate 0 type array 1
[2024-10-26T03:19:29.442+0530][132.167s][debug][gc,humongous      ] GC(429) Humongous region 1010 (object size 1048592 @ 0x00000000bf200000) remset 0 code roots 0 marked 0 pinned count 0 reclaim candidate 0 type array 1
[2024-10-26T03:19:29.442+0530][132.167s][debug][gc,humongous      ] GC(429) Humongous region 1166 (object size 1048592 @ 0x00000000c8e00000) remset 0 code roots 0 marked 0 pinned count 0 reclaim candidate 0 type array 1
[2024-10-26T03:19:29.442+0530][132.167s][debug][gc,humongous      ] GC(429) Humongous region 1482 (object size 1048592 @ 0x00000000dca00000) remset 0 code roots 0 marked 0 pinned count 0 reclaim candidate 0 type array 1
[2024-10-26T03:19:29.442+0530][132.167s][debug][gc,humongous      ] GC(429) Humongous region 1324 (object size 1048592 @ 0x00000000d2c00000) remset 0 code roots 0 marked 0 pinned count 0 reclaim candidate 0 type array 1
[2024-10-26T03:19:29.442+0530][132.167s][debug][gc,humongous      ] GC(429) Humongous region 1796 (object size 1048592 @ 0x00000000f0400000) remset 0 code roots 0 marked 0 pinned count 0 reclaim candidate 0 type array 1
[2024-10-26T03:19:29.442+0530][132.167s][debug][gc,humongous      ] GC(429) Humongous region 1640 (object size 1048592 @ 0x00000000e6800000) remset 0 code roots 0 marked 0 pinned count 0 reclaim candidate 0 type array 1
[2024-10-26T03:19:29.442+0530][132.167s][debug][gc,humongous      ] GC(429) Humongous region 1954 (object size 1048592 @ 0x00000000fa200000) remset 0 code roots 0 marked 0 pinned count 0 reclaim candidate 0 type array 1
[2024-10-26T03:19:29.442+0530][132.167s][debug][gc,humongous      ] GC(429) Humongous region 80 (object size 1048592 @ 0x0000000085000000) remset 0 code roots 0 marked 0 pinned count 0 reclaim candidate 0 type array 1
[2024-10-26T03:19:29.442+0530][132.167s][debug][gc,humongous      ] GC(429) Humongous region 224 (object size 1048592 @ 0x000000008e000000) remset 0 code roots 0 marked 0 pinned count 0 reclaim candidate 0 type array 1
[2024-10-26T03:19:29.442+0530][132.167s][debug][gc,humongous      ] GC(429) Humongous region 382 (object size 1048592 @ 0x0000000097e00000) remset 0 code roots 0 marked 0 pinned count 0 reclaim candidate 0 type array 1
[2024-10-26T03:19:29.442+0530][132.167s][debug][gc,humongous      ] GC(429) Humongous region 538 (object size 1048592 @ 0x00000000a1a00000) remset 0 code roots 0 marked 0 pinned count 0 reclaim candidate 0 type array 1
[2024-10-26T03:19:29.442+0530][132.167s][debug][gc,humongous      ] GC(429) Humongous region 696 (object size 1048592 @ 0x00000000ab800000) remset 0 code roots 0 marked 0 pinned count 0 reclaim candidate 0 type array 1
[2024-10-26T03:19:29.442+0530][132.167s][debug][gc,humongous      ] GC(429) Humongous region 854 (object size 1048592 @ 0x00000000b5600000) remset 0 code roots 0 marked 0 pinned count 0 reclaim candidate 0 type array 1
[2024-10-26T03:19:29.442+0530][132.167s][debug][gc,humongous      ] GC(429) Humongous region 1012 (object size 1048592 @ 0x00000000bf400000) remset 0 code roots 0 marked 0 pinned count 0 reclaim candidate 0 type array 1
[2024-10-26T03:19:29.442+0530][132.167s][debug][gc,humongous      ] GC(429) Humongous region 1168 (object size 1048592 @ 0x00000000c9000000) remset 0 code roots 0 marked 0 pinned count 0 reclaim candidate 0 type array 1
[2024-10-26T03:19:29.442+0530][132.167s][debug][gc,humongous      ] GC(429) Humongous region 1484 (object size 1048592 @ 0x00000000dcc00000) remset 0 code roots 0 marked 0 pinned count 0 reclaim candidate 0 type array 1
[2024-10-26T03:19:29.442+0530][132.167s][debug][gc,humongous      ] GC(429) Humongous region 1326 (object size 1048592 @ 0x00000000d2e00000) remset 0 code roots 0 marked 0 pinned count 0 reclaim candidate 0 type array 1
[2024-10-26T03:19:29.442+0530][132.167s][debug][gc,humongous      ] GC(429) Humongous region 1798 (object size 1048592 @ 0x00000000f0600000) remset 0 code roots 0 marked 0 pinned count 0 reclaim candidate 0 type array 1
[2024-10-26T03:19:29.442+0530][132.167s][debug][gc,humongous      ] GC(429) Humongous region 1642 (object size 1048592 @ 0x00000000e6a00000) remset 0 code roots 0 marked 0 pinned count 0 reclaim candidate 0 type array 1
[2024-10-26T03:19:29.442+0530][132.167s][debug][gc,humongous      ] GC(429) Humongous region 1956 (object size 1048592 @ 0x00000000fa400000) remset 0 code roots 0 marked 0 pinned count 0 reclaim candidate 0 type array 1
[2024-10-26T03:19:29.442+0530][132.167s][debug][gc,humongous      ] GC(429) Humongous region 82 (object size 1048592 @ 0x0000000085200000) remset 0 code roots 0 marked 0 pinned count 0 reclaim candidate 0 type array 1
[2024-10-26T03:19:29.442+0530][132.167s][debug][gc,humongous      ] GC(429) Humongous region 226 (object size 1048592 @ 0x000000008e200000) remset 0 code roots 0 marked 0 pinned count 0 reclaim candidate 0 type array 1
[2024-10-26T03:19:29.442+0530][132.167s][debug][gc,humongous      ] GC(429) Humongous region 384 (object size 1048592 @ 0x0000000098000000) remset 0 code roots 0 marked 0 pinned count 0 reclaim candidate 0 type array 1
[2024-10-26T03:19:29.442+0530][132.167s][debug][gc,humongous      ] GC(429) Humongous region 540 (object size 1048592 @ 0x00000000a1c00000) remset 0 code roots 0 marked 0 pinned count 0 reclaim candidate 0 type array 1
[2024-10-26T03:19:29.442+0530][132.167s][debug][gc,humongous      ] GC(429) Humongous region 698 (object size 1048592 @ 0x00000000aba00000) remset 0 code roots 0 marked 0 pinned count 0 reclaim candidate 0 type array 1
[2024-10-26T03:19:29.442+0530][132.167s][debug][gc,humongous      ] GC(429) Humongous region 856 (object size 1048592 @ 0x00000000b5800000) remset 0 code roots 0 marked 0 pinned count 0 reclaim candidate 0 type array 1
[2024-10-26T03:19:29.442+0530][132.167s][debug][gc,humongous      ] GC(429) Humongous region 1014 (object size 1048592 @ 0x00000000bf600000) remset 0 code roots 0 marked 0 pinned count 0 reclaim candidate 0 type array 1
[2024-10-26T03:19:29.442+0530][132.167s][debug][gc,humongous      ] GC(429) Humongous region 1170 (object size 1048592 @ 0x00000000c9200000) remset 0 code roots 0 marked 0 pinned count 0 reclaim candidate 0 type array 1
[2024-10-26T03:19:29.442+0530][132.167s][debug][gc,humongous      ] GC(429) Humongous region 1486 (object size 1048592 @ 0x00000000dce00000) remset 0 code roots 0 marked 0 pinned count 0 reclaim candidate 0 type array 1
[2024-10-26T03:19:29.442+0530][132.167s][debug][gc,humongous      ] GC(429) Humongous region 1328 (object size 1048592 @ 0x00000000d3000000) remset 0 code roots 0 marked 0 pinned count 0 reclaim candidate 0 type array 1
[2024-10-26T03:19:29.442+0530][132.167s][debug][gc,humongous      ] GC(429) Humongous region 1800 (object size 1048592 @ 0x00000000f0800000) remset 0 code roots 0 marked 0 pinned count 0 reclaim candidate 0 type array 1
[2024-10-26T03:19:29.442+0530][132.167s][debug][gc,humongous      ] GC(429) Humongous region 1644 (object size 1048592 @ 0x00000000e6c00000) remset 0 code roots 0 marked 0 pinned count 0 reclaim candidate 0 type array 1
[2024-10-26T03:19:29.442+0530][132.167s][debug][gc,humongous      ] GC(429) Humongous region 1958 (object size 1048592 @ 0x00000000fa600000) remset 0 code roots 0 marked 0 pinned count 0 reclaim candidate 0 type array 1
[2024-10-26T03:19:29.442+0530][132.167s][debug][gc,humongous      ] GC(429) Humongous region 84 (object size 1048592 @ 0x0000000085400000) remset 0 code roots 0 marked 0 pinned count 0 reclaim candidate 0 type array 1
[2024-10-26T03:19:29.442+0530][132.167s][debug][gc,humongous      ] GC(429) Humongous region 228 (object size 1048592 @ 0x000000008e400000) remset 0 code roots 0 marked 0 pinned count 0 reclaim candidate 0 type array 1
[2024-10-26T03:19:29.442+0530][132.167s][debug][gc,humongous      ] GC(429) Humongous region 386 (object size 1048592 @ 0x0000000098200000) remset 0 code roots 0 marked 0 pinned count 0 reclaim candidate 0 type array 1
[2024-10-26T03:19:29.442+0530][132.167s][debug][gc,humongous      ] GC(429) Humongous region 542 (object size 1048592 @ 0x00000000a1e00000) remset 0 code roots 0 marked 0 pinned count 0 reclaim candidate 0 type array 1
[2024-10-26T03:19:29.442+0530][132.167s][debug][gc,humongous      ] GC(429) Humongous region 700 (object size 1048592 @ 0x00000000abc00000) remset 0 code roots 0 marked 0 pinned count 0 reclaim candidate 0 type array 1
[2024-10-26T03:19:29.442+0530][132.167s][debug][gc,humongous      ] GC(429) Humongous region 858 (object size 1048592 @ 0x00000000b5a00000) remset 0 code roots 0 marked 0 pinned count 0 reclaim candidate 0 type array 1
[2024-10-26T03:19:29.443+0530][132.167s][debug][gc,humongous      ] GC(429) Humongous region 1016 (object size 1048592 @ 0x00000000bf800000) remset 0 code roots 0 marked 0 pinned count 0 reclaim candidate 0 type array 1
[2024-10-26T03:19:29.443+0530][132.167s][debug][gc,humongous      ] GC(429) Humongous region 1172 (object size 1048592 @ 0x00000000c9400000) remset 0 code roots 0 marked 0 pinned count 0 reclaim candidate 0 type array 1
[2024-10-26T03:19:29.443+0530][132.167s][debug][gc,humongous      ] GC(429) Humongous region 1488 (object size 1048592 @ 0x00000000dd000000) remset 0 code roots 0 marked 0 pinned count 0 reclaim candidate 0 type array 1
[2024-10-26T03:19:29.443+0530][132.167s][debug][gc,humongous      ] GC(429) Humongous region 1330 (object size 1048592 @ 0x00000000d3200000) remset 0 code roots 0 marked 0 pinned count 0 reclaim candidate 0 type array 1
[2024-10-26T03:19:29.443+0530][132.167s][debug][gc,humongous      ] GC(429) Humongous region 1802 (object size 1048592 @ 0x00000000f0a00000) remset 0 code roots 0 marked 0 pinned count 0 reclaim candidate 0 type array 1
[2024-10-26T03:19:29.443+0530][132.167s][debug][gc,humongous      ] GC(429) Humongous region 1646 (object size 1048592 @ 0x00000000e6e00000) remset 0 code roots 0 marked 0 pinned count 0 reclaim candidate 0 type array 1
[2024-10-26T03:19:29.443+0530][132.167s][debug][gc,humongous      ] GC(429) Humongous region 1960 (object size 1048592 @ 0x00000000fa800000) remset 0 code roots 0 marked 0 pinned count 0 reclaim candidate 0 type array 1
[2024-10-26T03:19:29.443+0530][132.167s][debug][gc,humongous      ] GC(429) Humongous region 86 (object size 1048592 @ 0x0000000085600000) remset 0 code roots 0 marked 0 pinned count 0 reclaim candidate 0 type array 1
[2024-10-26T03:19:29.443+0530][132.167s][debug][gc,humongous      ] GC(429) Humongous region 230 (object size 1048592 @ 0x000000008e600000) remset 0 code roots 0 marked 0 pinned count 0 reclaim candidate 0 type array 1
[2024-10-26T03:19:29.443+0530][132.167s][debug][gc,humongous      ] GC(429) Humongous region 388 (object size 1048592 @ 0x0000000098400000) remset 0 code roots 0 marked 0 pinned count 0 reclaim candidate 0 type array 1
[2024-10-26T03:19:29.443+0530][132.167s][debug][gc,humongous      ] GC(429) Humongous region 544 (object size 1048592 @ 0x00000000a2000000) remset 0 code roots 0 marked 0 pinned count 0 reclaim candidate 0 type array 1
[2024-10-26T03:19:29.443+0530][132.167s][debug][gc,humongous      ] GC(429) Humongous region 702 (object size 1048592 @ 0x00000000abe00000) remset 0 code roots 0 marked 0 pinned count 0 reclaim candidate 0 type array 1
[2024-10-26T03:19:29.443+0530][132.167s][debug][gc,humongous      ] GC(429) Humongous region 860 (object size 1048592 @ 0x00000000b5c00000) remset 0 code roots 0 marked 0 pinned count 0 reclaim candidate 0 type array 1
[2024-10-26T03:19:29.443+0530][132.167s][debug][gc,humongous      ] GC(429) Humongous region 1018 (object size 1048592 @ 0x00000000bfa00000) remset 0 code roots 0 marked 0 pinned count 0 reclaim candidate 0 type array 1
[2024-10-26T03:19:29.443+0530][132.168s][debug][gc,humongous      ] GC(429) Humongous region 1174 (object size 1048592 @ 0x00000000c9600000) remset 0 code roots 0 marked 0 pinned count 0 reclaim candidate 0 type array 1
[2024-10-26T03:19:29.443+0530][132.168s][debug][gc,humongous      ] GC(429) Humongous region 1490 (object size 1048592 @ 0x00000000dd200000) remset 0 code roots 0 marked 0 pinned count 0 reclaim candidate 0 type array 1
[2024-10-26T03:19:29.443+0530][132.168s][debug][gc,humongous      ] GC(429) Humongous region 1332 (object size 1048592 @ 0x00000000d3400000) remset 0 code roots 0 marked 0 pinned count 0 reclaim candidate 0 type array 1
[2024-10-26T03:19:29.443+0530][132.168s][debug][gc,humongous      ] GC(429) Humongous region 1804 (object size 1048592 @ 0x00000000f0c00000) remset 0 code roots 0 marked 0 pinned count 0 reclaim candidate 0 type array 1
[2024-10-26T03:19:29.443+0530][132.168s][debug][gc,humongous      ] GC(429) Humongous region 1648 (object size 1048592 @ 0x00000000e7000000) remset 0 code roots 0 marked 0 pinned count 0 reclaim candidate 0 type array 1
[2024-10-26T03:19:29.443+0530][132.168s][debug][gc,humongous      ] GC(429) Humongous region 1962 (object size 1048592 @ 0x00000000faa00000) remset 0 code roots 0 marked 0 pinned count 0 reclaim candidate 0 type array 1
[2024-10-26T03:19:29.443+0530][132.168s][debug][gc,humongous      ] GC(429) Humongous region 88 (object size 1048592 @ 0x0000000085800000) remset 0 code roots 0 marked 0 pinned count 0 reclaim candidate 0 type array 1
[2024-10-26T03:19:29.443+0530][132.168s][debug][gc,humongous      ] GC(429) Humongous region 232 (object size 1048592 @ 0x000000008e800000) remset 0 code roots 0 marked 0 pinned count 0 reclaim candidate 0 type array 1
[2024-10-26T03:19:29.443+0530][132.168s][debug][gc,humongous      ] GC(429) Humongous region 390 (object size 1048592 @ 0x0000000098600000) remset 0 code roots 0 marked 0 pinned count 0 reclaim candidate 0 type array 1
[2024-10-26T03:19:29.443+0530][132.168s][debug][gc,humongous      ] GC(429) Humongous region 546 (object size 1048592 @ 0x00000000a2200000) remset 0 code roots 0 marked 0 pinned count 0 reclaim candidate 0 type array 1
[2024-10-26T03:19:29.443+0530][132.168s][debug][gc,humongous      ] GC(429) Humongous region 704 (object size 1048592 @ 0x00000000ac000000) remset 0 code roots 0 marked 0 pinned count 0 reclaim candidate 0 type array 1
[2024-10-26T03:19:29.443+0530][132.168s][debug][gc,humongous      ] GC(429) Humongous region 862 (object size 1048592 @ 0x00000000b5e00000) remset 0 code roots 0 marked 0 pinned count 0 reclaim candidate 0 type array 1
[2024-10-26T03:19:29.443+0530][132.168s][debug][gc,humongous      ] GC(429) Humongous region 1020 (object size 1048592 @ 0x00000000bfc00000) remset 0 code roots 0 marked 0 pinned count 0 reclaim candidate 0 type array 1
[2024-10-26T03:19:29.443+0530][132.168s][debug][gc,humongous      ] GC(429) Humongous region 1176 (object size 1048592 @ 0x00000000c9800000) remset 0 code roots 0 marked 0 pinned count 0 reclaim candidate 0 type array 1
[2024-10-26T03:19:29.443+0530][132.168s][debug][gc,humongous      ] GC(429) Humongous region 1492 (object size 1048592 @ 0x00000000dd400000) remset 0 code roots 0 marked 0 pinned count 0 reclaim candidate 0 type array 1
[2024-10-26T03:19:29.443+0530][132.168s][debug][gc,humongous      ] GC(429) Humongous region 1334 (object size 1048592 @ 0x00000000d3600000) remset 0 code roots 0 marked 0 pinned count 0 reclaim candidate 0 type array 1
[2024-10-26T03:19:29.443+0530][132.168s][debug][gc,humongous      ] GC(429) Humongous region 1806 (object size 1048592 @ 0x00000000f0e00000) remset 0 code roots 0 marked 0 pinned count 0 reclaim candidate 0 type array 1
[2024-10-26T03:19:29.443+0530][132.168s][debug][gc,humongous      ] GC(429) Humongous region 1650 (object size 1048592 @ 0x00000000e7200000) remset 0 code roots 0 marked 0 pinned count 0 reclaim candidate 0 type array 1
[2024-10-26T03:19:29.443+0530][132.168s][debug][gc,humongous      ] GC(429) Humongous region 1964 (object size 1048592 @ 0x00000000fac00000) remset 0 code roots 0 marked 0 pinned count 0 reclaim candidate 0 type array 1
[2024-10-26T03:19:29.443+0530][132.168s][debug][gc,humongous      ] GC(429) Humongous region 90 (object size 1048592 @ 0x0000000085a00000) remset 0 code roots 0 marked 0 pinned count 0 reclaim candidate 0 type array 1
[2024-10-26T03:19:29.443+0530][132.168s][debug][gc,humongous      ] GC(429) Humongous region 234 (object size 1048592 @ 0x000000008ea00000) remset 0 code roots 0 marked 0 pinned count 0 reclaim candidate 0 type array 1
[2024-10-26T03:19:29.443+0530][132.168s][debug][gc,humongous      ] GC(429) Humongous region 392 (object size 1048592 @ 0x0000000098800000) remset 0 code roots 0 marked 0 pinned count 0 reclaim candidate 0 type array 1
[2024-10-26T03:19:29.443+0530][132.168s][debug][gc,humongous      ] GC(429) Humongous region 548 (object size 1048592 @ 0x00000000a2400000) remset 0 code roots 0 marked 0 pinned count 0 reclaim candidate 0 type array 1
[2024-10-26T03:19:29.443+0530][132.168s][debug][gc,humongous      ] GC(429) Humongous region 706 (object size 1048592 @ 0x00000000ac200000) remset 0 code roots 0 marked 0 pinned count 0 reclaim candidate 0 type array 1
[2024-10-26T03:19:29.443+0530][132.168s][debug][gc,humongous      ] GC(429) Humongous region 864 (object size 1048592 @ 0x00000000b6000000) remset 0 code roots 0 marked 0 pinned count 0 reclaim candidate 0 type array 1
[2024-10-26T03:19:29.443+0530][132.168s][debug][gc,humongous      ] GC(429) Humongous region 1022 (object size 1048592 @ 0x00000000bfe00000) remset 0 code roots 0 marked 0 pinned count 0 reclaim candidate 0 type array 1
[2024-10-26T03:19:29.443+0530][132.168s][debug][gc,humongous      ] GC(429) Humongous region 1178 (object size 1048592 @ 0x00000000c9a00000) remset 0 code roots 0 marked 0 pinned count 0 reclaim candidate 0 type array 1
[2024-10-26T03:19:29.443+0530][132.168s][debug][gc,humongous      ] GC(429) Humongous region 1494 (object size 1048592 @ 0x00000000dd600000) remset 0 code roots 0 marked 0 pinned count 0 reclaim candidate 0 type array 1
[2024-10-26T03:19:29.443+0530][132.168s][debug][gc,humongous      ] GC(429) Humongous region 1336 (object size 1048592 @ 0x00000000d3800000) remset 0 code roots 0 marked 0 pinned count 0 reclaim candidate 0 type array 1
[2024-10-26T03:19:29.443+0530][132.168s][debug][gc,humongous      ] GC(429) Humongous region 1808 (object size 1048592 @ 0x00000000f1000000) remset 0 code roots 0 marked 0 pinned count 0 reclaim candidate 0 type array 1
[2024-10-26T03:19:29.443+0530][132.168s][debug][gc,humongous      ] GC(429) Humongous region 1652 (object size 1048592 @ 0x00000000e7400000) remset 0 code roots 0 marked 0 pinned count 0 reclaim candidate 0 type array 1
[2024-10-26T03:19:29.443+0530][132.168s][debug][gc,humongous      ] GC(429) Humongous region 1966 (object size 1048592 @ 0x00000000fae00000) remset 0 code roots 0 marked 0 pinned count 0 reclaim candidate 0 type array 1
[2024-10-26T03:19:29.443+0530][132.168s][debug][gc,humongous      ] GC(429) Humongous region 92 (object size 1048592 @ 0x0000000085c00000) remset 0 code roots 0 marked 0 pinned count 0 reclaim candidate 0 type array 1
[2024-10-26T03:19:29.443+0530][132.168s][debug][gc,humongous      ] GC(429) Humongous region 236 (object size 1048592 @ 0x000000008ec00000) remset 0 code roots 0 marked 0 pinned count 0 reclaim candidate 0 type array 1
[2024-10-26T03:19:29.443+0530][132.168s][debug][gc,humongous      ] GC(429) Humongous region 394 (object size 1048592 @ 0x0000000098a00000) remset 0 code roots 0 marked 0 pinned count 0 reclaim candidate 0 type array 1
[2024-10-26T03:19:29.443+0530][132.168s][debug][gc,humongous      ] GC(429) Humongous region 550 (object size 1048592 @ 0x00000000a2600000) remset 0 code roots 0 marked 0 pinned count 0 reclaim candidate 0 type array 1
[2024-10-26T03:19:29.443+0530][132.168s][debug][gc,humongous      ] GC(429) Humongous region 708 (object size 1048592 @ 0x00000000ac400000) remset 0 code roots 0 marked 0 pinned count 0 reclaim candidate 0 type array 1
[2024-10-26T03:19:29.443+0530][132.168s][debug][gc,humongous      ] GC(429) Humongous region 866 (object size 1048592 @ 0x00000000b6200000) remset 0 code roots 0 marked 0 pinned count 0 reclaim candidate 0 type array 1
[2024-10-26T03:19:29.443+0530][132.168s][debug][gc,humongous      ] GC(429) Humongous region 1024 (object size 1048592 @ 0x00000000c0000000) remset 0 code roots 0 marked 0 pinned count 0 reclaim candidate 0 type array 1
[2024-10-26T03:19:29.443+0530][132.168s][debug][gc,humongous      ] GC(429) Humongous region 1180 (object size 1048592 @ 0x00000000c9c00000) remset 0 code roots 0 marked 0 pinned count 0 reclaim candidate 0 type array 1
[2024-10-26T03:19:29.443+0530][132.168s][debug][gc,humongous      ] GC(429) Humongous region 1496 (object size 1048592 @ 0x00000000dd800000) remset 0 code roots 0 marked 0 pinned count 0 reclaim candidate 0 type array 1
[2024-10-26T03:19:29.443+0530][132.168s][debug][gc,humongous      ] GC(429) Humongous region 1338 (object size 1048592 @ 0x00000000d3a00000) remset 0 code roots 0 marked 0 pinned count 0 reclaim candidate 0 type array 1
[2024-10-26T03:19:29.443+0530][132.168s][debug][gc,humongous      ] GC(429) Humongous region 1810 (object size 1048592 @ 0x00000000f1200000) remset 0 code roots 0 marked 0 pinned count 0 reclaim candidate 0 type array 1
[2024-10-26T03:19:29.443+0530][132.168s][debug][gc,humongous      ] GC(429) Humongous region 1654 (object size 1048592 @ 0x00000000e7600000) remset 0 code roots 0 marked 0 pinned count 0 reclaim candidate 0 type array 1
[2024-10-26T03:19:29.443+0530][132.168s][debug][gc,humongous      ] GC(429) Humongous region 1968 (object size 1048592 @ 0x00000000fb000000) remset 0 code roots 0 marked 0 pinned count 0 reclaim candidate 0 type array 1
[2024-10-26T03:19:29.443+0530][132.168s][debug][gc,humongous      ] GC(429) Humongous region 94 (object size 1048592 @ 0x0000000085e00000) remset 0 code roots 0 marked 0 pinned count 0 reclaim candidate 0 type array 1
[2024-10-26T03:19:29.443+0530][132.168s][debug][gc,humongous      ] GC(429) Humongous region 238 (object size 1048592 @ 0x000000008ee00000) remset 0 code roots 0 marked 0 pinned count 0 reclaim candidate 0 type array 1
[2024-10-26T03:19:29.443+0530][132.168s][debug][gc,humongous      ] GC(429) Humongous region 396 (object size 1048592 @ 0x0000000098c00000) remset 0 code roots 0 marked 0 pinned count 0 reclaim candidate 0 type array 1
[2024-10-26T03:19:29.443+0530][132.168s][debug][gc,humongous      ] GC(429) Humongous region 552 (object size 1048592 @ 0x00000000a2800000) remset 0 code roots 0 marked 0 pinned count 0 reclaim candidate 0 type array 1
[2024-10-26T03:19:29.443+0530][132.168s][debug][gc,humongous      ] GC(429) Humongous region 710 (object size 1048592 @ 0x00000000ac600000) remset 0 code roots 0 marked 0 pinned count 0 reclaim candidate 0 type array 1
[2024-10-26T03:19:29.443+0530][132.168s][debug][gc,humongous      ] GC(429) Humongous region 868 (object size 1048592 @ 0x00000000b6400000) remset 0 code roots 0 marked 0 pinned count 0 reclaim candidate 0 type array 1
[2024-10-26T03:19:29.443+0530][132.168s][debug][gc,humongous      ] GC(429) Humongous region 1026 (object size 1048592 @ 0x00000000c0200000) remset 0 code roots 0 marked 0 pinned count 0 reclaim candidate 0 type array 1
[2024-10-26T03:19:29.443+0530][132.168s][debug][gc,humongous      ] GC(429) Humongous region 1182 (object size 1048592 @ 0x00000000c9e00000) remset 0 code roots 0 marked 0 pinned count 0 reclaim candidate 0 type array 1
[2024-10-26T03:19:29.443+0530][132.168s][debug][gc,humongous      ] GC(429) Humongous region 1498 (object size 1048592 @ 0x00000000dda00000) remset 0 code roots 0 marked 0 pinned count 0 reclaim candidate 0 type array 1
[2024-10-26T03:19:29.443+0530][132.168s][debug][gc,humongous      ] GC(429) Humongous region 1340 (object size 1048592 @ 0x00000000d3c00000) remset 0 code roots 0 marked 0 pinned count 0 reclaim candidate 0 type array 1
[2024-10-26T03:19:29.443+0530][132.168s][debug][gc,humongous      ] GC(429) Humongous region 1812 (object size 1048592 @ 0x00000000f1400000) remset 0 code roots 0 marked 0 pinned count 0 reclaim candidate 0 type array 1
[2024-10-26T03:19:29.443+0530][132.168s][debug][gc,humongous      ] GC(429) Humongous region 1656 (object size 1048592 @ 0x00000000e7800000) remset 0 code roots 0 marked 0 pinned count 0 reclaim candidate 0 type array 1
[2024-10-26T03:19:29.443+0530][132.168s][debug][gc,humongous      ] GC(429) Humongous region 1970 (object size 1048592 @ 0x00000000fb200000) remset 0 code roots 0 marked 0 pinned count 0 reclaim candidate 0 type array 1
[2024-10-26T03:19:29.443+0530][132.168s][debug][gc,humongous      ] GC(429) Humongous region 96 (object size 1048592 @ 0x0000000086000000) remset 0 code roots 0 marked 0 pinned count 0 reclaim candidate 0 type array 1
[2024-10-26T03:19:29.443+0530][132.168s][debug][gc,humongous      ] GC(429) Humongous region 240 (object size 1048592 @ 0x000000008f000000) remset 0 code roots 0 marked 0 pinned count 0 reclaim candidate 0 type array 1
[2024-10-26T03:19:29.443+0530][132.168s][debug][gc,humongous      ] GC(429) Humongous region 398 (object size 1048592 @ 0x0000000098e00000) remset 0 code roots 0 marked 0 pinned count 0 reclaim candidate 0 type array 1
[2024-10-26T03:19:29.443+0530][132.168s][debug][gc,humongous      ] GC(429) Humongous region 554 (object size 1048592 @ 0x00000000a2a00000) remset 0 code roots 0 marked 0 pinned count 0 reclaim candidate 0 type array 1
[2024-10-26T03:19:29.443+0530][132.168s][debug][gc,humongous      ] GC(429) Humongous region 712 (object size 1048592 @ 0x00000000ac800000) remset 0 code roots 0 marked 0 pinned count 0 reclaim candidate 0 type array 1
[2024-10-26T03:19:29.443+0530][132.168s][debug][gc,humongous      ] GC(429) Humongous region 870 (object size 1048592 @ 0x00000000b6600000) remset 0 code roots 0 marked 0 pinned count 0 reclaim candidate 0 type array 1
[2024-10-26T03:19:29.444+0530][132.168s][debug][gc,humongous      ] GC(429) Humongous region 1028 (object size 1048592 @ 0x00000000c0400000) remset 0 code roots 0 marked 0 pinned count 0 reclaim candidate 0 type array 1
[2024-10-26T03:19:29.444+0530][132.168s][debug][gc,humongous      ] GC(429) Humongous region 1184 (object size 1048592 @ 0x00000000ca000000) remset 0 code roots 0 marked 0 pinned count 0 reclaim candidate 0 type array 1
[2024-10-26T03:19:29.444+0530][132.168s][debug][gc,humongous      ] GC(429) Humongous region 1500 (object size 1048592 @ 0x00000000ddc00000) remset 0 code roots 0 marked 0 pinned count 0 reclaim candidate 0 type array 1
[2024-10-26T03:19:29.444+0530][132.168s][debug][gc,humongous      ] GC(429) Humongous region 1342 (object size 1048592 @ 0x00000000d3e00000) remset 0 code roots 0 marked 0 pinned count 0 reclaim candidate 0 type array 1
[2024-10-26T03:19:29.444+0530][132.168s][debug][gc,humongous      ] GC(429) Humongous region 1814 (object size 1048592 @ 0x00000000f1600000) remset 0 code roots 0 marked 0 pinned count 0 reclaim candidate 0 type array 1
[2024-10-26T03:19:29.444+0530][132.168s][debug][gc,humongous      ] GC(429) Humongous region 1658 (object size 1048592 @ 0x00000000e7a00000) remset 0 code roots 0 marked 0 pinned count 0 reclaim candidate 0 type array 1
[2024-10-26T03:19:29.444+0530][132.168s][debug][gc,humongous      ] GC(429) Humongous region 1972 (object size 1048592 @ 0x00000000fb400000) remset 0 code roots 0 marked 0 pinned count 0 reclaim candidate 0 type array 1
[2024-10-26T03:19:29.444+0530][132.168s][debug][gc,humongous      ] GC(429) Humongous region 98 (object size 1048592 @ 0x0000000086200000) remset 0 code roots 0 marked 0 pinned count 0 reclaim candidate 0 type array 1
[2024-10-26T03:19:29.444+0530][132.168s][debug][gc,humongous      ] GC(429) Humongous region 242 (object size 1048592 @ 0x000000008f200000) remset 0 code roots 0 marked 0 pinned count 0 reclaim candidate 0 type array 1
[2024-10-26T03:19:29.444+0530][132.168s][debug][gc,humongous      ] GC(429) Humongous region 400 (object size 1048592 @ 0x0000000099000000) remset 0 code roots 0 marked 0 pinned count 0 reclaim candidate 0 type array 1
[2024-10-26T03:19:29.444+0530][132.168s][debug][gc,humongous      ] GC(429) Humongous region 556 (object size 1048592 @ 0x00000000a2c00000) remset 0 code roots 0 marked 0 pinned count 0 reclaim candidate 0 type array 1
[2024-10-26T03:19:29.444+0530][132.168s][debug][gc,humongous      ] GC(429) Humongous region 714 (object size 1048592 @ 0x00000000aca00000) remset 0 code roots 0 marked 0 pinned count 0 reclaim candidate 0 type array 1
[2024-10-26T03:19:29.444+0530][132.168s][debug][gc,humongous      ] GC(429) Humongous region 872 (object size 1048592 @ 0x00000000b6800000) remset 0 code roots 0 marked 0 pinned count 0 reclaim candidate 0 type array 1
[2024-10-26T03:19:29.444+0530][132.169s][debug][gc,humongous      ] GC(429) Humongous region 1030 (object size 1048592 @ 0x00000000c0600000) remset 0 code roots 0 marked 0 pinned count 0 reclaim candidate 0 type array 1
[2024-10-26T03:19:29.444+0530][132.169s][debug][gc,humongous      ] GC(429) Humongous region 1186 (object size 1048592 @ 0x00000000ca200000) remset 0 code roots 0 marked 0 pinned count 0 reclaim candidate 0 type array 1
[2024-10-26T03:19:29.444+0530][132.169s][debug][gc,humongous      ] GC(429) Humongous region 1502 (object size 1048592 @ 0x00000000dde00000) remset 0 code roots 0 marked 0 pinned count 0 reclaim candidate 0 type array 1
[2024-10-26T03:19:29.444+0530][132.169s][debug][gc,humongous      ] GC(429) Humongous region 1344 (object size 1048592 @ 0x00000000d4000000) remset 0 code roots 0 marked 0 pinned count 0 reclaim candidate 0 type array 1
[2024-10-26T03:19:29.444+0530][132.169s][debug][gc,humongous      ] GC(429) Humongous region 1816 (object size 1048592 @ 0x00000000f1800000) remset 0 code roots 0 marked 0 pinned count 0 reclaim candidate 0 type array 1
[2024-10-26T03:19:29.444+0530][132.169s][debug][gc,humongous      ] GC(429) Humongous region 1660 (object size 1048592 @ 0x00000000e7c00000) remset 0 code roots 0 marked 0 pinned count 0 reclaim candidate 0 type array 1
[2024-10-26T03:19:29.444+0530][132.169s][debug][gc,humongous      ] GC(429) Humongous region 1974 (object size 1048592 @ 0x00000000fb600000) remset 0 code roots 0 marked 0 pinned count 0 reclaim candidate 0 type array 1
[2024-10-26T03:19:29.444+0530][132.169s][debug][gc,humongous      ] GC(429) Humongous region 100 (object size 1048592 @ 0x0000000086400000) remset 0 code roots 0 marked 0 pinned count 0 reclaim candidate 0 type array 1
[2024-10-26T03:19:29.444+0530][132.169s][debug][gc,humongous      ] GC(429) Humongous region 244 (object size 1048592 @ 0x000000008f400000) remset 0 code roots 0 marked 0 pinned count 0 reclaim candidate 0 type array 1
[2024-10-26T03:19:29.444+0530][132.169s][debug][gc,humongous      ] GC(429) Humongous region 402 (object size 1048592 @ 0x0000000099200000) remset 0 code roots 0 marked 0 pinned count 0 reclaim candidate 0 type array 1
[2024-10-26T03:19:29.444+0530][132.169s][debug][gc,humongous      ] GC(429) Humongous region 558 (object size 1048592 @ 0x00000000a2e00000) remset 0 code roots 0 marked 0 pinned count 0 reclaim candidate 0 type array 1
[2024-10-26T03:19:29.444+0530][132.169s][debug][gc,humongous      ] GC(429) Humongous region 716 (object size 1048592 @ 0x00000000acc00000) remset 0 code roots 0 marked 0 pinned count 0 reclaim candidate 0 type array 1
[2024-10-26T03:19:29.444+0530][132.169s][debug][gc,humongous      ] GC(429) Humongous region 874 (object size 1048592 @ 0x00000000b6a00000) remset 0 code roots 0 marked 0 pinned count 0 reclaim candidate 0 type array 1
[2024-10-26T03:19:29.444+0530][132.169s][debug][gc,humongous      ] GC(429) Humongous region 1032 (object size 1048592 @ 0x00000000c0800000) remset 0 code roots 0 marked 0 pinned count 0 reclaim candidate 0 type array 1
[2024-10-26T03:19:29.444+0530][132.169s][debug][gc,humongous      ] GC(429) Humongous region 1188 (object size 1048592 @ 0x00000000ca400000) remset 0 code roots 0 marked 0 pinned count 0 reclaim candidate 0 type array 1
[2024-10-26T03:19:29.444+0530][132.169s][debug][gc,humongous      ] GC(429) Humongous region 1504 (object size 1048592 @ 0x00000000de000000) remset 0 code roots 0 marked 0 pinned count 0 reclaim candidate 0 type array 1
[2024-10-26T03:19:29.444+0530][132.169s][debug][gc,humongous      ] GC(429) Humongous region 1346 (object size 1048592 @ 0x00000000d4200000) remset 0 code roots 0 marked 0 pinned count 0 reclaim candidate 0 type array 1
[2024-10-26T03:19:29.444+0530][132.169s][debug][gc,humongous      ] GC(429) Humongous region 1818 (object size 1048592 @ 0x00000000f1a00000) remset 0 code roots 0 marked 0 pinned count 0 reclaim candidate 0 type array 1
[2024-10-26T03:19:29.444+0530][132.169s][debug][gc,humongous      ] GC(429) Humongous region 1662 (object size 1048592 @ 0x00000000e7e00000) remset 0 code roots 0 marked 0 pinned count 0 reclaim candidate 0 type array 1
[2024-10-26T03:19:29.444+0530][132.169s][debug][gc,humongous      ] GC(429) Humongous region 1976 (object size 1048592 @ 0x00000000fb800000) remset 0 code roots 0 marked 0 pinned count 0 reclaim candidate 0 type array 1
[2024-10-26T03:19:29.444+0530][132.169s][debug][gc,humongous      ] GC(429) Humongous region 102 (object size 1048592 @ 0x0000000086600000) remset 0 code roots 0 marked 0 pinned count 0 reclaim candidate 0 type array 1
[2024-10-26T03:19:29.444+0530][132.169s][debug][gc,humongous      ] GC(429) Humongous region 246 (object size 1048592 @ 0x000000008f600000) remset 0 code roots 0 marked 0 pinned count 0 reclaim candidate 0 type array 1
[2024-10-26T03:19:29.444+0530][132.169s][debug][gc,humongous      ] GC(429) Humongous region 404 (object size 1048592 @ 0x0000000099400000) remset 0 code roots 0 marked 0 pinned count 0 reclaim candidate 0 type array 1
[2024-10-26T03:19:29.444+0530][132.169s][debug][gc,humongous      ] GC(429) Humongous region 560 (object size 1048592 @ 0x00000000a3000000) remset 0 code roots 0 marked 0 pinned count 0 reclaim candidate 0 type array 1
[2024-10-26T03:19:29.444+0530][132.169s][debug][gc,humongous      ] GC(429) Humongous region 718 (object size 1048592 @ 0x00000000ace00000) remset 0 code roots 0 marked 0 pinned count 0 reclaim candidate 0 type array 1
[2024-10-26T03:19:29.444+0530][132.169s][debug][gc,humongous      ] GC(429) Humongous region 876 (object size 1048592 @ 0x00000000b6c00000) remset 0 code roots 0 marked 0 pinned count 0 reclaim candidate 0 type array 1
[2024-10-26T03:19:29.444+0530][132.169s][debug][gc,humongous      ] GC(429) Humongous region 1034 (object size 1048592 @ 0x00000000c0a00000) remset 0 code roots 0 marked 0 pinned count 0 reclaim candidate 0 type array 1
[2024-10-26T03:19:29.444+0530][132.169s][debug][gc,humongous      ] GC(429) Humongous region 1190 (object size 1048592 @ 0x00000000ca600000) remset 0 code roots 0 marked 0 pinned count 0 reclaim candidate 0 type array 1
[2024-10-26T03:19:29.444+0530][132.169s][debug][gc,humongous      ] GC(429) Humongous region 1506 (object size 1048592 @ 0x00000000de200000) remset 0 code roots 0 marked 0 pinned count 0 reclaim candidate 0 type array 1
[2024-10-26T03:19:29.444+0530][132.169s][debug][gc,humongous      ] GC(429) Humongous region 1348 (object size 1048592 @ 0x00000000d4400000) remset 0 code roots 0 marked 0 pinned count 0 reclaim candidate 0 type array 1
[2024-10-26T03:19:29.444+0530][132.169s][debug][gc,humongous      ] GC(429) Humongous region 1820 (object size 1048592 @ 0x00000000f1c00000) remset 0 code roots 0 marked 0 pinned count 0 reclaim candidate 0 type array 1
[2024-10-26T03:19:29.444+0530][132.169s][debug][gc,humongous      ] GC(429) Humongous region 1664 (object size 1048592 @ 0x00000000e8000000) remset 0 code roots 0 marked 0 pinned count 0 reclaim candidate 0 type array 1
[2024-10-26T03:19:29.444+0530][132.169s][debug][gc,humongous      ] GC(429) Humongous region 1978 (object size 1048592 @ 0x00000000fba00000) remset 0 code roots 0 marked 0 pinned count 0 reclaim candidate 0 type array 1
[2024-10-26T03:19:29.444+0530][132.169s][debug][gc,humongous      ] GC(429) Humongous region 104 (object size 1048592 @ 0x0000000086800000) remset 0 code roots 0 marked 0 pinned count 0 reclaim candidate 0 type array 1
[2024-10-26T03:19:29.444+0530][132.169s][debug][gc,humongous      ] GC(429) Humongous region 248 (object size 1048592 @ 0x000000008f800000) remset 0 code roots 0 marked 0 pinned count 0 reclaim candidate 0 type array 1
[2024-10-26T03:19:29.444+0530][132.169s][debug][gc,humongous      ] GC(429) Humongous region 406 (object size 1048592 @ 0x0000000099600000) remset 0 code roots 0 marked 0 pinned count 0 reclaim candidate 0 type array 1
[2024-10-26T03:19:29.444+0530][132.169s][debug][gc,humongous      ] GC(429) Humongous region 562 (object size 1048592 @ 0x00000000a3200000) remset 0 code roots 0 marked 0 pinned count 0 reclaim candidate 0 type array 1
[2024-10-26T03:19:29.444+0530][132.169s][debug][gc,humongous      ] GC(429) Humongous region 720 (object size 1048592 @ 0x00000000ad000000) remset 0 code roots 0 marked 0 pinned count 0 reclaim candidate 0 type array 1
[2024-10-26T03:19:29.444+0530][132.169s][debug][gc,humongous      ] GC(429) Humongous region 878 (object size 1048592 @ 0x00000000b6e00000) remset 0 code roots 0 marked 0 pinned count 0 reclaim candidate 0 type array 1
[2024-10-26T03:19:29.444+0530][132.169s][debug][gc,humongous      ] GC(429) Humongous region 1036 (object size 1048592 @ 0x00000000c0c00000) remset 0 code roots 0 marked 0 pinned count 0 reclaim candidate 0 type array 1
[2024-10-26T03:19:29.444+0530][132.169s][debug][gc,humongous      ] GC(429) Humongous region 1192 (object size 1048592 @ 0x00000000ca800000) remset 0 code roots 0 marked 0 pinned count 0 reclaim candidate 0 type array 1
[2024-10-26T03:19:29.444+0530][132.169s][debug][gc,humongous      ] GC(429) Humongous region 1508 (object size 1048592 @ 0x00000000de400000) remset 0 code roots 0 marked 0 pinned count 0 reclaim candidate 0 type array 1
[2024-10-26T03:19:29.444+0530][132.169s][debug][gc,humongous      ] GC(429) Humongous region 1350 (object size 1048592 @ 0x00000000d4600000) remset 0 code roots 0 marked 0 pinned count 0 reclaim candidate 0 type array 1
[2024-10-26T03:19:29.444+0530][132.169s][debug][gc,humongous      ] GC(429) Humongous region 1822 (object size 1048592 @ 0x00000000f1e00000) remset 0 code roots 0 marked 0 pinned count 0 reclaim candidate 0 type array 1
[2024-10-26T03:19:29.444+0530][132.169s][debug][gc,humongous      ] GC(429) Humongous region 1666 (object size 1048592 @ 0x00000000e8200000) remset 0 code roots 0 marked 0 pinned count 0 reclaim candidate 0 type array 1
[2024-10-26T03:19:29.444+0530][132.169s][debug][gc,humongous      ] GC(429) Humongous region 1980 (object size 1048592 @ 0x00000000fbc00000) remset 0 code roots 0 marked 0 pinned count 0 reclaim candidate 0 type array 1
[2024-10-26T03:19:29.444+0530][132.169s][debug][gc,humongous      ] GC(429) Humongous region 106 (object size 1048592 @ 0x0000000086a00000) remset 0 code roots 0 marked 0 pinned count 0 reclaim candidate 0 type array 1
[2024-10-26T03:19:29.444+0530][132.169s][debug][gc,humongous      ] GC(429) Humongous region 250 (object size 1048592 @ 0x000000008fa00000) remset 0 code roots 0 marked 0 pinned count 0 reclaim candidate 0 type array 1
[2024-10-26T03:19:29.444+0530][132.169s][debug][gc,humongous      ] GC(429) Humongous region 408 (object size 1048592 @ 0x0000000099800000) remset 0 code roots 0 marked 0 pinned count 0 reclaim candidate 0 type array 1
[2024-10-26T03:19:29.444+0530][132.169s][debug][gc,humongous      ] GC(429) Humongous region 564 (object size 1048592 @ 0x00000000a3400000) remset 0 code roots 0 marked 0 pinned count 0 reclaim candidate 0 type array 1
[2024-10-26T03:19:29.444+0530][132.169s][debug][gc,humongous      ] GC(429) Humongous region 722 (object size 1048592 @ 0x00000000ad200000) remset 0 code roots 0 marked 0 pinned count 0 reclaim candidate 0 type array 1
[2024-10-26T03:19:29.444+0530][132.169s][debug][gc,humongous      ] GC(429) Humongous region 880 (object size 1048592 @ 0x00000000b7000000) remset 0 code roots 0 marked 0 pinned count 0 reclaim candidate 0 type array 1
[2024-10-26T03:19:29.444+0530][132.169s][debug][gc,humongous      ] GC(429) Humongous region 1038 (object size 1048592 @ 0x00000000c0e00000) remset 0 code roots 0 marked 0 pinned count 0 reclaim candidate 0 type array 1
[2024-10-26T03:19:29.444+0530][132.169s][debug][gc,humongous      ] GC(429) Humongous region 1194 (object size 1048592 @ 0x00000000caa00000) remset 0 code roots 0 marked 0 pinned count 0 reclaim candidate 0 type array 1
[2024-10-26T03:19:29.444+0530][132.169s][debug][gc,humongous      ] GC(429) Humongous region 1510 (object size 1048592 @ 0x00000000de600000) remset 0 code roots 0 marked 0 pinned count 0 reclaim candidate 0 type array 1
[2024-10-26T03:19:29.444+0530][132.169s][debug][gc,humongous      ] GC(429) Humongous region 1352 (object size 1048592 @ 0x00000000d4800000) remset 0 code roots 0 marked 0 pinned count 0 reclaim candidate 0 type array 1
[2024-10-26T03:19:29.444+0530][132.169s][debug][gc,humongous      ] GC(429) Humongous region 1824 (object size 1048592 @ 0x00000000f2000000) remset 0 code roots 0 marked 0 pinned count 0 reclaim candidate 0 type array 1
[2024-10-26T03:19:29.444+0530][132.169s][debug][gc,humongous      ] GC(429) Humongous region 1668 (object size 1048592 @ 0x00000000e8400000) remset 0 code roots 0 marked 0 pinned count 0 reclaim candidate 0 type array 1
[2024-10-26T03:19:29.444+0530][132.169s][debug][gc,humongous      ] GC(429) Humongous region 1982 (object size 1048592 @ 0x00000000fbe00000) remset 0 code roots 0 marked 0 pinned count 0 reclaim candidate 0 type array 1
[2024-10-26T03:19:29.444+0530][132.169s][debug][gc,humongous      ] GC(429) Humongous region 108 (object size 1048592 @ 0x0000000086c00000) remset 0 code roots 0 marked 0 pinned count 0 reclaim candidate 0 type array 1
[2024-10-26T03:19:29.444+0530][132.169s][debug][gc,humongous      ] GC(429) Humongous region 252 (object size 1048592 @ 0x000000008fc00000) remset 0 code roots 0 marked 0 pinned count 0 reclaim candidate 0 type array 1
[2024-10-26T03:19:29.444+0530][132.169s][debug][gc,humongous      ] GC(429) Humongous region 410 (object size 1048592 @ 0x0000000099a00000) remset 0 code roots 0 marked 0 pinned count 0 reclaim candidate 0 type array 1
[2024-10-26T03:19:29.444+0530][132.169s][debug][gc,humongous      ] GC(429) Humongous region 566 (object size 1048592 @ 0x00000000a3600000) remset 0 code roots 0 marked 0 pinned count 0 reclaim candidate 0 type array 1
[2024-10-26T03:19:29.444+0530][132.169s][debug][gc,humongous      ] GC(429) Humongous region 724 (object size 1048592 @ 0x00000000ad400000) remset 0 code roots 0 marked 0 pinned count 0 reclaim candidate 0 type array 1
[2024-10-26T03:19:29.444+0530][132.169s][debug][gc,humongous      ] GC(429) Humongous region 882 (object size 1048592 @ 0x00000000b7200000) remset 0 code roots 0 marked 0 pinned count 0 reclaim candidate 0 type array 1
[2024-10-26T03:19:29.444+0530][132.169s][debug][gc,humongous      ] GC(429) Humongous region 1040 (object size 1048592 @ 0x00000000c1000000) remset 0 code roots 0 marked 0 pinned count 0 reclaim candidate 0 type array 1
[2024-10-26T03:19:29.444+0530][132.169s][debug][gc,humongous      ] GC(429) Humongous region 1196 (object size 1048592 @ 0x00000000cac00000) remset 0 code roots 0 marked 0 pinned count 0 reclaim candidate 0 type array 1
[2024-10-26T03:19:29.445+0530][132.169s][debug][gc,humongous      ] GC(429) Humongous region 1512 (object size 1048592 @ 0x00000000de800000) remset 0 code roots 0 marked 0 pinned count 0 reclaim candidate 0 type array 1
[2024-10-26T03:19:29.445+0530][132.169s][debug][gc,humongous      ] GC(429) Humongous region 1354 (object size 1048592 @ 0x00000000d4a00000) remset 0 code roots 0 marked 0 pinned count 0 reclaim candidate 0 type array 1
[2024-10-26T03:19:29.445+0530][132.169s][debug][gc,humongous      ] GC(429) Humongous region 1826 (object size 1048592 @ 0x00000000f2200000) remset 0 code roots 0 marked 0 pinned count 0 reclaim candidate 0 type array 1
[2024-10-26T03:19:29.445+0530][132.169s][debug][gc,humongous      ] GC(429) Humongous region 1670 (object size 1048592 @ 0x00000000e8600000) remset 0 code roots 0 marked 0 pinned count 0 reclaim candidate 0 type array 1
[2024-10-26T03:19:29.445+0530][132.169s][debug][gc,humongous      ] GC(429) Humongous region 1984 (object size 1048592 @ 0x00000000fc000000) remset 0 code roots 0 marked 0 pinned count 0 reclaim candidate 0 type array 1
[2024-10-26T03:19:29.445+0530][132.169s][debug][gc,humongous      ] GC(429) Humongous region 110 (object size 1048592 @ 0x0000000086e00000) remset 0 code roots 0 marked 0 pinned count 0 reclaim candidate 0 type array 1
[2024-10-26T03:19:29.445+0530][132.169s][debug][gc,humongous      ] GC(429) Humongous region 254 (object size 1048592 @ 0x000000008fe00000) remset 0 code roots 0 marked 0 pinned count 0 reclaim candidate 0 type array 1
[2024-10-26T03:19:29.445+0530][132.169s][debug][gc,humongous      ] GC(429) Humongous region 412 (object size 1048592 @ 0x0000000099c00000) remset 0 code roots 0 marked 0 pinned count 0 reclaim candidate 0 type array 1
[2024-10-26T03:19:29.445+0530][132.169s][debug][gc,humongous      ] GC(429) Humongous region 568 (object size 1048592 @ 0x00000000a3800000) remset 0 code roots 0 marked 0 pinned count 0 reclaim candidate 0 type array 1
[2024-10-26T03:19:29.445+0530][132.169s][debug][gc,humongous      ] GC(429) Humongous region 726 (object size 1048592 @ 0x00000000ad600000) remset 0 code roots 0 marked 0 pinned count 0 reclaim candidate 0 type array 1
[2024-10-26T03:19:29.445+0530][132.169s][debug][gc,humongous      ] GC(429) Humongous region 884 (object size 1048592 @ 0x00000000b7400000) remset 0 code roots 0 marked 0 pinned count 0 reclaim candidate 0 type array 1
[2024-10-26T03:19:29.445+0530][132.169s][debug][gc,humongous      ] GC(429) Humongous region 1042 (object size 1048592 @ 0x00000000c1200000) remset 0 code roots 0 marked 0 pinned count 0 reclaim candidate 0 type array 1
[2024-10-26T03:19:29.445+0530][132.170s][debug][gc,humongous      ] GC(429) Humongous region 1198 (object size 1048592 @ 0x00000000cae00000) remset 0 code roots 0 marked 0 pinned count 0 reclaim candidate 0 type array 1
[2024-10-26T03:19:29.445+0530][132.170s][debug][gc,humongous      ] GC(429) Humongous region 1514 (object size 1048592 @ 0x00000000dea00000) remset 0 code roots 0 marked 0 pinned count 0 reclaim candidate 0 type array 1
[2024-10-26T03:19:29.445+0530][132.170s][debug][gc,humongous      ] GC(429) Humongous region 1356 (object size 1048592 @ 0x00000000d4c00000) remset 0 code roots 0 marked 0 pinned count 0 reclaim candidate 0 type array 1
[2024-10-26T03:19:29.445+0530][132.170s][debug][gc,humongous      ] GC(429) Humongous region 1828 (object size 1048592 @ 0x00000000f2400000) remset 0 code roots 0 marked 0 pinned count 0 reclaim candidate 0 type array 1
[2024-10-26T03:19:29.445+0530][132.170s][debug][gc,humongous      ] GC(429) Humongous region 1672 (object size 1048592 @ 0x00000000e8800000) remset 0 code roots 0 marked 0 pinned count 0 reclaim candidate 0 type array 1
[2024-10-26T03:19:29.445+0530][132.170s][debug][gc,humongous      ] GC(429) Humongous region 1986 (object size 1048592 @ 0x00000000fc200000) remset 0 code roots 0 marked 0 pinned count 0 reclaim candidate 0 type array 1
[2024-10-26T03:19:29.445+0530][132.170s][debug][gc,humongous      ] GC(429) Humongous region 112 (object size 1048592 @ 0x0000000087000000) remset 0 code roots 0 marked 0 pinned count 0 reclaim candidate 0 type array 1
[2024-10-26T03:19:29.445+0530][132.170s][debug][gc,humongous      ] GC(429) Humongous region 256 (object size 1048592 @ 0x0000000090000000) remset 0 code roots 0 marked 0 pinned count 0 reclaim candidate 0 type array 1
[2024-10-26T03:19:29.445+0530][132.170s][debug][gc,humongous      ] GC(429) Humongous region 414 (object size 1048592 @ 0x0000000099e00000) remset 0 code roots 0 marked 0 pinned count 0 reclaim candidate 0 type array 1
[2024-10-26T03:19:29.445+0530][132.170s][debug][gc,humongous      ] GC(429) Humongous region 570 (object size 1048592 @ 0x00000000a3a00000) remset 0 code roots 0 marked 0 pinned count 0 reclaim candidate 0 type array 1
[2024-10-26T03:19:29.445+0530][132.170s][debug][gc,humongous      ] GC(429) Humongous region 728 (object size 1048592 @ 0x00000000ad800000) remset 0 code roots 0 marked 0 pinned count 0 reclaim candidate 0 type array 1
[2024-10-26T03:19:29.445+0530][132.170s][debug][gc,humongous      ] GC(429) Humongous region 886 (object size 1048592 @ 0x00000000b7600000) remset 0 code roots 0 marked 0 pinned count 0 reclaim candidate 0 type array 1
[2024-10-26T03:19:29.445+0530][132.170s][debug][gc,humongous      ] GC(429) Humongous region 1044 (object size 1048592 @ 0x00000000c1400000) remset 0 code roots 0 marked 0 pinned count 0 reclaim candidate 0 type array 1
[2024-10-26T03:19:29.445+0530][132.170s][debug][gc,humongous      ] GC(429) Humongous region 1200 (object size 1048592 @ 0x00000000cb000000) remset 0 code roots 0 marked 0 pinned count 0 reclaim candidate 0 type array 1
[2024-10-26T03:19:29.445+0530][132.170s][debug][gc,humongous      ] GC(429) Humongous region 1516 (object size 1048592 @ 0x00000000dec00000) remset 0 code roots 0 marked 0 pinned count 0 reclaim candidate 0 type array 1
[2024-10-26T03:19:29.445+0530][132.170s][debug][gc,humongous      ] GC(429) Humongous region 1358 (object size 1048592 @ 0x00000000d4e00000) remset 0 code roots 0 marked 0 pinned count 0 reclaim candidate 0 type array 1
[2024-10-26T03:19:29.445+0530][132.170s][debug][gc,humongous      ] GC(429) Humongous region 1830 (object size 1048592 @ 0x00000000f2600000) remset 0 code roots 0 marked 0 pinned count 0 reclaim candidate 0 type array 1
[2024-10-26T03:19:29.445+0530][132.170s][debug][gc,humongous      ] GC(429) Humongous region 1674 (object size 1048592 @ 0x00000000e8a00000) remset 0 code roots 0 marked 0 pinned count 0 reclaim candidate 0 type array 1
[2024-10-26T03:19:29.445+0530][132.170s][debug][gc,humongous      ] GC(429) Humongous region 1988 (object size 1048592 @ 0x00000000fc400000) remset 0 code roots 0 marked 0 pinned count 0 reclaim candidate 0 type array 1
[2024-10-26T03:19:29.445+0530][132.170s][debug][gc,humongous      ] GC(429) Humongous region 114 (object size 1048592 @ 0x0000000087200000) remset 0 code roots 0 marked 0 pinned count 0 reclaim candidate 0 type array 1
[2024-10-26T03:19:29.445+0530][132.170s][debug][gc,humongous      ] GC(429) Humongous region 258 (object size 1048592 @ 0x0000000090200000) remset 0 code roots 0 marked 0 pinned count 0 reclaim candidate 0 type array 1
[2024-10-26T03:19:29.445+0530][132.170s][debug][gc,humongous      ] GC(429) Humongous region 416 (object size 1048592 @ 0x000000009a000000) remset 0 code roots 0 marked 0 pinned count 0 reclaim candidate 0 type array 1
[2024-10-26T03:19:29.445+0530][132.170s][debug][gc,humongous      ] GC(429) Humongous region 572 (object size 1048592 @ 0x00000000a3c00000) remset 0 code roots 0 marked 0 pinned count 0 reclaim candidate 0 type array 1
[2024-10-26T03:19:29.445+0530][132.170s][debug][gc,humongous      ] GC(429) Humongous region 730 (object size 1048592 @ 0x00000000ada00000) remset 0 code roots 0 marked 0 pinned count 0 reclaim candidate 0 type array 1
[2024-10-26T03:19:29.445+0530][132.170s][debug][gc,humongous      ] GC(429) Humongous region 888 (object size 1048592 @ 0x00000000b7800000) remset 0 code roots 0 marked 0 pinned count 0 reclaim candidate 0 type array 1
[2024-10-26T03:19:29.445+0530][132.170s][debug][gc,humongous      ] GC(429) Humongous region 1046 (object size 1048592 @ 0x00000000c1600000) remset 0 code roots 0 marked 0 pinned count 0 reclaim candidate 0 type array 1
[2024-10-26T03:19:29.445+0530][132.170s][debug][gc,humongous      ] GC(429) Humongous region 1202 (object size 1048592 @ 0x00000000cb200000) remset 0 code roots 0 marked 0 pinned count 0 reclaim candidate 0 type array 1
[2024-10-26T03:19:29.445+0530][132.170s][debug][gc,humongous      ] GC(429) Humongous region 1518 (object size 1048592 @ 0x00000000dee00000) remset 0 code roots 0 marked 0 pinned count 0 reclaim candidate 0 type array 1
[2024-10-26T03:19:29.445+0530][132.170s][debug][gc,humongous      ] GC(429) Humongous region 1360 (object size 1048592 @ 0x00000000d5000000) remset 0 code roots 0 marked 0 pinned count 0 reclaim candidate 0 type array 1
[2024-10-26T03:19:29.445+0530][132.170s][debug][gc,humongous      ] GC(429) Humongous region 1832 (object size 1048592 @ 0x00000000f2800000) remset 0 code roots 0 marked 0 pinned count 0 reclaim candidate 0 type array 1
[2024-10-26T03:19:29.445+0530][132.170s][debug][gc,humongous      ] GC(429) Humongous region 1676 (object size 1048592 @ 0x00000000e8c00000) remset 0 code roots 0 marked 0 pinned count 0 reclaim candidate 0 type array 1
[2024-10-26T03:19:29.445+0530][132.170s][debug][gc,humongous      ] GC(429) Humongous region 1990 (object size 1048592 @ 0x00000000fc600000) remset 0 code roots 0 marked 0 pinned count 0 reclaim candidate 0 type array 1
[2024-10-26T03:19:29.445+0530][132.170s][debug][gc,humongous      ] GC(429) Humongous region 116 (object size 1048592 @ 0x0000000087400000) remset 0 code roots 0 marked 0 pinned count 0 reclaim candidate 0 type array 1
[2024-10-26T03:19:29.445+0530][132.170s][debug][gc,humongous      ] GC(429) Humongous region 260 (object size 1048592 @ 0x0000000090400000) remset 0 code roots 0 marked 0 pinned count 0 reclaim candidate 0 type array 1
[2024-10-26T03:19:29.445+0530][132.170s][debug][gc,humongous      ] GC(429) Humongous region 418 (object size 1048592 @ 0x000000009a200000) remset 0 code roots 0 marked 0 pinned count 0 reclaim candidate 0 type array 1
[2024-10-26T03:19:29.445+0530][132.170s][debug][gc,humongous      ] GC(429) Humongous region 574 (object size 1048592 @ 0x00000000a3e00000) remset 0 code roots 0 marked 0 pinned count 0 reclaim candidate 0 type array 1
[2024-10-26T03:19:29.445+0530][132.170s][debug][gc,humongous      ] GC(429) Humongous region 732 (object size 1048592 @ 0x00000000adc00000) remset 0 code roots 0 marked 0 pinned count 0 reclaim candidate 0 type array 1
[2024-10-26T03:19:29.445+0530][132.170s][debug][gc,humongous      ] GC(429) Humongous region 890 (object size 1048592 @ 0x00000000b7a00000) remset 0 code roots 0 marked 0 pinned count 0 reclaim candidate 0 type array 1
[2024-10-26T03:19:29.445+0530][132.170s][debug][gc,humongous      ] GC(429) Humongous region 1048 (object size 1048592 @ 0x00000000c1800000) remset 0 code roots 0 marked 0 pinned count 0 reclaim candidate 0 type array 1
[2024-10-26T03:19:29.445+0530][132.170s][debug][gc,humongous      ] GC(429) Humongous region 1204 (object size 1048592 @ 0x00000000cb400000) remset 0 code roots 0 marked 0 pinned count 0 reclaim candidate 0 type array 1
[2024-10-26T03:19:29.445+0530][132.170s][debug][gc,humongous      ] GC(429) Humongous region 1520 (object size 1048592 @ 0x00000000df000000) remset 0 code roots 0 marked 0 pinned count 0 reclaim candidate 0 type array 1
[2024-10-26T03:19:29.445+0530][132.170s][debug][gc,humongous      ] GC(429) Humongous region 1362 (object size 1048592 @ 0x00000000d5200000) remset 0 code roots 0 marked 0 pinned count 0 reclaim candidate 0 type array 1
[2024-10-26T03:19:29.445+0530][132.170s][debug][gc,humongous      ] GC(429) Humongous region 1834 (object size 1048592 @ 0x00000000f2a00000) remset 0 code roots 0 marked 0 pinned count 0 reclaim candidate 0 type array 1
[2024-10-26T03:19:29.445+0530][132.170s][debug][gc,humongous      ] GC(429) Humongous region 1678 (object size 1048592 @ 0x00000000e8e00000) remset 0 code roots 0 marked 0 pinned count 0 reclaim candidate 0 type array 1
[2024-10-26T03:19:29.445+0530][132.170s][debug][gc,humongous      ] GC(429) Humongous region 1992 (object size 1048592 @ 0x00000000fc800000) remset 0 code roots 0 marked 0 pinned count 0 reclaim candidate 0 type array 1
[2024-10-26T03:19:29.445+0530][132.170s][debug][gc,humongous      ] GC(429) Humongous region 118 (object size 1048592 @ 0x0000000087600000) remset 0 code roots 0 marked 0 pinned count 0 reclaim candidate 0 type array 1
[2024-10-26T03:19:29.445+0530][132.170s][debug][gc,humongous      ] GC(429) Humongous region 262 (object size 1048592 @ 0x0000000090600000) remset 0 code roots 0 marked 0 pinned count 0 reclaim candidate 0 type array 1
[2024-10-26T03:19:29.445+0530][132.170s][debug][gc,humongous      ] GC(429) Humongous region 420 (object size 1048592 @ 0x000000009a400000) remset 0 code roots 0 marked 0 pinned count 0 reclaim candidate 0 type array 1
[2024-10-26T03:19:29.445+0530][132.170s][debug][gc,humongous      ] GC(429) Humongous region 576 (object size 1048592 @ 0x00000000a4000000) remset 0 code roots 0 marked 0 pinned count 0 reclaim candidate 0 type array 1
[2024-10-26T03:19:29.445+0530][132.170s][debug][gc,humongous      ] GC(429) Humongous region 734 (object size 1048592 @ 0x00000000ade00000) remset 0 code roots 0 marked 0 pinned count 0 reclaim candidate 0 type array 1
[2024-10-26T03:19:29.445+0530][132.170s][debug][gc,humongous      ] GC(429) Humongous region 892 (object size 1048592 @ 0x00000000b7c00000) remset 0 code roots 0 marked 0 pinned count 0 reclaim candidate 0 type array 1
[2024-10-26T03:19:29.445+0530][132.170s][debug][gc,humongous      ] GC(429) Humongous region 1050 (object size 1048592 @ 0x00000000c1a00000) remset 0 code roots 0 marked 0 pinned count 0 reclaim candidate 0 type array 1
[2024-10-26T03:19:29.445+0530][132.170s][debug][gc,humongous      ] GC(429) Humongous region 1206 (object size 1048592 @ 0x00000000cb600000) remset 0 code roots 0 marked 0 pinned count 0 reclaim candidate 0 type array 1
[2024-10-26T03:19:29.445+0530][132.170s][debug][gc,humongous      ] GC(429) Humongous region 1522 (object size 1048592 @ 0x00000000df200000) remset 0 code roots 0 marked 0 pinned count 0 reclaim candidate 0 type array 1
[2024-10-26T03:19:29.445+0530][132.170s][debug][gc,humongous      ] GC(429) Humongous region 1364 (object size 1048592 @ 0x00000000d5400000) remset 0 code roots 0 marked 0 pinned count 0 reclaim candidate 0 type array 1
[2024-10-26T03:19:29.445+0530][132.170s][debug][gc,humongous      ] GC(429) Humongous region 1836 (object size 1048592 @ 0x00000000f2c00000) remset 0 code roots 0 marked 0 pinned count 0 reclaim candidate 0 type array 1
[2024-10-26T03:19:29.445+0530][132.170s][debug][gc,humongous      ] GC(429) Humongous region 1680 (object size 1048592 @ 0x00000000e9000000) remset 0 code roots 0 marked 0 pinned count 0 reclaim candidate 0 type array 1
[2024-10-26T03:19:29.445+0530][132.170s][debug][gc,humongous      ] GC(429) Humongous region 1994 (object size 1048592 @ 0x00000000fca00000) remset 0 code roots 0 marked 0 pinned count 0 reclaim candidate 0 type array 1
[2024-10-26T03:19:29.445+0530][132.170s][debug][gc,humongous      ] GC(429) Humongous region 120 (object size 1048592 @ 0x0000000087800000) remset 0 code roots 0 marked 0 pinned count 0 reclaim candidate 0 type array 1
[2024-10-26T03:19:29.445+0530][132.170s][debug][gc,humongous      ] GC(429) Humongous region 264 (object size 1048592 @ 0x0000000090800000) remset 0 code roots 0 marked 0 pinned count 0 reclaim candidate 0 type array 1
[2024-10-26T03:19:29.445+0530][132.170s][debug][gc,humongous      ] GC(429) Humongous region 422 (object size 1048592 @ 0x000000009a600000) remset 0 code roots 0 marked 0 pinned count 0 reclaim candidate 0 type array 1
[2024-10-26T03:19:29.445+0530][132.170s][debug][gc,humongous      ] GC(429) Humongous region 578 (object size 1048592 @ 0x00000000a4200000) remset 0 code roots 0 marked 0 pinned count 0 reclaim candidate 0 type array 1
[2024-10-26T03:19:29.445+0530][132.170s][debug][gc,humongous      ] GC(429) Humongous region 736 (object size 1048592 @ 0x00000000ae000000) remset 0 code roots 0 marked 0 pinned count 0 reclaim candidate 0 type array 1
[2024-10-26T03:19:29.445+0530][132.170s][debug][gc,humongous      ] GC(429) Humongous region 894 (object size 1048592 @ 0x00000000b7e00000) remset 0 code roots 0 marked 0 pinned count 0 reclaim candidate 0 type array 1
[2024-10-26T03:19:29.445+0530][132.170s][debug][gc,humongous      ] GC(429) Humongous region 1052 (object size 1048592 @ 0x00000000c1c00000) remset 0 code roots 0 marked 0 pinned count 0 reclaim candidate 0 type array 1
[2024-10-26T03:19:29.446+0530][132.170s][debug][gc,humongous      ] GC(429) Humongous region 1208 (object size 1048592 @ 0x00000000cb800000) remset 0 code roots 0 marked 0 pinned count 0 reclaim candidate 0 type array 1
[2024-10-26T03:19:29.446+0530][132.170s][debug][gc,humongous      ] GC(429) Humongous region 1524 (object size 1048592 @ 0x00000000df400000) remset 0 code roots 0 marked 0 pinned count 0 reclaim candidate 0 type array 1
[2024-10-26T03:19:29.446+0530][132.170s][debug][gc,humongous      ] GC(429) Humongous region 1366 (object size 1048592 @ 0x00000000d5600000) remset 0 code roots 0 marked 0 pinned count 0 reclaim candidate 0 type array 1
[2024-10-26T03:19:29.446+0530][132.170s][debug][gc,humongous      ] GC(429) Humongous region 1838 (object size 1048592 @ 0x00000000f2e00000) remset 0 code roots 0 marked 0 pinned count 0 reclaim candidate 0 type array 1
[2024-10-26T03:19:29.446+0530][132.170s][debug][gc,humongous      ] GC(429) Humongous region 1682 (object size 1048592 @ 0x00000000e9200000) remset 0 code roots 0 marked 0 pinned count 0 reclaim candidate 0 type array 1
[2024-10-26T03:19:29.446+0530][132.170s][debug][gc,humongous      ] GC(429) Humongous region 1996 (object size 1048592 @ 0x00000000fcc00000) remset 0 code roots 0 marked 0 pinned count 0 reclaim candidate 0 type array 1
[2024-10-26T03:19:29.446+0530][132.170s][debug][gc,humongous      ] GC(429) Humongous region 122 (object size 1048592 @ 0x0000000087a00000) remset 0 code roots 0 marked 0 pinned count 0 reclaim candidate 0 type array 1
[2024-10-26T03:19:29.446+0530][132.170s][debug][gc,humongous      ] GC(429) Humongous region 266 (object size 1048592 @ 0x0000000090a00000) remset 0 code roots 0 marked 0 pinned count 0 reclaim candidate 0 type array 1
[2024-10-26T03:19:29.446+0530][132.170s][debug][gc,humongous      ] GC(429) Humongous region 424 (object size 1048592 @ 0x000000009a800000) remset 0 code roots 0 marked 0 pinned count 0 reclaim candidate 0 type array 1
[2024-10-26T03:19:29.446+0530][132.170s][debug][gc,humongous      ] GC(429) Humongous region 580 (object size 1048592 @ 0x00000000a4400000) remset 0 code roots 0 marked 0 pinned count 0 reclaim candidate 0 type array 1
[2024-10-26T03:19:29.446+0530][132.170s][debug][gc,humongous      ] GC(429) Humongous region 738 (object size 1048592 @ 0x00000000ae200000) remset 0 code roots 0 marked 0 pinned count 0 reclaim candidate 0 type array 1
[2024-10-26T03:19:29.446+0530][132.170s][debug][gc,humongous      ] GC(429) Humongous region 896 (object size 1048592 @ 0x00000000b8000000) remset 0 code roots 0 marked 0 pinned count 0 reclaim candidate 0 type array 1
[2024-10-26T03:19:29.446+0530][132.170s][debug][gc,humongous      ] GC(429) Humongous region 1054 (object size 1048592 @ 0x00000000c1e00000) remset 0 code roots 0 marked 0 pinned count 0 reclaim candidate 0 type array 1
[2024-10-26T03:19:29.446+0530][132.170s][debug][gc,humongous      ] GC(429) Humongous region 1210 (object size 1048592 @ 0x00000000cba00000) remset 0 code roots 0 marked 0 pinned count 0 reclaim candidate 0 type array 1
[2024-10-26T03:19:29.446+0530][132.171s][debug][gc,humongous      ] GC(429) Humongous region 1526 (object size 1048592 @ 0x00000000df600000) remset 0 code roots 0 marked 0 pinned count 0 reclaim candidate 0 type array 1
[2024-10-26T03:19:29.446+0530][132.171s][debug][gc,humongous      ] GC(429) Humongous region 1368 (object size 1048592 @ 0x00000000d5800000) remset 0 code roots 0 marked 0 pinned count 0 reclaim candidate 0 type array 1
[2024-10-26T03:19:29.446+0530][132.171s][debug][gc,humongous      ] GC(429) Humongous region 1840 (object size 1048592 @ 0x00000000f3000000) remset 0 code roots 0 marked 0 pinned count 0 reclaim candidate 0 type array 1
[2024-10-26T03:19:29.446+0530][132.171s][debug][gc,humongous      ] GC(429) Humongous region 1684 (object size 1048592 @ 0x00000000e9400000) remset 0 code roots 0 marked 0 pinned count 0 reclaim candidate 0 type array 1
[2024-10-26T03:19:29.446+0530][132.171s][debug][gc,humongous      ] GC(429) Humongous region 1998 (object size 1048592 @ 0x00000000fce00000) remset 0 code roots 0 marked 0 pinned count 0 reclaim candidate 0 type array 1
[2024-10-26T03:19:29.446+0530][132.171s][debug][gc,humongous      ] GC(429) Humongous region 124 (object size 1048592 @ 0x0000000087c00000) remset 0 code roots 0 marked 0 pinned count 0 reclaim candidate 0 type array 1
[2024-10-26T03:19:29.446+0530][132.171s][debug][gc,humongous      ] GC(429) Humongous region 268 (object size 1048592 @ 0x0000000090c00000) remset 0 code roots 0 marked 0 pinned count 0 reclaim candidate 0 type array 1
[2024-10-26T03:19:29.446+0530][132.171s][debug][gc,humongous      ] GC(429) Humongous region 426 (object size 1048592 @ 0x000000009aa00000) remset 0 code roots 0 marked 0 pinned count 0 reclaim candidate 0 type array 1
[2024-10-26T03:19:29.446+0530][132.171s][debug][gc,humongous      ] GC(429) Humongous region 582 (object size 1048592 @ 0x00000000a4600000) remset 0 code roots 0 marked 0 pinned count 0 reclaim candidate 0 type array 1
[2024-10-26T03:19:29.446+0530][132.171s][debug][gc,humongous      ] GC(429) Humongous region 740 (object size 1048592 @ 0x00000000ae400000) remset 0 code roots 0 marked 0 pinned count 0 reclaim candidate 0 type array 1
[2024-10-26T03:19:29.446+0530][132.171s][debug][gc,humongous      ] GC(429) Humongous region 898 (object size 1048592 @ 0x00000000b8200000) remset 0 code roots 0 marked 0 pinned count 0 reclaim candidate 0 type array 1
[2024-10-26T03:19:29.446+0530][132.171s][debug][gc,humongous      ] GC(429) Humongous region 1056 (object size 1048592 @ 0x00000000c2000000) remset 0 code roots 0 marked 0 pinned count 0 reclaim candidate 0 type array 1
[2024-10-26T03:19:29.446+0530][132.171s][debug][gc,humongous      ] GC(429) Humongous region 1212 (object size 1048592 @ 0x00000000cbc00000) remset 0 code roots 0 marked 0 pinned count 0 reclaim candidate 0 type array 1
[2024-10-26T03:19:29.446+0530][132.171s][debug][gc,humongous      ] GC(429) Humongous region 1528 (object size 1048592 @ 0x00000000df800000) remset 0 code roots 0 marked 0 pinned count 0 reclaim candidate 0 type array 1
[2024-10-26T03:19:29.446+0530][132.171s][debug][gc,humongous      ] GC(429) Humongous region 1370 (object size 1048592 @ 0x00000000d5a00000) remset 0 code roots 0 marked 0 pinned count 0 reclaim candidate 0 type array 1
[2024-10-26T03:19:29.446+0530][132.171s][debug][gc,humongous      ] GC(429) Humongous region 1842 (object size 1048592 @ 0x00000000f3200000) remset 0 code roots 0 marked 0 pinned count 0 reclaim candidate 0 type array 1
[2024-10-26T03:19:29.446+0530][132.171s][debug][gc,humongous      ] GC(429) Humongous region 1686 (object size 1048592 @ 0x00000000e9600000) remset 0 code roots 0 marked 0 pinned count 0 reclaim candidate 0 type array 1
[2024-10-26T03:19:29.446+0530][132.171s][debug][gc,humongous      ] GC(429) Humongous region 2000 (object size 1048592 @ 0x00000000fd000000) remset 0 code roots 0 marked 0 pinned count 0 reclaim candidate 0 type array 1
[2024-10-26T03:19:29.446+0530][132.171s][debug][gc,humongous      ] GC(429) Humongous region 126 (object size 1048592 @ 0x0000000087e00000) remset 0 code roots 0 marked 0 pinned count 0 reclaim candidate 0 type array 1
[2024-10-26T03:19:29.446+0530][132.171s][debug][gc,humongous      ] GC(429) Humongous region 270 (object size 1048592 @ 0x0000000090e00000) remset 0 code roots 0 marked 0 pinned count 0 reclaim candidate 0 type array 1
[2024-10-26T03:19:29.446+0530][132.171s][debug][gc,humongous      ] GC(429) Humongous region 428 (object size 1048592 @ 0x000000009ac00000) remset 0 code roots 0 marked 0 pinned count 0 reclaim candidate 0 type array 1
[2024-10-26T03:19:29.446+0530][132.171s][debug][gc,humongous      ] GC(429) Humongous region 584 (object size 1048592 @ 0x00000000a4800000) remset 0 code roots 0 marked 0 pinned count 0 reclaim candidate 0 type array 1
[2024-10-26T03:19:29.446+0530][132.171s][debug][gc,humongous      ] GC(429) Humongous region 742 (object size 1048592 @ 0x00000000ae600000) remset 0 code roots 0 marked 0 pinned count 0 reclaim candidate 0 type array 1
[2024-10-26T03:19:29.446+0530][132.171s][debug][gc,humongous      ] GC(429) Humongous region 900 (object size 1048592 @ 0x00000000b8400000) remset 0 code roots 0 marked 0 pinned count 0 reclaim candidate 0 type array 1
[2024-10-26T03:19:29.446+0530][132.171s][debug][gc,humongous      ] GC(429) Humongous region 1058 (object size 1048592 @ 0x00000000c2200000) remset 0 code roots 0 marked 0 pinned count 0 reclaim candidate 0 type array 1
[2024-10-26T03:19:29.446+0530][132.171s][debug][gc,humongous      ] GC(429) Humongous region 1214 (object size 1048592 @ 0x00000000cbe00000) remset 0 code roots 0 marked 0 pinned count 0 reclaim candidate 0 type array 1
[2024-10-26T03:19:29.446+0530][132.171s][debug][gc,humongous      ] GC(429) Humongous region 1530 (object size 1048592 @ 0x00000000dfa00000) remset 0 code roots 0 marked 0 pinned count 0 reclaim candidate 0 type array 1
[2024-10-26T03:19:29.446+0530][132.171s][debug][gc,humongous      ] GC(429) Humongous region 1372 (object size 1048592 @ 0x00000000d5c00000) remset 0 code roots 0 marked 0 pinned count 0 reclaim candidate 0 type array 1
[2024-10-26T03:19:29.446+0530][132.171s][debug][gc,humongous      ] GC(429) Humongous region 1844 (object size 1048592 @ 0x00000000f3400000) remset 0 code roots 0 marked 0 pinned count 0 reclaim candidate 0 type array 1
[2024-10-26T03:19:29.446+0530][132.171s][debug][gc,humongous      ] GC(429) Humongous region 1688 (object size 1048592 @ 0x00000000e9800000) remset 0 code roots 0 marked 0 pinned count 0 reclaim candidate 0 type array 1
[2024-10-26T03:19:29.446+0530][132.171s][debug][gc,humongous      ] GC(429) Humongous region 2002 (object size 1048592 @ 0x00000000fd200000) remset 0 code roots 0 marked 0 pinned count 0 reclaim candidate 0 type array 1
[2024-10-26T03:19:29.446+0530][132.171s][debug][gc,humongous      ] GC(429) Humongous region 128 (object size 1048592 @ 0x0000000088000000) remset 0 code roots 0 marked 0 pinned count 0 reclaim candidate 0 type array 1
[2024-10-26T03:19:29.446+0530][132.171s][debug][gc,humongous      ] GC(429) Humongous region 272 (object size 1048592 @ 0x0000000091000000) remset 0 code roots 0 marked 0 pinned count 0 reclaim candidate 0 type array 1
[2024-10-26T03:19:29.446+0530][132.171s][debug][gc,humongous      ] GC(429) Humongous region 430 (object size 1048592 @ 0x000000009ae00000) remset 0 code roots 0 marked 0 pinned count 0 reclaim candidate 0 type array 1
[2024-10-26T03:19:29.446+0530][132.171s][debug][gc,humongous      ] GC(429) Humongous region 586 (object size 1048592 @ 0x00000000a4a00000) remset 0 code roots 0 marked 0 pinned count 0 reclaim candidate 0 type array 1
[2024-10-26T03:19:29.446+0530][132.171s][debug][gc,humongous      ] GC(429) Humongous region 744 (object size 1048592 @ 0x00000000ae800000) remset 0 code roots 0 marked 0 pinned count 0 reclaim candidate 0 type array 1
[2024-10-26T03:19:29.446+0530][132.171s][debug][gc,humongous      ] GC(429) Humongous region 902 (object size 1048592 @ 0x00000000b8600000) remset 0 code roots 0 marked 0 pinned count 0 reclaim candidate 0 type array 1
[2024-10-26T03:19:29.446+0530][132.171s][debug][gc,humongous      ] GC(429) Humongous region 1060 (object size 1048592 @ 0x00000000c2400000) remset 0 code roots 0 marked 0 pinned count 0 reclaim candidate 0 type array 1
[2024-10-26T03:19:29.446+0530][132.171s][debug][gc,humongous      ] GC(429) Humongous region 1216 (object size 1048592 @ 0x00000000cc000000) remset 0 code roots 0 marked 0 pinned count 0 reclaim candidate 0 type array 1
[2024-10-26T03:19:29.446+0530][132.171s][debug][gc,humongous      ] GC(429) Humongous region 1532 (object size 1048592 @ 0x00000000dfc00000) remset 0 code roots 0 marked 0 pinned count 0 reclaim candidate 0 type array 1
[2024-10-26T03:19:29.446+0530][132.171s][debug][gc,humongous      ] GC(429) Humongous region 1374 (object size 1048592 @ 0x00000000d5e00000) remset 0 code roots 0 marked 0 pinned count 0 reclaim candidate 0 type array 1
[2024-10-26T03:19:29.446+0530][132.171s][debug][gc,humongous      ] GC(429) Humongous region 1846 (object size 1048592 @ 0x00000000f3600000) remset 0 code roots 0 marked 0 pinned count 0 reclaim candidate 0 type array 1
[2024-10-26T03:19:29.446+0530][132.171s][debug][gc,humongous      ] GC(429) Humongous region 1690 (object size 1048592 @ 0x00000000e9a00000) remset 0 code roots 0 marked 0 pinned count 0 reclaim candidate 0 type array 1
[2024-10-26T03:19:29.446+0530][132.171s][debug][gc,humongous      ] GC(429) Humongous region 2004 (object size 1048592 @ 0x00000000fd400000) remset 0 code roots 0 marked 0 pinned count 0 reclaim candidate 0 type array 1
[2024-10-26T03:19:29.446+0530][132.171s][debug][gc,humongous      ] GC(429) Humongous region 130 (object size 1048592 @ 0x0000000088200000) remset 0 code roots 0 marked 0 pinned count 0 reclaim candidate 0 type array 1
[2024-10-26T03:19:29.446+0530][132.171s][debug][gc,humongous      ] GC(429) Humongous region 274 (object size 1048592 @ 0x0000000091200000) remset 0 code roots 0 marked 0 pinned count 0 reclaim candidate 0 type array 1
[2024-10-26T03:19:29.446+0530][132.171s][debug][gc,humongous      ] GC(429) Humongous region 432 (object size 1048592 @ 0x000000009b000000) remset 0 code roots 0 marked 0 pinned count 0 reclaim candidate 0 type array 1
[2024-10-26T03:19:29.446+0530][132.171s][debug][gc,humongous      ] GC(429) Humongous region 588 (object size 1048592 @ 0x00000000a4c00000) remset 0 code roots 0 marked 0 pinned count 0 reclaim candidate 0 type array 1
[2024-10-26T03:19:29.446+0530][132.171s][debug][gc,humongous      ] GC(429) Humongous region 746 (object size 1048592 @ 0x00000000aea00000) remset 0 code roots 0 marked 0 pinned count 0 reclaim candidate 0 type array 1
[2024-10-26T03:19:29.446+0530][132.171s][debug][gc,humongous      ] GC(429) Humongous region 904 (object size 1048592 @ 0x00000000b8800000) remset 0 code roots 0 marked 0 pinned count 0 reclaim candidate 0 type array 1
[2024-10-26T03:19:29.446+0530][132.171s][debug][gc,humongous      ] GC(429) Humongous region 1062 (object size 1048592 @ 0x00000000c2600000) remset 0 code roots 0 marked 0 pinned count 0 reclaim candidate 0 type array 1
[2024-10-26T03:19:29.446+0530][132.171s][debug][gc,humongous      ] GC(429) Humongous region 1218 (object size 1048592 @ 0x00000000cc200000) remset 0 code roots 0 marked 0 pinned count 0 reclaim candidate 0 type array 1
[2024-10-26T03:19:29.446+0530][132.171s][debug][gc,humongous      ] GC(429) Humongous region 1534 (object size 1048592 @ 0x00000000dfe00000) remset 0 code roots 0 marked 0 pinned count 0 reclaim candidate 0 type array 1
[2024-10-26T03:19:29.446+0530][132.171s][debug][gc,humongous      ] GC(429) Humongous region 1376 (object size 1048592 @ 0x00000000d6000000) remset 0 code roots 0 marked 0 pinned count 0 reclaim candidate 0 type array 1
[2024-10-26T03:19:29.446+0530][132.171s][debug][gc,humongous      ] GC(429) Humongous region 1848 (object size 1048592 @ 0x00000000f3800000) remset 0 code roots 0 marked 0 pinned count 0 reclaim candidate 0 type array 1
[2024-10-26T03:19:29.446+0530][132.171s][debug][gc,humongous      ] GC(429) Humongous region 1692 (object size 1048592 @ 0x00000000e9c00000) remset 0 code roots 0 marked 0 pinned count 0 reclaim candidate 0 type array 1
[2024-10-26T03:19:29.446+0530][132.171s][debug][gc,humongous      ] GC(429) Humongous region 2006 (object size 1048592 @ 0x00000000fd600000) remset 0 code roots 0 marked 0 pinned count 0 reclaim candidate 0 type array 1
[2024-10-26T03:19:29.446+0530][132.171s][debug][gc,humongous      ] GC(429) Humongous region 132 (object size 1048592 @ 0x0000000088400000) remset 0 code roots 0 marked 0 pinned count 0 reclaim candidate 0 type array 1
[2024-10-26T03:19:29.446+0530][132.171s][debug][gc,humongous      ] GC(429) Humongous region 276 (object size 1048592 @ 0x0000000091400000) remset 0 code roots 0 marked 0 pinned count 0 reclaim candidate 0 type array 1
[2024-10-26T03:19:29.446+0530][132.171s][debug][gc,humongous      ] GC(429) Humongous region 434 (object size 1048592 @ 0x000000009b200000) remset 0 code roots 0 marked 0 pinned count 0 reclaim candidate 0 type array 1
[2024-10-26T03:19:29.446+0530][132.171s][debug][gc,humongous      ] GC(429) Humongous region 590 (object size 1048592 @ 0x00000000a4e00000) remset 0 code roots 0 marked 0 pinned count 0 reclaim candidate 0 type array 1
[2024-10-26T03:19:29.446+0530][132.171s][debug][gc,humongous      ] GC(429) Humongous region 748 (object size 1048592 @ 0x00000000aec00000) remset 0 code roots 0 marked 0 pinned count 0 reclaim candidate 0 type array 1
[2024-10-26T03:19:29.446+0530][132.171s][debug][gc,humongous      ] GC(429) Humongous region 906 (object size 1048592 @ 0x00000000b8a00000) remset 0 code roots 0 marked 0 pinned count 0 reclaim candidate 0 type array 1
[2024-10-26T03:19:29.446+0530][132.171s][debug][gc,humongous      ] GC(429) Humongous region 1064 (object size 1048592 @ 0x00000000c2800000) remset 0 code roots 0 marked 0 pinned count 0 reclaim candidate 0 type array 1
[2024-10-26T03:19:29.446+0530][132.171s][debug][gc,humongous      ] GC(429) Humongous region 1220 (object size 1048592 @ 0x00000000cc400000) remset 0 code roots 0 marked 0 pinned count 0 reclaim candidate 0 type array 1
[2024-10-26T03:19:29.446+0530][132.171s][debug][gc,humongous      ] GC(429) Humongous region 1536 (object size 1048592 @ 0x00000000e0000000) remset 0 code roots 0 marked 0 pinned count 0 reclaim candidate 0 type array 1
[2024-10-26T03:19:29.447+0530][132.171s][debug][gc,humongous      ] GC(429) Humongous region 1378 (object size 1048592 @ 0x00000000d6200000) remset 0 code roots 0 marked 0 pinned count 0 reclaim candidate 0 type array 1
[2024-10-26T03:19:29.447+0530][132.171s][debug][gc,humongous      ] GC(429) Humongous region 1850 (object size 1048592 @ 0x00000000f3a00000) remset 0 code roots 0 marked 0 pinned count 0 reclaim candidate 0 type array 1
[2024-10-26T03:19:29.447+0530][132.171s][debug][gc,humongous      ] GC(429) Humongous region 1694 (object size 1048592 @ 0x00000000e9e00000) remset 0 code roots 0 marked 0 pinned count 0 reclaim candidate 0 type array 1
[2024-10-26T03:19:29.447+0530][132.171s][debug][gc,humongous      ] GC(429) Humongous region 2008 (object size 1048592 @ 0x00000000fd800000) remset 0 code roots 0 marked 0 pinned count 0 reclaim candidate 0 type array 1
[2024-10-26T03:19:29.447+0530][132.171s][debug][gc,humongous      ] GC(429) Humongous region 134 (object size 1048592 @ 0x0000000088600000) remset 0 code roots 0 marked 0 pinned count 0 reclaim candidate 0 type array 1
[2024-10-26T03:19:29.447+0530][132.171s][debug][gc,humongous      ] GC(429) Humongous region 278 (object size 1048592 @ 0x0000000091600000) remset 0 code roots 0 marked 0 pinned count 0 reclaim candidate 0 type array 1
[2024-10-26T03:19:29.447+0530][132.171s][debug][gc,humongous      ] GC(429) Humongous region 436 (object size 1048592 @ 0x000000009b400000) remset 0 code roots 0 marked 0 pinned count 0 reclaim candidate 0 type array 1
[2024-10-26T03:19:29.447+0530][132.171s][debug][gc,humongous      ] GC(429) Humongous region 592 (object size 1048592 @ 0x00000000a5000000) remset 0 code roots 0 marked 0 pinned count 0 reclaim candidate 0 type array 1
[2024-10-26T03:19:29.447+0530][132.171s][debug][gc,humongous      ] GC(429) Humongous region 750 (object size 1048592 @ 0x00000000aee00000) remset 0 code roots 0 marked 0 pinned count 0 reclaim candidate 0 type array 1
[2024-10-26T03:19:29.447+0530][132.171s][debug][gc,humongous      ] GC(429) Humongous region 908 (object size 1048592 @ 0x00000000b8c00000) remset 0 code roots 0 marked 0 pinned count 0 reclaim candidate 0 type array 1
[2024-10-26T03:19:29.447+0530][132.171s][debug][gc,humongous      ] GC(429) Humongous region 1066 (object size 1048592 @ 0x00000000c2a00000) remset 0 code roots 0 marked 0 pinned count 0 reclaim candidate 0 type array 1
[2024-10-26T03:19:29.447+0530][132.171s][debug][gc,humongous      ] GC(429) Humongous region 1222 (object size 1048592 @ 0x00000000cc600000) remset 0 code roots 0 marked 0 pinned count 0 reclaim candidate 0 type array 1
[2024-10-26T03:19:29.447+0530][132.171s][debug][gc,humongous      ] GC(429) Humongous region 1538 (object size 1048592 @ 0x00000000e0200000) remset 0 code roots 0 marked 0 pinned count 0 reclaim candidate 0 type array 1
[2024-10-26T03:19:29.447+0530][132.172s][debug][gc,humongous      ] GC(429) Humongous region 1380 (object size 1048592 @ 0x00000000d6400000) remset 0 code roots 0 marked 0 pinned count 0 reclaim candidate 0 type array 1
[2024-10-26T03:19:29.447+0530][132.172s][debug][gc,humongous      ] GC(429) Humongous region 1852 (object size 1048592 @ 0x00000000f3c00000) remset 0 code roots 0 marked 0 pinned count 0 reclaim candidate 0 type array 1
[2024-10-26T03:19:29.447+0530][132.172s][debug][gc,humongous      ] GC(429) Humongous region 1696 (object size 1048592 @ 0x00000000ea000000) remset 0 code roots 0 marked 0 pinned count 0 reclaim candidate 0 type array 1
[2024-10-26T03:19:29.447+0530][132.172s][debug][gc,humongous      ] GC(429) Humongous region 2010 (object size 1048592 @ 0x00000000fda00000) remset 0 code roots 0 marked 0 pinned count 0 reclaim candidate 0 type array 1
[2024-10-26T03:19:29.447+0530][132.172s][debug][gc,humongous      ] GC(429) Humongous region 136 (object size 1048592 @ 0x0000000088800000) remset 0 code roots 0 marked 0 pinned count 0 reclaim candidate 0 type array 1
[2024-10-26T03:19:29.447+0530][132.172s][debug][gc,humongous      ] GC(429) Humongous region 280 (object size 1048592 @ 0x0000000091800000) remset 0 code roots 0 marked 0 pinned count 0 reclaim candidate 0 type array 1
[2024-10-26T03:19:29.447+0530][132.172s][debug][gc,humongous      ] GC(429) Humongous region 438 (object size 1048592 @ 0x000000009b600000) remset 0 code roots 0 marked 0 pinned count 0 reclaim candidate 0 type array 1
[2024-10-26T03:19:29.447+0530][132.172s][debug][gc,humongous      ] GC(429) Humongous region 594 (object size 1048592 @ 0x00000000a5200000) remset 0 code roots 0 marked 0 pinned count 0 reclaim candidate 0 type array 1
[2024-10-26T03:19:29.447+0530][132.172s][debug][gc,humongous      ] GC(429) Humongous region 752 (object size 1048592 @ 0x00000000af000000) remset 0 code roots 0 marked 0 pinned count 0 reclaim candidate 0 type array 1
[2024-10-26T03:19:29.447+0530][132.172s][debug][gc,humongous      ] GC(429) Humongous region 910 (object size 1048592 @ 0x00000000b8e00000) remset 0 code roots 0 marked 0 pinned count 0 reclaim candidate 0 type array 1
[2024-10-26T03:19:29.447+0530][132.172s][debug][gc,humongous      ] GC(429) Humongous region 1068 (object size 1048592 @ 0x00000000c2c00000) remset 0 code roots 0 marked 0 pinned count 0 reclaim candidate 0 type array 1
[2024-10-26T03:19:29.447+0530][132.172s][debug][gc,humongous      ] GC(429) Humongous region 1224 (object size 1048592 @ 0x00000000cc800000) remset 0 code roots 0 marked 0 pinned count 0 reclaim candidate 0 type array 1
[2024-10-26T03:19:29.447+0530][132.172s][debug][gc,humongous      ] GC(429) Humongous region 1540 (object size 1048592 @ 0x00000000e0400000) remset 0 code roots 0 marked 0 pinned count 0 reclaim candidate 0 type array 1
[2024-10-26T03:19:29.447+0530][132.172s][debug][gc,humongous      ] GC(429) Humongous region 1382 (object size 1048592 @ 0x00000000d6600000) remset 0 code roots 0 marked 0 pinned count 0 reclaim candidate 0 type array 1
[2024-10-26T03:19:29.447+0530][132.172s][debug][gc,humongous      ] GC(429) Humongous region 1854 (object size 1048592 @ 0x00000000f3e00000) remset 0 code roots 0 marked 0 pinned count 0 reclaim candidate 0 type array 1
[2024-10-26T03:19:29.447+0530][132.172s][debug][gc,humongous      ] GC(429) Humongous region 1698 (object size 1048592 @ 0x00000000ea200000) remset 0 code roots 0 marked 0 pinned count 0 reclaim candidate 0 type array 1
[2024-10-26T03:19:29.447+0530][132.172s][debug][gc,humongous      ] GC(429) Humongous region 2012 (object size 1048592 @ 0x00000000fdc00000) remset 0 code roots 0 marked 0 pinned count 0 reclaim candidate 0 type array 1
[2024-10-26T03:19:29.447+0530][132.172s][debug][gc,humongous      ] GC(429) Humongous region 138 (object size 1048592 @ 0x0000000088a00000) remset 0 code roots 0 marked 0 pinned count 0 reclaim candidate 0 type array 1
[2024-10-26T03:19:29.447+0530][132.172s][debug][gc,humongous      ] GC(429) Humongous region 282 (object size 1048592 @ 0x0000000091a00000) remset 0 code roots 0 marked 0 pinned count 0 reclaim candidate 0 type array 1
[2024-10-26T03:19:29.447+0530][132.172s][debug][gc,humongous      ] GC(429) Humongous region 440 (object size 1048592 @ 0x000000009b800000) remset 0 code roots 0 marked 0 pinned count 0 reclaim candidate 0 type array 1
[2024-10-26T03:19:29.447+0530][132.172s][debug][gc,humongous      ] GC(429) Humongous region 596 (object size 1048592 @ 0x00000000a5400000) remset 0 code roots 0 marked 0 pinned count 0 reclaim candidate 0 type array 1
[2024-10-26T03:19:29.447+0530][132.172s][debug][gc,humongous      ] GC(429) Humongous region 754 (object size 1048592 @ 0x00000000af200000) remset 0 code roots 0 marked 0 pinned count 0 reclaim candidate 0 type array 1
[2024-10-26T03:19:29.447+0530][132.172s][debug][gc,humongous      ] GC(429) Humongous region 912 (object size 1048592 @ 0x00000000b9000000) remset 0 code roots 0 marked 0 pinned count 0 reclaim candidate 0 type array 1
[2024-10-26T03:19:29.447+0530][132.172s][debug][gc,humongous      ] GC(429) Humongous region 1070 (object size 1048592 @ 0x00000000c2e00000) remset 0 code roots 0 marked 0 pinned count 0 reclaim candidate 0 type array 1
[2024-10-26T03:19:29.447+0530][132.172s][debug][gc,humongous      ] GC(429) Humongous region 1226 (object size 1048592 @ 0x00000000cca00000) remset 0 code roots 0 marked 0 pinned count 0 reclaim candidate 0 type array 1
[2024-10-26T03:19:29.447+0530][132.172s][debug][gc,humongous      ] GC(429) Humongous region 1542 (object size 1048592 @ 0x00000000e0600000) remset 0 code roots 0 marked 0 pinned count 0 reclaim candidate 0 type array 1
[2024-10-26T03:19:29.447+0530][132.172s][debug][gc,humongous      ] GC(429) Humongous region 1384 (object size 1048592 @ 0x00000000d6800000) remset 0 code roots 0 marked 0 pinned count 0 reclaim candidate 0 type array 1
[2024-10-26T03:19:29.447+0530][132.172s][debug][gc,humongous      ] GC(429) Humongous region 1856 (object size 1048592 @ 0x00000000f4000000) remset 0 code roots 0 marked 0 pinned count 0 reclaim candidate 0 type array 1
[2024-10-26T03:19:29.447+0530][132.172s][debug][gc,humongous      ] GC(429) Humongous region 1700 (object size 1048592 @ 0x00000000ea400000) remset 0 code roots 0 marked 0 pinned count 0 reclaim candidate 0 type array 1
[2024-10-26T03:19:29.447+0530][132.172s][debug][gc,humongous      ] GC(429) Humongous region 2014 (object size 1048592 @ 0x00000000fde00000) remset 0 code roots 0 marked 0 pinned count 0 reclaim candidate 0 type array 1
[2024-10-26T03:19:29.447+0530][132.172s][debug][gc,humongous      ] GC(429) Humongous region 140 (object size 1048592 @ 0x0000000088c00000) remset 0 code roots 0 marked 0 pinned count 0 reclaim candidate 0 type array 1
[2024-10-26T03:19:29.447+0530][132.172s][debug][gc,humongous      ] GC(429) Humongous region 284 (object size 1048592 @ 0x0000000091c00000) remset 0 code roots 0 marked 0 pinned count 0 reclaim candidate 0 type array 1
[2024-10-26T03:19:29.447+0530][132.172s][debug][gc,humongous      ] GC(429) Humongous region 442 (object size 1048592 @ 0x000000009ba00000) remset 0 code roots 0 marked 0 pinned count 0 reclaim candidate 0 type array 1
[2024-10-26T03:19:29.447+0530][132.172s][debug][gc,humongous      ] GC(429) Humongous region 598 (object size 1048592 @ 0x00000000a5600000) remset 0 code roots 0 marked 0 pinned count 0 reclaim candidate 0 type array 1
[2024-10-26T03:19:29.447+0530][132.172s][debug][gc,humongous      ] GC(429) Humongous region 756 (object size 1048592 @ 0x00000000af400000) remset 0 code roots 0 marked 0 pinned count 0 reclaim candidate 0 type array 1
[2024-10-26T03:19:29.447+0530][132.172s][debug][gc,humongous      ] GC(429) Humongous region 914 (object size 1048592 @ 0x00000000b9200000) remset 0 code roots 0 marked 0 pinned count 0 reclaim candidate 0 type array 1
[2024-10-26T03:19:29.447+0530][132.172s][debug][gc,humongous      ] GC(429) Humongous region 1072 (object size 1048592 @ 0x00000000c3000000) remset 0 code roots 0 marked 0 pinned count 0 reclaim candidate 0 type array 1
[2024-10-26T03:19:29.447+0530][132.172s][debug][gc,humongous      ] GC(429) Humongous region 1228 (object size 1048592 @ 0x00000000ccc00000) remset 0 code roots 0 marked 0 pinned count 0 reclaim candidate 0 type array 1
[2024-10-26T03:19:29.447+0530][132.172s][debug][gc,humongous      ] GC(429) Humongous region 1544 (object size 1048592 @ 0x00000000e0800000) remset 0 code roots 0 marked 0 pinned count 0 reclaim candidate 0 type array 1
[2024-10-26T03:19:29.447+0530][132.172s][debug][gc,humongous      ] GC(429) Humongous region 1386 (object size 1048592 @ 0x00000000d6a00000) remset 0 code roots 0 marked 0 pinned count 0 reclaim candidate 0 type array 1
[2024-10-26T03:19:29.447+0530][132.172s][debug][gc,humongous      ] GC(429) Humongous region 1858 (object size 1048592 @ 0x00000000f4200000) remset 0 code roots 0 marked 0 pinned count 0 reclaim candidate 0 type array 1
[2024-10-26T03:19:29.447+0530][132.172s][debug][gc,humongous      ] GC(429) Humongous region 1702 (object size 1048592 @ 0x00000000ea600000) remset 0 code roots 0 marked 0 pinned count 0 reclaim candidate 0 type array 1
[2024-10-26T03:19:29.447+0530][132.172s][debug][gc,humongous      ] GC(429) Humongous region 2016 (object size 1048592 @ 0x00000000fe000000) remset 0 code roots 0 marked 0 pinned count 0 reclaim candidate 0 type array 1
[2024-10-26T03:19:29.447+0530][132.172s][debug][gc,humongous      ] GC(429) Humongous region 142 (object size 1048592 @ 0x0000000088e00000) remset 0 code roots 0 marked 0 pinned count 0 reclaim candidate 0 type array 1
[2024-10-26T03:19:29.447+0530][132.172s][debug][gc,humongous      ] GC(429) Humongous region 286 (object size 1048592 @ 0x0000000091e00000) remset 0 code roots 0 marked 0 pinned count 0 reclaim candidate 0 type array 1
[2024-10-26T03:19:29.447+0530][132.172s][debug][gc,humongous      ] GC(429) Humongous region 444 (object size 1048592 @ 0x000000009bc00000) remset 0 code roots 0 marked 0 pinned count 0 reclaim candidate 0 type array 1
[2024-10-26T03:19:29.447+0530][132.172s][debug][gc,humongous      ] GC(429) Humongous region 600 (object size 1048592 @ 0x00000000a5800000) remset 0 code roots 0 marked 0 pinned count 0 reclaim candidate 0 type array 1
[2024-10-26T03:19:29.447+0530][132.172s][debug][gc,humongous      ] GC(429) Humongous region 758 (object size 1048592 @ 0x00000000af600000) remset 0 code roots 0 marked 0 pinned count 0 reclaim candidate 0 type array 1
[2024-10-26T03:19:29.447+0530][132.172s][debug][gc,humongous      ] GC(429) Humongous region 916 (object size 1048592 @ 0x00000000b9400000) remset 0 code roots 0 marked 0 pinned count 0 reclaim candidate 0 type array 1
[2024-10-26T03:19:29.447+0530][132.172s][debug][gc,humongous      ] GC(429) Humongous region 1074 (object size 1048592 @ 0x00000000c3200000) remset 0 code roots 0 marked 0 pinned count 0 reclaim candidate 0 type array 1
[2024-10-26T03:19:29.447+0530][132.172s][debug][gc,humongous      ] GC(429) Humongous region 1230 (object size 1048592 @ 0x00000000cce00000) remset 0 code roots 0 marked 0 pinned count 0 reclaim candidate 0 type array 1
[2024-10-26T03:19:29.447+0530][132.172s][debug][gc,humongous      ] GC(429) Humongous region 1546 (object size 1048592 @ 0x00000000e0a00000) remset 0 code roots 0 marked 0 pinned count 0 reclaim candidate 0 type array 1
[2024-10-26T03:19:29.447+0530][132.172s][debug][gc,humongous      ] GC(429) Humongous region 1388 (object size 1048592 @ 0x00000000d6c00000) remset 0 code roots 0 marked 0 pinned count 0 reclaim candidate 0 type array 1
[2024-10-26T03:19:29.447+0530][132.172s][debug][gc,humongous      ] GC(429) Humongous region 1860 (object size 1048592 @ 0x00000000f4400000) remset 0 code roots 0 marked 0 pinned count 0 reclaim candidate 0 type array 1
[2024-10-26T03:19:29.447+0530][132.172s][debug][gc,humongous      ] GC(429) Humongous region 1704 (object size 1048592 @ 0x00000000ea800000) remset 0 code roots 0 marked 0 pinned count 0 reclaim candidate 0 type array 1
[2024-10-26T03:19:29.447+0530][132.172s][debug][gc,humongous      ] GC(429) Humongous region 2018 (object size 1048592 @ 0x00000000fe200000) remset 0 code roots 0 marked 0 pinned count 0 reclaim candidate 0 type array 1
[2024-10-26T03:19:29.447+0530][132.172s][debug][gc,humongous      ] GC(429) Humongous region 144 (object size 1048592 @ 0x0000000089000000) remset 0 code roots 0 marked 0 pinned count 0 reclaim candidate 0 type array 1
[2024-10-26T03:19:29.447+0530][132.172s][debug][gc,humongous      ] GC(429) Humongous region 288 (object size 1048592 @ 0x0000000092000000) remset 0 code roots 0 marked 0 pinned count 0 reclaim candidate 0 type array 1
[2024-10-26T03:19:29.447+0530][132.172s][debug][gc,humongous      ] GC(429) Humongous region 446 (object size 1048592 @ 0x000000009be00000) remset 0 code roots 0 marked 0 pinned count 0 reclaim candidate 0 type array 1
[2024-10-26T03:19:29.447+0530][132.172s][debug][gc,humongous      ] GC(429) Humongous region 602 (object size 1048592 @ 0x00000000a5a00000) remset 0 code roots 0 marked 0 pinned count 0 reclaim candidate 0 type array 1
[2024-10-26T03:19:29.447+0530][132.172s][debug][gc,humongous      ] GC(429) Humongous region 760 (object size 1048592 @ 0x00000000af800000) remset 0 code roots 0 marked 0 pinned count 0 reclaim candidate 0 type array 1
[2024-10-26T03:19:29.447+0530][132.172s][debug][gc,humongous      ] GC(429) Humongous region 918 (object size 1048592 @ 0x00000000b9600000) remset 0 code roots 0 marked 0 pinned count 0 reclaim candidate 0 type array 1
[2024-10-26T03:19:29.447+0530][132.172s][debug][gc,humongous      ] GC(429) Humongous region 1076 (object size 1048592 @ 0x00000000c3400000) remset 0 code roots 0 marked 0 pinned count 0 reclaim candidate 0 type array 1
[2024-10-26T03:19:29.447+0530][132.172s][debug][gc,humongous      ] GC(429) Humongous region 1232 (object size 1048592 @ 0x00000000cd000000) remset 0 code roots 0 marked 0 pinned count 0 reclaim candidate 0 type array 1
[2024-10-26T03:19:29.448+0530][132.172s][debug][gc,humongous      ] GC(429) Humongous region 1548 (object size 1048592 @ 0x00000000e0c00000) remset 0 code roots 0 marked 0 pinned count 0 reclaim candidate 0 type array 1
[2024-10-26T03:19:29.448+0530][132.172s][debug][gc,humongous      ] GC(429) Humongous region 1390 (object size 1048592 @ 0x00000000d6e00000) remset 0 code roots 0 marked 0 pinned count 0 reclaim candidate 0 type array 1
[2024-10-26T03:19:29.448+0530][132.172s][debug][gc,humongous      ] GC(429) Humongous region 1862 (object size 1048592 @ 0x00000000f4600000) remset 0 code roots 0 marked 0 pinned count 0 reclaim candidate 0 type array 1
[2024-10-26T03:19:29.448+0530][132.172s][debug][gc,humongous      ] GC(429) Humongous region 1706 (object size 1048592 @ 0x00000000eaa00000) remset 0 code roots 0 marked 0 pinned count 0 reclaim candidate 0 type array 1
[2024-10-26T03:19:29.448+0530][132.172s][debug][gc,humongous      ] GC(429) Humongous region 2020 (object size 1048592 @ 0x00000000fe400000) remset 0 code roots 0 marked 0 pinned count 0 reclaim candidate 0 type array 1
[2024-10-26T03:19:29.448+0530][132.172s][debug][gc,humongous      ] GC(429) Humongous region 146 (object size 1048592 @ 0x0000000089200000) remset 0 code roots 0 marked 0 pinned count 0 reclaim candidate 0 type array 1
[2024-10-26T03:19:29.448+0530][132.172s][debug][gc,humongous      ] GC(429) Humongous region 290 (object size 1048592 @ 0x0000000092200000) remset 0 code roots 0 marked 0 pinned count 0 reclaim candidate 0 type array 1
[2024-10-26T03:19:29.448+0530][132.172s][debug][gc,humongous      ] GC(429) Humongous region 448 (object size 1048592 @ 0x000000009c000000) remset 0 code roots 0 marked 0 pinned count 0 reclaim candidate 0 type array 1
[2024-10-26T03:19:29.448+0530][132.172s][debug][gc,humongous      ] GC(429) Humongous region 604 (object size 1048592 @ 0x00000000a5c00000) remset 0 code roots 0 marked 0 pinned count 0 reclaim candidate 0 type array 1
[2024-10-26T03:19:29.448+0530][132.172s][debug][gc,humongous      ] GC(429) Humongous region 762 (object size 1048592 @ 0x00000000afa00000) remset 0 code roots 0 marked 0 pinned count 0 reclaim candidate 0 type array 1
[2024-10-26T03:19:29.448+0530][132.172s][debug][gc,humongous      ] GC(429) Humongous region 920 (object size 1048592 @ 0x00000000b9800000) remset 0 code roots 0 marked 0 pinned count 0 reclaim candidate 0 type array 1
[2024-10-26T03:19:29.448+0530][132.172s][debug][gc,humongous      ] GC(429) Humongous region 1078 (object size 1048592 @ 0x00000000c3600000) remset 0 code roots 0 marked 0 pinned count 0 reclaim candidate 0 type array 1
[2024-10-26T03:19:29.448+0530][132.172s][debug][gc,humongous      ] GC(429) Humongous region 1234 (object size 1048592 @ 0x00000000cd200000) remset 0 code roots 0 marked 0 pinned count 0 reclaim candidate 0 type array 1
[2024-10-26T03:19:29.448+0530][132.172s][debug][gc,humongous      ] GC(429) Humongous region 1550 (object size 1048592 @ 0x00000000e0e00000) remset 0 code roots 0 marked 0 pinned count 0 reclaim candidate 0 type array 1
[2024-10-26T03:19:29.448+0530][132.173s][debug][gc,humongous      ] GC(429) Humongous region 1392 (object size 1048592 @ 0x00000000d7000000) remset 0 code roots 0 marked 0 pinned count 0 reclaim candidate 0 type array 1
[2024-10-26T03:19:29.448+0530][132.173s][debug][gc,humongous      ] GC(429) Humongous region 1864 (object size 1048592 @ 0x00000000f4800000) remset 0 code roots 0 marked 0 pinned count 0 reclaim candidate 0 type array 1
[2024-10-26T03:19:29.448+0530][132.173s][debug][gc,humongous      ] GC(429) Humongous region 1708 (object size 1048592 @ 0x00000000eac00000) remset 0 code roots 0 marked 0 pinned count 0 reclaim candidate 0 type array 1
[2024-10-26T03:19:29.448+0530][132.173s][debug][gc,humongous      ] GC(429) Humongous region 2022 (object size 1048592 @ 0x00000000fe600000) remset 0 code roots 0 marked 0 pinned count 0 reclaim candidate 0 type array 1
[2024-10-26T03:19:29.448+0530][132.173s][debug][gc,humongous      ] GC(429) Humongous region 148 (object size 1048592 @ 0x0000000089400000) remset 0 code roots 0 marked 0 pinned count 0 reclaim candidate 0 type array 1
[2024-10-26T03:19:29.448+0530][132.173s][debug][gc,humongous      ] GC(429) Humongous region 292 (object size 1048592 @ 0x0000000092400000) remset 0 code roots 0 marked 0 pinned count 0 reclaim candidate 0 type array 1
[2024-10-26T03:19:29.448+0530][132.173s][debug][gc,humongous      ] GC(429) Humongous region 450 (object size 1048592 @ 0x000000009c200000) remset 0 code roots 0 marked 0 pinned count 0 reclaim candidate 0 type array 1
[2024-10-26T03:19:29.448+0530][132.173s][debug][gc,humongous      ] GC(429) Humongous region 606 (object size 1048592 @ 0x00000000a5e00000) remset 0 code roots 0 marked 0 pinned count 0 reclaim candidate 0 type array 1
[2024-10-26T03:19:29.448+0530][132.173s][debug][gc,humongous      ] GC(429) Humongous region 764 (object size 1048592 @ 0x00000000afc00000) remset 0 code roots 0 marked 0 pinned count 0 reclaim candidate 0 type array 1
[2024-10-26T03:19:29.448+0530][132.173s][debug][gc,humongous      ] GC(429) Humongous region 922 (object size 1048592 @ 0x00000000b9a00000) remset 0 code roots 0 marked 0 pinned count 0 reclaim candidate 0 type array 1
[2024-10-26T03:19:29.448+0530][132.173s][debug][gc,humongous      ] GC(429) Humongous region 1080 (object size 1048592 @ 0x00000000c3800000) remset 0 code roots 0 marked 0 pinned count 0 reclaim candidate 0 type array 1
[2024-10-26T03:19:29.448+0530][132.173s][debug][gc,humongous      ] GC(429) Humongous region 1236 (object size 1048592 @ 0x00000000cd400000) remset 0 code roots 0 marked 0 pinned count 0 reclaim candidate 0 type array 1
[2024-10-26T03:19:29.448+0530][132.173s][debug][gc,humongous      ] GC(429) Humongous region 1552 (object size 1048592 @ 0x00000000e1000000) remset 0 code roots 0 marked 0 pinned count 0 reclaim candidate 0 type array 1
[2024-10-26T03:19:29.448+0530][132.173s][debug][gc,humongous      ] GC(429) Humongous region 1394 (object size 1048592 @ 0x00000000d7200000) remset 0 code roots 0 marked 0 pinned count 0 reclaim candidate 0 type array 1
[2024-10-26T03:19:29.448+0530][132.173s][debug][gc,humongous      ] GC(429) Humongous region 1866 (object size 1048592 @ 0x00000000f4a00000) remset 0 code roots 0 marked 0 pinned count 0 reclaim candidate 0 type array 1
[2024-10-26T03:19:29.448+0530][132.173s][debug][gc,humongous      ] GC(429) Humongous region 1710 (object size 1048592 @ 0x00000000eae00000) remset 0 code roots 0 marked 0 pinned count 0 reclaim candidate 0 type array 1
[2024-10-26T03:19:29.448+0530][132.173s][debug][gc,humongous      ] GC(429) Humongous region 2024 (object size 1048592 @ 0x00000000fe800000) remset 0 code roots 0 marked 0 pinned count 0 reclaim candidate 0 type array 1
[2024-10-26T03:19:29.448+0530][132.173s][debug][gc,humongous      ] GC(429) Humongous region 150 (object size 1048592 @ 0x0000000089600000) remset 0 code roots 0 marked 0 pinned count 0 reclaim candidate 0 type array 1
[2024-10-26T03:19:29.448+0530][132.173s][debug][gc,humongous      ] GC(429) Humongous region 294 (object size 1048592 @ 0x0000000092600000) remset 0 code roots 0 marked 0 pinned count 0 reclaim candidate 0 type array 1
[2024-10-26T03:19:29.448+0530][132.173s][debug][gc,humongous      ] GC(429) Humongous region 452 (object size 1048592 @ 0x000000009c400000) remset 0 code roots 0 marked 0 pinned count 0 reclaim candidate 0 type array 1
[2024-10-26T03:19:29.448+0530][132.173s][debug][gc,humongous      ] GC(429) Humongous region 608 (object size 1048592 @ 0x00000000a6000000) remset 0 code roots 0 marked 0 pinned count 0 reclaim candidate 0 type array 1
[2024-10-26T03:19:29.448+0530][132.173s][debug][gc,humongous      ] GC(429) Humongous region 766 (object size 1048592 @ 0x00000000afe00000) remset 0 code roots 0 marked 0 pinned count 0 reclaim candidate 0 type array 1
[2024-10-26T03:19:29.448+0530][132.173s][debug][gc,humongous      ] GC(429) Humongous region 924 (object size 1048592 @ 0x00000000b9c00000) remset 0 code roots 0 marked 0 pinned count 0 reclaim candidate 0 type array 1
[2024-10-26T03:19:29.448+0530][132.173s][debug][gc,humongous      ] GC(429) Humongous region 1082 (object size 1048592 @ 0x00000000c3a00000) remset 0 code roots 0 marked 0 pinned count 0 reclaim candidate 0 type array 1
[2024-10-26T03:19:29.448+0530][132.173s][debug][gc,humongous      ] GC(429) Humongous region 1238 (object size 1048592 @ 0x00000000cd600000) remset 0 code roots 0 marked 0 pinned count 0 reclaim candidate 0 type array 1
[2024-10-26T03:19:29.448+0530][132.173s][debug][gc,humongous      ] GC(429) Humongous region 1554 (object size 1048592 @ 0x00000000e1200000) remset 0 code roots 0 marked 0 pinned count 0 reclaim candidate 0 type array 1
[2024-10-26T03:19:29.448+0530][132.173s][debug][gc,humongous      ] GC(429) Humongous region 1396 (object size 1048592 @ 0x00000000d7400000) remset 0 code roots 0 marked 0 pinned count 0 reclaim candidate 0 type array 1
[2024-10-26T03:19:29.448+0530][132.173s][debug][gc,humongous      ] GC(429) Humongous region 1868 (object size 1048592 @ 0x00000000f4c00000) remset 0 code roots 0 marked 0 pinned count 0 reclaim candidate 0 type array 1
[2024-10-26T03:19:29.448+0530][132.173s][debug][gc,humongous      ] GC(429) Humongous region 1712 (object size 1048592 @ 0x00000000eb000000) remset 0 code roots 0 marked 0 pinned count 0 reclaim candidate 0 type array 1
[2024-10-26T03:19:29.448+0530][132.173s][debug][gc,humongous      ] GC(429) Humongous region 2026 (object size 1048592 @ 0x00000000fea00000) remset 0 code roots 0 marked 0 pinned count 0 reclaim candidate 0 type array 1
[2024-10-26T03:19:29.448+0530][132.173s][debug][gc,humongous      ] GC(429) Humongous region 152 (object size 1048592 @ 0x0000000089800000) remset 0 code roots 0 marked 0 pinned count 0 reclaim candidate 0 type array 1
[2024-10-26T03:19:29.448+0530][132.173s][debug][gc,humongous      ] GC(429) Humongous region 296 (object size 1048592 @ 0x0000000092800000) remset 0 code roots 0 marked 0 pinned count 0 reclaim candidate 0 type array 1
[2024-10-26T03:19:29.448+0530][132.173s][debug][gc,humongous      ] GC(429) Humongous region 454 (object size 1048592 @ 0x000000009c600000) remset 0 code roots 0 marked 0 pinned count 0 reclaim candidate 0 type array 1
[2024-10-26T03:19:29.448+0530][132.173s][debug][gc,humongous      ] GC(429) Humongous region 610 (object size 1048592 @ 0x00000000a6200000) remset 0 code roots 0 marked 0 pinned count 0 reclaim candidate 0 type array 1
[2024-10-26T03:19:29.448+0530][132.173s][debug][gc,humongous      ] GC(429) Humongous region 768 (object size 1048592 @ 0x00000000b0000000) remset 0 code roots 0 marked 0 pinned count 0 reclaim candidate 0 type array 1
[2024-10-26T03:19:29.448+0530][132.173s][debug][gc,humongous      ] GC(429) Humongous region 926 (object size 1048592 @ 0x00000000b9e00000) remset 0 code roots 0 marked 0 pinned count 0 reclaim candidate 0 type array 1
[2024-10-26T03:19:29.448+0530][132.173s][debug][gc,humongous      ] GC(429) Humongous region 1084 (object size 1048592 @ 0x00000000c3c00000) remset 0 code roots 0 marked 0 pinned count 0 reclaim candidate 0 type array 1
[2024-10-26T03:19:29.448+0530][132.173s][debug][gc,humongous      ] GC(429) Humongous region 1240 (object size 1048592 @ 0x00000000cd800000) remset 0 code roots 0 marked 0 pinned count 0 reclaim candidate 0 type array 1
[2024-10-26T03:19:29.448+0530][132.173s][debug][gc,humongous      ] GC(429) Humongous region 1556 (object size 1048592 @ 0x00000000e1400000) remset 0 code roots 0 marked 0 pinned count 0 reclaim candidate 0 type array 1
[2024-10-26T03:19:29.448+0530][132.173s][debug][gc,humongous      ] GC(429) Humongous region 1398 (object size 1048592 @ 0x00000000d7600000) remset 0 code roots 0 marked 0 pinned count 0 reclaim candidate 0 type array 1
[2024-10-26T03:19:29.448+0530][132.173s][debug][gc,humongous      ] GC(429) Humongous region 1870 (object size 1048592 @ 0x00000000f4e00000) remset 0 code roots 0 marked 0 pinned count 0 reclaim candidate 0 type array 1
[2024-10-26T03:19:29.448+0530][132.173s][debug][gc,humongous      ] GC(429) Humongous region 1714 (object size 1048592 @ 0x00000000eb200000) remset 0 code roots 0 marked 0 pinned count 0 reclaim candidate 0 type array 1
[2024-10-26T03:19:29.448+0530][132.173s][debug][gc,humongous      ] GC(429) Humongous region 2028 (object size 1048592 @ 0x00000000fec00000) remset 0 code roots 0 marked 0 pinned count 0 reclaim candidate 0 type array 1
[2024-10-26T03:19:29.448+0530][132.173s][debug][gc,humongous      ] GC(429) Humongous region 154 (object size 1048592 @ 0x0000000089a00000) remset 0 code roots 0 marked 0 pinned count 0 reclaim candidate 0 type array 1
[2024-10-26T03:19:29.448+0530][132.173s][debug][gc,humongous      ] GC(429) Humongous region 298 (object size 1048592 @ 0x0000000092a00000) remset 0 code roots 0 marked 0 pinned count 0 reclaim candidate 0 type array 1
[2024-10-26T03:19:29.448+0530][132.173s][debug][gc,humongous      ] GC(429) Humongous region 456 (object size 1048592 @ 0x000000009c800000) remset 0 code roots 0 marked 0 pinned count 0 reclaim candidate 0 type array 1
[2024-10-26T03:19:29.448+0530][132.173s][debug][gc,humongous      ] GC(429) Humongous region 612 (object size 1048592 @ 0x00000000a6400000) remset 0 code roots 0 marked 0 pinned count 0 reclaim candidate 0 type array 1
[2024-10-26T03:19:29.448+0530][132.173s][debug][gc,humongous      ] GC(429) Humongous region 770 (object size 1048592 @ 0x00000000b0200000) remset 0 code roots 0 marked 0 pinned count 0 reclaim candidate 0 type array 1
[2024-10-26T03:19:29.448+0530][132.173s][debug][gc,humongous      ] GC(429) Humongous region 928 (object size 1048592 @ 0x00000000ba000000) remset 0 code roots 0 marked 0 pinned count 0 reclaim candidate 0 type array 1
[2024-10-26T03:19:29.448+0530][132.173s][debug][gc,humongous      ] GC(429) Humongous region 1086 (object size 1048592 @ 0x00000000c3e00000) remset 0 code roots 0 marked 0 pinned count 0 reclaim candidate 0 type array 1
[2024-10-26T03:19:29.448+0530][132.173s][debug][gc,humongous      ] GC(429) Humongous region 1242 (object size 1048592 @ 0x00000000cda00000) remset 0 code roots 0 marked 0 pinned count 0 reclaim candidate 0 type array 1
[2024-10-26T03:19:29.448+0530][132.173s][debug][gc,humongous      ] GC(429) Humongous region 1558 (object size 1048592 @ 0x00000000e1600000) remset 0 code roots 0 marked 0 pinned count 0 reclaim candidate 0 type array 1
[2024-10-26T03:19:29.448+0530][132.173s][debug][gc,humongous      ] GC(429) Humongous region 1400 (object size 1048592 @ 0x00000000d7800000) remset 0 code roots 0 marked 0 pinned count 0 reclaim candidate 0 type array 1
[2024-10-26T03:19:29.448+0530][132.173s][debug][gc,humongous      ] GC(429) Humongous region 1872 (object size 1048592 @ 0x00000000f5000000) remset 0 code roots 0 marked 0 pinned count 0 reclaim candidate 0 type array 1
[2024-10-26T03:19:29.448+0530][132.173s][debug][gc,humongous      ] GC(429) Humongous region 1716 (object size 1048592 @ 0x00000000eb400000) remset 0 code roots 0 marked 0 pinned count 0 reclaim candidate 0 type array 1
[2024-10-26T03:19:29.448+0530][132.173s][debug][gc,humongous      ] GC(429) Humongous region 2030 (object size 1048592 @ 0x00000000fee00000) remset 0 code roots 0 marked 0 pinned count 0 reclaim candidate 0 type array 1
[2024-10-26T03:19:29.448+0530][132.173s][debug][gc,humongous      ] GC(429) Humongous region 156 (object size 1048592 @ 0x0000000089c00000) remset 0 code roots 0 marked 0 pinned count 0 reclaim candidate 0 type array 1
[2024-10-26T03:19:29.448+0530][132.173s][debug][gc,humongous      ] GC(429) Humongous region 300 (object size 1048592 @ 0x0000000092c00000) remset 0 code roots 0 marked 0 pinned count 0 reclaim candidate 0 type array 1
[2024-10-26T03:19:29.448+0530][132.173s][debug][gc,humongous      ] GC(429) Humongous region 458 (object size 1048592 @ 0x000000009ca00000) remset 0 code roots 0 marked 0 pinned count 0 reclaim candidate 0 type array 1
[2024-10-26T03:19:29.448+0530][132.173s][debug][gc,humongous      ] GC(429) Humongous region 614 (object size 1048592 @ 0x00000000a6600000) remset 0 code roots 0 marked 0 pinned count 0 reclaim candidate 0 type array 1
[2024-10-26T03:19:29.448+0530][132.173s][debug][gc,humongous      ] GC(429) Humongous region 772 (object size 1048592 @ 0x00000000b0400000) remset 0 code roots 0 marked 0 pinned count 0 reclaim candidate 0 type array 1
[2024-10-26T03:19:29.448+0530][132.173s][debug][gc,humongous      ] GC(429) Humongous region 930 (object size 1048592 @ 0x00000000ba200000) remset 0 code roots 0 marked 0 pinned count 0 reclaim candidate 0 type array 1
[2024-10-26T03:19:29.448+0530][132.173s][debug][gc,humongous      ] GC(429) Humongous region 1088 (object size 1048592 @ 0x00000000c4000000) remset 0 code roots 0 marked 0 pinned count 0 reclaim candidate 0 type array 1
[2024-10-26T03:19:29.448+0530][132.173s][debug][gc,humongous      ] GC(429) Humongous region 1244 (object size 1048592 @ 0x00000000cdc00000) remset 0 code roots 0 marked 0 pinned count 0 reclaim candidate 0 type array 1
[2024-10-26T03:19:29.448+0530][132.173s][debug][gc,humongous      ] GC(429) Humongous region 1560 (object size 1048592 @ 0x00000000e1800000) remset 0 code roots 0 marked 0 pinned count 0 reclaim candidate 0 type array 1
[2024-10-26T03:19:29.448+0530][132.173s][debug][gc,humongous      ] GC(429) Humongous region 1402 (object size 1048592 @ 0x00000000d7a00000) remset 0 code roots 0 marked 0 pinned count 0 reclaim candidate 0 type array 1
[2024-10-26T03:19:29.448+0530][132.173s][debug][gc,humongous      ] GC(429) Humongous region 1874 (object size 1048592 @ 0x00000000f5200000) remset 0 code roots 0 marked 0 pinned count 0 reclaim candidate 0 type array 1
[2024-10-26T03:19:29.449+0530][132.173s][debug][gc,humongous      ] GC(429) Humongous region 1718 (object size 1048592 @ 0x00000000eb600000) remset 0 code roots 0 marked 0 pinned count 0 reclaim candidate 0 type array 1
[2024-10-26T03:19:29.449+0530][132.173s][debug][gc,humongous      ] GC(429) Humongous region 2032 (object size 1048592 @ 0x00000000ff000000) remset 0 code roots 0 marked 0 pinned count 0 reclaim candidate 0 type array 1
[2024-10-26T03:19:29.449+0530][132.173s][debug][gc,humongous      ] GC(429) Humongous region 302 (object size 1048592 @ 0x0000000092e00000) remset 0 code roots 0 marked 0 pinned count 0 reclaim candidate 0 type array 1
[2024-10-26T03:19:29.449+0530][132.173s][debug][gc,humongous      ] GC(429) Humongous region 304 (object size 1048592 @ 0x0000000093000000) remset 0 code roots 0 marked 0 pinned count 0 reclaim candidate 0 type array 1
[2024-10-26T03:19:29.449+0530][132.173s][debug][gc,humongous      ] GC(429) Humongous region 460 (object size 1048592 @ 0x000000009cc00000) remset 0 code roots 0 marked 0 pinned count 0 reclaim candidate 0 type array 1
[2024-10-26T03:19:29.449+0530][132.173s][debug][gc,humongous      ] GC(429) Humongous region 616 (object size 1048592 @ 0x00000000a6800000) remset 0 code roots 0 marked 0 pinned count 0 reclaim candidate 0 type array 1
[2024-10-26T03:19:29.449+0530][132.173s][debug][gc,humongous      ] GC(429) Humongous region 774 (object size 1048592 @ 0x00000000b0600000) remset 0 code roots 0 marked 0 pinned count 0 reclaim candidate 0 type array 1
[2024-10-26T03:19:29.449+0530][132.173s][debug][gc,humongous      ] GC(429) Humongous region 932 (object size 1048592 @ 0x00000000ba400000) remset 0 code roots 0 marked 0 pinned count 0 reclaim candidate 0 type array 1
[2024-10-26T03:19:29.449+0530][132.173s][debug][gc,humongous      ] GC(429) Humongous region 1090 (object size 1048592 @ 0x00000000c4200000) remset 0 code roots 0 marked 0 pinned count 0 reclaim candidate 0 type array 1
[2024-10-26T03:19:29.449+0530][132.173s][debug][gc,humongous      ] GC(429) Humongous region 1246 (object size 1048592 @ 0x00000000cde00000) remset 0 code roots 0 marked 0 pinned count 0 reclaim candidate 0 type array 1
[2024-10-26T03:19:29.449+0530][132.173s][debug][gc,humongous      ] GC(429) Humongous region 1562 (object size 1048592 @ 0x00000000e1a00000) remset 0 code roots 0 marked 0 pinned count 0 reclaim candidate 0 type array 1
[2024-10-26T03:19:29.449+0530][132.173s][debug][gc,humongous      ] GC(429) Humongous region 1404 (object size 1048592 @ 0x00000000d7c00000) remset 0 code roots 0 marked 0 pinned count 0 reclaim candidate 0 type array 1
[2024-10-26T03:19:29.449+0530][132.173s][debug][gc,humongous      ] GC(429) Humongous region 1876 (object size 1048592 @ 0x00000000f5400000) remset 0 code roots 0 marked 0 pinned count 0 reclaim candidate 0 type array 1
[2024-10-26T03:19:29.449+0530][132.173s][debug][gc,humongous      ] GC(429) Humongous region 1720 (object size 1048592 @ 0x00000000eb800000) remset 0 code roots 0 marked 0 pinned count 0 reclaim candidate 0 type array 1
[2024-10-26T03:19:29.449+0530][132.174s][debug][gc,humongous      ] GC(429) Humongous region 2034 (object size 1048592 @ 0x00000000ff200000) remset 0 code roots 0 marked 0 pinned count 0 reclaim candidate 0 type array 1
[2024-10-26T03:19:29.449+0530][132.174s][debug][gc,humongous      ] GC(429) Humongous region 306 (object size 1048592 @ 0x0000000093200000) remset 0 code roots 0 marked 0 pinned count 0 reclaim candidate 0 type array 1
[2024-10-26T03:19:29.449+0530][132.174s][debug][gc,humongous      ] GC(429) Humongous region 308 (object size 1048592 @ 0x0000000093400000) remset 0 code roots 0 marked 0 pinned count 0 reclaim candidate 0 type array 1
[2024-10-26T03:19:29.449+0530][132.174s][debug][gc,humongous      ] GC(429) Humongous region 462 (object size 1048592 @ 0x000000009ce00000) remset 0 code roots 0 marked 0 pinned count 0 reclaim candidate 0 type array 1
[2024-10-26T03:19:29.449+0530][132.174s][debug][gc,humongous      ] GC(429) Humongous region 618 (object size 1048592 @ 0x00000000a6a00000) remset 0 code roots 0 marked 0 pinned count 0 reclaim candidate 0 type array 1
[2024-10-26T03:19:29.449+0530][132.174s][debug][gc,humongous      ] GC(429) Humongous region 776 (object size 1048592 @ 0x00000000b0800000) remset 0 code roots 0 marked 0 pinned count 0 reclaim candidate 0 type array 1
[2024-10-26T03:19:29.449+0530][132.174s][debug][gc,humongous      ] GC(429) Humongous region 934 (object size 1048592 @ 0x00000000ba600000) remset 0 code roots 0 marked 0 pinned count 0 reclaim candidate 0 type array 1
[2024-10-26T03:19:29.449+0530][132.174s][debug][gc,humongous      ] GC(429) Humongous region 1092 (object size 1048592 @ 0x00000000c4400000) remset 0 code roots 0 marked 0 pinned count 0 reclaim candidate 0 type array 1
[2024-10-26T03:19:29.449+0530][132.174s][debug][gc,humongous      ] GC(429) Humongous region 1248 (object size 1048592 @ 0x00000000ce000000) remset 0 code roots 0 marked 0 pinned count 0 reclaim candidate 0 type array 1
[2024-10-26T03:19:29.449+0530][132.174s][debug][gc,humongous      ] GC(429) Humongous region 1564 (object size 1048592 @ 0x00000000e1c00000) remset 0 code roots 0 marked 0 pinned count 0 reclaim candidate 0 type array 1
[2024-10-26T03:19:29.449+0530][132.174s][debug][gc,humongous      ] GC(429) Humongous region 1406 (object size 1048592 @ 0x00000000d7e00000) remset 0 code roots 0 marked 0 pinned count 0 reclaim candidate 0 type array 1
[2024-10-26T03:19:29.449+0530][132.174s][debug][gc,humongous      ] GC(429) Humongous region 1878 (object size 1048592 @ 0x00000000f5600000) remset 0 code roots 0 marked 0 pinned count 0 reclaim candidate 0 type array 1
[2024-10-26T03:19:29.449+0530][132.174s][debug][gc,humongous      ] GC(429) Humongous region 1722 (object size 1048592 @ 0x00000000eba00000) remset 0 code roots 0 marked 0 pinned count 0 reclaim candidate 0 type array 1
[2024-10-26T03:19:29.449+0530][132.174s][debug][gc,humongous      ] GC(429) Humongous region 2036 (object size 1048592 @ 0x00000000ff400000) remset 0 code roots 0 marked 0 pinned count 0 reclaim candidate 0 type array 1
[2024-10-26T03:19:29.449+0530][132.174s][debug][gc,humongous      ] GC(429) Humongous region 310 (object size 1048592 @ 0x0000000093600000) remset 0 code roots 0 marked 0 pinned count 0 reclaim candidate 0 type array 1
[2024-10-26T03:19:29.449+0530][132.174s][debug][gc,humongous      ] GC(429) Humongous region 312 (object size 1048592 @ 0x0000000093800000) remset 0 code roots 0 marked 0 pinned count 0 reclaim candidate 0 type array 1
[2024-10-26T03:19:29.449+0530][132.174s][debug][gc,humongous      ] GC(429) Humongous region 464 (object size 1048592 @ 0x000000009d000000) remset 0 code roots 0 marked 0 pinned count 0 reclaim candidate 0 type array 1
[2024-10-26T03:19:29.449+0530][132.174s][debug][gc,humongous      ] GC(429) Humongous region 620 (object size 1048592 @ 0x00000000a6c00000) remset 0 code roots 0 marked 0 pinned count 0 reclaim candidate 0 type array 1
[2024-10-26T03:19:29.449+0530][132.174s][debug][gc,humongous      ] GC(429) Humongous region 778 (object size 1048592 @ 0x00000000b0a00000) remset 0 code roots 0 marked 0 pinned count 0 reclaim candidate 0 type array 1
[2024-10-26T03:19:29.449+0530][132.174s][debug][gc,humongous      ] GC(429) Humongous region 936 (object size 1048592 @ 0x00000000ba800000) remset 0 code roots 0 marked 0 pinned count 0 reclaim candidate 0 type array 1
[2024-10-26T03:19:29.449+0530][132.174s][debug][gc,humongous      ] GC(429) Humongous region 1094 (object size 1048592 @ 0x00000000c4600000) remset 0 code roots 0 marked 0 pinned count 0 reclaim candidate 0 type array 1
[2024-10-26T03:19:29.449+0530][132.174s][debug][gc,humongous      ] GC(429) Humongous region 1250 (object size 1048592 @ 0x00000000ce200000) remset 0 code roots 0 marked 0 pinned count 0 reclaim candidate 0 type array 1
[2024-10-26T03:19:29.449+0530][132.174s][debug][gc,humongous      ] GC(429) Humongous region 1566 (object size 1048592 @ 0x00000000e1e00000) remset 0 code roots 0 marked 0 pinned count 0 reclaim candidate 0 type array 1
[2024-10-26T03:19:29.449+0530][132.174s][debug][gc,humongous      ] GC(429) Humongous region 1408 (object size 1048592 @ 0x00000000d8000000) remset 0 code roots 0 marked 0 pinned count 0 reclaim candidate 0 type array 1
[2024-10-26T03:19:29.449+0530][132.174s][debug][gc,humongous      ] GC(429) Humongous region 1880 (object size 1048592 @ 0x00000000f5800000) remset 0 code roots 0 marked 0 pinned count 0 reclaim candidate 0 type array 1
[2024-10-26T03:19:29.449+0530][132.174s][debug][gc,humongous      ] GC(429) Humongous region 1724 (object size 1048592 @ 0x00000000ebc00000) remset 0 code roots 0 marked 0 pinned count 0 reclaim candidate 0 type array 1
[2024-10-26T03:19:29.449+0530][132.174s][debug][gc,humongous      ] GC(429) Humongous region 2038 (object size 1048592 @ 0x00000000ff600000) remset 0 code roots 0 marked 0 pinned count 0 reclaim candidate 0 type array 1
[2024-10-26T03:19:29.449+0530][132.174s][debug][gc,humongous      ] GC(429) Humongous region 314 (object size 1048592 @ 0x0000000093a00000) remset 0 code roots 0 marked 0 pinned count 0 reclaim candidate 0 type array 1
[2024-10-26T03:19:29.449+0530][132.174s][debug][gc,humongous      ] GC(429) Humongous region 466 (object size 1048592 @ 0x000000009d200000) remset 0 code roots 0 marked 0 pinned count 0 reclaim candidate 0 type array 1
[2024-10-26T03:19:29.449+0530][132.174s][debug][gc,humongous      ] GC(429) Humongous region 468 (object size 1048592 @ 0x000000009d400000) remset 0 code roots 0 marked 0 pinned count 0 reclaim candidate 0 type array 1
[2024-10-26T03:19:29.449+0530][132.174s][debug][gc,humongous      ] GC(429) Humongous region 622 (object size 1048592 @ 0x00000000a6e00000) remset 0 code roots 0 marked 0 pinned count 0 reclaim candidate 0 type array 1
[2024-10-26T03:19:29.449+0530][132.174s][debug][gc,humongous      ] GC(429) Humongous region 780 (object size 1048592 @ 0x00000000b0c00000) remset 0 code roots 0 marked 0 pinned count 0 reclaim candidate 0 type array 1
[2024-10-26T03:19:29.449+0530][132.174s][debug][gc,humongous      ] GC(429) Humongous region 938 (object size 1048592 @ 0x00000000baa00000) remset 0 code roots 0 marked 0 pinned count 0 reclaim candidate 0 type array 1
[2024-10-26T03:19:29.449+0530][132.174s][debug][gc,humongous      ] GC(429) Humongous region 1096 (object size 1048592 @ 0x00000000c4800000) remset 0 code roots 0 marked 0 pinned count 0 reclaim candidate 0 type array 1
[2024-10-26T03:19:29.449+0530][132.174s][debug][gc,humongous      ] GC(429) Humongous region 1252 (object size 1048592 @ 0x00000000ce400000) remset 0 code roots 0 marked 0 pinned count 0 reclaim candidate 0 type array 1
[2024-10-26T03:19:29.449+0530][132.174s][debug][gc,humongous      ] GC(429) Humongous region 1568 (object size 1048592 @ 0x00000000e2000000) remset 0 code roots 0 marked 0 pinned count 0 reclaim candidate 0 type array 1
[2024-10-26T03:19:29.449+0530][132.174s][debug][gc,humongous      ] GC(429) Humongous region 1410 (object size 1048592 @ 0x00000000d8200000) remset 0 code roots 0 marked 0 pinned count 0 reclaim candidate 0 type array 1
[2024-10-26T03:19:29.449+0530][132.174s][debug][gc,humongous      ] GC(429) Humongous region 1882 (object size 1048592 @ 0x00000000f5a00000) remset 0 code roots 0 marked 0 pinned count 0 reclaim candidate 0 type array 1
[2024-10-26T03:19:29.449+0530][132.174s][debug][gc,humongous      ] GC(429) Humongous region 1726 (object size 1048592 @ 0x00000000ebe00000) remset 0 code roots 0 marked 0 pinned count 0 reclaim candidate 0 type array 1
[2024-10-26T03:19:29.449+0530][132.174s][debug][gc,humongous      ] GC(429) Humongous region 2040 (object size 1048592 @ 0x00000000ff800000) remset 0 code roots 0 marked 0 pinned count 0 reclaim candidate 0 type array 1
[2024-10-26T03:19:29.449+0530][132.174s][debug][gc,humongous      ] GC(429) Humongous region 470 (object size 1048592 @ 0x000000009d600000) remset 0 code roots 0 marked 0 pinned count 0 reclaim candidate 0 type array 1
[2024-10-26T03:19:29.449+0530][132.174s][debug][gc,humongous      ] GC(429) Humongous region 624 (object size 1048592 @ 0x00000000a7000000) remset 0 code roots 0 marked 0 pinned count 0 reclaim candidate 0 type array 1
[2024-10-26T03:19:29.449+0530][132.174s][debug][gc,humongous      ] GC(429) Humongous region 626 (object size 1048592 @ 0x00000000a7200000) remset 0 code roots 0 marked 0 pinned count 0 reclaim candidate 0 type array 1
[2024-10-26T03:19:29.449+0530][132.174s][debug][gc,humongous      ] GC(429) Humongous region 628 (object size 1048592 @ 0x00000000a7400000) remset 0 code roots 0 marked 0 pinned count 0 reclaim candidate 0 type array 1
[2024-10-26T03:19:29.449+0530][132.174s][debug][gc,humongous      ] GC(429) Humongous region 782 (object size 1048592 @ 0x00000000b0e00000) remset 0 code roots 0 marked 0 pinned count 0 reclaim candidate 0 type array 1
[2024-10-26T03:19:29.449+0530][132.174s][debug][gc,humongous      ] GC(429) Humongous region 940 (object size 1048592 @ 0x00000000bac00000) remset 0 code roots 0 marked 0 pinned count 0 reclaim candidate 0 type array 1
[2024-10-26T03:19:29.449+0530][132.174s][debug][gc,humongous      ] GC(429) Humongous region 1098 (object size 1048592 @ 0x00000000c4a00000) remset 0 code roots 0 marked 0 pinned count 0 reclaim candidate 0 type array 1
[2024-10-26T03:19:29.449+0530][132.174s][debug][gc,humongous      ] GC(429) Humongous region 1254 (object size 1048592 @ 0x00000000ce600000) remset 0 code roots 0 marked 0 pinned count 0 reclaim candidate 0 type array 1
[2024-10-26T03:19:29.449+0530][132.174s][debug][gc,humongous      ] GC(429) Humongous region 1570 (object size 1048592 @ 0x00000000e2200000) remset 0 code roots 0 marked 0 pinned count 0 reclaim candidate 0 type array 1
[2024-10-26T03:19:29.449+0530][132.174s][debug][gc,humongous      ] GC(429) Humongous region 1412 (object size 1048592 @ 0x00000000d8400000) remset 0 code roots 0 marked 0 pinned count 0 reclaim candidate 0 type array 1
[2024-10-26T03:19:29.449+0530][132.174s][debug][gc,humongous      ] GC(429) Humongous region 1884 (object size 1048592 @ 0x00000000f5c00000) remset 0 code roots 0 marked 0 pinned count 0 reclaim candidate 0 type array 1
[2024-10-26T03:19:29.449+0530][132.174s][debug][gc,humongous      ] GC(429) Humongous region 1728 (object size 1048592 @ 0x00000000ec000000) remset 0 code roots 0 marked 0 pinned count 0 reclaim candidate 0 type array 1
[2024-10-26T03:19:29.449+0530][132.174s][debug][gc,humongous      ] GC(429) Humongous region 2042 (object size 1048592 @ 0x00000000ffa00000) remset 0 code roots 0 marked 0 pinned count 0 reclaim candidate 0 type array 1
[2024-10-26T03:19:29.449+0530][132.174s][debug][gc,humongous      ] GC(429) Humongous region 784 (object size 1048592 @ 0x00000000b1000000) remset 0 code roots 0 marked 0 pinned count 0 reclaim candidate 0 type array 1
[2024-10-26T03:19:29.449+0530][132.174s][debug][gc,humongous      ] GC(429) Humongous region 786 (object size 1048592 @ 0x00000000b1200000) remset 0 code roots 0 marked 0 pinned count 0 reclaim candidate 0 type array 1
[2024-10-26T03:19:29.449+0530][132.174s][debug][gc,humongous      ] GC(429) Humongous region 942 (object size 1048592 @ 0x00000000bae00000) remset 0 code roots 0 marked 0 pinned count 0 reclaim candidate 0 type array 1
[2024-10-26T03:19:29.449+0530][132.174s][debug][gc,humongous      ] GC(429) Humongous region 944 (object size 1048592 @ 0x00000000bb000000) remset 0 code roots 0 marked 0 pinned count 0 reclaim candidate 0 type array 1
[2024-10-26T03:19:29.449+0530][132.174s][debug][gc,humongous      ] GC(429) Humongous region 1100 (object size 1048592 @ 0x00000000c4c00000) remset 0 code roots 0 marked 0 pinned count 0 reclaim candidate 0 type array 1
[2024-10-26T03:19:29.449+0530][132.174s][debug][gc,humongous      ] GC(429) Humongous region 1256 (object size 1048592 @ 0x00000000ce800000) remset 0 code roots 0 marked 0 pinned count 0 reclaim candidate 0 type array 1
[2024-10-26T03:19:29.449+0530][132.174s][debug][gc,humongous      ] GC(429) Humongous region 1258 (object size 1048592 @ 0x00000000cea00000) remset 0 code roots 0 marked 0 pinned count 0 reclaim candidate 0 type array 1
[2024-10-26T03:19:29.449+0530][132.174s][debug][gc,humongous      ] GC(429) Humongous region 1414 (object size 1048592 @ 0x00000000d8600000) remset 0 code roots 0 marked 0 pinned count 0 reclaim candidate 0 type array 1
[2024-10-26T03:19:29.449+0530][132.174s][debug][gc,humongous      ] GC(429) Humongous region 1572 (object size 1048592 @ 0x00000000e2400000) remset 0 code roots 0 marked 0 pinned count 0 reclaim candidate 0 type array 1
[2024-10-26T03:19:29.449+0530][132.174s][debug][gc,humongous      ] GC(429) Humongous region 1416 (object size 1048592 @ 0x00000000d8800000) remset 0 code roots 0 marked 0 pinned count 0 reclaim candidate 0 type array 1
[2024-10-26T03:19:29.449+0530][132.174s][debug][gc,humongous      ] GC(429) Humongous region 1886 (object size 1048592 @ 0x00000000f5e00000) remset 0 code roots 0 marked 0 pinned count 0 reclaim candidate 0 type array 1
[2024-10-26T03:19:29.449+0530][132.174s][debug][gc,humongous      ] GC(429) Humongous region 1730 (object size 1048592 @ 0x00000000ec200000) remset 0 code roots 0 marked 0 pinned count 0 reclaim candidate 0 type array 1
[2024-10-26T03:19:29.450+0530][132.174s][debug][gc,humongous      ] GC(429) Humongous region 2044 (object size 1048592 @ 0x00000000ffc00000) remset 0 code roots 0 marked 0 pinned count 0 reclaim candidate 0 type array 1
[2024-10-26T03:19:29.450+0530][132.174s][debug][gc,humongous      ] GC(429) Humongous region 1574 (object size 1048592 @ 0x00000000e2600000) remset 0 code roots 0 marked 0 pinned count 0 reclaim candidate 0 type array 1
[2024-10-26T03:19:29.450+0530][132.174s][debug][gc,humongous      ] GC(429) Humongous region 1888 (object size 1048592 @ 0x00000000f6000000) remset 0 code roots 0 marked 0 pinned count 0 reclaim candidate 0 type array 1
[2024-10-26T03:19:29.450+0530][132.174s][debug][gc,humongous      ] GC(429) Humongous region 2046 (object size 1048592 @ 0x00000000ffe00000) remset 0 code roots 0 marked 0 pinned count 0 reclaim candidate 0 type array 1
[2024-10-26T03:19:29.450+0530][132.175s][debug][gc,ergo           ] GC(429) Running G1 Merge Heap Roots using 13 workers for 0 regions
[2024-10-26T03:19:29.450+0530][132.175s][debug][gc,remset         ] GC(429) Visited cards 32 Total dirty 2048 (1.56%) Total old 4194304 (0.00%)
[2024-10-26T03:19:29.450+0530][132.175s][debug][gc,ref            ] GC(429) Skipped SoftWeakFinalRefsPhase of Reference Processing: no references
[2024-10-26T03:19:29.450+0530][132.175s][debug][gc,ref            ] GC(429) Skipped KeepAliveFinalRefsPhase of Reference Processing: no references
[2024-10-26T03:19:29.450+0530][132.175s][debug][gc,ref            ] GC(429) Skipped PhantomRefsPhase of Reference Processing: no references
[2024-10-26T03:19:29.451+0530][132.175s][debug][gc,ergo           ] GC(429) Running G1 Rebuild Free List Task using 13 workers for rebuilding free list of regions
[2024-10-26T03:19:29.451+0530][132.175s][debug][gc,plab           ] GC(429) Young PLAB allocation: allocated: 0B, wasted: 0B, unused: 0B, used: 0B, undo waste: 0B, 
[2024-10-26T03:19:29.451+0530][132.176s][debug][gc,plab           ] GC(429) Young other allocation: region end waste: 0B, regions filled: 0, num plab filled: 0, direct allocated: 0B, num direct allocated: 0, failure used: 0B, failure wasted: 0B
[2024-10-26T03:19:29.451+0530][132.176s][debug][gc,plab           ] GC(429) Young sizing: calculated: 0B, actual: 2064B
[2024-10-26T03:19:29.451+0530][132.176s][debug][gc,plab           ] GC(429) Old PLAB allocation: allocated: 0B, wasted: 0B, unused: 0B, used: 0B, undo waste: 0B, 
[2024-10-26T03:19:29.451+0530][132.176s][debug][gc,plab           ] GC(429) Old other allocation: region end waste: 0B, regions filled: 0, num plab filled: 0, direct allocated: 0B, num direct allocated: 0, failure used: 0B, failure wasted: 0B
[2024-10-26T03:19:29.451+0530][132.176s][debug][gc,plab           ] GC(429) Old sizing: calculated: 0B, actual: 2064B
[2024-10-26T03:19:29.451+0530][132.176s][debug][gc,ergo,heap      ] GC(429) Heap expansion: short term pause time ratio 96.55% long term pause time ratio 93.93% threshold 7.69% pause time ratio 7.69% fully expanded true resize by 0B
[2024-10-26T03:19:29.451+0530][132.176s][debug][gc,mmu            ] GC(429) MMU: 70.6ms (200.0ms/201.0ms)
[2024-10-26T03:19:29.451+0530][132.176s][debug][gc,alloc,stats    ] Old generation allocation in the last mutator period, old gen allocated: 0B, humongous allocated: 0B, old gen growth: 0B.
[2024-10-26T03:19:29.451+0530][132.176s][debug][gc,ihop           ] GC(429) Basic information (value update), threshold: 0B (0.00), target occupancy: 2147483648B, current occupancy: 2147106448B, recent allocation size: 0B, recent allocation duration: 0.88ms, recent old gen allocation rate: 0.00B/s, recent marking phase length: 35.14ms
[2024-10-26T03:19:29.451+0530][132.176s][debug][gc,ihop           ] GC(429) Adaptive IHOP information (value update), threshold: 0B (0.00), internal target occupancy: 1825361100B, occupancy: 2147106448B, additional buffer size: 106954752B, predicted old gen allocation rate: 567845616.96B/s, predicted marking phase length: 27567.37ms, prediction active: true
[2024-10-26T03:19:29.451+0530][132.176s][debug][gc,ergo,refine    ] GC(429) GC refinement: goal: 255682 + 1 / 20.00ms, actual: 1 / 0.00ms, 
[2024-10-26T03:19:29.451+0530][132.176s][debug][gc,ergo,refine    ] GC(429) Unchanged pending cards target: 255682
[2024-10-26T03:19:29.451+0530][132.176s][info ][gc,phases         ] GC(429)   Pre Evacuate Collection Set: 13.53ms
[2024-10-26T03:19:29.451+0530][132.176s][debug][gc,phases         ] GC(429)     Pre Evacuate Prepare: 0.06ms
[2024-10-26T03:19:29.451+0530][132.176s][debug][gc,phases         ] GC(429)       JT Retire TLABs And Flush Logs (ms): Min: 0.00, Avg: 0.00, Max: 0.00, Diff: 0.00, Sum: 0.00, Workers: 2
[2024-10-26T03:19:29.451+0530][132.176s][debug][gc,phases         ] GC(429)       Non-JT Flush Logs (ms):        Min: 0.00, Avg: 0.00, Max: 0.00, Diff: 0.00, Sum: 0.00, Workers: 1
[2024-10-26T03:19:29.451+0530][132.176s][debug][gc,phases         ] GC(429)     Choose Collection Set: 0.02ms
[2024-10-26T03:19:29.451+0530][132.176s][debug][gc,phases         ] GC(429)     Region Register: 13.44ms
[2024-10-26T03:19:29.451+0530][132.176s][debug][gc,phases         ] GC(429)     Prepare Heap Roots: 0.00ms
[2024-10-26T03:19:29.451+0530][132.176s][info ][gc,phases         ] GC(429)   Merge Heap Roots: 0.22ms
[2024-10-26T03:19:29.451+0530][132.176s][debug][gc,phases         ] GC(429)     Prepare Merge Heap Roots: 0.01ms
[2024-10-26T03:19:29.451+0530][132.176s][debug][gc,phases         ] GC(429)     Remembered Sets (ms):          Min: 0.00, Avg: 0.00, Max: 0.00, Diff: 0.00, Sum: 0.00, Workers: 13
[2024-10-26T03:19:29.451+0530][132.176s][debug][gc,phases         ] GC(429)       Eager Reclaim (ms):            skipped
[2024-10-26T03:19:29.451+0530][132.176s][debug][gc,phases         ] GC(429)       Merged Inline:                 Min: 0, Avg:  0.0, Max: 0, Diff: 0, Sum: 0, Workers: 13
[2024-10-26T03:19:29.451+0530][132.176s][debug][gc,phases         ] GC(429)       Merged ArrayOfCards:           Min: 0, Avg:  0.0, Max: 0, Diff: 0, Sum: 0, Workers: 13
[2024-10-26T03:19:29.451+0530][132.176s][debug][gc,phases         ] GC(429)       Merged Howl:                   Min: 0, Avg:  0.0, Max: 0, Diff: 0, Sum: 0, Workers: 13
[2024-10-26T03:19:29.451+0530][132.176s][debug][gc,phases         ] GC(429)       Merged Full:                   Min: 0, Avg:  0.0, Max: 0, Diff: 0, Sum: 0, Workers: 13
[2024-10-26T03:19:29.451+0530][132.176s][debug][gc,phases         ] GC(429)       Merged Howl Inline:            Min: 0, Avg:  0.0, Max: 0, Diff: 0, Sum: 0, Workers: 13
[2024-10-26T03:19:29.451+0530][132.176s][debug][gc,phases         ] GC(429)       Merged Howl ArrayOfCards:      Min: 0, Avg:  0.0, Max: 0, Diff: 0, Sum: 0, Workers: 13
[2024-10-26T03:19:29.451+0530][132.176s][debug][gc,phases         ] GC(429)       Merged Howl BitMap:            Min: 0, Avg:  0.0, Max: 0, Diff: 0, Sum: 0, Workers: 13
[2024-10-26T03:19:29.451+0530][132.176s][debug][gc,phases         ] GC(429)       Merged Howl Full:              Min: 0, Avg:  0.0, Max: 0, Diff: 0, Sum: 0, Workers: 13
[2024-10-26T03:19:29.451+0530][132.176s][debug][gc,phases         ] GC(429)       Merged Cards:                  Min: 8, Avg:  8.0, Max: 8, Diff: 0, Sum: 104, Workers: 13
[2024-10-26T03:19:29.451+0530][132.176s][debug][gc,phases         ] GC(429)     Distribute Log Buffers: 0.00ms
[2024-10-26T03:19:29.451+0530][132.176s][debug][gc,phases         ] GC(429)     Log Buffers (ms):              Min: 0.00, Avg: 0.00, Max: 0.00, Diff: 0.00, Sum: 0.00, Workers: 13
[2024-10-26T03:19:29.451+0530][132.176s][debug][gc,phases         ] GC(429)       Dirty Cards:                   Min: 0, Avg:  0.1, Max: 1, Diff: 1, Sum: 1, Workers: 13
[2024-10-26T03:19:29.451+0530][132.176s][debug][gc,phases         ] GC(429)       Skipped Cards:                 Min: 0, Avg:  0.0, Max: 0, Diff: 0, Sum: 0, Workers: 13
[2024-10-26T03:19:29.451+0530][132.176s][info ][gc,phases         ] GC(429)   Evacuate Collection Set: 0.21ms
[2024-10-26T03:19:29.451+0530][132.176s][debug][gc,phases         ] GC(429)     Ext Root Scanning (ms):        Min: 0.00, Avg: 0.02, Max: 0.10, Diff: 0.10, Sum: 0.31, Workers: 13
[2024-10-26T03:19:29.451+0530][132.176s][debug][gc,phases         ] GC(429)     Scan Heap Roots (ms):          Min: 0.00, Avg: 0.00, Max: 0.01, Diff: 0.01, Sum: 0.01, Workers: 13
[2024-10-26T03:19:29.451+0530][132.176s][debug][gc,phases         ] GC(429)       Scanned Cards:                 Min: 0, Avg:  0.1, Max: 1, Diff: 1, Sum: 1, Workers: 13
[2024-10-26T03:19:29.451+0530][132.176s][debug][gc,phases         ] GC(429)       Scanned Blocks:                Min: 0, Avg:  0.1, Max: 1, Diff: 1, Sum: 1, Workers: 13
[2024-10-26T03:19:29.451+0530][132.176s][debug][gc,phases         ] GC(429)       Claimed Chunks:                Min: 0, Avg:  0.1, Max: 1, Diff: 1, Sum: 1, Workers: 13
[2024-10-26T03:19:29.451+0530][132.176s][debug][gc,phases         ] GC(429)       Found Roots:                   Min: 0, Avg:  0.0, Max: 0, Diff: 0, Sum: 0, Workers: 13
[2024-10-26T03:19:29.451+0530][132.176s][debug][gc,phases         ] GC(429)     Code Root Scan (ms):           Min: 0.00, Avg: 0.00, Max: 0.00, Diff: 0.00, Sum: 0.00, Workers: 13
[2024-10-26T03:19:29.451+0530][132.176s][debug][gc,phases         ] GC(429)       Scanned Nmethods:              Min: 0, Avg:  0.0, Max: 0, Diff: 0, Sum: 0, Workers: 13
[2024-10-26T03:19:29.451+0530][132.176s][debug][gc,phases         ] GC(429)     Object Copy (ms):              Min: 0.00, Avg: 0.00, Max: 0.00, Diff: 0.00, Sum: 0.01, Workers: 13
[2024-10-26T03:19:29.451+0530][132.176s][debug][gc,phases         ] GC(429)     Termination (ms):              Min: 0.04, Avg: 0.06, Max: 0.09, Diff: 0.05, Sum: 0.77, Workers: 13
[2024-10-26T03:19:29.451+0530][132.176s][debug][gc,phases         ] GC(429)       Termination Attempts:          Min: 1, Avg:  1.0, Max: 1, Diff: 0, Sum: 13, Workers: 13
[2024-10-26T03:19:29.451+0530][132.176s][debug][gc,phases         ] GC(429)     GC Worker Other (ms):          Min: 0.00, Avg: 0.00, Max: 0.01, Diff: 0.01, Sum: 0.04, Workers: 13
[2024-10-26T03:19:29.451+0530][132.176s][debug][gc,phases         ] GC(429)     GC Worker Total (ms):          Min: 0.04, Avg: 0.09, Max: 0.17, Diff: 0.13, Sum: 1.14, Workers: 13
[2024-10-26T03:19:29.451+0530][132.176s][info ][gc,phases         ] GC(429)   Post Evacuate Collection Set: 0.54ms
[2024-10-26T03:19:29.451+0530][132.176s][debug][gc,phases         ] GC(429)     NMethod List Cleanup: 0.01ms
[2024-10-26T03:19:29.451+0530][132.176s][debug][gc,phases         ] GC(429)     Reference Processing: 0.06ms
[2024-10-26T03:19:29.451+0530][132.176s][debug][gc,phases,ref     ] GC(429)       Notify Soft/WeakReferences: 0.0ms
[2024-10-26T03:19:29.451+0530][132.176s][debug][gc,phases,ref     ] GC(429)         SoftRef (ms):                  skipped
[2024-10-26T03:19:29.451+0530][132.176s][debug][gc,phases,ref     ] GC(429)         WeakRef (ms):                  skipped
[2024-10-26T03:19:29.451+0530][132.176s][debug][gc,phases,ref     ] GC(429)         FinalRef (ms):                 skipped
[2024-10-26T03:19:29.451+0530][132.176s][debug][gc,phases,ref     ] GC(429)         Total (ms):                    skipped
[2024-10-26T03:19:29.451+0530][132.176s][debug][gc,phases,ref     ] GC(429)       Notify and keep alive finalizable: 0.0ms
[2024-10-26T03:19:29.451+0530][132.176s][debug][gc,phases,ref     ] GC(429)         FinalRef (ms):                 skipped
[2024-10-26T03:19:29.451+0530][132.176s][debug][gc,phases,ref     ] GC(429)       Notify PhantomReferences: 0.0ms
[2024-10-26T03:19:29.451+0530][132.176s][debug][gc,phases,ref     ] GC(429)         PhantomRef (ms):               skipped
[2024-10-26T03:19:29.451+0530][132.176s][debug][gc,phases,ref     ] GC(429)       SoftReference Discovered: 0, Dropped: 0, Processed: 0
[2024-10-26T03:19:29.451+0530][132.176s][debug][gc,phases,ref     ] GC(429)       WeakReference Discovered: 0, Dropped: 0, Processed: 0
[2024-10-26T03:19:29.451+0530][132.176s][debug][gc,phases,ref     ] GC(429)       FinalReference Discovered: 0, Dropped: 0, Processed: 0
[2024-10-26T03:19:29.451+0530][132.176s][debug][gc,phases,ref     ] GC(429)       PhantomReference Discovered: 0, Dropped: 0, Processed: 0
[2024-10-26T03:19:29.451+0530][132.176s][debug][gc,phases         ] GC(429)     Weak Processing: 0.17ms
[2024-10-26T03:19:29.451+0530][132.176s][debug][gc,phases         ] GC(429)       VM Weak                        Min: 0.00, Avg: 0.00, Max: 0.00, Diff: 0.00, Sum: 0.01, Workers: 13
[2024-10-26T03:19:29.451+0530][132.176s][debug][gc,phases         ] GC(429)         Dead                           Min: 0, Avg:  0.0, Max: 0, Diff: 0, Sum: 0, Workers: 13
[2024-10-26T03:19:29.451+0530][132.176s][debug][gc,phases         ] GC(429)         Total                          Min: 0, Avg: 20.8, Max: 157, Diff: 157, Sum: 271, Workers: 13
[2024-10-26T03:19:29.451+0530][132.176s][debug][gc,phases         ] GC(429)       ObjectSynchronizer Weak        Min: 0.00, Avg: 0.00, Max: 0.00, Diff: 0.00, Sum: 0.00, Workers: 13
[2024-10-26T03:19:29.451+0530][132.176s][debug][gc,phases         ] GC(429)         Dead                           Min: 0, Avg:  0.0, Max: 0, Diff: 0, Sum: 0, Workers: 13
[2024-10-26T03:19:29.451+0530][132.176s][debug][gc,phases         ] GC(429)         Total                          Min: 0, Avg:  0.2, Max: 3, Diff: 3, Sum: 3, Workers: 13
[2024-10-26T03:19:29.451+0530][132.176s][debug][gc,phases         ] GC(429)       JVMTI Tag Weak OopStorage      Min: 0.00, Avg: 0.00, Max: 0.00, Diff: 0.00, Sum: 0.00, Workers: 13
[2024-10-26T03:19:29.451+0530][132.176s][debug][gc,phases         ] GC(429)         Dead                           Min: 0, Avg:  0.0, Max: 0, Diff: 0, Sum: 0, Workers: 13
[2024-10-26T03:19:29.451+0530][132.176s][debug][gc,phases         ] GC(429)         Total                          Min: 0, Avg:  0.0, Max: 0, Diff: 0, Sum: 0, Workers: 13
[2024-10-26T03:19:29.451+0530][132.176s][debug][gc,phases         ] GC(429)       StringTable Weak               Min: 0.00, Avg: 0.03, Max: 0.12, Diff: 0.12, Sum: 0.40, Workers: 13
[2024-10-26T03:19:29.451+0530][132.176s][debug][gc,phases         ] GC(429)         Dead                           Min: 0, Avg:  0.0, Max: 0, Diff: 0, Sum: 0, Workers: 13
[2024-10-26T03:19:29.451+0530][132.176s][debug][gc,phases         ] GC(429)         Total                          Min: 0, Avg: 1995.1, Max: 7505, Diff: 7505, Sum: 25936, Workers: 13
[2024-10-26T03:19:29.452+0530][132.176s][debug][gc,task,start     ] G1 Service Thread (Card Set Free Memory Task) (run 0.827ms after schedule)
[2024-10-26T03:19:29.452+0530][132.176s][debug][gc,phases         ] GC(429)       ResolvedMethodTable Weak       Min: 0.00, Avg: 0.00, Max: 0.02, Diff: 0.02, Sum: 0.06, Workers: 13
[2024-10-26T03:19:29.452+0530][132.176s][debug][gc,phases         ] GC(429)         Dead                           Min: 0, Avg:  0.0, Max: 0, Diff: 0, Sum: 0, Workers: 13
[2024-10-26T03:19:29.452+0530][132.176s][debug][gc,phases         ] GC(429)         Total                          Min: 0, Avg: 266.9, Max: 1024, Diff: 1024, Sum: 3470, Workers: 13
[2024-10-26T03:19:29.452+0530][132.176s][debug][gc,phases         ] GC(429)       JNI Weak                       Min: 0.00, Avg: 0.00, Max: 0.00, Diff: 0.00, Sum: 0.00, Workers: 13
[2024-10-26T03:19:29.452+0530][132.176s][debug][gc,phases         ] GC(429)         Dead                           Min: 0, Avg:  0.0, Max: 0, Diff: 0, Sum: 0, Workers: 13
[2024-10-26T03:19:29.452+0530][132.176s][debug][gc,phases         ] GC(429)         Total                          Min: 0, Avg:  0.2, Max: 3, Diff: 3, Sum: 3, Workers: 13
[2024-10-26T03:19:29.452+0530][132.176s][debug][gc,phases         ] GC(429)       StringDedup Table Weak         Min: 0.00, Avg: 0.00, Max: 0.00, Diff: 0.00, Sum: 0.00, Workers: 13
[2024-10-26T03:19:29.452+0530][132.176s][debug][gc,phases         ] GC(429)         Dead                           Min: 0, Avg:  0.0, Max: 0, Diff: 0, Sum: 0, Workers: 13
[2024-10-26T03:19:29.452+0530][132.177s][debug][gc,phases         ] GC(429)         Total                          Min: 0, Avg:  0.0, Max: 0, Diff: 0, Sum: 0, Workers: 13
[2024-10-26T03:19:29.452+0530][132.177s][debug][gc,phases         ] GC(429)       StringDedup Requests0 Weak     Min: 0.00, Avg: 0.00, Max: 0.00, Diff: 0.00, Sum: 0.00, Workers: 13
[2024-10-26T03:19:29.452+0530][132.177s][debug][gc,phases         ] GC(429)         Dead                           Min: 0, Avg:  0.0, Max: 0, Diff: 0, Sum: 0, Workers: 13
[2024-10-26T03:19:29.452+0530][132.177s][debug][gc,phases         ] GC(429)         Total                          Min: 0, Avg:  0.0, Max: 0, Diff: 0, Sum: 0, Workers: 13
[2024-10-26T03:19:29.452+0530][132.177s][debug][gc,phases         ] GC(429)       StringDedup Requests1 Weak     Min: 0.00, Avg: 0.00, Max: 0.00, Diff: 0.00, Sum: 0.00, Workers: 13
[2024-10-26T03:19:29.452+0530][132.177s][debug][gc,phases         ] GC(429)         Dead                           Min: 0, Avg:  0.0, Max: 0, Diff: 0, Sum: 0, Workers: 13
[2024-10-26T03:19:29.452+0530][132.177s][debug][gc,phases         ] GC(429)         Total                          Min: 0, Avg:  0.0, Max: 0, Diff: 0, Sum: 0, Workers: 13
[2024-10-26T03:19:29.452+0530][132.177s][debug][gc,phases         ] GC(429)       Weak JFR Old Object Samples    Min: 0.00, Avg: 0.00, Max: 0.00, Diff: 0.00, Sum: 0.00, Workers: 13
[2024-10-26T03:19:29.452+0530][132.177s][debug][gc,phases         ] GC(429)         Dead                           Min: 0, Avg:  0.0, Max: 0, Diff: 0, Sum: 0, Workers: 13
[2024-10-26T03:19:29.452+0530][132.177s][debug][gc,phases         ] GC(429)         Total                          Min: 0, Avg:  7.3, Max: 71, Diff: 71, Sum: 95, Workers: 13
[2024-10-26T03:19:29.452+0530][132.177s][debug][gc,phases         ] GC(429)     Post Evacuate Cleanup 1: 0.08ms
[2024-10-26T03:19:29.452+0530][132.177s][debug][gc,phases         ] GC(429)       Merge Per-Thread State (ms):   Min: 0.01, Avg: 0.01, Max: 0.01, Diff: 0.00, Sum: 0.01, Workers: 1
[2024-10-26T03:19:29.452+0530][132.177s][debug][gc,phases         ] GC(429)         Copied Bytes:                  Min: 0, Avg:  0.0, Max: 0, Diff: 0, Sum: 0, Workers: 13
[2024-10-26T03:19:29.452+0530][132.177s][debug][gc,phases         ] GC(429)         LAB Waste:                     Min: 0, Avg:  0.0, Max: 0, Diff: 0, Sum: 0, Workers: 13
[2024-10-26T03:19:29.452+0530][132.177s][debug][gc,phases         ] GC(429)         LAB Undo Waste:                Min: 0, Avg:  0.0, Max: 0, Diff: 0, Sum: 0, Workers: 13
[2024-10-26T03:19:29.452+0530][132.177s][debug][gc,phases         ] GC(429)         Evac Fail Extra Cards:         Min: 0, Avg:  0.0, Max: 0, Diff: 0, Sum: 0, Workers: 13
[2024-10-26T03:19:29.452+0530][132.177s][debug][gc,phases         ] GC(429)       Clear Logged Cards (ms):       Min: 0.00, Avg: 0.00, Max: 0.00, Diff: 0.00, Sum: 0.00, Workers: 2
[2024-10-26T03:19:29.452+0530][132.177s][debug][gc,phases         ] GC(429)       Recalculate Used Memory (ms):  Min: 0.00, Avg: 0.00, Max: 0.00, Diff: 0.00, Sum: 0.00, Workers: 1
[2024-10-26T03:19:29.452+0530][132.177s][debug][gc,phases         ] GC(429)     Post Evacuate Cleanup 2: 0.07ms
[2024-10-26T03:19:29.452+0530][132.177s][debug][gc,phases         ] GC(429)       Update Derived Pointers (ms):  Min: 0.00, Avg: 0.00, Max: 0.00, Diff: 0.00, Sum: 0.00, Workers: 1
[2024-10-26T03:19:29.452+0530][132.177s][debug][gc,phases         ] GC(429)       Eagerly Reclaim Humongous Objects (ms): skipped
[2024-10-26T03:19:29.452+0530][132.177s][debug][gc,phases         ] GC(429)         Humongous Total:               skipped
[2024-10-26T03:19:29.452+0530][132.177s][debug][gc,phases         ] GC(429)         Humongous Candidates:          skipped
[2024-10-26T03:19:29.452+0530][132.177s][debug][gc,phases         ] GC(429)         Humongous Reclaimed:           skipped
[2024-10-26T03:19:29.452+0530][132.177s][debug][gc,phases         ] GC(429)       Redirty Logged Cards (ms):     Min: 0.00, Avg: 0.00, Max: 0.00, Diff: 0.00, Sum: 0.00, Workers: 13
[2024-10-26T03:19:29.452+0530][132.177s][debug][gc,phases         ] GC(429)         Redirtied Cards:               Min: 0, Avg:  0.0, Max: 0, Diff: 0, Sum: 0, Workers: 13
[2024-10-26T03:19:29.452+0530][132.177s][debug][gc,phases         ] GC(429)       Resize TLABs (ms):             Min: 0.00, Avg: 0.00, Max: 0.00, Diff: 0.00, Sum: 0.00, Workers: 13
[2024-10-26T03:19:29.452+0530][132.177s][debug][gc,phases         ] GC(429)       Free Collection Set (ms):      Min: 0.00, Avg: 0.00, Max: 0.00, Diff: 0.00, Sum: 0.00, Workers: 13
[2024-10-26T03:19:29.452+0530][132.177s][debug][gc,phases         ] GC(429)     Rebuild Free List: 0.08ms
[2024-10-26T03:19:29.452+0530][132.177s][debug][gc,phases         ] GC(429)     Prepare For Mutator: 0.08ms
[2024-10-26T03:19:29.452+0530][132.177s][debug][gc,phases         ] GC(429)     Expand Heap After Collection: 0.00ms
[2024-10-26T03:19:29.452+0530][132.177s][info ][gc,phases         ] GC(429)   Other: 0.29ms
[2024-10-26T03:19:29.452+0530][132.177s][debug][gc,remset         ] GC(429) Coarsening (recent): Inline->AoC 0 (0) AoC->Howl 0 (0) Howl->Full 0 (0) Inline->AoC 0 (0) AoC->BitMap 0 (0) BitMap->Full 0 (0) 
[2024-10-26T03:19:29.452+0530][132.177s][debug][gc,remset         ] GC(429) Coarsening (all): Inline->AoC 262 (0) AoC->Howl 221 (0) Howl->Full 0 (0) Inline->AoC 551 (0) AoC->BitMap 471 (0) BitMap->Full 0 (0) 
[2024-10-26T03:19:29.452+0530][132.177s][info ][gc,heap           ] GC(429) Eden regions: 0->0(0)
[2024-10-26T03:19:29.452+0530][132.177s][info ][gc,heap           ] GC(429) Survivor regions: 0->0(0)
[2024-10-26T03:19:29.452+0530][132.177s][info ][gc,heap           ] GC(429) Old regions: 14->14
[2024-10-26T03:19:29.452+0530][132.177s][info ][gc,heap           ] GC(429) Humongous regions: 2034->2034
[2024-10-26T03:19:29.452+0530][132.177s][info ][gc,metaspace      ] GC(429) Metaspace: 38207K(38720K)->38207K(38720K) NonClass: 33329K(33600K)->33329K(33600K) Class: 4877K(5120K)->4877K(5120K)
[2024-10-26T03:19:29.452+0530][132.177s][debug][gc,heap           ] GC(429) Heap after GC invocations=382 (full 197):
[2024-10-26T03:19:29.452+0530][132.177s][debug][gc,heap           ] GC(429)  garbage-first heap   total reserved 2097152K, committed 2097152K, used 2096783K [0x0000000080000000, 0x0000000100000000)
[2024-10-26T03:19:29.452+0530][132.177s][debug][gc,heap           ] GC(429)   region size 1024K, 0 young (0K), 0 survivors (0K)
[2024-10-26T03:19:29.452+0530][132.177s][debug][gc,heap           ] GC(429)  Metaspace       used 38207K, committed 38720K, reserved 1114112K
[2024-10-26T03:19:29.452+0530][132.177s][debug][gc,heap           ] GC(429)   class space    used 4877K, committed 5120K, reserved 1048576K
[2024-10-26T03:19:29.452+0530][132.177s][info ][gc                ] GC(429) Pause Young (Normal) (G1 Evacuation Pause) 2047M->2047M(2048M) 16.326ms
[2024-10-26T03:19:29.452+0530][132.177s][info ][gc,cpu            ] GC(429) User=0.00s Sys=0.00s Real=0.02s
[2024-10-26T03:19:29.452+0530][132.177s][debug][gc,ergo,heap      ] Attempt heap expansion (allocation request failed). Allocation request: 2648B
[2024-10-26T03:19:29.452+0530][132.177s][debug][gc,ergo,heap      ] Expand the heap. requested expansion amount: 1048576B expansion amount: 1048576B
[2024-10-26T03:19:29.452+0530][132.177s][debug][gc,ergo,heap      ] Did not expand the heap (heap already fully expanded)
[2024-10-26T03:19:29.452+0530][132.177s][info ][gc,ergo           ] Attempting full compaction
[2024-10-26T03:19:29.452+0530][132.177s][info ][gc,start          ] GC(430) Pause Full (G1 Compaction Pause)
[2024-10-26T03:19:29.452+0530][132.177s][debug][gc,heap           ] GC(430) Heap before GC invocations=382 (full 197):
[2024-10-26T03:19:29.452+0530][132.177s][debug][gc,heap           ] GC(430)  garbage-first heap   total reserved 2097152K, committed 2097152K, used 2096783K [0x0000000080000000, 0x0000000100000000)
[2024-10-26T03:19:29.452+0530][132.177s][debug][gc,heap           ] GC(430)   region size 1024K, 0 young (0K), 0 survivors (0K)
[2024-10-26T03:19:29.452+0530][132.177s][debug][gc,heap           ] GC(430)  Metaspace       used 38207K, committed 38720K, reserved 1114112K
[2024-10-26T03:19:29.452+0530][132.177s][debug][gc,heap           ] GC(430)   class space    used 4877K, committed 5120K, reserved 1048576K
[2024-10-26T03:19:29.452+0530][132.177s][debug][gc,task           ] GC(430) Requesting 13 active workers for full compaction (waste limited workers: 13, adaptive workers: 13, used limited workers: 2048)
[2024-10-26T03:19:29.452+0530][132.177s][info ][gc,task           ] GC(430) Using 13 workers of 13 for full compaction
[2024-10-26T03:19:29.453+0530][132.177s][debug][gc,start          ] GC(430) Clear Bitmap
[2024-10-26T03:19:29.453+0530][132.177s][debug][gc,ergo           ] GC(430) Running G1 Clear Bitmap with 13 workers for 32 work units.
[2024-10-26T03:19:29.455+0530][132.179s][debug][gc                ] GC(430) Clear Bitmap 1.975ms
[2024-10-26T03:19:29.455+0530][132.180s][debug][gc,alloc,region   ] GC(430) Mutator Allocation stats, regions: 0, wasted size: 0B ( 0.0%)
[2024-10-26T03:19:29.455+0530][132.180s][info ][gc,phases,start   ] GC(430) Phase 1: Mark live objects
[2024-10-26T03:19:29.461+0530][132.186s][debug][gc,phases,start   ] GC(430) Phase 1: Reference Processing
[2024-10-26T03:19:29.461+0530][132.186s][debug][gc,ref            ] GC(430) ReferenceProcessor::execute queues: 4, RefProcThreadModel::Multi, marks_oops_alive: false
[2024-10-26T03:19:29.461+0530][132.186s][debug][gc,ref            ] GC(430) Skipped KeepAliveFinalRefsPhase of Reference Processing: no references
[2024-10-26T03:19:29.461+0530][132.186s][debug][gc,ref            ] GC(430) ReferenceProcessor::execute queues: 1, RefProcThreadModel::Single, marks_oops_alive: false
[2024-10-26T03:19:29.461+0530][132.186s][debug][gc,phases,ref     ] GC(430) Reference Processing: 0.3ms
[2024-10-26T03:19:29.461+0530][132.186s][debug][gc,phases,ref     ] GC(430)   Notify Soft/WeakReferences: 0.2ms
[2024-10-26T03:19:29.461+0530][132.186s][debug][gc,phases,ref     ] GC(430)     Balance queues: 0.0ms
[2024-10-26T03:19:29.461+0530][132.186s][debug][gc,phases,ref     ] GC(430)     SoftRef (ms):                  Min: 0.02, Avg: 0.02, Max: 0.02, Diff: 0.00, Sum: 0.09, Workers: 4
[2024-10-26T03:19:29.461+0530][132.186s][debug][gc,phases,ref     ] GC(430)     WeakRef (ms):                  Min: 0.05, Avg: 0.05, Max: 0.06, Diff: 0.01, Sum: 0.21, Workers: 4
[2024-10-26T03:19:29.461+0530][132.186s][debug][gc,phases,ref     ] GC(430)     FinalRef (ms):                 Min: 0.00, Avg: 0.00, Max: 0.00, Diff: 0.00, Sum: 0.00, Workers: 4
[2024-10-26T03:19:29.461+0530][132.186s][debug][gc,phases,ref     ] GC(430)     Total (ms):                    Min: 0.07, Avg: 0.08, Max: 0.08, Diff: 0.01, Sum: 0.31, Workers: 4
[2024-10-26T03:19:29.461+0530][132.186s][debug][gc,phases,ref     ] GC(430)   Notify and keep alive finalizable: 0.0ms
[2024-10-26T03:19:29.461+0530][132.186s][debug][gc,phases,ref     ] GC(430)     FinalRef (ms):                 skipped
[2024-10-26T03:19:29.461+0530][132.186s][debug][gc,phases,ref     ] GC(430)   Notify PhantomReferences: 0.0ms
[2024-10-26T03:19:29.461+0530][132.186s][debug][gc,phases,ref     ] GC(430)     PhantomRef (ms):               Min: 0.01, Avg: 0.01, Max: 0.01, Diff: 0.00, Sum: 0.01, Workers: 1
[2024-10-26T03:19:29.461+0530][132.186s][debug][gc,phases,ref     ] GC(430)   SoftReference Discovered: 1287, Dropped: 1287, Processed: 0
[2024-10-26T03:19:29.461+0530][132.186s][debug][gc,phases,ref     ] GC(430)   WeakReference Discovered: 2558, Dropped: 2558, Processed: 0
[2024-10-26T03:19:29.461+0530][132.186s][debug][gc,phases,ref     ] GC(430)   FinalReference Discovered: 0, Dropped: 0, Processed: 0
[2024-10-26T03:19:29.461+0530][132.186s][debug][gc,phases,ref     ] GC(430)   PhantomReference Discovered: 236, Dropped: 236, Processed: 0
[2024-10-26T03:19:29.461+0530][132.186s][debug][gc,phases         ] GC(430) Phase 1: Reference Processing 0.504ms
[2024-10-26T03:19:29.461+0530][132.186s][debug][gc,phases,start   ] GC(430) Phase 1: Flush Mark Stats Cache
[2024-10-26T03:19:29.461+0530][132.186s][debug][gc,phases         ] GC(430) Phase 1: Flush Mark Stats Cache 0.033ms
[2024-10-26T03:19:29.461+0530][132.186s][debug][gc,phases,start   ] GC(430) Phase 1: Weak Processing
[2024-10-26T03:19:29.462+0530][132.186s][debug][gc,phases         ] GC(430)   VM Weak                        Min: 0.00, Avg: 0.00, Max: 0.00, Diff: 0.00, Sum: 0.01, Workers: 13
[2024-10-26T03:19:29.462+0530][132.186s][debug][gc,phases         ] GC(430)     Dead                           Min: 0, Avg:  0.0, Max: 0, Diff: 0, Sum: 0, Workers: 13
[2024-10-26T03:19:29.462+0530][132.186s][debug][gc,phases         ] GC(430)     Total                          Min: 0, Avg: 20.8, Max: 271, Diff: 271, Sum: 271, Workers: 13
[2024-10-26T03:19:29.462+0530][132.186s][debug][gc,phases         ] GC(430)   ObjectSynchronizer Weak        Min: 0.00, Avg: 0.00, Max: 0.00, Diff: 0.00, Sum: 0.00, Workers: 13
[2024-10-26T03:19:29.462+0530][132.187s][debug][gc,phases         ] GC(430)     Dead                           Min: 0, Avg:  0.0, Max: 0, Diff: 0, Sum: 0, Workers: 13
[2024-10-26T03:19:29.462+0530][132.187s][debug][gc,phases         ] GC(430)     Total                          Min: 0, Avg:  0.2, Max: 3, Diff: 3, Sum: 3, Workers: 13
[2024-10-26T03:19:29.462+0530][132.187s][debug][gc,phases         ] GC(430)   JVMTI Tag Weak OopStorage      Min: 0.00, Avg: 0.00, Max: 0.00, Diff: 0.00, Sum: 0.00, Workers: 13
[2024-10-26T03:19:29.462+0530][132.187s][debug][gc,phases         ] GC(430)     Dead                           Min: 0, Avg:  0.0, Max: 0, Diff: 0, Sum: 0, Workers: 13
[2024-10-26T03:19:29.462+0530][132.187s][debug][gc,phases         ] GC(430)     Total                          Min: 0, Avg:  0.0, Max: 0, Diff: 0, Sum: 0, Workers: 13
[2024-10-26T03:19:29.462+0530][132.187s][debug][gc,phases         ] GC(430)   StringTable Weak               Min: 0.00, Avg: 0.01, Max: 0.06, Diff: 0.06, Sum: 0.18, Workers: 13
[2024-10-26T03:19:29.462+0530][132.187s][debug][gc,phases         ] GC(430)     Dead                           Min: 0, Avg:  0.0, Max: 0, Diff: 0, Sum: 0, Workers: 13
[2024-10-26T03:19:29.462+0530][132.187s][debug][gc,phases         ] GC(430)     Total                          Min: 0, Avg: 1995.1, Max: 9215, Diff: 9215, Sum: 25936, Workers: 13
[2024-10-26T03:19:29.462+0530][132.187s][debug][gc,phases         ] GC(430)   ResolvedMethodTable Weak       Min: 0.00, Avg: 0.00, Max: 0.02, Diff: 0.02, Sum: 0.04, Workers: 13
[2024-10-26T03:19:29.462+0530][132.187s][debug][gc,phases         ] GC(430)     Dead                           Min: 0, Avg:  0.0, Max: 0, Diff: 0, Sum: 0, Workers: 13
[2024-10-26T03:19:29.462+0530][132.187s][debug][gc,phases         ] GC(430)     Total                          Min: 0, Avg: 266.9, Max: 896, Diff: 896, Sum: 3470, Workers: 13
[2024-10-26T03:19:29.462+0530][132.187s][debug][gc,phases         ] GC(430)   JNI Weak                       Min: 0.00, Avg: 0.00, Max: 0.00, Diff: 0.00, Sum: 0.00, Workers: 13
[2024-10-26T03:19:29.462+0530][132.187s][debug][gc,phases         ] GC(430)     Dead                           Min: 0, Avg:  0.0, Max: 0, Diff: 0, Sum: 0, Workers: 13
[2024-10-26T03:19:29.462+0530][132.187s][debug][gc,phases         ] GC(430)     Total                          Min: 0, Avg:  0.2, Max: 3, Diff: 3, Sum: 3, Workers: 13
[2024-10-26T03:19:29.462+0530][132.187s][debug][gc,phases         ] GC(430)   StringDedup Table Weak         Min: 0.00, Avg: 0.00, Max: 0.00, Diff: 0.00, Sum: 0.00, Workers: 13
[2024-10-26T03:19:29.462+0530][132.187s][debug][gc,phases         ] GC(430)     Dead                           Min: 0, Avg:  0.0, Max: 0, Diff: 0, Sum: 0, Workers: 13
[2024-10-26T03:19:29.462+0530][132.187s][debug][gc,phases         ] GC(430)     Total                          Min: 0, Avg:  0.0, Max: 0, Diff: 0, Sum: 0, Workers: 13
[2024-10-26T03:19:29.462+0530][132.187s][debug][gc,phases         ] GC(430)   StringDedup Requests0 Weak     Min: 0.00, Avg: 0.00, Max: 0.00, Diff: 0.00, Sum: 0.00, Workers: 13
[2024-10-26T03:19:29.462+0530][132.187s][debug][gc,phases         ] GC(430)     Dead                           Min: 0, Avg:  0.0, Max: 0, Diff: 0, Sum: 0, Workers: 13
[2024-10-26T03:19:29.462+0530][132.187s][debug][gc,phases         ] GC(430)     Total                          Min: 0, Avg:  0.0, Max: 0, Diff: 0, Sum: 0, Workers: 13
[2024-10-26T03:19:29.462+0530][132.187s][debug][gc,phases         ] GC(430)   StringDedup Requests1 Weak     Min: 0.00, Avg: 0.00, Max: 0.00, Diff: 0.00, Sum: 0.00, Workers: 13
[2024-10-26T03:19:29.462+0530][132.187s][debug][gc,phases         ] GC(430)     Dead                           Min: 0, Avg:  0.0, Max: 0, Diff: 0, Sum: 0, Workers: 13
[2024-10-26T03:19:29.462+0530][132.187s][debug][gc,phases         ] GC(430)     Total                          Min: 0, Avg:  0.0, Max: 0, Diff: 0, Sum: 0, Workers: 13
[2024-10-26T03:19:29.462+0530][132.187s][debug][gc,phases         ] GC(430)   Weak JFR Old Object Samples    Min: 0.00, Avg: 0.00, Max: 0.00, Diff: 0.00, Sum: 0.00, Workers: 13
[2024-10-26T03:19:29.462+0530][132.187s][debug][gc,phases         ] GC(430)     Dead                           Min: 0, Avg:  0.0, Max: 0, Diff: 0, Sum: 0, Workers: 13
[2024-10-26T03:19:29.462+0530][132.187s][debug][gc,phases         ] GC(430)     Total                          Min: 0, Avg:  7.3, Max: 71, Diff: 71, Sum: 95, Workers: 13
[2024-10-26T03:19:29.462+0530][132.187s][debug][gc,phases         ] GC(430) Phase 1: Weak Processing 0.542ms
[2024-10-26T03:19:29.462+0530][132.187s][debug][gc,phases,start   ] GC(430) Phase 1: Class Unloading and Cleanup
[2024-10-26T03:19:29.462+0530][132.187s][debug][gc,phases,start   ] GC(430) ClassLoaderData
[2024-10-26T03:19:29.462+0530][132.187s][debug][gc,phases         ] GC(430) ClassLoaderData 0.025ms
[2024-10-26T03:19:29.462+0530][132.187s][debug][gc,phases,start   ] GC(430) Trigger cleanups
[2024-10-26T03:19:29.462+0530][132.187s][debug][gc,phases         ] GC(430) Trigger cleanups 0.010ms
[2024-10-26T03:19:29.462+0530][132.187s][debug][gc,phases,start   ] GC(430) G1 Complete Cleaning
[2024-10-26T03:19:29.462+0530][132.187s][debug][gc,phases         ] GC(430) G1 Complete Cleaning 0.148ms
[2024-10-26T03:19:29.462+0530][132.187s][debug][gc,phases,start   ] GC(430) Purge Unlinked NMethods
[2024-10-26T03:19:29.462+0530][132.187s][debug][gc,phases         ] GC(430) Purge Unlinked NMethods 0.011ms
[2024-10-26T03:19:29.462+0530][132.187s][debug][gc,phases,start   ] GC(430) Unregister NMethods
[2024-10-26T03:19:29.462+0530][132.187s][debug][gc,phases         ] GC(430) Unregister NMethods 0.226ms
[2024-10-26T03:19:29.462+0530][132.187s][debug][gc,phases,start   ] GC(430) Free Code Blobs
[2024-10-26T03:19:29.462+0530][132.187s][debug][gc,phases         ] GC(430) Free Code Blobs 0.015ms
[2024-10-26T03:19:29.462+0530][132.187s][debug][gc,phases,start   ] GC(430) Purge Class Loader Data
[2024-10-26T03:19:29.462+0530][132.187s][debug][gc,phases         ] GC(430) Purge Class Loader Data 0.013ms
[2024-10-26T03:19:29.463+0530][132.187s][debug][gc,phases         ] GC(430) Phase 1: Class Unloading and Cleanup 0.571ms
[2024-10-26T03:19:29.463+0530][132.187s][debug][gc,phases,start   ] GC(430) Report Object Count
[2024-10-26T03:19:29.463+0530][132.187s][debug][gc,phases         ] GC(430) Report Object Count 0.011ms
[2024-10-26T03:19:29.463+0530][132.187s][info ][gc,phases         ] GC(430) Phase 1: Mark live objects 7.821ms
[2024-10-26T03:19:29.463+0530][132.187s][info ][gc,phases,start   ] GC(430) Phase 2: Prepare compaction
[2024-10-26T03:19:29.463+0530][132.187s][debug][gc,phases,start   ] GC(430) Phase 2: Determine work lists
[2024-10-26T03:19:29.463+0530][132.188s][debug][gc,phases         ] GC(430) Phase 2: Determine work lists 0.394ms
[2024-10-26T03:19:29.463+0530][132.188s][debug][gc,phases,start   ] GC(430) Phase 2: Prepare parallel compaction
[2024-10-26T03:19:29.463+0530][132.188s][debug][gc,phases         ] GC(430) Phase 2: Prepare parallel compaction 0.257ms
[2024-10-26T03:19:29.463+0530][132.188s][info ][gc,phases         ] GC(430) Phase 2: Prepare compaction 0.697ms
[2024-10-26T03:19:29.463+0530][132.188s][info ][gc,phases,start   ] GC(430) Phase 3: Adjust pointers
[2024-10-26T03:19:29.465+0530][132.190s][info ][gc,phases         ] GC(430) Phase 3: Adjust pointers 2.250ms
[2024-10-26T03:19:29.466+0530][132.190s][info ][gc,phases,start   ] GC(430) Phase 4: Compact heap
[2024-10-26T03:19:29.466+0530][132.191s][info ][gc,phases         ] GC(430) Phase 4: Compact heap 0.203ms
[2024-10-26T03:19:29.466+0530][132.191s][info ][gc,phases,start   ] GC(430) Phase 5: Reset Metadata
[2024-10-26T03:19:29.467+0530][132.192s][info ][gc,phases         ] GC(430) Phase 5: Reset Metadata 1.328ms
[2024-10-26T03:19:29.467+0530][132.192s][debug][gc,ergo           ] GC(430) Running G1 Clear Bitmap with 13 workers for 32 work units.
[2024-10-26T03:19:29.469+0530][132.194s][debug][gc,alloc,stats    ] Old generation allocation in the last mutator period, old gen allocated: 0B, humongous allocated: 0B, old gen growth: 0B.
[2024-10-26T03:19:29.470+0530][132.195s][debug][gc,remset         ] GC(430) Coarsening (recent): Inline->AoC 0 (0) AoC->Howl 0 (0) Howl->Full 0 (0) Inline->AoC 0 (0) AoC->BitMap 0 (0) BitMap->Full 0 (0) 
[2024-10-26T03:19:29.470+0530][132.195s][debug][gc,remset         ] GC(430) Coarsening (all): Inline->AoC 262 (0) AoC->Howl 221 (0) Howl->Full 0 (0) Inline->AoC 551 (0) AoC->BitMap 471 (0) BitMap->Full 0 (0) 
[2024-10-26T03:19:29.470+0530][132.195s][info ][gc,heap           ] GC(430) Eden regions: 0->0(759)
[2024-10-26T03:19:29.470+0530][132.195s][info ][gc,heap           ] GC(430) Survivor regions: 0->0(0)
[2024-10-26T03:19:29.470+0530][132.195s][info ][gc,heap           ] GC(430) Old regions: 14->14
[2024-10-26T03:19:29.470+0530][132.195s][info ][gc,heap           ] GC(430) Humongous regions: 2034->1172
[2024-10-26T03:19:29.470+0530][132.195s][info ][gc,metaspace      ] GC(430) Metaspace: 38207K(38720K)->38207K(38720K) NonClass: 33329K(33600K)->33329K(33600K) Class: 4877K(5120K)->4877K(5120K)
[2024-10-26T03:19:29.470+0530][132.195s][debug][gc,heap           ] GC(430) Heap after GC invocations=383 (full 198):
[2024-10-26T03:19:29.470+0530][132.195s][debug][gc,heap           ] GC(430)  garbage-first heap   total reserved 2097152K, committed 2097152K, used 1214095K [0x0000000080000000, 0x0000000100000000)
[2024-10-26T03:19:29.470+0530][132.195s][debug][gc,heap           ] GC(430)   region size 1024K, 0 young (0K), 0 survivors (0K)
[2024-10-26T03:19:29.470+0530][132.195s][debug][gc,heap           ] GC(430)  Metaspace       used 38207K, committed 38720K, reserved 1114112K
[2024-10-26T03:19:29.470+0530][132.195s][debug][gc,heap           ] GC(430)   class space    used 4877K, committed 5120K, reserved 1048576K
[2024-10-26T03:19:29.470+0530][132.195s][info ][gc                ] GC(430) Pause Full (G1 Compaction Pause) 2047M->1185M(2048M) 17.704ms
[2024-10-26T03:19:29.470+0530][132.195s][info ][gc,cpu            ] GC(430) User=0.02s Sys=0.00s Real=0.02s
[2024-10-26T03:19:29.470+0530][132.195s][info ][gc,marking        ] GC(425) Concurrent Mark Abort
[2024-10-26T03:19:29.470+0530][132.195s][info ][gc                ] GC(425) Concurrent Mark Cycle 92.370ms
[2024-10-26T03:19:29.470+0530][132.195s][debug][gc,task           ] G1 Service Thread (Card Set Free Memory Task) (run: 18.537ms) (cpu: 0.000ms)
[2024-10-26T03:19:29.470+0530][132.195s][debug][gc,refine         ] Concurrent refinement: wanted 0, cards: 0, predicted: 2358702, time: 3600000.00ms
[2024-10-26T03:19:29.849+0530][132.574s][debug][gc,task,start     ] G1 Service Thread (Periodic GC Task) (run 14.228ms after schedule)
[2024-10-26T03:19:29.849+0530][132.574s][debug][gc,task           ] G1 Service Thread (Periodic GC Task) (run: 0.137ms) (cpu: 0.000ms)
[2024-10-26T03:19:30.851+0530][133.576s][debug][gc,task,start     ] G1 Service Thread (Periodic GC Task) (run 1.661ms after schedule)
[2024-10-26T03:19:30.851+0530][133.576s][debug][gc,task           ] G1 Service Thread (Periodic GC Task) (run: 0.200ms) (cpu: 0.000ms)
[2024-10-26T03:19:31.852+0530][134.577s][debug][gc,task,start     ] G1 Service Thread (Periodic GC Task) (run 0.676ms after schedule)
[2024-10-26T03:19:31.852+0530][134.577s][debug][gc,task           ] G1 Service Thread (Periodic GC Task) (run: 0.209ms) (cpu: 0.000ms)
[2024-10-26T03:19:32.865+0530][135.589s][debug][gc,task,start     ] G1 Service Thread (Periodic GC Task) (run 12.454ms after schedule)
[2024-10-26T03:19:32.865+0530][135.589s][debug][gc,task           ] G1 Service Thread (Periodic GC Task) (run: 0.285ms) (cpu: 0.000ms)
[2024-10-26T03:19:33.879+0530][136.603s][debug][gc,task,start     ] G1 Service Thread (Periodic GC Task) (run 13.595ms after schedule)
[2024-10-26T03:19:33.879+0530][136.604s][debug][gc,task           ] G1 Service Thread (Periodic GC Task) (run: 0.545ms) (cpu: 0.000ms)
[2024-10-26T03:19:34.891+0530][137.615s][debug][gc,task,start     ] G1 Service Thread (Periodic GC Task) (run 11.764ms after schedule)
[2024-10-26T03:19:34.891+0530][137.616s][debug][gc,task           ] G1 Service Thread (Periodic GC Task) (run: 0.231ms) (cpu: 0.000ms)
[2024-10-26T03:19:35.903+0530][138.627s][debug][gc,task,start     ] G1 Service Thread (Periodic GC Task) (run 11.307ms after schedule)
[2024-10-26T03:19:35.903+0530][138.627s][debug][gc,task           ] G1 Service Thread (Periodic GC Task) (run: 0.394ms) (cpu: 0.000ms)
[2024-10-26T03:19:36.917+0530][139.642s][debug][gc,task,start     ] G1 Service Thread (Periodic GC Task) (run 14.360ms after schedule)
[2024-10-26T03:19:36.917+0530][139.642s][debug][gc,task           ] G1 Service Thread (Periodic GC Task) (run: 0.199ms) (cpu: 0.000ms)
[2024-10-26T03:19:37.073+0530][139.797s][debug][gc,refine         ] Concurrent refinement: wanted 0, cards: 1, predicted: 2358703, time: 3600000.00ms
[2024-10-26T03:19:37.922+0530][140.646s][debug][gc,task,start     ] G1 Service Thread (Periodic GC Task) (run 4.010ms after schedule)
[2024-10-26T03:19:37.922+0530][140.646s][debug][gc,task           ] G1 Service Thread (Periodic GC Task) (run: 0.094ms) (cpu: 0.000ms)
[2024-10-26T03:19:38.935+0530][141.659s][debug][gc,task,start     ] G1 Service Thread (Periodic GC Task) (run 12.995ms after schedule)
[2024-10-26T03:19:38.935+0530][141.659s][debug][gc,task           ] G1 Service Thread (Periodic GC Task) (run: 0.076ms) (cpu: 0.000ms)
[2024-10-26T03:19:39.944+0530][142.669s][debug][gc,task,start     ] G1 Service Thread (Periodic GC Task) (run 9.581ms after schedule)
[2024-10-26T03:19:39.944+0530][142.669s][debug][gc,task           ] G1 Service Thread (Periodic GC Task) (run: 0.207ms) (cpu: 0.000ms)
[2024-10-26T03:19:40.946+0530][143.670s][debug][gc,task,start     ] G1 Service Thread (Periodic GC Task) (run 1.360ms after schedule)
[2024-10-26T03:19:40.946+0530][143.670s][debug][gc,task           ] G1 Service Thread (Periodic GC Task) (run: 0.196ms) (cpu: 0.000ms)
[2024-10-26T03:19:41.946+0530][144.670s][debug][gc,task,start     ] G1 Service Thread (Periodic GC Task) (run 0.192ms after schedule)
[2024-10-26T03:19:41.946+0530][144.671s][debug][gc,task           ] G1 Service Thread (Periodic GC Task) (run: 0.074ms) (cpu: 0.000ms)
[2024-10-26T03:19:42.952+0530][145.676s][debug][gc,task,start     ] G1 Service Thread (Periodic GC Task) (run 5.758ms after schedule)
[2024-10-26T03:19:42.952+0530][145.676s][debug][gc,task           ] G1 Service Thread (Periodic GC Task) (run: 0.130ms) (cpu: 0.000ms)
[2024-10-26T03:19:43.953+0530][146.677s][debug][gc,task,start     ] G1 Service Thread (Periodic GC Task) (run 0.855ms after schedule)
[2024-10-26T03:19:43.953+0530][146.677s][debug][gc,task           ] G1 Service Thread (Periodic GC Task) (run: 0.053ms) (cpu: 0.000ms)
[2024-10-26T03:19:44.667+0530][147.391s][debug][gc,refine         ] Concurrent refinement: wanted 0, cards: 1, predicted: 2358703, time: 3600000.00ms
[2024-10-26T03:19:44.953+0530][147.678s][debug][gc,task,start     ] G1 Service Thread (Periodic GC Task) (run 0.213ms after schedule)
[2024-10-26T03:19:44.953+0530][147.678s][debug][gc,task           ] G1 Service Thread (Periodic GC Task) (run: 0.150ms) (cpu: 0.000ms)
[2024-10-26T03:19:45.954+0530][148.678s][debug][gc,task,start     ] G1 Service Thread (Periodic GC Task) (run 0.589ms after schedule)
[2024-10-26T03:19:45.954+0530][148.678s][debug][gc,task           ] G1 Service Thread (Periodic GC Task) (run: 0.104ms) (cpu: 0.000ms)
[2024-10-26T03:19:46.954+0530][149.679s][debug][gc,task,start     ] G1 Service Thread (Periodic GC Task) (run 0.462ms after schedule)
[2024-10-26T03:19:46.954+0530][149.679s][debug][gc,task           ] G1 Service Thread (Periodic GC Task) (run: 0.214ms) (cpu: 0.000ms)
[2024-10-26T03:19:47.957+0530][150.681s][debug][gc,task,start     ] G1 Service Thread (Periodic GC Task) (run 1.987ms after schedule)
[2024-10-26T03:19:47.957+0530][150.681s][debug][gc,task           ] G1 Service Thread (Periodic GC Task) (run: 0.203ms) (cpu: 0.000ms)
[2024-10-26T03:19:48.957+0530][151.682s][debug][gc,task,start     ] G1 Service Thread (Periodic GC Task) (run 0.364ms after schedule)
[2024-10-26T03:19:48.957+0530][151.682s][debug][gc,task           ] G1 Service Thread (Periodic GC Task) (run: 0.199ms) (cpu: 0.000ms)
[2024-10-26T03:19:49.959+0530][152.684s][debug][gc,task,start     ] G1 Service Thread (Periodic GC Task) (run 1.888ms after schedule)
[2024-10-26T03:19:49.959+0530][152.684s][debug][gc,task           ] G1 Service Thread (Periodic GC Task) (run: 0.194ms) (cpu: 0.000ms)
[2024-10-26T03:19:50.960+0530][153.684s][debug][gc,task,start     ] G1 Service Thread (Periodic GC Task) (run 0.476ms after schedule)
[2024-10-26T03:19:50.960+0530][153.684s][debug][gc,task           ] G1 Service Thread (Periodic GC Task) (run: 0.122ms) (cpu: 0.000ms)
[2024-10-26T03:19:51.960+0530][154.685s][debug][gc,task,start     ] G1 Service Thread (Periodic GC Task) (run 0.177ms after schedule)
[2024-10-26T03:19:51.960+0530][154.685s][debug][gc,task           ] G1 Service Thread (Periodic GC Task) (run: 0.170ms) (cpu: 0.000ms)
[2024-10-26T03:19:52.256+0530][154.980s][debug][gc,refine         ] Concurrent refinement: wanted 0, cards: 1, predicted: 2358703, time: 3600000.00ms
[2024-10-26T03:19:52.961+0530][155.685s][debug][gc,task,start     ] G1 Service Thread (Periodic GC Task) (run 0.045ms after schedule)
[2024-10-26T03:19:52.961+0530][155.685s][debug][gc,task           ] G1 Service Thread (Periodic GC Task) (run: 0.194ms) (cpu: 0.000ms)
[2024-10-26T03:19:53.962+0530][156.686s][debug][gc,task,start     ] G1 Service Thread (Periodic GC Task) (run 0.879ms after schedule)
[2024-10-26T03:19:53.962+0530][156.686s][debug][gc,task           ] G1 Service Thread (Periodic GC Task) (run: 0.201ms) (cpu: 0.000ms)
[2024-10-26T03:19:54.963+0530][157.687s][debug][gc,task,start     ] G1 Service Thread (Periodic GC Task) (run 0.695ms after schedule)
[2024-10-26T03:19:54.963+0530][157.687s][debug][gc,task           ] G1 Service Thread (Periodic GC Task) (run: 0.137ms) (cpu: 0.000ms)
[2024-10-26T03:19:55.963+0530][158.687s][debug][gc,task,start     ] G1 Service Thread (Periodic GC Task) (run 0.484ms after schedule)
[2024-10-26T03:19:55.963+0530][158.687s][debug][gc,task           ] G1 Service Thread (Periodic GC Task) (run: 0.062ms) (cpu: 0.000ms)
[2024-10-26T03:19:56.964+0530][159.688s][debug][gc,task,start     ] G1 Service Thread (Periodic GC Task) (run 0.835ms after schedule)
[2024-10-26T03:19:56.964+0530][159.688s][debug][gc,task           ] G1 Service Thread (Periodic GC Task) (run: 0.065ms) (cpu: 0.000ms)
[2024-10-26T03:19:57.965+0530][160.689s][debug][gc,task,start     ] G1 Service Thread (Periodic GC Task) (run 0.570ms after schedule)
[2024-10-26T03:19:57.965+0530][160.689s][debug][gc,task           ] G1 Service Thread (Periodic GC Task) (run: 0.082ms) (cpu: 0.000ms)
[2024-10-26T03:19:58.965+0530][161.689s][debug][gc,task,start     ] G1 Service Thread (Periodic GC Task) (run 0.080ms after schedule)
[2024-10-26T03:19:58.965+0530][161.689s][debug][gc,task           ] G1 Service Thread (Periodic GC Task) (run: 0.164ms) (cpu: 0.000ms)
[2024-10-26T03:19:59.845+0530][162.569s][debug][gc,refine         ] Concurrent refinement: wanted 0, cards: 1, predicted: 2358703, time: 3600000.00ms
[2024-10-26T03:19:59.966+0530][162.690s][debug][gc,task,start     ] G1 Service Thread (Periodic GC Task) (run 0.806ms after schedule)
[2024-10-26T03:19:59.966+0530][162.690s][debug][gc,task           ] G1 Service Thread (Periodic GC Task) (run: 0.049ms) (cpu: 0.000ms)
[2024-10-26T03:20:00.966+0530][163.691s][debug][gc,task,start     ] G1 Service Thread (Periodic GC Task) (run 0.425ms after schedule)
[2024-10-26T03:20:00.966+0530][163.691s][debug][gc,task           ] G1 Service Thread (Periodic GC Task) (run: 0.214ms) (cpu: 0.000ms)
[2024-10-26T03:20:01.967+0530][164.691s][debug][gc,task,start     ] G1 Service Thread (Periodic GC Task) (run 0.111ms after schedule)
[2024-10-26T03:20:01.967+0530][164.691s][debug][gc,task           ] G1 Service Thread (Periodic GC Task) (run: 0.116ms) (cpu: 0.000ms)
[2024-10-26T03:20:02.968+0530][165.692s][debug][gc,task,start     ] G1 Service Thread (Periodic GC Task) (run 0.863ms after schedule)
[2024-10-26T03:20:02.968+0530][165.692s][debug][gc,task           ] G1 Service Thread (Periodic GC Task) (run: 0.118ms) (cpu: 0.000ms)
[2024-10-26T03:20:03.968+0530][166.692s][debug][gc,task,start     ] G1 Service Thread (Periodic GC Task) (run 0.118ms after schedule)
[2024-10-26T03:20:03.968+0530][166.692s][debug][gc,task           ] G1 Service Thread (Periodic GC Task) (run: 0.058ms) (cpu: 0.000ms)
[2024-10-26T03:20:04.969+0530][167.693s][debug][gc,task,start     ] G1 Service Thread (Periodic GC Task) (run 0.770ms after schedule)
[2024-10-26T03:20:04.969+0530][167.693s][debug][gc,task           ] G1 Service Thread (Periodic GC Task) (run: 0.079ms) (cpu: 0.000ms)
[2024-10-26T03:20:05.969+0530][168.693s][debug][gc,task,start     ] G1 Service Thread (Periodic GC Task) (run 0.441ms after schedule)
[2024-10-26T03:20:05.969+0530][168.694s][debug][gc,task           ] G1 Service Thread (Periodic GC Task) (run: 0.144ms) (cpu: 0.000ms)
[2024-10-26T03:20:06.970+0530][169.694s][debug][gc,task,start     ] G1 Service Thread (Periodic GC Task) (run 0.619ms after schedule)
[2024-10-26T03:20:06.970+0530][169.694s][debug][gc,task           ] G1 Service Thread (Periodic GC Task) (run: 0.097ms) (cpu: 0.000ms)
[2024-10-26T03:20:07.435+0530][170.159s][debug][gc,refine         ] Concurrent refinement: wanted 0, cards: 1, predicted: 2358703, time: 3600000.00ms
[2024-10-26T03:20:07.971+0530][170.695s][debug][gc,task,start     ] G1 Service Thread (Periodic GC Task) (run 0.763ms after schedule)
[2024-10-26T03:20:07.971+0530][170.695s][debug][gc,task           ] G1 Service Thread (Periodic GC Task) (run: 0.196ms) (cpu: 0.000ms)
[2024-10-26T03:20:08.971+0530][171.695s][debug][gc,task,start     ] G1 Service Thread (Periodic GC Task) (run 0.090ms after schedule)
[2024-10-26T03:20:08.971+0530][171.695s][debug][gc,task           ] G1 Service Thread (Periodic GC Task) (run: 0.191ms) (cpu: 0.000ms)
[2024-10-26T03:20:09.972+0530][172.696s][debug][gc,task,start     ] G1 Service Thread (Periodic GC Task) (run 0.720ms after schedule)
[2024-10-26T03:20:09.972+0530][172.696s][debug][gc,task           ] G1 Service Thread (Periodic GC Task) (run: 0.117ms) (cpu: 0.000ms)
[2024-10-26T03:20:10.972+0530][173.697s][debug][gc,task,start     ] G1 Service Thread (Periodic GC Task) (run 0.376ms after schedule)
[2024-10-26T03:20:10.972+0530][173.697s][debug][gc,task           ] G1 Service Thread (Periodic GC Task) (run: 0.048ms) (cpu: 0.000ms)
[2024-10-26T03:20:11.973+0530][174.698s][debug][gc,task,start     ] G1 Service Thread (Periodic GC Task) (run 0.893ms after schedule)
[2024-10-26T03:20:11.973+0530][174.698s][debug][gc,task           ] G1 Service Thread (Periodic GC Task) (run: 0.048ms) (cpu: 0.000ms)
[2024-10-26T03:20:12.974+0530][175.699s][debug][gc,task,start     ] G1 Service Thread (Periodic GC Task) (run 0.902ms after schedule)
[2024-10-26T03:20:12.974+0530][175.699s][debug][gc,task           ] G1 Service Thread (Periodic GC Task) (run: 0.071ms) (cpu: 0.000ms)
[2024-10-26T03:20:13.974+0530][176.699s][debug][gc,task,start     ] G1 Service Thread (Periodic GC Task) (run 0.071ms after schedule)
[2024-10-26T03:20:13.974+0530][176.699s][debug][gc,task           ] G1 Service Thread (Periodic GC Task) (run: 0.154ms) (cpu: 0.000ms)
[2024-10-26T03:20:14.975+0530][177.699s][debug][gc,task,start     ] G1 Service Thread (Periodic GC Task) (run 0.002ms after schedule)
[2024-10-26T03:20:14.975+0530][177.699s][debug][gc,task           ] G1 Service Thread (Periodic GC Task) (run: 0.155ms) (cpu: 0.000ms)
[2024-10-26T03:20:15.025+0530][177.749s][debug][gc,refine         ] Concurrent refinement: wanted 0, cards: 1, predicted: 2358703, time: 3600000.00ms
[2024-10-26T03:20:15.976+0530][178.700s][debug][gc,task,start     ] G1 Service Thread (Periodic GC Task) (run 0.854ms after schedule)
[2024-10-26T03:20:15.976+0530][178.700s][debug][gc,task           ] G1 Service Thread (Periodic GC Task) (run: 0.172ms) (cpu: 0.000ms)
[2024-10-26T03:20:16.976+0530][179.701s][debug][gc,task,start     ] G1 Service Thread (Periodic GC Task) (run 0.490ms after schedule)
[2024-10-26T03:20:16.976+0530][179.701s][debug][gc,task           ] G1 Service Thread (Periodic GC Task) (run: 0.199ms) (cpu: 0.000ms)
[2024-10-26T03:20:17.977+0530][180.701s][debug][gc,task,start     ] G1 Service Thread (Periodic GC Task) (run 0.424ms after schedule)
[2024-10-26T03:20:17.977+0530][180.701s][debug][gc,task           ] G1 Service Thread (Periodic GC Task) (run: 0.169ms) (cpu: 0.000ms)
[2024-10-26T03:20:18.978+0530][181.702s][debug][gc,task,start     ] G1 Service Thread (Periodic GC Task) (run 0.569ms after schedule)
[2024-10-26T03:20:18.978+0530][181.702s][debug][gc,task           ] G1 Service Thread (Periodic GC Task) (run: 0.176ms) (cpu: 0.000ms)
[2024-10-26T03:20:19.983+0530][182.707s][debug][gc,task,start     ] G1 Service Thread (Periodic GC Task) (run 4.938ms after schedule)
[2024-10-26T03:20:19.983+0530][182.707s][debug][gc,task           ] G1 Service Thread (Periodic GC Task) (run: 0.096ms) (cpu: 0.000ms)
[2024-10-26T03:20:20.983+0530][183.708s][debug][gc,task,start     ] G1 Service Thread (Periodic GC Task) (run 0.474ms after schedule)
[2024-10-26T03:20:20.983+0530][183.708s][debug][gc,task           ] G1 Service Thread (Periodic GC Task) (run: 0.177ms) (cpu: 0.000ms)
[2024-10-26T03:20:21.989+0530][184.713s][debug][gc,task,start     ] G1 Service Thread (Periodic GC Task) (run 5.142ms after schedule)
[2024-10-26T03:20:21.989+0530][184.713s][debug][gc,task           ] G1 Service Thread (Periodic GC Task) (run: 0.206ms) (cpu: 0.000ms)
[2024-10-26T03:20:22.615+0530][185.339s][debug][gc,refine         ] Concurrent refinement: wanted 0, cards: 1, predicted: 2358703, time: 3600000.00ms
[2024-10-26T03:20:22.996+0530][185.721s][debug][gc,task,start     ] G1 Service Thread (Periodic GC Task) (run 7.592ms after schedule)
[2024-10-26T03:20:22.996+0530][185.721s][debug][gc,task           ] G1 Service Thread (Periodic GC Task) (run: 0.143ms) (cpu: 0.000ms)
[2024-10-26T03:20:24.000+0530][186.724s][debug][gc,task,start     ] G1 Service Thread (Periodic GC Task) (run 3.191ms after schedule)
[2024-10-26T03:20:24.000+0530][186.724s][debug][gc,task           ] G1 Service Thread (Periodic GC Task) (run: 0.159ms) (cpu: 0.000ms)
[2024-10-26T03:20:25.015+0530][187.739s][debug][gc,task,start     ] G1 Service Thread (Periodic GC Task) (run 15.178ms after schedule)
[2024-10-26T03:20:25.015+0530][187.739s][debug][gc,task           ] G1 Service Thread (Periodic GC Task) (run: 0.080ms) (cpu: 0.000ms)
[2024-10-26T03:20:26.025+0530][188.750s][debug][gc,task,start     ] G1 Service Thread (Periodic GC Task) (run 10.393ms after schedule)
[2024-10-26T03:20:26.025+0530][188.750s][debug][gc,task           ] G1 Service Thread (Periodic GC Task) (run: 0.092ms) (cpu: 0.000ms)
[2024-10-26T03:20:27.026+0530][189.750s][debug][gc,task,start     ] G1 Service Thread (Periodic GC Task) (run 0.511ms after schedule)
[2024-10-26T03:20:27.027+0530][189.752s][debug][gc,task           ] G1 Service Thread (Periodic GC Task) (run: 1.208ms) (cpu: 0.000ms)
[2024-10-26T03:20:28.028+0530][190.752s][debug][gc,task,start     ] G1 Service Thread (Periodic GC Task) (run 0.605ms after schedule)
[2024-10-26T03:20:28.028+0530][190.752s][debug][gc,task           ] G1 Service Thread (Periodic GC Task) (run: 0.047ms) (cpu: 0.000ms)
[2024-10-26T03:20:29.028+0530][191.752s][debug][gc,task,start     ] G1 Service Thread (Periodic GC Task) (run 0.210ms after schedule)
[2024-10-26T03:20:29.028+0530][191.753s][debug][gc,task           ] G1 Service Thread (Periodic GC Task) (run: 0.064ms) (cpu: 0.000ms)
[2024-10-26T03:20:30.029+0530][192.753s][debug][gc,task,start     ] G1 Service Thread (Periodic GC Task) (run 0.357ms after schedule)
[2024-10-26T03:20:30.029+0530][192.753s][debug][gc,task           ] G1 Service Thread (Periodic GC Task) (run: 0.048ms) (cpu: 0.000ms)
[2024-10-26T03:20:30.209+0530][192.934s][debug][gc,refine         ] Concurrent refinement: wanted 0, cards: 1, predicted: 2358703, time: 3600000.00ms
[2024-10-26T03:20:31.029+0530][193.753s][debug][gc,task,start     ] G1 Service Thread (Periodic GC Task) (run 0.496ms after schedule)
[2024-10-26T03:20:31.029+0530][193.753s][debug][gc,task           ] G1 Service Thread (Periodic GC Task) (run: 0.066ms) (cpu: 0.000ms)
[2024-10-26T03:20:32.030+0530][194.754s][debug][gc,task,start     ] G1 Service Thread (Periodic GC Task) (run 0.357ms after schedule)
[2024-10-26T03:20:32.030+0530][194.754s][debug][gc,task           ] G1 Service Thread (Periodic GC Task) (run: 0.050ms) (cpu: 0.000ms)
[2024-10-26T03:20:33.030+0530][195.754s][debug][gc,task,start     ] G1 Service Thread (Periodic GC Task) (run 0.170ms after schedule)
[2024-10-26T03:20:33.030+0530][195.754s][debug][gc,task           ] G1 Service Thread (Periodic GC Task) (run: 0.069ms) (cpu: 0.000ms)
[2024-10-26T03:20:34.030+0530][196.755s][debug][gc,task,start     ] G1 Service Thread (Periodic GC Task) (run 0.568ms after schedule)
[2024-10-26T03:20:34.030+0530][196.755s][debug][gc,task           ] G1 Service Thread (Periodic GC Task) (run: 0.063ms) (cpu: 0.000ms)
[2024-10-26T03:20:35.031+0530][197.755s][debug][gc,task,start     ] G1 Service Thread (Periodic GC Task) (run 0.306ms after schedule)
[2024-10-26T03:20:35.031+0530][197.755s][debug][gc,task           ] G1 Service Thread (Periodic GC Task) (run: 0.097ms) (cpu: 0.000ms)
[2024-10-26T03:20:36.031+0530][198.755s][debug][gc,task,start     ] G1 Service Thread (Periodic GC Task) (run 0.281ms after schedule)
[2024-10-26T03:20:36.031+0530][198.755s][debug][gc,task           ] G1 Service Thread (Periodic GC Task) (run: 0.066ms) (cpu: 0.000ms)
[2024-10-26T03:20:37.032+0530][199.756s][debug][gc,task,start     ] G1 Service Thread (Periodic GC Task) (run 0.287ms after schedule)
[2024-10-26T03:20:37.032+0530][199.756s][debug][gc,task           ] G1 Service Thread (Periodic GC Task) (run: 0.062ms) (cpu: 0.000ms)
[2024-10-26T03:20:37.799+0530][200.523s][debug][gc,refine         ] Concurrent refinement: wanted 0, cards: 1, predicted: 2358703, time: 3600000.00ms
[2024-10-26T03:20:38.032+0530][200.756s][debug][gc,task,start     ] G1 Service Thread (Periodic GC Task) (run 0.336ms after schedule)
[2024-10-26T03:20:38.032+0530][200.756s][debug][gc,task           ] G1 Service Thread (Periodic GC Task) (run: 0.062ms) (cpu: 0.000ms)
[2024-10-26T03:20:39.033+0530][201.757s][debug][gc,task,start     ] G1 Service Thread (Periodic GC Task) (run 0.912ms after schedule)
[2024-10-26T03:20:39.033+0530][201.757s][debug][gc,task           ] G1 Service Thread (Periodic GC Task) (run: 0.070ms) (cpu: 0.000ms)
[2024-10-26T03:20:40.033+0530][202.758s][debug][gc,task,start     ] G1 Service Thread (Periodic GC Task) (run 0.322ms after schedule)
[2024-10-26T03:20:40.033+0530][202.758s][debug][gc,task           ] G1 Service Thread (Periodic GC Task) (run: 0.040ms) (cpu: 0.000ms)
[2024-10-26T03:20:41.034+0530][203.758s][debug][gc,task,start     ] G1 Service Thread (Periodic GC Task) (run 0.298ms after schedule)
[2024-10-26T03:20:41.034+0530][203.758s][debug][gc,task           ] G1 Service Thread (Periodic GC Task) (run: 0.066ms) (cpu: 0.000ms)
[2024-10-26T03:20:42.034+0530][204.758s][debug][gc,task,start     ] G1 Service Thread (Periodic GC Task) (run 0.273ms after schedule)
[2024-10-26T03:20:42.034+0530][204.758s][debug][gc,task           ] G1 Service Thread (Periodic GC Task) (run: 0.057ms) (cpu: 0.000ms)
[2024-10-26T03:20:43.035+0530][205.759s][debug][gc,task,start     ] G1 Service Thread (Periodic GC Task) (run 0.600ms after schedule)
[2024-10-26T03:20:43.035+0530][205.759s][debug][gc,task           ] G1 Service Thread (Periodic GC Task) (run: 0.050ms) (cpu: 0.000ms)
[2024-10-26T03:20:44.035+0530][206.759s][debug][gc,task,start     ] G1 Service Thread (Periodic GC Task) (run 0.298ms after schedule)
[2024-10-26T03:20:44.035+0530][206.759s][debug][gc,task           ] G1 Service Thread (Periodic GC Task) (run: 0.054ms) (cpu: 0.000ms)
[2024-10-26T03:20:45.036+0530][207.760s][debug][gc,task,start     ] G1 Service Thread (Periodic GC Task) (run 0.934ms after schedule)
[2024-10-26T03:20:45.036+0530][207.760s][debug][gc,task           ] G1 Service Thread (Periodic GC Task) (run: 0.089ms) (cpu: 0.000ms)
[2024-10-26T03:20:45.388+0530][208.112s][debug][gc,refine         ] Concurrent refinement: wanted 0, cards: 1, predicted: 2358703, time: 3600000.00ms
[2024-10-26T03:20:46.036+0530][208.760s][debug][gc,task,start     ] G1 Service Thread (Periodic GC Task) (run 0.003ms after schedule)
[2024-10-26T03:20:46.036+0530][208.760s][debug][gc,task           ] G1 Service Thread (Periodic GC Task) (run: 0.106ms) (cpu: 0.000ms)
[2024-10-26T03:20:47.036+0530][209.761s][debug][gc,task,start     ] G1 Service Thread (Periodic GC Task) (run 0.197ms after schedule)
[2024-10-26T03:20:47.036+0530][209.761s][debug][gc,task           ] G1 Service Thread (Periodic GC Task) (run: 0.131ms) (cpu: 0.000ms)
[2024-10-26T03:20:48.037+0530][210.762s][debug][gc,task,start     ] G1 Service Thread (Periodic GC Task) (run 0.904ms after schedule)
[2024-10-26T03:20:48.037+0530][210.762s][debug][gc,task           ] G1 Service Thread (Periodic GC Task) (run: 0.089ms) (cpu: 0.000ms)
[2024-10-26T03:20:49.038+0530][211.762s][debug][gc,task,start     ] G1 Service Thread (Periodic GC Task) (run 0.790ms after schedule)
[2024-10-26T03:20:49.038+0530][211.763s][debug][gc,task           ] G1 Service Thread (Periodic GC Task) (run: 0.119ms) (cpu: 0.000ms)
[2024-10-26T03:20:50.039+0530][212.763s][debug][gc,task,start     ] G1 Service Thread (Periodic GC Task) (run 0.404ms after schedule)
[2024-10-26T03:20:50.039+0530][212.763s][debug][gc,task           ] G1 Service Thread (Periodic GC Task) (run: 0.069ms) (cpu: 0.000ms)
[2024-10-26T03:20:51.040+0530][213.764s][debug][gc,task,start     ] G1 Service Thread (Periodic GC Task) (run 0.805ms after schedule)
[2024-10-26T03:20:51.040+0530][213.764s][debug][gc,task           ] G1 Service Thread (Periodic GC Task) (run: 0.047ms) (cpu: 0.000ms)
[2024-10-26T03:20:52.040+0530][214.764s][debug][gc,task,start     ] G1 Service Thread (Periodic GC Task) (run 0.359ms after schedule)
[2024-10-26T03:20:52.040+0530][214.764s][debug][gc,task           ] G1 Service Thread (Periodic GC Task) (run: 0.126ms) (cpu: 0.000ms)
[2024-10-26T03:20:52.978+0530][215.702s][debug][gc,refine         ] Concurrent refinement: wanted 0, cards: 1, predicted: 2358703, time: 3600000.00ms
[2024-10-26T03:20:53.041+0530][215.765s][debug][gc,task,start     ] G1 Service Thread (Periodic GC Task) (run 0.695ms after schedule)
[2024-10-26T03:20:53.041+0530][215.765s][debug][gc,task           ] G1 Service Thread (Periodic GC Task) (run: 0.047ms) (cpu: 0.000ms)
[2024-10-26T03:20:54.041+0530][216.766s][debug][gc,task,start     ] G1 Service Thread (Periodic GC Task) (run 0.404ms after schedule)
[2024-10-26T03:20:54.041+0530][216.766s][debug][gc,task           ] G1 Service Thread (Periodic GC Task) (run: 0.046ms) (cpu: 0.000ms)
[2024-10-26T03:20:55.042+0530][217.766s][debug][gc,task,start     ] G1 Service Thread (Periodic GC Task) (run 0.529ms after schedule)
[2024-10-26T03:20:55.042+0530][217.766s][debug][gc,task           ] G1 Service Thread (Periodic GC Task) (run: 0.051ms) (cpu: 0.000ms)
[2024-10-26T03:20:56.042+0530][218.766s][debug][gc,task,start     ] G1 Service Thread (Periodic GC Task) (run 0.142ms after schedule)
[2024-10-26T03:20:56.042+0530][218.767s][debug][gc,task           ] G1 Service Thread (Periodic GC Task) (run: 0.212ms) (cpu: 0.000ms)
[2024-10-26T03:20:57.043+0530][219.767s][debug][gc,task,start     ] G1 Service Thread (Periodic GC Task) (run 0.433ms after schedule)
[2024-10-26T03:20:57.043+0530][219.767s][debug][gc,task           ] G1 Service Thread (Periodic GC Task) (run: 0.149ms) (cpu: 0.000ms)
[2024-10-26T03:20:58.043+0530][220.767s][debug][gc,task,start     ] G1 Service Thread (Periodic GC Task) (run 0.130ms after schedule)
[2024-10-26T03:20:58.043+0530][220.767s][debug][gc,task           ] G1 Service Thread (Periodic GC Task) (run: 0.108ms) (cpu: 0.000ms)
[2024-10-26T03:20:59.043+0530][221.768s][debug][gc,task,start     ] G1 Service Thread (Periodic GC Task) (run 0.295ms after schedule)
[2024-10-26T03:20:59.043+0530][221.768s][debug][gc,task           ] G1 Service Thread (Periodic GC Task) (run: 0.163ms) (cpu: 0.000ms)
[2024-10-26T03:21:00.044+0530][222.769s][debug][gc,task,start     ] G1 Service Thread (Periodic GC Task) (run 0.742ms after schedule)
[2024-10-26T03:21:00.044+0530][222.769s][debug][gc,task           ] G1 Service Thread (Periodic GC Task) (run: 0.057ms) (cpu: 0.000ms)
[2024-10-26T03:21:00.567+0530][223.292s][debug][gc,refine         ] Concurrent refinement: wanted 0, cards: 1, predicted: 2358703, time: 3600000.00ms
[2024-10-26T03:21:01.045+0530][223.770s][debug][gc,task,start     ] G1 Service Thread (Periodic GC Task) (run 1.023ms after schedule)
[2024-10-26T03:21:01.045+0530][223.770s][debug][gc,task           ] G1 Service Thread (Periodic GC Task) (run: 0.133ms) (cpu: 0.000ms)
[2024-10-26T03:21:02.046+0530][224.771s][debug][gc,task,start     ] G1 Service Thread (Periodic GC Task) (run 0.917ms after schedule)
[2024-10-26T03:21:02.046+0530][224.771s][debug][gc,task           ] G1 Service Thread (Periodic GC Task) (run: 0.202ms) (cpu: 0.000ms)
[2024-10-26T03:21:03.047+0530][225.771s][debug][gc,task,start     ] G1 Service Thread (Periodic GC Task) (run 0.174ms after schedule)
[2024-10-26T03:21:03.047+0530][225.771s][debug][gc,task           ] G1 Service Thread (Periodic GC Task) (run: 0.203ms) (cpu: 0.000ms)
[2024-10-26T03:21:04.047+0530][226.771s][debug][gc,task,start     ] G1 Service Thread (Periodic GC Task) (run 0.185ms after schedule)
[2024-10-26T03:21:04.047+0530][226.771s][debug][gc,task           ] G1 Service Thread (Periodic GC Task) (run: 0.072ms) (cpu: 0.000ms)
[2024-10-26T03:21:05.047+0530][227.771s][debug][gc,task,start     ] G1 Service Thread (Periodic GC Task) (run 0.010ms after schedule)
[2024-10-26T03:21:05.047+0530][227.772s][debug][gc,task           ] G1 Service Thread (Periodic GC Task) (run: 0.077ms) (cpu: 0.000ms)
[2024-10-26T03:21:06.048+0530][228.772s][debug][gc,task,start     ] G1 Service Thread (Periodic GC Task) (run 0.452ms after schedule)
[2024-10-26T03:21:06.048+0530][228.772s][debug][gc,task           ] G1 Service Thread (Periodic GC Task) (run: 0.212ms) (cpu: 0.000ms)
[2024-10-26T03:21:07.048+0530][229.772s][debug][gc,task,start     ] G1 Service Thread (Periodic GC Task) (run 0.005ms after schedule)
[2024-10-26T03:21:07.048+0530][229.772s][debug][gc,task           ] G1 Service Thread (Periodic GC Task) (run: 0.044ms) (cpu: 0.000ms)
[2024-10-26T03:21:08.048+0530][230.772s][debug][gc,task,start     ] G1 Service Thread (Periodic GC Task) (run 0.182ms after schedule)
[2024-10-26T03:21:08.048+0530][230.773s][debug][gc,task           ] G1 Service Thread (Periodic GC Task) (run: 0.156ms) (cpu: 0.000ms)
[2024-10-26T03:21:08.157+0530][230.882s][debug][gc,refine         ] Concurrent refinement: wanted 0, cards: 1, predicted: 2358703, time: 3600000.00ms
[2024-10-26T03:21:09.049+0530][231.773s][debug][gc,task,start     ] G1 Service Thread (Periodic GC Task) (run 0.802ms after schedule)
[2024-10-26T03:21:09.049+0530][231.773s][debug][gc,task           ] G1 Service Thread (Periodic GC Task) (run: 0.049ms) (cpu: 0.000ms)
[2024-10-26T03:21:10.050+0530][232.774s][debug][gc,task,start     ] G1 Service Thread (Periodic GC Task) (run 0.948ms after schedule)
[2024-10-26T03:21:10.050+0530][232.774s][debug][gc,task           ] G1 Service Thread (Periodic GC Task) (run: 0.054ms) (cpu: 0.000ms)
[2024-10-26T03:21:11.050+0530][233.775s][debug][gc,task,start     ] G1 Service Thread (Periodic GC Task) (run 0.203ms after schedule)
[2024-10-26T03:21:11.050+0530][233.775s][debug][gc,task           ] G1 Service Thread (Periodic GC Task) (run: 0.186ms) (cpu: 0.000ms)
[2024-10-26T03:21:12.051+0530][234.776s][debug][gc,task,start     ] G1 Service Thread (Periodic GC Task) (run 0.891ms after schedule)
[2024-10-26T03:21:12.051+0530][234.776s][debug][gc,task           ] G1 Service Thread (Periodic GC Task) (run: 0.056ms) (cpu: 0.000ms)
[2024-10-26T03:21:13.052+0530][235.777s][debug][gc,task,start     ] G1 Service Thread (Periodic GC Task) (run 0.949ms after schedule)
[2024-10-26T03:21:13.052+0530][235.777s][debug][gc,task           ] G1 Service Thread (Periodic GC Task) (run: 0.263ms) (cpu: 0.000ms)
[2024-10-26T03:21:14.053+0530][236.777s][debug][gc,task,start     ] G1 Service Thread (Periodic GC Task) (run 0.432ms after schedule)
[2024-10-26T03:21:14.053+0530][236.777s][debug][gc,task           ] G1 Service Thread (Periodic GC Task) (run: 0.047ms) (cpu: 0.000ms)
[2024-10-26T03:21:15.054+0530][237.778s][debug][gc,task,start     ] G1 Service Thread (Periodic GC Task) (run 1.017ms after schedule)
[2024-10-26T03:21:15.054+0530][237.779s][debug][gc,task           ] G1 Service Thread (Periodic GC Task) (run: 0.366ms) (cpu: 0.000ms)
[2024-10-26T03:21:15.746+0530][238.471s][debug][gc,refine         ] Concurrent refinement: wanted 0, cards: 1, predicted: 2358703, time: 3600000.00ms
[2024-10-26T03:21:16.055+0530][238.779s][debug][gc,task,start     ] G1 Service Thread (Periodic GC Task) (run 0.395ms after schedule)
[2024-10-26T03:21:16.055+0530][238.779s][debug][gc,task           ] G1 Service Thread (Periodic GC Task) (run: 0.081ms) (cpu: 0.000ms)
[2024-10-26T03:21:17.056+0530][239.780s][debug][gc,task,start     ] G1 Service Thread (Periodic GC Task) (run 0.599ms after schedule)
[2024-10-26T03:21:17.056+0530][239.780s][debug][gc,task           ] G1 Service Thread (Periodic GC Task) (run: 0.207ms) (cpu: 0.000ms)
[2024-10-26T03:21:18.056+0530][240.780s][debug][gc,task,start     ] G1 Service Thread (Periodic GC Task) (run 0.234ms after schedule)
[2024-10-26T03:21:18.056+0530][240.780s][debug][gc,task           ] G1 Service Thread (Periodic GC Task) (run: 0.124ms) (cpu: 0.000ms)
[2024-10-26T03:21:19.057+0530][241.781s][debug][gc,task,start     ] G1 Service Thread (Periodic GC Task) (run 0.366ms after schedule)
[2024-10-26T03:21:19.057+0530][241.781s][debug][gc,task           ] G1 Service Thread (Periodic GC Task) (run: 0.138ms) (cpu: 0.000ms)
[2024-10-26T03:21:20.057+0530][242.781s][debug][gc,task,start     ] G1 Service Thread (Periodic GC Task) (run 0.098ms after schedule)
[2024-10-26T03:21:20.057+0530][242.781s][debug][gc,task           ] G1 Service Thread (Periodic GC Task) (run: 0.195ms) (cpu: 0.000ms)
[2024-10-26T03:21:21.057+0530][243.781s][debug][gc,task,start     ] G1 Service Thread (Periodic GC Task) (run 0.010ms after schedule)
[2024-10-26T03:21:21.057+0530][243.781s][debug][gc,task           ] G1 Service Thread (Periodic GC Task) (run: 0.155ms) (cpu: 0.000ms)
[2024-10-26T03:21:22.058+0530][244.782s][debug][gc,task,start     ] G1 Service Thread (Periodic GC Task) (run 0.560ms after schedule)
[2024-10-26T03:21:22.058+0530][244.782s][debug][gc,task           ] G1 Service Thread (Periodic GC Task) (run: 0.179ms) (cpu: 0.000ms)
[2024-10-26T03:21:23.060+0530][245.784s][debug][gc,task,start     ] G1 Service Thread (Periodic GC Task) (run 1.948ms after schedule)
[2024-10-26T03:21:23.060+0530][245.784s][debug][gc,task           ] G1 Service Thread (Periodic GC Task) (run: 0.128ms) (cpu: 0.000ms)
[2024-10-26T03:21:23.336+0530][246.060s][debug][gc,refine         ] Concurrent refinement: wanted 0, cards: 1, predicted: 2358703, time: 3600000.00ms
[2024-10-26T03:21:24.061+0530][246.785s][debug][gc,task,start     ] G1 Service Thread (Periodic GC Task) (run 0.582ms after schedule)
[2024-10-26T03:21:24.061+0530][246.785s][debug][gc,task           ] G1 Service Thread (Periodic GC Task) (run: 0.047ms) (cpu: 0.000ms)
[2024-10-26T03:21:25.063+0530][247.787s][debug][gc,task,start     ] G1 Service Thread (Periodic GC Task) (run 1.966ms after schedule)
[2024-10-26T03:21:25.063+0530][247.787s][debug][gc,task           ] G1 Service Thread (Periodic GC Task) (run: 0.058ms) (cpu: 0.000ms)
[2024-10-26T03:21:26.063+0530][248.787s][debug][gc,task,start     ] G1 Service Thread (Periodic GC Task) (run 0.353ms after schedule)
[2024-10-26T03:21:26.063+0530][248.787s][debug][gc,task           ] G1 Service Thread (Periodic GC Task) (run: 0.049ms) (cpu: 0.000ms)
[2024-10-26T03:21:27.064+0530][249.788s][debug][gc,task,start     ] G1 Service Thread (Periodic GC Task) (run 0.581ms after schedule)
[2024-10-26T03:21:27.064+0530][249.788s][debug][gc,task           ] G1 Service Thread (Periodic GC Task) (run: 0.202ms) (cpu: 0.000ms)
[2024-10-26T03:21:28.064+0530][250.789s][debug][gc,task,start     ] G1 Service Thread (Periodic GC Task) (run 0.521ms after schedule)
[2024-10-26T03:21:28.064+0530][250.789s][debug][gc,task           ] G1 Service Thread (Periodic GC Task) (run: 0.047ms) (cpu: 0.000ms)
[2024-10-26T03:21:28.587+0530][251.312s][info ][gc,start          ] GC(431) Pause Full (System.gc())
[2024-10-26T03:21:28.587+0530][251.312s][debug][gc,heap           ] GC(431) Heap before GC invocations=383 (full 198):
[2024-10-26T03:21:28.587+0530][251.312s][debug][gc,heap           ] GC(431)  garbage-first heap   total reserved 2097152K, committed 2097152K, used 1221263K [0x0000000080000000, 0x0000000100000000)
[2024-10-26T03:21:28.587+0530][251.312s][debug][gc,heap           ] GC(431)   region size 1024K, 8 young (8192K), 0 survivors (0K)
[2024-10-26T03:21:28.587+0530][251.312s][debug][gc,heap           ] GC(431)  Metaspace       used 38595K, committed 39104K, reserved 1114112K
[2024-10-26T03:21:28.587+0530][251.312s][debug][gc,heap           ] GC(431)   class space    used 4938K, committed 5184K, reserved 1048576K
[2024-10-26T03:21:28.587+0530][251.312s][debug][gc,task           ] GC(431) Requesting 13 active workers for full compaction (waste limited workers: 13, adaptive workers: 13, used limited workers: 1194)
[2024-10-26T03:21:28.587+0530][251.312s][info ][gc,task           ] GC(431) Using 13 workers of 13 for full compaction
[2024-10-26T03:21:28.588+0530][251.312s][debug][gc,tlab           ] GC(431) TLAB totals: thrds: 7  refills: 1626 max: 1619 slow allocs: 40 max 40 waste: 21.1% gc: 175288B max: 156264B slow: 955112B max: 954472B
[2024-10-26T03:21:28.588+0530][251.312s][debug][gc,alloc,region   ] GC(431) Mutator Allocation stats, regions: 8, wasted size: 2672B ( 0.0%)
[2024-10-26T03:21:28.588+0530][251.312s][info ][gc,phases,start   ] GC(431) Phase 1: Mark live objects
[2024-10-26T03:21:28.591+0530][251.316s][debug][gc,phases,start   ] GC(431) Phase 1: Reference Processing
[2024-10-26T03:21:28.591+0530][251.316s][debug][gc,ref            ] GC(431) ReferenceProcessor::execute queues: 3, RefProcThreadModel::Multi, marks_oops_alive: false
[2024-10-26T03:21:28.591+0530][251.316s][debug][gc,ref            ] GC(431) Skipped KeepAliveFinalRefsPhase of Reference Processing: no references
[2024-10-26T03:21:28.591+0530][251.316s][debug][gc,ref            ] GC(431) ReferenceProcessor::execute queues: 1, RefProcThreadModel::Single, marks_oops_alive: false
[2024-10-26T03:21:28.591+0530][251.316s][debug][gc,phases,ref     ] GC(431) Reference Processing: 0.2ms
[2024-10-26T03:21:28.591+0530][251.316s][debug][gc,phases,ref     ] GC(431)   Notify Soft/WeakReferences: 0.1ms
[2024-10-26T03:21:28.591+0530][251.316s][debug][gc,phases,ref     ] GC(431)     Balance queues: 0.1ms
[2024-10-26T03:21:28.591+0530][251.316s][debug][gc,phases,ref     ] GC(431)     SoftRef (ms):                  Min: 0.00, Avg: 0.00, Max: 0.00, Diff: 0.00, Sum: 0.00, Workers: 3
[2024-10-26T03:21:28.591+0530][251.316s][debug][gc,phases,ref     ] GC(431)     WeakRef (ms):                  Min: 0.03, Avg: 0.04, Max: 0.05, Diff: 0.02, Sum: 0.12, Workers: 3
[2024-10-26T03:21:28.591+0530][251.316s][debug][gc,phases,ref     ] GC(431)     FinalRef (ms):                 Min: 0.00, Avg: 0.00, Max: 0.00, Diff: 0.00, Sum: 0.00, Workers: 3
[2024-10-26T03:21:28.591+0530][251.316s][debug][gc,phases,ref     ] GC(431)     Total (ms):                    Min: 0.03, Avg: 0.04, Max: 0.05, Diff: 0.02, Sum: 0.12, Workers: 3
[2024-10-26T03:21:28.591+0530][251.316s][debug][gc,phases,ref     ] GC(431)   Notify and keep alive finalizable: 0.0ms
[2024-10-26T03:21:28.591+0530][251.316s][debug][gc,phases,ref     ] GC(431)     FinalRef (ms):                 skipped
[2024-10-26T03:21:28.591+0530][251.316s][debug][gc,phases,ref     ] GC(431)   Notify PhantomReferences: 0.0ms
[2024-10-26T03:21:28.591+0530][251.316s][debug][gc,phases,ref     ] GC(431)     PhantomRef (ms):               Min: 0.01, Avg: 0.01, Max: 0.01, Diff: 0.00, Sum: 0.01, Workers: 1
[2024-10-26T03:21:28.591+0530][251.316s][debug][gc,phases,ref     ] GC(431)   SoftReference Discovered: 0, Dropped: 0, Processed: 0
[2024-10-26T03:21:28.591+0530][251.316s][debug][gc,phases,ref     ] GC(431)   WeakReference Discovered: 2987, Dropped: 2929, Processed: 58
[2024-10-26T03:21:28.591+0530][251.316s][debug][gc,phases,ref     ] GC(431)   FinalReference Discovered: 0, Dropped: 0, Processed: 0
[2024-10-26T03:21:28.591+0530][251.316s][debug][gc,phases,ref     ] GC(431)   PhantomReference Discovered: 249, Dropped: 224, Processed: 25
[2024-10-26T03:21:28.591+0530][251.316s][debug][gc,phases         ] GC(431) Phase 1: Reference Processing 0.315ms
[2024-10-26T03:21:28.591+0530][251.316s][debug][gc,phases,start   ] GC(431) Phase 1: Flush Mark Stats Cache
[2024-10-26T03:21:28.591+0530][251.316s][debug][gc,phases         ] GC(431) Phase 1: Flush Mark Stats Cache 0.020ms
[2024-10-26T03:21:28.591+0530][251.316s][debug][gc,phases,start   ] GC(431) Phase 1: Weak Processing
[2024-10-26T03:21:28.591+0530][251.316s][debug][gc,phases         ] GC(431)   VM Weak                        Min: 0.00, Avg: 0.00, Max: 0.00, Diff: 0.00, Sum: 0.01, Workers: 13
[2024-10-26T03:21:28.591+0530][251.316s][debug][gc,phases         ] GC(431)     Dead                           Min: 0, Avg:  0.2, Max: 2, Diff: 2, Sum: 2, Workers: 13
[2024-10-26T03:21:28.591+0530][251.316s][debug][gc,phases         ] GC(431)     Total                          Min: 0, Avg: 23.1, Max: 300, Diff: 300, Sum: 300, Workers: 13
[2024-10-26T03:21:28.591+0530][251.316s][debug][gc,phases         ] GC(431)   ObjectSynchronizer Weak        Min: 0.00, Avg: 0.00, Max: 0.00, Diff: 0.00, Sum: 0.00, Workers: 13
[2024-10-26T03:21:28.591+0530][251.316s][debug][gc,phases         ] GC(431)     Dead                           Min: 0, Avg:  0.1, Max: 1, Diff: 1, Sum: 1, Workers: 13
[2024-10-26T03:21:28.591+0530][251.316s][debug][gc,phases         ] GC(431)     Total                          Min: 0, Avg:  0.8, Max: 11, Diff: 11, Sum: 11, Workers: 13
[2024-10-26T03:21:28.591+0530][251.316s][debug][gc,phases         ] GC(431)   JVMTI Tag Weak OopStorage      Min: 0.00, Avg: 0.00, Max: 0.00, Diff: 0.00, Sum: 0.00, Workers: 13
[2024-10-26T03:21:28.591+0530][251.316s][debug][gc,phases         ] GC(431)     Dead                           Min: 0, Avg:  0.0, Max: 0, Diff: 0, Sum: 0, Workers: 13
[2024-10-26T03:21:28.591+0530][251.316s][debug][gc,phases         ] GC(431)     Total                          Min: 0, Avg:  0.0, Max: 0, Diff: 0, Sum: 0, Workers: 13
[2024-10-26T03:21:28.591+0530][251.316s][debug][gc,phases         ] GC(431)   StringTable Weak               Min: 0.00, Avg: 0.01, Max: 0.02, Diff: 0.02, Sum: 0.18, Workers: 13
[2024-10-26T03:21:28.591+0530][251.316s][debug][gc,phases         ] GC(431)     Dead                           Min: 0, Avg: 16.4, Max: 81, Diff: 81, Sum: 213, Workers: 13
[2024-10-26T03:21:28.591+0530][251.316s][debug][gc,phases         ] GC(431)     Total                          Min: 256, Avg: 2004.5, Max: 4736, Diff: 4480, Sum: 26058, Workers: 13
[2024-10-26T03:21:28.591+0530][251.316s][debug][gc,phases         ] GC(431)   ResolvedMethodTable Weak       Min: 0.00, Avg: 0.00, Max: 0.00, Diff: 0.00, Sum: 0.03, Workers: 13
[2024-10-26T03:21:28.591+0530][251.316s][debug][gc,phases         ] GC(431)     Dead                           Min: 0, Avg:  1.4, Max: 12, Diff: 12, Sum: 18, Workers: 13
[2024-10-26T03:21:28.591+0530][251.316s][debug][gc,phases         ] GC(431)     Total                          Min: 0, Avg: 270.3, Max: 448, Diff: 448, Sum: 3514, Workers: 13
[2024-10-26T03:21:28.591+0530][251.316s][debug][gc,phases         ] GC(431)   JNI Weak                       Min: 0.00, Avg: 0.00, Max: 0.00, Diff: 0.00, Sum: 0.00, Workers: 13
[2024-10-26T03:21:28.591+0530][251.316s][debug][gc,phases         ] GC(431)     Dead                           Min: 0, Avg:  0.0, Max: 0, Diff: 0, Sum: 0, Workers: 13
[2024-10-26T03:21:28.591+0530][251.316s][debug][gc,phases         ] GC(431)     Total                          Min: 0, Avg:  1.5, Max: 19, Diff: 19, Sum: 19, Workers: 13
[2024-10-26T03:21:28.591+0530][251.316s][debug][gc,phases         ] GC(431)   StringDedup Table Weak         Min: 0.00, Avg: 0.00, Max: 0.00, Diff: 0.00, Sum: 0.00, Workers: 13
[2024-10-26T03:21:28.591+0530][251.316s][debug][gc,phases         ] GC(431)     Dead                           Min: 0, Avg:  0.0, Max: 0, Diff: 0, Sum: 0, Workers: 13
[2024-10-26T03:21:28.591+0530][251.316s][debug][gc,phases         ] GC(431)     Total                          Min: 0, Avg:  0.0, Max: 0, Diff: 0, Sum: 0, Workers: 13
[2024-10-26T03:21:28.591+0530][251.316s][debug][gc,phases         ] GC(431)   StringDedup Requests0 Weak     Min: 0.00, Avg: 0.00, Max: 0.00, Diff: 0.00, Sum: 0.00, Workers: 13
[2024-10-26T03:21:28.592+0530][251.316s][debug][gc,phases         ] GC(431)     Dead                           Min: 0, Avg:  0.0, Max: 0, Diff: 0, Sum: 0, Workers: 13
[2024-10-26T03:21:28.592+0530][251.316s][debug][gc,phases         ] GC(431)     Total                          Min: 0, Avg:  0.0, Max: 0, Diff: 0, Sum: 0, Workers: 13
[2024-10-26T03:21:28.592+0530][251.316s][debug][gc,phases         ] GC(431)   StringDedup Requests1 Weak     Min: 0.00, Avg: 0.00, Max: 0.00, Diff: 0.00, Sum: 0.00, Workers: 13
[2024-10-26T03:21:28.592+0530][251.316s][debug][gc,phases         ] GC(431)     Dead                           Min: 0, Avg:  0.0, Max: 0, Diff: 0, Sum: 0, Workers: 13
[2024-10-26T03:21:28.592+0530][251.316s][debug][gc,phases         ] GC(431)     Total                          Min: 0, Avg:  0.0, Max: 0, Diff: 0, Sum: 0, Workers: 13
[2024-10-26T03:21:28.592+0530][251.316s][debug][gc,phases         ] GC(431)   Weak JFR Old Object Samples    Min: 0.00, Avg: 0.00, Max: 0.00, Diff: 0.00, Sum: 0.00, Workers: 13
[2024-10-26T03:21:28.592+0530][251.316s][debug][gc,phases         ] GC(431)     Dead                           Min: 0, Avg:  0.0, Max: 0, Diff: 0, Sum: 0, Workers: 13
[2024-10-26T03:21:28.592+0530][251.316s][debug][gc,phases         ] GC(431)     Total                          Min: 0, Avg:  7.3, Max: 64, Diff: 64, Sum: 95, Workers: 13
[2024-10-26T03:21:28.592+0530][251.316s][debug][gc,phases         ] GC(431) Phase 1: Weak Processing 0.267ms
[2024-10-26T03:21:28.592+0530][251.316s][debug][gc,phases,start   ] GC(431) Phase 1: Class Unloading and Cleanup
[2024-10-26T03:21:28.592+0530][251.316s][debug][gc,phases,start   ] GC(431) ClassLoaderData
[2024-10-26T03:21:28.592+0530][251.316s][debug][gc,phases         ] GC(431) ClassLoaderData 0.124ms
[2024-10-26T03:21:28.592+0530][251.316s][debug][gc,phases,start   ] GC(431) Trigger cleanups
[2024-10-26T03:21:28.592+0530][251.316s][debug][gc,phases         ] GC(431) Trigger cleanups 0.009ms
[2024-10-26T03:21:28.592+0530][251.316s][debug][gc,phases,start   ] GC(431) G1 Complete Cleaning
[2024-10-26T03:21:28.594+0530][251.318s][debug][gc,phases         ] GC(431) G1 Complete Cleaning 2.089ms
[2024-10-26T03:21:28.594+0530][251.319s][debug][gc,phases,start   ] GC(431) Purge Unlinked NMethods
[2024-10-26T03:21:28.594+0530][251.319s][debug][gc,phases         ] GC(431) Purge Unlinked NMethods 0.008ms
[2024-10-26T03:21:28.594+0530][251.319s][debug][gc,phases,start   ] GC(431) Unregister NMethods
[2024-10-26T03:21:28.594+0530][251.319s][debug][gc,phases         ] GC(431) Unregister NMethods 0.083ms
[2024-10-26T03:21:28.594+0530][251.319s][debug][gc,phases,start   ] GC(431) Free Code Blobs
[2024-10-26T03:21:28.594+0530][251.319s][debug][gc,phases         ] GC(431) Free Code Blobs 0.006ms
[2024-10-26T03:21:28.594+0530][251.319s][debug][gc,phases,start   ] GC(431) Purge Class Loader Data
[2024-10-26T03:21:28.594+0530][251.319s][debug][gc,phases         ] GC(431) Purge Class Loader Data 0.146ms
[2024-10-26T03:21:28.594+0530][251.319s][debug][gc,phases         ] GC(431) Phase 1: Class Unloading and Cleanup 2.567ms
[2024-10-26T03:21:28.594+0530][251.319s][debug][gc,phases,start   ] GC(431) Report Object Count
[2024-10-26T03:21:28.594+0530][251.319s][debug][gc,phases         ] GC(431) Report Object Count 0.006ms
[2024-10-26T03:21:28.594+0530][251.319s][info ][gc,phases         ] GC(431) Phase 1: Mark live objects 6.544ms
[2024-10-26T03:21:28.594+0530][251.319s][info ][gc,phases,start   ] GC(431) Phase 2: Prepare compaction
[2024-10-26T03:21:28.594+0530][251.319s][debug][gc,phases,start   ] GC(431) Phase 2: Determine work lists
[2024-10-26T03:21:28.594+0530][251.319s][debug][gc,phases         ] GC(431) Phase 2: Determine work lists 0.277ms
[2024-10-26T03:21:28.594+0530][251.319s][debug][gc,phases,start   ] GC(431) Phase 2: Prepare parallel compaction
[2024-10-26T03:21:28.595+0530][251.319s][debug][gc,phases         ] GC(431) Phase 2: Prepare parallel compaction 0.250ms
[2024-10-26T03:21:28.595+0530][251.319s][info ][gc,phases         ] GC(431) Phase 2: Prepare compaction 0.573ms
[2024-10-26T03:21:28.595+0530][251.319s][info ][gc,phases,start   ] GC(431) Phase 3: Adjust pointers
[2024-10-26T03:21:28.596+0530][251.320s][info ][gc,phases         ] GC(431) Phase 3: Adjust pointers 0.808ms
[2024-10-26T03:21:28.596+0530][251.320s][info ][gc,phases,start   ] GC(431) Phase 4: Compact heap
[2024-10-26T03:21:28.596+0530][251.321s][info ][gc,phases         ] GC(431) Phase 4: Compact heap 0.297ms
[2024-10-26T03:21:28.596+0530][251.321s][info ][gc,phases,start   ] GC(431) Phase 5: Reset Metadata
[2024-10-26T03:21:28.597+0530][251.321s][info ][gc,phases         ] GC(431) Phase 5: Reset Metadata 0.666ms
[2024-10-26T03:21:28.597+0530][251.321s][debug][gc,ergo           ] GC(431) Running G1 Clear Bitmap with 13 workers for 32 work units.
[2024-10-26T03:21:28.598+0530][251.323s][debug][gc,ergo,ihop      ] GC(431) Request concurrent cycle initiation (occupancy higher than threshold) occupancy: 168820736B allocation request: 0B threshold: 0B (0.00) source: end of Full GC
[2024-10-26T03:21:28.598+0530][251.323s][debug][gc,alloc,stats    ] Old generation allocation in the last mutator period, old gen allocated: 0B, humongous allocated: 0B, old gen growth: 0B.
[2024-10-26T03:21:28.598+0530][251.323s][debug][gc,task,start     ] G1 Service Thread (Card Set Free Memory Task) (run 0.012ms after schedule)
[2024-10-26T03:21:28.598+0530][251.323s][debug][gc,remset         ] GC(431) Coarsening (recent): Inline->AoC 0 (0) AoC->Howl 0 (0) Howl->Full 0 (0) Inline->AoC 0 (0) AoC->BitMap 0 (0) BitMap->Full 0 (0) 
[2024-10-26T03:21:28.599+0530][251.323s][debug][gc,remset         ] GC(431) Coarsening (all): Inline->AoC 262 (0) AoC->Howl 221 (0) Howl->Full 0 (0) Inline->AoC 551 (0) AoC->BitMap 471 (0) BitMap->Full 0 (0) 
[2024-10-26T03:21:28.599+0530][251.323s][info ][gc,heap           ] GC(431) Eden regions: 8->0(1228)
[2024-10-26T03:21:28.599+0530][251.323s][info ][gc,heap           ] GC(431) Survivor regions: 0->0(0)
[2024-10-26T03:21:28.599+0530][251.323s][info ][gc,heap           ] GC(431) Old regions: 14->17
[2024-10-26T03:21:28.599+0530][251.323s][info ][gc,heap           ] GC(431) Humongous regions: 1172->144
[2024-10-26T03:21:28.599+0530][251.323s][info ][gc,metaspace      ] GC(431) Metaspace: 38595K(39104K)->38591K(39104K) NonClass: 33657K(33920K)->33654K(33920K) Class: 4938K(5184K)->4937K(5184K)
[2024-10-26T03:21:28.599+0530][251.323s][debug][gc,heap           ] GC(431) Heap after GC invocations=384 (full 199):
[2024-10-26T03:21:28.599+0530][251.323s][debug][gc,heap           ] GC(431)  garbage-first heap   total reserved 2097152K, committed 2097152K, used 161449K [0x0000000080000000, 0x0000000100000000)
[2024-10-26T03:21:28.599+0530][251.323s][debug][gc,heap           ] GC(431)   region size 1024K, 0 young (0K), 0 survivors (0K)
[2024-10-26T03:21:28.599+0530][251.323s][debug][gc,heap           ] GC(431)  Metaspace       used 38591K, committed 39104K, reserved 1114112K
[2024-10-26T03:21:28.599+0530][251.323s][debug][gc,heap           ] GC(431)   class space    used 4937K, committed 5184K, reserved 1048576K
[2024-10-26T03:21:28.599+0530][251.323s][info ][gc                ] GC(431) Pause Full (System.gc()) 1192M->157M(2048M) 11.347ms
[2024-10-26T03:21:28.599+0530][251.323s][info ][gc,cpu            ] GC(431) User=0.00s Sys=0.00s Real=0.01s
[2024-10-26T03:21:28.599+0530][251.323s][debug][gc,task           ] G1 Service Thread (Card Set Free Memory Task) (run: 0.373ms) (cpu: 0.000ms)
[2024-10-26T03:21:28.601+0530][251.326s][debug][gc,refine         ] Stopping 0
[2024-10-26T03:21:28.601+0530][251.326s][debug][gc,task           ] G1 Service Thread (stopping)
[2024-10-26T03:21:28.601+0530][251.326s][info ][gc,heap,exit      ] Heap
[2024-10-26T03:21:28.601+0530][251.326s][info ][gc,heap,exit      ]  garbage-first heap   total reserved 2097152K, committed 2097152K, used 164009K [0x0000000080000000, 0x0000000100000000)
[2024-10-26T03:21:28.601+0530][251.326s][info ][gc,heap,exit      ]   region size 1024K, 3 young (3072K), 0 survivors (0K)
[2024-10-26T03:21:28.601+0530][251.326s][info ][gc,heap,exit      ]  Metaspace       used 38596K, committed 39104K, reserved 1114112K
[2024-10-26T03:21:28.601+0530][251.326s][info ][gc,heap,exit      ]   class space    used 4939K, committed 5184K, reserved 1048576K
