[2024-10-26T03:26:24.616+0530][0.007s][debug][gc,heap] Minimum heap 2147483648  Initial heap 2147483648  Maximum heap 2147483648
[2024-10-26T03:26:24.616+0530][0.007s][info ][gc,init] Initializing The Z Garbage Collector
[2024-10-26T03:26:24.616+0530][0.007s][info ][gc,init] Version: 23+37-2369 (release)
[2024-10-26T03:26:24.617+0530][0.008s][info ][gc,init] NUMA Support: Disabled
[2024-10-26T03:26:24.617+0530][0.008s][info ][gc,init] CPUs: 16 total, 16 available
[2024-10-26T03:26:24.617+0530][0.008s][info ][gc,init] Memory: 16153M
[2024-10-26T03:26:24.617+0530][0.008s][info ][gc,init] Large Page Support: Disabled
[2024-10-26T03:26:24.617+0530][0.008s][info ][gc,init] Address Space Type: Contiguous/Unrestricted/Complete
[2024-10-26T03:26:24.617+0530][0.008s][info ][gc,init] Address Space Size: 32768M
[2024-10-26T03:26:24.618+0530][0.009s][info ][gc,init] Min Capacity: 2048M
[2024-10-26T03:26:24.618+0530][0.009s][info ][gc,init] Initial Capacity: 2048M
[2024-10-26T03:26:24.618+0530][0.009s][info ][gc,init] Max Capacity: 2048M
[2024-10-26T03:26:24.618+0530][0.009s][info ][gc,init] Soft Max Capacity: 2048M
[2024-10-26T03:26:24.618+0530][0.009s][info ][gc,init] Medium Page Size: 32M
[2024-10-26T03:26:24.618+0530][0.009s][info ][gc,init] Pre-touch: Disabled
[2024-10-26T03:26:24.618+0530][0.009s][info ][gc,init] Uncommit: Implicitly Disabled (-Xms equals -Xmx)
[2024-10-26T03:26:24.618+0530][0.009s][info ][gc,init] GC Workers for Old Generation: 4 (dynamic)
[2024-10-26T03:26:24.618+0530][0.009s][debug][gc,marking] Expanding mark stack space: 0M->32M
[2024-10-26T03:26:24.618+0530][0.009s][info ][gc,init   ] GC Workers for Young Generation: 4 (dynamic)
[2024-10-26T03:26:24.618+0530][0.009s][debug][gc,marking] Expanding mark stack space: 0M->32M
[2024-10-26T03:26:24.654+0530][0.045s][info ][gc,init   ] GC Workers Max: 4 (dynamic)
[2024-10-26T03:26:24.655+0530][0.046s][info ][gc,init   ] Runtime Workers: 10
[2024-10-26T03:26:24.655+0530][0.046s][info ][gc        ] Using The Z Garbage Collector
[2024-10-26T03:26:24.669+0530][0.060s][info ][gc,metaspace] CDS archive(s) mapped at: [0x000002a0d3000000-0x000002a0d3d70000-0x000002a0d3d70000), size 14090240, SharedBaseAddress: 0x000002a0d3000000, ArchiveRelocationMode: 1.
[2024-10-26T03:26:24.669+0530][0.060s][info ][gc,metaspace] Compressed class space mapped at: 0x000002a0d4000000-0x000002a114000000, reserved size: 1073741824
[2024-10-26T03:26:24.669+0530][0.060s][info ][gc,metaspace] Narrow klass base: 0x000002a0d3000000, Narrow klass shift: 0, Narrow klass range: 0x41000000
[2024-10-26T03:26:24.678+0530][0.069s][debug][gc,nmethod  ] Register NMethod: jdk.internal.util.ArraysSupport.unsignedHashCode (0x0000029cc1fd0008) [0x0000029cc1fd0140, 0x0000029cc1fd0360] Compiler: c1, Barriers: 0, Oops: 0, ImmediateOops: 0, NonImmediateOops: No
[2024-10-26T03:26:24.678+0530][0.069s][debug][gc,nmethod  ] Rebuilding NMethod Table: 0->1024 entries, 0(0%->0%) registered, 0(0%->0%) unregistered
[2024-10-26T03:26:24.678+0530][0.069s][debug][gc,nmethod  ] Register NMethod: java.lang.Object.<init> (0x0000029cc1fd0388) [0x0000029cc1fd04a0, 0x0000029cc1fd05a8] Compiler: c1, Barriers: 0, Oops: 0, ImmediateOops: 0, NonImmediateOops: No
[2024-10-26T03:26:24.678+0530][0.069s][debug][gc,nmethod  ] Register NMethod: jdk.internal.misc.Unsafe.getReferenceVolatile (0x0000029cc9b60008) [0x0000029cc9b60140, 0x0000029cc9b60578] Compiler: , Barriers: 0, Oops: 0, ImmediateOops: 0, NonImmediateOops: No
[2024-10-26T03:26:24.678+0530][0.069s][debug][gc,nmethod  ] Register NMethod: java.lang.String.isLatin1 (0x0000029cc1fd0688) [0x0000029cc1fd07a0, 0x0000029cc1fd0910] Compiler: c1, Barriers: 0, Oops: 0, ImmediateOops: 0, NonImmediateOops: No
[2024-10-26T03:26:24.678+0530][0.069s][debug][gc,nmethod  ] Register NMethod: java.lang.Byte.toUnsignedInt (0x0000029cc1fd0988) [0x0000029cc1fd0aa0, 0x0000029cc1fd0b98] Compiler: c1, Barriers: 0, Oops: 0, ImmediateOops: 0, NonImmediateOops: No
[2024-10-26T03:26:24.678+0530][0.069s][debug][gc,nmethod  ] Register NMethod: java.lang.String.hashCode (0x0000029cc1fd0c88) [0x0000029cc1fd0e00, 0x0000029cc1fd1288] Compiler: c1, Barriers: 2, Oops: 0, ImmediateOops: 0, NonImmediateOops: No
[2024-10-26T03:26:24.679+0530][0.069s][debug][gc,nmethod  ] Register NMethod: java.lang.Math.floorMod (0x0000029cc1fd1308) [0x0000029cc1fd1420, 0x0000029cc1fd15c0] Compiler: c1, Barriers: 0, Oops: 0, ImmediateOops: 0, NonImmediateOops: No
[2024-10-26T03:26:24.679+0530][0.070s][debug][gc,nmethod  ] Register NMethod: java.util.ImmutableCollections$SetN.probe (0x0000029cc1fd1608) [0x0000029cc1fd1780, 0x0000029cc1fd1d58] Compiler: c1, Barriers: 4, Oops: 0, ImmediateOops: 0, NonImmediateOops: No
[2024-10-26T03:26:24.679+0530][0.070s][debug][gc,nmethod  ] Register NMethod: java.lang.StringLatin1.equals (0x0000029cc1fd1d88) [0x0000029cc1fd1ec0, 0x0000029cc1fd2140] Compiler: c1, Barriers: 0, Oops: 0, ImmediateOops: 0, NonImmediateOops: No
[2024-10-26T03:26:24.679+0530][0.070s][debug][gc,nmethod  ] Register NMethod: jdk.internal.util.ArraysSupport.vectorizedHashCode (0x0000029cc1fd2188) [0x0000029cc1fd2400, 0x0000029cc1fd3378] Compiler: c1, Barriers: 0, Oops: 1, ImmediateOops: 2, NonImmediateOops: No
[2024-10-26T03:26:24.679+0530][0.070s][debug][gc,nmethod  ] Register NMethod: jdk.internal.util.ArraysSupport.hashCodeOfUnsigned (0x0000029cc1fd3408) [0x0000029cc1fd3540, 0x0000029cc1fd37c0] Compiler: c1, Barriers: 0, Oops: 0, ImmediateOops: 0, NonImmediateOops: No
[2024-10-26T03:26:24.679+0530][0.070s][debug][gc,nmethod  ] Register NMethod: java.lang.String.equals (0x0000029cc1fd3808) [0x0000029cc1fd3960, 0x0000029cc1fd3dc8] Compiler: c1, Barriers: 2, Oops: 0, ImmediateOops: 0, NonImmediateOops: No
[2024-10-26T03:26:24.680+0530][0.070s][debug][gc,nmethod  ] Register NMethod: java.util.Objects.equals (0x0000029cc1fd3e08) [0x0000029cc1fd3f40, 0x0000029cc1fd4198] Compiler: c1, Barriers: 0, Oops: 0, ImmediateOops: 0, NonImmediateOops: No
[2024-10-26T03:26:24.680+0530][0.071s][debug][gc,nmethod  ] Register NMethod: java.lang.module.ModuleDescriptor.modsHashCode (0x0000029cc1fd4208) [0x0000029cc1fd4380, 0x0000029cc1fd48e8] Compiler: c1, Barriers: 1, Oops: 0, ImmediateOops: 0, NonImmediateOops: No
[2024-10-26T03:26:24.680+0530][0.071s][debug][gc,nmethod  ] Register NMethod: java.util.Set.of (0x0000029cc1fd4908) [0x0000029cc1fd4a20, 0x0000029cc1fd4b18] Compiler: c1, Barriers: 0, Oops: 0, ImmediateOops: 1, NonImmediateOops: No
[2024-10-26T03:26:24.680+0530][0.071s][debug][gc,nmethod  ] Register NMethod: java.lang.module.ModuleDescriptor$Exports.<init> (0x0000029cc1fd4c08) [0x0000029cc1fd4d40, 0x0000029cc1fd5008] Compiler: c1, Barriers: 9, Oops: 0, ImmediateOops: 0, NonImmediateOops: No
[2024-10-26T03:26:24.680+0530][0.071s][debug][gc,nmethod  ] Register NMethod: java.util.ImmutableCollections$SetN.iterator (0x0000029cc1fd5088) [0x0000029cc1fd51a0, 0x0000029cc1fd5348] Compiler: c1, Barriers: 0, Oops: 0, ImmediateOops: 0, NonImmediateOops: No
[2024-10-26T03:26:24.680+0530][0.071s][debug][gc,nmethod  ] Register NMethod: java.util.ImmutableCollections$SetN$SetNIterator.<init> (0x0000029cc1fd5388) [0x0000029cc1fd54c0, 0x0000029cc1fd5700] Compiler: c1, Barriers: 4, Oops: 0, ImmediateOops: 0, NonImmediateOops: No
[2024-10-26T03:26:24.680+0530][0.071s][debug][gc,nmethod  ] Register NMethod: java.util.ImmutableCollections$SetN$SetNIterator.hasNext (0x0000029cc1fd5788) [0x0000029cc1fd58a0, 0x0000029cc1fd59f8] Compiler: c1, Barriers: 0, Oops: 0, ImmediateOops: 0, NonImmediateOops: No
[2024-10-26T03:26:24.680+0530][0.071s][debug][gc,nmethod  ] Register NMethod: java.util.AbstractCollection.<init> (0x0000029cc1fd5a88) [0x0000029cc1fd5ba0, 0x0000029cc1fd5d08] Compiler: c1, Barriers: 0, Oops: 0, ImmediateOops: 0, NonImmediateOops: No
[2024-10-26T03:26:24.680+0530][0.071s][debug][gc,nmethod  ] Register NMethod: java.util.ImmutableCollections$AbstractImmutableCollection.<init> (0x0000029cc1fd5d88) [0x0000029cc1fd5ea0, 0x0000029cc1fd6068] Compiler: c1, Barriers: 0, Oops: 0, ImmediateOops: 0, NonImmediateOops: No
[2024-10-26T03:26:24.680+0530][0.071s][debug][gc,nmethod  ] Register NMethod: java.lang.System.arraycopy (0x0000029cc9b60588) [0x0000029cc9b606a0, 0x0000029cc9b608e0] Compiler: , Barriers: 0, Oops: 0, ImmediateOops: 1, NonImmediateOops: No
[2024-10-26T03:26:24.680+0530][0.071s][debug][gc,nmethod  ] Register NMethod: java.util.Objects.requireNonNull (0x0000029cc1fd6108) [0x0000029cc1fd6240, 0x0000029cc1fd6428] Compiler: c1, Barriers: 0, Oops: 0, ImmediateOops: 0, NonImmediateOops: No
[2024-10-26T03:26:24.680+0530][0.071s][debug][gc,nmethod  ] Register NMethod: java.lang.String.coder (0x0000029cc1fd6488) [0x0000029cc1fd65a0, 0x0000029cc1fd66d8] Compiler: c1, Barriers: 0, Oops: 0, ImmediateOops: 0, NonImmediateOops: No
[2024-10-26T03:26:24.681+0530][0.072s][debug][gc,nmethod  ] Register NMethod: java.lang.String.charAt (0x0000029cc1fd6788) [0x0000029cc1fd6900, 0x0000029cc1fd6e90] Compiler: c1, Barriers: 2, Oops: 1, ImmediateOops: 2, NonImmediateOops: No
[2024-10-26T03:26:24.681+0530][0.072s][debug][gc,nmethod  ] Register NMethod: java.lang.StringLatin1.charAt (0x0000029cc1fd6f08) [0x0000029cc1fd7020, 0x0000029cc1fd71e8] Compiler: c1, Barriers: 0, Oops: 1, ImmediateOops: 1, NonImmediateOops: No
[2024-10-26T03:26:24.681+0530][0.072s][debug][gc,nmethod  ] Register NMethod: java.lang.String.checkIndex (0x0000029cc1fd7288) [0x0000029cc1fd73a0, 0x0000029cc1fd74d8] Compiler: c1, Barriers: 0, Oops: 1, ImmediateOops: 1, NonImmediateOops: No
[2024-10-26T03:26:24.681+0530][0.072s][debug][gc,nmethod  ] Register NMethod: jdk.internal.util.Preconditions.checkIndex (0x0000029cc1fd7588) [0x0000029cc1fd76a0, 0x0000029cc1fd7828] Compiler: c1, Barriers: 0, Oops: 0, ImmediateOops: 0, NonImmediateOops: No
[2024-10-26T03:26:24.681+0530][0.072s][debug][gc,nmethod  ] Register NMethod: java.lang.String.length (0x0000029cc1fd7888) [0x0000029cc1fd79a0, 0x0000029cc1fd7b70] Compiler: c1, Barriers: 1, Oops: 0, ImmediateOops: 0, NonImmediateOops: No
[2024-10-26T03:26:24.681+0530][0.072s][debug][gc,nmethod  ] Register NMethod: java.util.ImmutableCollections$AbstractImmutableSet.<init> (0x0000029cc1fd7b88) [0x0000029cc1fd7cc0, 0x0000029cc1fd7ee8] Compiler: c1, Barriers: 0, Oops: 0, ImmediateOops: 0, NonImmediateOops: No
[2024-10-26T03:26:24.681+0530][0.072s][debug][gc,nmethod  ] Register NMethod: java.lang.module.ModuleDescriptor.name (0x0000029cc9b60908) [0x0000029cc9b60a20, 0x0000029cc9b60b18] Compiler: c1, Barriers: 1, Oops: 0, ImmediateOops: 0, NonImmediateOops: No
[2024-10-26T03:26:24.681+0530][0.072s][debug][gc,nmethod  ] Register NMethod: java.lang.module.ModuleReference.descriptor (0x0000029cc9b60c08) [0x0000029cc9b60d20, 0x0000029cc9b60e18] Compiler: c1, Barriers: 1, Oops: 0, ImmediateOops: 0, NonImmediateOops: No
[2024-10-26T03:26:24.681+0530][0.072s][debug][gc,nmethod  ] Register NMethod: java.util.Set.of (0x0000029cc1fd7f88) [0x0000029cc1fd8160, 0x0000029cc1fd8a20] Compiler: c1, Barriers: 9, Oops: 0, ImmediateOops: 2, NonImmediateOops: No
[2024-10-26T03:26:24.682+0530][0.073s][debug][gc,nmethod  ] Register NMethod: java.lang.String.isEmpty (0x0000029cc1fd8a88) [0x0000029cc1fd8ba0, 0x0000029cc1fd8d30] Compiler: c1, Barriers: 1, Oops: 0, ImmediateOops: 0, NonImmediateOops: No
[2024-10-26T03:26:24.682+0530][0.073s][debug][gc,nmethod  ] Register NMethod: jdk.internal.misc.Unsafe.compareAndSetLong (0x0000029cc9b60f08) [0x0000029cc9b61020, 0x0000029cc9b61260] Compiler: , Barriers: 0, Oops: 0, ImmediateOops: 0, NonImmediateOops: No
[2024-10-26T03:26:24.682+0530][0.073s][debug][gc,nmethod  ] Register NMethod: jdk.internal.misc.Unsafe.compareAndSetReference (0x0000029cc9b61288) [0x0000029cc9b613a0, 0x0000029cc9b61608] Compiler: , Barriers: 0, Oops: 0, ImmediateOops: 0, NonImmediateOops: No
[2024-10-26T03:26:24.682+0530][0.073s][debug][gc,nmethod  ] Register NMethod: jdk.internal.misc.Unsafe.getReferenceAcquire (0x0000029cc1fd8d88) [0x0000029cc1fd8ea0, 0x0000029cc1fd8fd8] Compiler: c1, Barriers: 1, Oops: 0, ImmediateOops: 0, NonImmediateOops: No
[2024-10-26T03:26:24.682+0530][0.073s][debug][gc,nmethod  ] Register NMethod: java.util.concurrent.ConcurrentHashMap.tabAt (0x0000029cc1fd9088) [0x0000029cc1fd91a0, 0x0000029cc1fd9458] Compiler: c1, Barriers: 1, Oops: 1, ImmediateOops: 1, NonImmediateOops: No
[2024-10-26T03:26:24.682+0530][0.073s][debug][gc,nmethod  ] Register NMethod: java.util.ImmutableCollections$SetN$SetNIterator.next (0x0000029cc1fd9488) [0x0000029cc1fd95e0, 0x0000029cc1fd9968] Compiler: c1, Barriers: 3, Oops: 0, ImmediateOops: 0, NonImmediateOops: No
[2024-10-26T03:26:24.682+0530][0.073s][debug][gc,nmethod  ] Register NMethod: java.util.concurrent.ConcurrentHashMap.spread (0x0000029cc1fd9988) [0x0000029cc1fd9aa0, 0x0000029cc1fd9b98] Compiler: c1, Barriers: 0, Oops: 0, ImmediateOops: 0, NonImmediateOops: No
[2024-10-26T03:26:24.683+0530][0.074s][debug][gc,nmethod  ] Register NMethod: java.util.concurrent.ConcurrentHashMap.putVal (0x0000029cc1fd9c88) [0x0000029cc1fd9fc0, 0x0000029cc1fdbc18] Compiler: c1, Barriers: 28, Oops: 0, ImmediateOops: 1, NonImmediateOops: No
[2024-10-26T03:26:24.683+0530][0.074s][debug][gc,nmethod  ] Register NMethod: java.util.concurrent.ConcurrentHashMap.addCount (0x0000029cc1fdbc88) [0x0000029cc1fdbe60, 0x0000029cc1fdc7c0] Compiler: c1, Barriers: 4, Oops: 0, ImmediateOops: 0, NonImmediateOops: No
[2024-10-26T03:26:24.683+0530][0.074s][debug][gc,nmethod  ] Register NMethod: jdk.internal.util.ArraysSupport.unsignedHashCode (0x0000029cc9b61688) [0x0000029cc9b61780, 0x0000029cc9b61938] Compiler: c2, Barriers: 0, Oops: 0, ImmediateOops: 0, NonImmediateOops: No
[2024-10-26T03:26:24.683+0530][0.074s][debug][gc,nmethod  ] Register NMethod: java.util.concurrent.ConcurrentHashMap$Node.<init> (0x0000029cc1fdc808) [0x0000029cc1fdc940, 0x0000029cc1fdcba0] Compiler: c1, Barriers: 6, Oops: 0, ImmediateOops: 0, NonImmediateOops: No
[2024-10-26T03:26:24.683+0530][0.074s][debug][gc,nmethod  ] Register NMethod: java.lang.Object.<init> (0x0000029cc9b61988) [0x0000029cc9b61a80, 0x0000029cc9b61af8] Compiler: c2, Barriers: 0, Oops: 0, ImmediateOops: 0, NonImmediateOops: No
[2024-10-26T03:26:24.684+0530][0.075s][debug][gc,nmethod  ] Register NMethod: java.lang.invoke.MethodHandle.linkToStatic (0x0000029cc9b61c88) [0x0000029cc9b61d80, 0x0000029cc9b61e90] Compiler: , Barriers: 0, Oops: 0, ImmediateOops: 0, NonImmediateOops: No
[2024-10-26T03:26:24.684+0530][0.075s][debug][gc,nmethod  ] Register NMethod: java.lang.Enum.ordinal (0x0000029cc9b61f88) [0x0000029cc9b620a0, 0x0000029cc9b62168] Compiler: c1, Barriers: 0, Oops: 0, ImmediateOops: 0, NonImmediateOops: No
[2024-10-26T03:26:24.684+0530][0.075s][debug][gc,nmethod  ] Register NMethod: java.lang.Object.hashCode (0x0000029cc9b62288) [0x0000029cc9b623a0, 0x0000029cc9b625c8] Compiler: , Barriers: 0, Oops: 0, ImmediateOops: 0, NonImmediateOops: No
[2024-10-26T03:26:24.684+0530][0.075s][debug][gc,nmethod  ] Register NMethod: java.lang.Class.isPrimitive (0x0000029cc9b62608) [0x0000029cc9b62720, 0x0000029cc9b62938] Compiler: , Barriers: 0, Oops: 0, ImmediateOops: 0, NonImmediateOops: No
[2024-10-26T03:26:24.685+0530][0.076s][debug][gc,nmethod  ] Register NMethod: java.lang.invoke.MethodHandle.linkToStatic (0x0000029cc9b62988) [0x0000029cc9b62a80, 0x0000029cc9b62b90] Compiler: , Barriers: 0, Oops: 0, ImmediateOops: 0, NonImmediateOops: No
[2024-10-26T03:26:24.685+0530][0.076s][debug][gc,nmethod  ] Register NMethod: java.lang.invoke.MethodHandle.linkToStatic (0x0000029cc9b62c88) [0x0000029cc9b62d80, 0x0000029cc9b62e90] Compiler: , Barriers: 0, Oops: 0, ImmediateOops: 0, NonImmediateOops: No
[2024-10-26T03:26:24.685+0530][0.076s][debug][gc,nmethod  ] Register NMethod: java.lang.invoke.MethodHandle.invokeBasic (0x0000029cc9b62f88) [0x0000029cc9b630a0, 0x0000029cc9b63390] Compiler: , Barriers: 0, Oops: 0, ImmediateOops: 0, NonImmediateOops: No
[2024-10-26T03:26:24.685+0530][0.076s][debug][gc,nmethod  ] Register NMethod: java.lang.invoke.MethodHandle.linkToSpecial (0x0000029cc9b63408) [0x0000029cc9b63500, 0x0000029cc9b63610] Compiler: , Barriers: 0, Oops: 0, ImmediateOops: 0, NonImmediateOops: No
[2024-10-26T03:26:24.686+0530][0.077s][debug][gc,nmethod  ] Register NMethod: jdk.internal.util.StrongReferenceKey.get (0x0000029cc9b63708) [0x0000029cc9b63820, 0x0000029cc9b63918] Compiler: c1, Barriers: 1, Oops: 0, ImmediateOops: 0, NonImmediateOops: No
[2024-10-26T03:26:24.686+0530][0.077s][debug][gc,nmethod  ] Register NMethod: java.lang.invoke.MethodHandle.invokeBasic (0x0000029cc9b63a08) [0x0000029cc9b63b20, 0x0000029cc9b63e10] Compiler: , Barriers: 0, Oops: 0, ImmediateOops: 0, NonImmediateOops: No
[2024-10-26T03:26:24.686+0530][0.077s][debug][gc,nmethod  ] Register NMethod: java.lang.invoke.MethodHandle.linkToSpecial (0x0000029cc9b63e88) [0x0000029cc9b63f80, 0x0000029cc9b64090] Compiler: , Barriers: 0, Oops: 0, ImmediateOops: 0, NonImmediateOops: No
[2024-10-26T03:26:24.686+0530][0.077s][debug][gc,nmethod  ] Register NMethod: java.lang.Object.getClass (0x0000029cc9b64188) [0x0000029cc9b642c0, 0x0000029cc9b646d8] Compiler: , Barriers: 0, Oops: 0, ImmediateOops: 0, NonImmediateOops: No
[2024-10-26T03:26:24.687+0530][0.078s][debug][gc,nmethod  ] Register NMethod: java.lang.invoke.MethodHandle.linkToStatic (0x0000029cc9b64708) [0x0000029cc9b64800, 0x0000029cc9b64918] Compiler: , Barriers: 0, Oops: 0, ImmediateOops: 0, NonImmediateOops: No
[2024-10-26T03:26:24.687+0530][0.078s][debug][gc,nmethod  ] Register NMethod: java.lang.Class.isArray (0x0000029cc9b64a08) [0x0000029cc9b64b20, 0x0000029cc9b64d38] Compiler: , Barriers: 0, Oops: 0, ImmediateOops: 0, NonImmediateOops: No
[2024-10-26T03:26:24.687+0530][0.078s][debug][gc,nmethod  ] Register NMethod: java.lang.invoke.MethodHandle.linkToStatic (0x0000029cc9b64d88) [0x0000029cc9b64e80, 0x0000029cc9b64f90] Compiler: , Barriers: 0, Oops: 0, ImmediateOops: 0, NonImmediateOops: No
[2024-10-26T03:26:24.687+0530][0.078s][debug][gc,nmethod  ] Register NMethod: java.util.concurrent.ConcurrentHashMap.putIfAbsent (0x0000029cc1fdcc08) [0x0000029cc1fdcd20, 0x0000029cc1fdce60] Compiler: c1, Barriers: 0, Oops: 0, ImmediateOops: 0, NonImmediateOops: No
[2024-10-26T03:26:24.687+0530][0.078s][debug][gc,nmethod  ] Register NMethod: java.lang.invoke.MethodType.returnType (0x0000029cc9b65088) [0x0000029cc9b651a0, 0x0000029cc9b65298] Compiler: c1, Barriers: 1, Oops: 0, ImmediateOops: 0, NonImmediateOops: No
[2024-10-26T03:26:24.687+0530][0.078s][debug][gc,nmethod  ] Register NMethod: java.lang.Object.clone (0x0000029cc9b65388) [0x0000029cc9b654c0, 0x0000029cc9b658d8] Compiler: , Barriers: 0, Oops: 0, ImmediateOops: 0, NonImmediateOops: No
[2024-10-26T03:26:24.687+0530][0.078s][debug][gc,nmethod  ] Register NMethod: java.lang.ref.ReferenceQueue.headIsNull (0x0000029cc1fdcf08) [0x0000029cc1fdd020, 0x0000029cc1fdd1b0] Compiler: c1, Barriers: 1, Oops: 0, ImmediateOops: 0, NonImmediateOops: No
[2024-10-26T03:26:24.687+0530][0.078s][debug][gc,nmethod  ] Register NMethod: java.lang.invoke.MethodHandle.invokeBasic (0x0000029cc9b65908) [0x0000029cc9b65a20, 0x0000029cc9b65d10] Compiler: , Barriers: 0, Oops: 0, ImmediateOops: 0, NonImmediateOops: No
[2024-10-26T03:26:24.687+0530][0.078s][debug][gc,nmethod  ] Register NMethod: java.util.Objects.hashCode (0x0000029cc1fdd208) [0x0000029cc1fdd340, 0x0000029cc1fdd558] Compiler: c1, Barriers: 0, Oops: 0, ImmediateOops: 0, NonImmediateOops: No
[2024-10-26T03:26:24.687+0530][0.078s][debug][gc,nmethod  ] Register NMethod: java.lang.invoke.MethodHandle.linkToSpecial (0x0000029cc9b65d88) [0x0000029cc9b65e80, 0x0000029cc9b65f98] Compiler: , Barriers: 0, Oops: 0, ImmediateOops: 0, NonImmediateOops: No
[2024-10-26T03:26:24.687+0530][0.078s][debug][gc,nmethod  ] Register NMethod: jdk.internal.util.ReferencedKeyMap.removeStaleReferences (0x0000029cc1fdd588) [0x0000029cc1fdd6e0, 0x0000029cc1fddaa8] Compiler: c1, Barriers: 2, Oops: 0, ImmediateOops: 0, NonImmediateOops: No
[2024-10-26T03:26:24.687+0530][0.078s][debug][gc,nmethod  ] Register NMethod: java.lang.ref.NativeReferenceQueue.poll (0x0000029cc1fddb08) [0x0000029cc1fddc60, 0x0000029cc1fde098] Compiler: c1, Barriers: 2, Oops: 0, ImmediateOops: 0, NonImmediateOops: No
[2024-10-26T03:26:24.687+0530][0.078s][debug][gc,nmethod  ] Register NMethod: java.lang.invoke.MethodHandle.linkToSpecial (0x0000029cc9b66088) [0x0000029cc9b66180, 0x0000029cc9b66290] Compiler: , Barriers: 0, Oops: 0, ImmediateOops: 0, NonImmediateOops: No
[2024-10-26T03:26:24.688+0530][0.079s][debug][gc,nmethod  ] Register NMethod: java.lang.invoke.MethodTypeForm.canonicalize (0x0000029cc1fde108) [0x0000029cc1fde2c0, 0x0000029cc1fde870] Compiler: c1, Barriers: 1, Oops: 0, ImmediateOops: 2, NonImmediateOops: No
[2024-10-26T03:26:24.688+0530][0.079s][debug][gc,nmethod  ] Register NMethod: java.util.concurrent.ConcurrentHashMap.get (0x0000029cc1fde908) [0x0000029cc1fdeb00, 0x0000029cc1fdf648] Compiler: c1, Barriers: 7, Oops: 0, ImmediateOops: 0, NonImmediateOops: No
[2024-10-26T03:26:24.688+0530][0.079s][debug][gc,nmethod  ] Register NMethod: java.lang.invoke.MethodHandle.linkToStatic (0x0000029cc9b66388) [0x0000029cc9b66480, 0x0000029cc9b66590] Compiler: , Barriers: 0, Oops: 0, ImmediateOops: 0, NonImmediateOops: No
[2024-10-26T03:26:24.688+0530][0.079s][debug][gc,nmethod  ] Register NMethod: java.lang.invoke.MethodType.hashCode (0x0000029cc1fdf688) [0x0000029cc1fdf7e0, 0x0000029cc1fdfbf0] Compiler: c1, Barriers: 3, Oops: 0, ImmediateOops: 0, NonImmediateOops: No
[2024-10-26T03:26:24.689+0530][0.079s][debug][gc,nmethod  ] Register NMethod: jdk.internal.util.StrongReferenceKey.<init> (0x0000029cc1fdfc08) [0x0000029cc1fdfd20, 0x0000029cc1fdff00] Compiler: c1, Barriers: 3, Oops: 0, ImmediateOops: 0, NonImmediateOops: No
[2024-10-26T03:26:24.689+0530][0.079s][debug][gc,nmethod  ] Register NMethod: jdk.internal.util.ReferencedKeyMap.lookupKey (0x0000029cc1fdff88) [0x0000029cc1fe00c0, 0x0000029cc1fe0358] Compiler: c1, Barriers: 3, Oops: 0, ImmediateOops: 0, NonImmediateOops: No
[2024-10-26T03:26:24.689+0530][0.080s][debug][gc,nmethod  ] Register NMethod: java.lang.invoke.MemberName.getDeclaringClass (0x0000029cc9b66688) [0x0000029cc9b667a0, 0x0000029cc9b66898] Compiler: c1, Barriers: 1, Oops: 0, ImmediateOops: 0, NonImmediateOops: No
[2024-10-26T03:26:24.689+0530][0.080s][debug][gc,nmethod  ] Register NMethod: jdk.internal.util.StrongReferenceKey.hashCode (0x0000029cc1fe0388) [0x0000029cc1fe04c0, 0x0000029cc1fe06e8] Compiler: c1, Barriers: 1, Oops: 0, ImmediateOops: 0, NonImmediateOops: No
[2024-10-26T03:26:24.689+0530][0.080s][debug][gc,nmethod  ] Register NMethod: java.lang.invoke.MethodHandle.linkToSpecial (0x0000029cc9b66988) [0x0000029cc9b66a80, 0x0000029cc9b66b90] Compiler: , Barriers: 0, Oops: 0, ImmediateOops: 0, NonImmediateOops: No
[2024-10-26T03:26:24.689+0530][0.080s][debug][gc,nmethod  ] Register NMethod: java.lang.invoke.MethodHandle.linkToVirtual (0x0000029cc9b66c88) [0x0000029cc9b66d80, 0x0000029cc9b66db0] Compiler: , Barriers: 0, Oops: 0, ImmediateOops: 0, NonImmediateOops: No
[2024-10-26T03:26:24.689+0530][0.080s][debug][gc,nmethod  ] Register NMethod: java.lang.invoke.MethodType.checkSlotCount (0x0000029cc1fe0708) [0x0000029cc1fe08c0, 0x0000029cc1fe0f30] Compiler: c1, Barriers: 0, Oops: 1, ImmediateOops: 2, NonImmediateOops: No
[2024-10-26T03:26:24.689+0530][0.080s][debug][gc,nmethod  ] Register NMethod: java.lang.invoke.MemberName.anyFlagSet (0x0000029cc1fe0f88) [0x0000029cc1fe10a0, 0x0000029cc1fe1200] Compiler: c1, Barriers: 0, Oops: 0, ImmediateOops: 0, NonImmediateOops: No
[2024-10-26T03:26:24.689+0530][0.080s][debug][gc,nmethod  ] Register NMethod: java.lang.invoke.MemberName.isInvocable (0x0000029cc1fe1288) [0x0000029cc1fe13a0, 0x0000029cc1fe1560] Compiler: c1, Barriers: 0, Oops: 0, ImmediateOops: 0, NonImmediateOops: No
[2024-10-26T03:26:24.689+0530][0.080s][debug][gc,nmethod  ] Register NMethod: java.lang.invoke.MethodType.form (0x0000029cc9b66f88) [0x0000029cc9b670a0, 0x0000029cc9b67198] Compiler: c1, Barriers: 1, Oops: 0, ImmediateOops: 0, NonImmediateOops: No
[2024-10-26T03:26:24.689+0530][0.080s][debug][gc,nmethod  ] Register NMethod: java.util.Objects.requireNonNull (0x0000029cc1fe1588) [0x0000029cc1fe16c0, 0x0000029cc1fe18a8] Compiler: c1, Barriers: 0, Oops: 0, ImmediateOops: 0, NonImmediateOops: No
[2024-10-26T03:26:24.689+0530][0.080s][debug][gc,nmethod  ] Register NMethod: java.lang.invoke.MethodType.ptypes (0x0000029cc9b67288) [0x0000029cc9b673a0, 0x0000029cc9b67498] Compiler: c1, Barriers: 1, Oops: 0, ImmediateOops: 0, NonImmediateOops: No
[2024-10-26T03:26:24.689+0530][0.080s][debug][gc,nmethod  ] Register NMethod: java.lang.invoke.MethodHandle.linkToInterface (0x0000029cc9b67588) [0x0000029cc9b67680, 0x0000029cc9b677e0] Compiler: , Barriers: 0, Oops: 0, ImmediateOops: 0, NonImmediateOops: No
[2024-10-26T03:26:24.689+0530][0.080s][debug][gc,nmethod  ] Register NMethod: java.lang.Math.min (0x0000029cc1fe1908) [0x0000029cc1fe1a20, 0x0000029cc1fe1b50] Compiler: c1, Barriers: 0, Oops: 0, ImmediateOops: 0, NonImmediateOops: No
[2024-10-26T03:26:24.690+0530][0.080s][debug][gc,nmethod  ] Register NMethod: jdk.internal.util.ReferencedKeyMap.get (0x0000029cc1fe1c08) [0x0000029cc1fe1dc0, 0x0000029cc1fe2640] Compiler: c1, Barriers: 6, Oops: 1, ImmediateOops: 1, NonImmediateOops: No
[2024-10-26T03:26:24.690+0530][0.081s][debug][gc,nmethod  ] Register NMethod: java.lang.invoke.MethodHandle.linkToStatic (0x0000029cc9b67888) [0x0000029cc9b67980, 0x0000029cc9b67a90] Compiler: , Barriers: 0, Oops: 0, ImmediateOops: 0, NonImmediateOops: No
[2024-10-26T03:26:24.690+0530][0.081s][debug][gc,nmethod  ] Register NMethod: java.lang.String.getBytes (0x0000029cc1fe2688) [0x0000029cc1fe27e0, 0x0000029cc1fe2b50] Compiler: c1, Barriers: 2, Oops: 0, ImmediateOops: 0, NonImmediateOops: No
[2024-10-26T03:26:24.690+0530][0.081s][debug][gc,nmethod  ] Register NMethod: java.lang.AbstractStringBuilder.length (0x0000029cc9b67b88) [0x0000029cc9b67ca0, 0x0000029cc9b67d68] Compiler: c1, Barriers: 0, Oops: 0, ImmediateOops: 0, NonImmediateOops: No
[2024-10-26T03:26:24.690+0530][0.081s][debug][gc,nmethod  ] Register NMethod: java.lang.Class.getClassLoader (0x0000029cc1fe2b88) [0x0000029cc1fe2d60, 0x0000029cc1fe3918] Compiler: c1, Barriers: 6, Oops: 0, ImmediateOops: 4, NonImmediateOops: No
[2024-10-26T03:26:24.690+0530][0.081s][debug][gc,nmethod  ] Register NMethod: java.lang.invoke.MethodHandle.linkToSpecial (0x0000029cc9b67e88) [0x0000029cc9b67f80, 0x0000029cc9b68090] Compiler: , Barriers: 0, Oops: 0, ImmediateOops: 0, NonImmediateOops: No
[2024-10-26T03:26:24.690+0530][0.081s][debug][gc,nmethod  ] Register NMethod: java.lang.invoke.MethodHandle.type (0x0000029cc9b68188) [0x0000029cc9b682a0, 0x0000029cc9b68398] Compiler: c1, Barriers: 1, Oops: 0, ImmediateOops: 0, NonImmediateOops: No
[2024-10-26T03:26:24.691+0530][0.082s][debug][gc,nmethod  ] Register NMethod: java.util.HashMap.hash (0x0000029cc1fe3988) [0x0000029cc1fe3ac0, 0x0000029cc1fe3cc0] Compiler: c1, Barriers: 0, Oops: 0, ImmediateOops: 0, NonImmediateOops: No
[2024-10-26T03:26:24.691+0530][0.082s][debug][gc,nmethod  ] Register NMethod: java.util.stream.FindOps$FindSink.cancellationRequested (0x0000029cc9b68488) [0x0000029cc9b685a0, 0x0000029cc9b68670] Compiler: c1, Barriers: 0, Oops: 0, ImmediateOops: 0, NonImmediateOops: No
[2024-10-26T03:26:24.691+0530][0.082s][debug][gc,nmethod  ] Register NMethod: java.util.Spliterators$IteratorSpliterator.characteristics (0x0000029cc9b68788) [0x0000029cc9b688a0, 0x0000029cc9b68968] Compiler: c1, Barriers: 0, Oops: 0, ImmediateOops: 0, NonImmediateOops: No
[2024-10-26T03:26:24.691+0530][0.082s][debug][gc,nmethod  ] Register NMethod: java.util.HashMap.newNode (0x0000029cc1fe3d08) [0x0000029cc1fe3e40, 0x0000029cc1fe41d8] Compiler: c1, Barriers: 9, Oops: 0, ImmediateOops: 0, NonImmediateOops: No
[2024-10-26T03:26:24.691+0530][0.082s][debug][gc,nmethod  ] Register NMethod: java.util.HashMap$Node.<init> (0x0000029cc1fe4208) [0x0000029cc1fe4340, 0x0000029cc1fe4610] Compiler: c1, Barriers: 9, Oops: 0, ImmediateOops: 0, NonImmediateOops: No
[2024-10-26T03:26:24.691+0530][0.082s][debug][gc,nmethod  ] Register NMethod: java.util.ImmutableCollections$MapN.probe (0x0000029cc1fe4688) [0x0000029cc1fe4800, 0x0000029cc1fe4de0] Compiler: c1, Barriers: 4, Oops: 0, ImmediateOops: 0, NonImmediateOops: No
[2024-10-26T03:26:24.691+0530][0.082s][debug][gc,nmethod  ] Register NMethod: java.util.HashMap.putVal (0x0000029cc1fe4e08) [0x0000029cc1fe5060, 0x0000029cc1fe6118] Compiler: c1, Barriers: 15, Oops: 0, ImmediateOops: 0, NonImmediateOops: No
[2024-10-26T03:26:24.691+0530][0.082s][debug][gc,nmethod  ] Register NMethod: java.util.HashMap.afterNodeInsertion (0x0000029cc1fe6188) [0x0000029cc1fe62a0, 0x0000029cc1fe63a8] Compiler: c1, Barriers: 0, Oops: 0, ImmediateOops: 0, NonImmediateOops: No
[2024-10-26T03:26:24.691+0530][0.082s][debug][gc,nmethod  ] Register NMethod: java.util.HashMap.getNode (0x0000029cc1fe6488) [0x0000029cc1fe6660, 0x0000029cc1fe7240] Compiler: c1, Barriers: 6, Oops: 0, ImmediateOops: 0, NonImmediateOops: No
[2024-10-26T03:26:24.692+0530][0.082s][debug][gc,nmethod  ] Register NMethod: java.util.HashMap.put (0x0000029cc1fe7288) [0x0000029cc1fe73c0, 0x0000029cc1fe76c0] Compiler: c1, Barriers: 0, Oops: 0, ImmediateOops: 0, NonImmediateOops: No
[2024-10-26T03:26:24.692+0530][0.083s][debug][gc,nmethod  ] Register NMethod: java.util.ImmutableCollections$Set12$1.hasNext (0x0000029cc1fe7708) [0x0000029cc1fe7820, 0x0000029cc1fe7978] Compiler: c1, Barriers: 0, Oops: 0, ImmediateOops: 0, NonImmediateOops: No
[2024-10-26T03:26:24.692+0530][0.083s][debug][gc,nmethod  ] Register NMethod: java.util.HashMap$HashIterator.nextNode (0x0000029cc1fe7a08) [0x0000029cc1fe7ba0, 0x0000029cc1fe81c8] Compiler: c1, Barriers: 14, Oops: 0, ImmediateOops: 0, NonImmediateOops: No
[2024-10-26T03:26:24.692+0530][0.083s][debug][gc,nmethod  ] Register NMethod: java.util.HashMap.putVal (0x0000029cc1fe8208) [0x0000029cc1fe8460, 0x0000029cc1fe96c8] Compiler: c1, Barriers: 15, Oops: 0, ImmediateOops: 0, NonImmediateOops: No
[2024-10-26T03:26:24.692+0530][0.083s][debug][gc,nmethod  ] Register NMethod: java.lang.module.ModuleDescriptor$Requires.name (0x0000029cc9b68a88) [0x0000029cc9b68ba0, 0x0000029cc9b68c98] Compiler: c1, Barriers: 1, Oops: 0, ImmediateOops: 0, NonImmediateOops: No
[2024-10-26T03:26:24.692+0530][0.083s][debug][gc,nmethod  ] Register NMethod: java.util.ImmutableCollections$MapN.get (0x0000029cc1fe9708) [0x0000029cc1fe9880, 0x0000029cc1fe9c78] Compiler: c1, Barriers: 2, Oops: 0, ImmediateOops: 0, NonImmediateOops: No
[2024-10-26T03:26:24.692+0530][0.083s][debug][gc,nmethod  ] Register NMethod: java.util.HashMap$HashIterator.hasNext (0x0000029cc1fe9d08) [0x0000029cc1fe9e20, 0x0000029cc1fe9fb0] Compiler: c1, Barriers: 1, Oops: 0, ImmediateOops: 0, NonImmediateOops: No
[2024-10-26T03:26:24.692+0530][0.083s][debug][gc,nmethod  ] Register NMethod: java.lang.module.ModuleDescriptor.hashCode (0x0000029cc1fea008) [0x0000029cc1fea240, 0x0000029cc1feafb8] Compiler: c1, Barriers: 12, Oops: 0, ImmediateOops: 0, NonImmediateOops: No
[2024-10-26T03:26:24.692+0530][0.083s][debug][gc,nmethod  ] Register NMethod: java.util.Optional.<init> (0x0000029cc1feb008) [0x0000029cc1feb120, 0x0000029cc1feb300] Compiler: c1, Barriers: 3, Oops: 0, ImmediateOops: 0, NonImmediateOops: No
[2024-10-26T03:26:24.692+0530][0.083s][debug][gc,nmethod  ] Register NMethod: java.util.HashMap$HashIterator.<init> (0x0000029cc1feb388) [0x0000029cc1feb4e0, 0x0000029cc1feba08] Compiler: c1, Barriers: 14, Oops: 0, ImmediateOops: 0, NonImmediateOops: No
[2024-10-26T03:26:24.692+0530][0.083s][debug][gc,nmethod  ] Register NMethod: java.util.HashMap.get (0x0000029cc1feba88) [0x0000029cc1febbc0, 0x0000029cc1febda0] Compiler: c1, Barriers: 1, Oops: 0, ImmediateOops: 0, NonImmediateOops: No
[2024-10-26T03:26:24.693+0530][0.084s][debug][gc,nmethod  ] Register NMethod: java.util.HashMap$KeyIterator.next (0x0000029cc1febe08) [0x0000029cc1febf40, 0x0000029cc1fec0b0] Compiler: c1, Barriers: 1, Oops: 0, ImmediateOops: 0, NonImmediateOops: No
[2024-10-26T03:26:24.693+0530][0.084s][debug][gc,nmethod  ] Register NMethod: java.lang.module.ResolvedModule.hashCode (0x0000029cc1fec108) [0x0000029cc1fec240, 0x0000029cc1fec4d0] Compiler: c1, Barriers: 2, Oops: 0, ImmediateOops: 0, NonImmediateOops: No
[2024-10-26T03:26:24.693+0530][0.084s][debug][gc,nmethod  ] Register NMethod: java.lang.module.ModuleDescriptor$Requires.modifiers (0x0000029cc9b68d88) [0x0000029cc9b68ea0, 0x0000029cc9b68f98] Compiler: c1, Barriers: 1, Oops: 0, ImmediateOops: 0, NonImmediateOops: No
[2024-10-26T03:26:24.693+0530][0.084s][debug][gc,nmethod  ] Register NMethod: java.util.HashSet.add (0x0000029cc1fec508) [0x0000029cc1fec640, 0x0000029cc1fec898] Compiler: c1, Barriers: 1, Oops: 0, ImmediateOops: 1, NonImmediateOops: No
[2024-10-26T03:26:24.693+0530][0.084s][debug][gc,nmethod  ] Register NMethod: jdk.internal.module.ModuleReferenceImpl.hashCode (0x0000029cc1fec908) [0x0000029cc1feca80, 0x0000029cc1fecf70] Compiler: c1, Barriers: 3, Oops: 0, ImmediateOops: 0, NonImmediateOops: No
[2024-10-26T03:26:24.693+0530][0.084s][debug][gc,nmethod  ] Register NMethod: java.util.HashMap$KeyIterator.<init> (0x0000029cc1fed008) [0x0000029cc1fed120, 0x0000029cc1fed258] Compiler: c1, Barriers: 0, Oops: 0, ImmediateOops: 0, NonImmediateOops: No
[2024-10-26T03:26:24.693+0530][0.084s][debug][gc,nmethod  ] Register NMethod: java.util.HashMap.keySet (0x0000029cc1fed308) [0x0000029cc1fed460, 0x0000029cc1fed890] Compiler: c1, Barriers: 7, Oops: 0, ImmediateOops: 0, NonImmediateOops: No
[2024-10-26T03:26:24.693+0530][0.084s][debug][gc,nmethod  ] Register NMethod: java.util.HashMap$KeySet.iterator (0x0000029cc1fed908) [0x0000029cc1feda40, 0x0000029cc1fedc88] Compiler: c1, Barriers: 1, Oops: 0, ImmediateOops: 0, NonImmediateOops: No
[2024-10-26T03:26:24.693+0530][0.084s][debug][gc,nmethod  ] Register NMethod: java.util.HashMap.afterNodeInsertion (0x0000029cc9b69088) [0x0000029cc9b69180, 0x0000029cc9b691f8] Compiler: c2, Barriers: 0, Oops: 0, ImmediateOops: 0, NonImmediateOops: No
[2024-10-26T03:26:24.693+0530][0.084s][debug][gc,nmethod  ] Register NMethod: java.lang.module.ModuleDescriptor.isAutomatic (0x0000029cc9b69388) [0x0000029cc9b694a0, 0x0000029cc9b69570] Compiler: c1, Barriers: 0, Oops: 0, ImmediateOops: 0, NonImmediateOops: No
[2024-10-26T03:26:24.693+0530][0.084s][debug][gc,nmethod  ] Register NMethod: java.util.HashSet.iterator (0x0000029cc1fedd08) [0x0000029cc1fede40, 0x0000029cc1fee110] Compiler: c1, Barriers: 1, Oops: 0, ImmediateOops: 0, NonImmediateOops: No
[2024-10-26T03:26:24.693+0530][0.084s][debug][gc,nmethod  ] Register NMethod: java.util.HashMap.containsKey (0x0000029cc1fee188) [0x0000029cc1fee2a0, 0x0000029cc1fee428] Compiler: c1, Barriers: 0, Oops: 0, ImmediateOops: 0, NonImmediateOops: No
[2024-10-26T03:26:24.693+0530][0.084s][debug][gc,nmethod  ] Register NMethod: java.lang.module.ModuleDescriptor$Exports.source (0x0000029cc9b69688) [0x0000029cc9b697a0, 0x0000029cc9b69898] Compiler: c1, Barriers: 1, Oops: 0, ImmediateOops: 0, NonImmediateOops: No
[2024-10-26T03:26:24.693+0530][0.084s][debug][gc,nmethod  ] Register NMethod: java.util.ImmutableCollections$Set12.isEmpty (0x0000029cc9b69988) [0x0000029cc9b69aa0, 0x0000029cc9b69b68] Compiler: c1, Barriers: 0, Oops: 0, ImmediateOops: 0, NonImmediateOops: No
[2024-10-26T03:26:24.693+0530][0.084s][debug][gc,nmethod  ] Register NMethod: java.util.HashMap$Node.getKey (0x0000029cc9b69c88) [0x0000029cc9b69da0, 0x0000029cc9b69e98] Compiler: c1, Barriers: 1, Oops: 0, ImmediateOops: 0, NonImmediateOops: No
[2024-10-26T03:26:24.693+0530][0.084s][debug][gc,nmethod  ] Register NMethod: java.util.HashMap$Node.getValue (0x0000029cc9b69f88) [0x0000029cc9b6a0a0, 0x0000029cc9b6a198] Compiler: c1, Barriers: 1, Oops: 0, ImmediateOops: 0, NonImmediateOops: No
[2024-10-26T03:26:24.693+0530][0.084s][debug][gc,nmethod  ] Register NMethod: java.lang.module.ModuleDescriptor.requires (0x0000029cc9b6a288) [0x0000029cc9b6a3a0, 0x0000029cc9b6a498] Compiler: c1, Barriers: 1, Oops: 0, ImmediateOops: 0, NonImmediateOops: No
[2024-10-26T03:26:24.693+0530][0.084s][debug][gc,nmethod  ] Register NMethod: java.util.ImmutableCollections$SetN.isEmpty (0x0000029cc1fee488) [0x0000029cc1fee5a0, 0x0000029cc1fee6f8] Compiler: c1, Barriers: 0, Oops: 0, ImmediateOops: 0, NonImmediateOops: No
[2024-10-26T03:26:24.693+0530][0.084s][debug][gc,nmethod  ] Register NMethod: java.lang.module.ModuleDescriptor$Exports.isQualified (0x0000029cc1fee788) [0x0000029cc1fee8c0, 0x0000029cc1feeb18] Compiler: c1, Barriers: 1, Oops: 0, ImmediateOops: 0, NonImmediateOops: No
[2024-10-26T03:26:24.693+0530][0.084s][debug][gc,nmethod  ] Register NMethod: java.util.ImmutableCollections$Set12.contains (0x0000029cc1feeb88) [0x0000029cc1feece0, 0x0000029cc1fef080] Compiler: c1, Barriers: 2, Oops: 0, ImmediateOops: 0, NonImmediateOops: No
[2024-10-26T03:26:24.693+0530][0.084s][debug][gc,nmethod  ] Register NMethod: java.lang.Object.equals (0x0000029cc1fef108) [0x0000029cc1fef220, 0x0000029cc1fef378] Compiler: c1, Barriers: 0, Oops: 0, ImmediateOops: 0, NonImmediateOops: No
[2024-10-26T03:26:24.693+0530][0.084s][debug][gc,nmethod  ] Register NMethod: java.util.HashMap.putIfAbsent (0x0000029cc1fef408) [0x0000029cc1fef540, 0x0000029cc1fef840] Compiler: c1, Barriers: 0, Oops: 0, ImmediateOops: 0, NonImmediateOops: No
[2024-10-26T03:26:24.694+0530][0.084s][debug][gc,nmethod  ] Register NMethod: jdk.internal.module.ModuleReferenceImpl.moduleResolution (0x0000029cc9b6a588) [0x0000029cc9b6a6a0, 0x0000029cc9b6a798] Compiler: c1, Barriers: 1, Oops: 0, ImmediateOops: 0, NonImmediateOops: No
[2024-10-26T03:26:24.694+0530][0.084s][debug][gc,nmethod  ] Register NMethod: java.lang.module.ModuleDescriptor$Exports.targets (0x0000029cc9b6a888) [0x0000029cc9b6a9a0, 0x0000029cc9b6aa98] Compiler: c1, Barriers: 1, Oops: 0, ImmediateOops: 0, NonImmediateOops: No
[2024-10-26T03:26:24.694+0530][0.084s][debug][gc,nmethod  ] Register NMethod: java.util.ImmutableCollections$SetN.contains (0x0000029cc1fef888) [0x0000029cc1fef9e0, 0x0000029cc1fefcf8] Compiler: c1, Barriers: 0, Oops: 0, ImmediateOops: 0, NonImmediateOops: No
[2024-10-26T03:26:24.694+0530][0.085s][debug][gc,nmethod  ] Register NMethod: java.util.AbstractMap.<init> (0x0000029cc1fefd88) [0x0000029cc1fefea0, 0x0000029cc1ff0008] Compiler: c1, Barriers: 0, Oops: 0, ImmediateOops: 0, NonImmediateOops: No
[2024-10-26T03:26:24.694+0530][0.085s][debug][gc,nmethod  ] Register NMethod: java.util.HashMap.resize (0x0000029cc1ff0088) [0x0000029cc1ff02e0, 0x0000029cc1ff17c8] Compiler: c1, Barriers: 31, Oops: 0, ImmediateOops: 0, NonImmediateOops: No
[2024-10-26T03:26:24.694+0530][0.085s][debug][gc,nmethod  ] Register NMethod: java.lang.module.ModuleDescriptor.provides (0x0000029cc9b6ab88) [0x0000029cc9b6aca0, 0x0000029cc9b6ad98] Compiler: c1, Barriers: 1, Oops: 0, ImmediateOops: 0, NonImmediateOops: No
[2024-10-26T03:26:24.694+0530][0.085s][debug][gc,nmethod  ] Register NMethod: java.lang.module.ModuleDescriptor.exports (0x0000029cc9b6ae88) [0x0000029cc9b6afa0, 0x0000029cc9b6b098] Compiler: c1, Barriers: 1, Oops: 0, ImmediateOops: 0, NonImmediateOops: No
[2024-10-26T03:26:24.694+0530][0.085s][debug][gc,nmethod  ] Register NMethod: java.lang.String.<init> (0x0000029cc1ff1808) [0x0000029cc1ff1920, 0x0000029cc1ff1b00] Compiler: c1, Barriers: 3, Oops: 0, ImmediateOops: 0, NonImmediateOops: No
[2024-10-26T03:26:24.694+0530][0.085s][debug][gc,nmethod  ] Register NMethod: java.util.ImmutableCollections$Set12$1.next (0x0000029cc1ff1b88) [0x0000029cc1ff1ce0, 0x0000029cc1ff2020] Compiler: c1, Barriers: 4, Oops: 0, ImmediateOops: 0, NonImmediateOops: No
[2024-10-26T03:26:24.694+0530][0.085s][debug][gc,nmethod  ] Register NMethod: java.lang.module.ResolvedModule.descriptor (0x0000029cc1ff2088) [0x0000029cc1ff21a0, 0x0000029cc1ff2328] Compiler: c1, Barriers: 2, Oops: 0, ImmediateOops: 0, NonImmediateOops: No
[2024-10-26T03:26:24.694+0530][0.085s][debug][gc,nmethod  ] Register NMethod: java.lang.String.hashCode (0x0000029cc9b6b188) [0x0000029cc9b6b2c0, 0x0000029cc9b6b608] Compiler: c2, Barriers: 1, Oops: 0, ImmediateOops: 0, NonImmediateOops: No
[2024-10-26T03:26:24.694+0530][0.085s][debug][gc,nmethod  ] Register NMethod: java.util.HashMap.<init> (0x0000029cc1ff2388) [0x0000029cc1ff24a0, 0x0000029cc1ff2670] Compiler: c1, Barriers: 0, Oops: 0, ImmediateOops: 0, NonImmediateOops: No
[2024-10-26T03:26:24.695+0530][0.085s][debug][gc,nmethod  ] Register NMethod: java.lang.StringLatin1.lastIndexOf (0x0000029cc1ff2708) [0x0000029cc1ff2860, 0x0000029cc1ff2c98] Compiler: c1, Barriers: 0, Oops: 0, ImmediateOops: 0, NonImmediateOops: No
[2024-10-26T03:26:24.695+0530][0.085s][debug][gc,nmethod  ] Register NMethod: java.lang.module.ModuleDescriptor.uses (0x0000029cc9b6b688) [0x0000029cc9b6b7a0, 0x0000029cc9b6b898] Compiler: c1, Barriers: 1, Oops: 0, ImmediateOops: 0, NonImmediateOops: No
[2024-10-26T03:26:24.695+0530][0.086s][debug][gc,nmethod  ] Register NMethod: java.util.Arrays.copyOfRange (0x0000029cc1ff2d08) [0x0000029cc1ff2f00, 0x0000029cc1ff3990] Compiler: c1, Barriers: 0, Oops: 1, ImmediateOops: 2, NonImmediateOops: No
[2024-10-26T03:26:24.695+0530][0.086s][debug][gc,nmethod  ] Register NMethod: java.util.ImmutableCollections$SetN$SetNIterator.next (0x0000029cc9b6b988) [0x0000029cc9b6baa0, 0x0000029cc9b6bce0] Compiler: c2, Barriers: 3, Oops: 0, ImmediateOops: 0, NonImmediateOops: No
[2024-10-26T03:26:24.695+0530][0.086s][debug][gc,nmethod  ] Register NMethod: java.util.KeyValueHolder.getKey (0x0000029cc9b6bd08) [0x0000029cc9b6be20, 0x0000029cc9b6bf18] Compiler: c1, Barriers: 1, Oops: 0, ImmediateOops: 0, NonImmediateOops: No
[2024-10-26T03:26:24.695+0530][0.086s][debug][gc,nmethod  ] Register NMethod: java.util.KeyValueHolder.getValue (0x0000029cc9b6c008) [0x0000029cc9b6c120, 0x0000029cc9b6c218] Compiler: c1, Barriers: 1, Oops: 0, ImmediateOops: 0, NonImmediateOops: No
[2024-10-26T03:26:24.695+0530][0.086s][debug][gc,nmethod  ] Register NMethod: java.util.concurrent.ConcurrentHashMap.casTabAt (0x0000029cc1ff3a08) [0x0000029cc1ff3b20, 0x0000029cc1ff3ca0] Compiler: c1, Barriers: 5, Oops: 0, ImmediateOops: 0, NonImmediateOops: No
[2024-10-26T03:26:24.696+0530][0.086s][debug][gc,nmethod  ] Register NMethod: java.util.Optional.ofNullable (0x0000029cc1ff3d08) [0x0000029cc1ff3e40, 0x0000029cc1ff4110] Compiler: c1, Barriers: 3, Oops: 0, ImmediateOops: 1, NonImmediateOops: No
[2024-10-26T03:26:24.696+0530][0.087s][debug][gc,nmethod  ] Register NMethod: java.util.ImmutableCollections$SetN$SetNIterator.hasNext (0x0000029cc9b6c308) [0x0000029cc9b6c400, 0x0000029cc9b6c488] Compiler: c2, Barriers: 0, Oops: 0, ImmediateOops: 0, NonImmediateOops: No
[2024-10-26T03:26:24.696+0530][0.087s][debug][gc,nmethod  ] Register NMethod: java.util.ImmutableCollections$Set12.iterator (0x0000029cc1ff4188) [0x0000029cc1ff42c0, 0x0000029cc1ff45e8] Compiler: c1, Barriers: 4, Oops: 0, ImmediateOops: 1, NonImmediateOops: No
[2024-10-26T03:26:24.696+0530][0.087s][debug][gc,nmethod  ] Register NMethod: java.util.ImmutableCollections$Set12$1.<init> (0x0000029cc1ff4608) [0x0000029cc1ff4740, 0x0000029cc1ff49b0] Compiler: c1, Barriers: 4, Oops: 0, ImmediateOops: 1, NonImmediateOops: No
[2024-10-26T03:26:24.696+0530][0.087s][debug][gc,nmethod  ] Register NMethod: java.lang.module.ModuleDescriptor.packages (0x0000029cc9b6c608) [0x0000029cc9b6c720, 0x0000029cc9b6c818] Compiler: c1, Barriers: 1, Oops: 0, ImmediateOops: 0, NonImmediateOops: No
[2024-10-26T03:26:24.696+0530][0.087s][debug][gc,nmethod  ] Register NMethod: java.util.Optional.orElse (0x0000029cc1ff4a08) [0x0000029cc1ff4b20, 0x0000029cc1ff4cc8] Compiler: c1, Barriers: 1, Oops: 0, ImmediateOops: 0, NonImmediateOops: No
[2024-10-26T03:26:24.696+0530][0.087s][debug][gc,nmethod  ] Register NMethod: java.lang.module.ModuleDescriptor$Exports.isQualified (0x0000029cc9b6c908) [0x0000029cc9b6ca20, 0x0000029cc9b6cb30] Compiler: c2, Barriers: 1, Oops: 0, ImmediateOops: 0, NonImmediateOops: No
[2024-10-26T03:26:24.696+0530][0.087s][debug][gc,nmethod  ] Register NMethod: java.lang.AbstractStringBuilder.ensureCapacityInternal (0x0000029cc1ff4d08) [0x0000029cc1ff4e40, 0x0000029cc1ff50c0] Compiler: c1, Barriers: 4, Oops: 0, ImmediateOops: 0, NonImmediateOops: No
[2024-10-26T03:26:24.696+0530][0.087s][debug][gc,nmethod  ] Register NMethod: java.lang.AbstractStringBuilder.isLatin1 (0x0000029cc1ff5108) [0x0000029cc1ff5220, 0x0000029cc1ff5390] Compiler: c1, Barriers: 0, Oops: 0, ImmediateOops: 0, NonImmediateOops: No
[2024-10-26T03:26:24.696+0530][0.087s][debug][gc,nmethod  ] Register NMethod: java.lang.StringLatin1.canEncode (0x0000029cc1ff5408) [0x0000029cc1ff5520, 0x0000029cc1ff5660] Compiler: c1, Barriers: 0, Oops: 0, ImmediateOops: 0, NonImmediateOops: No
[2024-10-26T03:26:24.697+0530][0.087s][debug][gc,nmethod  ] Register NMethod: java.lang.AbstractStringBuilder.getValue (0x0000029cc9b6cc08) [0x0000029cc9b6cd20, 0x0000029cc9b6ce18] Compiler: c1, Barriers: 1, Oops: 0, ImmediateOops: 0, NonImmediateOops: No
[2024-10-26T03:26:24.697+0530][0.088s][debug][gc,nmethod  ] Register NMethod: java.lang.module.ModuleDescriptor$Version.toString (0x0000029cc9b6cf08) [0x0000029cc9b6d020, 0x0000029cc9b6d118] Compiler: c1, Barriers: 1, Oops: 0, ImmediateOops: 0, NonImmediateOops: No
[2024-10-26T03:26:24.697+0530][0.088s][debug][gc,nmethod  ] Register NMethod: java.lang.String.equals (0x0000029cc9b6d208) [0x0000029cc9b6d320, 0x0000029cc9b6d590] Compiler: c2, Barriers: 2, Oops: 0, ImmediateOops: 0, NonImmediateOops: No
[2024-10-26T03:26:24.697+0530][0.088s][debug][gc,nmethod  ] Register NMethod: java.lang.StringBuilder.length (0x0000029cc1ff5708) [0x0000029cc1ff5820, 0x0000029cc1ff5940] Compiler: c1, Barriers: 0, Oops: 0, ImmediateOops: 0, NonImmediateOops: No
[2024-10-26T03:26:24.697+0530][0.088s][debug][gc,nmethod  ] Register NMethod: java.lang.module.ResolvedModule.reference (0x0000029cc9b6d608) [0x0000029cc9b6d720, 0x0000029cc9b6d818] Compiler: c1, Barriers: 1, Oops: 0, ImmediateOops: 0, NonImmediateOops: No
[2024-10-26T03:26:24.697+0530][0.088s][debug][gc,nmethod  ] Register NMethod: java.util.HashSet.<init> (0x0000029cc1ff5a08) [0x0000029cc1ff5b60, 0x0000029cc1ff5f80] Compiler: c1, Barriers: 3, Oops: 0, ImmediateOops: 0, NonImmediateOops: No
[2024-10-26T03:26:24.697+0530][0.088s][debug][gc,nmethod  ] Register NMethod: java.lang.module.ResolvedModule.name (0x0000029cc1ff6008) [0x0000029cc1ff6140, 0x0000029cc1ff6330] Compiler: c1, Barriers: 3, Oops: 0, ImmediateOops: 0, NonImmediateOops: No
[2024-10-26T03:26:24.697+0530][0.088s][debug][gc,nmethod  ] Register NMethod: java.lang.Module.addExportsToAll0 (0x0000029cc9b6d908) [0x0000029cc9b6da20, 0x0000029cc9b6dc48] Compiler: , Barriers: 0, Oops: 0, ImmediateOops: 1, NonImmediateOops: No
[2024-10-26T03:26:24.697+0530][0.088s][debug][gc,nmethod  ] Register NMethod: java.util.HashMap.newNode (0x0000029cc9b6dc88) [0x0000029cc9b6dda0, 0x0000029cc9b6dec8] Compiler: c2, Barriers: 6, Oops: 0, ImmediateOops: 0, NonImmediateOops: No
[2024-10-26T03:26:24.697+0530][0.088s][debug][gc,nmethod  ] Register NMethod: java.lang.Module.addExports0 (0x0000029cc9b6df88) [0x0000029cc9b6e0a0, 0x0000029cc9b6e2e0] Compiler: , Barriers: 0, Oops: 0, ImmediateOops: 1, NonImmediateOops: No
[2024-10-26T03:26:24.698+0530][0.089s][debug][gc,nmethod  ] Register NMethod: java.lang.Module.addReads0 (0x0000029cc9b6e308) [0x0000029cc9b6e420, 0x0000029cc9b6e648] Compiler: , Barriers: 0, Oops: 0, ImmediateOops: 1, NonImmediateOops: No
[2024-10-26T03:26:24.698+0530][0.089s][debug][gc,nmethod  ] Register NMethod: java.lang.module.ResolvedModule.configuration (0x0000029cc9b6e688) [0x0000029cc9b6e7a0, 0x0000029cc9b6e898] Compiler: c1, Barriers: 1, Oops: 0, ImmediateOops: 0, NonImmediateOops: No
[2024-10-26T03:26:24.698+0530][0.089s][debug][gc,nmethod  ] Register NMethod: java.util.HashMap.isEmpty (0x0000029cc1ff6388) [0x0000029cc1ff64a0, 0x0000029cc1ff65f8] Compiler: c1, Barriers: 0, Oops: 0, ImmediateOops: 0, NonImmediateOops: No
[2024-10-26T03:26:24.698+0530][0.089s][debug][gc,nmethod  ] Register NMethod: java.lang.module.ModuleDescriptor$Provides.service (0x0000029cc9b6e988) [0x0000029cc9b6eaa0, 0x0000029cc9b6eb98] Compiler: c1, Barriers: 1, Oops: 0, ImmediateOops: 0, NonImmediateOops: No
[2024-10-26T03:26:24.698+0530][0.089s][debug][gc,nmethod  ] Register NMethod: jdk.internal.vm.Continuation.enterSpecial (0x0000029cc9b6ec88) [0x0000029cc9b6eda0, 0x0000029cc9b6efb0] Compiler: , Barriers: 0, Oops: 0, ImmediateOops: 0, NonImmediateOops: No
[2024-10-26T03:26:24.698+0530][0.089s][debug][gc,nmethod  ] Register NMethod: jdk.internal.vm.Continuation.doYield (0x0000029cc9b6f008) [0x0000029cc9b6f100, 0x0000029cc9b6f1e0] Compiler: , Barriers: 0, Oops: 0, ImmediateOops: 0, NonImmediateOops: No
[2024-10-26T03:26:24.699+0530][0.090s][debug][gc,nmethod  ] Register NMethod: java.lang.Enum.<init> (0x0000029cc1ff6688) [0x0000029cc1ff67a0, 0x0000029cc1ff6980] Compiler: c1, Barriers: 3, Oops: 0, ImmediateOops: 0, NonImmediateOops: No
[2024-10-26T03:26:24.699+0530][0.090s][debug][gc,nmethod  ] Register NMethod: java.util.HashMap.putVal (0x0000029cc9b6f308) [0x0000029cc9b6f4e0, 0x0000029cc9b6fed8] Compiler: c2, Barriers: 26, Oops: 0, ImmediateOops: 0, NonImmediateOops: No
[2024-10-26T03:26:24.699+0530][0.090s][debug][gc,nmethod  ] Register NMethod: java.lang.AbstractStringBuilder.inflateIfNeededFor (0x0000029cc1ff6a08) [0x0000029cc1ff6b40, 0x0000029cc1ff6d48] Compiler: c1, Barriers: 0, Oops: 0, ImmediateOops: 0, NonImmediateOops: No
[2024-10-26T03:26:24.699+0530][0.090s][debug][gc,nmethod  ] Register NMethod: java.lang.AbstractStringBuilder.putStringAt (0x0000029cc1ff6d88) [0x0000029cc1ff6ee0, 0x0000029cc1ff71e8] Compiler: c1, Barriers: 1, Oops: 0, ImmediateOops: 0, NonImmediateOops: No
[2024-10-26T03:26:24.700+0530][0.090s][debug][gc,nmethod  ] Register NMethod: java.lang.Math.max (0x0000029cc1ff7208) [0x0000029cc1ff7320, 0x0000029cc1ff7450] Compiler: c1, Barriers: 0, Oops: 0, ImmediateOops: 0, NonImmediateOops: No
[2024-10-26T03:26:24.700+0530][0.090s][debug][gc,nmethod  ] Register NMethod: java.lang.StringLatin1.indexOfChar (0x0000029cc1ff7508) [0x0000029cc1ff7640, 0x0000029cc1ff7858] Compiler: c1, Barriers: 0, Oops: 0, ImmediateOops: 0, NonImmediateOops: No
[2024-10-26T03:26:24.700+0530][0.091s][debug][gc,nmethod  ] Register NMethod: java.lang.StringBuilder.append (0x0000029cc1ff7888) [0x0000029cc1ff79a0, 0x0000029cc1ff7af0] Compiler: c1, Barriers: 0, Oops: 0, ImmediateOops: 0, NonImmediateOops: No
[2024-10-26T03:26:24.700+0530][0.091s][debug][gc,nmethod  ] Register NMethod: java.lang.AbstractStringBuilder.append (0x0000029cc1ff7b88) [0x0000029cc1ff7d20, 0x0000029cc1ff82a8] Compiler: c1, Barriers: 2, Oops: 0, ImmediateOops: 0, NonImmediateOops: No
[2024-10-26T03:26:24.700+0530][0.091s][debug][gc,nmethod  ] Register NMethod: java.lang.invoke.MethodType.parameterCount (0x0000029cc1ff8308) [0x0000029cc1ff8420, 0x0000029cc1ff8560] Compiler: c1, Barriers: 1, Oops: 0, ImmediateOops: 0, NonImmediateOops: No
[2024-10-26T03:26:24.700+0530][0.091s][debug][gc,nmethod  ] Register NMethod: java.lang.invoke.MethodHandle.linkToSpecial (0x0000029cc9b6ff88) [0x0000029cc9b70080, 0x0000029cc9b70190] Compiler: , Barriers: 0, Oops: 0, ImmediateOops: 0, NonImmediateOops: No
[2024-10-26T03:26:24.700+0530][0.091s][debug][gc,nmethod  ] Register NMethod: java.lang.invoke.MethodHandle.invokeBasic (0x0000029cc9b70288) [0x0000029cc9b703a0, 0x0000029cc9b70690] Compiler: , Barriers: 0, Oops: 0, ImmediateOops: 0, NonImmediateOops: No
[2024-10-26T03:26:24.700+0530][0.091s][debug][gc,nmethod  ] Register NMethod: java.lang.invoke.MethodHandle.linkToSpecial (0x0000029cc9b70708) [0x0000029cc9b70800, 0x0000029cc9b70910] Compiler: , Barriers: 0, Oops: 0, ImmediateOops: 0, NonImmediateOops: No
[2024-10-26T03:26:24.700+0530][0.091s][debug][gc,nmethod  ] Register NMethod: java.lang.invoke.MethodType.parameterType (0x0000029cc1ff8608) [0x0000029cc1ff8720, 0x0000029cc1ff88b8] Compiler: c1, Barriers: 2, Oops: 0, ImmediateOops: 0, NonImmediateOops: No
[2024-10-26T03:26:24.701+0530][0.092s][debug][gc,nmethod  ] Register NMethod: java.lang.invoke.MethodType.<init> (0x0000029cc1ff8908) [0x0000029cc1ff8a40, 0x0000029cc1ff8c98] Compiler: c1, Barriers: 6, Oops: 0, ImmediateOops: 0, NonImmediateOops: No
[2024-10-26T03:26:24.701+0530][0.092s][debug][gc,nmethod  ] Register NMethod: jdk.internal.util.ReferencedKeySet.get (0x0000029cc1ff8d08) [0x0000029cc1ff8f00, 0x0000029cc1ff9a28] Compiler: c1, Barriers: 7, Oops: 1, ImmediateOops: 1, NonImmediateOops: No
[2024-10-26T03:26:24.701+0530][0.092s][debug][gc,nmethod  ] Register NMethod: java.lang.invoke.MethodType.makeImpl (0x0000029cc1ff9a88) [0x0000029cc1ff9d80, 0x0000029cc1ffb3c0] Compiler: c1, Barriers: 23, Oops: 2, ImmediateOops: 3, NonImmediateOops: No
[2024-10-26T03:26:24.702+0530][0.093s][debug][gc,director ] Rule Major: Warmup 10%, Used: 8MB, UsedThreshold: 204MB
[2024-10-26T03:26:24.702+0530][0.093s][debug][gc,nmethod  ] Register NMethod: jdk.internal.misc.Unsafe.putReferenceVolatile (0x0000029cc9b70a08) [0x0000029cc9b70b20, 0x0000029cc9b70d50] Compiler: , Barriers: 0, Oops: 0, ImmediateOops: 0, NonImmediateOops: No
[2024-10-26T03:26:24.702+0530][0.093s][debug][gc,nmethod  ] Register NMethod: java.lang.StringLatin1.canEncode (0x0000029cc1ffb488) [0x0000029cc1ffb5a0, 0x0000029cc1ffb708] Compiler: c1, Barriers: 0, Oops: 0, ImmediateOops: 0, NonImmediateOops: No
[2024-10-26T03:26:24.703+0530][0.094s][debug][gc,nmethod  ] Register NMethod: java.lang.StringLatin1.indexOf (0x0000029cc1ffb788) [0x0000029cc1ffb8c0, 0x0000029cc1ffbc30] Compiler: c1, Barriers: 0, Oops: 0, ImmediateOops: 0, NonImmediateOops: No
[2024-10-26T03:26:24.703+0530][0.094s][debug][gc,nmethod  ] Register NMethod: java.lang.String.indexOf (0x0000029cc1ffbc88) [0x0000029cc1ffbe20, 0x0000029cc1ffc460] Compiler: c1, Barriers: 2, Oops: 0, ImmediateOops: 0, NonImmediateOops: No
[2024-10-26T03:26:24.703+0530][0.094s][debug][gc,nmethod  ] Register NMethod: jdk.internal.util.Preconditions.checkFromToIndex (0x0000029cc1ffc508) [0x0000029cc1ffc640, 0x0000029cc1ffc7f8] Compiler: c1, Barriers: 0, Oops: 0, ImmediateOops: 0, NonImmediateOops: No
[2024-10-26T03:26:24.703+0530][0.094s][debug][gc,nmethod  ] Register NMethod: java.util.Properties$LineReader.readLine (0x0000029cc1ffc808) [0x0000029cc1ffcba0, 0x0000029cc1fff4b0] Compiler: c1, Barriers: 14, Oops: 0, ImmediateOops: 0, NonImmediateOops: No
[2024-10-26T03:26:24.703+0530][0.094s][debug][gc,nmethod  ] Register NMethod: java.lang.String.isLatin1 (0x0000029cc9b70d88) [0x0000029cc9b70e80, 0x0000029cc9b70f20] Compiler: c2, Barriers: 0, Oops: 0, ImmediateOops: 0, NonImmediateOops: No
[2024-10-26T03:26:24.703+0530][0.094s][debug][gc,nmethod  ] Register NMethod: java.lang.invoke.MemberName.allFlagsSet (0x0000029cc1fff508) [0x0000029cc1fff620, 0x0000029cc1fff780] Compiler: c1, Barriers: 0, Oops: 0, ImmediateOops: 0, NonImmediateOops: No
[2024-10-26T03:26:24.704+0530][0.094s][debug][gc,nmethod  ] Register NMethod: jdk.internal.util.WeakReferenceKey.hashCode (0x0000029cc9b71088) [0x0000029cc9b711a0, 0x0000029cc9b71268] Compiler: c1, Barriers: 0, Oops: 0, ImmediateOops: 0, NonImmediateOops: No
[2024-10-26T03:26:24.704+0530][0.095s][debug][gc,nmethod  ] Register NMethod: java.lang.invoke.MethodType.methodType (0x0000029cc1fff808) [0x0000029cc1fff9a0, 0x0000029cc1fffe98] Compiler: c1, Barriers: 2, Oops: 0, ImmediateOops: 4, NonImmediateOops: No
[2024-10-26T03:26:24.704+0530][0.095s][debug][gc,nmethod  ] Register NMethod: jdk.internal.org.objectweb.asm.SymbolTable.get (0x0000029cc1ffff08) [0x0000029cc2000020, 0x0000029cc20001d8] Compiler: c1, Barriers: 2, Oops: 0, ImmediateOops: 0, NonImmediateOops: No
[2024-10-26T03:26:24.704+0530][0.095s][debug][gc,nmethod  ] Register NMethod: java.lang.StringBuilder.append (0x0000029cc2000208) [0x0000029cc2000320, 0x0000029cc2000470] Compiler: c1, Barriers: 0, Oops: 0, ImmediateOops: 0, NonImmediateOops: No
[2024-10-26T03:26:24.704+0530][0.095s][debug][gc,nmethod  ] Register NMethod: java.lang.module.ModuleDescriptor.isOpen (0x0000029cc9b71388) [0x0000029cc9b714a0, 0x0000029cc9b71570] Compiler: c1, Barriers: 0, Oops: 0, ImmediateOops: 0, NonImmediateOops: No
[2024-10-26T03:26:24.704+0530][0.095s][debug][gc,nmethod  ] Register NMethod: java.lang.AbstractStringBuilder.append (0x0000029cc2000508) [0x0000029cc20006a0, 0x0000029cc2000d88] Compiler: c1, Barriers: 2, Oops: 1, ImmediateOops: 1, NonImmediateOops: No
[2024-10-26T03:26:24.704+0530][0.095s][debug][gc,nmethod  ] Register NMethod: java.lang.String.checkBoundsBeginEnd (0x0000029cc2000e08) [0x0000029cc2000f40, 0x0000029cc2001168] Compiler: c1, Barriers: 0, Oops: 1, ImmediateOops: 1, NonImmediateOops: No
[2024-10-26T03:26:24.704+0530][0.095s][debug][gc,nmethod  ] Register NMethod: java.lang.StringLatin1.newString (0x0000029cc2001188) [0x0000029cc20012e0, 0x0000029cc2001608] Compiler: c1, Barriers: 3, Oops: 0, ImmediateOops: 1, NonImmediateOops: No
[2024-10-26T03:26:24.705+0530][0.095s][debug][gc,nmethod  ] Register NMethod: java.lang.String.substring (0x0000029cc2001688) [0x0000029cc2001820, 0x0000029cc2001e10] Compiler: c1, Barriers: 1, Oops: 1, ImmediateOops: 1, NonImmediateOops: No
[2024-10-26T03:26:24.705+0530][0.096s][debug][gc,nmethod  ] Register NMethod: jdk.internal.org.objectweb.asm.ByteVector.putUTF8 (0x0000029cc2001e88) [0x0000029cc2002080, 0x0000029cc2002be8] Compiler: c1, Barriers: 5, Oops: 1, ImmediateOops: 3, NonImmediateOops: No
[2024-10-26T03:26:24.705+0530][0.096s][debug][gc,nmethod  ] Register NMethod: jdk.jfr.internal.dcmd.ArgumentParser.currentChar (0x0000029cc2002c88) [0x0000029cc2002e00, 0x0000029cc2003410] Compiler: c1, Barriers: 3, Oops: 1, ImmediateOops: 2, NonImmediateOops: No
[2024-10-26T03:26:24.706+0530][0.097s][debug][gc,nmethod  ] Register NMethod: jdk.internal.org.objectweb.asm.SymbolTable.hash (0x0000029cc2003488) [0x0000029cc20035a0, 0x0000029cc20036d0] Compiler: c1, Barriers: 0, Oops: 0, ImmediateOops: 0, NonImmediateOops: No
[2024-10-26T03:26:24.706+0530][0.097s][debug][gc,nmethod  ] Register NMethod: java.lang.invoke.MemberName.initResolved (0x0000029cc2003788) [0x0000029cc20038a0, 0x0000029cc2003a70] Compiler: c1, Barriers: 3, Oops: 0, ImmediateOops: 0, NonImmediateOops: No
[2024-10-26T03:26:24.706+0530][0.097s][debug][gc,nmethod  ] Register NMethod: jdk.internal.org.objectweb.asm.ByteVector.putShort (0x0000029cc2003a88) [0x0000029cc2003bc0, 0x0000029cc2003e20] Compiler: c1, Barriers: 2, Oops: 0, ImmediateOops: 0, NonImmediateOops: No
[2024-10-26T03:26:24.709+0530][0.099s][debug][gc,nmethod  ] Register NMethod: java.lang.invoke.MethodHandleNatives.resolve (0x0000029cc9b71688) [0x0000029cc9b717c0, 0x0000029cc9b71c18] Compiler: , Barriers: 0, Oops: 0, ImmediateOops: 1, NonImmediateOops: No
[2024-10-26T03:26:24.709+0530][0.099s][debug][gc,nmethod  ] Register NMethod: jdk.internal.org.objectweb.asm.Symbol.<init> (0x0000029cc2003e88) [0x0000029cc2003fc0, 0x0000029cc20042a0] Compiler: c1, Barriers: 9, Oops: 0, ImmediateOops: 0, NonImmediateOops: No
[2024-10-26T03:26:24.709+0530][0.100s][debug][gc,nmethod  ] Register NMethod: jdk.internal.org.objectweb.asm.SymbolTable.put (0x0000029cc2004308) [0x0000029cc20044a0, 0x0000029cc2004e58] Compiler: c1, Barriers: 21, Oops: 0, ImmediateOops: 0, NonImmediateOops: No
[2024-10-26T03:26:24.709+0530][0.100s][debug][gc,nmethod  ] Register NMethod: sun.nio.fs.WindowsPathParser.isSlash (0x0000029cc2004e88) [0x0000029cc2004fa0, 0x0000029cc2005108] Compiler: c1, Barriers: 0, Oops: 0, ImmediateOops: 0, NonImmediateOops: No
[2024-10-26T03:26:24.709+0530][0.100s][debug][gc,nmethod  ] Register NMethod: java.lang.Class.isInterface (0x0000029cc9b71c88) [0x0000029cc9b71da0, 0x0000029cc9b71fb8] Compiler: , Barriers: 0, Oops: 0, ImmediateOops: 0, NonImmediateOops: No
[2024-10-26T03:26:24.710+0530][0.101s][debug][gc,nmethod  ] Register NMethod: java.lang.invoke.MemberName.getMethodType (0x0000029cc2005188) [0x0000029cc20053e0, 0x0000029cc2006910] Compiler: c1, Barriers: 16, Oops: 1, ImmediateOops: 1, NonImmediateOops: No
[2024-10-26T03:26:24.711+0530][0.102s][debug][gc,nmethod  ] Register NMethod: java.lang.StringUTF16.compress (0x0000029cc2006988) [0x0000029cc2006ac0, 0x0000029cc2006d08] Compiler: c1, Barriers: 0, Oops: 0, ImmediateOops: 0, NonImmediateOops: No
[2024-10-26T03:26:24.713+0530][0.104s][debug][gc,nmethod  ] Register NMethod: java.lang.StringCoding.countPositives (0x0000029cc2006d88) [0x0000029cc2006ec0, 0x0000029cc2007180] Compiler: c1, Barriers: 0, Oops: 0, ImmediateOops: 0, NonImmediateOops: No
[2024-10-26T03:26:24.715+0530][0.106s][debug][gc,nmethod  ] Register NMethod: jdk.internal.util.xml.impl.Parser.bappend (0x0000029cc2007208) [0x0000029cc2007340, 0x0000029cc2007500] Compiler: c1, Barriers: 1, Oops: 0, ImmediateOops: 0, NonImmediateOops: No
[2024-10-26T03:26:24.715+0530][0.106s][debug][gc,nmethod  ] Register NMethod: jdk.internal.util.xml.impl.Parser.ensureCapacity (0x0000029cc2007588) [0x0000029cc2007700, 0x0000029cc2007c28] Compiler: c1, Barriers: 8, Oops: 0, ImmediateOops: 1, NonImmediateOops: No
[2024-10-26T03:26:24.716+0530][0.106s][debug][gc,nmethod  ] Register NMethod: jdk.internal.util.xml.impl.Parser.bappend (0x0000029cc2007c88) [0x0000029cc2007e20, 0x0000029cc20084a8] Compiler: c1, Barriers: 4, Oops: 0, ImmediateOops: 0, NonImmediateOops: No
[2024-10-26T03:26:24.716+0530][0.106s][debug][gc,nmethod  ] Register NMethod: java.lang.CharacterDataLatin1.getPropertiesEx (0x0000029cc2008508) [0x0000029cc2008620, 0x0000029cc2008760] Compiler: c1, Barriers: 0, Oops: 0, ImmediateOops: 1, NonImmediateOops: No
[2024-10-26T03:26:24.716+0530][0.107s][debug][gc,nmethod  ] Register NMethod: java.lang.CharacterDataLatin1.isUpperCase (0x0000029cc2008808) [0x0000029cc2008920, 0x0000029cc2008b20] Compiler: c1, Barriers: 0, Oops: 0, ImmediateOops: 1, NonImmediateOops: No
[2024-10-26T03:26:24.716+0530][0.107s][debug][gc,nmethod  ] Register NMethod: java.lang.StringBuilder.toString (0x0000029cc2008b88) [0x0000029cc2008cc0, 0x0000029cc2008f48] Compiler: c1, Barriers: 0, Oops: 0, ImmediateOops: 1, NonImmediateOops: No
[2024-10-26T03:26:24.716+0530][0.107s][debug][gc,nmethod  ] Register NMethod: jdk.internal.util.Preconditions.checkFromIndexSize (0x0000029cc2008f88) [0x0000029cc20090a0, 0x0000029cc2009240] Compiler: c1, Barriers: 0, Oops: 0, ImmediateOops: 0, NonImmediateOops: No
[2024-10-26T03:26:24.716+0530][0.107s][debug][gc,nmethod  ] Register NMethod: java.lang.String.<init> (0x0000029cc2009288) [0x0000029cc2009420, 0x0000029cc2009a70] Compiler: c1, Barriers: 10, Oops: 0, ImmediateOops: 0, NonImmediateOops: No
[2024-10-26T03:26:24.716+0530][0.107s][debug][gc,nmethod  ] Register NMethod: java.util.Arrays.copyOf (0x0000029cc2009b08) [0x0000029cc2009c40, 0x0000029cc200a048] Compiler: c1, Barriers: 0, Oops: 0, ImmediateOops: 0, NonImmediateOops: No
[2024-10-26T03:26:24.716+0530][0.107s][debug][gc,nmethod  ] Register NMethod: java.lang.String.checkBoundsOffCount (0x0000029cc200a088) [0x0000029cc200a1c0, 0x0000029cc200a3c0] Compiler: c1, Barriers: 0, Oops: 1, ImmediateOops: 1, NonImmediateOops: No
[2024-10-26T03:26:24.716+0530][0.107s][debug][gc,nmethod  ] Register NMethod: java.lang.StringUTF16.compress (0x0000029cc200a408) [0x0000029cc200a560, 0x0000029cc200a8c8] Compiler: c1, Barriers: 0, Oops: 0, ImmediateOops: 0, NonImmediateOops: No
[2024-10-26T03:26:24.716+0530][0.107s][debug][gc,nmethod  ] Register NMethod: java.lang.String.<init> (0x0000029cc200a908) [0x0000029cc200aa60, 0x0000029cc200ada0] Compiler: c1, Barriers: 0, Oops: 1, ImmediateOops: 1, NonImmediateOops: No
[2024-10-26T03:26:24.716+0530][0.107s][debug][gc,nmethod  ] Register NMethod: java.lang.String.<init> (0x0000029cc200ae08) [0x0000029cc200af80, 0x0000029cc200b560] Compiler: c1, Barriers: 6, Oops: 0, ImmediateOops: 1, NonImmediateOops: No
[2024-10-26T03:26:24.716+0530][0.107s][debug][gc,nmethod  ] Register NMethod: java.lang.String.rangeCheck (0x0000029cc200b608) [0x0000029cc200b740, 0x0000029cc200b9a8] Compiler: c1, Barriers: 0, Oops: 1, ImmediateOops: 1, NonImmediateOops: No
[2024-10-26T03:26:24.716+0530][0.107s][debug][gc,nmethod  ] Register NMethod: java.lang.AbstractStringBuilder.<init> (0x0000029cc200ba08) [0x0000029cc200bb40, 0x0000029cc200bde0] Compiler: c1, Barriers: 3, Oops: 0, ImmediateOops: 0, NonImmediateOops: No
[2024-10-26T03:26:24.716+0530][0.107s][debug][gc,nmethod  ] Register NMethod: jdk.internal.util.xml.impl.Parser.bkch (0x0000029cc200be08) [0x0000029cc200bf40, 0x0000029cc200c0e8] Compiler: c1, Barriers: 0, Oops: 0, ImmediateOops: 1, NonImmediateOops: No
[2024-10-26T03:26:24.717+0530][0.107s][debug][gc,nmethod  ] Register NMethod: jdk.internal.util.xml.impl.Parser.wsskip (0x0000029cc200c188) [0x0000029cc200c2c0, 0x0000029cc200c658] Compiler: c1, Barriers: 1, Oops: 0, ImmediateOops: 1, NonImmediateOops: No
[2024-10-26T03:26:24.717+0530][0.107s][debug][gc,nmethod  ] Register NMethod: jdk.internal.util.xml.impl.Parser.getch (0x0000029cc200c688) [0x0000029cc200c840, 0x0000029cc200cfb0] Compiler: c1, Barriers: 7, Oops: 0, ImmediateOops: 0, NonImmediateOops: No
[2024-10-26T03:26:24.717+0530][0.108s][debug][gc,nmethod  ] Register NMethod: jdk.internal.util.xml.impl.Parser.bcopy (0x0000029cc200d008) [0x0000029cc200d140, 0x0000029cc200d3f0] Compiler: c1, Barriers: 2, Oops: 0, ImmediateOops: 0, NonImmediateOops: No
[2024-10-26T03:26:24.717+0530][0.108s][debug][gc,nmethod  ] Register NMethod: jdk.internal.util.xml.impl.Parser.del (0x0000029cc200d408) [0x0000029cc200d560, 0x0000029cc200d9d8] Compiler: c1, Barriers: 20, Oops: 0, ImmediateOops: 0, NonImmediateOops: No
[2024-10-26T03:26:24.717+0530][0.108s][debug][gc,nmethod  ] Register NMethod: jdk.internal.util.xml.impl.Parser.pair (0x0000029cc200da08) [0x0000029cc200db40, 0x0000029cc200df28] Compiler: c1, Barriers: 8, Oops: 0, ImmediateOops: 0, NonImmediateOops: No
[2024-10-26T03:26:24.717+0530][0.108s][debug][gc,nmethod  ] Register NMethod: jdk.internal.util.ArraysSupport.newLength (0x0000029cc200df88) [0x0000029cc200e0c0, 0x0000029cc200e300] Compiler: c1, Barriers: 0, Oops: 0, ImmediateOops: 0, NonImmediateOops: No
[2024-10-26T03:26:24.718+0530][0.108s][debug][gc,director ] Rule Major: Warmup 10%, Used: 10MB, UsedThreshold: 204MB
[2024-10-26T03:26:24.718+0530][0.108s][debug][gc,nmethod  ] Register NMethod: jdk.internal.util.xml.impl.Parser.bname (0x0000029cc200e388) [0x0000029cc200e5a0, 0x0000029cc200f228] Compiler: c1, Barriers: 2, Oops: 0, ImmediateOops: 5, NonImmediateOops: No
[2024-10-26T03:26:24.718+0530][0.109s][debug][gc,nmethod  ] Register NMethod: java.lang.StringLatin1.toLowerCase (0x0000029cc200f288) [0x0000029cc200f480, 0x0000029cc200ff20] Compiler: c1, Barriers: 5, Oops: 1, ImmediateOops: 6, NonImmediateOops: No
[2024-10-26T03:26:24.718+0530][0.109s][debug][gc,nmethod  ] Register NMethod: jdk.internal.util.xml.impl.Parser.bqstr (0x0000029cc200ff88) [0x0000029cc2010300, 0x0000029cc2011dc0] Compiler: c1, Barriers: 13, Oops: 0, ImmediateOops: 5, NonImmediateOops: No
[2024-10-26T03:26:24.718+0530][0.109s][debug][gc,nmethod  ] Register NMethod: java.util.Locale.getDefault (0x0000029cc2011e08) [0x0000029cc2011f20, 0x0000029cc2012050] Compiler: c1, Barriers: 1, Oops: 0, ImmediateOops: 1, NonImmediateOops: No
[2024-10-26T03:26:24.718+0530][0.109s][debug][gc,nmethod  ] Register NMethod: java.lang.String.toLowerCase (0x0000029cc2012108) [0x0000029cc2012260, 0x0000029cc2012578] Compiler: c1, Barriers: 2, Oops: 0, ImmediateOops: 0, NonImmediateOops: No
[2024-10-26T03:26:24.718+0530][0.109s][debug][gc,nmethod  ] Register NMethod: java.lang.String.toLowerCase (0x0000029cc2012608) [0x0000029cc2012780, 0x0000029cc2012ba0] Compiler: c1, Barriers: 3, Oops: 0, ImmediateOops: 1, NonImmediateOops: No
[2024-10-26T03:26:24.718+0530][0.109s][debug][gc,nmethod  ] Register NMethod: jdk.internal.util.xml.impl.Parser.step (0x0000029cc2012c08) [0x0000029cc2013260, 0x0000029cc2016c38] Compiler: c1, Barriers: 44, Oops: 0, ImmediateOops: 17, NonImmediateOops: No
[2024-10-26T03:26:24.718+0530][0.109s][debug][gc,nmethod  ] Register NMethod: jdk.jfr.internal.jfc.JFCParserHandler.characters (0x0000029cc2016d08) [0x0000029cc2016e40, 0x0000029cc2017088] Compiler: c1, Barriers: 2, Oops: 0, ImmediateOops: 0, NonImmediateOops: No
[2024-10-26T03:26:24.718+0530][0.109s][debug][gc,nmethod  ] Register NMethod: jdk.internal.util.xml.impl.Pair.local (0x0000029cc2017108) [0x0000029cc2017260, 0x0000029cc2017578] Compiler: c1, Barriers: 1, Oops: 0, ImmediateOops: 0, NonImmediateOops: No
[2024-10-26T03:26:24.718+0530][0.109s][debug][gc,nmethod  ] Register NMethod: jdk.internal.util.xml.impl.Parser.qname (0x0000029cc2017588) [0x0000029cc20176c0, 0x0000029cc20179a0] Compiler: c1, Barriers: 1, Oops: 0, ImmediateOops: 0, NonImmediateOops: No
[2024-10-26T03:26:24.718+0530][0.109s][debug][gc,nmethod  ] Register NMethod: java.lang.StringBuilder.<init> (0x0000029cc2017a08) [0x0000029cc2017b20, 0x0000029cc2017c60] Compiler: c1, Barriers: 0, Oops: 0, ImmediateOops: 0, NonImmediateOops: No
[2024-10-26T03:26:24.718+0530][0.109s][debug][gc,nmethod  ] Register NMethod: jdk.internal.util.xml.impl.ParserSAX.bflash_ws (0x0000029cc2017d08) [0x0000029cc2017e40, 0x0000029cc20180e0] Compiler: c1, Barriers: 2, Oops: 0, ImmediateOops: 0, NonImmediateOops: No
[2024-10-26T03:26:24.718+0530][0.109s][debug][gc,nmethod  ] Register NMethod: java.lang.AbstractStringBuilder.newCapacity (0x0000029cc2018108) [0x0000029cc2018260, 0x0000029cc2018650] Compiler: c1, Barriers: 1, Oops: 0, ImmediateOops: 1, NonImmediateOops: No
[2024-10-26T03:26:24.718+0530][0.109s][debug][gc,nmethod  ] Register NMethod: jdk.internal.util.xml.impl.Parser.atype (0x0000029cc2018688) [0x0000029cc2018860, 0x0000029cc2019250] Compiler: c1, Barriers: 4, Oops: 0, ImmediateOops: 12, NonImmediateOops: No
[2024-10-26T03:26:24.719+0530][0.109s][debug][gc,nmethod  ] Register NMethod: jdk.internal.util.xml.impl.Attrs.getIndex (0x0000029cc2019308) [0x0000029cc2019460, 0x0000029cc2019768] Compiler: c1, Barriers: 2, Oops: 0, ImmediateOops: 0, NonImmediateOops: No
[2024-10-26T03:26:24.719+0530][0.109s][debug][gc,nmethod  ] Register NMethod: jdk.internal.util.xml.impl.Pair.qname (0x0000029cc2019788) [0x0000029cc20198c0, 0x0000029cc2019ab8] Compiler: c1, Barriers: 1, Oops: 0, ImmediateOops: 0, NonImmediateOops: No
[2024-10-26T03:26:24.719+0530][0.110s][debug][gc,nmethod  ] Register NMethod: java.lang.StringBuilder.setLength (0x0000029cc2019b08) [0x0000029cc2019c20, 0x0000029cc2019d60] Compiler: c1, Barriers: 0, Oops: 0, ImmediateOops: 0, NonImmediateOops: No
[2024-10-26T03:26:24.719+0530][0.110s][debug][gc,nmethod  ] Register NMethod: jdk.internal.util.xml.impl.Attrs.getValue (0x0000029cc2019e08) [0x0000029cc2019f40, 0x0000029cc201a188] Compiler: c1, Barriers: 2, Oops: 0, ImmediateOops: 0, NonImmediateOops: No
[2024-10-26T03:26:24.719+0530][0.110s][debug][gc,nmethod  ] Register NMethod: java.lang.AbstractStringBuilder.setLength (0x0000029cc201a208) [0x0000029cc201a3c0, 0x0000029cc201abb0] Compiler: c1, Barriers: 2, Oops: 0, ImmediateOops: 0, NonImmediateOops: No
[2024-10-26T03:26:24.719+0530][0.110s][debug][gc,nmethod  ] Register NMethod: jdk.jfr.internal.jfc.JFCParserHandler.endElement (0x0000029cc201ac08) [0x0000029cc201aec0, 0x0000029cc201bfd0] Compiler: c1, Barriers: 13, Oops: 1, ImmediateOops: 7, NonImmediateOops: No
[2024-10-26T03:26:24.719+0530][0.110s][debug][gc,nmethod  ] Register NMethod: java.util.LinkedHashMap.linkNodeAtEnd (0x0000029cc201c088) [0x0000029cc201c200, 0x0000029cc201c848] Compiler: c1, Barriers: 26, Oops: 0, ImmediateOops: 0, NonImmediateOops: No
[2024-10-26T03:26:24.719+0530][0.110s][debug][gc,nmethod  ] Register NMethod: jdk.internal.util.xml.impl.Parser.attr (0x0000029cc201c888) [0x0000029cc201ccc0, 0x0000029cc201f6b0] Compiler: c1, Barriers: 62, Oops: 0, ImmediateOops: 6, NonImmediateOops: No
[2024-10-26T03:26:24.720+0530][0.110s][debug][gc,nmethod  ] Register NMethod: jdk.jfr.internal.jfc.JFCParserHandler.startElement (0x0000029cc201f788) [0x0000029cc201fb20, 0x0000029cc20213e8] Compiler: c1, Barriers: 31, Oops: 7, ImmediateOops: 14, NonImmediateOops: No
[2024-10-26T03:26:24.720+0530][0.110s][debug][gc,nmethod  ] Register NMethod: java.lang.AbstractStringBuilder.appendChars (0x0000029cc2021508) [0x0000029cc20216a0, 0x0000029cc2021c88] Compiler: c1, Barriers: 3, Oops: 0, ImmediateOops: 0, NonImmediateOops: No
[2024-10-26T03:26:24.720+0530][0.111s][debug][gc,nmethod  ] Register NMethod: jdk.internal.util.xml.impl.Parser.bappend (0x0000029cc9b72008) [0x0000029cc9b72120, 0x0000029cc9b722c0] Compiler: c2, Barriers: 1, Oops: 0, ImmediateOops: 0, NonImmediateOops: No
[2024-10-26T03:26:24.720+0530][0.111s][debug][gc,nmethod  ] Register NMethod: jdk.internal.util.xml.impl.Parser.ensureCapacity (0x0000029cc9b72308) [0x0000029cc9b72400, 0x0000029cc9b72510] Compiler: c2, Barriers: 1, Oops: 0, ImmediateOops: 0, NonImmediateOops: No
[2024-10-26T03:26:24.720+0530][0.111s][debug][gc,nmethod  ] Register NMethod: java.lang.AbstractStringBuilder.append (0x0000029cc2021d08) [0x0000029cc2021e60, 0x0000029cc2022150] Compiler: c1, Barriers: 0, Oops: 1, ImmediateOops: 1, NonImmediateOops: No
[2024-10-26T03:26:24.720+0530][0.111s][debug][gc,nmethod  ] Register NMethod: jdk.internal.util.xml.impl.ParserSAX.bflash (0x0000029cc2022188) [0x0000029cc20222c0, 0x0000029cc2022560] Compiler: c1, Barriers: 2, Oops: 0, ImmediateOops: 0, NonImmediateOops: No
[2024-10-26T03:26:24.720+0530][0.111s][debug][gc,nmethod  ] Register NMethod: jdk.internal.util.xml.impl.Parser.del (0x0000029cc9b72608) [0x0000029cc9b72740, 0x0000029cc9b72c40] Compiler: c2, Barriers: 16, Oops: 0, ImmediateOops: 0, NonImmediateOops: No
[2024-10-26T03:26:24.721+0530][0.111s][debug][gc,nmethod  ] Register NMethod: java.util.HashMap.size (0x0000029cc9b72c88) [0x0000029cc9b72da0, 0x0000029cc9b72e68] Compiler: c1, Barriers: 0, Oops: 0, ImmediateOops: 0, NonImmediateOops: No
[2024-10-26T03:26:24.721+0530][0.112s][debug][gc,nmethod  ] Register NMethod: java.util.LinkedHashMap$LinkedHashIterator.hasNext (0x0000029cc2022588) [0x0000029cc20226a0, 0x0000029cc2022830] Compiler: c1, Barriers: 1, Oops: 0, ImmediateOops: 0, NonImmediateOops: No
[2024-10-26T03:26:24.721+0530][0.112s][debug][gc,nmethod  ] Register NMethod: java.util.LinkedHashMap$LinkedEntryIterator.next (0x0000029cc2022888) [0x0000029cc20229a0, 0x0000029cc2022ad8] Compiler: c1, Barriers: 0, Oops: 0, ImmediateOops: 0, NonImmediateOops: No
[2024-10-26T03:26:24.721+0530][0.112s][debug][gc,nmethod  ] Register NMethod: java.util.LinkedHashMap$LinkedEntryIterator.next (0x0000029cc2022b88) [0x0000029cc2022cc0, 0x0000029cc2022e58] Compiler: c1, Barriers: 0, Oops: 0, ImmediateOops: 0, NonImmediateOops: No
[2024-10-26T03:26:24.721+0530][0.112s][debug][gc,nmethod  ] Register NMethod: java.util.LinkedHashMap$LinkedHashIterator.nextNode (0x0000029cc2022e88) [0x0000029cc2023000, 0x0000029cc2023478] Compiler: c1, Barriers: 10, Oops: 0, ImmediateOops: 0, NonImmediateOops: No
[2024-10-26T03:26:24.721+0530][0.112s][debug][gc,nmethod  ] Register NMethod: java.lang.invoke.MethodTypeForm.erasedType (0x0000029cc9b72f88) [0x0000029cc9b730a0, 0x0000029cc9b73198] Compiler: c1, Barriers: 1, Oops: 0, ImmediateOops: 0, NonImmediateOops: No
[2024-10-26T03:26:24.721+0530][0.112s][debug][gc,nmethod  ] Register NMethod: jdk.internal.org.objectweb.asm.SymbolTable$Entry.<init> (0x0000029cc2023488) [0x0000029cc20235a0, 0x0000029cc2023718] Compiler: c1, Barriers: 0, Oops: 0, ImmediateOops: 0, NonImmediateOops: No
[2024-10-26T03:26:24.721+0530][0.112s][debug][gc,nmethod  ] Register NMethod: jdk.internal.org.objectweb.asm.ByteVector.putByte (0x0000029cc2023788) [0x0000029cc20238c0, 0x0000029cc2023b00] Compiler: c1, Barriers: 2, Oops: 0, ImmediateOops: 0, NonImmediateOops: No
[2024-10-26T03:26:24.722+0530][0.112s][debug][gc,nmethod  ] Register NMethod: jdk.internal.org.objectweb.asm.SymbolTable.addConstantUtf8 (0x0000029cc2023b88) [0x0000029cc2023d40, 0x0000029cc2024410] Compiler: c1, Barriers: 5, Oops: 0, ImmediateOops: 0, NonImmediateOops: No
[2024-10-26T03:26:24.722+0530][0.113s][debug][gc,nmethod  ] Register NMethod: java.lang.invoke.MethodHandles$Lookup.lookupClass (0x0000029cc9b73288) [0x0000029cc9b733a0, 0x0000029cc9b73498] Compiler: c1, Barriers: 1, Oops: 0, ImmediateOops: 0, NonImmediateOops: No
[2024-10-26T03:26:24.722+0530][0.113s][debug][gc,nmethod  ] Register NMethod: java.lang.invoke.MemberName.getReferenceKind (0x0000029cc2024488) [0x0000029cc20245a0, 0x0000029cc20246b8] Compiler: c1, Barriers: 0, Oops: 0, ImmediateOops: 0, NonImmediateOops: No
[2024-10-26T03:26:24.722+0530][0.113s][debug][gc,nmethod  ] Register NMethod: java.lang.StringUTF16.compress (0x0000029cc9b73588) [0x0000029cc9b73680, 0x0000029cc9b738f8] Compiler: c2, Barriers: 0, Oops: 0, ImmediateOops: 0, NonImmediateOops: No
[2024-10-26T03:26:24.723+0530][0.114s][debug][gc,nmethod  ] Register NMethod: java.lang.StringLatin1.replace (0x0000029cc2024788) [0x0000029cc20249c0, 0x0000029cc2025870] Compiler: c1, Barriers: 6, Oops: 0, ImmediateOops: 3, NonImmediateOops: No
[2024-10-26T03:26:24.724+0530][0.115s][debug][gc,nmethod  ] Register NMethod: java.lang.String.charAt (0x0000029cc9b73908) [0x0000029cc9b73a20, 0x0000029cc9b73b70] Compiler: c2, Barriers: 1, Oops: 1, ImmediateOops: 0, NonImmediateOops: No
[2024-10-26T03:26:24.724+0530][0.115s][debug][gc,nmethod  ] Register NMethod: java.lang.Number.<init> (0x0000029cc2025908) [0x0000029cc2025a20, 0x0000029cc2025b88] Compiler: c1, Barriers: 0, Oops: 0, ImmediateOops: 0, NonImmediateOops: No
[2024-10-26T03:26:24.724+0530][0.115s][debug][gc,nmethod  ] Register NMethod: java.lang.ref.Reference.<init> (0x0000029cc2025c08) [0x0000029cc2025d40, 0x0000029cc2025fe0] Compiler: c1, Barriers: 6, Oops: 0, ImmediateOops: 1, NonImmediateOops: No
[2024-10-26T03:26:24.725+0530][0.116s][debug][gc,nmethod  ] Register NMethod: java.lang.invoke.MethodHandle.linkToStatic (0x0000029cc9b73c08) [0x0000029cc9b73d00, 0x0000029cc9b73e10] Compiler: , Barriers: 0, Oops: 0, ImmediateOops: 0, NonImmediateOops: No
[2024-10-26T03:26:24.725+0530][0.116s][debug][gc,nmethod  ] Register NMethod: jdk.internal.misc.Unsafe.compareAndSetInt (0x0000029cc9b73f08) [0x0000029cc9b74020, 0x0000029cc9b74260] Compiler: , Barriers: 0, Oops: 0, ImmediateOops: 0, NonImmediateOops: No
[2024-10-26T03:26:24.725+0530][0.116s][debug][gc,nmethod  ] Register NMethod: java.util.concurrent.locks.AbstractOwnableSynchronizer.setExclusiveOwnerThread (0x0000029cc9b74288) [0x0000029cc9b743a0, 0x0000029cc9b744d8] Compiler: c1, Barriers: 3, Oops: 0, ImmediateOops: 0, NonImmediateOops: No
[2024-10-26T03:26:24.726+0530][0.116s][debug][gc,nmethod  ] Register NMethod: java.util.concurrent.locks.AbstractQueuedSynchronizer.getState (0x0000029cc9b74588) [0x0000029cc9b746a0, 0x0000029cc9b74768] Compiler: c1, Barriers: 0, Oops: 0, ImmediateOops: 0, NonImmediateOops: No
[2024-10-26T03:26:24.726+0530][0.117s][debug][gc,nmethod  ] Register NMethod: java.util.concurrent.locks.AbstractOwnableSynchronizer.getExclusiveOwnerThread (0x0000029cc9b74888) [0x0000029cc9b749a0, 0x0000029cc9b74a98] Compiler: c1, Barriers: 1, Oops: 0, ImmediateOops: 0, NonImmediateOops: No
[2024-10-26T03:26:24.726+0530][0.117s][debug][gc,nmethod  ] Register NMethod: java.util.concurrent.locks.AbstractQueuedSynchronizer.setState (0x0000029cc9b74b88) [0x0000029cc9b74ca0, 0x0000029cc9b74d70] Compiler: c1, Barriers: 0, Oops: 0, ImmediateOops: 0, NonImmediateOops: No
[2024-10-26T03:26:24.726+0530][0.117s][debug][gc,nmethod  ] Register NMethod: java.util.Objects.checkFromIndexSize (0x0000029cc2026008) [0x0000029cc2026140, 0x0000029cc2026340] Compiler: c1, Barriers: 0, Oops: 0, ImmediateOops: 0, NonImmediateOops: No
[2024-10-26T03:26:24.726+0530][0.117s][debug][gc,nmethod  ] Register NMethod: java.util.concurrent.locks.ReentrantLock.lock (0x0000029cc2026388) [0x0000029cc20264c0, 0x0000029cc20267a0] Compiler: c1, Barriers: 1, Oops: 0, ImmediateOops: 0, NonImmediateOops: No
[2024-10-26T03:26:24.726+0530][0.117s][debug][gc,nmethod  ] Register NMethod: jdk.internal.misc.Unsafe.getShort (0x0000029cc9b74e88) [0x0000029cc9b74fa0, 0x0000029cc9b751d0] Compiler: , Barriers: 0, Oops: 0, ImmediateOops: 0, NonImmediateOops: No
[2024-10-26T03:26:24.726+0530][0.117s][debug][gc,nmethod  ] Register NMethod: java.util.concurrent.locks.ReentrantLock$Sync.lock (0x0000029cc2026808) [0x0000029cc2026940, 0x0000029cc2026b80] Compiler: c1, Barriers: 0, Oops: 0, ImmediateOops: 0, NonImmediateOops: No
[2024-10-26T03:26:24.726+0530][0.117s][debug][gc,nmethod  ] Register NMethod: java.util.concurrent.locks.AbstractQueuedSynchronizer.compareAndSetState (0x0000029cc2026c08) [0x0000029cc2026d20, 0x0000029cc2026e48] Compiler: c1, Barriers: 0, Oops: 0, ImmediateOops: 0, NonImmediateOops: No
[2024-10-26T03:26:24.726+0530][0.117s][debug][gc,nmethod  ] Register NMethod: java.util.concurrent.locks.ReentrantLock$NonfairSync.initialTryLock (0x0000029cc2026f08) [0x0000029cc2027080, 0x0000029cc20274d0] Compiler: c1, Barriers: 5, Oops: 0, ImmediateOops: 1, NonImmediateOops: No
[2024-10-26T03:26:24.726+0530][0.117s][debug][gc,nmethod  ] Register NMethod: java.util.concurrent.locks.ReentrantLock$Sync.tryRelease (0x0000029cc2027508) [0x0000029cc2027660, 0x0000029cc2027a20] Compiler: c1, Barriers: 5, Oops: 0, ImmediateOops: 0, NonImmediateOops: No
[2024-10-26T03:26:24.726+0530][0.117s][debug][gc,nmethod  ] Register NMethod: java.util.concurrent.locks.AbstractQueuedSynchronizer.release (0x0000029cc2027a88) [0x0000029cc2027c20, 0x0000029cc2028290] Compiler: c1, Barriers: 3, Oops: 0, ImmediateOops: 1, NonImmediateOops: No
[2024-10-26T03:26:24.726+0530][0.117s][debug][gc,nmethod  ] Register NMethod: java.util.concurrent.locks.AbstractQueuedSynchronizer.signalNext (0x0000029cc2028308) [0x0000029cc2028480, 0x0000029cc2028940] Compiler: c1, Barriers: 2, Oops: 0, ImmediateOops: 1, NonImmediateOops: No
[2024-10-26T03:26:24.726+0530][0.117s][debug][gc,nmethod  ] Register NMethod: java.io.BufferedInputStream.getBufIfOpen (0x0000029cc2028988) [0x0000029cc2028aa0, 0x0000029cc2028be0] Compiler: c1, Barriers: 0, Oops: 0, ImmediateOops: 0, NonImmediateOops: No
[2024-10-26T03:26:24.726+0530][0.117s][debug][gc,nmethod  ] Register NMethod: java.util.concurrent.locks.ReentrantLock.unlock (0x0000029cc2028c88) [0x0000029cc2028de0, 0x0000029cc2029118] Compiler: c1, Barriers: 2, Oops: 0, ImmediateOops: 0, NonImmediateOops: No
[2024-10-26T03:26:24.726+0530][0.117s][debug][gc,nmethod  ] Register NMethod: java.io.DataInputStream.readFully (0x0000029cc2029188) [0x0000029cc2029300, 0x0000029cc2029828] Compiler: c1, Barriers: 1, Oops: 0, ImmediateOops: 0, NonImmediateOops: No
[2024-10-26T03:26:24.726+0530][0.117s][debug][gc,nmethod  ] Register NMethod: java.io.BufferedInputStream.ensureOpen (0x0000029cc2029888) [0x0000029cc20299c0, 0x0000029cc2029bb8] Compiler: c1, Barriers: 1, Oops: 0, ImmediateOops: 1, NonImmediateOops: No
[2024-10-26T03:26:24.727+0530][0.117s][debug][gc,nmethod  ] Register NMethod: java.io.BufferedInputStream.implRead (0x0000029cc2029c08) [0x0000029cc2029dc0, 0x0000029cc202a4a8] Compiler: c1, Barriers: 2, Oops: 0, ImmediateOops: 1, NonImmediateOops: No
[2024-10-26T03:26:24.727+0530][0.118s][debug][gc,nmethod  ] Register NMethod: java.io.BufferedInputStream.read (0x0000029cc202a508) [0x0000029cc202a740, 0x0000029cc202b670] Compiler: c1, Barriers: 11, Oops: 0, ImmediateOops: 0, NonImmediateOops: No
[2024-10-26T03:26:24.727+0530][0.118s][debug][gc,nmethod  ] Register NMethod: java.io.BufferedInputStream.read1 (0x0000029cc202b708) [0x0000029cc202b8c0, 0x0000029cc202c018] Compiler: c1, Barriers: 1, Oops: 0, ImmediateOops: 1, NonImmediateOops: No
[2024-10-26T03:26:24.727+0530][0.118s][debug][gc,nmethod  ] Register NMethod: java.io.BufferedInputStream.getBufIfOpen (0x0000029cc202c088) [0x0000029cc202c1e0, 0x0000029cc202c5c0] Compiler: c1, Barriers: 7, Oops: 0, ImmediateOops: 3, NonImmediateOops: No
[2024-10-26T03:26:24.727+0530][0.118s][debug][gc,nmethod  ] Register NMethod: jdk.internal.misc.InternalLock.lock (0x0000029cc202c608) [0x0000029cc202c760, 0x0000029cc202cb58] Compiler: c1, Barriers: 2, Oops: 0, ImmediateOops: 0, NonImmediateOops: No
[2024-10-26T03:26:24.727+0530][0.118s][debug][gc,nmethod  ] Register NMethod: jdk.internal.misc.InternalLock.unlock (0x0000029cc202cb88) [0x0000029cc202cce0, 0x0000029cc202d138] Compiler: c1, Barriers: 3, Oops: 0, ImmediateOops: 0, NonImmediateOops: No
[2024-10-26T03:26:24.727+0530][0.118s][debug][gc,nmethod  ] Register NMethod: jdk.internal.misc.Unsafe.getShortUnaligned (0x0000029cc202d188) [0x0000029cc202d2e0, 0x0000029cc202d680] Compiler: c1, Barriers: 0, Oops: 0, ImmediateOops: 0, NonImmediateOops: No
[2024-10-26T03:26:24.727+0530][0.118s][debug][gc,nmethod  ] Register NMethod: java.lang.invoke.MethodHandle.invokeBasic (0x0000029cc9b75208) [0x0000029cc9b75320, 0x0000029cc9b75610] Compiler: , Barriers: 0, Oops: 0, ImmediateOops: 0, NonImmediateOops: No
[2024-10-26T03:26:24.727+0530][0.118s][debug][gc,nmethod  ] Register NMethod: java.io.DataInputStream.readUTF (0x0000029cc202d708) [0x0000029cc202db60, 0x0000029cc2030148] Compiler: c1, Barriers: 11, Oops: 6, ImmediateOops: 13, NonImmediateOops: No
[2024-10-26T03:26:24.727+0530][0.118s][debug][gc,nmethod  ] Register NMethod: java.io.DataInputStream.readUnsignedShort (0x0000029cc2030288) [0x0000029cc2030420, 0x0000029cc2030a70] Compiler: c1, Barriers: 2, Oops: 5, ImmediateOops: 4, NonImmediateOops: No
[2024-10-26T03:26:24.727+0530][0.118s][debug][gc,nmethod  ] Register NMethod: java.lang.invoke.VarHandle.checkAccessModeThenIsDirect (0x0000029cc2030b08) [0x0000029cc2030ca0, 0x0000029cc2031638] Compiler: c1, Barriers: 10, Oops: 0, ImmediateOops: 1, NonImmediateOops: No
[2024-10-26T03:26:24.727+0530][0.118s][debug][gc,nmethod  ] Register NMethod: java.lang.invoke.VarHandleByteArrayAsShorts$ArrayHandle.index (0x0000029cc2031688) [0x0000029cc20317a0, 0x0000029cc20318e8] Compiler: c1, Barriers: 0, Oops: 1, ImmediateOops: 1, NonImmediateOops: No
[2024-10-26T03:26:24.727+0530][0.118s][debug][gc,nmethod  ] Register NMethod: java.lang.invoke.VarForm.getMemberName (0x0000029cc2031988) [0x0000029cc2031ae0, 0x0000029cc2031eb0] Compiler: c1, Barriers: 4, Oops: 0, ImmediateOops: 1, NonImmediateOops: No
[2024-10-26T03:26:24.728+0530][0.118s][debug][gc,nmethod  ] Register NMethod: java.lang.invoke.VarHandleByteArrayAsShorts$ArrayHandle.get (0x0000029cc2031f08) [0x0000029cc2032040, 0x0000029cc20323e0] Compiler: c1, Barriers: 0, Oops: 2, ImmediateOops: 2, NonImmediateOops: No
[2024-10-26T03:26:24.728+0530][0.119s][debug][gc,nmethod  ] Register NMethod: java.lang.invoke.VarHandleGuards.guard_LI_I (0x0000029cc2032488) [0x0000029cc2032780, 0x0000029cc20343d0] Compiler: c1, Barriers: 28, Oops: 0, ImmediateOops: 2, NonImmediateOops: No
[2024-10-26T03:26:24.728+0530][0.119s][debug][gc,nmethod  ] Register NMethod: java.lang.Short.toUnsignedInt (0x0000029cc2034488) [0x0000029cc20345a0, 0x0000029cc2034698] Compiler: c1, Barriers: 0, Oops: 0, ImmediateOops: 0, NonImmediateOops: No
[2024-10-26T03:26:24.728+0530][0.119s][debug][gc,nmethod  ] Register NMethod: java.util.concurrent.locks.AbstractQueuedSynchronizer.compareAndSetState (0x0000029cc9b75688) [0x0000029cc9b75780, 0x0000029cc9b75810] Compiler: c2, Barriers: 0, Oops: 0, ImmediateOops: 0, NonImmediateOops: No
[2024-10-26T03:26:24.728+0530][0.119s][debug][gc,nmethod  ] Register NMethod: jdk.internal.misc.Unsafe.getShortUnaligned (0x0000029cc2034788) [0x0000029cc20348a0, 0x0000029cc2034ad0] Compiler: c1, Barriers: 0, Oops: 0, ImmediateOops: 0, NonImmediateOops: No
[2024-10-26T03:26:24.728+0530][0.119s][debug][gc,nmethod  ] Register NMethod: java.lang.Short.reverseBytes (0x0000029cc2034b08) [0x0000029cc2034c20, 0x0000029cc2034d28] Compiler: c1, Barriers: 0, Oops: 0, ImmediateOops: 0, NonImmediateOops: No
[2024-10-26T03:26:24.728+0530][0.119s][debug][gc,nmethod  ] Register NMethod: jdk.internal.misc.Unsafe.convEndian (0x0000029cc2034e08) [0x0000029cc2034f20, 0x0000029cc20350d0] Compiler: c1, Barriers: 0, Oops: 0, ImmediateOops: 0, NonImmediateOops: No
[2024-10-26T03:26:24.728+0530][0.119s][debug][gc,nmethod  ] Register NMethod: java.io.DataInputStream.readUTF (0x0000029cc2035108) [0x0000029cc2035220, 0x0000029cc2035358] Compiler: c1, Barriers: 0, Oops: 0, ImmediateOops: 0, NonImmediateOops: No
[2024-10-26T03:26:24.728+0530][0.119s][debug][gc,nmethod  ] Register NMethod: jdk.internal.util.ByteArray.getUnsignedShort (0x0000029cc2035408) [0x0000029cc2035580, 0x0000029cc2035a98] Compiler: c1, Barriers: 0, Oops: 5, ImmediateOops: 4, NonImmediateOops: No
[2024-10-26T03:26:24.728+0530][0.119s][debug][gc,nmethod  ] Register NMethod: java.io.DataInputStream.readFully (0x0000029cc2035b88) [0x0000029cc2035ca0, 0x0000029cc2035de8] Compiler: c1, Barriers: 0, Oops: 0, ImmediateOops: 0, NonImmediateOops: No
[2024-10-26T03:26:24.728+0530][0.119s][debug][gc,nmethod  ] Register NMethod: jdk.internal.util.ByteArray.getShort (0x0000029cc2035e88) [0x0000029cc2035fe0, 0x0000029cc20364a0] Compiler: c1, Barriers: 0, Oops: 5, ImmediateOops: 4, NonImmediateOops: No
[2024-10-26T03:26:24.728+0530][0.119s][debug][gc,nmethod  ] Register NMethod: java.io.DataInputStream.readShort (0x0000029cc2036588) [0x0000029cc2036720, 0x0000029cc2036d20] Compiler: c1, Barriers: 2, Oops: 5, ImmediateOops: 4, NonImmediateOops: No
[2024-10-26T03:26:24.729+0530][0.120s][debug][gc,nmethod  ] Register NMethod: java.lang.String.coder (0x0000029cc9b75988) [0x0000029cc9b75a80, 0x0000029cc9b75b00] Compiler: c2, Barriers: 0, Oops: 0, ImmediateOops: 0, NonImmediateOops: No
[2024-10-26T03:26:24.729+0530][0.120s][debug][gc,nmethod  ] Register NMethod: java.lang.invoke.MethodHandle.linkToStatic (0x0000029cc9b75c88) [0x0000029cc9b75d80, 0x0000029cc9b75e90] Compiler: , Barriers: 0, Oops: 0, ImmediateOops: 0, NonImmediateOops: No
[2024-10-26T03:26:24.730+0530][0.121s][debug][gc,nmethod  ] Register NMethod: jdk.internal.misc.Unsafe.putReferenceRelease (0x0000029cc2036e08) [0x0000029cc2036f20, 0x0000029cc20370a8] Compiler: c1, Barriers: 3, Oops: 0, ImmediateOops: 0, NonImmediateOops: No
[2024-10-26T03:26:24.730+0530][0.121s][debug][gc,nmethod  ] Register NMethod: java.util.concurrent.ConcurrentHashMap.setTabAt (0x0000029cc2037108) [0x0000029cc2037220, 0x0000029cc2037438] Compiler: c1, Barriers: 0, Oops: 0, ImmediateOops: 1, NonImmediateOops: No
[2024-10-26T03:26:24.730+0530][0.121s][debug][gc,nmethod  ] Register NMethod: java.util.concurrent.locks.ReentrantLock$NonfairSync.initialTryLock (0x0000029cc9b75f88) [0x0000029cc9b760a0, 0x0000029cc9b76258] Compiler: c2, Barriers: 4, Oops: 0, ImmediateOops: 0, NonImmediateOops: No
[2024-10-26T03:26:24.731+0530][0.121s][debug][gc,nmethod  ] Register NMethod: java.util.concurrent.ConcurrentHashMap.put (0x0000029cc2037488) [0x0000029cc20375a0, 0x0000029cc20376e0] Compiler: c1, Barriers: 0, Oops: 0, ImmediateOops: 0, NonImmediateOops: No
[2024-10-26T03:26:24.731+0530][0.122s][debug][gc,nmethod  ] Register NMethod: java.util.concurrent.ConcurrentHashMap.casTabAt (0x0000029cc9b76288) [0x0000029cc9b76380, 0x0000029cc9b76490] Compiler: c2, Barriers: 5, Oops: 0, ImmediateOops: 0, NonImmediateOops: No
[2024-10-26T03:26:24.731+0530][0.122s][debug][gc,nmethod  ] Register NMethod: jdk.internal.misc.Unsafe.putReferenceRelease (0x0000029cc9b76588) [0x0000029cc9b76680, 0x0000029cc9b767a0] Compiler: c2, Barriers: 3, Oops: 0, ImmediateOops: 0, NonImmediateOops: No
[2024-10-26T03:26:24.731+0530][0.122s][debug][gc,nmethod  ] Register NMethod: java.util.Arrays$ArrayItr.hasNext (0x0000029cc2037788) [0x0000029cc20378a0, 0x0000029cc2037a38] Compiler: c1, Barriers: 1, Oops: 0, ImmediateOops: 0, NonImmediateOops: No
[2024-10-26T03:26:24.731+0530][0.122s][debug][gc,nmethod  ] Register NMethod: java.util.Arrays$ArrayItr.next (0x0000029cc2037a88) [0x0000029cc2037bc0, 0x0000029cc2037e18] Compiler: c1, Barriers: 2, Oops: 0, ImmediateOops: 0, NonImmediateOops: No
[2024-10-26T03:26:24.732+0530][0.123s][debug][gc,nmethod  ] Register NMethod: java.util.concurrent.ConcurrentHashMap$BaseIterator.hasNext (0x0000029cc2037e88) [0x0000029cc2037fa0, 0x0000029cc2038130] Compiler: c1, Barriers: 1, Oops: 0, ImmediateOops: 0, NonImmediateOops: No
[2024-10-26T03:26:24.732+0530][0.123s][debug][gc,nmethod  ] Register NMethod: java.util.concurrent.ConcurrentHashMap$KeyIterator.next (0x0000029cc2038188) [0x0000029cc20382e0, 0x0000029cc20385c0] Compiler: c1, Barriers: 5, Oops: 0, ImmediateOops: 0, NonImmediateOops: No
[2024-10-26T03:26:24.732+0530][0.123s][debug][gc,nmethod  ] Register NMethod: java.util.concurrent.ConcurrentHashMap$Traverser.advance (0x0000029cc2038608) [0x0000029cc20387e0, 0x0000029cc2039448] Compiler: c1, Barriers: 15, Oops: 0, ImmediateOops: 0, NonImmediateOops: No
[2024-10-26T03:26:24.732+0530][0.123s][debug][gc,nmethod  ] Register NMethod: java.io.BufferedInputStream.getBufIfOpen (0x0000029cc9b76888) [0x0000029cc9b769a0, 0x0000029cc9b76c88] Compiler: c2, Barriers: 7, Oops: 0, ImmediateOops: 2, NonImmediateOops: No
[2024-10-26T03:26:24.732+0530][0.123s][debug][gc,nmethod  ] Register NMethod: java.util.HashMap$ValueIterator.next (0x0000029cc2039488) [0x0000029cc20395c0, 0x0000029cc2039730] Compiler: c1, Barriers: 1, Oops: 0, ImmediateOops: 0, NonImmediateOops: No
[2024-10-26T03:26:24.732+0530][0.123s][debug][gc,nmethod  ] Register NMethod: java.util.concurrent.ConcurrentHashMap.tabAt (0x0000029cc9b76d08) [0x0000029cc9b76e00, 0x0000029cc9b76eb8] Compiler: c2, Barriers: 1, Oops: 0, ImmediateOops: 0, NonImmediateOops: No
[2024-10-26T03:26:24.732+0530][0.123s][debug][gc,nmethod  ] Register NMethod: java.lang.Module.getDescriptor (0x0000029cc9b77008) [0x0000029cc9b77120, 0x0000029cc9b77218] Compiler: c1, Barriers: 1, Oops: 0, ImmediateOops: 0, NonImmediateOops: No
[2024-10-26T03:26:24.733+0530][0.124s][debug][gc,nmethod  ] Register NMethod: java.lang.System.getSecurityManager (0x0000029cc2039788) [0x0000029cc20398a0, 0x0000029cc2039a10] Compiler: c1, Barriers: 0, Oops: 0, ImmediateOops: 0, NonImmediateOops: No
[2024-10-26T03:26:24.733+0530][0.124s][debug][gc,nmethod  ] Register NMethod: java.lang.System.allowSecurityManager (0x0000029cc2039a88) [0x0000029cc2039ba0, 0x0000029cc2039ca0] Compiler: c1, Barriers: 0, Oops: 0, ImmediateOops: 0, NonImmediateOops: No
[2024-10-26T03:26:24.733+0530][0.124s][debug][gc,nmethod  ] Register NMethod: sun.nio.fs.WindowsPathParser.isInvalidPathChar (0x0000029cc2039d88) [0x0000029cc2039ec0, 0x0000029cc203a068] Compiler: c1, Barriers: 0, Oops: 0, ImmediateOops: 1, NonImmediateOops: No
[2024-10-26T03:26:24.734+0530][0.124s][debug][gc,director ] Rule Major: Warmup 10%, Used: 10MB, UsedThreshold: 204MB
[2024-10-26T03:26:24.734+0530][0.125s][debug][gc,nmethod  ] Register NMethod: java.lang.ref.Reference.reachabilityFence (0x0000029cc203a088) [0x0000029cc203a1a0, 0x0000029cc203a288] Compiler: c1, Barriers: 0, Oops: 0, ImmediateOops: 0, NonImmediateOops: No
[2024-10-26T03:26:24.734+0530][0.125s][debug][gc,nmethod  ] Register NMethod: jdk.internal.misc.Unsafe.getByte (0x0000029cc9b77308) [0x0000029cc9b77420, 0x0000029cc9b77650] Compiler: , Barriers: 0, Oops: 0, ImmediateOops: 0, NonImmediateOops: No
[2024-10-26T03:26:24.734+0530][0.125s][debug][gc,nmethod  ] Register NMethod: java.nio.Buffer.session (0x0000029cc203a388) [0x0000029cc203a4c0, 0x0000029cc203a7a8] Compiler: c1, Barriers: 1, Oops: 0, ImmediateOops: 0, NonImmediateOops: No
[2024-10-26T03:26:24.734+0530][0.125s][debug][gc,nmethod  ] Register NMethod: java.nio.Buffer.checkIndex (0x0000029cc203a808) [0x0000029cc203a920, 0x0000029cc203aa80] Compiler: c1, Barriers: 0, Oops: 1, ImmediateOops: 1, NonImmediateOops: No
[2024-10-26T03:26:24.734+0530][0.125s][debug][gc,nmethod  ] Register NMethod: java.nio.DirectByteBuffer.ix (0x0000029cc203ab08) [0x0000029cc203ac20, 0x0000029cc203ad38] Compiler: c1, Barriers: 0, Oops: 0, ImmediateOops: 0, NonImmediateOops: No
[2024-10-26T03:26:24.734+0530][0.125s][debug][gc,nmethod  ] Register NMethod: jdk.internal.misc.ScopedMemoryAccess.getByte (0x0000029cc203ae08) [0x0000029cc203af60, 0x0000029cc203b358] Compiler: c1, Barriers: 0, Oops: 0, ImmediateOops: 0, NonImmediateOops: No
[2024-10-26T03:26:24.735+0530][0.125s][debug][gc,nmethod  ] Register NMethod: jdk.internal.misc.ScopedMemoryAccess.getByteInternal (0x0000029cc203b388) [0x0000029cc203b4c0, 0x0000029cc203b720] Compiler: c1, Barriers: 0, Oops: 0, ImmediateOops: 0, NonImmediateOops: No
[2024-10-26T03:26:24.735+0530][0.125s][debug][gc,nmethod  ] Register NMethod: java.io.BufferedInputStream.read1 (0x0000029cc9b77688) [0x0000029cc9b777e0, 0x0000029cc9b77d30] Compiler: c2, Barriers: 7, Oops: 0, ImmediateOops: 2, NonImmediateOops: No
[2024-10-26T03:26:24.735+0530][0.126s][debug][gc,nmethod  ] Register NMethod: java.nio.DirectByteBuffer.get (0x0000029cc203b788) [0x0000029cc203b960, 0x0000029cc203c2b8] Compiler: c1, Barriers: 1, Oops: 2, ImmediateOops: 2, NonImmediateOops: No
[2024-10-26T03:26:24.735+0530][0.126s][debug][gc,nmethod  ] Register NMethod: jdk.internal.misc.Unsafe.getInt (0x0000029cc9b77d88) [0x0000029cc9b77ea0, 0x0000029cc9b780c8] Compiler: , Barriers: 0, Oops: 0, ImmediateOops: 0, NonImmediateOops: No
[2024-10-26T03:26:24.735+0530][0.126s][debug][gc,nmethod  ] Register NMethod: java.nio.Buffer.limit (0x0000029cc9b78108) [0x0000029cc9b78220, 0x0000029cc9b782e8] Compiler: c1, Barriers: 0, Oops: 0, ImmediateOops: 0, NonImmediateOops: No
[2024-10-26T03:26:24.735+0530][0.126s][debug][gc,nmethod  ] Register NMethod: java.lang.ref.Reference.reachabilityFence (0x0000029cc9b78408) [0x0000029cc9b78500, 0x0000029cc9b78568] Compiler: c2, Barriers: 0, Oops: 0, ImmediateOops: 0, NonImmediateOops: No
[2024-10-26T03:26:24.735+0530][0.126s][debug][gc,nmethod  ] Register NMethod: jdk.internal.jimage.ImageStringsReader.unmaskedHashCode (0x0000029cc203c388) [0x0000029cc203c560, 0x0000029cc203d0b0] Compiler: c1, Barriers: 3, Oops: 1, ImmediateOops: 2, NonImmediateOops: No
[2024-10-26T03:26:24.735+0530][0.126s][debug][gc,nmethod  ] Register NMethod: java.util.concurrent.locks.ReentrantLock$Sync.tryRelease (0x0000029cc9b78708) [0x0000029cc9b78820, 0x0000029cc9b78a40] Compiler: c2, Barriers: 4, Oops: 0, ImmediateOops: 0, NonImmediateOops: No
[2024-10-26T03:26:24.736+0530][0.127s][debug][gc,nmethod  ] Register NMethod: java.util.concurrent.locks.AbstractQueuedSynchronizer.signalNext (0x0000029cc9b78a88) [0x0000029cc9b78b80, 0x0000029cc9b78c00] Compiler: c2, Barriers: 0, Oops: 0, ImmediateOops: 0, NonImmediateOops: No
[2024-10-26T03:26:24.736+0530][0.127s][debug][gc,nmethod  ] Register NMethod: java.lang.StringCoding.countPositives (0x0000029cc203d188) [0x0000029cc203d2c0, 0x0000029cc203d4d8] Compiler: c1, Barriers: 0, Oops: 0, ImmediateOops: 0, NonImmediateOops: No
[2024-10-26T03:26:24.736+0530][0.127s][debug][gc,nmethod  ] Register NMethod: java.util.zip.ZipUtils.SH (0x0000029cc203d508) [0x0000029cc203d620, 0x0000029cc203d768] Compiler: c1, Barriers: 0, Oops: 0, ImmediateOops: 0, NonImmediateOops: No
[2024-10-26T03:26:24.736+0530][0.127s][debug][gc,nmethod  ] Register NMethod: java.util.zip.ZipUtils.LG (0x0000029cc203d808) [0x0000029cc203d940, 0x0000029cc203dbb0] Compiler: c1, Barriers: 0, Oops: 0, ImmediateOops: 0, NonImmediateOops: No
[2024-10-26T03:26:24.736+0530][0.127s][debug][gc,nmethod  ] Register NMethod: java.util.zip.ZipCoder$UTF8ZipCoder.isUTF8 (0x0000029cc9b78d88) [0x0000029cc9b78ea0, 0x0000029cc9b78f68] Compiler: c1, Barriers: 0, Oops: 0, ImmediateOops: 0, NonImmediateOops: No
[2024-10-26T03:26:24.737+0530][0.127s][debug][gc,nmethod  ] Register NMethod: java.util.zip.ZipUtils.CENCOM (0x0000029cc203dc08) [0x0000029cc203dd20, 0x0000029cc203dec8] Compiler: c1, Barriers: 0, Oops: 0, ImmediateOops: 0, NonImmediateOops: No
[2024-10-26T03:26:24.737+0530][0.127s][debug][gc,nmethod  ] Register NMethod: java.util.zip.ZipUtils.CENEXT (0x0000029cc203df08) [0x0000029cc203e020, 0x0000029cc203e1c8] Compiler: c1, Barriers: 0, Oops: 0, ImmediateOops: 0, NonImmediateOops: No
[2024-10-26T03:26:24.738+0530][0.129s][debug][gc,nmethod  ] Register NMethod: java.lang.invoke.MethodHandle.linkToStatic (0x0000029cc9b79088) [0x0000029cc9b79180, 0x0000029cc9b79290] Compiler: , Barriers: 0, Oops: 0, ImmediateOops: 0, NonImmediateOops: No
[2024-10-26T03:26:24.738+0530][0.129s][debug][gc,nmethod  ] Register NMethod: java.lang.Class.getPackageName (0x0000029cc203e208) [0x0000029cc203e440, 0x0000029cc203ef40] Compiler: c1, Barriers: 7, Oops: 0, ImmediateOops: 2, NonImmediateOops: No
[2024-10-26T03:26:24.738+0530][0.129s][debug][gc,nmethod  ] Register NMethod: java.lang.invoke.MethodHandle.linkToSpecial (0x0000029cc9b79388) [0x0000029cc9b79480, 0x0000029cc9b79590] Compiler: , Barriers: 0, Oops: 0, ImmediateOops: 0, NonImmediateOops: No
[2024-10-26T03:26:24.739+0530][0.129s][debug][gc,nmethod  ] Register NMethod: java.lang.invoke.MethodHandle.invokeBasic (0x0000029cc9b79688) [0x0000029cc9b797a0, 0x0000029cc9b79a90] Compiler: , Barriers: 0, Oops: 0, ImmediateOops: 0, NonImmediateOops: No
[2024-10-26T03:26:24.739+0530][0.130s][debug][gc,nmethod  ] Register NMethod: java.lang.invoke.MethodHandle.linkToSpecial (0x0000029cc9b79b08) [0x0000029cc9b79c00, 0x0000029cc9b79d10] Compiler: , Barriers: 0, Oops: 0, ImmediateOops: 0, NonImmediateOops: No
[2024-10-26T03:26:24.739+0530][0.130s][debug][gc,nmethod  ] Register NMethod: java.lang.invoke.MethodType.checkPtypes (0x0000029cc203f008) [0x0000029cc203f220, 0x0000029cc203fd40] Compiler: c1, Barriers: 1, Oops: 2, ImmediateOops: 6, NonImmediateOops: No
[2024-10-26T03:26:24.739+0530][0.130s][debug][gc,nmethod  ] Register NMethod: java.lang.Long.<init> (0x0000029cc203fe08) [0x0000029cc203ff20, 0x0000029cc20400e8] Compiler: c1, Barriers: 0, Oops: 0, ImmediateOops: 0, NonImmediateOops: No
[2024-10-26T03:26:24.740+0530][0.131s][debug][gc,nmethod  ] Register NMethod: java.util.HashMap$EntryIterator.next (0x0000029cc2040108) [0x0000029cc2040220, 0x0000029cc2040358] Compiler: c1, Barriers: 0, Oops: 0, ImmediateOops: 0, NonImmediateOops: No
[2024-10-26T03:26:24.740+0530][0.131s][debug][gc,nmethod  ] Register NMethod: java.util.HashMap$EntryIterator.next (0x0000029cc2040408) [0x0000029cc2040540, 0x0000029cc20406d8] Compiler: c1, Barriers: 0, Oops: 0, ImmediateOops: 0, NonImmediateOops: No
[2024-10-26T03:26:24.740+0530][0.131s][debug][gc,nmethod  ] Register NMethod: java.lang.Class.isHidden (0x0000029cc9b79e08) [0x0000029cc9b79f20, 0x0000029cc9b7a138] Compiler: , Barriers: 0, Oops: 0, ImmediateOops: 0, NonImmediateOops: No
[2024-10-26T03:26:24.741+0530][0.132s][debug][gc,nmethod  ] Register NMethod: java.lang.ref.WeakReference.<init> (0x0000029cc2040708) [0x0000029cc2040840, 0x0000029cc2040b40] Compiler: c1, Barriers: 6, Oops: 0, ImmediateOops: 1, NonImmediateOops: No
[2024-10-26T03:26:24.742+0530][0.132s][debug][gc,nmethod  ] Register NMethod: java.lang.invoke.MethodHandle.linkToStatic (0x0000029cc9b7a188) [0x0000029cc9b7a280, 0x0000029cc9b7a390] Compiler: , Barriers: 0, Oops: 0, ImmediateOops: 0, NonImmediateOops: No
[2024-10-26T03:26:24.742+0530][0.133s][debug][gc,nmethod  ] Register NMethod: java.lang.Class.isAssignableFrom (0x0000029cc9b7a488) [0x0000029cc9b7a5a0, 0x0000029cc9b7a7d0] Compiler: , Barriers: 0, Oops: 0, ImmediateOops: 0, NonImmediateOops: No
[2024-10-26T03:26:24.742+0530][0.133s][debug][gc,nmethod  ] Register NMethod: java.lang.invoke.MethodType.equals (0x0000029cc2040b88) [0x0000029cc2040ce0, 0x0000029cc2041228] Compiler: c1, Barriers: 4, Oops: 0, ImmediateOops: 0, NonImmediateOops: No
[2024-10-26T03:26:24.742+0530][0.133s][debug][gc,nmethod  ] Register NMethod: java.util.ArrayList.size (0x0000029cc9b7a808) [0x0000029cc9b7a920, 0x0000029cc9b7a9e8] Compiler: c1, Barriers: 0, Oops: 0, ImmediateOops: 0, NonImmediateOops: No
[2024-10-26T03:26:24.742+0530][0.133s][debug][gc,nmethod  ] Register NMethod: sun.invoke.util.Wrapper.basicTypeChar (0x0000029cc9b7ab08) [0x0000029cc9b7ac20, 0x0000029cc9b7acf0] Compiler: c1, Barriers: 0, Oops: 0, ImmediateOops: 0, NonImmediateOops: No
[2024-10-26T03:26:24.742+0530][0.133s][debug][gc,nmethod  ] Register NMethod: jdk.internal.misc.Unsafe.allocateUninitializedArray0 (0x0000029cc2041288) [0x0000029cc2041420, 0x0000029cc2041cc8] Compiler: c1, Barriers: 0, Oops: 0, ImmediateOops: 8, NonImmediateOops: No
[2024-10-26T03:26:24.742+0530][0.133s][debug][gc,nmethod  ] Register NMethod: sun.invoke.util.VerifyAccess.ensureTypeVisible (0x0000029cc2041d08) [0x0000029cc2041f60, 0x0000029cc2042d48] Compiler: c1, Barriers: 4, Oops: 0, ImmediateOops: 1, NonImmediateOops: No
[2024-10-26T03:26:24.743+0530][0.133s][debug][gc,nmethod  ] Register NMethod: java.lang.invoke.MethodTypeForm.canonicalizeAll (0x0000029cc2042e08) [0x0000029cc2042f80, 0x0000029cc20435a8] Compiler: c1, Barriers: 4, Oops: 0, ImmediateOops: 1, NonImmediateOops: No
[2024-10-26T03:26:24.743+0530][0.134s][debug][gc,reloc    ] Synchronize all workers 1 _nworkers: 0 _nsynchronized: 0
[2024-10-26T03:26:24.743+0530][0.134s][debug][gc,reloc    ] Synchronize all workers 1 _nworkers: 0 _nsynchronized: 0
[2024-10-26T03:26:24.743+0530][0.134s][debug][gc,reloc    ] Desynchronize all workers _nworkers: 0 _nsynchronized: 0
[2024-10-26T03:26:24.743+0530][0.134s][debug][gc,reloc    ] Desynchronize all workers _nworkers: 0 _nsynchronized: 0
[2024-10-26T03:26:24.744+0530][0.135s][debug][gc,nmethod  ] Register NMethod: java.lang.invoke.MethodTypeForm.canonicalize (0x0000029cc2043608) [0x0000029cc2043760, 0x0000029cc2043ac0] Compiler: c1, Barriers: 2, Oops: 0, ImmediateOops: 0, NonImmediateOops: No
[2024-10-26T03:26:24.744+0530][0.135s][debug][gc,nmethod  ] Register NMethod: java.lang.invoke.MethodHandle.linkToStatic (0x0000029cc9b7ae08) [0x0000029cc9b7af00, 0x0000029cc9b7b010] Compiler: , Barriers: 0, Oops: 0, ImmediateOops: 0, NonImmediateOops: No
[2024-10-26T03:26:24.744+0530][0.135s][debug][gc,nmethod  ] Register NMethod: jdk.internal.util.ReferencedKeyMap.existingKey (0x0000029cc2043b08) [0x0000029cc2043d40, 0x0000029cc2044c58] Compiler: c1, Barriers: 11, Oops: 1, ImmediateOops: 0, NonImmediateOops: No
[2024-10-26T03:26:24.744+0530][0.135s][debug][gc,nmethod  ] Register NMethod: jdk.internal.util.ReferencedKeyMap.internKey (0x0000029cc2044d08) [0x0000029cc2044f20, 0x0000029cc2045cb8] Compiler: c1, Barriers: 5, Oops: 0, ImmediateOops: 0, NonImmediateOops: No
[2024-10-26T03:26:24.744+0530][0.135s][debug][gc,nmethod  ] Register NMethod: java.lang.invoke.MethodTypeForm.basicType (0x0000029cc9b7b108) [0x0000029cc9b7b220, 0x0000029cc9b7b318] Compiler: c1, Barriers: 1, Oops: 0, ImmediateOops: 0, NonImmediateOops: No
[2024-10-26T03:26:24.745+0530][0.136s][debug][gc,nmethod  ] Register NMethod: java.util.zip.ZipUtils.SH (0x0000029cc9b7b408) [0x0000029cc9b7b500, 0x0000029cc9b7b5e0] Compiler: c2, Barriers: 0, Oops: 0, ImmediateOops: 0, NonImmediateOops: No
[2024-10-26T03:26:24.749+0530][0.139s][debug][gc,director ] Rule Major: Warmup 10%, Used: 10MB, UsedThreshold: 204MB
[2024-10-26T03:26:24.750+0530][0.141s][debug][gc,nmethod  ] Register NMethod: java.lang.Class.desiredAssertionStatus0 (0x0000029cc9b7b708) [0x0000029cc9b7b820, 0x0000029cc9b7ba50] Compiler: , Barriers: 0, Oops: 0, ImmediateOops: 1, NonImmediateOops: No
[2024-10-26T03:26:24.750+0530][0.141s][debug][gc,nmethod  ] Register NMethod: java.lang.invoke.MemberName.clone (0x0000029cc2045d08) [0x0000029cc2045e40, 0x0000029cc2046188] Compiler: c1, Barriers: 0, Oops: 0, ImmediateOops: 0, NonImmediateOops: No
[2024-10-26T03:26:24.750+0530][0.141s][debug][gc,nmethod  ] Register NMethod: java.lang.reflect.Modifier.isProtected (0x0000029cc2046208) [0x0000029cc2046320, 0x0000029cc2046458] Compiler: c1, Barriers: 0, Oops: 0, ImmediateOops: 0, NonImmediateOops: No
[2024-10-26T03:26:24.750+0530][0.141s][debug][gc,nmethod  ] Register NMethod: sun.invoke.util.VerifyAccess.isSamePackage (0x0000029cc2046508) [0x0000029cc20466a0, 0x0000029cc2046c68] Compiler: c1, Barriers: 2, Oops: 0, ImmediateOops: 0, NonImmediateOops: No
[2024-10-26T03:26:24.751+0530][0.141s][debug][gc,nmethod  ] Register NMethod: java.lang.invoke.MemberName.getModifiers (0x0000029cc2046d08) [0x0000029cc2046e20, 0x0000029cc2046f30] Compiler: c1, Barriers: 0, Oops: 0, ImmediateOops: 0, NonImmediateOops: No
[2024-10-26T03:26:24.751+0530][0.142s][debug][gc,nmethod  ] Register NMethod: java.lang.reflect.Modifier.isPublic (0x0000029cc2047008) [0x0000029cc2047120, 0x0000029cc2047258] Compiler: c1, Barriers: 0, Oops: 0, ImmediateOops: 0, NonImmediateOops: No
[2024-10-26T03:26:24.752+0530][0.143s][debug][gc,nmethod  ] Register NMethod: jdk.internal.util.StrongReferenceKey.equals (0x0000029cc2047308) [0x0000029cc2047460, 0x0000029cc2047a60] Compiler: c1, Barriers: 1, Oops: 0, ImmediateOops: 0, NonImmediateOops: No
[2024-10-26T03:26:24.752+0530][0.143s][debug][gc,nmethod  ] Register NMethod: java.lang.invoke.MethodTypeForm.parameterSlotCount (0x0000029cc9b7ba88) [0x0000029cc9b7bba0, 0x0000029cc9b7bc68] Compiler: c1, Barriers: 0, Oops: 0, ImmediateOops: 0, NonImmediateOops: No
[2024-10-26T03:26:24.752+0530][0.143s][debug][gc,nmethod  ] Register NMethod: java.lang.invoke.MethodHandle.linkToStatic (0x0000029cc9b7bd88) [0x0000029cc9b7be80, 0x0000029cc9b7bf90] Compiler: , Barriers: 0, Oops: 0, ImmediateOops: 0, NonImmediateOops: No
[2024-10-26T03:26:24.752+0530][0.143s][debug][gc,nmethod  ] Register NMethod: java.lang.Class.getModule (0x0000029cc9b7c088) [0x0000029cc9b7c1a0, 0x0000029cc9b7c298] Compiler: c1, Barriers: 1, Oops: 0, ImmediateOops: 0, NonImmediateOops: No
[2024-10-26T03:26:24.752+0530][0.143s][debug][gc,nmethod  ] Register NMethod: java.lang.invoke.MethodHandle.invokeBasic (0x0000029cc9b7c388) [0x0000029cc9b7c4a0, 0x0000029cc9b7c790] Compiler: , Barriers: 0, Oops: 0, ImmediateOops: 0, NonImmediateOops: No
[2024-10-26T03:26:24.752+0530][0.143s][debug][gc,nmethod  ] Register NMethod: java.lang.invoke.MethodHandle.linkToSpecial (0x0000029cc9b7c808) [0x0000029cc9b7c900, 0x0000029cc9b7ca10] Compiler: , Barriers: 0, Oops: 0, ImmediateOops: 0, NonImmediateOops: No
[2024-10-26T03:26:24.753+0530][0.144s][debug][gc,nmethod  ] Register NMethod: java.lang.invoke.MethodHandle.linkToStatic (0x0000029cc9b7cb08) [0x0000029cc9b7cc00, 0x0000029cc9b7cd10] Compiler: , Barriers: 0, Oops: 0, ImmediateOops: 0, NonImmediateOops: No
[2024-10-26T03:26:24.753+0530][0.144s][debug][gc,nmethod  ] Register NMethod: java.lang.invoke.LambdaForm.argument (0x0000029cc2047a88) [0x0000029cc2047bc0, 0x0000029cc2047e80] Compiler: c1, Barriers: 2, Oops: 0, ImmediateOops: 1, NonImmediateOops: No
[2024-10-26T03:26:24.753+0530][0.144s][debug][gc,nmethod  ] Register NMethod: java.lang.invoke.MethodHandle.linkToSpecial (0x0000029cc9b7ce08) [0x0000029cc9b7cf00, 0x0000029cc9b7d010] Compiler: , Barriers: 0, Oops: 0, ImmediateOops: 0, NonImmediateOops: No
[2024-10-26T03:26:24.753+0530][0.144s][debug][gc,nmethod  ] Register NMethod: java.lang.Class.getName (0x0000029cc2047f08) [0x0000029cc2048040, 0x0000029cc20481f8] Compiler: c1, Barriers: 1, Oops: 0, ImmediateOops: 0, NonImmediateOops: No
[2024-10-26T03:26:24.753+0530][0.144s][debug][gc,nmethod  ] Register NMethod: java.lang.invoke.LambdaForm$BasicType.basicType (0x0000029cc2048208) [0x0000029cc2048340, 0x0000029cc2048578] Compiler: c1, Barriers: 0, Oops: 0, ImmediateOops: 0, NonImmediateOops: No
[2024-10-26T03:26:24.753+0530][0.144s][debug][gc,nmethod  ] Register NMethod: sun.invoke.util.Wrapper.basicTypeChar (0x0000029cc2048608) [0x0000029cc2048740, 0x0000029cc2048910] Compiler: c1, Barriers: 0, Oops: 0, ImmediateOops: 0, NonImmediateOops: No
[2024-10-26T03:26:24.753+0530][0.144s][debug][gc,nmethod  ] Register NMethod: java.lang.invoke.LambdaForm.forceInterpretation (0x0000029cc2048988) [0x0000029cc2048aa0, 0x0000029cc2048c00] Compiler: c1, Barriers: 0, Oops: 0, ImmediateOops: 0, NonImmediateOops: No
[2024-10-26T03:26:24.753+0530][0.144s][debug][gc,nmethod  ] Register NMethod: java.lang.invoke.LambdaForm$BasicType.basicType (0x0000029cc2048c88) [0x0000029cc2048ea0, 0x0000029cc2049930] Compiler: c1, Barriers: 0, Oops: 2, ImmediateOops: 10, NonImmediateOops: No
[2024-10-26T03:26:24.753+0530][0.144s][debug][gc,nmethod  ] Register NMethod: java.lang.invoke.MemberName.isResolved (0x0000029cc2049988) [0x0000029cc2049aa0, 0x0000029cc2049c30] Compiler: c1, Barriers: 1, Oops: 0, ImmediateOops: 0, NonImmediateOops: No
[2024-10-26T03:26:24.753+0530][0.144s][debug][gc,nmethod  ] Register NMethod: java.lang.invoke.MethodHandle.linkToStatic (0x0000029cc9b7d108) [0x0000029cc9b7d200, 0x0000029cc9b7d318] Compiler: , Barriers: 0, Oops: 0, ImmediateOops: 0, NonImmediateOops: No
[2024-10-26T03:26:24.754+0530][0.145s][debug][gc,nmethod  ] Register NMethod: java.lang.Class.initClassName (0x0000029cc9b7d408) [0x0000029cc9b7d540, 0x0000029cc9b7d958] Compiler: , Barriers: 0, Oops: 0, ImmediateOops: 0, NonImmediateOops: No
[2024-10-26T03:26:24.754+0530][0.145s][debug][gc,nmethod  ] Register NMethod: java.lang.String.replace (0x0000029cc2049c88) [0x0000029cc2049de0, 0x0000029cc204a148] Compiler: c1, Barriers: 2, Oops: 0, ImmediateOops: 0, NonImmediateOops: No
[2024-10-26T03:26:24.754+0530][0.145s][debug][gc,nmethod  ] Register NMethod: jdk.internal.misc.Unsafe.allocateUninitializedArray (0x0000029cc204a188) [0x0000029cc204a300, 0x0000029cc204a750] Compiler: c1, Barriers: 0, Oops: 0, ImmediateOops: 3, NonImmediateOops: No
[2024-10-26T03:26:24.754+0530][0.145s][debug][gc,nmethod  ] Register NMethod: java.lang.invoke.MethodHandle.linkToSpecial (0x0000029cc9b7d988) [0x0000029cc9b7da80, 0x0000029cc9b7db98] Compiler: , Barriers: 0, Oops: 0, ImmediateOops: 0, NonImmediateOops: No
[2024-10-26T03:26:24.754+0530][0.145s][debug][gc,nmethod  ] Register NMethod: java.lang.invoke.MemberName.isConstructor (0x0000029cc204a788) [0x0000029cc204a8a0, 0x0000029cc204aa68] Compiler: c1, Barriers: 0, Oops: 0, ImmediateOops: 0, NonImmediateOops: No
[2024-10-26T03:26:24.754+0530][0.145s][debug][gc,nmethod  ] Register NMethod: java.lang.invoke.MethodHandle.invokeBasic (0x0000029cc9b7dc88) [0x0000029cc9b7dda0, 0x0000029cc9b7e090] Compiler: , Barriers: 0, Oops: 0, ImmediateOops: 0, NonImmediateOops: No
[2024-10-26T03:26:24.754+0530][0.145s][debug][gc,nmethod  ] Register NMethod: java.lang.invoke.LambdaForm$Name.initIndex (0x0000029cc204aa88) [0x0000029cc204aba0, 0x0000029cc204ad40] Compiler: c1, Barriers: 0, Oops: 0, ImmediateOops: 0, NonImmediateOops: No
[2024-10-26T03:26:24.754+0530][0.145s][debug][gc,nmethod  ] Register NMethod: java.lang.invoke.MethodHandle.linkToSpecial (0x0000029cc9b7e108) [0x0000029cc9b7e200, 0x0000029cc9b7e318] Compiler: , Barriers: 0, Oops: 0, ImmediateOops: 0, NonImmediateOops: No
[2024-10-26T03:26:24.754+0530][0.145s][debug][gc,nmethod  ] Register NMethod: java.util.Arrays.copyOf (0x0000029cc204ad88) [0x0000029cc204af00, 0x0000029cc204b5c0] Compiler: c1, Barriers: 1, Oops: 0, ImmediateOops: 1, NonImmediateOops: No
[2024-10-26T03:26:24.757+0530][0.148s][debug][gc,nmethod  ] Register NMethod: java.util.ArrayList.add (0x0000029cc204b608) [0x0000029cc204b740, 0x0000029cc204bae8] Compiler: c1, Barriers: 3, Oops: 0, ImmediateOops: 0, NonImmediateOops: No
[2024-10-26T03:26:24.757+0530][0.148s][debug][gc,nmethod  ] Register NMethod: java.util.ArrayList.add (0x0000029cc204bb08) [0x0000029cc204bc60, 0x0000029cc204c0b0] Compiler: c1, Barriers: 4, Oops: 0, ImmediateOops: 0, NonImmediateOops: No
[2024-10-26T03:26:24.757+0530][0.148s][debug][gc,nmethod  ] Register NMethod: jdk.internal.classfile.impl.BufWriterImpl.writeU1 (0x0000029cc204c108) [0x0000029cc204c220, 0x0000029cc204c368] Compiler: c1, Barriers: 0, Oops: 0, ImmediateOops: 0, NonImmediateOops: No
[2024-10-26T03:26:24.757+0530][0.148s][debug][gc,nmethod  ] Register NMethod: jdk.internal.classfile.impl.BufWriterImpl.writeIntBytes (0x0000029cc204c408) [0x0000029cc204c540, 0x0000029cc204c7c8] Compiler: c1, Barriers: 1, Oops: 0, ImmediateOops: 0, NonImmediateOops: No
[2024-10-26T03:26:24.758+0530][0.148s][debug][gc,nmethod  ] Register NMethod: jdk.internal.classfile.impl.BufWriterImpl.reserveSpace (0x0000029cc204c808) [0x0000029cc204c940, 0x0000029cc204cc00] Compiler: c1, Barriers: 4, Oops: 0, ImmediateOops: 0, NonImmediateOops: No
[2024-10-26T03:26:24.758+0530][0.149s][debug][gc,nmethod  ] Register NMethod: java.lang.invoke.MethodHandle.linkToStatic (0x0000029cc9b7e408) [0x0000029cc9b7e500, 0x0000029cc9b7e610] Compiler: , Barriers: 0, Oops: 0, ImmediateOops: 0, NonImmediateOops: No
[2024-10-26T03:26:24.758+0530][0.149s][debug][gc,nmethod  ] Register NMethod: java.lang.invoke.MethodHandle.invokeBasic (0x0000029cc9b7e708) [0x0000029cc9b7e820, 0x0000029cc9b7eb10] Compiler: , Barriers: 0, Oops: 0, ImmediateOops: 0, NonImmediateOops: No
[2024-10-26T03:26:24.758+0530][0.149s][debug][gc,nmethod  ] Register NMethod: java.lang.invoke.MethodHandle.linkToSpecial (0x0000029cc9b7eb88) [0x0000029cc9b7ec80, 0x0000029cc9b7ed90] Compiler: , Barriers: 0, Oops: 0, ImmediateOops: 0, NonImmediateOops: No
[2024-10-26T03:26:24.758+0530][0.149s][debug][gc,nmethod  ] Register NMethod: java.lang.String.intern (0x0000029cc9b7ee88) [0x0000029cc9b7efc0, 0x0000029cc9b7f3d8] Compiler: , Barriers: 0, Oops: 0, ImmediateOops: 0, NonImmediateOops: No
[2024-10-26T03:26:24.758+0530][0.149s][debug][gc,nmethod  ] Register NMethod: java.lang.invoke.MethodHandles$Lookup.lookupClassOrNull (0x0000029cc204cc88) [0x0000029cc204cda0, 0x0000029cc204cf50] Compiler: c1, Barriers: 1, Oops: 0, ImmediateOops: 0, NonImmediateOops: No
[2024-10-26T03:26:24.758+0530][0.149s][debug][gc,nmethod  ] Register NMethod: java.lang.invoke.MethodHandle.linkToStatic (0x0000029cc9b7f408) [0x0000029cc9b7f500, 0x0000029cc9b7f610] Compiler: , Barriers: 0, Oops: 0, ImmediateOops: 0, NonImmediateOops: No
[2024-10-26T03:26:24.759+0530][0.149s][debug][gc,nmethod  ] Register NMethod: java.lang.invoke.MethodHandle.invokeBasic (0x0000029cc9b7f708) [0x0000029cc9b7f820, 0x0000029cc9b7fb10] Compiler: , Barriers: 0, Oops: 0, ImmediateOops: 0, NonImmediateOops: No
[2024-10-26T03:26:24.759+0530][0.150s][debug][gc,nmethod  ] Register NMethod: java.lang.invoke.MemberName.getMethodOrFieldType (0x0000029cc204cf88) [0x0000029cc204d240, 0x0000029cc204e058] Compiler: c1, Barriers: 0, Oops: 2, ImmediateOops: 5, NonImmediateOops: No
[2024-10-26T03:26:24.759+0530][0.150s][debug][gc,nmethod  ] Register NMethod: java.lang.invoke.MethodHandle.invokeBasic (0x0000029cc9b7fb88) [0x0000029cc9b7fca0, 0x0000029cc9b7ff90] Compiler: , Barriers: 0, Oops: 0, ImmediateOops: 0, NonImmediateOops: No
[2024-10-26T03:26:24.759+0530][0.150s][debug][gc,nmethod  ] Register NMethod: java.lang.invoke.MethodHandle.linkToSpecial (0x0000029cc9b80008) [0x0000029cc9b80100, 0x0000029cc9b80210] Compiler: , Barriers: 0, Oops: 0, ImmediateOops: 0, NonImmediateOops: No
[2024-10-26T03:26:24.759+0530][0.150s][debug][gc,nmethod  ] Register NMethod: java.lang.invoke.LambdaForm.uncustomize (0x0000029cc204e108) [0x0000029cc204e240, 0x0000029cc204e590] Compiler: c1, Barriers: 2, Oops: 0, ImmediateOops: 0, NonImmediateOops: No
[2024-10-26T03:26:24.759+0530][0.150s][debug][gc,nmethod  ] Register NMethod: java.lang.invoke.MemberName.init (0x0000029cc204e608) [0x0000029cc204e740, 0x0000029cc204e9c0] Compiler: c1, Barriers: 9, Oops: 0, ImmediateOops: 0, NonImmediateOops: No
[2024-10-26T03:26:24.759+0530][0.150s][debug][gc,nmethod  ] Register NMethod: java.lang.invoke.MemberName.flagsMods (0x0000029cc204ea08) [0x0000029cc204eb20, 0x0000029cc204ec28] Compiler: c1, Barriers: 0, Oops: 0, ImmediateOops: 0, NonImmediateOops: No
[2024-10-26T03:26:24.759+0530][0.150s][debug][gc,nmethod  ] Register NMethod: jdk.internal.classfile.impl.AbstractPoolEntry.index (0x0000029cc9b80308) [0x0000029cc9b80420, 0x0000029cc9b804e8] Compiler: c1, Barriers: 0, Oops: 0, ImmediateOops: 0, NonImmediateOops: No
[2024-10-26T03:26:24.759+0530][0.150s][debug][gc,nmethod  ] Register NMethod: jdk.internal.constant.ReferenceClassDescImpl.descriptorString (0x0000029cc9b80608) [0x0000029cc9b80720, 0x0000029cc9b80818] Compiler: c1, Barriers: 1, Oops: 0, ImmediateOops: 0, NonImmediateOops: No
[2024-10-26T03:26:24.760+0530][0.151s][debug][gc,nmethod  ] Register NMethod: java.lang.invoke.MethodHandles$Lookup.previousLookupClass (0x0000029cc9b80908) [0x0000029cc9b80a20, 0x0000029cc9b80b18] Compiler: c1, Barriers: 1, Oops: 0, ImmediateOops: 0, NonImmediateOops: No
[2024-10-26T03:26:24.760+0530][0.151s][debug][gc,nmethod  ] Register NMethod: java.lang.reflect.Modifier.isStatic (0x0000029cc204ed08) [0x0000029cc204ee20, 0x0000029cc204ef58] Compiler: c1, Barriers: 0, Oops: 0, ImmediateOops: 0, NonImmediateOops: No
[2024-10-26T03:26:24.760+0530][0.151s][debug][gc,nmethod  ] Register NMethod: jdk.internal.org.objectweb.asm.ByteVector.put12 (0x0000029cc204f008) [0x0000029cc204f140, 0x0000029cc204f3d0] Compiler: c1, Barriers: 2, Oops: 0, ImmediateOops: 0, NonImmediateOops: No
[2024-10-26T03:26:24.761+0530][0.151s][debug][gc,nmethod  ] Register NMethod: sun.invoke.util.Wrapper.forPrimitiveType (0x0000029cc204f408) [0x0000029cc204f660, 0x0000029cc2050178] Compiler: c1, Barriers: 0, Oops: 1, ImmediateOops: 21, NonImmediateOops: No
[2024-10-26T03:26:24.761+0530][0.152s][debug][gc,nmethod  ] Register NMethod: java.lang.String.indexOf (0x0000029cc2050208) [0x0000029cc20503c0, 0x0000029cc2050bc0] Compiler: c1, Barriers: 2, Oops: 0, ImmediateOops: 0, NonImmediateOops: No
[2024-10-26T03:26:24.761+0530][0.152s][debug][gc,nmethod  ] Register NMethod: java.util.Arrays.equals (0x0000029cc2050c88) [0x0000029cc2050e00, 0x0000029cc20513b0] Compiler: c1, Barriers: 2, Oops: 0, ImmediateOops: 0, NonImmediateOops: No
[2024-10-26T03:26:24.761+0530][0.152s][debug][gc,nmethod  ] Register NMethod: java.lang.StringLatin1.lastIndexOf (0x0000029cc2051408) [0x0000029cc2051560, 0x0000029cc2051940] Compiler: c1, Barriers: 0, Oops: 0, ImmediateOops: 0, NonImmediateOops: No
[2024-10-26T03:26:24.761+0530][0.152s][debug][gc,nmethod  ] Register NMethod: sun.invoke.util.VerifyAccess.isClassAccessible (0x0000029cc2051988) [0x0000029cc2051c20, 0x0000029cc2052a38] Compiler: c1, Barriers: 3, Oops: 0, ImmediateOops: 3, NonImmediateOops: No
[2024-10-26T03:26:24.761+0530][0.152s][debug][gc,nmethod  ] Register NMethod: java.lang.invoke.MethodHandle.linkToStatic (0x0000029cc9b80c08) [0x0000029cc9b80d00, 0x0000029cc9b80e10] Compiler: , Barriers: 0, Oops: 0, ImmediateOops: 0, NonImmediateOops: No
[2024-10-26T03:26:24.761+0530][0.152s][debug][gc,nmethod  ] Register NMethod: java.lang.invoke.MemberName.isStatic (0x0000029cc2052a88) [0x0000029cc2052ba0, 0x0000029cc2052d60] Compiler: c1, Barriers: 0, Oops: 0, ImmediateOops: 0, NonImmediateOops: No
[2024-10-26T03:26:24.762+0530][0.153s][debug][gc,nmethod  ] Register NMethod: java.lang.invoke.MemberName$Factory.resolve (0x0000029cc2052d88) [0x0000029cc2052f40, 0x0000029cc20536a0] Compiler: c1, Barriers: 7, Oops: 0, ImmediateOops: 0, NonImmediateOops: No
[2024-10-26T03:26:24.763+0530][0.153s][debug][gc,nmethod  ] Register NMethod: java.lang.invoke.LambdaForm.prepare (0x0000029cc2053708) [0x0000029cc20538e0, 0x0000029cc20541d0] Compiler: c1, Barriers: 12, Oops: 0, ImmediateOops: 0, NonImmediateOops: No
[2024-10-26T03:26:24.763+0530][0.153s][debug][gc,nmethod  ] Register NMethod: jdk.internal.org.objectweb.asm.SymbolTable.get (0x0000029cc9b80f08) [0x0000029cc9b81020, 0x0000029cc9b811a8] Compiler: c2, Barriers: 2, Oops: 0, ImmediateOops: 0, NonImmediateOops: No
[2024-10-26T03:26:24.763+0530][0.154s][debug][gc,nmethod  ] Register NMethod: java.lang.invoke.MethodHandle.<init> (0x0000029cc2054288) [0x0000029cc2054420, 0x0000029cc20549c0] Compiler: c1, Barriers: 6, Oops: 0, ImmediateOops: 0, NonImmediateOops: No
[2024-10-26T03:26:24.763+0530][0.154s][debug][gc,nmethod  ] Register NMethod: java.lang.classfile.Opcode.sizeIfFixed (0x0000029cc9b81208) [0x0000029cc9b81320, 0x0000029cc9b813e8] Compiler: c1, Barriers: 0, Oops: 0, ImmediateOops: 0, NonImmediateOops: No
[2024-10-26T03:26:24.764+0530][0.154s][debug][gc,nmethod  ] Register NMethod: java.lang.String.length (0x0000029cc9b81508) [0x0000029cc9b81600, 0x0000029cc9b816d8] Compiler: c2, Barriers: 1, Oops: 0, ImmediateOops: 0, NonImmediateOops: No
[2024-10-26T03:26:24.764+0530][0.155s][debug][gc,nmethod  ] Register NMethod: java.lang.classfile.Opcode.bytecode (0x0000029cc9b81808) [0x0000029cc9b81920, 0x0000029cc9b819e8] Compiler: c1, Barriers: 0, Oops: 0, ImmediateOops: 0, NonImmediateOops: No
[2024-10-26T03:26:24.764+0530][0.155s][debug][gc,nmethod  ] Register NMethod: jdk.internal.classfile.impl.SplitConstantPool.map (0x0000029cc2054a08) [0x0000029cc2054c60, 0x0000029cc2055b40] Compiler: c1, Barriers: 15, Oops: 0, ImmediateOops: 0, NonImmediateOops: No
[2024-10-26T03:26:24.764+0530][0.155s][debug][gc,nmethod  ] Register NMethod: java.lang.classfile.Opcode.kind (0x0000029cc9b81b08) [0x0000029cc9b81c20, 0x0000029cc9b81d18] Compiler: c1, Barriers: 1, Oops: 0, ImmediateOops: 0, NonImmediateOops: No
[2024-10-26T03:26:24.765+0530][0.155s][debug][gc,director ] Rule Major: Warmup 10%, Used: 12MB, UsedThreshold: 204MB
[2024-10-26T03:26:24.765+0530][0.155s][debug][gc,nmethod  ] Register NMethod: jdk.internal.classfile.impl.AbstractElement.<init> (0x0000029cc2055b88) [0x0000029cc2055ca0, 0x0000029cc2055e08] Compiler: c1, Barriers: 0, Oops: 0, ImmediateOops: 0, NonImmediateOops: No
[2024-10-26T03:26:24.765+0530][0.156s][debug][gc,nmethod  ] Register NMethod: java.lang.invoke.DirectMethodHandle.internalMemberName (0x0000029cc9b81e08) [0x0000029cc9b81f20, 0x0000029cc9b82018] Compiler: c1, Barriers: 1, Oops: 0, ImmediateOops: 0, NonImmediateOops: No
[2024-10-26T03:26:24.765+0530][0.156s][debug][gc,nmethod  ] Register NMethod: java.lang.StringBuilder.<init> (0x0000029cc2055e88) [0x0000029cc2055fa0, 0x0000029cc20560d8] Compiler: c1, Barriers: 0, Oops: 0, ImmediateOops: 0, NonImmediateOops: No
[2024-10-26T03:26:24.765+0530][0.156s][debug][gc,nmethod  ] Register NMethod: jdk.internal.org.objectweb.asm.SymbolTable.addConstantClass (0x0000029cc2056188) [0x0000029cc20562a0, 0x0000029cc20563e8] Compiler: c1, Barriers: 0, Oops: 0, ImmediateOops: 0, NonImmediateOops: No
[2024-10-26T03:26:24.765+0530][0.156s][debug][gc,nmethod  ] Register NMethod: jdk.internal.org.objectweb.asm.SymbolTable.addConstantUtf8Reference (0x0000029cc2056488) [0x0000029cc2056640, 0x0000029cc2056d10] Compiler: c1, Barriers: 5, Oops: 0, ImmediateOops: 0, NonImmediateOops: No
[2024-10-26T03:26:24.765+0530][0.156s][debug][gc,nmethod  ] Register NMethod: java.lang.invoke.MethodType.erase (0x0000029cc2056d88) [0x0000029cc2056ea0, 0x0000029cc2057028] Compiler: c1, Barriers: 2, Oops: 0, ImmediateOops: 0, NonImmediateOops: No
[2024-10-26T03:26:24.765+0530][0.156s][debug][gc,nmethod  ] Register NMethod: java.lang.Class.isInstance (0x0000029cc9b82108) [0x0000029cc9b82220, 0x0000029cc9b82450] Compiler: , Barriers: 0, Oops: 0, ImmediateOops: 0, NonImmediateOops: No
[2024-10-26T03:26:24.766+0530][0.157s][debug][gc,nmethod  ] Register NMethod: jdk.internal.classfile.impl.SplitConstantPool.size (0x0000029cc9b82488) [0x0000029cc9b825a0, 0x0000029cc9b82668] Compiler: c1, Barriers: 0, Oops: 0, ImmediateOops: 0, NonImmediateOops: No
[2024-10-26T03:26:24.766+0530][0.157s][debug][gc,nmethod  ] Register NMethod: jdk.internal.classfile.impl.DirectCodeBuilder.with (0x0000029cc2057088) [0x0000029cc2057200, 0x0000029cc2057950] Compiler: c1, Barriers: 3, Oops: 0, ImmediateOops: 0, NonImmediateOops: No
[2024-10-26T03:26:24.766+0530][0.157s][debug][gc,nmethod  ] Register NMethod: jdk.internal.classfile.impl.DirectCodeBuilder.with (0x0000029cc2057988) [0x0000029cc2057b20, 0x0000029cc20583c0] Compiler: c1, Barriers: 3, Oops: 0, ImmediateOops: 0, NonImmediateOops: No
[2024-10-26T03:26:24.766+0530][0.157s][debug][gc,nmethod  ] Register NMethod: jdk.internal.classfile.impl.LabelImpl.labelContext (0x0000029cc9b82788) [0x0000029cc9b828a0, 0x0000029cc9b82998] Compiler: c1, Barriers: 1, Oops: 0, ImmediateOops: 0, NonImmediateOops: No
[2024-10-26T03:26:24.766+0530][0.157s][debug][gc,nmethod  ] Register NMethod: jdk.internal.classfile.impl.LabelImpl.getBCI (0x0000029cc9b82a88) [0x0000029cc9b82ba0, 0x0000029cc9b82c68] Compiler: c1, Barriers: 0, Oops: 0, ImmediateOops: 0, NonImmediateOops: No
[2024-10-26T03:26:24.766+0530][0.157s][debug][gc,nmethod  ] Register NMethod: java.util.Objects.checkIndex (0x0000029cc2058408) [0x0000029cc2058520, 0x0000029cc2058658] Compiler: c1, Barriers: 0, Oops: 0, ImmediateOops: 0, NonImmediateOops: No
[2024-10-26T03:26:24.767+0530][0.157s][debug][gc,nmethod  ] Register NMethod: java.util.ArrayList.elementData (0x0000029cc2058708) [0x0000029cc2058820, 0x0000029cc20589b8] Compiler: c1, Barriers: 2, Oops: 0, ImmediateOops: 0, NonImmediateOops: No
[2024-10-26T03:26:24.767+0530][0.158s][debug][gc,nmethod  ] Register NMethod: java.util.ArrayList.get (0x0000029cc2058a08) [0x0000029cc2058b40, 0x0000029cc2058df8] Compiler: c1, Barriers: 2, Oops: 0, ImmediateOops: 0, NonImmediateOops: No
[2024-10-26T03:26:24.767+0530][0.158s][debug][gc,nmethod  ] Register NMethod: java.util.ArrayList$Itr.hasNext (0x0000029cc2058e88) [0x0000029cc2058fa0, 0x0000029cc2059138] Compiler: c1, Barriers: 1, Oops: 0, ImmediateOops: 0, NonImmediateOops: No
[2024-10-26T03:26:24.767+0530][0.158s][debug][gc,nmethod  ] Register NMethod: java.lang.invoke.MemberName.getName (0x0000029cc2059188) [0x0000029cc20592e0, 0x0000029cc2059710] Compiler: c1, Barriers: 5, Oops: 0, ImmediateOops: 0, NonImmediateOops: No
[2024-10-26T03:26:24.767+0530][0.158s][debug][gc,nmethod  ] Register NMethod: jdk.internal.classfile.impl.BufWriterImpl.size (0x0000029cc9b82d88) [0x0000029cc9b82ea0, 0x0000029cc9b82f68] Compiler: c1, Barriers: 0, Oops: 0, ImmediateOops: 0, NonImmediateOops: No
[2024-10-26T03:26:24.767+0530][0.158s][debug][gc,nmethod  ] Register NMethod: java.util.Objects.requireNonNull (0x0000029cc9b83088) [0x0000029cc9b83180, 0x0000029cc9b83208] Compiler: c2, Barriers: 0, Oops: 0, ImmediateOops: 0, NonImmediateOops: No
[2024-10-26T03:26:24.767+0530][0.158s][debug][gc,nmethod  ] Register NMethod: jdk.internal.classfile.impl.BufWriterImpl.writeU2 (0x0000029cc2059788) [0x0000029cc20598a0, 0x0000029cc20599e8] Compiler: c1, Barriers: 0, Oops: 0, ImmediateOops: 0, NonImmediateOops: No
[2024-10-26T03:26:24.767+0530][0.158s][debug][gc,nmethod  ] Register NMethod: java.nio.HeapByteBuffer.ix (0x0000029cc2059a88) [0x0000029cc2059ba0, 0x0000029cc2059cb0] Compiler: c1, Barriers: 0, Oops: 0, ImmediateOops: 0, NonImmediateOops: No
[2024-10-26T03:26:24.767+0530][0.158s][debug][gc,nmethod  ] Register NMethod: java.nio.HeapByteBuffer.get (0x0000029cc2059d88) [0x0000029cc2059ec0, 0x0000029cc205a150] Compiler: c1, Barriers: 1, Oops: 1, ImmediateOops: 1, NonImmediateOops: No
[2024-10-26T03:26:24.767+0530][0.158s][debug][gc,nmethod  ] Register NMethod: jdk.internal.classfile.impl.RawBytecodeHelper.isLastBytecode (0x0000029cc205a188) [0x0000029cc205a2a0, 0x0000029cc205a400] Compiler: c1, Barriers: 0, Oops: 0, ImmediateOops: 0, NonImmediateOops: No
[2024-10-26T03:26:24.768+0530][0.159s][debug][gc,nmethod  ] Register NMethod: jdk.internal.classfile.impl.AbstractPoolEntry.width (0x0000029cc205a488) [0x0000029cc205a5a0, 0x0000029cc205a748] Compiler: c1, Barriers: 0, Oops: 0, ImmediateOops: 0, NonImmediateOops: No
[2024-10-26T03:26:24.768+0530][0.159s][debug][gc,nmethod  ] Register NMethod: jdk.internal.classfile.impl.RawBytecodeHelper.rawNext (0x0000029cc205a788) [0x0000029cc205a980, 0x0000029cc205b7a0] Compiler: c1, Barriers: 7, Oops: 1, ImmediateOops: 2, NonImmediateOops: No
[2024-10-26T03:26:24.768+0530][0.159s][debug][gc,nmethod  ] Register NMethod: jdk.internal.classfile.impl.SplitConstantPool.entryByIndex (0x0000029cc205b808) [0x0000029cc205ba80, 0x0000029cc205c760] Compiler: c1, Barriers: 3, Oops: 2, ImmediateOops: 5, NonImmediateOops: No
[2024-10-26T03:26:24.769+0530][0.159s][debug][gc,nmethod  ] Register NMethod: jdk.internal.org.objectweb.asm.ByteVector.put122 (0x0000029cc205c808) [0x0000029cc205c940, 0x0000029cc205cc18] Compiler: c1, Barriers: 2, Oops: 0, ImmediateOops: 0, NonImmediateOops: No
[2024-10-26T03:26:24.769+0530][0.160s][debug][gc,nmethod  ] Register NMethod: java.lang.invoke.MethodType.genericMethodType (0x0000029cc205cc88) [0x0000029cc205cea0, 0x0000029cc205dbf0] Compiler: c1, Barriers: 7, Oops: 1, ImmediateOops: 7, NonImmediateOops: No
[2024-10-26T03:26:24.769+0530][0.160s][debug][gc,nmethod  ] Register NMethod: java.lang.CharacterData.of (0x0000029cc205dc88) [0x0000029cc205de40, 0x0000029cc205e7e0] Compiler: c1, Barriers: 7, Oops: 0, ImmediateOops: 1, NonImmediateOops: No
[2024-10-26T03:26:24.769+0530][0.160s][debug][gc,nmethod  ] Register NMethod: java.lang.Record.<init> (0x0000029cc205e808) [0x0000029cc205e920, 0x0000029cc205ea88] Compiler: c1, Barriers: 0, Oops: 0, ImmediateOops: 0, NonImmediateOops: No
[2024-10-26T03:26:24.769+0530][0.160s][debug][gc,nmethod  ] Register NMethod: java.util.HashMap.putVal (0x0000029cc205eb08) [0x0000029cc205ed60, 0x0000029cc205ffc8] Compiler: c1, Barriers: 15, Oops: 0, ImmediateOops: 0, NonImmediateOops: No
[2024-10-26T03:26:24.769+0530][0.160s][debug][gc,nmethod  ] Register NMethod: java.lang.String.toString (0x0000029cc2060008) [0x0000029cc2060120, 0x0000029cc2060230] Compiler: c1, Barriers: 0, Oops: 0, ImmediateOops: 0, NonImmediateOops: No
[2024-10-26T03:26:24.769+0530][0.160s][debug][gc,nmethod  ] Register NMethod: jdk.internal.classfile.impl.EntryMap.firstToken (0x0000029cc2060308) [0x0000029cc2060460, 0x0000029cc2060840] Compiler: c1, Barriers: 1, Oops: 0, ImmediateOops: 1, NonImmediateOops: No
[2024-10-26T03:26:24.769+0530][0.160s][debug][gc,nmethod  ] Register NMethod: jdk.internal.classfile.impl.AbstractPoolEntry.<init> (0x0000029cc2060888) [0x0000029cc20609a0, 0x0000029cc2060b88] Compiler: c1, Barriers: 3, Oops: 0, ImmediateOops: 0, NonImmediateOops: No
[2024-10-26T03:26:24.770+0530][0.160s][debug][gc,nmethod  ] Register NMethod: jdk.internal.classfile.impl.EntryMap.put (0x0000029cc2060c08) [0x0000029cc2060dc0, 0x0000029cc20614c0] Compiler: c1, Barriers: 1, Oops: 0, ImmediateOops: 1, NonImmediateOops: No
[2024-10-26T03:26:24.770+0530][0.161s][debug][gc,nmethod  ] Register NMethod: jdk.internal.classfile.impl.SplitConstantPool.canWriteDirect (0x0000029cc2061508) [0x0000029cc2061620, 0x0000029cc20617d8] Compiler: c1, Barriers: 1, Oops: 0, ImmediateOops: 0, NonImmediateOops: No
[2024-10-26T03:26:24.770+0530][0.161s][debug][gc,nmethod  ] Register NMethod: java.util.AbstractList.<init> (0x0000029cc2061808) [0x0000029cc2061920, 0x0000029cc2061af0] Compiler: c1, Barriers: 0, Oops: 0, ImmediateOops: 0, NonImmediateOops: No
[2024-10-26T03:26:24.770+0530][0.161s][debug][gc,nmethod  ] Register NMethod: jdk.internal.classfile.impl.SplitConstantPool.internalAdd (0x0000029cc2061b88) [0x0000029cc2061cc0, 0x0000029cc2061ee8] Compiler: c1, Barriers: 0, Oops: 0, ImmediateOops: 0, NonImmediateOops: No
[2024-10-26T03:26:24.770+0530][0.161s][debug][gc,nmethod  ] Register NMethod: jdk.internal.classfile.impl.AbstractPoolEntry.hashCode (0x0000029cc9b83388) [0x0000029cc9b834a0, 0x0000029cc9b83568] Compiler: c1, Barriers: 0, Oops: 0, ImmediateOops: 0, NonImmediateOops: No
[2024-10-26T03:26:24.770+0530][0.161s][debug][gc,nmethod  ] Register NMethod: jdk.internal.classfile.impl.SplitConstantPool.internalAdd (0x0000029cc2061f08) [0x0000029cc20620a0, 0x0000029cc2062880] Compiler: c1, Barriers: 8, Oops: 0, ImmediateOops: 1, NonImmediateOops: No
[2024-10-26T03:26:24.770+0530][0.161s][debug][gc,nmethod  ] Register NMethod: jdk.internal.classfile.impl.AbstractInstruction$UnboundInstruction.<init> (0x0000029cc2062908) [0x0000029cc2062a40, 0x0000029cc2062d00] Compiler: c1, Barriers: 3, Oops: 0, ImmediateOops: 0, NonImmediateOops: No
[2024-10-26T03:26:24.770+0530][0.161s][debug][gc,nmethod  ] Register NMethod: java.lang.classfile.Opcode.isWide (0x0000029cc2062d88) [0x0000029cc2062ea0, 0x0000029cc2063000] Compiler: c1, Barriers: 0, Oops: 0, ImmediateOops: 0, NonImmediateOops: No
[2024-10-26T03:26:24.770+0530][0.161s][debug][gc,nmethod  ] Register NMethod: jdk.internal.classfile.impl.AbstractInstruction.<init> (0x0000029cc2063088) [0x0000029cc20631c0, 0x0000029cc2063400] Compiler: c1, Barriers: 3, Oops: 0, ImmediateOops: 0, NonImmediateOops: No
[2024-10-26T03:26:24.770+0530][0.161s][debug][gc,nmethod  ] Register NMethod: jdk.internal.classfile.impl.DirectCodeBuilder.writeBytecode (0x0000029cc2063488) [0x0000029cc2063600, 0x0000029cc2063a70] Compiler: c1, Barriers: 2, Oops: 0, ImmediateOops: 0, NonImmediateOops: No
[2024-10-26T03:26:24.771+0530][0.161s][debug][gc,nmethod  ] Register NMethod: jdk.internal.classfile.impl.Util.checkKind (0x0000029cc2063b08) [0x0000029cc2063cc0, 0x0000029cc2064570] Compiler: c1, Barriers: 10, Oops: 1, ImmediateOops: 1, NonImmediateOops: No
[2024-10-26T03:26:24.771+0530][0.162s][debug][gc,nmethod  ] Register NMethod: jdk.internal.classfile.impl.AbstractPoolEntry.tag (0x0000029cc9b83688) [0x0000029cc9b837a0, 0x0000029cc9b83870] Compiler: c1, Barriers: 0, Oops: 0, ImmediateOops: 0, NonImmediateOops: No
[2024-10-26T03:26:24.771+0530][0.162s][debug][gc,nmethod  ] Register NMethod: java.lang.Integer.intValue (0x0000029cc9b83988) [0x0000029cc9b83aa0, 0x0000029cc9b83b68] Compiler: c1, Barriers: 0, Oops: 0, ImmediateOops: 0, NonImmediateOops: No
[2024-10-26T03:26:24.771+0530][0.162s][debug][gc,nmethod  ] Register NMethod: jdk.internal.classfile.impl.AbstractPoolEntry.hashString (0x0000029cc2064608) [0x0000029cc2064720, 0x0000029cc2064818] Compiler: c1, Barriers: 0, Oops: 0, ImmediateOops: 0, NonImmediateOops: No
[2024-10-26T03:26:24.771+0530][0.162s][debug][gc,nmethod  ] Register NMethod: jdk.internal.classfile.impl.AbstractDirectBuilder.constantPool (0x0000029cc9b83c88) [0x0000029cc9b83da0, 0x0000029cc9b83e98] Compiler: c1, Barriers: 1, Oops: 0, ImmediateOops: 0, NonImmediateOops: No
[2024-10-26T03:26:24.771+0530][0.162s][debug][gc,nmethod  ] Register NMethod: jdk.internal.classfile.impl.AbstractPoolEntry$Utf8EntryImpl.hashCode (0x0000029cc2064908) [0x0000029cc2064a40, 0x0000029cc2064bf8] Compiler: c1, Barriers: 1, Oops: 0, ImmediateOops: 1, NonImmediateOops: No
[2024-10-26T03:26:24.771+0530][0.162s][debug][gc,nmethod  ] Register NMethod: jdk.internal.classfile.impl.SplitConstantPool.utf8Entry (0x0000029cc2064c08) [0x0000029cc2064d20, 0x0000029cc2064e58] Compiler: c1, Barriers: 0, Oops: 0, ImmediateOops: 0, NonImmediateOops: No
[2024-10-26T03:26:24.771+0530][0.162s][debug][gc,nmethod  ] Register NMethod: jdk.internal.classfile.impl.AbstractPoolEntry.maybeClone (0x0000029cc2064f08) [0x0000029cc2065040, 0x0000029cc20652d8] Compiler: c1, Barriers: 0, Oops: 0, ImmediateOops: 0, NonImmediateOops: No
[2024-10-26T03:26:24.771+0530][0.162s][debug][gc,nmethod  ] Register NMethod: jdk.internal.constant.ConstantUtils.skipOverFieldSignature (0x0000029cc2065308) [0x0000029cc2065600, 0x0000029cc2066d30] Compiler: c1, Barriers: 7, Oops: 2, ImmediateOops: 5, NonImmediateOops: No
[2024-10-26T03:26:24.771+0530][0.162s][debug][gc,nmethod  ] Register NMethod: jdk.internal.classfile.impl.SplitConstantPool.utf8Entry (0x0000029cc2066e08) [0x0000029cc2066fa0, 0x0000029cc2067538] Compiler: c1, Barriers: 1, Oops: 0, ImmediateOops: 1, NonImmediateOops: No
[2024-10-26T03:26:24.771+0530][0.162s][debug][gc,nmethod  ] Register NMethod: java.lang.Class.descriptorString (0x0000029cc2067588) [0x0000029cc20679a0, 0x0000029cc2069350] Compiler: c1, Barriers: 7, Oops: 1, ImmediateOops: 4, NonImmediateOops: No
[2024-10-26T03:26:24.771+0530][0.162s][debug][gc,nmethod  ] Register NMethod: java.util.BitSet.wordIndex (0x0000029cc2069408) [0x0000029cc2069520, 0x0000029cc2069610] Compiler: c1, Barriers: 0, Oops: 0, ImmediateOops: 0, NonImmediateOops: No
[2024-10-26T03:26:24.771+0530][0.162s][debug][gc,nmethod  ] Register NMethod: java.util.ArrayList$Itr.checkForComodification (0x0000029cc2069708) [0x0000029cc2069840, 0x0000029cc2069a38] Compiler: c1, Barriers: 1, Oops: 0, ImmediateOops: 0, NonImmediateOops: No
[2024-10-26T03:26:24.771+0530][0.162s][debug][gc,nmethod  ] Register NMethod: java.util.BitSet.checkInvariants (0x0000029cc2069a88) [0x0000029cc2069ba0, 0x0000029cc2069cd8] Compiler: c1, Barriers: 0, Oops: 0, ImmediateOops: 0, NonImmediateOops: No
[2024-10-26T03:26:24.771+0530][0.162s][debug][gc,nmethod  ] Register NMethod: java.util.ArrayList$Itr.next (0x0000029cc2069d88) [0x0000029cc2069f00, 0x0000029cc206a340] Compiler: c1, Barriers: 3, Oops: 0, ImmediateOops: 0, NonImmediateOops: No
[2024-10-26T03:26:24.772+0530][0.162s][debug][gc,nmethod  ] Register NMethod: java.util.AbstractSet.<init> (0x0000029cc206a388) [0x0000029cc206a4a0, 0x0000029cc206a668] Compiler: c1, Barriers: 0, Oops: 0, ImmediateOops: 0, NonImmediateOops: No
[2024-10-26T03:26:24.772+0530][0.163s][debug][gc,nmethod  ] Register NMethod: jdk.internal.classfile.impl.SplitConstantPool.tryFindUtf8 (0x0000029cc206a708) [0x0000029cc206a940, 0x0000029cc206b6b0] Compiler: c1, Barriers: 3, Oops: 0, ImmediateOops: 1, NonImmediateOops: No
[2024-10-26T03:26:24.772+0530][0.163s][debug][gc,nmethod  ] Register NMethod: jdk.internal.classfile.impl.BufWriterImpl.writeIndex (0x0000029cc206b788) [0x0000029cc206b9c0, 0x0000029cc206c688] Compiler: c1, Barriers: 1, Oops: 1, ImmediateOops: 3, NonImmediateOops: No
[2024-10-26T03:26:24.772+0530][0.163s][debug][gc,nmethod  ] Register NMethod: jdk.internal.constant.MethodTypeDescImpl.parameterCount (0x0000029cc206c708) [0x0000029cc206c820, 0x0000029cc206c960] Compiler: c1, Barriers: 1, Oops: 0, ImmediateOops: 0, NonImmediateOops: No
[2024-10-26T03:26:24.772+0530][0.163s][debug][gc,nmethod  ] Register NMethod: java.util.BitSet.expandTo (0x0000029cc206ca08) [0x0000029cc206cb20, 0x0000029cc206ccb0] Compiler: c1, Barriers: 0, Oops: 0, ImmediateOops: 0, NonImmediateOops: No
[2024-10-26T03:26:24.772+0530][0.163s][debug][gc,nmethod  ] Register NMethod: jdk.internal.classfile.impl.StackCounter.addStackSlot (0x0000029cc206cd08) [0x0000029cc206ce20, 0x0000029cc206cf68] Compiler: c1, Barriers: 0, Oops: 0, ImmediateOops: 0, NonImmediateOops: No
[2024-10-26T03:26:24.772+0530][0.163s][debug][gc,nmethod  ] Register NMethod: java.util.BitSet.set (0x0000029cc206d008) [0x0000029cc206d1e0, 0x0000029cc206da20] Compiler: c1, Barriers: 1, Oops: 1, ImmediateOops: 2, NonImmediateOops: No
[2024-10-26T03:26:24.772+0530][0.163s][debug][gc,nmethod  ] Register NMethod: java.lang.reflect.Method.getName (0x0000029cc9b83f88) [0x0000029cc9b840a0, 0x0000029cc9b84198] Compiler: c1, Barriers: 1, Oops: 0, ImmediateOops: 0, NonImmediateOops: No
[2024-10-26T03:26:24.772+0530][0.163s][debug][gc,nmethod  ] Register NMethod: java.lang.System.identityHashCode (0x0000029cc9b84288) [0x0000029cc9b843a0, 0x0000029cc9b845f8] Compiler: , Barriers: 0, Oops: 0, ImmediateOops: 1, NonImmediateOops: No
[2024-10-26T03:26:24.773+0530][0.164s][debug][gc,nmethod  ] Register NMethod: java.util.ArrayList.<init> (0x0000029cc206da88) [0x0000029cc206dbc0, 0x0000029cc206de68] Compiler: c1, Barriers: 3, Oops: 0, ImmediateOops: 1, NonImmediateOops: No
[2024-10-26T03:26:24.773+0530][0.164s][debug][gc,nmethod  ] Register NMethod: jdk.internal.classfile.impl.BufWriterImpl.reserveSpace (0x0000029cc9b84608) [0x0000029cc9b84720, 0x0000029cc9b848e8] Compiler: c2, Barriers: 4, Oops: 0, ImmediateOops: 0, NonImmediateOops: No
[2024-10-26T03:26:24.773+0530][0.164s][debug][gc,nmethod  ] Register NMethod: jdk.internal.classfile.impl.AbstractPoolEntry$Utf8EntryImpl.writeTo (0x0000029cc206df08) [0x0000029cc206e380, 0x0000029cc2070960] Compiler: c1, Barriers: 14, Oops: 1, ImmediateOops: 7, NonImmediateOops: No
[2024-10-26T03:26:24.773+0530][0.164s][debug][gc,nmethod  ] Register NMethod: jdk.internal.misc.Unsafe.allocateInstance (0x0000029cc9b84908) [0x0000029cc9b84a40, 0x0000029cc9b84e70] Compiler: , Barriers: 0, Oops: 0, ImmediateOops: 0, NonImmediateOops: No
[2024-10-26T03:26:24.773+0530][0.164s][debug][gc,nmethod  ] Register NMethod: java.lang.classfile.Opcode.constantValue (0x0000029cc9b84e88) [0x0000029cc9b84fa0, 0x0000029cc9b85098] Compiler: c1, Barriers: 1, Oops: 0, ImmediateOops: 0, NonImmediateOops: No
[2024-10-26T03:26:24.773+0530][0.164s][debug][gc,nmethod  ] Register NMethod: jdk.internal.classfile.impl.AbstractPoolEntry.hash1 (0x0000029cc2070a88) [0x0000029cc2070ba0, 0x0000029cc2070ca0] Compiler: c1, Barriers: 0, Oops: 0, ImmediateOops: 0, NonImmediateOops: No
[2024-10-26T03:26:24.773+0530][0.164s][debug][gc,nmethod  ] Register NMethod: jdk.internal.classfile.impl.SplitConstantPool.maybeCloneUtf8Entry (0x0000029cc2070d88) [0x0000029cc2070f40, 0x0000029cc20716d0] Compiler: c1, Barriers: 4, Oops: 0, ImmediateOops: 2, NonImmediateOops: No
[2024-10-26T03:26:24.773+0530][0.164s][debug][gc,nmethod  ] Register NMethod: jdk.internal.classfile.impl.AbstractPoolEntry.hash2 (0x0000029cc2071708) [0x0000029cc2071820, 0x0000029cc2071930] Compiler: c1, Barriers: 0, Oops: 0, ImmediateOops: 0, NonImmediateOops: No
[2024-10-26T03:26:24.774+0530][0.164s][debug][gc,nmethod  ] Register NMethod: java.util.ArrayList$Itr.<init> (0x0000029cc2071a08) [0x0000029cc2071b20, 0x0000029cc2071d10] Compiler: c1, Barriers: 3, Oops: 0, ImmediateOops: 0, NonImmediateOops: No
[2024-10-26T03:26:24.774+0530][0.165s][debug][gc,nmethod  ] Register NMethod: java.util.ArrayList.iterator (0x0000029cc2071d88) [0x0000029cc2071ec0, 0x0000029cc2072170] Compiler: c1, Barriers: 3, Oops: 0, ImmediateOops: 0, NonImmediateOops: No
[2024-10-26T03:26:24.774+0530][0.165s][debug][gc,nmethod  ] Register NMethod: jdk.internal.classfile.impl.BufWriterImpl.writeIntBytes (0x0000029cc9b85188) [0x0000029cc9b852a0, 0x0000029cc9b85570] Compiler: c2, Barriers: 5, Oops: 0, ImmediateOops: 0, NonImmediateOops: No
[2024-10-26T03:26:24.774+0530][0.165s][debug][gc,nmethod  ] Register NMethod: jdk.internal.classfile.impl.Util.slotSize (0x0000029cc2072208) [0x0000029cc20723a0, 0x0000029cc2072b10] Compiler: c1, Barriers: 2, Oops: 1, ImmediateOops: 2, NonImmediateOops: No
[2024-10-26T03:26:24.774+0530][0.165s][debug][gc,nmethod  ] Register NMethod: java.util.ImmutableCollections$List12.size (0x0000029cc2072b88) [0x0000029cc2072ca0, 0x0000029cc2072e58] Compiler: c1, Barriers: 1, Oops: 0, ImmediateOops: 1, NonImmediateOops: No
[2024-10-26T03:26:24.774+0530][0.165s][debug][gc,nmethod  ] Register NMethod: jdk.internal.classfile.impl.DirectCodeBuilder.labelToBci (0x0000029cc2072e88) [0x0000029cc2073120, 0x0000029cc2074678] Compiler: c1, Barriers: 23, Oops: 1, ImmediateOops: 1, NonImmediateOops: No
[2024-10-26T03:26:24.774+0530][0.165s][debug][gc,nmethod  ] Register NMethod: java.lang.CharacterDataLatin1.getProperties (0x0000029cc2074708) [0x0000029cc2074820, 0x0000029cc2074960] Compiler: c1, Barriers: 0, Oops: 0, ImmediateOops: 1, NonImmediateOops: No
[2024-10-26T03:26:24.774+0530][0.165s][debug][gc,nmethod  ] Register NMethod: java.nio.HeapByteBuffer.byteOffset (0x0000029cc2074a08) [0x0000029cc2074b20, 0x0000029cc2074c30] Compiler: c1, Barriers: 0, Oops: 0, ImmediateOops: 0, NonImmediateOops: No
[2024-10-26T03:26:24.774+0530][0.165s][debug][gc,nmethod  ] Register NMethod: sun.reflect.generics.parser.SignatureParser.current (0x0000029cc2074d08) [0x0000029cc2074ea0, 0x0000029cc20755d0] Compiler: c1, Barriers: 2, Oops: 1, ImmediateOops: 2, NonImmediateOops: No
[2024-10-26T03:26:24.775+0530][0.165s][debug][gc,nmethod  ] Register NMethod: sun.reflect.generics.parser.SignatureParser.advance (0x0000029cc2075688) [0x0000029cc20757c0, 0x0000029cc2075a70] Compiler: c1, Barriers: 2, Oops: 0, ImmediateOops: 0, NonImmediateOops: No
[2024-10-26T03:26:24.775+0530][0.165s][debug][gc,nmethod  ] Register NMethod: java.lang.Character.isWhitespace (0x0000029cc2075b08) [0x0000029cc2075c40, 0x0000029cc2075e38] Compiler: c1, Barriers: 0, Oops: 0, ImmediateOops: 0, NonImmediateOops: No
[2024-10-26T03:26:24.775+0530][0.166s][debug][gc,nmethod  ] Register NMethod: java.lang.Character.isWhitespace (0x0000029cc2075e88) [0x0000029cc2075fc0, 0x0000029cc2076218] Compiler: c1, Barriers: 0, Oops: 0, ImmediateOops: 0, NonImmediateOops: No
[2024-10-26T03:26:24.775+0530][0.166s][debug][gc,nmethod  ] Register NMethod: java.lang.CharacterDataLatin1.isWhitespace (0x0000029cc2076288) [0x0000029cc20763a0, 0x0000029cc20765a0] Compiler: c1, Barriers: 0, Oops: 0, ImmediateOops: 1, NonImmediateOops: No
[2024-10-26T03:26:24.775+0530][0.166s][debug][gc,nmethod  ] Register NMethod: java.util.ArrayList.isEmpty (0x0000029cc2076608) [0x0000029cc2076720, 0x0000029cc2076878] Compiler: c1, Barriers: 0, Oops: 0, ImmediateOops: 0, NonImmediateOops: No
[2024-10-26T03:26:24.775+0530][0.166s][debug][gc,nmethod  ] Register NMethod: jdk.internal.constant.MethodTypeDescImpl.parameterType (0x0000029cc2076908) [0x0000029cc2076a20, 0x0000029cc2076bb8] Compiler: c1, Barriers: 2, Oops: 0, ImmediateOops: 0, NonImmediateOops: No
[2024-10-26T03:26:24.775+0530][0.166s][debug][gc,nmethod  ] Register NMethod: jdk.internal.classfile.impl.SplitConstantPool$2.fetchElement (0x0000029cc2076c08) [0x0000029cc2076d40, 0x0000029cc2076f18] Compiler: c1, Barriers: 1, Oops: 0, ImmediateOops: 0, NonImmediateOops: No
[2024-10-26T03:26:24.775+0530][0.166s][debug][gc,nmethod  ] Register NMethod: jdk.internal.classfile.impl.AbstractPoolEntry$Utf8EntryImpl.toString (0x0000029cc2076f88) [0x0000029cc2077100, 0x0000029cc2077660] Compiler: c1, Barriers: 11, Oops: 0, ImmediateOops: 5, NonImmediateOops: No
[2024-10-26T03:26:24.775+0530][0.166s][debug][gc,nmethod  ] Register NMethod: jdk.internal.classfile.impl.SplitConstantPool$2.fetchElement (0x0000029cc2077688) [0x0000029cc20777c0, 0x0000029cc2077938] Compiler: c1, Barriers: 1, Oops: 0, ImmediateOops: 0, NonImmediateOops: No
[2024-10-26T03:26:24.775+0530][0.166s][debug][gc,nmethod  ] Register NMethod: jdk.internal.classfile.impl.AbstractInstruction$UnboundInvokeInstruction.method (0x0000029cc9b85588) [0x0000029cc9b856a0, 0x0000029cc9b85798] Compiler: c1, Barriers: 1, Oops: 0, ImmediateOops: 0, NonImmediateOops: No
[2024-10-26T03:26:24.776+0530][0.166s][debug][gc,nmethod  ] Register NMethod: jdk.internal.classfile.impl.AbstractInstruction$UnboundInstruction.writeTo (0x0000029cc2077988) [0x0000029cc2077ac0, 0x0000029cc2077c40] Compiler: c1, Barriers: 1, Oops: 0, ImmediateOops: 0, NonImmediateOops: No
[2024-10-26T03:26:24.776+0530][0.166s][debug][gc,nmethod  ] Register NMethod: jdk.internal.classfile.impl.AbstractPoolEntry$Utf8EntryImpl.<init> (0x0000029cc2077c88) [0x0000029cc2077de0, 0x0000029cc20782e0] Compiler: c1, Barriers: 13, Oops: 0, ImmediateOops: 1, NonImmediateOops: No
[2024-10-26T03:26:24.776+0530][0.167s][debug][gc,nmethod  ] Register NMethod: java.nio.Buffer.capacity (0x0000029cc9b85888) [0x0000029cc9b859a0, 0x0000029cc9b85a68] Compiler: c1, Barriers: 0, Oops: 0, ImmediateOops: 0, NonImmediateOops: No
[2024-10-26T03:26:24.776+0530][0.167s][debug][gc,nmethod  ] Register NMethod: java.util.ImmutableCollections$List12.get (0x0000029cc2078388) [0x0000029cc20784c0, 0x0000029cc20787a8] Compiler: c1, Barriers: 2, Oops: 0, ImmediateOops: 1, NonImmediateOops: No
[2024-10-26T03:26:24.776+0530][0.167s][debug][gc,nmethod  ] Register NMethod: jdk.internal.classfile.impl.StackMapDecoder$StackMapFrameImpl.stack (0x0000029cc9b85b88) [0x0000029cc9b85ca0, 0x0000029cc9b85d98] Compiler: c1, Barriers: 1, Oops: 0, ImmediateOops: 0, NonImmediateOops: No
[2024-10-26T03:26:24.776+0530][0.167s][debug][gc,nmethod  ] Register NMethod: jdk.internal.classfile.impl.DirectMethodBuilder.methodFlags (0x0000029cc9b85e88) [0x0000029cc9b85fa0, 0x0000029cc9b86068] Compiler: c1, Barriers: 0, Oops: 0, ImmediateOops: 0, NonImmediateOops: No
[2024-10-26T03:26:24.776+0530][0.167s][debug][gc,nmethod  ] Register NMethod: java.util.ArrayDeque.inc (0x0000029cc2078808) [0x0000029cc2078920, 0x0000029cc2078a40] Compiler: c1, Barriers: 0, Oops: 0, ImmediateOops: 0, NonImmediateOops: No
[2024-10-26T03:26:24.776+0530][0.167s][debug][gc,nmethod  ] Register NMethod: jdk.internal.classfile.impl.StackMapDecoder$StackMapFrameImpl.locals (0x0000029cc9b86188) [0x0000029cc9b862a0, 0x0000029cc9b86398] Compiler: c1, Barriers: 1, Oops: 0, ImmediateOops: 0, NonImmediateOops: No
[2024-10-26T03:26:24.776+0530][0.167s][debug][gc,nmethod  ] Register NMethod: java.util.ImmutableCollections$ListItr.hasNext (0x0000029cc2078b08) [0x0000029cc2078c20, 0x0000029cc2078d80] Compiler: c1, Barriers: 0, Oops: 0, ImmediateOops: 0, NonImmediateOops: No
[2024-10-26T03:26:24.776+0530][0.167s][debug][gc,nmethod  ] Register NMethod: jdk.internal.classfile.impl.AbstractPseudoInstruction$ExceptionCatchImpl.catchTypeEntry (0x0000029cc9b86488) [0x0000029cc9b865a0, 0x0000029cc9b86698] Compiler: c1, Barriers: 1, Oops: 0, ImmediateOops: 0, NonImmediateOops: No
[2024-10-26T03:26:24.776+0530][0.167s][debug][gc,nmethod  ] Register NMethod: java.nio.Buffer.checkIndex (0x0000029cc2078e08) [0x0000029cc2078f20, 0x0000029cc2079080] Compiler: c1, Barriers: 0, Oops: 1, ImmediateOops: 1, NonImmediateOops: No
[2024-10-26T03:26:24.776+0530][0.167s][debug][gc,nmethod  ] Register NMethod: jdk.internal.constant.PrimitiveClassDescImpl.descriptorString (0x0000029cc9b86788) [0x0000029cc9b868a0, 0x0000029cc9b86998] Compiler: c1, Barriers: 1, Oops: 0, ImmediateOops: 0, NonImmediateOops: No
[2024-10-26T03:26:24.776+0530][0.167s][debug][gc,nmethod  ] Register NMethod: jdk.internal.constant.MethodTypeDescImpl.returnType (0x0000029cc9b86a88) [0x0000029cc9b86ba0, 0x0000029cc9b86c98] Compiler: c1, Barriers: 1, Oops: 0, ImmediateOops: 0, NonImmediateOops: No
[2024-10-26T03:26:24.776+0530][0.167s][debug][gc,nmethod  ] Register NMethod: jdk.internal.misc.ScopedMemoryAccess.getShortUnalignedInternal (0x0000029cc2079108) [0x0000029cc2079260, 0x0000029cc2079578] Compiler: c1, Barriers: 0, Oops: 0, ImmediateOops: 1, NonImmediateOops: No
[2024-10-26T03:26:24.776+0530][0.167s][debug][gc,nmethod  ] Register NMethod: jdk.internal.misc.ScopedMemoryAccess.getShortUnaligned (0x0000029cc2079608) [0x0000029cc2079780, 0x0000029cc2079c30] Compiler: c1, Barriers: 0, Oops: 0, ImmediateOops: 1, NonImmediateOops: No
[2024-10-26T03:26:24.777+0530][0.168s][debug][gc,nmethod  ] Register NMethod: java.lang.Class.getModifiers (0x0000029cc9b86d88) [0x0000029cc9b86ea0, 0x0000029cc9b870b0] Compiler: , Barriers: 0, Oops: 0, ImmediateOops: 0, NonImmediateOops: No
[2024-10-26T03:26:24.777+0530][0.168s][debug][gc,nmethod  ] Register NMethod: java.lang.reflect.Method.getSharedParameterTypes (0x0000029cc9b87108) [0x0000029cc9b87220, 0x0000029cc9b87318] Compiler: c1, Barriers: 1, Oops: 0, ImmediateOops: 0, NonImmediateOops: No
[2024-10-26T03:26:24.777+0530][0.168s][debug][gc,nmethod  ] Register NMethod: java.lang.reflect.Method.getModifiers (0x0000029cc9b87408) [0x0000029cc9b87520, 0x0000029cc9b875e8] Compiler: c1, Barriers: 0, Oops: 0, ImmediateOops: 0, NonImmediateOops: No
[2024-10-26T03:26:24.777+0530][0.168s][debug][gc,nmethod  ] Register NMethod: java.lang.reflect.Method.getReturnType (0x0000029cc9b87708) [0x0000029cc9b87820, 0x0000029cc9b87918] Compiler: c1, Barriers: 1, Oops: 0, ImmediateOops: 0, NonImmediateOops: No
[2024-10-26T03:26:24.777+0530][0.168s][debug][gc,nmethod  ] Register NMethod: jdk.internal.classfile.impl.UnboundAttribute.attributeMapper (0x0000029cc9b87a08) [0x0000029cc9b87b20, 0x0000029cc9b87c18] Compiler: c1, Barriers: 1, Oops: 0, ImmediateOops: 0, NonImmediateOops: No
[2024-10-26T03:26:24.778+0530][0.168s][debug][gc,nmethod  ] Register NMethod: jdk.internal.classfile.impl.AbstractPoolEntry$ClassEntryImpl.clone (0x0000029cc2079c88) [0x0000029cc2079da0, 0x0000029cc2079ed8] Compiler: c1, Barriers: 0, Oops: 0, ImmediateOops: 0, NonImmediateOops: No
[2024-10-26T03:26:24.778+0530][0.169s][debug][gc,nmethod  ] Register NMethod: jdk.internal.classfile.impl.AbstractPoolEntry$ClassEntryImpl.clone (0x0000029cc2079f88) [0x0000029cc207a0e0, 0x0000029cc207a6c8] Compiler: c1, Barriers: 6, Oops: 0, ImmediateOops: 0, NonImmediateOops: No
[2024-10-26T03:26:24.778+0530][0.169s][debug][gc,nmethod  ] Register NMethod: java.util.ArrayDeque.elementAt (0x0000029cc207a708) [0x0000029cc207a820, 0x0000029cc207a960] Compiler: c1, Barriers: 1, Oops: 0, ImmediateOops: 0, NonImmediateOops: No
[2024-10-26T03:26:24.778+0530][0.169s][debug][gc,nmethod  ] Register NMethod: java.util.ArrayDeque.pollFirst (0x0000029cc207aa08) [0x0000029cc207ab40, 0x0000029cc207af88] Compiler: c1, Barriers: 5, Oops: 0, ImmediateOops: 0, NonImmediateOops: No
[2024-10-26T03:26:24.778+0530][0.169s][debug][gc,nmethod  ] Register NMethod: java.util.ArrayDeque.poll (0x0000029cc207b008) [0x0000029cc207b120, 0x0000029cc207b278] Compiler: c1, Barriers: 0, Oops: 0, ImmediateOops: 0, NonImmediateOops: No
[2024-10-26T03:26:24.778+0530][0.169s][debug][gc,nmethod  ] Register NMethod: jdk.internal.classfile.impl.AbstractPoolEntry$AbstractMemberRefEntry.nameAndType (0x0000029cc207b308) [0x0000029cc207b420, 0x0000029cc207b630] Compiler: c1, Barriers: 1, Oops: 0, ImmediateOops: 0, NonImmediateOops: No
[2024-10-26T03:26:24.778+0530][0.169s][debug][gc,nmethod  ] Register NMethod: jdk.internal.classfile.impl.AbstractPoolEntry$AbstractMemberRefEntry.nameAndType (0x0000029cc207b688) [0x0000029cc207b7a0, 0x0000029cc207ba90] Compiler: c1, Barriers: 1, Oops: 0, ImmediateOops: 0, NonImmediateOops: No
[2024-10-26T03:26:24.778+0530][0.169s][debug][gc,nmethod  ] Register NMethod: java.nio.HeapByteBuffer.getShort (0x0000029cc207bb08) [0x0000029cc207bcc0, 0x0000029cc207c5b8] Compiler: c1, Barriers: 2, Oops: 2, ImmediateOops: 3, NonImmediateOops: No
[2024-10-26T03:26:24.779+0530][0.170s][debug][gc,nmethod  ] Register NMethod: java.util.HashSet.contains (0x0000029cc207c688) [0x0000029cc207c7c0, 0x0000029cc207ca68] Compiler: c1, Barriers: 1, Oops: 0, ImmediateOops: 0, NonImmediateOops: No
[2024-10-26T03:26:24.779+0530][0.170s][debug][gc,nmethod  ] Register NMethod: java.util.ImmutableCollections$ListN.size (0x0000029cc207ca88) [0x0000029cc207cba0, 0x0000029cc207cce0] Compiler: c1, Barriers: 1, Oops: 0, ImmediateOops: 0, NonImmediateOops: No
[2024-10-26T03:26:24.779+0530][0.170s][debug][gc,nmethod  ] Register NMethod: java.util.LinkedHashMap.removeEldestEntry (0x0000029cc9b87d08) [0x0000029cc9b87e20, 0x0000029cc9b87ee8] Compiler: c1, Barriers: 0, Oops: 0, ImmediateOops: 0, NonImmediateOops: No
[2024-10-26T03:26:24.780+0530][0.170s][debug][gc,director ] Rule Major: Warmup 10%, Used: 12MB, UsedThreshold: 204MB
[2024-10-26T03:26:24.780+0530][0.171s][debug][gc,nmethod  ] Register NMethod: jdk.internal.org.objectweb.asm.ByteVector.putInt (0x0000029cc207cd88) [0x0000029cc207cec0, 0x0000029cc207d170] Compiler: c1, Barriers: 2, Oops: 0, ImmediateOops: 0, NonImmediateOops: No
[2024-10-26T03:26:24.780+0530][0.171s][debug][gc,nmethod  ] Register NMethod: jdk.jfr.internal.EventWriterKey.match (0x0000029cc207d188) [0x0000029cc207d320, 0x0000029cc207dae8] Compiler: c1, Barriers: 1, Oops: 1, ImmediateOops: 2, NonImmediateOops: No
[2024-10-26T03:26:24.780+0530][0.171s][debug][gc,nmethod  ] Register NMethod: java.lang.invoke.MethodType.rtype (0x0000029cc9b88008) [0x0000029cc9b88120, 0x0000029cc9b88218] Compiler: c1, Barriers: 1, Oops: 0, ImmediateOops: 0, NonImmediateOops: No
[2024-10-26T03:26:24.781+0530][0.172s][debug][gc,nmethod  ] Register NMethod: java.lang.invoke.LambdaForm.internArgument (0x0000029cc207db88) [0x0000029cc207dce0, 0x0000029cc207e0e8] Compiler: c1, Barriers: 4, Oops: 0, ImmediateOops: 1, NonImmediateOops: No
[2024-10-26T03:26:24.781+0530][0.172s][debug][gc,nmethod  ] Register NMethod: java.lang.invoke.LambdaForm.parameter (0x0000029cc207e108) [0x0000029cc207e220, 0x0000029cc207e3c8] Compiler: c1, Barriers: 2, Oops: 0, ImmediateOops: 0, NonImmediateOops: No
[2024-10-26T03:26:24.781+0530][0.172s][debug][gc,nmethod  ] Register NMethod: java.lang.invoke.LambdaForm.parameterType (0x0000029cc207e408) [0x0000029cc207e540, 0x0000029cc207e6d0] Compiler: c1, Barriers: 1, Oops: 0, ImmediateOops: 0, NonImmediateOops: No
[2024-10-26T03:26:24.781+0530][0.172s][debug][gc,nmethod  ] Register NMethod: jdk.internal.org.objectweb.asm.SymbolTable.getMajorVersion (0x0000029cc9b88308) [0x0000029cc9b88420, 0x0000029cc9b884e8] Compiler: c1, Barriers: 0, Oops: 0, ImmediateOops: 0, NonImmediateOops: No
[2024-10-26T03:26:24.781+0530][0.172s][debug][gc,nmethod  ] Register NMethod: jdk.internal.org.objectweb.asm.Handler.getExceptionTableLength (0x0000029cc207e708) [0x0000029cc207e820, 0x0000029cc207e9e8] Compiler: c1, Barriers: 1, Oops: 0, ImmediateOops: 0, NonImmediateOops: No
[2024-10-26T03:26:24.781+0530][0.172s][debug][gc,nmethod  ] Register NMethod: java.lang.invoke.MethodType.parameterSlotCount (0x0000029cc207ea08) [0x0000029cc207eb20, 0x0000029cc207ec78] Compiler: c1, Barriers: 1, Oops: 0, ImmediateOops: 0, NonImmediateOops: No
[2024-10-26T03:26:24.782+0530][0.172s][debug][gc,nmethod  ] Register NMethod: java.lang.reflect.Array.newArray (0x0000029cc9b88608) [0x0000029cc9b88740, 0x0000029cc9b88b78] Compiler: , Barriers: 0, Oops: 0, ImmediateOops: 1, NonImmediateOops: No
[2024-10-26T03:26:24.782+0530][0.173s][debug][gc,nmethod  ] Register NMethod: java.lang.invoke.MethodHandle.linkToStatic (0x0000029cc9b88b88) [0x0000029cc9b88c80, 0x0000029cc9b88d90] Compiler: , Barriers: 0, Oops: 0, ImmediateOops: 0, NonImmediateOops: No
[2024-10-26T03:26:24.782+0530][0.173s][debug][gc,nmethod  ] Register NMethod: java.lang.invoke.MethodHandle.invokeBasic (0x0000029cc9b88e88) [0x0000029cc9b88fa0, 0x0000029cc9b89290] Compiler: , Barriers: 0, Oops: 0, ImmediateOops: 0, NonImmediateOops: No
[2024-10-26T03:26:24.782+0530][0.173s][debug][gc,nmethod  ] Register NMethod: java.lang.invoke.MethodHandle.linkToSpecial (0x0000029cc9b89308) [0x0000029cc9b89400, 0x0000029cc9b89510] Compiler: , Barriers: 0, Oops: 0, ImmediateOops: 0, NonImmediateOops: No
[2024-10-26T03:26:24.782+0530][0.173s][debug][gc,nmethod  ] Register NMethod: java.lang.invoke.MethodHandle.linkToVirtual (0x0000029cc9b89608) [0x0000029cc9b89700, 0x0000029cc9b89730] Compiler: , Barriers: 0, Oops: 0, ImmediateOops: 0, NonImmediateOops: No
[2024-10-26T03:26:24.782+0530][0.173s][debug][gc,nmethod  ] Register NMethod: java.lang.invoke.MethodHandle.linkToVirtual (0x0000029cc9b89908) [0x0000029cc9b89a00, 0x0000029cc9b89a30] Compiler: , Barriers: 0, Oops: 0, ImmediateOops: 0, NonImmediateOops: No
[2024-10-26T03:26:24.783+0530][0.173s][debug][gc,nmethod  ] Register NMethod: sun.invoke.util.Wrapper.forBasicType (0x0000029cc207ed08) [0x0000029cc207eea0, 0x0000029cc207f340] Compiler: c1, Barriers: 0, Oops: 0, ImmediateOops: 19, NonImmediateOops: No
[2024-10-26T03:26:24.783+0530][0.174s][debug][gc,nmethod  ] Register NMethod: java.lang.invoke.MethodType.basicType (0x0000029cc207f388) [0x0000029cc207f4a0, 0x0000029cc207f628] Compiler: c1, Barriers: 2, Oops: 0, ImmediateOops: 0, NonImmediateOops: No
[2024-10-26T03:26:24.783+0530][0.174s][debug][gc,nmethod  ] Register NMethod: java.lang.ref.SoftReference.get (0x0000029cc207f688) [0x0000029cc207f7a0, 0x0000029cc207f968] Compiler: c1, Barriers: 2, Oops: 0, ImmediateOops: 1, NonImmediateOops: No
[2024-10-26T03:26:24.783+0530][0.174s][debug][gc,nmethod  ] Register NMethod: java.lang.invoke.MethodHandle.linkToStatic (0x0000029cc9b89c08) [0x0000029cc9b89d00, 0x0000029cc9b89e10] Compiler: , Barriers: 0, Oops: 0, ImmediateOops: 0, NonImmediateOops: No
[2024-10-26T03:26:24.784+0530][0.174s][debug][gc,nmethod  ] Register NMethod: java.lang.invoke.MemberName.<init> (0x0000029cc207f988) [0x0000029cc207fae0, 0x0000029cc207fdf8] Compiler: c1, Barriers: 0, Oops: 0, ImmediateOops: 1, NonImmediateOops: No
[2024-10-26T03:26:24.784+0530][0.175s][debug][gc,nmethod  ] Register NMethod: java.lang.invoke.LambdaForm$Name.index (0x0000029cc9b89f08) [0x0000029cc9b8a020, 0x0000029cc9b8a0e8] Compiler: c1, Barriers: 0, Oops: 0, ImmediateOops: 0, NonImmediateOops: No
[2024-10-26T03:26:24.784+0530][0.175s][debug][gc,nmethod  ] Register NMethod: java.lang.invoke.MethodHandle.linkToStatic (0x0000029cc9b8a208) [0x0000029cc9b8a300, 0x0000029cc9b8a410] Compiler: , Barriers: 0, Oops: 0, ImmediateOops: 0, NonImmediateOops: No
[2024-10-26T03:26:24.784+0530][0.175s][debug][gc,nmethod  ] Register NMethod: jdk.internal.org.objectweb.asm.MethodWriter.visitVarInsn (0x0000029cc207fe88) [0x0000029cc2080080, 0x0000029cc2080a48] Compiler: c1, Barriers: 4, Oops: 0, ImmediateOops: 1, NonImmediateOops: No
[2024-10-26T03:26:24.784+0530][0.175s][debug][gc,nmethod  ] Register NMethod: java.lang.invoke.MemberName$Factory.resolveOrFail (0x0000029cc2080a88) [0x0000029cc2080c20, 0x0000029cc2081350] Compiler: c1, Barriers: 1, Oops: 0, ImmediateOops: 0, NonImmediateOops: No
[2024-10-26T03:26:24.784+0530][0.175s][debug][gc,nmethod  ] Register NMethod: sun.invoke.util.Wrapper.isSubwordOrInt (0x0000029cc2081388) [0x0000029cc20814c0, 0x0000029cc2081878] Compiler: c1, Barriers: 0, Oops: 0, ImmediateOops: 0, NonImmediateOops: No
[2024-10-26T03:26:24.784+0530][0.175s][debug][gc,nmethod  ] Register NMethod: sun.invoke.util.Wrapper.isNumeric (0x0000029cc2081908) [0x0000029cc2081a20, 0x0000029cc2081b80] Compiler: c1, Barriers: 0, Oops: 0, ImmediateOops: 0, NonImmediateOops: No
[2024-10-26T03:26:24.784+0530][0.175s][debug][gc,nmethod  ] Register NMethod: sun.invoke.util.Wrapper.isIntegral (0x0000029cc2081c08) [0x0000029cc2081d20, 0x0000029cc2081f58] Compiler: c1, Barriers: 0, Oops: 0, ImmediateOops: 0, NonImmediateOops: No
[2024-10-26T03:26:24.785+0530][0.175s][debug][gc,nmethod  ] Register NMethod: jdk.internal.org.objectweb.asm.Frame.execute (0x0000029cc2081f88) [0x0000029cc2082d80, 0x0000029cc2089410] Compiler: c1, Barriers: 20, Oops: 1, ImmediateOops: 12, NonImmediateOops: No
[2024-10-26T03:26:24.785+0530][0.176s][debug][gc,nmethod  ] Register NMethod: java.lang.invoke.MethodType.parameterType (0x0000029cc9b8a508) [0x0000029cc9b8a620, 0x0000029cc9b8a768] Compiler: c2, Barriers: 2, Oops: 0, ImmediateOops: 0, NonImmediateOops: No
[2024-10-26T03:26:24.785+0530][0.176s][debug][gc,nmethod  ] Register NMethod: java.lang.StringLatin1.indexOfChar (0x0000029cc9b8a808) [0x0000029cc9b8a900, 0x0000029cc9b8aa88] Compiler: c2, Barriers: 0, Oops: 0, ImmediateOops: 0, NonImmediateOops: No
[2024-10-26T03:26:24.785+0530][0.176s][debug][gc,nmethod  ] Register NMethod: java.lang.invoke.MemberName.getInvocationType (0x0000029cc2089508) [0x0000029cc20896c0, 0x0000029cc2089fc8] Compiler: c1, Barriers: 7, Oops: 0, ImmediateOops: 0, NonImmediateOops: No
[2024-10-26T03:26:24.785+0530][0.176s][debug][gc,nmethod  ] Register NMethod: java.lang.invoke.MethodHandle.linkToStatic (0x0000029cc9b8ab08) [0x0000029cc9b8ac00, 0x0000029cc9b8ad10] Compiler: , Barriers: 0, Oops: 0, ImmediateOops: 0, NonImmediateOops: No
[2024-10-26T03:26:24.785+0530][0.176s][debug][gc,nmethod  ] Register NMethod: jdk.internal.util.ClassFileDumper.isEnabled (0x0000029cc9b8ae08) [0x0000029cc9b8af20, 0x0000029cc9b8aff0] Compiler: c1, Barriers: 0, Oops: 0, ImmediateOops: 0, NonImmediateOops: No
[2024-10-26T03:26:24.785+0530][0.176s][debug][gc,nmethod  ] Register NMethod: java.lang.invoke.LambdaForm$BasicType.basicTypeClass (0x0000029cc9b8b108) [0x0000029cc9b8b220, 0x0000029cc9b8b318] Compiler: c1, Barriers: 1, Oops: 0, ImmediateOops: 0, NonImmediateOops: No
[2024-10-26T03:26:24.785+0530][0.176s][debug][gc,nmethod  ] Register NMethod: sun.invoke.util.BytecodeDescriptor.unparseSig (0x0000029cc208a088) [0x0000029cc208a220, 0x0000029cc208a680] Compiler: c1, Barriers: 0, Oops: 1, ImmediateOops: 2, NonImmediateOops: No
[2024-10-26T03:26:24.785+0530][0.176s][debug][gc,nmethod  ] Register NMethod: jdk.internal.org.objectweb.asm.ByteVector.<init> (0x0000029cc208a708) [0x0000029cc208a820, 0x0000029cc208aa98] Compiler: c1, Barriers: 3, Oops: 0, ImmediateOops: 0, NonImmediateOops: No
[2024-10-26T03:26:24.786+0530][0.176s][debug][gc,nmethod  ] Register NMethod: java.lang.invoke.MethodHandle.linkToStatic (0x0000029cc9b8b408) [0x0000029cc9b8b500, 0x0000029cc9b8b610] Compiler: , Barriers: 0, Oops: 0, ImmediateOops: 0, NonImmediateOops: No
[2024-10-26T03:26:24.786+0530][0.177s][debug][gc,nmethod  ] Register NMethod: java.lang.invoke.MethodHandle.linkToStatic (0x0000029cc9b8b708) [0x0000029cc9b8b800, 0x0000029cc9b8b910] Compiler: , Barriers: 0, Oops: 0, ImmediateOops: 0, NonImmediateOops: No
[2024-10-26T03:26:24.786+0530][0.177s][debug][gc,nmethod  ] Register NMethod: java.lang.invoke.MethodHandle.linkToStatic (0x0000029cc9b8ba08) [0x0000029cc9b8bb00, 0x0000029cc9b8bc10] Compiler: , Barriers: 0, Oops: 0, ImmediateOops: 0, NonImmediateOops: No
[2024-10-26T03:26:24.786+0530][0.177s][debug][gc,nmethod  ] Register NMethod: jdk.internal.org.objectweb.asm.ByteVector.putUTF8 (0x0000029cc9b8bd08) [0x0000029cc9b8be40, 0x0000029cc9b8c410] Compiler: c2, Barriers: 4, Oops: 0, ImmediateOops: 0, NonImmediateOops: No
[2024-10-26T03:26:24.786+0530][0.177s][debug][gc,nmethod  ] Register NMethod: java.lang.invoke.LambdaForm$Name.type (0x0000029cc9b8c488) [0x0000029cc9b8c5a0, 0x0000029cc9b8c698] Compiler: c1, Barriers: 1, Oops: 0, ImmediateOops: 0, NonImmediateOops: No
[2024-10-26T03:26:24.786+0530][0.177s][debug][gc,nmethod  ] Register NMethod: java.lang.invoke.MethodHandle.linkToStatic (0x0000029cc9b8c788) [0x0000029cc9b8c880, 0x0000029cc9b8c990] Compiler: , Barriers: 0, Oops: 0, ImmediateOops: 0, NonImmediateOops: No
[2024-10-26T03:26:24.786+0530][0.177s][debug][gc,nmethod  ] Register NMethod: java.lang.invoke.MethodHandle.linkToStatic (0x0000029cc9b8ca88) [0x0000029cc9b8cb80, 0x0000029cc9b8cc90] Compiler: , Barriers: 0, Oops: 0, ImmediateOops: 0, NonImmediateOops: No
[2024-10-26T03:26:24.786+0530][0.177s][debug][gc,nmethod  ] Register NMethod: java.lang.String.startsWith (0x0000029cc208ab08) [0x0000029cc208acc0, 0x0000029cc208b450] Compiler: c1, Barriers: 2, Oops: 0, ImmediateOops: 0, NonImmediateOops: No
[2024-10-26T03:26:24.786+0530][0.177s][debug][gc,nmethod  ] Register NMethod: java.lang.invoke.MethodHandle.linkToStatic (0x0000029cc9b8cd88) [0x0000029cc9b8ce80, 0x0000029cc9b8cf90] Compiler: , Barriers: 0, Oops: 0, ImmediateOops: 0, NonImmediateOops: No
[2024-10-26T03:26:24.787+0530][0.177s][debug][gc,nmethod  ] Register NMethod: java.lang.invoke.MethodHandle.linkToStatic (0x0000029cc9b8d088) [0x0000029cc9b8d180, 0x0000029cc9b8d290] Compiler: , Barriers: 0, Oops: 0, ImmediateOops: 0, NonImmediateOops: No
[2024-10-26T03:26:24.787+0530][0.177s][debug][gc,nmethod  ] Register NMethod: java.lang.invoke.MethodHandle.linkToStatic (0x0000029cc9b8d388) [0x0000029cc9b8d480, 0x0000029cc9b8d590] Compiler: , Barriers: 0, Oops: 0, ImmediateOops: 0, NonImmediateOops: No
[2024-10-26T03:26:24.787+0530][0.177s][debug][gc,nmethod  ] Register NMethod: java.lang.invoke.LambdaForm$NamedFunction.methodType (0x0000029cc208b488) [0x0000029cc208b5e0, 0x0000029cc208b9d0] Compiler: c1, Barriers: 7, Oops: 0, ImmediateOops: 0, NonImmediateOops: No
[2024-10-26T03:26:24.787+0530][0.178s][debug][gc,nmethod  ] Register NMethod: java.lang.invoke.LambdaForm$Name.<init> (0x0000029cc208ba08) [0x0000029cc208bb40, 0x0000029cc208bea0] Compiler: c1, Barriers: 12, Oops: 0, ImmediateOops: 0, NonImmediateOops: No
[2024-10-26T03:26:24.787+0530][0.178s][debug][gc,nmethod  ] Register NMethod: jdk.internal.org.objectweb.asm.ByteVector.putByteArray (0x0000029cc208bf08) [0x0000029cc208c040, 0x0000029cc208c368] Compiler: c1, Barriers: 2, Oops: 0, ImmediateOops: 0, NonImmediateOops: No
[2024-10-26T03:26:24.787+0530][0.178s][debug][gc,nmethod  ] Register NMethod: java.lang.invoke.MethodHandle.invokeBasic (0x0000029cc9b8d688) [0x0000029cc9b8d7a0, 0x0000029cc9b8da90] Compiler: , Barriers: 0, Oops: 0, ImmediateOops: 0, NonImmediateOops: No
[2024-10-26T03:26:24.787+0530][0.178s][debug][gc,nmethod  ] Register NMethod: jdk.internal.org.objectweb.asm.Type.getArgumentsAndReturnSizes (0x0000029cc208c388) [0x0000029cc208c6e0, 0x0000029cc208e3e0] Compiler: c1, Barriers: 10, Oops: 1, ImmediateOops: 10, NonImmediateOops: No
[2024-10-26T03:26:24.788+0530][0.178s][debug][gc,nmethod  ] Register NMethod: java.lang.invoke.MethodHandle.invokeBasic (0x0000029cc9b8db08) [0x0000029cc9b8dc20, 0x0000029cc9b8df10] Compiler: , Barriers: 0, Oops: 0, ImmediateOops: 0, NonImmediateOops: No
[2024-10-26T03:26:24.788+0530][0.178s][debug][gc,nmethod  ] Register NMethod: java.lang.invoke.MethodHandle.linkToSpecial (0x0000029cc9b8df88) [0x0000029cc9b8e080, 0x0000029cc9b8e190] Compiler: , Barriers: 0, Oops: 0, ImmediateOops: 0, NonImmediateOops: No
[2024-10-26T03:26:24.788+0530][0.179s][debug][gc,nmethod  ] Register NMethod: jdk.internal.org.objectweb.asm.Frame.push (0x0000029cc208e488) [0x0000029cc208e600, 0x0000029cc208ec38] Compiler: c1, Barriers: 10, Oops: 0, ImmediateOops: 0, NonImmediateOops: No
[2024-10-26T03:26:24.788+0530][0.179s][debug][gc,nmethod  ] Register NMethod: jdk.internal.org.objectweb.asm.SymbolTable.hash (0x0000029cc208ec88) [0x0000029cc208edc0, 0x0000029cc208ef80] Compiler: c1, Barriers: 0, Oops: 0, ImmediateOops: 0, NonImmediateOops: No
[2024-10-26T03:26:24.788+0530][0.179s][debug][gc,nmethod  ] Register NMethod: java.util.ArrayList.grow (0x0000029cc208f008) [0x0000029cc208f1a0, 0x0000029cc208f860] Compiler: c1, Barriers: 9, Oops: 0, ImmediateOops: 1, NonImmediateOops: No
[2024-10-26T03:26:24.788+0530][0.179s][debug][gc,nmethod  ] Register NMethod: java.lang.invoke.MemberName.ensureTypeVisible (0x0000029cc208f908) [0x0000029cc208fce0, 0x0000029cc20919d0] Compiler: c1, Barriers: 10, Oops: 3, ImmediateOops: 10, NonImmediateOops: No
[2024-10-26T03:26:24.788+0530][0.179s][debug][gc,nmethod  ] Register NMethod: jdk.internal.org.objectweb.asm.MethodWriter.hasAsmInstructions (0x0000029cc9b8e288) [0x0000029cc9b8e3a0, 0x0000029cc9b8e470] Compiler: c1, Barriers: 0, Oops: 0, ImmediateOops: 0, NonImmediateOops: No
[2024-10-26T03:26:24.788+0530][0.179s][debug][gc,nmethod  ] Register NMethod: jdk.internal.org.objectweb.asm.SymbolTable.addConstantMemberReference (0x0000029cc2091a88) [0x0000029cc2091ca0, 0x0000029cc2092680] Compiler: c1, Barriers: 7, Oops: 0, ImmediateOops: 0, NonImmediateOops: No
[2024-10-26T03:26:24.788+0530][0.179s][debug][gc,nmethod  ] Register NMethod: jdk.internal.org.objectweb.asm.Handler.getExceptionTableSize (0x0000029cc2092708) [0x0000029cc2092840, 0x0000029cc2092a68] Compiler: c1, Barriers: 1, Oops: 0, ImmediateOops: 0, NonImmediateOops: No
[2024-10-26T03:26:24.789+0530][0.180s][debug][gc,nmethod  ] Register NMethod: jdk.internal.org.objectweb.asm.AnnotationWriter.putAnnotations (0x0000029cc2092a88) [0x0000029cc2092c20, 0x0000029cc2092ff8] Compiler: c1, Barriers: 0, Oops: 0, ImmediateOops: 4, NonImmediateOops: No
[2024-10-26T03:26:24.789+0530][0.180s][debug][gc,nmethod  ] Register NMethod: jdk.internal.org.objectweb.asm.SymbolTable.addType (0x0000029cc2093008) [0x0000029cc20931a0, 0x0000029cc2093790] Compiler: c1, Barriers: 4, Oops: 0, ImmediateOops: 0, NonImmediateOops: No
[2024-10-26T03:26:24.789+0530][0.180s][debug][gc,nmethod  ] Register NMethod: java.lang.invoke.MemberName.isCallerSensitive (0x0000029cc2093808) [0x0000029cc2093920, 0x0000029cc2093ae8] Compiler: c1, Barriers: 0, Oops: 0, ImmediateOops: 0, NonImmediateOops: No
[2024-10-26T03:26:24.789+0530][0.180s][debug][gc,nmethod  ] Register NMethod: sun.invoke.util.VerifyType.isNullConversion (0x0000029cc2093b08) [0x0000029cc2093dc0, 0x0000029cc2095168] Compiler: c1, Barriers: 0, Oops: 0, ImmediateOops: 5, NonImmediateOops: No
[2024-10-26T03:26:24.790+0530][0.181s][debug][gc,nmethod  ] Register NMethod: jdk.internal.org.objectweb.asm.SymbolTable.hash (0x0000029cc2095208) [0x0000029cc2095340, 0x0000029cc20954c0] Compiler: c1, Barriers: 0, Oops: 0, ImmediateOops: 0, NonImmediateOops: No
[2024-10-26T03:26:24.790+0530][0.181s][debug][gc,nmethod  ] Register NMethod: jdk.internal.org.objectweb.asm.SymbolTable$Entry.<init> (0x0000029cc2095508) [0x0000029cc2095620, 0x0000029cc2095798] Compiler: c1, Barriers: 0, Oops: 0, ImmediateOops: 0, NonImmediateOops: No
[2024-10-26T03:26:24.790+0530][0.181s][debug][gc,nmethod  ] Register NMethod: java.lang.invoke.MethodType.parameterCount (0x0000029cc9b8e588) [0x0000029cc9b8e680, 0x0000029cc9b8e750] Compiler: c2, Barriers: 1, Oops: 0, ImmediateOops: 0, NonImmediateOops: No
[2024-10-26T03:26:24.790+0530][0.181s][debug][gc,nmethod  ] Register NMethod: jdk.internal.classfile.impl.ClassReaderImpl.readU2 (0x0000029cc2095808) [0x0000029cc2095940, 0x0000029cc2095c28] Compiler: c1, Barriers: 1, Oops: 0, ImmediateOops: 1, NonImmediateOops: No
[2024-10-26T03:26:24.790+0530][0.181s][debug][gc,nmethod  ] Register NMethod: java.lang.invoke.DirectMethodHandle.<init> (0x0000029cc2095c88) [0x0000029cc2095ee0, 0x0000029cc2096e30] Compiler: c1, Barriers: 10, Oops: 2, ImmediateOops: 2, NonImmediateOops: No
[2024-10-26T03:26:24.791+0530][0.182s][debug][gc,nmethod  ] Register NMethod: java.lang.invoke.MethodHandle.invokeBasic (0x0000029cc9b8e888) [0x0000029cc9b8e9a0, 0x0000029cc9b8ec90] Compiler: , Barriers: 0, Oops: 0, ImmediateOops: 0, NonImmediateOops: No
[2024-10-26T03:26:24.791+0530][0.182s][debug][gc,nmethod  ] Register NMethod: java.lang.invoke.MethodHandle.linkToSpecial (0x0000029cc9b8ed08) [0x0000029cc9b8ee00, 0x0000029cc9b8ef10] Compiler: , Barriers: 0, Oops: 0, ImmediateOops: 0, NonImmediateOops: No
[2024-10-26T03:26:24.791+0530][0.182s][debug][gc,nmethod  ] Register NMethod: java.lang.invoke.MethodTypeForm.cachedLambdaForm (0x0000029cc2096f08) [0x0000029cc2097040, 0x0000029cc20973d8] Compiler: c1, Barriers: 2, Oops: 0, ImmediateOops: 0, NonImmediateOops: No
[2024-10-26T03:26:24.792+0530][0.182s][debug][gc,nmethod  ] Register NMethod: jdk.internal.org.objectweb.asm.Frame.pop (0x0000029cc2097408) [0x0000029cc2097520, 0x0000029cc20976c0] Compiler: c1, Barriers: 0, Oops: 0, ImmediateOops: 0, NonImmediateOops: No
[2024-10-26T03:26:24.792+0530][0.182s][debug][gc,nmethod  ] Register NMethod: jdk.internal.org.objectweb.asm.Frame.pop (0x0000029cc2097708) [0x0000029cc2097820, 0x0000029cc2097a00] Compiler: c1, Barriers: 1, Oops: 0, ImmediateOops: 0, NonImmediateOops: No
[2024-10-26T03:26:24.792+0530][0.183s][debug][gc,nmethod  ] Register NMethod: java.util.ImmutableCollections$ListN.get (0x0000029cc2097a88) [0x0000029cc2097ba0, 0x0000029cc2097d38] Compiler: c1, Barriers: 2, Oops: 0, ImmediateOops: 0, NonImmediateOops: No
[2024-10-26T03:26:24.792+0530][0.183s][debug][gc,nmethod  ] Register NMethod: java.lang.invoke.MethodHandle.linkToStatic (0x0000029cc9b8f008) [0x0000029cc9b8f100, 0x0000029cc9b8f210] Compiler: , Barriers: 0, Oops: 0, ImmediateOops: 0, NonImmediateOops: No
[2024-10-26T03:26:24.792+0530][0.183s][debug][gc,nmethod  ] Register NMethod: jdk.internal.org.objectweb.asm.ByteVector.enlarge (0x0000029cc2097d88) [0x0000029cc2097ee0, 0x0000029cc20982e8] Compiler: c1, Barriers: 4, Oops: 0, ImmediateOops: 1, NonImmediateOops: No
[2024-10-26T03:26:24.792+0530][0.183s][debug][gc,nmethod  ] Register NMethod: java.lang.invoke.MethodHandle.invokeBasic (0x0000029cc9b8f308) [0x0000029cc9b8f420, 0x0000029cc9b8f710] Compiler: , Barriers: 0, Oops: 0, ImmediateOops: 0, NonImmediateOops: No
[2024-10-26T03:26:24.792+0530][0.183s][debug][gc,nmethod  ] Register NMethod: java.lang.invoke.MethodHandle.linkToSpecial (0x0000029cc9b8f788) [0x0000029cc9b8f880, 0x0000029cc9b8f990] Compiler: , Barriers: 0, Oops: 0, ImmediateOops: 0, NonImmediateOops: No
[2024-10-26T03:26:24.792+0530][0.183s][debug][gc,nmethod  ] Register NMethod: java.lang.invoke.LambdaForm$NamedFunction.returnType (0x0000029cc2098308) [0x0000029cc20984a0, 0x0000029cc2098b00] Compiler: c1, Barriers: 8, Oops: 0, ImmediateOops: 0, NonImmediateOops: No
[2024-10-26T03:26:24.792+0530][0.183s][debug][gc,nmethod  ] Register NMethod: jdk.internal.org.objectweb.asm.Frame.getLocal (0x0000029cc2098b88) [0x0000029cc2098cc0, 0x0000029cc2098ef0] Compiler: c1, Barriers: 1, Oops: 0, ImmediateOops: 0, NonImmediateOops: No
[2024-10-26T03:26:24.793+0530][0.184s][debug][gc,nmethod  ] Register NMethod: java.lang.invoke.MethodType.toMethodDescriptorString (0x0000029cc2098f08) [0x0000029cc2099040, 0x0000029cc20992d0] Compiler: c1, Barriers: 6, Oops: 0, ImmediateOops: 0, NonImmediateOops: No
[2024-10-26T03:26:24.793+0530][0.184s][debug][gc,nmethod  ] Register NMethod: java.lang.AbstractStringBuilder.ensureCapacityInternal (0x0000029cc9b8fa88) [0x0000029cc9b8fbc0, 0x0000029cc9b90100] Compiler: c2, Barriers: 4, Oops: 0, ImmediateOops: 0, NonImmediateOops: No
[2024-10-26T03:26:24.793+0530][0.184s][debug][gc,nmethod  ] Register NMethod: jdk.internal.org.objectweb.asm.Frame.getAbstractTypeFromDescriptor (0x0000029cc2099308) [0x0000029cc20997a0, 0x0000029cc209bf38] Compiler: c1, Barriers: 10, Oops: 3, ImmediateOops: 10, NonImmediateOops: No
[2024-10-26T03:26:24.794+0530][0.185s][debug][gc,nmethod  ] Register NMethod: jdk.internal.org.objectweb.asm.Label.resolve (0x0000029cc209c008) [0x0000029cc209c180, 0x0000029cc209c790] Compiler: c1, Barriers: 3, Oops: 0, ImmediateOops: 0, NonImmediateOops: No
[2024-10-26T03:26:24.794+0530][0.185s][debug][gc,nmethod  ] Register NMethod: java.lang.invoke.MethodHandle.linkToStatic (0x0000029cc9b90188) [0x0000029cc9b90280, 0x0000029cc9b90398] Compiler: , Barriers: 0, Oops: 0, ImmediateOops: 0, NonImmediateOops: No
[2024-10-26T03:26:24.794+0530][0.185s][debug][gc,nmethod  ] Register NMethod: java.lang.invoke.InvokerBytecodeGenerator.emitImplicitConversion (0x0000029cc209c808) [0x0000029cc209cac0, 0x0000029cc209d998] Compiler: c1, Barriers: 3, Oops: 2, ImmediateOops: 9, NonImmediateOops: No
[2024-10-26T03:26:24.794+0530][0.185s][debug][gc,nmethod  ] Register NMethod: java.lang.invoke.MethodHandle.invokeBasic (0x0000029cc9b90488) [0x0000029cc9b905a0, 0x0000029cc9b90890] Compiler: , Barriers: 0, Oops: 0, ImmediateOops: 0, NonImmediateOops: No
[2024-10-26T03:26:24.794+0530][0.185s][debug][gc,nmethod  ] Register NMethod: java.lang.invoke.LambdaForm$BasicType.basicTypeSlots (0x0000029cc209da88) [0x0000029cc209dba0, 0x0000029cc209dd48] Compiler: c1, Barriers: 1, Oops: 0, ImmediateOops: 0, NonImmediateOops: No
[2024-10-26T03:26:24.794+0530][0.185s][debug][gc,nmethod  ] Register NMethod: sun.invoke.util.Wrapper.stackSlots (0x0000029cc209dd88) [0x0000029cc209dea0, 0x0000029cc209dfb0] Compiler: c1, Barriers: 0, Oops: 0, ImmediateOops: 0, NonImmediateOops: No
[2024-10-26T03:26:24.794+0530][0.185s][debug][gc,nmethod  ] Register NMethod: java.lang.invoke.LambdaForm$Name.useCount (0x0000029cc209e088) [0x0000029cc209e1c0, 0x0000029cc209e470] Compiler: c1, Barriers: 2, Oops: 0, ImmediateOops: 0, NonImmediateOops: No
[2024-10-26T03:26:24.794+0530][0.185s][debug][gc,nmethod  ] Register NMethod: java.lang.invoke.MethodHandles$Lookup.checkAccess (0x0000029cc209e488) [0x0000029cc209e6c0, 0x0000029cc209f278] Compiler: c1, Barriers: 5, Oops: 0, ImmediateOops: 1, NonImmediateOops: No
[2024-10-26T03:26:24.795+0530][0.185s][debug][gc,nmethod  ] Register NMethod: jdk.internal.org.objectweb.asm.Label.<init> (0x0000029cc209f308) [0x0000029cc209f420, 0x0000029cc209f588] Compiler: c1, Barriers: 0, Oops: 0, ImmediateOops: 0, NonImmediateOops: No
[2024-10-26T03:26:24.795+0530][0.186s][debug][gc,nmethod  ] Register NMethod: jdk.internal.org.objectweb.asm.AnnotationWriter.computeAnnotationsSize (0x0000029cc209f608) [0x0000029cc209f760, 0x0000029cc209fa40] Compiler: c1, Barriers: 0, Oops: 0, ImmediateOops: 4, NonImmediateOops: No
[2024-10-26T03:26:24.795+0530][0.186s][debug][gc,nmethod  ] Register NMethod: jdk.internal.org.objectweb.asm.Attribute.computeAttributesSize (0x0000029cc209fa88) [0x0000029cc209fbe0, 0x0000029cc209feb8] Compiler: c1, Barriers: 0, Oops: 0, ImmediateOops: 3, NonImmediateOops: No
[2024-10-26T03:26:24.795+0530][0.186s][debug][gc,nmethod  ] Register NMethod: jdk.internal.org.objectweb.asm.Attribute.putAttributes (0x0000029cc209ff08) [0x0000029cc20a00e0, 0x0000029cc20a0600] Compiler: c1, Barriers: 0, Oops: 0, ImmediateOops: 3, NonImmediateOops: No
[2024-10-26T03:26:24.795+0530][0.186s][debug][gc,nmethod  ] Register NMethod: java.lang.invoke.MethodHandle.linkToSpecial (0x0000029cc9b90908) [0x0000029cc9b90a00, 0x0000029cc9b90b10] Compiler: , Barriers: 0, Oops: 0, ImmediateOops: 0, NonImmediateOops: No
[2024-10-26T03:26:24.796+0530][0.186s][debug][gc,director ] Rule Major: Warmup 10%, Used: 12MB, UsedThreshold: 204MB
[2024-10-26T03:26:24.796+0530][0.186s][debug][gc,nmethod  ] Register NMethod: java.lang.invoke.MethodHandle.invokeBasic (0x0000029cc9b90c08) [0x0000029cc9b90d20, 0x0000029cc9b91010] Compiler: , Barriers: 0, Oops: 0, ImmediateOops: 0, NonImmediateOops: No
[2024-10-26T03:26:24.796+0530][0.186s][debug][gc,nmethod  ] Register NMethod: java.lang.invoke.MethodHandle.linkToSpecial (0x0000029cc9b91088) [0x0000029cc9b91180, 0x0000029cc9b91290] Compiler: , Barriers: 0, Oops: 0, ImmediateOops: 0, NonImmediateOops: No
[2024-10-26T03:26:24.796+0530][0.187s][debug][gc,nmethod  ] Register NMethod: java.lang.invoke.MethodHandles$Lookup.isClassAccessible (0x0000029cc20a0688) [0x0000029cc20a0820, 0x0000029cc20a0e40] Compiler: c1, Barriers: 3, Oops: 0, ImmediateOops: 0, NonImmediateOops: No
[2024-10-26T03:26:24.796+0530][0.187s][debug][gc,nmethod  ] Register NMethod: jdk.internal.classfile.impl.LabelImpl.setBCI (0x0000029cc9b91388) [0x0000029cc9b914a0, 0x0000029cc9b91568] Compiler: c1, Barriers: 0, Oops: 0, ImmediateOops: 0, NonImmediateOops: No
[2024-10-26T03:26:24.797+0530][0.188s][debug][gc,nmethod  ] Register NMethod: java.lang.invoke.MethodHandleNatives.refKindIsField (0x0000029cc20a0e88) [0x0000029cc20a0fa0, 0x0000029cc20a10e8] Compiler: c1, Barriers: 0, Oops: 0, ImmediateOops: 0, NonImmediateOops: No
[2024-10-26T03:26:24.797+0530][0.188s][debug][gc,nmethod  ] Register NMethod: jdk.internal.classfile.impl.DirectCodeBuilder.curPc (0x0000029cc20a1188) [0x0000029cc20a12a0, 0x0000029cc20a1448] Compiler: c1, Barriers: 1, Oops: 0, ImmediateOops: 0, NonImmediateOops: No
[2024-10-26T03:26:24.798+0530][0.189s][debug][gc,nmethod  ] Register NMethod: java.lang.Class.getComponentType (0x0000029cc20a1488) [0x0000029cc20a15c0, 0x0000029cc20a1798] Compiler: c1, Barriers: 1, Oops: 0, ImmediateOops: 0, NonImmediateOops: No
[2024-10-26T03:26:24.798+0530][0.189s][debug][gc,nmethod  ] Register NMethod: jdk.internal.classfile.impl.SplitConstantPool.findEntry (0x0000029cc20a1808) [0x0000029cc20a1a00, 0x0000029cc20a2688] Compiler: c1, Barriers: 3, Oops: 0, ImmediateOops: 0, NonImmediateOops: No
[2024-10-26T03:26:24.798+0530][0.189s][debug][gc,nmethod  ] Register NMethod: java.lang.constant.ClassDesc.isPrimitive (0x0000029cc20a2708) [0x0000029cc20a2840, 0x0000029cc20a2b80] Compiler: c1, Barriers: 1, Oops: 0, ImmediateOops: 0, NonImmediateOops: No
[2024-10-26T03:26:24.798+0530][0.189s][debug][gc,nmethod  ] Register NMethod: jdk.internal.classfile.impl.ClassFileImpl.attributesProcessingOption (0x0000029cc9b91688) [0x0000029cc9b917a0, 0x0000029cc9b91898] Compiler: c1, Barriers: 1, Oops: 0, ImmediateOops: 0, NonImmediateOops: No
[2024-10-26T03:26:24.799+0530][0.189s][debug][gc,nmethod  ] Register NMethod: java.lang.invoke.DirectMethodHandle.internalMemberName (0x0000029cc20a2c08) [0x0000029cc20a2d20, 0x0000029cc20a2f20] Compiler: c1, Barriers: 1, Oops: 0, ImmediateOops: 0, NonImmediateOops: No
[2024-10-26T03:26:24.799+0530][0.189s][debug][gc,nmethod  ] Register NMethod: jdk.internal.classfile.impl.AbstractPoolEntry$Utf8EntryImpl.stringValue (0x0000029cc20a2f88) [0x0000029cc20a30a0, 0x0000029cc20a31d8] Compiler: c1, Barriers: 0, Oops: 0, ImmediateOops: 0, NonImmediateOops: No
[2024-10-26T03:26:24.799+0530][0.190s][debug][gc,nmethod  ] Register NMethod: jdk.internal.classfile.impl.AbstractDirectBuilder.setOriginal (0x0000029cc9b91988) [0x0000029cc9b91aa0, 0x0000029cc9b91bd8] Compiler: c1, Barriers: 3, Oops: 0, ImmediateOops: 0, NonImmediateOops: No
[2024-10-26T03:26:24.799+0530][0.190s][debug][gc,nmethod  ] Register NMethod: java.lang.Class.cast (0x0000029cc20a3288) [0x0000029cc20a33c0, 0x0000029cc20a3660] Compiler: c1, Barriers: 0, Oops: 0, ImmediateOops: 0, NonImmediateOops: No
[2024-10-26T03:26:24.799+0530][0.190s][debug][gc,nmethod  ] Register NMethod: jdk.internal.classfile.impl.SplitConstantPool.findEntry (0x0000029cc20a3688) [0x0000029cc20a3880, 0x0000029cc20a4640] Compiler: c1, Barriers: 4, Oops: 0, ImmediateOops: 0, NonImmediateOops: No
[2024-10-26T03:26:24.799+0530][0.190s][debug][gc,nmethod  ] Register NMethod: jdk.internal.classfile.impl.AbstractPoolEntry$Utf8EntryImpl.clone (0x0000029cc20a4708) [0x0000029cc20a4820, 0x0000029cc20a4958] Compiler: c1, Barriers: 0, Oops: 0, ImmediateOops: 0, NonImmediateOops: No
[2024-10-26T03:26:24.799+0530][0.190s][debug][gc,nmethod  ] Register NMethod: jdk.internal.classfile.impl.EntryMap.getElementByToken (0x0000029cc20a4a08) [0x0000029cc20a4b40, 0x0000029cc20a4dd8] Compiler: c1, Barriers: 2, Oops: 0, ImmediateOops: 0, NonImmediateOops: No
[2024-10-26T03:26:24.799+0530][0.190s][debug][gc,nmethod  ] Register NMethod: jdk.internal.classfile.impl.AbstractPoolEntry$Utf8EntryImpl.clone (0x0000029cc20a4e88) [0x0000029cc20a5000, 0x0000029cc20a5668] Compiler: c1, Barriers: 4, Oops: 0, ImmediateOops: 1, NonImmediateOops: No
[2024-10-26T03:26:24.799+0530][0.190s][debug][gc,nmethod  ] Register NMethod: java.lang.invoke.MethodHandle.linkToInterface (0x0000029cc9b91c88) [0x0000029cc9b91d80, 0x0000029cc9b91ee0] Compiler: , Barriers: 0, Oops: 0, ImmediateOops: 0, NonImmediateOops: No
[2024-10-26T03:26:24.799+0530][0.190s][debug][gc,nmethod  ] Rebuilding NMethod Table: 1024->2048 entries, 717(70%->35%) registered, 0(0%->0%) unregistered
[2024-10-26T03:26:24.800+0530][0.191s][debug][gc,nmethod  ] Register NMethod: jdk.internal.reflect.Reflection.getClassAccessFlags (0x0000029cc9b91f88) [0x0000029cc9b920a0, 0x0000029cc9b922c8] Compiler: , Barriers: 0, Oops: 0, ImmediateOops: 1, NonImmediateOops: No
[2024-10-26T03:26:24.800+0530][0.191s][debug][gc,nmethod  ] Register NMethod: java.lang.invoke.MethodHandle.isBuiltinLoader (0x0000029cc20a5688) [0x0000029cc20a57c0, 0x0000029cc20a5a18] Compiler: c1, Barriers: 0, Oops: 0, ImmediateOops: 2, NonImmediateOops: No
[2024-10-26T03:26:24.800+0530][0.191s][debug][gc,nmethod  ] Register NMethod: java.lang.invoke.MemberName.getType (0x0000029cc20a5a88) [0x0000029cc20a5be0, 0x0000029cc20a5ec8] Compiler: c1, Barriers: 0, Oops: 0, ImmediateOops: 0, NonImmediateOops: No
[2024-10-26T03:26:24.800+0530][0.191s][debug][gc,nmethod  ] Register NMethod: java.lang.invoke.MethodHandles$Lookup.checkSymbolicClass (0x0000029cc20a5f08) [0x0000029cc20a6060, 0x0000029cc20a62d8] Compiler: c1, Barriers: 0, Oops: 0, ImmediateOops: 1, NonImmediateOops: No
[2024-10-26T03:26:24.801+0530][0.192s][debug][gc,nmethod  ] Register NMethod: java.lang.invoke.MethodType.insertParameterTypes (0x0000029cc20a6308) [0x0000029cc20a65a0, 0x0000029cc20a7610] Compiler: c1, Barriers: 6, Oops: 1, ImmediateOops: 3, NonImmediateOops: No
[2024-10-26T03:26:24.801+0530][0.192s][debug][gc,nmethod  ] Register NMethod: jdk.internal.classfile.impl.LineNumberImpl.<init> (0x0000029cc20a7708) [0x0000029cc20a7820, 0x0000029cc20a79e8] Compiler: c1, Barriers: 0, Oops: 0, ImmediateOops: 0, NonImmediateOops: No
[2024-10-26T03:26:24.801+0530][0.192s][debug][gc,nmethod  ] Register NMethod: sun.invoke.util.Wrapper.classDescriptor (0x0000029cc9b92308) [0x0000029cc9b92420, 0x0000029cc9b92518] Compiler: c1, Barriers: 1, Oops: 0, ImmediateOops: 0, NonImmediateOops: No
[2024-10-26T03:26:24.802+0530][0.193s][debug][gc,nmethod  ] Register NMethod: jdk.internal.classfile.impl.RawBytecodeHelper.getIndexU2 (0x0000029cc20a7a08) [0x0000029cc20a7b40, 0x0000029cc20a7db8] Compiler: c1, Barriers: 1, Oops: 0, ImmediateOops: 0, NonImmediateOops: No
[2024-10-26T03:26:24.802+0530][0.193s][debug][gc,nmethod  ] Register NMethod: jdk.internal.classfile.impl.RawBytecodeHelper.getIndexU2Raw (0x0000029cc20a7e08) [0x0000029cc20a7f40, 0x0000029cc20a8150] Compiler: c1, Barriers: 1, Oops: 0, ImmediateOops: 0, NonImmediateOops: No
[2024-10-26T03:26:24.802+0530][0.193s][debug][gc,nmethod  ] Register NMethod: jdk.internal.classfile.impl.AbstractAttributeMapper.allowMultiple (0x0000029cc9b92608) [0x0000029cc9b92720, 0x0000029cc9b927f0] Compiler: c1, Barriers: 0, Oops: 0, ImmediateOops: 0, NonImmediateOops: No
[2024-10-26T03:26:24.802+0530][0.193s][debug][gc,nmethod  ] Register NMethod: jdk.internal.classfile.impl.BufWriterImpl.constantPool (0x0000029cc9b92908) [0x0000029cc9b92a20, 0x0000029cc9b92b18] Compiler: c1, Barriers: 1, Oops: 0, ImmediateOops: 0, NonImmediateOops: No
[2024-10-26T03:26:24.802+0530][0.193s][debug][gc,nmethod  ] Register NMethod: java.util.ImmutableCollections$ListItr.next (0x0000029cc20a8188) [0x0000029cc20a82c0, 0x0000029cc20a8580] Compiler: c1, Barriers: 1, Oops: 0, ImmediateOops: 0, NonImmediateOops: No
[2024-10-26T03:26:24.803+0530][0.193s][debug][gc,nmethod  ] Register NMethod: jdk.internal.classfile.impl.ClassReaderImpl.readU1 (0x0000029cc20a8608) [0x0000029cc20a8740, 0x0000029cc20a89f8] Compiler: c1, Barriers: 1, Oops: 0, ImmediateOops: 1, NonImmediateOops: No
[2024-10-26T03:26:24.803+0530][0.193s][debug][gc,nmethod  ] Register NMethod: jdk.internal.classfile.impl.ClassReaderImpl.checkType (0x0000029cc20a8a88) [0x0000029cc20a8cc0, 0x0000029cc20a9788] Compiler: c1, Barriers: 0, Oops: 2, ImmediateOops: 3, NonImmediateOops: No
[2024-10-26T03:26:24.803+0530][0.194s][debug][gc,nmethod  ] Register NMethod: jdk.internal.constant.ReferenceClassDescImpl.<init> (0x0000029cc20a9808) [0x0000029cc20a9920, 0x0000029cc20a9b00] Compiler: c1, Barriers: 3, Oops: 0, ImmediateOops: 0, NonImmediateOops: No
[2024-10-26T03:26:24.803+0530][0.194s][debug][gc,nmethod  ] Register NMethod: java.util.Arrays.hashCode (0x0000029cc20a9b88) [0x0000029cc20a9cc0, 0x0000029cc20a9e48] Compiler: c1, Barriers: 0, Oops: 0, ImmediateOops: 0, NonImmediateOops: No
[2024-10-26T03:26:24.803+0530][0.194s][debug][gc,nmethod  ] Register NMethod: jdk.internal.util.ArraysSupport.hashCode (0x0000029cc20a9e88) [0x0000029cc20a9fc0, 0x0000029cc20aa340] Compiler: c1, Barriers: 1, Oops: 0, ImmediateOops: 0, NonImmediateOops: No
[2024-10-26T03:26:24.803+0530][0.194s][debug][gc,nmethod  ] Register NMethod: jdk.internal.classfile.impl.ClassReaderImpl.readEntry (0x0000029cc20aa388) [0x0000029cc20aa4e0, 0x0000029cc20aa7d0] Compiler: c1, Barriers: 0, Oops: 0, ImmediateOops: 0, NonImmediateOops: No
[2024-10-26T03:26:24.803+0530][0.194s][debug][gc,nmethod  ] Register NMethod: jdk.internal.classfile.impl.ClassReaderImpl.readUtf8Entry (0x0000029cc20aa808) [0x0000029cc20aa960, 0x0000029cc20aaca0] Compiler: c1, Barriers: 0, Oops: 1, ImmediateOops: 1, NonImmediateOops: No
[2024-10-26T03:26:24.803+0530][0.194s][debug][gc,nmethod  ] Register NMethod: jdk.internal.constant.ReferenceClassDescImpl.hashCode (0x0000029cc20aad08) [0x0000029cc20aae40, 0x0000029cc20aafb8] Compiler: c1, Barriers: 1, Oops: 0, ImmediateOops: 0, NonImmediateOops: No
[2024-10-26T03:26:24.803+0530][0.194s][debug][gc,nmethod  ] Register NMethod: jdk.internal.classfile.impl.AbstractPoolEntry$AbstractRefsEntry.<init> (0x0000029cc20ab008) [0x0000029cc20ab180, 0x0000029cc20ab720] Compiler: c1, Barriers: 9, Oops: 0, ImmediateOops: 0, NonImmediateOops: No
[2024-10-26T03:26:24.803+0530][0.194s][debug][gc,nmethod  ] Register NMethod: java.lang.constant.ClassDesc.isArray (0x0000029cc20ab788) [0x0000029cc20ab920, 0x0000029cc20ac008] Compiler: c1, Barriers: 2, Oops: 1, ImmediateOops: 2, NonImmediateOops: No
[2024-10-26T03:26:24.804+0530][0.194s][debug][gc,nmethod  ] Register NMethod: java.lang.classfile.constantpool.ConstantPoolBuilder.classEntry (0x0000029cc20ac088) [0x0000029cc20ac2e0, 0x0000029cc20ad210] Compiler: c1, Barriers: 3, Oops: 1, ImmediateOops: 2, NonImmediateOops: No
[2024-10-26T03:26:24.804+0530][0.195s][debug][gc,nmethod  ] Register NMethod: jdk.internal.classfile.impl.Util.toInternalName (0x0000029cc20ad288) [0x0000029cc20ad460, 0x0000029cc20add88] Compiler: c1, Barriers: 3, Oops: 1, ImmediateOops: 2, NonImmediateOops: No
[2024-10-26T03:26:24.804+0530][0.195s][debug][gc,nmethod  ] Register NMethod: jdk.internal.classfile.impl.SplitConstantPool.classEntry (0x0000029cc20ade08) [0x0000029cc20adf20, 0x0000029cc20ae058] Compiler: c1, Barriers: 0, Oops: 0, ImmediateOops: 0, NonImmediateOops: No
[2024-10-26T03:26:24.804+0530][0.195s][debug][gc,nmethod  ] Register NMethod: jdk.internal.misc.Unsafe.pickPos (0x0000029cc20ae108) [0x0000029cc20ae220, 0x0000029cc20ae320] Compiler: c1, Barriers: 0, Oops: 0, ImmediateOops: 0, NonImmediateOops: No
[2024-10-26T03:26:24.804+0530][0.195s][debug][gc,nmethod  ] Register NMethod: java.lang.System$2.countPositives (0x0000029cc20ae408) [0x0000029cc20ae540, 0x0000029cc20ae7b0] Compiler: c1, Barriers: 0, Oops: 0, ImmediateOops: 0, NonImmediateOops: No
[2024-10-26T03:26:24.804+0530][0.195s][debug][gc,nmethod  ] Register NMethod: jdk.internal.classfile.impl.SplitConstantPool.classEntry (0x0000029cc20ae808) [0x0000029cc20ae980, 0x0000029cc20aef28] Compiler: c1, Barriers: 0, Oops: 0, ImmediateOops: 0, NonImmediateOops: No
[2024-10-26T03:26:24.804+0530][0.195s][debug][gc,nmethod  ] Register NMethod: java.util.ImmutableCollections$AbstractImmutableList.iterator (0x0000029cc20aef88) [0x0000029cc20af0c0, 0x0000029cc20af448] Compiler: c1, Barriers: 3, Oops: 0, ImmediateOops: 0, NonImmediateOops: No
[2024-10-26T03:26:24.804+0530][0.195s][debug][gc,nmethod  ] Register NMethod: java.util.ImmutableCollections$ListItr.<init> (0x0000029cc20af488) [0x0000029cc20af5a0, 0x0000029cc20af790] Compiler: c1, Barriers: 3, Oops: 0, ImmediateOops: 0, NonImmediateOops: No
[2024-10-26T03:26:24.804+0530][0.195s][debug][gc,nmethod  ] Register NMethod: jdk.internal.misc.Unsafe.toUnsignedLong (0x0000029cc20af808) [0x0000029cc20af920, 0x0000029cc20afa20] Compiler: c1, Barriers: 0, Oops: 0, ImmediateOops: 0, NonImmediateOops: No
[2024-10-26T03:26:24.804+0530][0.195s][debug][gc,nmethod  ] Register NMethod: jdk.internal.classfile.impl.BufWriterImpl.patchInt (0x0000029cc20afb08) [0x0000029cc20afc20, 0x0000029cc20afd80] Compiler: c1, Barriers: 0, Oops: 0, ImmediateOops: 0, NonImmediateOops: No
[2024-10-26T03:26:24.804+0530][0.195s][debug][gc,nmethod  ] Register NMethod: java.util.Arrays.rangeCheck (0x0000029cc20afe08) [0x0000029cc20b0020, 0x0000029cc20b09a0] Compiler: c1, Barriers: 0, Oops: 3, ImmediateOops: 4, NonImmediateOops: No
[2024-10-26T03:26:24.805+0530][0.195s][debug][gc,nmethod  ] Register NMethod: jdk.internal.classfile.impl.RawBytecodeHelper.isStoreIntoLocal (0x0000029cc20b0a08) [0x0000029cc20b0b20, 0x0000029cc20b0c88] Compiler: c1, Barriers: 0, Oops: 0, ImmediateOops: 0, NonImmediateOops: No
[2024-10-26T03:26:24.805+0530][0.195s][debug][gc,nmethod  ] Register NMethod: jdk.internal.classfile.impl.Util.parameterSlots (0x0000029cc20b0d08) [0x0000029cc20b0e60, 0x0000029cc20b1210] Compiler: c1, Barriers: 2, Oops: 0, ImmediateOops: 0, NonImmediateOops: No
[2024-10-26T03:26:24.805+0530][0.196s][debug][gc,nmethod  ] Register NMethod: jdk.internal.classfile.impl.StackMapGenerator$Type.isCategory2_2nd (0x0000029cc20b1288) [0x0000029cc20b13a0, 0x0000029cc20b1538] Compiler: c1, Barriers: 0, Oops: 0, ImmediateOops: 2, NonImmediateOops: No
[2024-10-26T03:26:24.805+0530][0.196s][debug][gc,nmethod  ] Register NMethod: jdk.internal.classfile.impl.ClassReaderImpl.entryByIndex (0x0000029cc20b1588) [0x0000029cc20b2120, 0x0000029cc20b9090] Compiler: c1, Barriers: 10, Oops: 11, ImmediateOops: 32, NonImmediateOops: No
[2024-10-26T03:26:24.805+0530][0.196s][debug][gc,nmethod  ] Register NMethod: jdk.internal.classfile.impl.AbstractPoolEntry$AbstractRefsEntry.writeTo (0x0000029cc20b9188) [0x0000029cc20b9320, 0x0000029cc20b9908] Compiler: c1, Barriers: 2, Oops: 0, ImmediateOops: 0, NonImmediateOops: No
[2024-10-26T03:26:24.806+0530][0.197s][debug][gc,nmethod  ] Register NMethod: jdk.internal.classfile.impl.DirectCodeBuilder.constantPool (0x0000029cc20b9988) [0x0000029cc20b9aa0, 0x0000029cc20b9bf0] Compiler: c1, Barriers: 1, Oops: 0, ImmediateOops: 0, NonImmediateOops: No
[2024-10-26T03:26:24.806+0530][0.197s][debug][gc,nmethod  ] Register NMethod: jdk.internal.classfile.impl.LabelImpl.<init> (0x0000029cc20b9c88) [0x0000029cc20b9de0, 0x0000029cc20ba268] Compiler: c1, Barriers: 3, Oops: 0, ImmediateOops: 0, NonImmediateOops: No
[2024-10-26T03:26:24.806+0530][0.197s][debug][gc,nmethod  ] Register NMethod: java.lang.invoke.DirectMethodHandle.allocateInstance (0x0000029cc20ba308) [0x0000029cc20ba440, 0x0000029cc20ba680] Compiler: c1, Barriers: 1, Oops: 0, ImmediateOops: 1, NonImmediateOops: No
[2024-10-26T03:26:24.806+0530][0.197s][debug][gc,nmethod  ] Register NMethod: java.lang.invoke.DirectMethodHandle.constructorMethod (0x0000029cc20ba708) [0x0000029cc20ba820, 0x0000029cc20baa20] Compiler: c1, Barriers: 1, Oops: 0, ImmediateOops: 0, NonImmediateOops: No
[2024-10-26T03:26:24.806+0530][0.197s][debug][gc,nmethod  ] Register NMethod: java.lang.Integer.valueOf (0x0000029cc20baa88) [0x0000029cc20babc0, 0x0000029cc20baef0] Compiler: c1, Barriers: 1, Oops: 0, ImmediateOops: 1, NonImmediateOops: No
[2024-10-26T03:26:24.806+0530][0.197s][debug][gc,nmethod  ] Register NMethod: java.util.ImmutableCollections$AbstractImmutableList.<init> (0x0000029cc20baf88) [0x0000029cc20bb0c0, 0x0000029cc20bb2e8] Compiler: c1, Barriers: 0, Oops: 0, ImmediateOops: 0, NonImmediateOops: No
[2024-10-26T03:26:24.806+0530][0.197s][debug][gc,nmethod  ] Register NMethod: jdk.internal.classfile.impl.BufWriterImpl.setLabelContext (0x0000029cc9b92c08) [0x0000029cc9b92d20, 0x0000029cc9b92e58] Compiler: c1, Barriers: 3, Oops: 0, ImmediateOops: 0, NonImmediateOops: No
[2024-10-26T03:26:24.806+0530][0.197s][debug][gc,nmethod  ] Register NMethod: jdk.internal.classfile.impl.Util.methodTypeSymbol (0x0000029cc20bb388) [0x0000029cc20bb4c0, 0x0000029cc20bb6b8] Compiler: c1, Barriers: 0, Oops: 0, ImmediateOops: 0, NonImmediateOops: No
[2024-10-26T03:26:24.806+0530][0.197s][debug][gc,nmethod  ] Register NMethod: jdk.internal.classfile.impl.BufWriterImpl.writeInt (0x0000029cc20bb708) [0x0000029cc20bb820, 0x0000029cc20bb968] Compiler: c1, Barriers: 0, Oops: 0, ImmediateOops: 0, NonImmediateOops: No
[2024-10-26T03:26:24.807+0530][0.197s][debug][gc,nmethod  ] Register NMethod: jdk.internal.misc.Unsafe.getShortUnaligned (0x0000029cc9b92f08) [0x0000029cc9b93000, 0x0000029cc9b930c0] Compiler: c2, Barriers: 0, Oops: 0, ImmediateOops: 0, NonImmediateOops: No
[2024-10-26T03:26:24.807+0530][0.198s][debug][gc,nmethod  ] Register NMethod: jdk.internal.classfile.impl.AbstractPoolEntry$NameAndTypeEntryImpl.methodTypeSymbol (0x0000029cc20bba08) [0x0000029cc20bbb80, 0x0000029cc20bc1a0] Compiler: c1, Barriers: 5, Oops: 0, ImmediateOops: 0, NonImmediateOops: No
[2024-10-26T03:26:24.807+0530][0.198s][debug][gc,nmethod  ] Register NMethod: java.nio.Buffer.position (0x0000029cc9b93208) [0x0000029cc9b93320, 0x0000029cc9b933e8] Compiler: c1, Barriers: 0, Oops: 0, ImmediateOops: 0, NonImmediateOops: No
[2024-10-26T03:26:24.807+0530][0.198s][debug][gc,nmethod  ] Register NMethod: java.lang.StringConcatHelper.newArray (0x0000029cc20bc208) [0x0000029cc20bc340, 0x0000029cc20bc650] Compiler: c1, Barriers: 0, Oops: 0, ImmediateOops: 3, NonImmediateOops: No
[2024-10-26T03:26:24.808+0530][0.199s][debug][gc,nmethod  ] Register NMethod: jdk.internal.classfile.impl.AbstractInstruction$UnboundInvokeInstruction.<init> (0x0000029cc20bc688) [0x0000029cc20bc7c0, 0x0000029cc20bcb50] Compiler: c1, Barriers: 6, Oops: 0, ImmediateOops: 0, NonImmediateOops: No
[2024-10-26T03:26:24.808+0530][0.199s][debug][gc,nmethod  ] Register NMethod: java.lang.classfile.instruction.InvokeInstruction.of (0x0000029cc20bcb88) [0x0000029cc20bcce0, 0x0000029cc20bd178] Compiler: c1, Barriers: 6, Oops: 0, ImmediateOops: 1, NonImmediateOops: No
[2024-10-26T03:26:24.808+0530][0.199s][debug][gc,nmethod  ] Register NMethod: java.lang.classfile.CodeBuilder.invoke (0x0000029cc20bd208) [0x0000029cc20bd380, 0x0000029cc20bda58] Compiler: c1, Barriers: 6, Oops: 0, ImmediateOops: 1, NonImmediateOops: No
[2024-10-26T03:26:24.808+0530][0.199s][debug][gc,nmethod  ] Register NMethod: jdk.internal.classfile.impl.AbstractPoolEntry$AbstractRefEntry.<init> (0x0000029cc20bdb08) [0x0000029cc20bdc60, 0x0000029cc20be098] Compiler: c1, Barriers: 6, Oops: 0, ImmediateOops: 0, NonImmediateOops: No
[2024-10-26T03:26:24.808+0530][0.199s][debug][gc,nmethod  ] Register NMethod: java.nio.Buffer.position (0x0000029cc20be108) [0x0000029cc20be240, 0x0000029cc20be488] Compiler: c1, Barriers: 0, Oops: 0, ImmediateOops: 0, NonImmediateOops: No
[2024-10-26T03:26:24.808+0530][0.199s][debug][gc,nmethod  ] Register NMethod: jdk.internal.classfile.impl.AbstractInstruction$UnboundInvokeInstruction.writeTo (0x0000029cc20be508) [0x0000029cc20be6e0, 0x0000029cc20bf080] Compiler: c1, Barriers: 5, Oops: 0, ImmediateOops: 2, NonImmediateOops: No
[2024-10-26T03:26:24.808+0530][0.199s][debug][gc,nmethod  ] Register NMethod: java.nio.ByteBuffer.position (0x0000029cc20bf108) [0x0000029cc20bf220, 0x0000029cc20bf370] Compiler: c1, Barriers: 0, Oops: 0, ImmediateOops: 0, NonImmediateOops: No
[2024-10-26T03:26:24.808+0530][0.199s][debug][gc,nmethod  ] Register NMethod: jdk.internal.classfile.impl.AbstractPoolEntry$Utf8EntryImpl.length (0x0000029cc20bf408) [0x0000029cc20bf540, 0x0000029cc20bf6f8] Compiler: c1, Barriers: 1, Oops: 0, ImmediateOops: 1, NonImmediateOops: No
[2024-10-26T03:26:24.808+0530][0.199s][debug][gc,nmethod  ] Register NMethod: java.lang.PublicMethods$Key.matches (0x0000029cc20bf708) [0x0000029cc20bf860, 0x0000029cc20bfbd8] Compiler: c1, Barriers: 2, Oops: 1, ImmediateOops: 2, NonImmediateOops: No
[2024-10-26T03:26:24.808+0530][0.199s][debug][gc,nmethod  ] Register NMethod: jdk.internal.reflect.Reflection.getCallerClass (0x0000029cc9b93508) [0x0000029cc9b93640, 0x0000029cc9b93a60] Compiler: , Barriers: 0, Oops: 0, ImmediateOops: 1, NonImmediateOops: No
[2024-10-26T03:26:24.809+0530][0.200s][debug][gc,nmethod  ] Register NMethod: jdk.internal.constant.ConstantUtils.resolveClassDesc (0x0000029cc20bfc88) [0x0000029cc20bfe60, 0x0000029cc20c0728] Compiler: c1, Barriers: 6, Oops: 1, ImmediateOops: 2, NonImmediateOops: No
[2024-10-26T03:26:24.809+0530][0.200s][debug][gc,nmethod  ] Register NMethod: jdk.internal.classfile.impl.DirectClassBuilder.constantPool (0x0000029cc20c0808) [0x0000029cc20c0920, 0x0000029cc20c0a70] Compiler: c1, Barriers: 1, Oops: 0, ImmediateOops: 0, NonImmediateOops: No
[2024-10-26T03:26:24.809+0530][0.200s][debug][gc,nmethod  ] Register NMethod: jdk.internal.classfile.impl.AbstractPoolEntry$MethodRefEntryImpl.clone (0x0000029cc20c0b08) [0x0000029cc20c0c20, 0x0000029cc20c0d58] Compiler: c1, Barriers: 0, Oops: 0, ImmediateOops: 0, NonImmediateOops: No
[2024-10-26T03:26:24.809+0530][0.200s][debug][gc,nmethod  ] Register NMethod: jdk.internal.classfile.impl.AbstractPoolEntry$MethodRefEntryImpl.clone (0x0000029cc20c0e08) [0x0000029cc20c0f60, 0x0000029cc20c14e0] Compiler: c1, Barriers: 3, Oops: 0, ImmediateOops: 0, NonImmediateOops: No
[2024-10-26T03:26:24.809+0530][0.200s][debug][gc,nmethod  ] Register NMethod: jdk.internal.classfile.impl.BufWriterImpl.thisClass (0x0000029cc9b93a88) [0x0000029cc9b93ba0, 0x0000029cc9b93c98] Compiler: c1, Barriers: 1, Oops: 0, ImmediateOops: 0, NonImmediateOops: No
[2024-10-26T03:26:24.809+0530][0.200s][debug][gc,nmethod  ] Register NMethod: jdk.internal.classfile.impl.StackCounter.next (0x0000029cc20c1508) [0x0000029cc20c1680, 0x0000029cc20c1c20] Compiler: c1, Barriers: 4, Oops: 0, ImmediateOops: 0, NonImmediateOops: No
[2024-10-26T03:26:24.809+0530][0.200s][debug][gc,nmethod  ] Register NMethod: jdk.internal.classfile.impl.AbstractPseudoInstruction$ExceptionCatchImpl.tryStart (0x0000029cc9b93d88) [0x0000029cc9b93ea0, 0x0000029cc9b93f98] Compiler: c1, Barriers: 1, Oops: 0, ImmediateOops: 0, NonImmediateOops: No
[2024-10-26T03:26:24.809+0530][0.200s][debug][gc,nmethod  ] Register NMethod: jdk.internal.classfile.impl.AbstractPseudoInstruction$ExceptionCatchImpl.handler (0x0000029cc9b94088) [0x0000029cc9b941a0, 0x0000029cc9b94298] Compiler: c1, Barriers: 1, Oops: 0, ImmediateOops: 0, NonImmediateOops: No
[2024-10-26T03:26:24.810+0530][0.200s][debug][gc,nmethod  ] Register NMethod: jdk.internal.classfile.impl.AbstractPseudoInstruction$ExceptionCatchImpl.tryEnd (0x0000029cc9b94388) [0x0000029cc9b944a0, 0x0000029cc9b94598] Compiler: c1, Barriers: 1, Oops: 0, ImmediateOops: 0, NonImmediateOops: No
[2024-10-26T03:26:24.810+0530][0.200s][debug][gc,nmethod  ] Register NMethod: jdk.internal.classfile.impl.DirectMethodBuilder.methodName (0x0000029cc9b94688) [0x0000029cc9b947a0, 0x0000029cc9b94898] Compiler: c1, Barriers: 1, Oops: 0, ImmediateOops: 0, NonImmediateOops: No
[2024-10-26T03:26:24.810+0530][0.201s][debug][gc,nmethod  ] Register NMethod: java.nio.Buffer.limit (0x0000029cc20c1c88) [0x0000029cc20c1dc0, 0x0000029cc20c2038] Compiler: c1, Barriers: 0, Oops: 0, ImmediateOops: 0, NonImmediateOops: No
[2024-10-26T03:26:24.810+0530][0.201s][debug][gc,nmethod  ] Register NMethod: jdk.internal.classfile.impl.AbstractPoolEntry$AbstractRefEntry.writeTo (0x0000029cc20c2088) [0x0000029cc20c21e0, 0x0000029cc20c25e0] Compiler: c1, Barriers: 1, Oops: 0, ImmediateOops: 0, NonImmediateOops: No
[2024-10-26T03:26:24.810+0530][0.201s][debug][gc,nmethod  ] Register NMethod: java.lang.Class.forName0 (0x0000029cc9b94988) [0x0000029cc9b94ac0, 0x0000029cc9b94f30] Compiler: , Barriers: 0, Oops: 0, ImmediateOops: 1, NonImmediateOops: No
[2024-10-26T03:26:24.810+0530][0.201s][debug][gc,nmethod  ] Register NMethod: jdk.internal.classfile.impl.DirectCodeBuilder.setLabelTarget (0x0000029cc20c2688) [0x0000029cc20c27c0, 0x0000029cc20c29e8] Compiler: c1, Barriers: 1, Oops: 0, ImmediateOops: 0, NonImmediateOops: No
[2024-10-26T03:26:24.810+0530][0.201s][debug][gc,nmethod  ] Register NMethod: jdk.internal.classfile.impl.DirectCodeBuilder.startLabel (0x0000029cc9b94f88) [0x0000029cc9b950a0, 0x0000029cc9b95198] Compiler: c1, Barriers: 1, Oops: 0, ImmediateOops: 0, NonImmediateOops: No
[2024-10-26T03:26:24.811+0530][0.202s][debug][gc,nmethod  ] Register NMethod: jdk.internal.classfile.impl.AbstractDirectBuilder.<init> (0x0000029cc20c2a88) [0x0000029cc20c2c00, 0x0000029cc20c32b8] Compiler: c1, Barriers: 15, Oops: 0, ImmediateOops: 1, NonImmediateOops: No
[2024-10-26T03:26:24.811+0530][0.202s][debug][gc,nmethod  ] Register NMethod: jdk.internal.classfile.impl.AttributeHolder.<init> (0x0000029cc20c3308) [0x0000029cc20c3460, 0x0000029cc20c3898] Compiler: c1, Barriers: 6, Oops: 0, ImmediateOops: 1, NonImmediateOops: No
[2024-10-26T03:26:24.811+0530][0.202s][debug][gc,nmethod  ] Register NMethod: jdk.internal.classfile.impl.DirectCodeBuilder.setLabelTarget (0x0000029cc20c3908) [0x0000029cc20c3bc0, 0x0000029cc20c5350] Compiler: c1, Barriers: 26, Oops: 1, ImmediateOops: 2, NonImmediateOops: No
[2024-10-26T03:26:24.811+0530][0.202s][debug][gc,nmethod  ] Register NMethod: java.lang.classfile.instruction.LoadInstruction.of (0x0000029cc20c5408) [0x0000029cc20c5560, 0x0000029cc20c5988] Compiler: c1, Barriers: 3, Oops: 0, ImmediateOops: 1, NonImmediateOops: No
[2024-10-26T03:26:24.811+0530][0.202s][debug][gc,nmethod  ] Register NMethod: jdk.internal.classfile.impl.AbstractInstruction$UnboundLoadInstruction.<init> (0x0000029cc20c5a08) [0x0000029cc20c5b40, 0x0000029cc20c5e60] Compiler: c1, Barriers: 3, Oops: 0, ImmediateOops: 0, NonImmediateOops: No
[2024-10-26T03:26:24.811+0530][0.202s][debug][gc,nmethod  ] Register NMethod: jdk.internal.classfile.impl.AbstractPoolEntry$AbstractNamedEntry.<init> (0x0000029cc20c5f08) [0x0000029cc20c6020, 0x0000029cc20c6158] Compiler: c1, Barriers: 0, Oops: 0, ImmediateOops: 0, NonImmediateOops: No
[2024-10-26T03:26:24.811+0530][0.202s][debug][gc,nmethod  ] Register NMethod: java.lang.classfile.TypeKind.slotSize (0x0000029cc20c6208) [0x0000029cc20c6340, 0x0000029cc20c6558] Compiler: c1, Barriers: 0, Oops: 0, ImmediateOops: 0, NonImmediateOops: No
[2024-10-26T03:26:24.811+0530][0.202s][debug][gc,nmethod  ] Register NMethod: jdk.internal.constant.MethodTypeDescImpl.descriptorString (0x0000029cc20c6588) [0x0000029cc20c6820, 0x0000029cc20c7848] Compiler: c1, Barriers: 12, Oops: 0, ImmediateOops: 1, NonImmediateOops: No
[2024-10-26T03:26:24.811+0530][0.202s][debug][gc,nmethod  ] Register NMethod: java.nio.ByteBuffer.limit (0x0000029cc20c7908) [0x0000029cc20c7a20, 0x0000029cc20c7b70] Compiler: c1, Barriers: 0, Oops: 0, ImmediateOops: 0, NonImmediateOops: No
[2024-10-26T03:26:24.811+0530][0.202s][debug][gc,nmethod  ] Register NMethod: jdk.internal.classfile.impl.AttributeHolder.writeTo (0x0000029cc20c7c08) [0x0000029cc20c7dc0, 0x0000029cc20c85b8] Compiler: c1, Barriers: 2, Oops: 0, ImmediateOops: 0, NonImmediateOops: No
[2024-10-26T03:26:24.812+0530][0.202s][debug][gc,director ] Rule Major: Warmup 10%, Used: 14MB, UsedThreshold: 204MB
[2024-10-26T03:26:24.812+0530][0.203s][debug][gc,nmethod  ] Register NMethod: java.lang.invoke.MethodHandleImpl.isCompileConstant (0x0000029cc9b95288) [0x0000029cc9b953a0, 0x0000029cc9b95448] Compiler: c1, Barriers: 0, Oops: 0, ImmediateOops: 0, NonImmediateOops: No
[2024-10-26T03:26:24.812+0530][0.203s][debug][gc,nmethod  ] Register NMethod: jdk.internal.classfile.impl.BufWriterImpl.writeU1 (0x0000029cc9b95588) [0x0000029cc9b956a0, 0x0000029cc9b95900] Compiler: c2, Barriers: 4, Oops: 0, ImmediateOops: 0, NonImmediateOops: No
[2024-10-26T03:26:24.812+0530][0.203s][debug][gc,nmethod  ] Register NMethod: java.lang.reflect.Method.getSharedExceptionTypes (0x0000029cc9b95988) [0x0000029cc9b95aa0, 0x0000029cc9b95b98] Compiler: c1, Barriers: 1, Oops: 0, ImmediateOops: 0, NonImmediateOops: No
[2024-10-26T03:26:24.812+0530][0.203s][debug][gc,nmethod  ] Register NMethod: java.util.ArrayList.<init> (0x0000029cc20c8608) [0x0000029cc20c87e0, 0x0000029cc20c9138] Compiler: c1, Barriers: 6, Oops: 1, ImmediateOops: 3, NonImmediateOops: No
[2024-10-26T03:26:24.813+0530][0.204s][debug][gc,nmethod  ] Register NMethod: jdk.internal.classfile.impl.StackMapGenerator.processBlock (0x0000029cc20c9208) [0x0000029cc20cb300, 0x0000029cc20de4b8] Compiler: c1, Barriers: 308, Oops: 4, ImmediateOops: 146, NonImmediateOops: No
[2024-10-26T03:26:24.813+0530][0.204s][debug][gc,nmethod  ] Register NMethod: jdk.internal.classfile.impl.DirectMethodBuilder.methodTypeSymbol (0x0000029cc20de608) [0x0000029cc20de7a0, 0x0000029cc20def10] Compiler: c1, Barriers: 10, Oops: 0, ImmediateOops: 0, NonImmediateOops: No
[2024-10-26T03:26:24.813+0530][0.204s][debug][gc,nmethod  ] Register NMethod: jdk.internal.classfile.impl.AbstractInstruction$UnboundLoadInstruction.writeTo (0x0000029cc20def88) [0x0000029cc20df0c0, 0x0000029cc20df240] Compiler: c1, Barriers: 1, Oops: 0, ImmediateOops: 0, NonImmediateOops: No
[2024-10-26T03:26:24.813+0530][0.204s][debug][gc,nmethod  ] Register NMethod: jdk.internal.classfile.impl.DirectCodeBuilder.writeLocalVar (0x0000029cc20df288) [0x0000029cc20df4c0, 0x0000029cc20e0098] Compiler: c1, Barriers: 3, Oops: 1, ImmediateOops: 3, NonImmediateOops: No
[2024-10-26T03:26:24.813+0530][0.204s][debug][gc,nmethod  ] Register NMethod: java.lang.classfile.instruction.LoadInstruction.of (0x0000029cc20e0188) [0x0000029cc20e0300, 0x0000029cc20e07b8] Compiler: c1, Barriers: 3, Oops: 0, ImmediateOops: 1, NonImmediateOops: No
[2024-10-26T03:26:24.813+0530][0.204s][debug][gc,nmethod  ] Register NMethod: java.lang.classfile.CodeBuilder.loadLocal (0x0000029cc20e0808) [0x0000029cc20e09a0, 0x0000029cc20e1098] Compiler: c1, Barriers: 3, Oops: 0, ImmediateOops: 1, NonImmediateOops: No
[2024-10-26T03:26:24.813+0530][0.204s][debug][gc,nmethod  ] Register NMethod: jdk.internal.constant.MethodTypeDescImpl.ofValidated (0x0000029cc20e1108) [0x0000029cc20e1260, 0x0000029cc20e17c8] Compiler: c1, Barriers: 12, Oops: 1, ImmediateOops: 1, NonImmediateOops: No
[2024-10-26T03:26:24.813+0530][0.204s][debug][gc,nmethod  ] Register NMethod: jdk.internal.constant.MethodTypeDescImpl.<init> (0x0000029cc20e1808) [0x0000029cc20e1940, 0x0000029cc20e1b98] Compiler: c1, Barriers: 6, Oops: 0, ImmediateOops: 0, NonImmediateOops: No
[2024-10-26T03:26:24.813+0530][0.204s][debug][gc,nmethod  ] Register NMethod: jdk.internal.classfile.impl.BytecodeHelpers.loadOpcode (0x0000029cc20e1c08) [0x0000029cc20e1f00, 0x0000029cc20e2e08] Compiler: c1, Barriers: 0, Oops: 0, ImmediateOops: 32, NonImmediateOops: No
[2024-10-26T03:26:24.813+0530][0.204s][debug][gc,nmethod  ] Register NMethod: java.util.ImmutableCollections$List12.isEmpty (0x0000029cc9b95c88) [0x0000029cc9b95da0, 0x0000029cc9b95e68] Compiler: c1, Barriers: 0, Oops: 0, ImmediateOops: 0, NonImmediateOops: No
[2024-10-26T03:26:24.814+0530][0.204s][debug][gc,nmethod  ] Register NMethod: jdk.internal.classfile.impl.SplitConstantPool.nameAndTypeEntry (0x0000029cc20e2e88) [0x0000029cc20e2fa0, 0x0000029cc20e30d8] Compiler: c1, Barriers: 0, Oops: 0, ImmediateOops: 0, NonImmediateOops: No
[2024-10-26T03:26:24.814+0530][0.204s][debug][gc,nmethod  ] Register NMethod: jdk.internal.classfile.impl.SplitConstantPool.nameAndTypeEntry (0x0000029cc20e3188) [0x0000029cc20e3300, 0x0000029cc20e3910] Compiler: c1, Barriers: 0, Oops: 0, ImmediateOops: 0, NonImmediateOops: No
[2024-10-26T03:26:24.814+0530][0.204s][debug][gc,nmethod  ] Register NMethod: java.nio.ByteOrder.nativeOrder (0x0000029cc20e3988) [0x0000029cc20e3aa0, 0x0000029cc20e3b98] Compiler: c1, Barriers: 0, Oops: 0, ImmediateOops: 1, NonImmediateOops: No
[2024-10-26T03:26:24.814+0530][0.205s][debug][gc,nmethod  ] Register NMethod: java.util.ArrayDeque.add (0x0000029cc20e3c88) [0x0000029cc20e3da0, 0x0000029cc20e3ef8] Compiler: c1, Barriers: 0, Oops: 0, ImmediateOops: 0, NonImmediateOops: No
[2024-10-26T03:26:24.814+0530][0.205s][debug][gc,nmethod  ] Register NMethod: java.util.ArrayDeque.addLast (0x0000029cc20e3f88) [0x0000029cc20e40e0, 0x0000029cc20e45b8] Compiler: c1, Barriers: 4, Oops: 0, ImmediateOops: 0, NonImmediateOops: No
[2024-10-26T03:26:24.814+0530][0.205s][debug][gc,nmethod  ] Register NMethod: jdk.internal.classfile.impl.StackCounter$Target.<init> (0x0000029cc20e4608) [0x0000029cc20e4720, 0x0000029cc20e48f0] Compiler: c1, Barriers: 0, Oops: 0, ImmediateOops: 0, NonImmediateOops: No
[2024-10-26T03:26:24.814+0530][0.205s][debug][gc,nmethod  ] Register NMethod: java.util.TreeMap$Entry.getKey (0x0000029cc9b95f88) [0x0000029cc9b960a0, 0x0000029cc9b96198] Compiler: c1, Barriers: 1, Oops: 0, ImmediateOops: 0, NonImmediateOops: No
[2024-10-26T03:26:24.814+0530][0.205s][debug][gc,nmethod  ] Register NMethod: java.util.TreeMap$Entry.getValue (0x0000029cc9b96288) [0x0000029cc9b963a0, 0x0000029cc9b96498] Compiler: c1, Barriers: 1, Oops: 0, ImmediateOops: 0, NonImmediateOops: No
[2024-10-26T03:26:24.814+0530][0.205s][debug][gc,nmethod  ] Register NMethod: jdk.internal.classfile.impl.StackMapDecoder$ObjectVerificationTypeInfoImpl.tag (0x0000029cc9b96588) [0x0000029cc9b966a0, 0x0000029cc9b96768] Compiler: c1, Barriers: 0, Oops: 0, ImmediateOops: 0, NonImmediateOops: No
[2024-10-26T03:26:24.814+0530][0.205s][debug][gc,nmethod  ] Register NMethod: jdk.internal.classfile.impl.StackMapDecoder$ObjectVerificationTypeInfoImpl.className (0x0000029cc9b96888) [0x0000029cc9b969a0, 0x0000029cc9b96a98] Compiler: c1, Barriers: 1, Oops: 0, ImmediateOops: 0, NonImmediateOops: No
[2024-10-26T03:26:24.814+0530][0.205s][debug][gc,nmethod  ] Register NMethod: jdk.internal.classfile.impl.StackMapDecoder$StackMapFrameImpl.target (0x0000029cc9b96b88) [0x0000029cc9b96ca0, 0x0000029cc9b96d98] Compiler: c1, Barriers: 1, Oops: 0, ImmediateOops: 0, NonImmediateOops: No
[2024-10-26T03:26:24.814+0530][0.205s][debug][gc,nmethod  ] Register NMethod: jdk.internal.classfile.impl.AbstractPoolEntry$ClassEntryImpl.writeTo (0x0000029cc20e4988) [0x0000029cc20e4b00, 0x0000029cc20e4f40] Compiler: c1, Barriers: 1, Oops: 0, ImmediateOops: 0, NonImmediateOops: No
[2024-10-26T03:26:24.814+0530][0.205s][debug][gc,nmethod  ] Register NMethod: java.nio.Buffer.<init> (0x0000029cc20e4f88) [0x0000029cc20e51c0, 0x0000029cc20e5d48] Compiler: c1, Barriers: 3, Oops: 3, ImmediateOops: 4, NonImmediateOops: No
[2024-10-26T03:26:24.814+0530][0.205s][debug][gc,nmethod  ] Register NMethod: jdk.internal.access.SharedSecrets.getJavaLangAccess (0x0000029cc20e5e08) [0x0000029cc20e5f20, 0x0000029cc20e6050] Compiler: c1, Barriers: 1, Oops: 0, ImmediateOops: 1, NonImmediateOops: No
[2024-10-26T03:26:24.815+0530][0.205s][debug][gc,nmethod  ] Register NMethod: jdk.jfr.internal.util.Bytecode$FieldDesc.type (0x0000029cc9b96e88) [0x0000029cc9b96fa0, 0x0000029cc9b97098] Compiler: c1, Barriers: 1, Oops: 0, ImmediateOops: 0, NonImmediateOops: No
[2024-10-26T03:26:24.815+0530][0.206s][debug][gc,nmethod  ] Register NMethod: jdk.internal.classfile.impl.BufWriterImpl.writeU2 (0x0000029cc9b97188) [0x0000029cc9b972a0, 0x0000029cc9b974f0] Compiler: c2, Barriers: 4, Oops: 0, ImmediateOops: 0, NonImmediateOops: No
[2024-10-26T03:26:24.815+0530][0.206s][debug][gc,nmethod  ] Register NMethod: jdk.internal.classfile.impl.AttributeHolder.isPresent (0x0000029cc20e6108) [0x0000029cc20e6280, 0x0000029cc20e68d8] Compiler: c1, Barriers: 1, Oops: 0, ImmediateOops: 0, NonImmediateOops: No
[2024-10-26T03:26:24.815+0530][0.206s][debug][gc,nmethod  ] Register NMethod: jdk.internal.misc.Unsafe.getReference (0x0000029cc9b97588) [0x0000029cc9b976c0, 0x0000029cc9b97af8] Compiler: , Barriers: 0, Oops: 0, ImmediateOops: 0, NonImmediateOops: No
[2024-10-26T03:26:24.815+0530][0.206s][debug][gc,nmethod  ] Register NMethod: jdk.internal.classfile.impl.AbstractPoolEntry$AbstractMemberRefEntry.<init> (0x0000029cc20e6908) [0x0000029cc20e6a20, 0x0000029cc20e6b58] Compiler: c1, Barriers: 0, Oops: 0, ImmediateOops: 0, NonImmediateOops: No
[2024-10-26T03:26:24.815+0530][0.206s][debug][gc,nmethod  ] Register NMethod: jdk.internal.classfile.impl.AbstractPoolEntry$ClassEntryImpl.<init> (0x0000029cc20e6c08) [0x0000029cc20e6d40, 0x0000029cc20e6f20] Compiler: c1, Barriers: 3, Oops: 0, ImmediateOops: 0, NonImmediateOops: No
[2024-10-26T03:26:24.816+0530][0.206s][debug][gc,nmethod  ] Register NMethod: jdk.internal.classfile.impl.AbstractPoolEntry$NameAndTypeEntryImpl.<init> (0x0000029cc20e6f88) [0x0000029cc20e70c0, 0x0000029cc20e72a8] Compiler: c1, Barriers: 3, Oops: 0, ImmediateOops: 0, NonImmediateOops: No
[2024-10-26T03:26:24.816+0530][0.206s][debug][gc,nmethod  ] Register NMethod: jdk.internal.classfile.impl.AbstractInstruction.opcode (0x0000029cc9b97b08) [0x0000029cc9b97c20, 0x0000029cc9b97d18] Compiler: c1, Barriers: 1, Oops: 0, ImmediateOops: 0, NonImmediateOops: No
[2024-10-26T03:26:24.816+0530][0.207s][debug][gc,nmethod  ] Register NMethod: java.lang.classfile.CodeBuilder.aload (0x0000029cc20e7308) [0x0000029cc20e7420, 0x0000029cc20e75f8] Compiler: c1, Barriers: 0, Oops: 0, ImmediateOops: 1, NonImmediateOops: No
[2024-10-26T03:26:24.816+0530][0.207s][debug][gc,nmethod  ] Register NMethod: jdk.internal.classfile.impl.AttributeHolder.withAttribute (0x0000029cc20e7608) [0x0000029cc20e77a0, 0x0000029cc20e7e88] Compiler: c1, Barriers: 2, Oops: 0, ImmediateOops: 0, NonImmediateOops: No
[2024-10-26T03:26:24.816+0530][0.207s][debug][gc,nmethod  ] Register NMethod: java.nio.ByteBuffer.<init> (0x0000029cc20e7f08) [0x0000029cc20e8040, 0x0000029cc20e8288] Compiler: c1, Barriers: 3, Oops: 0, ImmediateOops: 0, NonImmediateOops: No
[2024-10-26T03:26:24.816+0530][0.207s][debug][gc,nmethod  ] Register NMethod: jdk.internal.classfile.impl.StackMapGenerator$Frame.checkStack (0x0000029cc20e8308) [0x0000029cc20e84a0, 0x0000029cc20e8d28] Compiler: c1, Barriers: 11, Oops: 1, ImmediateOops: 2, NonImmediateOops: No
[2024-10-26T03:26:24.817+0530][0.207s][debug][gc,nmethod  ] Register NMethod: jdk.internal.classfile.impl.AbstractPoolEntry$AbstractMemberRefEntry.writeTo (0x0000029cc20e8d88) [0x0000029cc20e8ea0, 0x0000029cc20e8fe0] Compiler: c1, Barriers: 0, Oops: 0, ImmediateOops: 0, NonImmediateOops: No
[2024-10-26T03:26:24.817+0530][0.207s][debug][gc,nmethod  ] Register NMethod: jdk.internal.classfile.impl.AbstractPoolEntry$NameAndTypeEntryImpl.writeTo (0x0000029cc20e9088) [0x0000029cc20e91a0, 0x0000029cc20e92e0] Compiler: c1, Barriers: 0, Oops: 0, ImmediateOops: 0, NonImmediateOops: No
[2024-10-26T03:26:24.817+0530][0.208s][debug][gc,nmethod  ] Register NMethod: java.util.LinkedHashMap.afterNodeInsertion (0x0000029cc20e9388) [0x0000029cc20e94a0, 0x0000029cc20e96b8] Compiler: c1, Barriers: 1, Oops: 0, ImmediateOops: 0, NonImmediateOops: No
[2024-10-26T03:26:24.817+0530][0.208s][debug][gc,nmethod  ] Register NMethod: java.util.LinkedHashMap.newNode (0x0000029cc20e9708) [0x0000029cc20e9840, 0x0000029cc20e9a40] Compiler: c1, Barriers: 0, Oops: 0, ImmediateOops: 0, NonImmediateOops: No
[2024-10-26T03:26:24.817+0530][0.208s][debug][gc,nmethod  ] Register NMethod: java.util.LinkedHashMap$Entry.<init> (0x0000029cc20e9a88) [0x0000029cc20e9bc0, 0x0000029cc20e9ee8] Compiler: c1, Barriers: 9, Oops: 0, ImmediateOops: 0, NonImmediateOops: No
[2024-10-26T03:26:24.817+0530][0.208s][debug][gc,nmethod  ] Register NMethod: java.lang.classfile.CompoundElement$1.accept (0x0000029cc20e9f88) [0x0000029cc20ea0c0, 0x0000029cc20ea428] Compiler: c1, Barriers: 1, Oops: 0, ImmediateOops: 0, NonImmediateOops: No
[2024-10-26T03:26:24.817+0530][0.208s][debug][gc,nmethod  ] Register NMethod: java.lang.classfile.CompoundElement$1.accept (0x0000029cc20ea488) [0x0000029cc20ea5c0, 0x0000029cc20ea7d0] Compiler: c1, Barriers: 1, Oops: 0, ImmediateOops: 0, NonImmediateOops: No
[2024-10-26T03:26:24.817+0530][0.208s][debug][gc,nmethod  ] Register NMethod: java.util.Collections$UnmodifiableCollection$1.hasNext (0x0000029cc20ea808) [0x0000029cc20ea940, 0x0000029cc20eab50] Compiler: c1, Barriers: 1, Oops: 0, ImmediateOops: 0, NonImmediateOops: No
[2024-10-26T03:26:24.817+0530][0.208s][debug][gc,nmethod  ] Register NMethod: jdk.jfr.internal.util.Bytecode$MethodDesc.name (0x0000029cc9b97e08) [0x0000029cc9b97f20, 0x0000029cc9b98018] Compiler: c1, Barriers: 1, Oops: 0, ImmediateOops: 0, NonImmediateOops: No
[2024-10-26T03:26:24.818+0530][0.208s][debug][gc,nmethod  ] Register NMethod: jdk.internal.classfile.impl.UnboundAttribute.<init> (0x0000029cc20eab88) [0x0000029cc20eacc0, 0x0000029cc20eaf00] Compiler: c1, Barriers: 3, Oops: 0, ImmediateOops: 0, NonImmediateOops: No
[2024-10-26T03:26:24.818+0530][0.209s][debug][gc,nmethod  ] Register NMethod: java.util.Objects.hash (0x0000029cc20eaf88) [0x0000029cc20eb0c0, 0x0000029cc20eb290] Compiler: c1, Barriers: 0, Oops: 0, ImmediateOops: 0, NonImmediateOops: No
[2024-10-26T03:26:24.818+0530][0.209s][debug][gc,nmethod  ] Register NMethod: jdk.internal.classfile.impl.BoundAttribute.attributeMapper (0x0000029cc9b98108) [0x0000029cc9b98220, 0x0000029cc9b98318] Compiler: c1, Barriers: 1, Oops: 0, ImmediateOops: 0, NonImmediateOops: No
[2024-10-26T03:26:24.818+0530][0.209s][debug][gc,nmethod  ] Register NMethod: java.util.Arrays.copyOf (0x0000029cc20eb308) [0x0000029cc20eb440, 0x0000029cc20eb5c0] Compiler: c1, Barriers: 1, Oops: 0, ImmediateOops: 0, NonImmediateOops: No
[2024-10-26T03:26:24.818+0530][0.209s][debug][gc,nmethod  ] Register NMethod: jdk.internal.classfile.impl.SplitConstantPool.entryByIndex (0x0000029cc20eb608) [0x0000029cc20eb760, 0x0000029cc20eba48] Compiler: c1, Barriers: 0, Oops: 0, ImmediateOops: 0, NonImmediateOops: No
[2024-10-26T03:26:24.818+0530][0.209s][debug][gc,nmethod  ] Register NMethod: jdk.internal.classfile.impl.AbstractAttributeMapper.name (0x0000029cc9b98408) [0x0000029cc9b98520, 0x0000029cc9b98618] Compiler: c1, Barriers: 1, Oops: 0, ImmediateOops: 0, NonImmediateOops: No
[2024-10-26T03:26:24.818+0530][0.209s][debug][gc,nmethod  ] Register NMethod: java.nio.ByteBuffer.limit (0x0000029cc20eba88) [0x0000029cc20ebba0, 0x0000029cc20ebd68] Compiler: c1, Barriers: 0, Oops: 0, ImmediateOops: 0, NonImmediateOops: No
[2024-10-26T03:26:24.818+0530][0.209s][debug][gc,nmethod  ] Register NMethod: java.nio.ByteBuffer.position (0x0000029cc20ebd88) [0x0000029cc20ebea0, 0x0000029cc20ec068] Compiler: c1, Barriers: 0, Oops: 0, ImmediateOops: 0, NonImmediateOops: No
[2024-10-26T03:26:24.818+0530][0.209s][debug][gc,nmethod  ] Register NMethod: jdk.internal.classfile.impl.StackMapGenerator$Frame.pushStack (0x0000029cc20ec088) [0x0000029cc20ec1c0, 0x0000029cc20ec500] Compiler: c1, Barriers: 4, Oops: 0, ImmediateOops: 0, NonImmediateOops: No
[2024-10-26T03:26:24.819+0530][0.210s][debug][gc,nmethod  ] Register NMethod: java.lang.invoke.DirectMethodHandle.fieldOffset (0x0000029cc20ec588) [0x0000029cc20ec6a0, 0x0000029cc20ec870] Compiler: c1, Barriers: 0, Oops: 0, ImmediateOops: 0, NonImmediateOops: No
[2024-10-26T03:26:24.819+0530][0.210s][debug][gc,nmethod  ] Register NMethod: java.lang.invoke.MethodHandle.maybeCustomize (0x0000029cc20ec888) [0x0000029cc20ec9e0, 0x0000029cc20ece20] Compiler: c1, Barriers: 2, Oops: 0, ImmediateOops: 0, NonImmediateOops: No
[2024-10-26T03:26:24.819+0530][0.210s][debug][gc,nmethod  ] Register NMethod: java.lang.invoke.DirectMethodHandle.checkBase (0x0000029cc20ece88) [0x0000029cc20ecfc0, 0x0000029cc20ed200] Compiler: c1, Barriers: 0, Oops: 0, ImmediateOops: 0, NonImmediateOops: No
[2024-10-26T03:26:24.820+0530][0.210s][debug][gc,nmethod  ] Register NMethod: jdk.internal.classfile.impl.ClassFileImpl.debugElementsOption (0x0000029cc9b98708) [0x0000029cc9b98820, 0x0000029cc9b98918] Compiler: c1, Barriers: 1, Oops: 0, ImmediateOops: 0, NonImmediateOops: No
[2024-10-26T03:26:24.820+0530][0.211s][debug][gc,nmethod  ] Register NMethod: jdk.internal.classfile.impl.ClassReaderImpl.checkTag (0x0000029cc20ed288) [0x0000029cc20ed440, 0x0000029cc20ede88] Compiler: c1, Barriers: 0, Oops: 0, ImmediateOops: 8, NonImmediateOops: No
[2024-10-26T03:26:24.820+0530][0.211s][debug][gc,nmethod  ] Register NMethod: jdk.internal.classfile.impl.StackMapGenerator$Frame.checkLocal (0x0000029cc20edf08) [0x0000029cc20ee0a0, 0x0000029cc20ee928] Compiler: c1, Barriers: 11, Oops: 1, ImmediateOops: 2, NonImmediateOops: No
[2024-10-26T03:26:24.820+0530][0.211s][debug][gc,nmethod  ] Register NMethod: sun.invoke.util.Wrapper.forPrimitiveType (0x0000029cc20ee988) [0x0000029cc20eeb60, 0x0000029cc20ef2c8] Compiler: c1, Barriers: 1, Oops: 1, ImmediateOops: 4, NonImmediateOops: No
[2024-10-26T03:26:24.820+0530][0.211s][debug][gc,nmethod  ] Register NMethod: java.security.AccessController.ensureMaterializedForStackWalk (0x0000029cc9b98a08) [0x0000029cc9b98b20, 0x0000029cc9b98d30] Compiler: , Barriers: 0, Oops: 0, ImmediateOops: 1, NonImmediateOops: No
[2024-10-26T03:26:24.820+0530][0.211s][debug][gc,nmethod  ] Register NMethod: jdk.internal.loader.AbstractClassLoaderValue$Sub.parent (0x0000029cc9b98d88) [0x0000029cc9b98ea0, 0x0000029cc9b98f98] Compiler: c1, Barriers: 1, Oops: 0, ImmediateOops: 0, NonImmediateOops: No
[2024-10-26T03:26:24.820+0530][0.211s][debug][gc,nmethod  ] Register NMethod: jdk.internal.reflect.ConstantPool.getUTF8At0 (0x0000029cc9b99088) [0x0000029cc9b991c0, 0x0000029cc9b995f8] Compiler: , Barriers: 0, Oops: 0, ImmediateOops: 0, NonImmediateOops: No
[2024-10-26T03:26:24.820+0530][0.211s][debug][gc,nmethod  ] Register NMethod: java.lang.invoke.LambdaForm$MH/0x000002a0d4000800.invoke (0x0000029cc20ef388) [0x0000029cc20ef4a0, 0x0000029cc20ef708] Compiler: c1, Barriers: 1, Oops: 1, ImmediateOops: 0, NonImmediateOops: No
[2024-10-26T03:26:24.820+0530][0.211s][debug][gc,nmethod  ] Register NMethod: java.lang.invoke.Invokers$Holder.linkToTargetMethod (0x0000029cc20ef788) [0x0000029cc20ef8c0, 0x0000029cc20efba0] Compiler: c1, Barriers: 0, Oops: 0, ImmediateOops: 0, NonImmediateOops: No
[2024-10-26T03:26:24.821+0530][0.212s][debug][gc,nmethod  ] Register NMethod: jdk.internal.classfile.impl.AbstractPoolEntry$Utf8EntryImpl.<init> (0x0000029cc20efc08) [0x0000029cc20efd40, 0x0000029cc20f0080] Compiler: c1, Barriers: 9, Oops: 0, ImmediateOops: 1, NonImmediateOops: No
[2024-10-26T03:26:24.821+0530][0.212s][debug][gc,nmethod  ] Register NMethod: java.lang.constant.ClassDesc.ofDescriptor (0x0000029cc20f0108) [0x0000029cc20f02c0, 0x0000029cc20f0a20] Compiler: c1, Barriers: 2, Oops: 1, ImmediateOops: 2, NonImmediateOops: No
[2024-10-26T03:26:24.821+0530][0.212s][debug][gc,nmethod  ] Register NMethod: jdk.internal.classfile.impl.AccessFlagsImpl.<init> (0x0000029cc20f0b08) [0x0000029cc20f0c40, 0x0000029cc20f0e80] Compiler: c1, Barriers: 3, Oops: 0, ImmediateOops: 0, NonImmediateOops: No
[2024-10-26T03:26:24.821+0530][0.212s][debug][gc,nmethod  ] Register NMethod: jdk.internal.classfile.impl.AbstractDirectBuilder.writeAttribute (0x0000029cc20f0f08) [0x0000029cc20f1040, 0x0000029cc20f12c8] Compiler: c1, Barriers: 3, Oops: 0, ImmediateOops: 0, NonImmediateOops: No
[2024-10-26T03:26:24.821+0530][0.212s][debug][gc,nmethod  ] Register NMethod: jdk.internal.classfile.impl.Util.isAttributeAllowed (0x0000029cc20f1308) [0x0000029cc20f1440, 0x0000029cc20f18b0] Compiler: c1, Barriers: 1, Oops: 0, ImmediateOops: 0, NonImmediateOops: No
[2024-10-26T03:26:24.821+0530][0.212s][debug][gc,nmethod  ] Register NMethod: java.lang.invoke.MethodHandleImpl$CountingWrapper.getTarget (0x0000029cc9b99608) [0x0000029cc9b99720, 0x0000029cc9b99818] Compiler: c1, Barriers: 1, Oops: 0, ImmediateOops: 0, NonImmediateOops: No
[2024-10-26T03:26:24.821+0530][0.212s][debug][gc,nmethod  ] Register NMethod: jdk.internal.classfile.impl.AbstractPoolEntry$MethodRefEntryImpl.<init> (0x0000029cc20f1908) [0x0000029cc20f1a20, 0x0000029cc20f1b78] Compiler: c1, Barriers: 0, Oops: 0, ImmediateOops: 0, NonImmediateOops: No
[2024-10-26T03:26:24.821+0530][0.212s][debug][gc,nmethod  ] Register NMethod: jdk.internal.classfile.impl.BlockCodeBuilderImpl.with (0x0000029cc20f1c08) [0x0000029cc20f1d40, 0x0000029cc20f1f68] Compiler: c1, Barriers: 0, Oops: 0, ImmediateOops: 0, NonImmediateOops: No
[2024-10-26T03:26:24.821+0530][0.212s][debug][gc,nmethod  ] Register NMethod: jdk.internal.classfile.impl.AbstractPoolEntry$Utf8EntryImpl.equalsString (0x0000029cc20f1f88) [0x0000029cc20f22c0, 0x0000029cc20f3a40] Compiler: c1, Barriers: 23, Oops: 1, ImmediateOops: 8, NonImmediateOops: No
[2024-10-26T03:26:24.821+0530][0.212s][debug][gc,nmethod  ] Register NMethod: jdk.internal.classfile.impl.BlockCodeBuilderImpl.with (0x0000029cc20f3b08) [0x0000029cc20f3c80, 0x0000029cc20f4498] Compiler: c1, Barriers: 2, Oops: 0, ImmediateOops: 0, NonImmediateOops: No
[2024-10-26T03:26:24.822+0530][0.212s][debug][gc,nmethod  ] Register NMethod: jdk.internal.classfile.impl.ClassFileImpl.shortJumpsOption (0x0000029cc9b99908) [0x0000029cc9b99a20, 0x0000029cc9b99b18] Compiler: c1, Barriers: 1, Oops: 0, ImmediateOops: 0, NonImmediateOops: No
[2024-10-26T03:26:24.822+0530][0.213s][debug][gc,nmethod  ] Register NMethod: java.lang.classfile.instruction.StackInstruction.of (0x0000029cc20f4508) [0x0000029cc20f4660, 0x0000029cc20f4a70] Compiler: c1, Barriers: 3, Oops: 0, ImmediateOops: 1, NonImmediateOops: No
[2024-10-26T03:26:24.822+0530][0.213s][debug][gc,nmethod  ] Register NMethod: jdk.internal.classfile.impl.AbstractInstruction$UnboundStackInstruction.<init> (0x0000029cc20f4b08) [0x0000029cc20f4c40, 0x0000029cc20f4f58] Compiler: c1, Barriers: 3, Oops: 0, ImmediateOops: 0, NonImmediateOops: No
[2024-10-26T03:26:24.822+0530][0.213s][debug][gc,nmethod  ] Register NMethod: jdk.internal.classfile.impl.SplitConstantPool.methodRefEntry (0x0000029cc20f5008) [0x0000029cc20f5220, 0x0000029cc20f62e8] Compiler: c1, Barriers: 7, Oops: 0, ImmediateOops: 0, NonImmediateOops: No
[2024-10-26T03:26:24.822+0530][0.213s][debug][gc,nmethod  ] Register NMethod: java.util.ArrayList.set (0x0000029cc20f6388) [0x0000029cc20f64e0, 0x0000029cc20f6920] Compiler: c1, Barriers: 5, Oops: 0, ImmediateOops: 0, NonImmediateOops: No
[2024-10-26T03:26:24.822+0530][0.213s][debug][gc,nmethod  ] Register NMethod: jdk.jfr.internal.util.Bytecode$MethodDesc.descriptor (0x0000029cc9b99c08) [0x0000029cc9b99d20, 0x0000029cc9b99e18] Compiler: c1, Barriers: 1, Oops: 0, ImmediateOops: 0, NonImmediateOops: No
[2024-10-26T03:26:24.822+0530][0.213s][debug][gc,nmethod  ] Register NMethod: jdk.internal.classfile.impl.ClassReaderImpl.context (0x0000029cc9b99f08) [0x0000029cc9b9a020, 0x0000029cc9b9a118] Compiler: c1, Barriers: 1, Oops: 0, ImmediateOops: 0, NonImmediateOops: No
[2024-10-26T03:26:24.822+0530][0.213s][debug][gc,nmethod  ] Register NMethod: jdk.internal.constant.MethodTypeDescImpl.ofDescriptor (0x0000029cc20f6988) [0x0000029cc20f6b60, 0x0000029cc20f7740] Compiler: c1, Barriers: 15, Oops: 1, ImmediateOops: 3, NonImmediateOops: No
[2024-10-26T03:26:24.822+0530][0.213s][debug][gc,nmethod  ] Register NMethod: jdk.internal.classfile.impl.ClassFileImpl.stackMapsOption (0x0000029cc9b9a208) [0x0000029cc9b9a320, 0x0000029cc9b9a418] Compiler: c1, Barriers: 1, Oops: 0, ImmediateOops: 0, NonImmediateOops: No
[2024-10-26T03:26:24.822+0530][0.213s][debug][gc,nmethod  ] Register NMethod: jdk.internal.classfile.impl.StackMapGenerator$Frame.decStack (0x0000029cc20f7788) [0x0000029cc20f78c0, 0x0000029cc20f7b38] Compiler: c1, Barriers: 2, Oops: 1, ImmediateOops: 1, NonImmediateOops: No
[2024-10-26T03:26:24.823+0530][0.214s][debug][gc,nmethod  ] Register NMethod: java.nio.Buffer.nextGetIndex (0x0000029cc20f7b88) [0x0000029cc20f7cc0, 0x0000029cc20f7e90] Compiler: c1, Barriers: 0, Oops: 0, ImmediateOops: 0, NonImmediateOops: No
[2024-10-26T03:26:24.823+0530][0.214s][debug][gc,nmethod  ] Register NMethod: jdk.internal.classfile.impl.AbstractPoolEntry$ClassEntryImpl.asSymbol (0x0000029cc20f7f08) [0x0000029cc20f81a0, 0x0000029cc20f9288] Compiler: c1, Barriers: 9, Oops: 1, ImmediateOops: 4, NonImmediateOops: No
[2024-10-26T03:26:24.823+0530][0.214s][debug][gc,nmethod  ] Register NMethod: jdk.internal.classfile.impl.SplitConstantPool.map (0x0000029cc9b9a508) [0x0000029cc9b9a700, 0x0000029cc9b9b278] Compiler: c2, Barriers: 17, Oops: 0, ImmediateOops: 0, NonImmediateOops: No
[2024-10-26T03:26:24.823+0530][0.214s][debug][gc,nmethod  ] Register NMethod: java.lang.invoke.DirectMethodHandle$Holder.newInvokeSpecial (0x0000029cc20f9388) [0x0000029cc20f9500, 0x0000029cc20f9ca8] Compiler: c1, Barriers: 2, Oops: 0, ImmediateOops: 1, NonImmediateOops: No
[2024-10-26T03:26:24.823+0530][0.214s][debug][gc,nmethod  ] Register NMethod: java.nio.HeapByteBuffer.getShort (0x0000029cc20f9d08) [0x0000029cc20f9ee0, 0x0000029cc20fa838] Compiler: c1, Barriers: 2, Oops: 1, ImmediateOops: 2, NonImmediateOops: No
[2024-10-26T03:26:24.823+0530][0.214s][debug][gc,nmethod  ] Register NMethod: java.lang.classfile.constantpool.ConstantPoolBuilder.nameAndTypeEntry (0x0000029cc20fa908) [0x0000029cc20faa80, 0x0000029cc20fafd0] Compiler: c1, Barriers: 3, Oops: 0, ImmediateOops: 0, NonImmediateOops: No
[2024-10-26T03:26:24.824+0530][0.214s][debug][gc,nmethod  ] Register NMethod: jdk.internal.classfile.impl.MethodImpl.methodName (0x0000029cc20fb008) [0x0000029cc20fb160, 0x0000029cc20fb598] Compiler: c1, Barriers: 1, Oops: 1, ImmediateOops: 1, NonImmediateOops: No
[2024-10-26T03:26:24.824+0530][0.215s][debug][gc,nmethod  ] Register NMethod: jdk.jfr.internal.util.Bytecode$FieldDesc.name (0x0000029cc9b9b308) [0x0000029cc9b9b420, 0x0000029cc9b9b518] Compiler: c1, Barriers: 1, Oops: 0, ImmediateOops: 0, NonImmediateOops: No
[2024-10-26T03:26:24.824+0530][0.215s][debug][gc,nmethod  ] Register NMethod: jdk.internal.classfile.impl.ClassReaderImpl.customAttributes (0x0000029cc9b9b608) [0x0000029cc9b9b720, 0x0000029cc9b9b818] Compiler: c1, Barriers: 1, Oops: 0, ImmediateOops: 0, NonImmediateOops: No
[2024-10-26T03:26:24.824+0530][0.215s][debug][gc,nmethod  ] Register NMethod: jdk.internal.classfile.impl.LabelImpl.writeTo (0x0000029cc20fb608) [0x0000029cc20fb740, 0x0000029cc20fb9e8] Compiler: c1, Barriers: 1, Oops: 0, ImmediateOops: 0, NonImmediateOops: No
[2024-10-26T03:26:24.824+0530][0.215s][debug][gc,nmethod  ] Register NMethod: jdk.internal.classfile.impl.ClassReaderImpl.classfileLength (0x0000029cc9b9b908) [0x0000029cc9b9ba20, 0x0000029cc9b9bae8] Compiler: c1, Barriers: 0, Oops: 0, ImmediateOops: 0, NonImmediateOops: No
[2024-10-26T03:26:24.824+0530][0.215s][debug][gc,nmethod  ] Register NMethod: jdk.internal.constant.ConstantUtils.parseMethodDescriptor (0x0000029cc20fba88) [0x0000029cc20fc140, 0x0000029cc2100180] Compiler: c1, Barriers: 32, Oops: 3, ImmediateOops: 19, NonImmediateOops: No
[2024-10-26T03:26:24.824+0530][0.215s][debug][gc,nmethod  ] Register NMethod: java.util.Collections$UnmodifiableCollection$1.next (0x0000029cc2100308) [0x0000029cc2100440, 0x0000029cc2100650] Compiler: c1, Barriers: 1, Oops: 0, ImmediateOops: 0, NonImmediateOops: No
[2024-10-26T03:26:24.824+0530][0.215s][debug][gc,nmethod  ] Register NMethod: jdk.internal.classfile.impl.SplitConstantPool.tryFindUtf8 (0x0000029cc2100688) [0x0000029cc2100880, 0x0000029cc2101400] Compiler: c1, Barriers: 2, Oops: 0, ImmediateOops: 0, NonImmediateOops: No
[2024-10-26T03:26:24.825+0530][0.216s][debug][gc,nmethod  ] Register NMethod: jdk.internal.classfile.impl.AbstractPoolEntry$Utf8EntryImpl.inflate (0x0000029cc2101488) [0x0000029cc2101840, 0x0000029cc2103358] Compiler: c1, Barriers: 13, Oops: 1, ImmediateOops: 12, NonImmediateOops: No
[2024-10-26T03:26:24.825+0530][0.216s][debug][gc,nmethod  ] Register NMethod: sun.reflect.generics.parser.SignatureParser.skipIdentifier (0x0000029cc2103408) [0x0000029cc21035a0, 0x0000029cc2103ae8] Compiler: c1, Barriers: 0, Oops: 0, ImmediateOops: 0, NonImmediateOops: No
[2024-10-26T03:26:24.825+0530][0.216s][debug][gc,nmethod  ] Register NMethod: java.util.Collections$1.hasNext (0x0000029cc9b9bc08) [0x0000029cc9b9bd20, 0x0000029cc9b9bdf0] Compiler: c1, Barriers: 0, Oops: 0, ImmediateOops: 0, NonImmediateOops: No
[2024-10-26T03:26:24.826+0530][0.217s][debug][gc,nmethod  ] Register NMethod: jdk.internal.classfile.impl.AbstractPoolEntry.constantPool (0x0000029cc9b9bf08) [0x0000029cc9b9c020, 0x0000029cc9b9c118] Compiler: c1, Barriers: 1, Oops: 0, ImmediateOops: 0, NonImmediateOops: No
[2024-10-26T03:26:24.826+0530][0.217s][debug][gc,nmethod  ] Register NMethod: jdk.internal.classfile.impl.AbstractInstruction$UnboundIntrinsicConstantInstruction.<init> (0x0000029cc2103b88) [0x0000029cc2103ce0, 0x0000029cc21040b8] Compiler: c1, Barriers: 7, Oops: 0, ImmediateOops: 0, NonImmediateOops: No
[2024-10-26T03:26:24.826+0530][0.217s][debug][gc,nmethod  ] Register NMethod: jdk.internal.classfile.impl.DirectCodeBuilder.newLabel (0x0000029cc2104108) [0x0000029cc2104240, 0x0000029cc21045a8] Compiler: c1, Barriers: 3, Oops: 0, ImmediateOops: 0, NonImmediateOops: No
[2024-10-26T03:26:24.826+0530][0.217s][debug][gc,nmethod  ] Register NMethod: java.lang.classfile.instruction.ConstantInstruction.ofIntrinsic (0x0000029cc2104608) [0x0000029cc21047e0, 0x0000029cc2105140] Compiler: c1, Barriers: 10, Oops: 1, ImmediateOops: 2, NonImmediateOops: No
[2024-10-26T03:26:24.826+0530][0.217s][debug][gc,nmethod  ] Register NMethod: java.lang.reflect.Method.getDeclaringClass (0x0000029cc9b9c208) [0x0000029cc9b9c320, 0x0000029cc9b9c418] Compiler: c1, Barriers: 1, Oops: 0, ImmediateOops: 0, NonImmediateOops: No
[2024-10-26T03:26:24.826+0530][0.217s][debug][gc,nmethod  ] Register NMethod: java.util.List.of (0x0000029cc2105208) [0x0000029cc2105440, 0x0000029cc21061a8] Compiler: c1, Barriers: 15, Oops: 0, ImmediateOops: 2, NonImmediateOops: No
[2024-10-26T03:26:24.827+0530][0.217s][debug][gc,nmethod  ] Register NMethod: jdk.internal.constant.MethodTypeDescImpl.hashCode (0x0000029cc2106208) [0x0000029cc2106360, 0x0000029cc21066a8] Compiler: c1, Barriers: 2, Oops: 0, ImmediateOops: 0, NonImmediateOops: No
[2024-10-26T03:26:24.827+0530][0.218s][debug][gc,nmethod  ] Register NMethod: jdk.internal.classfile.impl.StackMapGenerator$Type.equals (0x0000029cc2106708) [0x0000029cc2106860, 0x0000029cc2106e30] Compiler: c1, Barriers: 2, Oops: 0, ImmediateOops: 0, NonImmediateOops: No
[2024-10-26T03:26:24.827+0530][0.218s][debug][gc,nmethod  ] Register NMethod: jdk.internal.classfile.impl.StackMapGenerator$Frame.merge (0x0000029cc2106e88) [0x0000029cc2106fe0, 0x0000029cc2107408] Compiler: c1, Barriers: 5, Oops: 0, ImmediateOops: 0, NonImmediateOops: No
[2024-10-26T03:26:24.827+0530][0.218s][debug][gc,nmethod  ] Register NMethod: jdk.internal.classfile.impl.SplitConstantPool.entryByIndex (0x0000029cc9b9c508) [0x0000029cc9b9c620, 0x0000029cc9b9c818] Compiler: c2, Barriers: 2, Oops: 0, ImmediateOops: 0, NonImmediateOops: No
[2024-10-26T03:26:24.827+0530][0.218s][debug][gc,nmethod  ] Register NMethod: jdk.internal.classfile.impl.StackMapGenerator$Type.mergeFrom (0x0000029cc2107488) [0x0000029cc2107600, 0x0000029cc2107ba0] Compiler: c1, Barriers: 0, Oops: 0, ImmediateOops: 6, NonImmediateOops: No
[2024-10-26T03:26:24.828+0530][0.218s][debug][gc,nmethod  ] Register NMethod: jdk.internal.classfile.impl.StackMapGenerator$Type.referenceType (0x0000029cc2107c08) [0x0000029cc2107d40, 0x0000029cc2108028] Compiler: c1, Barriers: 3, Oops: 0, ImmediateOops: 0, NonImmediateOops: No
[2024-10-26T03:26:24.828+0530][0.218s][debug][gc,director ] Rule Major: Warmup 10%, Used: 14MB, UsedThreshold: 204MB
[2024-10-26T03:26:24.828+0530][0.218s][debug][gc,nmethod  ] Register NMethod: jdk.internal.classfile.impl.StackMapGenerator$Frame.trimAndCompress (0x0000029cc2108088) [0x0000029cc2108200, 0x0000029cc21087d8] Compiler: c1, Barriers: 5, Oops: 0, ImmediateOops: 3, NonImmediateOops: No
[2024-10-26T03:26:24.828+0530][0.219s][debug][gc,nmethod  ] Register NMethod: jdk.internal.classfile.impl.BufWriterImpl.writeBytes (0x0000029cc2108808) [0x0000029cc2108940, 0x0000029cc2108ba8] Compiler: c1, Barriers: 1, Oops: 0, ImmediateOops: 0, NonImmediateOops: No
[2024-10-26T03:26:24.828+0530][0.219s][debug][gc,nmethod  ] Register NMethod: java.lang.Class.getAnnotationType (0x0000029cc9b9c888) [0x0000029cc9b9c9a0, 0x0000029cc9b9caa0] Compiler: c1, Barriers: 1, Oops: 0, ImmediateOops: 0, NonImmediateOops: No
[2024-10-26T03:26:24.828+0530][0.219s][debug][gc,nmethod  ] Register NMethod: jdk.internal.classfile.impl.AccessFlagsImpl.flagsMask (0x0000029cc9b9cb88) [0x0000029cc9b9cca0, 0x0000029cc9b9cd68] Compiler: c1, Barriers: 0, Oops: 0, ImmediateOops: 0, NonImmediateOops: No
[2024-10-26T03:26:24.828+0530][0.219s][debug][gc,nmethod  ] Register NMethod: java.lang.reflect.Array.newInstance (0x0000029cc2108c08) [0x0000029cc2108d20, 0x0000029cc2108e38] Compiler: c1, Barriers: 0, Oops: 0, ImmediateOops: 0, NonImmediateOops: No
[2024-10-26T03:26:24.828+0530][0.219s][debug][gc,nmethod  ] Register NMethod: java.lang.invoke.LambdaForm$MH/0x000002a0d4007000.invoke (0x0000029cc9b9ce88) [0x0000029cc9b9cfa0, 0x0000029cc9b9d048] Compiler: c1, Barriers: 0, Oops: 1, ImmediateOops: 0, NonImmediateOops: No
[2024-10-26T03:26:24.828+0530][0.219s][debug][gc,nmethod  ] Register NMethod: java.lang.invoke.LambdaForm$MH/0x000002a0d4008400.invoke (0x0000029cc2108f08) [0x0000029cc2109080, 0x0000029cc21097f0] Compiler: c1, Barriers: 3, Oops: 1, ImmediateOops: 0, NonImmediateOops: No
[2024-10-26T03:26:24.828+0530][0.219s][debug][gc,nmethod  ] Register NMethod: java.lang.invoke.LambdaForm$MH/0x000002a0d4007400.invoke (0x0000029cc2109808) [0x0000029cc2109960, 0x0000029cc2109fe0] Compiler: c1, Barriers: 2, Oops: 1, ImmediateOops: 0, NonImmediateOops: No
[2024-10-26T03:26:24.828+0530][0.219s][debug][gc,nmethod  ] Register NMethod: java.lang.Enum.hashCode (0x0000029cc210a008) [0x0000029cc210a120, 0x0000029cc210a2a0] Compiler: c1, Barriers: 0, Oops: 0, ImmediateOops: 0, NonImmediateOops: No
[2024-10-26T03:26:24.828+0530][0.219s][debug][gc,nmethod  ] Register NMethod: java.lang.runtime.ObjectMethods.hashCombiner (0x0000029cc210a308) [0x0000029cc210a420, 0x0000029cc210a518] Compiler: c1, Barriers: 0, Oops: 0, ImmediateOops: 0, NonImmediateOops: No
[2024-10-26T03:26:24.828+0530][0.219s][debug][gc,nmethod  ] Register NMethod: java.lang.invoke.DirectMethodHandle$Holder.invokeStatic (0x0000029cc210a608) [0x0000029cc210a740, 0x0000029cc210abf8] Compiler: c1, Barriers: 1, Oops: 0, ImmediateOops: 0, NonImmediateOops: No
[2024-10-26T03:26:24.829+0530][0.219s][debug][gc,nmethod  ] Register NMethod: java.lang.invoke.Invokers$Holder.linkToTargetMethod (0x0000029cc210ac88) [0x0000029cc210adc0, 0x0000029cc210b178] Compiler: c1, Barriers: 0, Oops: 0, ImmediateOops: 0, NonImmediateOops: No
[2024-10-26T03:26:24.829+0530][0.219s][debug][gc,nmethod  ] Register NMethod: java.lang.invoke.DirectMethodHandle$Holder.invokeStatic (0x0000029cc210b188) [0x0000029cc210b2c0, 0x0000029cc210b6c0] Compiler: c1, Barriers: 1, Oops: 0, ImmediateOops: 0, NonImmediateOops: No
[2024-10-26T03:26:24.829+0530][0.220s][debug][gc,nmethod  ] Register NMethod: java.util.Collections$UnmodifiableCollection$1.<init> (0x0000029cc210b708) [0x0000029cc210b840, 0x0000029cc210bba0] Compiler: c1, Barriers: 7, Oops: 0, ImmediateOops: 0, NonImmediateOops: No
[2024-10-26T03:26:24.829+0530][0.220s][debug][gc,nmethod  ] Register NMethod: java.util.Collections$UnmodifiableCollection.iterator (0x0000029cc210bc08) [0x0000029cc210bd60, 0x0000029cc210c180] Compiler: c1, Barriers: 7, Oops: 0, ImmediateOops: 0, NonImmediateOops: No
[2024-10-26T03:26:24.829+0530][0.220s][debug][gc,nmethod  ] Register NMethod: jdk.internal.classfile.impl.AbstractInstruction$UnboundIntrinsicConstantInstruction.writeTo (0x0000029cc210c208) [0x0000029cc210c340, 0x0000029cc210c520] Compiler: c1, Barriers: 1, Oops: 0, ImmediateOops: 0, NonImmediateOops: No
[2024-10-26T03:26:24.829+0530][0.220s][debug][gc,nmethod  ] Register NMethod: jdk.internal.constant.MethodTypeDescImpl.parameterCount (0x0000029cc9b9d188) [0x0000029cc9b9d280, 0x0000029cc9b9d350] Compiler: c2, Barriers: 1, Oops: 0, ImmediateOops: 0, NonImmediateOops: No
[2024-10-26T03:26:24.829+0530][0.220s][debug][gc,nmethod  ] Register NMethod: java.lang.invoke.DirectMethodHandle$Holder.getReference (0x0000029cc210c588) [0x0000029cc210c6e0, 0x0000029cc210cd00] Compiler: c1, Barriers: 1, Oops: 0, ImmediateOops: 0, NonImmediateOops: No
[2024-10-26T03:26:24.829+0530][0.220s][debug][gc,nmethod  ] Register NMethod: java.lang.invoke.DirectMethodHandle.checkCast (0x0000029cc210cd88) [0x0000029cc210cec0, 0x0000029cc210d148] Compiler: c1, Barriers: 0, Oops: 0, ImmediateOops: 0, NonImmediateOops: No
[2024-10-26T03:26:24.829+0530][0.220s][debug][gc,nmethod  ] Register NMethod: java.lang.invoke.LambdaForm$MH/0x000002a0d4003000.invoke (0x0000029cc210d188) [0x0000029cc210d300, 0x0000029cc210dc58] Compiler: c1, Barriers: 1, Oops: 1, ImmediateOops: 0, NonImmediateOops: No
[2024-10-26T03:26:24.829+0530][0.220s][debug][gc,nmethod  ] Register NMethod: java.lang.invoke.DirectMethodHandle$Accessor.checkCast (0x0000029cc210dd08) [0x0000029cc210de60, 0x0000029cc210e198] Compiler: c1, Barriers: 1, Oops: 0, ImmediateOops: 0, NonImmediateOops: No
[2024-10-26T03:26:24.829+0530][0.220s][debug][gc,nmethod  ] Register NMethod: java.lang.Math.addExact (0x0000029cc210e208) [0x0000029cc210e340, 0x0000029cc210e538] Compiler: c1, Barriers: 0, Oops: 0, ImmediateOops: 1, NonImmediateOops: No
[2024-10-26T03:26:24.829+0530][0.220s][debug][gc,nmethod  ] Register NMethod: jdk.internal.classfile.impl.AbstractPoolEntry$Utf8EntryImpl.writeTo (0x0000029cc9b9d488) [0x0000029cc9b9d6a0, 0x0000029cc9b9e6e0] Compiler: c2, Barriers: 25, Oops: 1, ImmediateOops: 0, NonImmediateOops: No
[2024-10-26T03:26:24.830+0530][0.220s][debug][gc,nmethod  ] Register NMethod: jdk.internal.classfile.impl.AbstractInstruction$UnboundFieldInstruction.writeTo (0x0000029cc210e588) [0x0000029cc210e6e0, 0x0000029cc210e9d0] Compiler: c1, Barriers: 3, Oops: 0, ImmediateOops: 0, NonImmediateOops: No
[2024-10-26T03:26:24.830+0530][0.221s][debug][gc,nmethod  ] Register NMethod: jdk.internal.classfile.impl.AbstractInstruction$UnboundFieldInstruction.<init> (0x0000029cc210ea08) [0x0000029cc210eb40, 0x0000029cc210eed0] Compiler: c1, Barriers: 6, Oops: 0, ImmediateOops: 0, NonImmediateOops: No
[2024-10-26T03:26:24.830+0530][0.221s][debug][gc,nmethod  ] Register NMethod: java.lang.classfile.instruction.FieldInstruction.of (0x0000029cc210ef08) [0x0000029cc210f060, 0x0000029cc210f4f8] Compiler: c1, Barriers: 6, Oops: 0, ImmediateOops: 1, NonImmediateOops: No
[2024-10-26T03:26:24.830+0530][0.221s][debug][gc,nmethod  ] Register NMethod: java.lang.classfile.CodeBuilder.fieldAccess (0x0000029cc210f588) [0x0000029cc210f700, 0x0000029cc210fdd8] Compiler: c1, Barriers: 6, Oops: 0, ImmediateOops: 1, NonImmediateOops: No
[2024-10-26T03:26:24.830+0530][0.221s][debug][gc,nmethod  ] Register NMethod: jdk.internal.classfile.impl.AbstractPoolEntry$FieldRefEntryImpl.clone (0x0000029cc210fe88) [0x0000029cc210ffa0, 0x0000029cc21100d8] Compiler: c1, Barriers: 0, Oops: 0, ImmediateOops: 0, NonImmediateOops: No
[2024-10-26T03:26:24.830+0530][0.221s][debug][gc,nmethod  ] Register NMethod: jdk.internal.classfile.impl.DirectCodeBuilder.writeFieldAccess (0x0000029cc2110188) [0x0000029cc21102c0, 0x0000029cc21104d8] Compiler: c1, Barriers: 1, Oops: 0, ImmediateOops: 0, NonImmediateOops: No
[2024-10-26T03:26:24.830+0530][0.221s][debug][gc,nmethod  ] Register NMethod: jdk.internal.classfile.impl.RawBytecodeHelper.getShort (0x0000029cc2110508) [0x0000029cc2110640, 0x0000029cc2110850] Compiler: c1, Barriers: 1, Oops: 0, ImmediateOops: 0, NonImmediateOops: No
[2024-10-26T03:26:24.830+0530][0.221s][debug][gc,nmethod  ] Register NMethod: jdk.internal.classfile.impl.RawBytecodeHelper.dest (0x0000029cc2110888) [0x0000029cc21109c0, 0x0000029cc2110c38] Compiler: c1, Barriers: 1, Oops: 0, ImmediateOops: 0, NonImmediateOops: No
[2024-10-26T03:26:24.830+0530][0.221s][debug][gc,nmethod  ] Register NMethod: java.util.ArrayList$Itr.hasNext (0x0000029cc9b9e788) [0x0000029cc9b9e880, 0x0000029cc9b9e960] Compiler: c2, Barriers: 1, Oops: 0, ImmediateOops: 0, NonImmediateOops: No
[2024-10-26T03:26:24.830+0530][0.221s][debug][gc,nmethod  ] Register NMethod: jdk.internal.classfile.impl.StackMapGenerator$Frame.pushStack (0x0000029cc2110c88) [0x0000029cc2110ea0, 0x0000029cc2111a48] Compiler: c1, Barriers: 2, Oops: 1, ImmediateOops: 8, NonImmediateOops: No
[2024-10-26T03:26:24.831+0530][0.221s][debug][gc,nmethod  ] Register NMethod: java.lang.classfile.Attributes.code (0x0000029cc2111b08) [0x0000029cc2111c20, 0x0000029cc2111d18] Compiler: c1, Barriers: 0, Oops: 0, ImmediateOops: 1, NonImmediateOops: No
[2024-10-26T03:26:24.831+0530][0.222s][debug][gc,nmethod  ] Register NMethod: jdk.internal.classfile.impl.ClassReaderImpl.readInt (0x0000029cc2111e08) [0x0000029cc2111f40, 0x0000029cc2112288] Compiler: c1, Barriers: 1, Oops: 0, ImmediateOops: 1, NonImmediateOops: No
[2024-10-26T03:26:24.831+0530][0.222s][debug][gc,nmethod  ] Register NMethod: java.lang.invoke.MethodHandleImpl.profileBoolean (0x0000029cc2112308) [0x0000029cc2112460, 0x0000029cc2112840] Compiler: c1, Barriers: 0, Oops: 0, ImmediateOops: 1, NonImmediateOops: No
[2024-10-26T03:26:24.831+0530][0.222s][debug][gc,nmethod  ] Register NMethod: java.lang.classfile.Opcode.isUnconditionalBranch (0x0000029cc2112888) [0x0000029cc21129a0, 0x0000029cc2112c28] Compiler: c1, Barriers: 1, Oops: 0, ImmediateOops: 1, NonImmediateOops: No
[2024-10-26T03:26:24.831+0530][0.222s][debug][gc,nmethod  ] Register NMethod: jdk.internal.classfile.impl.RawBytecodeHelper.<init> (0x0000029cc2112c88) [0x0000029cc2112da0, 0x0000029cc2112fb0] Compiler: c1, Barriers: 3, Oops: 0, ImmediateOops: 0, NonImmediateOops: No
[2024-10-26T03:26:24.831+0530][0.222s][debug][gc,nmethod  ] Register NMethod: java.util.Arrays.fill (0x0000029cc2113008) [0x0000029cc2113140, 0x0000029cc2113450] Compiler: c1, Barriers: 3, Oops: 0, ImmediateOops: 0, NonImmediateOops: No
[2024-10-26T03:26:24.831+0530][0.222s][debug][gc,nmethod  ] Register NMethod: jdk.internal.classfile.impl.StackMapGenerator$Frame.<init> (0x0000029cc2113488) [0x0000029cc21135c0, 0x0000029cc2113938] Compiler: c1, Barriers: 12, Oops: 0, ImmediateOops: 0, NonImmediateOops: No
[2024-10-26T03:26:24.832+0530][0.222s][debug][gc,nmethod  ] Register NMethod: java.util.Arrays.fill (0x0000029cc2113988) [0x0000029cc2113ac0, 0x0000029cc2113e48] Compiler: c1, Barriers: 3, Oops: 0, ImmediateOops: 0, NonImmediateOops: No
[2024-10-26T03:26:24.832+0530][0.223s][debug][gc,nmethod  ] Register NMethod: jdk.internal.classfile.impl.StackMapGenerator.processExceptionHandlerTargets (0x0000029cc2113e88) [0x0000029cc2114040, 0x0000029cc2114890] Compiler: c1, Barriers: 5, Oops: 0, ImmediateOops: 0, NonImmediateOops: No
[2024-10-26T03:26:24.832+0530][0.223s][debug][gc,nmethod  ] Register NMethod: jdk.internal.classfile.impl.StackMapGenerator$Frame.setLocalRawInternal (0x0000029cc2114908) [0x0000029cc2114a60, 0x0000029cc2114ee8] Compiler: c1, Barriers: 6, Oops: 0, ImmediateOops: 0, NonImmediateOops: No
[2024-10-26T03:26:24.832+0530][0.223s][debug][gc,nmethod  ] Register NMethod: java.lang.constant.MethodTypeDesc.ofDescriptor (0x0000029cc2114f08) [0x0000029cc2115020, 0x0000029cc2115138] Compiler: c1, Barriers: 0, Oops: 0, ImmediateOops: 0, NonImmediateOops: No
[2024-10-26T03:26:24.832+0530][0.223s][debug][gc,nmethod  ] Register NMethod: jdk.internal.classfile.impl.FieldImpl.fieldName (0x0000029cc2115208) [0x0000029cc2115360, 0x0000029cc2115798] Compiler: c1, Barriers: 1, Oops: 1, ImmediateOops: 1, NonImmediateOops: No
[2024-10-26T03:26:24.832+0530][0.223s][debug][gc,nmethod  ] Register NMethod: java.lang.classfile.CodeBuilder.labelBinding (0x0000029cc2115808) [0x0000029cc2115940, 0x0000029cc2115cd0] Compiler: c1, Barriers: 0, Oops: 0, ImmediateOops: 0, NonImmediateOops: No
[2024-10-26T03:26:24.832+0530][0.223s][debug][gc,nmethod  ] Register NMethod: jdk.internal.misc.Unsafe.toUnsignedLong (0x0000029cc2115d08) [0x0000029cc2115e20, 0x0000029cc2115f20] Compiler: c1, Barriers: 0, Oops: 0, ImmediateOops: 0, NonImmediateOops: No
[2024-10-26T03:26:24.833+0530][0.224s][debug][gc,nmethod  ] Register NMethod: jdk.internal.classfile.impl.UnboundAttribute$AdHocAttribute.<init> (0x0000029cc2116008) [0x0000029cc2116140, 0x0000029cc21163d8] Compiler: c1, Barriers: 3, Oops: 0, ImmediateOops: 0, NonImmediateOops: No
[2024-10-26T03:26:24.833+0530][0.224s][debug][gc,nmethod  ] Register NMethod: jdk.internal.classfile.impl.AbstractPoolEntry.width (0x0000029cc9b9ea88) [0x0000029cc9b9eb80, 0x0000029cc9b9ec28] Compiler: c2, Barriers: 0, Oops: 0, ImmediateOops: 0, NonImmediateOops: No
[2024-10-26T03:26:24.833+0530][0.224s][debug][gc,nmethod  ] Register NMethod: jdk.internal.classfile.impl.DirectFieldBuilder.setFlags (0x0000029cc9b9ed88) [0x0000029cc9b9eea0, 0x0000029cc9b9ef68] Compiler: c1, Barriers: 0, Oops: 0, ImmediateOops: 0, NonImmediateOops: No
[2024-10-26T03:26:24.834+0530][0.225s][debug][gc,nmethod  ] Register NMethod: java.lang.classfile.ClassFileBuilder.accept (0x0000029cc2116408) [0x0000029cc2116540, 0x0000029cc21167f8] Compiler: c1, Barriers: 0, Oops: 0, ImmediateOops: 0, NonImmediateOops: No
[2024-10-26T03:26:24.834+0530][0.225s][debug][gc,nmethod  ] Register NMethod: jdk.internal.classfile.impl.BufWriterImpl.<init> (0x0000029cc2116808) [0x0000029cc2116940, 0x0000029cc2116d30] Compiler: c1, Barriers: 12, Oops: 0, ImmediateOops: 0, NonImmediateOops: No
[2024-10-26T03:26:24.834+0530][0.225s][debug][gc,nmethod  ] Register NMethod: jdk.internal.classfile.impl.AbstractPoolEntry$NameAndTypeEntryImpl.name (0x0000029cc2116d88) [0x0000029cc2116ea0, 0x0000029cc21170d0] Compiler: c1, Barriers: 1, Oops: 0, ImmediateOops: 0, NonImmediateOops: No
[2024-10-26T03:26:24.834+0530][0.225s][debug][gc,nmethod  ] Register NMethod: java.lang.classfile.ClassFileBuilder.accept (0x0000029cc2117108) [0x0000029cc2117220, 0x0000029cc21173e8] Compiler: c1, Barriers: 0, Oops: 0, ImmediateOops: 0, NonImmediateOops: No
[2024-10-26T03:26:24.834+0530][0.225s][debug][gc,nmethod  ] Register NMethod: jdk.internal.classfile.impl.ClassReaderImpl.entryByIndex (0x0000029cc20b1588) [0x0000029cc20b2120, 0x0000029cc20b9090] Compiler: c1, Barriers: 10, Oops: 11, ImmediateOops: 32, NonImmediateOops: No
[2024-10-26T03:26:24.834+0530][0.225s][debug][gc,nmethod  ] Register NMethod: jdk.internal.classfile.impl.EntryMap.firstToken (0x0000029cc9b9f088) [0x0000029cc9b9f1a0, 0x0000029cc9b9f318] Compiler: c2, Barriers: 1, Oops: 0, ImmediateOops: 0, NonImmediateOops: No
[2024-10-26T03:26:24.834+0530][0.225s][debug][gc,nmethod  ] Register NMethod: jdk.internal.classfile.impl.StackMapGenerator$2.set (0x0000029cc2117408) [0x0000029cc2117560, 0x0000029cc2117858] Compiler: c1, Barriers: 2, Oops: 0, ImmediateOops: 0, NonImmediateOops: No
[2024-10-26T03:26:24.835+0530][0.226s][debug][gc,nmethod  ] Register NMethod: jdk.internal.classfile.impl.UnboundAttribute$AdHocAttribute.writeTo (0x0000029cc2117888) [0x0000029cc2117a40, 0x0000029cc21181b8] Compiler: c1, Barriers: 3, Oops: 0, ImmediateOops: 0, NonImmediateOops: No
[2024-10-26T03:26:24.835+0530][0.226s][debug][gc,nmethod  ] Register NMethod: jdk.internal.reflect.ConstantPool.getUTF8At (0x0000029cc2118288) [0x0000029cc21183a0, 0x0000029cc2118510] Compiler: c1, Barriers: 1, Oops: 0, ImmediateOops: 0, NonImmediateOops: No
[2024-10-26T03:26:24.835+0530][0.226s][debug][gc,nmethod  ] Register NMethod: jdk.internal.classfile.impl.AbstractElement.<init> (0x0000029cc9b9f388) [0x0000029cc9b9f480, 0x0000029cc9b9f4f8] Compiler: c2, Barriers: 0, Oops: 0, ImmediateOops: 0, NonImmediateOops: No
[2024-10-26T03:26:24.835+0530][0.226s][debug][gc,nmethod  ] Register NMethod: java.lang.classfile.constantpool.ConstantPoolBuilder.methodRefEntry (0x0000029cc2118588) [0x0000029cc21186e0, 0x0000029cc2118a60] Compiler: c1, Barriers: 0, Oops: 0, ImmediateOops: 0, NonImmediateOops: No
[2024-10-26T03:26:24.836+0530][0.227s][debug][gc,nmethod  ] Register NMethod: java.lang.Class.reflectionData (0x0000029cc2118a88) [0x0000029cc2118be0, 0x0000029cc2118fe0] Compiler: c1, Barriers: 1, Oops: 0, ImmediateOops: 0, NonImmediateOops: No
[2024-10-26T03:26:24.836+0530][0.227s][debug][gc,nmethod  ] Register NMethod: jdk.internal.constant.DirectMethodHandleDescImpl.hashCode (0x0000029cc2119008) [0x0000029cc21191a0, 0x0000029cc2119b38] Compiler: c1, Barriers: 16, Oops: 0, ImmediateOops: 0, NonImmediateOops: No
[2024-10-26T03:26:24.836+0530][0.227s][debug][gc,nmethod  ] Register NMethod: java.lang.String.<init> (0x0000029cc2119b88) [0x0000029cc2119d00, 0x0000029cc211a150] Compiler: c1, Barriers: 0, Oops: 1, ImmediateOops: 1, NonImmediateOops: No
[2024-10-26T03:26:24.836+0530][0.227s][debug][gc,nmethod  ] Register NMethod: java.lang.constant.DynamicConstantDesc.hashCode (0x0000029cc211a188) [0x0000029cc211a320, 0x0000029cc211ac38] Compiler: c1, Barriers: 13, Oops: 0, ImmediateOops: 0, NonImmediateOops: No
[2024-10-26T03:26:24.837+0530][0.227s][debug][gc,nmethod  ] Register NMethod: java.util.Collections$UnmodifiableCollection.<init> (0x0000029cc211ac88) [0x0000029cc211adc0, 0x0000029cc211b098] Compiler: c1, Barriers: 3, Oops: 0, ImmediateOops: 0, NonImmediateOops: No
[2024-10-26T03:26:24.837+0530][0.227s][debug][gc,nmethod  ] Register NMethod: java.lang.classfile.CodeBuilder.invoke (0x0000029cc211b108) [0x0000029cc211b280, 0x0000029cc211b7e0] Compiler: c1, Barriers: 0, Oops: 0, ImmediateOops: 0, NonImmediateOops: No
[2024-10-26T03:26:24.837+0530][0.228s][debug][gc,nmethod  ] Register NMethod: java.lang.invoke.DirectMethodHandle$Holder.invokeStatic (0x0000029cc211b808) [0x0000029cc211b940, 0x0000029cc211be48] Compiler: c1, Barriers: 1, Oops: 0, ImmediateOops: 0, NonImmediateOops: No
[2024-10-26T03:26:24.837+0530][0.228s][debug][gc,nmethod  ] Register NMethod: java.lang.invoke.LambdaForm$MH/0x000002a0d400b400.guard (0x0000029cc211be88) [0x0000029cc211c020, 0x0000029cc211caf0] Compiler: c1, Barriers: 4, Oops: 1, ImmediateOops: 0, NonImmediateOops: No
[2024-10-26T03:26:24.837+0530][0.228s][debug][gc,nmethod  ] Register NMethod: jdk.internal.classfile.impl.MethodImpl.flags (0x0000029cc211cb08) [0x0000029cc211cc60, 0x0000029cc211d098] Compiler: c1, Barriers: 4, Oops: 1, ImmediateOops: 1, NonImmediateOops: No
[2024-10-26T03:26:24.837+0530][0.228s][debug][gc,nmethod  ] Register NMethod: java.lang.classfile.AccessFlags.ofMethod (0x0000029cc211d108) [0x0000029cc211d240, 0x0000029cc211d528] Compiler: c1, Barriers: 3, Oops: 1, ImmediateOops: 1, NonImmediateOops: No
[2024-10-26T03:26:24.837+0530][0.228s][debug][gc,nmethod  ] Register NMethod: jdk.internal.classfile.impl.MethodImpl.methodType (0x0000029cc211d588) [0x0000029cc211d6e0, 0x0000029cc211db18] Compiler: c1, Barriers: 1, Oops: 1, ImmediateOops: 1, NonImmediateOops: No
[2024-10-26T03:26:24.837+0530][0.228s][debug][gc,nmethod  ] Register NMethod: jdk.internal.classfile.impl.NonterminalCodeBuilder.constantPool (0x0000029cc211db88) [0x0000029cc211dcc0, 0x0000029cc211def8] Compiler: c1, Barriers: 2, Oops: 0, ImmediateOops: 0, NonImmediateOops: No
[2024-10-26T03:26:24.837+0530][0.228s][debug][gc,nmethod  ] Register NMethod: jdk.internal.classfile.impl.AbstractPoolEntry$Utf8EntryImpl.equalsUtf8 (0x0000029cc211df88) [0x0000029cc211e1a0, 0x0000029cc211ebc0] Compiler: c1, Barriers: 10, Oops: 0, ImmediateOops: 6, NonImmediateOops: No
[2024-10-26T03:26:24.837+0530][0.228s][debug][gc,nmethod  ] Register NMethod: java.util.Collections$UnmodifiableRandomAccessList.<init> (0x0000029cc211ec08) [0x0000029cc211ed60, 0x0000029cc211f170] Compiler: c1, Barriers: 6, Oops: 0, ImmediateOops: 0, NonImmediateOops: No
[2024-10-26T03:26:24.838+0530][0.228s][debug][gc,nmethod  ] Register NMethod: java.util.Collections.unmodifiableList (0x0000029cc211f208) [0x0000029cc211f3e0, 0x0000029cc211ff50] Compiler: c1, Barriers: 12, Oops: 0, ImmediateOops: 2, NonImmediateOops: No
[2024-10-26T03:26:24.838+0530][0.229s][debug][gc,nmethod  ] Register NMethod: java.util.Collections$UnmodifiableList.<init> (0x0000029cc211ff88) [0x0000029cc21200e0, 0x0000029cc2120488] Compiler: c1, Barriers: 6, Oops: 0, ImmediateOops: 0, NonImmediateOops: No
[2024-10-26T03:26:24.838+0530][0.229s][debug][gc,nmethod  ] Register NMethod: jdk.internal.classfile.impl.ClassReaderImpl.entryByIndex (0x0000029cc20b1588) [0x0000029cc20b2120, 0x0000029cc20b9090] Compiler: c1, Barriers: 10, Oops: 11, ImmediateOops: 32, NonImmediateOops: No
[2024-10-26T03:26:24.838+0530][0.229s][debug][gc,nmethod  ] Register NMethod: java.lang.String.<init> (0x0000029cc2120508) [0x0000029cc2120a00, 0x0000029cc2123338] Compiler: c1, Barriers: 35, Oops: 0, ImmediateOops: 6, NonImmediateOops: No
[2024-10-26T03:26:24.838+0530][0.229s][debug][gc,nmethod  ] Register NMethod: jdk.internal.classfile.impl.ClassReaderImpl.entryByIndex (0x0000029cc20b1588) [0x0000029cc20b2120, 0x0000029cc20b9090] Compiler: c1, Barriers: 10, Oops: 11, ImmediateOops: 32, NonImmediateOops: No
[2024-10-26T03:26:24.838+0530][0.229s][debug][gc,nmethod  ] Register NMethod: jdk.internal.classfile.impl.AbstractInstruction.sizeInBytes (0x0000029cc9b9f688) [0x0000029cc9b9f7a0, 0x0000029cc9b9f868] Compiler: c1, Barriers: 0, Oops: 0, ImmediateOops: 0, NonImmediateOops: No
[2024-10-26T03:26:24.838+0530][0.229s][debug][gc,nmethod  ] Register NMethod: jdk.internal.misc.Unsafe.getLongUnaligned (0x0000029cc2123408) [0x0000029cc2123560, 0x0000029cc2123918] Compiler: c1, Barriers: 0, Oops: 0, ImmediateOops: 0, NonImmediateOops: No
[2024-10-26T03:26:24.838+0530][0.229s][debug][gc,nmethod  ] Register NMethod: jdk.internal.classfile.impl.BoundAttribute.readAttributes (0x0000029cc2123988) [0x0000029cc2123d40, 0x0000029cc2125a58] Compiler: c1, Barriers: 10, Oops: 3, ImmediateOops: 4, NonImmediateOops: No
[2024-10-26T03:26:24.838+0530][0.229s][debug][gc,nmethod  ] Register NMethod: jdk.internal.util.ArraysSupport.mismatch (0x0000029cc2125b88) [0x0000029cc2125ce0, 0x0000029cc21260d8] Compiler: c1, Barriers: 0, Oops: 0, ImmediateOops: 0, NonImmediateOops: No
[2024-10-26T03:26:24.838+0530][0.229s][debug][gc,nmethod  ] Register NMethod: jdk.internal.classfile.impl.BoundAttribute.constantPool (0x0000029cc9b9f988) [0x0000029cc9b9faa0, 0x0000029cc9b9fb98] Compiler: c1, Barriers: 1, Oops: 0, ImmediateOops: 0, NonImmediateOops: No
[2024-10-26T03:26:24.839+0530][0.229s][debug][gc,nmethod  ] Register NMethod: java.nio.HeapByteBuffer.<init> (0x0000029cc2126108) [0x0000029cc2126220, 0x0000029cc21263a0] Compiler: c1, Barriers: 0, Oops: 0, ImmediateOops: 0, NonImmediateOops: No
[2024-10-26T03:26:24.839+0530][0.229s][debug][gc,nmethod  ] Register NMethod: java.nio.ByteBuffer.wrap (0x0000029cc2126408) [0x0000029cc2126540, 0x0000029cc2126788] Compiler: c1, Barriers: 0, Oops: 0, ImmediateOops: 0, NonImmediateOops: No
[2024-10-26T03:26:24.839+0530][0.230s][debug][gc,nmethod  ] Register NMethod: java.lang.StringLatin1.replace (0x0000029cc9b9fc88) [0x0000029cc9b9fdc0, 0x0000029cc9ba0388] Compiler: c2, Barriers: 2, Oops: 0, ImmediateOops: 2, NonImmediateOops: No
[2024-10-26T03:26:24.839+0530][0.230s][debug][gc,nmethod  ] Register NMethod: jdk.internal.classfile.impl.FieldImpl.fieldType (0x0000029cc2126808) [0x0000029cc2126960, 0x0000029cc2126d98] Compiler: c1, Barriers: 1, Oops: 1, ImmediateOops: 1, NonImmediateOops: No
[2024-10-26T03:26:24.839+0530][0.230s][debug][gc,nmethod  ] Register NMethod: java.lang.invoke.DelegatingMethodHandle$Holder.delegate (0x0000029cc2126e08) [0x0000029cc2126f60, 0x0000029cc2127450] Compiler: c1, Barriers: 0, Oops: 0, ImmediateOops: 0, NonImmediateOops: No
[2024-10-26T03:26:24.839+0530][0.230s][debug][gc,nmethod  ] Register NMethod: java.util.ImmutableCollections$ListN.get (0x0000029cc9ba0408) [0x0000029cc9ba0520, 0x0000029cc9ba0668] Compiler: c2, Barriers: 2, Oops: 0, ImmediateOops: 0, NonImmediateOops: No
[2024-10-26T03:26:24.839+0530][0.230s][debug][gc,nmethod  ] Register NMethod: jdk.internal.constant.MethodTypeDescImpl.parameterType (0x0000029cc9ba0708) [0x0000029cc9ba0820, 0x0000029cc9ba0968] Compiler: c2, Barriers: 2, Oops: 0, ImmediateOops: 0, NonImmediateOops: No
[2024-10-26T03:26:24.839+0530][0.230s][debug][gc,nmethod  ] Register NMethod: jdk.internal.classfile.impl.BufWriterImpl.getMajorVersion (0x0000029cc9ba0a08) [0x0000029cc9ba0b20, 0x0000029cc9ba0be8] Compiler: c1, Barriers: 0, Oops: 0, ImmediateOops: 0, NonImmediateOops: No
[2024-10-26T03:26:24.839+0530][0.230s][debug][gc,nmethod  ] Register NMethod: java.util.Arrays.copyOfRange (0x0000029cc2127488) [0x0000029cc21276c0, 0x0000029cc21283c8] Compiler: c1, Barriers: 1, Oops: 1, ImmediateOops: 3, NonImmediateOops: No
[2024-10-26T03:26:24.839+0530][0.230s][debug][gc,nmethod  ] Register NMethod: jdk.internal.classfile.impl.ClassFileImpl.classHierarchyResolverOption (0x0000029cc9ba0d08) [0x0000029cc9ba0e20, 0x0000029cc9ba0f18] Compiler: c1, Barriers: 1, Oops: 0, ImmediateOops: 0, NonImmediateOops: No
[2024-10-26T03:26:24.839+0530][0.230s][debug][gc,nmethod  ] Register NMethod: jdk.internal.classfile.impl.ClassFileImpl.deadCodeOption (0x0000029cc9ba1008) [0x0000029cc9ba1120, 0x0000029cc9ba1218] Compiler: c1, Barriers: 1, Oops: 0, ImmediateOops: 0, NonImmediateOops: No
[2024-10-26T03:26:24.839+0530][0.230s][debug][gc,nmethod  ] Register NMethod: jdk.internal.classfile.impl.ClassFileImpl$ClassHierarchyResolverOptionImpl.classHierarchyResolver (0x0000029cc9ba1308) [0x0000029cc9ba1420, 0x0000029cc9ba1518] Compiler: c1, Barriers: 1, Oops: 0, ImmediateOops: 0, NonImmediateOops: No
[2024-10-26T03:26:24.840+0530][0.230s][debug][gc,nmethod  ] Register NMethod: jdk.internal.classfile.impl.ClassFileImpl.deadLabelsOption (0x0000029cc9ba1608) [0x0000029cc9ba1720, 0x0000029cc9ba1818] Compiler: c1, Barriers: 1, Oops: 0, ImmediateOops: 0, NonImmediateOops: No
[2024-10-26T03:26:24.840+0530][0.230s][debug][gc,nmethod  ] Register NMethod: jdk.internal.classfile.impl.StackMapGenerator.maxStack (0x0000029cc9ba1908) [0x0000029cc9ba1a20, 0x0000029cc9ba1ae8] Compiler: c1, Barriers: 0, Oops: 0, ImmediateOops: 0, NonImmediateOops: No
[2024-10-26T03:26:24.840+0530][0.230s][debug][gc,nmethod  ] Register NMethod: jdk.internal.classfile.impl.StackMapGenerator.maxLocals (0x0000029cc9ba1c08) [0x0000029cc9ba1d20, 0x0000029cc9ba1de8] Compiler: c1, Barriers: 0, Oops: 0, ImmediateOops: 0, NonImmediateOops: No
[2024-10-26T03:26:24.840+0530][0.231s][debug][gc,nmethod  ] Register NMethod: jdk.internal.classfile.impl.MethodImpl.methodTypeSymbol (0x0000029cc2128488) [0x0000029cc2128640, 0x0000029cc2128d60] Compiler: c1, Barriers: 6, Oops: 1, ImmediateOops: 1, NonImmediateOops: No
[2024-10-26T03:26:24.840+0530][0.231s][debug][gc,nmethod  ] Register NMethod: jdk.internal.classfile.impl.ClassReaderImpl.readU2 (0x0000029cc9ba1f08) [0x0000029cc9ba2020, 0x0000029cc9ba2168] Compiler: c2, Barriers: 1, Oops: 0, ImmediateOops: 0, NonImmediateOops: No
[2024-10-26T03:26:24.841+0530][0.231s][debug][gc,nmethod  ] Register NMethod: jdk.internal.classfile.impl.StackMapGenerator.processInvokeInstructions (0x0000029cc2128e08) [0x0000029cc21292e0, 0x0000029cc212bb58] Compiler: c1, Barriers: 30, Oops: 4, ImmediateOops: 8, NonImmediateOops: No
[2024-10-26T03:26:24.841+0530][0.232s][debug][gc,nmethod  ] Register NMethod: java.nio.HeapByteBuffer.get (0x0000029cc9ba2208) [0x0000029cc9ba2320, 0x0000029cc9ba2490] Compiler: c2, Barriers: 1, Oops: 1, ImmediateOops: 0, NonImmediateOops: No
[2024-10-26T03:26:24.841+0530][0.232s][debug][gc,nmethod  ] Register NMethod: java.lang.classfile.AccessFlags.ofField (0x0000029cc212bd08) [0x0000029cc212be40, 0x0000029cc212c128] Compiler: c1, Barriers: 3, Oops: 1, ImmediateOops: 1, NonImmediateOops: No
[2024-10-26T03:26:24.841+0530][0.232s][debug][gc,nmethod  ] Register NMethod: jdk.internal.classfile.impl.DirectClassBuilder.with (0x0000029cc212c188) [0x0000029cc212c300, 0x0000029cc212ca40] Compiler: c1, Barriers: 3, Oops: 0, ImmediateOops: 0, NonImmediateOops: No
[2024-10-26T03:26:24.841+0530][0.232s][debug][gc,nmethod  ] Register NMethod: jdk.internal.classfile.impl.DirectClassBuilder.with (0x0000029cc212ca88) [0x0000029cc212cc20, 0x0000029cc212d4b0] Compiler: c1, Barriers: 3, Oops: 0, ImmediateOops: 0, NonImmediateOops: No
[2024-10-26T03:26:24.841+0530][0.232s][debug][gc,nmethod  ] Register NMethod: jdk.jfr.internal.EventWriterMethod.method (0x0000029cc9ba2508) [0x0000029cc9ba2620, 0x0000029cc9ba2718] Compiler: c1, Barriers: 1, Oops: 0, ImmediateOops: 0, NonImmediateOops: No
[2024-10-26T03:26:24.841+0530][0.232s][debug][gc,nmethod  ] Register NMethod: jdk.internal.classfile.impl.SplitConstantPool.canWriteDirect (0x0000029cc9ba2808) [0x0000029cc9ba2900, 0x0000029cc9ba29e8] Compiler: c2, Barriers: 1, Oops: 0, ImmediateOops: 0, NonImmediateOops: No
[2024-10-26T03:26:24.841+0530][0.232s][debug][gc,nmethod  ] Register NMethod: java.lang.classfile.instruction.ReturnInstruction.of (0x0000029cc212d508) [0x0000029cc212d660, 0x0000029cc212da70] Compiler: c1, Barriers: 3, Oops: 0, ImmediateOops: 1, NonImmediateOops: No
[2024-10-26T03:26:24.841+0530][0.232s][debug][gc,nmethod  ] Register NMethod: jdk.internal.classfile.impl.AbstractInstruction$UnboundReturnInstruction.<init> (0x0000029cc212db08) [0x0000029cc212dc40, 0x0000029cc212df58] Compiler: c1, Barriers: 3, Oops: 0, ImmediateOops: 0, NonImmediateOops: No
[2024-10-26T03:26:24.841+0530][0.232s][debug][gc,nmethod  ] Register NMethod: jdk.internal.classfile.impl.BufWriterImpl.<init> (0x0000029cc212e008) [0x0000029cc212e120, 0x0000029cc212e270] Compiler: c1, Barriers: 0, Oops: 0, ImmediateOops: 0, NonImmediateOops: No
[2024-10-26T03:26:24.842+0530][0.233s][debug][gc,nmethod  ] Register NMethod: jdk.internal.classfile.impl.BufWriterImpl.writeBytes (0x0000029cc212e308) [0x0000029cc212e440, 0x0000029cc212e698] Compiler: c1, Barriers: 1, Oops: 0, ImmediateOops: 0, NonImmediateOops: No
[2024-10-26T03:26:24.842+0530][0.233s][debug][gc,nmethod  ] Register NMethod: jdk.internal.classfile.impl.RawBytecodeHelper.isLastBytecode (0x0000029cc9ba2b08) [0x0000029cc9ba2c00, 0x0000029cc9ba2c90] Compiler: c2, Barriers: 0, Oops: 0, ImmediateOops: 0, NonImmediateOops: No
[2024-10-26T03:26:24.842+0530][0.233s][debug][gc,nmethod  ] Register NMethod: java.util.Arrays.copyOfRange (0x0000029cc9ba2e08) [0x0000029cc9ba2f20, 0x0000029cc9ba3368] Compiler: c2, Barriers: 0, Oops: 0, ImmediateOops: 0, NonImmediateOops: No
[2024-10-26T03:26:24.842+0530][0.233s][debug][gc,nmethod  ] Register NMethod: jdk.internal.classfile.impl.StackMapGenerator$Frame.trimAndCompress (0x0000029cc212e708) [0x0000029cc212e840, 0x0000029cc212ea30] Compiler: c1, Barriers: 2, Oops: 0, ImmediateOops: 0, NonImmediateOops: No
[2024-10-26T03:26:24.842+0530][0.233s][debug][gc,nmethod  ] Register NMethod: jdk.internal.classfile.impl.ClassReaderImpl.skipAttributeHolder (0x0000029cc212ea88) [0x0000029cc212ece0, 0x0000029cc212f930] Compiler: c1, Barriers: 0, Oops: 3, ImmediateOops: 4, NonImmediateOops: No
[2024-10-26T03:26:24.842+0530][0.233s][debug][gc,nmethod  ] Register NMethod: java.lang.invoke.LambdaForm$MH/0x000002a0d4008800.linkToTargetMethod (0x0000029cc212fa08) [0x0000029cc212fb40, 0x0000029cc212fe90] Compiler: c1, Barriers: 0, Oops: 1, ImmediateOops: 0, NonImmediateOops: No
[2024-10-26T03:26:24.843+0530][0.233s][debug][gc,nmethod  ] Register NMethod: java.util.Objects.hashCode (0x0000029cc9ba3388) [0x0000029cc9ba3480, 0x0000029cc9ba3570] Compiler: c2, Barriers: 0, Oops: 0, ImmediateOops: 0, NonImmediateOops: No
[2024-10-26T03:26:24.843+0530][0.234s][debug][gc,nmethod  ] Register NMethod: java.lang.classfile.constantpool.ConstantPoolBuilder.nameAndTypeEntry (0x0000029cc212ff08) [0x0000029cc2130080, 0x0000029cc2130618] Compiler: c1, Barriers: 3, Oops: 0, ImmediateOops: 0, NonImmediateOops: No
[2024-10-26T03:26:24.843+0530][0.234s][debug][gc,nmethod  ] Register NMethod: jdk.internal.classfile.impl.SplitConstantPool.fieldRefEntry (0x0000029cc2130688) [0x0000029cc21308a0, 0x0000029cc2131968] Compiler: c1, Barriers: 7, Oops: 0, ImmediateOops: 0, NonImmediateOops: No
[2024-10-26T03:26:24.843+0530][0.234s][debug][gc,nmethod  ] Register NMethod: java.lang.classfile.CodeBuilder.return_ (0x0000029cc2131a08) [0x0000029cc2131ba0, 0x0000029cc2132280] Compiler: c1, Barriers: 3, Oops: 0, ImmediateOops: 1, NonImmediateOops: No
[2024-10-26T03:26:24.843+0530][0.234s][debug][gc,nmethod  ] Register NMethod: jdk.jfr.internal.util.Bytecode$MethodDesc.hashCode (0x0000029cc2132308) [0x0000029cc21325a0, 0x0000029cc21338c8] Compiler: c1, Barriers: 2, Oops: 15, ImmediateOops: 6, NonImmediateOops: No
[2024-10-26T03:26:24.843+0530][0.234s][debug][gc,nmethod  ] Register NMethod: java.lang.classfile.instruction.ReturnInstruction.of (0x0000029cc2133a88) [0x0000029cc2133c00, 0x0000029cc21340a0] Compiler: c1, Barriers: 3, Oops: 0, ImmediateOops: 1, NonImmediateOops: No
[2024-10-26T03:26:24.843+0530][0.234s][debug][gc,nmethod  ] Register NMethod: jdk.internal.classfile.impl.ClassReaderImpl.thisClassEntry (0x0000029cc2134108) [0x0000029cc2134280, 0x0000029cc2134738] Compiler: c1, Barriers: 5, Oops: 1, ImmediateOops: 1, NonImmediateOops: No
[2024-10-26T03:26:24.843+0530][0.234s][debug][gc,nmethod  ] Register NMethod: jdk.internal.classfile.impl.ClassImpl.thisClass (0x0000029cc2134788) [0x0000029cc2134900, 0x0000029cc2134e60] Compiler: c1, Barriers: 6, Oops: 1, ImmediateOops: 1, NonImmediateOops: No
[2024-10-26T03:26:24.843+0530][0.234s][debug][gc,nmethod  ] Register NMethod: jdk.internal.classfile.impl.BytecodeHelpers.returnOpcode (0x0000029cc2134f08) [0x0000029cc2135080, 0x0000029cc21354b8] Compiler: c1, Barriers: 0, Oops: 0, ImmediateOops: 7, NonImmediateOops: No
[2024-10-26T03:26:24.843+0530][0.234s][debug][gc,nmethod  ] Register NMethod: jdk.internal.classfile.impl.StackMapGenerator$Frame.checkAssignableTo (0x0000029cc2135508) [0x0000029cc2135740, 0x0000029cc21364e0] Compiler: c1, Barriers: 20, Oops: 2, ImmediateOops: 3, NonImmediateOops: No
[2024-10-26T03:26:24.844+0530][0.234s][debug][gc,director ] Rule Major: Warmup 10%, Used: 16MB, UsedThreshold: 204MB
[2024-10-26T03:26:24.844+0530][0.234s][debug][gc,nmethod  ] Register NMethod: sun.reflect.generics.tree.ClassTypeSignature.getPath (0x0000029cc9ba3688) [0x0000029cc9ba37a0, 0x0000029cc9ba3898] Compiler: c1, Barriers: 1, Oops: 0, ImmediateOops: 0, NonImmediateOops: No
[2024-10-26T03:26:24.844+0530][0.235s][debug][gc,nmethod  ] Register NMethod: sun.reflect.generics.tree.SimpleClassTypeSignature.getDollar (0x0000029cc9ba3988) [0x0000029cc9ba3aa0, 0x0000029cc9ba3b70] Compiler: c1, Barriers: 0, Oops: 0, ImmediateOops: 0, NonImmediateOops: No
[2024-10-26T03:26:24.844+0530][0.235s][debug][gc,nmethod  ] Register NMethod: sun.reflect.generics.tree.SimpleClassTypeSignature.getName (0x0000029cc9ba3c88) [0x0000029cc9ba3da0, 0x0000029cc9ba3e98] Compiler: c1, Barriers: 1, Oops: 0, ImmediateOops: 0, NonImmediateOops: No
[2024-10-26T03:26:24.844+0530][0.235s][debug][gc,nmethod  ] Register NMethod: sun.reflect.generics.visitor.Reifier.getFactory (0x0000029cc9ba3f88) [0x0000029cc9ba40a0, 0x0000029cc9ba4198] Compiler: c1, Barriers: 1, Oops: 0, ImmediateOops: 0, NonImmediateOops: No
[2024-10-26T03:26:24.844+0530][0.235s][debug][gc,nmethod  ] Register NMethod: sun.reflect.generics.tree.SimpleClassTypeSignature.getTypeArguments (0x0000029cc9ba4288) [0x0000029cc9ba43a0, 0x0000029cc9ba4498] Compiler: c1, Barriers: 1, Oops: 0, ImmediateOops: 0, NonImmediateOops: No
[2024-10-26T03:26:24.844+0530][0.235s][debug][gc,nmethod  ] Register NMethod: java.lang.System$2.getAnnotationType (0x0000029cc2136588) [0x0000029cc21366a0, 0x0000029cc2136800] Compiler: c1, Barriers: 1, Oops: 0, ImmediateOops: 0, NonImmediateOops: No
[2024-10-26T03:26:24.844+0530][0.235s][debug][gc,nmethod  ] Register NMethod: jdk.internal.classfile.impl.ClassImpl.methods (0x0000029cc9ba4588) [0x0000029cc9ba46a0, 0x0000029cc9ba4798] Compiler: c1, Barriers: 1, Oops: 0, ImmediateOops: 0, NonImmediateOops: No
[2024-10-26T03:26:24.844+0530][0.235s][debug][gc,nmethod  ] Register NMethod: sun.reflect.annotation.AnnotationType.getInstance (0x0000029cc2136888) [0x0000029cc2136a20, 0x0000029cc2137050] Compiler: c1, Barriers: 3, Oops: 0, ImmediateOops: 1, NonImmediateOops: No
[2024-10-26T03:26:24.844+0530][0.235s][debug][gc,nmethod  ] Register NMethod: java.util.LinkedHashMap.get (0x0000029cc2137108) [0x0000029cc2137260, 0x0000029cc21374d0] Compiler: c1, Barriers: 1, Oops: 0, ImmediateOops: 0, NonImmediateOops: No
[2024-10-26T03:26:24.844+0530][0.235s][debug][gc,nmethod  ] Register NMethod: jdk.internal.classfile.impl.AbstractPoolEntry$Utf8EntryImpl.<init> (0x0000029cc2137508) [0x0000029cc2137660, 0x0000029cc2137b78] Compiler: c1, Barriers: 19, Oops: 0, ImmediateOops: 0, NonImmediateOops: No
[2024-10-26T03:26:24.844+0530][0.235s][debug][gc,nmethod  ] Register NMethod: jdk.internal.classfile.impl.RawBytecodeHelper.rawNext (0x0000029cc9ba4888) [0x0000029cc9ba4a20, 0x0000029cc9ba5008] Compiler: c2, Barriers: 5, Oops: 1, ImmediateOops: 1, NonImmediateOops: No
[2024-10-26T03:26:24.845+0530][0.235s][debug][gc,nmethod  ] Register NMethod: jdk.internal.classfile.impl.DirectCodeBuilder.writeLabelOffset (0x0000029cc2137c08) [0x0000029cc2137e20, 0x0000029cc21389d8] Compiler: c1, Barriers: 13, Oops: 0, ImmediateOops: 1, NonImmediateOops: No
[2024-10-26T03:26:24.845+0530][0.236s][debug][gc,nmethod  ] Register NMethod: java.lang.Integer.numberOfLeadingZeros (0x0000029cc2138a88) [0x0000029cc2138bc0, 0x0000029cc2138e50] Compiler: c1, Barriers: 0, Oops: 0, ImmediateOops: 0, NonImmediateOops: No
[2024-10-26T03:26:24.845+0530][0.236s][debug][gc,nmethod  ] Register NMethod: jdk.internal.classfile.impl.BoundAttribute.<init> (0x0000029cc2138e88) [0x0000029cc2138fc0, 0x0000029cc2139350] Compiler: c1, Barriers: 6, Oops: 0, ImmediateOops: 0, NonImmediateOops: No
[2024-10-26T03:26:24.846+0530][0.236s][debug][gc,nmethod  ] Register NMethod: jdk.internal.classfile.impl.StackMapGenerator$Frame.pushStack (0x0000029cc2139388) [0x0000029cc21394e0, 0x0000029cc21399d0] Compiler: c1, Barriers: 7, Oops: 0, ImmediateOops: 0, NonImmediateOops: No
[2024-10-26T03:26:24.846+0530][0.237s][debug][gc,nmethod  ] Register NMethod: java.lang.classfile.ClassFileBuilder.canWriteDirect (0x0000029cc2139a08) [0x0000029cc2139b40, 0x0000029cc2139de0] Compiler: c1, Barriers: 0, Oops: 0, ImmediateOops: 0, NonImmediateOops: No
[2024-10-26T03:26:24.846+0530][0.237s][debug][gc,nmethod  ] Register NMethod: jdk.internal.classfile.impl.DirectMethodBuilder.run (0x0000029cc2139e08) [0x0000029cc2139f20, 0x0000029cc213a108] Compiler: c1, Barriers: 0, Oops: 0, ImmediateOops: 0, NonImmediateOops: No
[2024-10-26T03:26:24.846+0530][0.237s][debug][gc,nmethod  ] Register NMethod: jdk.internal.classfile.impl.DirectClassBuilder.withMethod (0x0000029cc213a188) [0x0000029cc213a2c0, 0x0000029cc213a4d8] Compiler: c1, Barriers: 1, Oops: 0, ImmediateOops: 0, NonImmediateOops: No
[2024-10-26T03:26:24.846+0530][0.237s][debug][gc,nmethod  ] Register NMethod: jdk.internal.classfile.impl.DirectMethodBuilder.<init> (0x0000029cc213a508) [0x0000029cc213a6a0, 0x0000029cc213afd0] Compiler: c1, Barriers: 24, Oops: 0, ImmediateOops: 1, NonImmediateOops: No
[2024-10-26T03:26:24.846+0530][0.237s][debug][gc,nmethod  ] Register NMethod: jdk.internal.classfile.impl.DirectClassBuilder.withMethod (0x0000029cc213b088) [0x0000029cc213b280, 0x0000029cc213bf28] Compiler: c1, Barriers: 24, Oops: 0, ImmediateOops: 1, NonImmediateOops: No
[2024-10-26T03:26:24.846+0530][0.237s][debug][gc,nmethod  ] Register NMethod: jdk.internal.classfile.impl.DirectCodeBuilder.build (0x0000029cc213bf88) [0x0000029cc213c120, 0x0000029cc213c730] Compiler: c1, Barriers: 2, Oops: 0, ImmediateOops: 1, NonImmediateOops: No
[2024-10-26T03:26:24.846+0530][0.237s][debug][gc,nmethod  ] Register NMethod: jdk.internal.classfile.impl.Util.maxLocals (0x0000029cc213c788) [0x0000029cc213c8e0, 0x0000029cc213ccd8] Compiler: c1, Barriers: 2, Oops: 0, ImmediateOops: 0, NonImmediateOops: No
[2024-10-26T03:26:24.846+0530][0.237s][debug][gc,nmethod  ] Register NMethod: jdk.internal.classfile.impl.AbstractPoolEntry$FieldRefEntryImpl.clone (0x0000029cc213cd88) [0x0000029cc213cee0, 0x0000029cc213d460] Compiler: c1, Barriers: 3, Oops: 0, ImmediateOops: 0, NonImmediateOops: No
[2024-10-26T03:26:24.846+0530][0.237s][debug][gc,nmethod  ] Register NMethod: jdk.internal.classfile.impl.DirectCodeBuilder.processDeferredLabels (0x0000029cc213d488) [0x0000029cc213d640, 0x0000029cc213ddc8] Compiler: c1, Barriers: 3, Oops: 0, ImmediateOops: 0, NonImmediateOops: No
[2024-10-26T03:26:24.847+0530][0.237s][debug][gc,nmethod  ] Register NMethod: java.util.HashMap.put (0x0000029cc9ba5088) [0x0000029cc9ba52a0, 0x0000029cc9ba6020] Compiler: c2, Barriers: 31, Oops: 0, ImmediateOops: 0, NonImmediateOops: No
[2024-10-26T03:26:24.847+0530][0.238s][debug][gc,nmethod  ] Register NMethod: jdk.internal.classfile.impl.DirectCodeBuilder$4.<init> (0x0000029cc213de08) [0x0000029cc213df40, 0x0000029cc213e2b0] Compiler: c1, Barriers: 6, Oops: 0, ImmediateOops: 0, NonImmediateOops: No
[2024-10-26T03:26:24.847+0530][0.238s][debug][gc,nmethod  ] Register NMethod: jdk.internal.classfile.impl.CodeImpl.bcToInstruction (0x0000029cc213e308) [0x0000029cc213ee00, 0x0000029cc2144a08] Compiler: c1, Barriers: 3, Oops: 2, ImmediateOops: 71, NonImmediateOops: No
[2024-10-26T03:26:24.847+0530][0.238s][debug][gc,nmethod  ] Register NMethod: jdk.internal.classfile.impl.DirectCodeBuilder.writeBranch (0x0000029cc2144a88) [0x0000029cc2144ce0, 0x0000029cc2145a40] Compiler: c1, Barriers: 4, Oops: 0, ImmediateOops: 5, NonImmediateOops: No
[2024-10-26T03:26:24.847+0530][0.238s][debug][gc,nmethod  ] Register NMethod: jdk.internal.classfile.impl.DirectMethodBuilder.writeTo (0x0000029cc2145b08) [0x0000029cc2145c80, 0x0000029cc2146098] Compiler: c1, Barriers: 3, Oops: 0, ImmediateOops: 0, NonImmediateOops: No
[2024-10-26T03:26:24.847+0530][0.238s][debug][gc,nmethod  ] Register NMethod: jdk.internal.classfile.impl.DirectCodeBuilder.<init> (0x0000029cc2146108) [0x0000029cc21464a0, 0x0000029cc2148860] Compiler: c1, Barriers: 65, Oops: 0, ImmediateOops: 7, NonImmediateOops: No
[2024-10-26T03:26:24.847+0530][0.238s][debug][gc,nmethod  ] Register NMethod: jdk.internal.classfile.impl.BufWriterImpl.asByteBuffer (0x0000029cc2148908) [0x0000029cc2148a40, 0x0000029cc2148c90] Compiler: c1, Barriers: 1, Oops: 0, ImmediateOops: 0, NonImmediateOops: No
[2024-10-26T03:26:24.847+0530][0.238s][debug][gc,nmethod  ] Register NMethod: java.util.ArrayList$Itr.next (0x0000029cc9ba6108) [0x0000029cc9ba6220, 0x0000029cc9ba6450] Compiler: c2, Barriers: 3, Oops: 0, ImmediateOops: 0, NonImmediateOops: No
[2024-10-26T03:26:24.847+0530][0.238s][debug][gc,nmethod  ] Register NMethod: jdk.internal.classfile.impl.DirectCodeBuilder.codeAndExceptionsMatch (0x0000029cc2148d08) [0x0000029cc2148ee0, 0x0000029cc21499c0] Compiler: c1, Barriers: 8, Oops: 0, ImmediateOops: 0, NonImmediateOops: No
[2024-10-26T03:26:24.848+0530][0.238s][debug][gc,nmethod  ] Register NMethod: java.nio.HeapByteBuffer.<init> (0x0000029cc2149a88) [0x0000029cc2149ba0, 0x0000029cc2149d28] Compiler: c1, Barriers: 0, Oops: 0, ImmediateOops: 0, NonImmediateOops: No
[2024-10-26T03:26:24.848+0530][0.238s][debug][gc,nmethod  ] Register NMethod: java.nio.HeapByteBuffer.slice (0x0000029cc2149d88) [0x0000029cc2149ec0, 0x0000029cc214a180] Compiler: c1, Barriers: 2, Oops: 0, ImmediateOops: 0, NonImmediateOops: No
[2024-10-26T03:26:24.848+0530][0.239s][debug][gc,nmethod  ] Register NMethod: java.lang.classfile.CodeBuilder.invokevirtual (0x0000029cc214a208) [0x0000029cc214a320, 0x0000029cc214a510] Compiler: c1, Barriers: 0, Oops: 0, ImmediateOops: 1, NonImmediateOops: No
[2024-10-26T03:26:24.848+0530][0.239s][debug][gc,nmethod  ] Register NMethod: jdk.internal.classfile.impl.FieldImpl.flags (0x0000029cc214a588) [0x0000029cc214a6e0, 0x0000029cc214ab18] Compiler: c1, Barriers: 4, Oops: 1, ImmediateOops: 1, NonImmediateOops: No
[2024-10-26T03:26:24.848+0530][0.239s][debug][gc,nmethod  ] Register NMethod: java.lang.invoke.LambdaForm$MH/0x000002a0d400a000.invoke (0x0000029cc214ab88) [0x0000029cc214ad00, 0x0000029cc214b508] Compiler: c1, Barriers: 2, Oops: 1, ImmediateOops: 0, NonImmediateOops: No
[2024-10-26T03:26:24.848+0530][0.239s][debug][gc,nmethod  ] Register NMethod: jdk.jfr.internal.util.Bytecode.invokevirtual (0x0000029cc214b588) [0x0000029cc214b6c0, 0x0000029cc214b918] Compiler: c1, Barriers: 2, Oops: 0, ImmediateOops: 0, NonImmediateOops: No
[2024-10-26T03:26:24.848+0530][0.239s][debug][gc,nmethod  ] Register NMethod: jdk.internal.classfile.impl.DirectCodeBuilder$4.writeBody (0x0000029cc214b988) [0x0000029cc214bd60, 0x0000029cc214dd48] Compiler: c1, Barriers: 35, Oops: 1, ImmediateOops: 5, NonImmediateOops: No
[2024-10-26T03:26:24.848+0530][0.239s][debug][gc,nmethod  ] Register NMethod: java.lang.classfile.CodeBuilder.branch (0x0000029cc214de88) [0x0000029cc214e000, 0x0000029cc214e6d8] Compiler: c1, Barriers: 6, Oops: 0, ImmediateOops: 1, NonImmediateOops: No
[2024-10-26T03:26:24.848+0530][0.239s][debug][gc,nmethod  ] Register NMethod: jdk.internal.classfile.impl.StackMapGenerator.getFrame (0x0000029cc214e788) [0x0000029cc214e900, 0x0000029cc214ee70] Compiler: c1, Barriers: 2, Oops: 0, ImmediateOops: 0, NonImmediateOops: No
[2024-10-26T03:26:24.848+0530][0.239s][debug][gc,nmethod  ] Register NMethod: java.lang.classfile.instruction.BranchInstruction.of (0x0000029cc214ee88) [0x0000029cc214efe0, 0x0000029cc214f478] Compiler: c1, Barriers: 6, Oops: 0, ImmediateOops: 1, NonImmediateOops: No
[2024-10-26T03:26:24.848+0530][0.239s][debug][gc,nmethod  ] Register NMethod: java.lang.Long.longValue (0x0000029cc9ba6488) [0x0000029cc9ba65a0, 0x0000029cc9ba6668] Compiler: c1, Barriers: 0, Oops: 0, ImmediateOops: 0, NonImmediateOops: No
[2024-10-26T03:26:24.848+0530][0.239s][debug][gc,nmethod  ] Register NMethod: jdk.internal.classfile.impl.AbstractInstruction$UnboundBranchInstruction.<init> (0x0000029cc214f508) [0x0000029cc214f640, 0x0000029cc214f9d0] Compiler: c1, Barriers: 6, Oops: 0, ImmediateOops: 0, NonImmediateOops: No
[2024-10-26T03:26:24.848+0530][0.239s][debug][gc,nmethod  ] Register NMethod: jdk.internal.classfile.impl.AbstractInstruction$UnboundBranchInstruction.writeTo (0x0000029cc214fa08) [0x0000029cc214fb40, 0x0000029cc214fcf8] Compiler: c1, Barriers: 2, Oops: 0, ImmediateOops: 0, NonImmediateOops: No
[2024-10-26T03:26:24.848+0530][0.239s][debug][gc,nmethod  ] Register NMethod: jdk.jfr.internal.EventInstrumentation.getEventClassDesc (0x0000029cc214fd08) [0x0000029cc214ffc0, 0x0000029cc2151290] Compiler: c1, Barriers: 16, Oops: 2, ImmediateOops: 3, NonImmediateOops: No
[2024-10-26T03:26:24.848+0530][0.239s][debug][gc,nmethod  ] Register NMethod: java.util.List.copyOf (0x0000029cc2151408) [0x0000029cc2151520, 0x0000029cc2151638] Compiler: c1, Barriers: 0, Oops: 0, ImmediateOops: 0, NonImmediateOops: No
[2024-10-26T03:26:24.849+0530][0.239s][debug][gc,nmethod  ] Register NMethod: java.util.ImmutableCollections.listCopy (0x0000029cc2151708) [0x0000029cc2151880, 0x0000029cc2152010] Compiler: c1, Barriers: 0, Oops: 0, ImmediateOops: 1, NonImmediateOops: No
[2024-10-26T03:26:24.849+0530][0.240s][debug][gc,nmethod  ] Register NMethod: java.lang.Class.forName (0x0000029cc2152088) [0x0000029cc21521c0, 0x0000029cc21523b8] Compiler: c1, Barriers: 0, Oops: 0, ImmediateOops: 0, NonImmediateOops: No
[2024-10-26T03:26:24.849+0530][0.240s][debug][gc,nmethod  ] Register NMethod: java.lang.Class.forName (0x0000029cc2152408) [0x0000029cc2152540, 0x0000029cc2152748] Compiler: c1, Barriers: 0, Oops: 0, ImmediateOops: 0, NonImmediateOops: No
[2024-10-26T03:26:24.849+0530][0.240s][debug][gc,nmethod  ] Register NMethod: jdk.internal.constant.ReferenceClassDescImpl.of (0x0000029cc2152788) [0x0000029cc2152960, 0x0000029cc2153218] Compiler: c1, Barriers: 7, Oops: 1, ImmediateOops: 1, NonImmediateOops: No
[2024-10-26T03:26:24.849+0530][0.240s][debug][gc,nmethod  ] Register NMethod: jdk.jfr.internal.util.Bytecode$MethodDesc.<init> (0x0000029cc2153288) [0x0000029cc21533c0, 0x0000029cc2153670] Compiler: c1, Barriers: 6, Oops: 0, ImmediateOops: 0, NonImmediateOops: No
[2024-10-26T03:26:24.849+0530][0.240s][debug][gc,nmethod  ] Register NMethod: jdk.internal.classfile.impl.DirectCodeBuilder.curTopLocal (0x0000029cc9ba6788) [0x0000029cc9ba68a0, 0x0000029cc9ba6968] Compiler: c1, Barriers: 0, Oops: 0, ImmediateOops: 0, NonImmediateOops: No
[2024-10-26T03:26:24.849+0530][0.240s][debug][gc,nmethod  ] Register NMethod: java.lang.classfile.CodeBuilder.dup (0x0000029cc2153708) [0x0000029cc2153880, 0x0000029cc2153ee8] Compiler: c1, Barriers: 3, Oops: 1, ImmediateOops: 3, NonImmediateOops: No
[2024-10-26T03:26:24.849+0530][0.240s][debug][gc,nmethod  ] Register NMethod: java.lang.classfile.constantpool.ConstantPoolBuilder.fieldRefEntry (0x0000029cc2153f88) [0x0000029cc21540e0, 0x0000029cc2154460] Compiler: c1, Barriers: 0, Oops: 0, ImmediateOops: 0, NonImmediateOops: No
[2024-10-26T03:26:24.849+0530][0.240s][debug][gc,nmethod  ] Register NMethod: java.lang.classfile.CodeBuilder.fieldAccess (0x0000029cc2154488) [0x0000029cc21545e0, 0x0000029cc2154970] Compiler: c1, Barriers: 0, Oops: 0, ImmediateOops: 0, NonImmediateOops: No
[2024-10-26T03:26:24.849+0530][0.240s][debug][gc,nmethod  ] Register NMethod: java.lang.invoke.LambdaForm$MH/0x000002a0d4002400.invoke (0x0000029cc2154988) [0x0000029cc2154ac0, 0x0000029cc2155028] Compiler: c1, Barriers: 2, Oops: 1, ImmediateOops: 0, NonImmediateOops: No
[2024-10-26T03:26:24.849+0530][0.240s][debug][gc,nmethod  ] Register NMethod: java.lang.invoke.DirectMethodHandle$Holder.invokeSpecial (0x0000029cc2155088) [0x0000029cc21551e0, 0x0000029cc2155750] Compiler: c1, Barriers: 1, Oops: 0, ImmediateOops: 0, NonImmediateOops: No
[2024-10-26T03:26:24.849+0530][0.240s][debug][gc,nmethod  ] Register NMethod: jdk.internal.classfile.impl.BufWriterImpl.labelContext (0x0000029cc9ba6a88) [0x0000029cc9ba6ba0, 0x0000029cc9ba6c98] Compiler: c1, Barriers: 1, Oops: 0, ImmediateOops: 0, NonImmediateOops: No
[2024-10-26T03:26:24.850+0530][0.240s][debug][gc,nmethod  ] Register NMethod: jdk.internal.classfile.impl.StackMapGenerator$Frame.getLocalRawInternal (0x0000029cc2155788) [0x0000029cc21558c0, 0x0000029cc2155aa8] Compiler: c1, Barriers: 2, Oops: 0, ImmediateOops: 0, NonImmediateOops: No
[2024-10-26T03:26:24.850+0530][0.240s][debug][gc,nmethod  ] Register NMethod: java.lang.Integer.numberOfTrailingZeros (0x0000029cc2155b08) [0x0000029cc2155c20, 0x0000029cc2155e48] Compiler: c1, Barriers: 0, Oops: 0, ImmediateOops: 0, NonImmediateOops: No
[2024-10-26T03:26:24.850+0530][0.240s][debug][gc,nmethod  ] Register NMethod: jdk.internal.classfile.impl.Util.fieldTypeSymbol (0x0000029cc2155e88) [0x0000029cc2155fc0, 0x0000029cc21561b8] Compiler: c1, Barriers: 0, Oops: 0, ImmediateOops: 0, NonImmediateOops: No
[2024-10-26T03:26:24.850+0530][0.241s][debug][gc,nmethod  ] Register NMethod: jdk.internal.classfile.impl.AbstractPoolEntry$NameAndTypeEntryImpl.fieldTypeSymbol (0x0000029cc2156208) [0x0000029cc2156420, 0x0000029cc2157180] Compiler: c1, Barriers: 7, Oops: 1, ImmediateOops: 2, NonImmediateOops: No
[2024-10-26T03:26:24.850+0530][0.241s][debug][gc,nmethod  ] Register NMethod: jdk.internal.classfile.impl.AbstractPoolEntry.hash1 (0x0000029cc9ba6d88) [0x0000029cc9ba6e80, 0x0000029cc9ba6ef8] Compiler: c2, Barriers: 0, Oops: 0, ImmediateOops: 0, NonImmediateOops: No
[2024-10-26T03:26:24.850+0530][0.241s][debug][gc,nmethod  ] Register NMethod: java.lang.Long.numberOfTrailingZeros (0x0000029cc2157208) [0x0000029cc2157340, 0x0000029cc21574f0] Compiler: c1, Barriers: 0, Oops: 0, ImmediateOops: 0, NonImmediateOops: No
[2024-10-26T03:26:24.851+0530][0.242s][debug][gc,nmethod  ] Register NMethod: java.util.ArrayList.add (0x0000029cc9ba7088) [0x0000029cc9ba71e0, 0x0000029cc9ba79a8] Compiler: c2, Barriers: 11, Oops: 1, ImmediateOops: 1, NonImmediateOops: No
[2024-10-26T03:26:24.851+0530][0.242s][debug][gc,nmethod  ] Register NMethod: jdk.internal.classfile.impl.StackMapGenerator.processFieldInstructions (0x0000029cc2157508) [0x0000029cc21579c0, 0x0000029cc215a188] Compiler: c1, Barriers: 36, Oops: 3, ImmediateOops: 12, NonImmediateOops: No
[2024-10-26T03:26:24.851+0530][0.242s][debug][gc,nmethod  ] Register NMethod: jdk.internal.classfile.impl.StackMapGenerator$Frame.<init> (0x0000029cc215a288) [0x0000029cc215a3a0, 0x0000029cc215a500] Compiler: c1, Barriers: 0, Oops: 0, ImmediateOops: 0, NonImmediateOops: No
[2024-10-26T03:26:24.852+0530][0.242s][debug][gc,nmethod  ] Register NMethod: jdk.internal.classfile.impl.RawBytecodeHelper.rawNext (0x0000029cc215a588) [0x0000029cc215a6a0, 0x0000029cc215a7e0] Compiler: c1, Barriers: 0, Oops: 0, ImmediateOops: 0, NonImmediateOops: No
[2024-10-26T03:26:24.852+0530][0.243s][debug][gc,nmethod  ] Register NMethod: java.lang.StringCoding.countPositives (0x0000029cc9ba7a08) [0x0000029cc9ba7b00, 0x0000029cc9ba7c98] Compiler: c2, Barriers: 0, Oops: 0, ImmediateOops: 0, NonImmediateOops: No
[2024-10-26T03:26:24.852+0530][0.243s][debug][gc,nmethod  ] Register NMethod: java.util.BitSet.nextSetBit (0x0000029cc215a888) [0x0000029cc215aa80, 0x0000029cc215b378] Compiler: c1, Barriers: 1, Oops: 1, ImmediateOops: 2, NonImmediateOops: No
[2024-10-26T03:26:24.852+0530][0.243s][debug][gc,nmethod  ] Register NMethod: jdk.internal.classfile.impl.StackMapGenerator$Frame.copyFrom (0x0000029cc215b408) [0x0000029cc215b600, 0x0000029cc215c190] Compiler: c1, Barriers: 12, Oops: 1, ImmediateOops: 2, NonImmediateOops: No
[2024-10-26T03:26:24.852+0530][0.243s][debug][gc,nmethod  ] Register NMethod: jdk.internal.classfile.impl.StackMapGenerator$Frame.writeTo (0x0000029cc215c208) [0x0000029cc215c520, 0x0000029cc215d8f0] Compiler: c1, Barriers: 12, Oops: 0, ImmediateOops: 0, NonImmediateOops: No
[2024-10-26T03:26:24.852+0530][0.243s][debug][gc,nmethod  ] Register NMethod: java.lang.classfile.CompoundElement.elements (0x0000029cc215d988) [0x0000029cc215daa0, 0x0000029cc215dc68] Compiler: c1, Barriers: 0, Oops: 0, ImmediateOops: 0, NonImmediateOops: No
[2024-10-26T03:26:24.852+0530][0.243s][debug][gc,nmethod  ] Register NMethod: java.lang.classfile.CompoundElement$1.<init> (0x0000029cc215dc88) [0x0000029cc215dda0, 0x0000029cc215df80] Compiler: c1, Barriers: 3, Oops: 0, ImmediateOops: 0, NonImmediateOops: No
[2024-10-26T03:26:24.852+0530][0.243s][debug][gc,nmethod  ] Register NMethod: java.lang.classfile.CompoundElement.elementList (0x0000029cc215e008) [0x0000029cc215e180, 0x0000029cc215e750] Compiler: c1, Barriers: 6, Oops: 0, ImmediateOops: 1, NonImmediateOops: No
[2024-10-26T03:26:24.852+0530][0.243s][debug][gc,nmethod  ] Register NMethod: jdk.internal.classfile.impl.ClassImpl.fields (0x0000029cc9ba7d08) [0x0000029cc9ba7e20, 0x0000029cc9ba7f18] Compiler: c1, Barriers: 1, Oops: 0, ImmediateOops: 0, NonImmediateOops: No
[2024-10-26T03:26:24.853+0530][0.244s][debug][gc,nmethod  ] Register NMethod: jdk.internal.classfile.impl.DirectCodeBuilder.writeLoadConstant (0x0000029cc215e788) [0x0000029cc215e960, 0x0000029cc215f438] Compiler: c1, Barriers: 3, Oops: 0, ImmediateOops: 2, NonImmediateOops: No
[2024-10-26T03:26:24.853+0530][0.244s][debug][gc,nmethod  ] Register NMethod: jdk.internal.classfile.impl.AbstractPoolEntry$Utf8EntryImpl.toString (0x0000029cc9ba8008) [0x0000029cc9ba8160, 0x0000029cc9ba8620] Compiler: c2, Barriers: 11, Oops: 2, ImmediateOops: 4, NonImmediateOops: No
[2024-10-26T03:26:24.853+0530][0.244s][debug][gc,nmethod  ] Register NMethod: jdk.internal.classfile.impl.CodeImpl.attributes (0x0000029cc215f488) [0x0000029cc215f5c0, 0x0000029cc215f8a0] Compiler: c1, Barriers: 7, Oops: 0, ImmediateOops: 0, NonImmediateOops: No
[2024-10-26T03:26:24.853+0530][0.244s][debug][gc,nmethod  ] Register NMethod: java.lang.invoke.MethodHandle.linkToStatic (0x0000029cc9ba8688) [0x0000029cc9ba8780, 0x0000029cc9ba8890] Compiler: , Barriers: 0, Oops: 0, ImmediateOops: 0, NonImmediateOops: No
[2024-10-26T03:26:24.853+0530][0.244s][debug][gc,nmethod  ] Register NMethod: jdk.internal.classfile.impl.BoundAttribute.standardAttribute (0x0000029cc215f908) [0x0000029cc21601a0, 0x0000029cc2164b00] Compiler: c1, Barriers: 24, Oops: 0, ImmediateOops: 50, NonImmediateOops: No
[2024-10-26T03:26:24.853+0530][0.244s][debug][gc,nmethod  ] Register NMethod: jdk.internal.org.objectweb.asm.SymbolTable$Entry.<init> (0x0000029cc2164c88) [0x0000029cc2164da0, 0x0000029cc2164ef8] Compiler: c1, Barriers: 0, Oops: 0, ImmediateOops: 0, NonImmediateOops: No
[2024-10-26T03:26:24.854+0530][0.245s][debug][gc,nmethod  ] Register NMethod: jdk.internal.org.objectweb.asm.SymbolTable.addConstantNameAndType (0x0000029cc2164f88) [0x0000029cc2165180, 0x0000029cc2165998] Compiler: c1, Barriers: 6, Oops: 0, ImmediateOops: 0, NonImmediateOops: No
[2024-10-26T03:26:24.854+0530][0.245s][debug][gc,nmethod  ] Register NMethod: java.lang.invoke.DirectMethodHandle.preparedLambdaForm (0x0000029cc2165a08) [0x0000029cc2165b80, 0x0000029cc21660d8] Compiler: c1, Barriers: 4, Oops: 0, ImmediateOops: 0, NonImmediateOops: No
[2024-10-26T03:26:24.854+0530][0.245s][debug][gc,nmethod  ] Register NMethod: java.lang.Enum.equals (0x0000029cc2166188) [0x0000029cc21662a0, 0x0000029cc21663f8] Compiler: c1, Barriers: 0, Oops: 0, ImmediateOops: 0, NonImmediateOops: No
[2024-10-26T03:26:24.854+0530][0.245s][debug][gc,nmethod  ] Register NMethod: jdk.internal.org.objectweb.asm.MethodVisitor.<init> (0x0000029cc2166488) [0x0000029cc2166640, 0x0000029cc2166e40] Compiler: c1, Barriers: 3, Oops: 1, ImmediateOops: 2, NonImmediateOops: No
[2024-10-26T03:26:24.855+0530][0.245s][debug][gc,nmethod  ] Register NMethod: java.lang.invoke.InfoFromMemberName.getReferenceKind (0x0000029cc9ba8988) [0x0000029cc9ba8aa0, 0x0000029cc9ba8b68] Compiler: c1, Barriers: 0, Oops: 0, ImmediateOops: 0, NonImmediateOops: No
[2024-10-26T03:26:24.855+0530][0.246s][debug][gc,nmethod  ] Register NMethod: sun.reflect.annotation.AnnotationType.memberTypes (0x0000029cc9ba8c88) [0x0000029cc9ba8da0, 0x0000029cc9ba8e98] Compiler: c1, Barriers: 1, Oops: 0, ImmediateOops: 0, NonImmediateOops: No
[2024-10-26T03:26:24.855+0530][0.246s][debug][gc,nmethod  ] Register NMethod: sun.reflect.annotation.AnnotationType.memberDefaults (0x0000029cc9ba8f88) [0x0000029cc9ba90a0, 0x0000029cc9ba9198] Compiler: c1, Barriers: 1, Oops: 0, ImmediateOops: 0, NonImmediateOops: No
[2024-10-26T03:26:24.855+0530][0.246s][debug][gc,nmethod  ] Register NMethod: sun.reflect.annotation.AnnotationType.retention (0x0000029cc9ba9288) [0x0000029cc9ba93a0, 0x0000029cc9ba9498] Compiler: c1, Barriers: 1, Oops: 0, ImmediateOops: 0, NonImmediateOops: No
[2024-10-26T03:26:24.855+0530][0.246s][debug][gc,nmethod  ] Register NMethod: java.lang.Class.getSuperclass (0x0000029cc9ba9588) [0x0000029cc9ba96c0, 0x0000029cc9ba9ad8] Compiler: , Barriers: 0, Oops: 0, ImmediateOops: 0, NonImmediateOops: No
[2024-10-26T03:26:24.856+0530][0.247s][debug][gc,nmethod  ] Register NMethod: jdk.internal.classfile.impl.AbstractInstruction$UnboundNewObjectInstruction.className (0x0000029cc9ba9b08) [0x0000029cc9ba9c20, 0x0000029cc9ba9d18] Compiler: c1, Barriers: 1, Oops: 0, ImmediateOops: 0, NonImmediateOops: No
[2024-10-26T03:26:24.856+0530][0.247s][debug][gc,nmethod  ] Register NMethod: jdk.internal.classfile.impl.AbstractInstruction$UnboundLoadConstantInstruction.<init> (0x0000029cc2166f08) [0x0000029cc2167040, 0x0000029cc21673d0] Compiler: c1, Barriers: 6, Oops: 0, ImmediateOops: 0, NonImmediateOops: No
[2024-10-26T03:26:24.856+0530][0.247s][debug][gc,nmethod  ] Register NMethod: jdk.internal.classfile.impl.AbstractInstruction$UnboundLoadConstantInstruction.writeTo (0x0000029cc2167408) [0x0000029cc2167540, 0x0000029cc21676f8] Compiler: c1, Barriers: 2, Oops: 0, ImmediateOops: 0, NonImmediateOops: No
[2024-10-26T03:26:24.856+0530][0.247s][debug][gc,nmethod  ] Register NMethod: jdk.internal.classfile.impl.StackCounter.ensureLocalSlot (0x0000029cc2167708) [0x0000029cc2167820, 0x0000029cc2167960] Compiler: c1, Barriers: 0, Oops: 0, ImmediateOops: 0, NonImmediateOops: No
[2024-10-26T03:26:24.856+0530][0.247s][debug][gc,nmethod  ] Register NMethod: java.lang.classfile.instruction.ConstantInstruction.ofLoad (0x0000029cc2167a08) [0x0000029cc2167be0, 0x0000029cc2168560] Compiler: c1, Barriers: 9, Oops: 1, ImmediateOops: 5, NonImmediateOops: No
[2024-10-26T03:26:24.856+0530][0.247s][debug][gc,nmethod  ] Register NMethod: jdk.internal.classfile.impl.BufWriterImpl.writeIndexOrZero (0x0000029cc2168608) [0x0000029cc2168760, 0x0000029cc2168ac0] Compiler: c1, Barriers: 0, Oops: 0, ImmediateOops: 0, NonImmediateOops: No
[2024-10-26T03:26:24.856+0530][0.247s][debug][gc,nmethod  ] Register NMethod: jdk.internal.classfile.impl.DirectCodeBuilder.with (0x0000029cc9ba9e08) [0x0000029cc9ba9f20, 0x0000029cc9baa098] Compiler: c2, Barriers: 0, Oops: 0, ImmediateOops: 0, NonImmediateOops: No
[2024-10-26T03:26:24.856+0530][0.247s][debug][gc,nmethod  ] Register NMethod: java.util.BitSet.get (0x0000029cc2168b08) [0x0000029cc2168ce0, 0x0000029cc2169480] Compiler: c1, Barriers: 1, Oops: 1, ImmediateOops: 2, NonImmediateOops: No
[2024-10-26T03:26:24.856+0530][0.247s][debug][gc,nmethod  ] Register NMethod: java.util.ArrayList.iterator (0x0000029cc9baa108) [0x0000029cc9baa220, 0x0000029cc9baa320] Compiler: c2, Barriers: 2, Oops: 0, ImmediateOops: 0, NonImmediateOops: No
[2024-10-26T03:26:24.857+0530][0.247s][debug][gc,nmethod  ] Register NMethod: java.lang.invoke.DirectMethodHandle.maybeCompile (0x0000029cc2169508) [0x0000029cc2169640, 0x0000029cc21698a0] Compiler: c1, Barriers: 2, Oops: 0, ImmediateOops: 1, NonImmediateOops: No
[2024-10-26T03:26:24.857+0530][0.248s][debug][gc,nmethod  ] Register NMethod: java.lang.Module.isNamed (0x0000029cc2169908) [0x0000029cc2169a20, 0x0000029cc2169bb0] Compiler: c1, Barriers: 1, Oops: 0, ImmediateOops: 0, NonImmediateOops: No
[2024-10-26T03:26:24.857+0530][0.248s][debug][gc,nmethod  ] Register NMethod: java.lang.classfile.constantpool.ConstantPoolBuilder.utf8Entry (0x0000029cc2169c08) [0x0000029cc2169d40, 0x0000029cc2169fa8] Compiler: c1, Barriers: 0, Oops: 0, ImmediateOops: 0, NonImmediateOops: No
[2024-10-26T03:26:24.857+0530][0.248s][debug][gc,nmethod  ] Register NMethod: jdk.internal.classfile.impl.DirectMethodBuilder.withCode (0x0000029cc216a008) [0x0000029cc216a120, 0x0000029cc216a268] Compiler: c1, Barriers: 0, Oops: 0, ImmediateOops: 0, NonImmediateOops: No
[2024-10-26T03:26:24.857+0530][0.248s][debug][gc,nmethod  ] Register NMethod: java.util.LinkedHashMap$LinkedValueIterator.next (0x0000029cc216a308) [0x0000029cc216a440, 0x0000029cc216a5b0] Compiler: c1, Barriers: 1, Oops: 0, ImmediateOops: 0, NonImmediateOops: No
[2024-10-26T03:26:24.857+0530][0.248s][debug][gc,nmethod  ] Register NMethod: jdk.internal.classfile.impl.DirectMethodBuilder.withCode (0x0000029cc216a608) [0x0000029cc216a760, 0x0000029cc216ab88] Compiler: c1, Barriers: 5, Oops: 0, ImmediateOops: 0, NonImmediateOops: No
[2024-10-26T03:26:24.858+0530][0.248s][debug][gc,nmethod  ] Register NMethod: java.lang.invoke.Invokers$Holder.linkToTargetMethod (0x0000029cc216ac08) [0x0000029cc216ad40, 0x0000029cc216b0a0] Compiler: c1, Barriers: 0, Oops: 0, ImmediateOops: 0, NonImmediateOops: No
[2024-10-26T03:26:24.858+0530][0.248s][debug][gc,nmethod  ] Register NMethod: java.lang.invoke.DirectMethodHandle$Holder.invokeStatic (0x0000029cc216b108) [0x0000029cc216b240, 0x0000029cc216b738] Compiler: c1, Barriers: 1, Oops: 0, ImmediateOops: 0, NonImmediateOops: No
[2024-10-26T03:26:24.858+0530][0.249s][debug][gc,nmethod  ] Register NMethod: java.lang.invoke.LambdaForm$MH/0x000002a0d4001800.invoke (0x0000029cc216b788) [0x0000029cc216b8e0, 0x0000029cc216be00] Compiler: c1, Barriers: 3, Oops: 1, ImmediateOops: 0, NonImmediateOops: No
[2024-10-26T03:26:24.858+0530][0.249s][debug][gc,nmethod  ] Register NMethod: java.util.TreeMap$PrivateEntryIterator.hasNext (0x0000029cc216be88) [0x0000029cc216bfa0, 0x0000029cc216c130] Compiler: c1, Barriers: 1, Oops: 0, ImmediateOops: 0, NonImmediateOops: No
[2024-10-26T03:26:24.858+0530][0.249s][debug][gc,nmethod  ] Register NMethod: java.lang.invoke.Invokers.checkExactType (0x0000029cc216c188) [0x0000029cc216c2c0, 0x0000029cc216c4e8] Compiler: c1, Barriers: 1, Oops: 0, ImmediateOops: 0, NonImmediateOops: No
[2024-10-26T03:26:24.858+0530][0.249s][debug][gc,nmethod  ] Register NMethod: java.lang.invoke.Invokers.checkCustomized (0x0000029cc216c508) [0x0000029cc216c640, 0x0000029cc216c860] Compiler: c1, Barriers: 2, Oops: 0, ImmediateOops: 0, NonImmediateOops: No
[2024-10-26T03:26:24.858+0530][0.249s][debug][gc,nmethod  ] Register NMethod: java.lang.invoke.Invokers.maybeCustomize (0x0000029cc216c888) [0x0000029cc216c9a0, 0x0000029cc216cb50] Compiler: c1, Barriers: 0, Oops: 0, ImmediateOops: 0, NonImmediateOops: No
[2024-10-26T03:26:24.858+0530][0.249s][debug][gc,nmethod  ] Register NMethod: sun.invoke.util.BytecodeDescriptor.unparse (0x0000029cc216cb88) [0x0000029cc216ccc0, 0x0000029cc216ceb8] Compiler: c1, Barriers: 0, Oops: 0, ImmediateOops: 4, NonImmediateOops: No
[2024-10-26T03:26:24.858+0530][0.249s][debug][gc,nmethod  ] Register NMethod: jdk.internal.org.objectweb.asm.SymbolTable.addConstantMethodref (0x0000029cc216cf08) [0x0000029cc216d020, 0x0000029cc216d1c0] Compiler: c1, Barriers: 0, Oops: 0, ImmediateOops: 0, NonImmediateOops: No
[2024-10-26T03:26:24.859+0530][0.250s][debug][gc,nmethod  ] Register NMethod: jdk.internal.org.objectweb.asm.MethodWriter.visitMethodInsn (0x0000029cc216d208) [0x0000029cc216d3e0, 0x0000029cc216dce8] Compiler: c1, Barriers: 9, Oops: 0, ImmediateOops: 0, NonImmediateOops: No
[2024-10-26T03:26:24.859+0530][0.250s][debug][gc,nmethod  ] Register NMethod: java.lang.reflect.AccessibleObject.<init> (0x0000029cc216dd88) [0x0000029cc216dea0, 0x0000029cc216e008] Compiler: c1, Barriers: 0, Oops: 0, ImmediateOops: 0, NonImmediateOops: No
[2024-10-26T03:26:24.859+0530][0.250s][debug][gc,nmethod  ] Register NMethod: java.lang.reflect.Executable.<init> (0x0000029cc216e088) [0x0000029cc216e1a0, 0x0000029cc216e368] Compiler: c1, Barriers: 0, Oops: 0, ImmediateOops: 0, NonImmediateOops: No
[2024-10-26T03:26:24.859+0530][0.250s][debug][gc,nmethod  ] Register NMethod: java.lang.classfile.CodeBuilder.ldc (0x0000029cc216e408) [0x0000029cc216e580, 0x0000029cc216eaf0] Compiler: c1, Barriers: 0, Oops: 0, ImmediateOops: 3, NonImmediateOops: No
[2024-10-26T03:26:24.860+0530][0.250s][debug][gc,director ] Rule Major: Warmup 10%, Used: 16MB, UsedThreshold: 204MB
[2024-10-26T03:26:24.860+0530][0.250s][debug][gc,nmethod  ] Register NMethod: sun.reflect.generics.parser.SignatureParser.current (0x0000029cc9baa408) [0x0000029cc9baa520, 0x0000029cc9baa6e8] Compiler: c2, Barriers: 2, Oops: 1, ImmediateOops: 0, NonImmediateOops: No
[2024-10-26T03:26:24.860+0530][0.250s][debug][gc,nmethod  ] Register NMethod: jdk.internal.classfile.impl.AbstractPoolEntry$NameAndTypeEntryImpl.type (0x0000029cc216eb08) [0x0000029cc216ec20, 0x0000029cc216ee50] Compiler: c1, Barriers: 1, Oops: 0, ImmediateOops: 0, NonImmediateOops: No
[2024-10-26T03:26:24.860+0530][0.251s][debug][gc,nmethod  ] Register NMethod: jdk.internal.classfile.impl.BytecodeHelpers.constantEntry (0x0000029cc216ee88) [0x0000029cc216f1e0, 0x0000029cc2171380] Compiler: c1, Barriers: 0, Oops: 1, ImmediateOops: 3, NonImmediateOops: No
[2024-10-26T03:26:24.860+0530][0.251s][debug][gc,nmethod  ] Register NMethod: java.lang.classfile.TypeKind.fromDescriptor (0x0000029cc2171408) [0x0000029cc21716a0, 0x0000029cc2172580] Compiler: c1, Barriers: 0, Oops: 1, ImmediateOops: 14, NonImmediateOops: No
[2024-10-26T03:26:24.860+0530][0.251s][debug][gc,nmethod  ] Register NMethod: java.lang.reflect.ReflectAccess.copyMethod (0x0000029cc2172608) [0x0000029cc2172720, 0x0000029cc2172860] Compiler: c1, Barriers: 0, Oops: 0, ImmediateOops: 0, NonImmediateOops: No
[2024-10-26T03:26:24.860+0530][0.251s][debug][gc,nmethod  ] Register NMethod: jdk.internal.reflect.ReflectionFactory.copyMethod (0x0000029cc2172908) [0x0000029cc2172a40, 0x0000029cc2172c68] Compiler: c1, Barriers: 1, Oops: 0, ImmediateOops: 0, NonImmediateOops: No
[2024-10-26T03:26:24.860+0530][0.251s][debug][gc,nmethod  ] Register NMethod: java.lang.reflect.Method.copy (0x0000029cc2172d08) [0x0000029cc2172e80, 0x0000029cc2173500] Compiler: c1, Barriers: 17, Oops: 0, ImmediateOops: 1, NonImmediateOops: No
[2024-10-26T03:26:24.860+0530][0.251s][debug][gc,nmethod  ] Register NMethod: java.lang.reflect.Method.<init> (0x0000029cc2173588) [0x0000029cc2173700, 0x0000029cc2173d78] Compiler: c1, Barriers: 27, Oops: 0, ImmediateOops: 0, NonImmediateOops: No
[2024-10-26T03:26:24.860+0530][0.251s][debug][gc,nmethod  ] Register NMethod: jdk.internal.classfile.impl.AbstractPseudoInstruction.<init> (0x0000029cc2173e08) [0x0000029cc2173f20, 0x0000029cc21740e8] Compiler: c1, Barriers: 0, Oops: 0, ImmediateOops: 0, NonImmediateOops: No
[2024-10-26T03:26:24.860+0530][0.251s][debug][gc,nmethod  ] Register NMethod: jdk.internal.classfile.impl.AbstractPseudoInstruction$ExceptionCatchImpl.<init> (0x0000029cc2174188) [0x0000029cc21742e0, 0x0000029cc21746d8] Compiler: c1, Barriers: 12, Oops: 0, ImmediateOops: 0, NonImmediateOops: No
[2024-10-26T03:26:24.861+0530][0.251s][debug][gc,nmethod  ] Register NMethod: jdk.internal.classfile.impl.AbstractPseudoInstruction$ExceptionCatchImpl.writeTo (0x0000029cc2174708) [0x0000029cc2174820, 0x0000029cc2174968] Compiler: c1, Barriers: 0, Oops: 0, ImmediateOops: 0, NonImmediateOops: No
[2024-10-26T03:26:24.861+0530][0.252s][debug][gc,nmethod  ] Register NMethod: java.lang.reflect.ProxyGenerator.toClassDesc (0x0000029cc2174a08) [0x0000029cc2174be0, 0x0000029cc21753d8] Compiler: c1, Barriers: 2, Oops: 1, ImmediateOops: 2, NonImmediateOops: No
[2024-10-26T03:26:24.861+0530][0.252s][debug][gc,nmethod  ] Register NMethod: jdk.internal.classfile.impl.DirectCodeBuilder.addHandler (0x0000029cc2175488) [0x0000029cc2175680, 0x0000029cc2176538] Compiler: c1, Barriers: 20, Oops: 0, ImmediateOops: 0, NonImmediateOops: No
[2024-10-26T03:26:24.862+0530][0.253s][debug][gc,nmethod  ] Register NMethod: java.lang.invoke.MethodHandleNatives.isCallerSensitive (0x0000029cc2176608) [0x0000029cc2176760, 0x0000029cc2176b70] Compiler: c1, Barriers: 0, Oops: 0, ImmediateOops: 0, NonImmediateOops: No
[2024-10-26T03:26:24.862+0530][0.253s][debug][gc,nmethod  ] Register NMethod: java.lang.invoke.MethodHandleNatives.canBeCalledVirtual (0x0000029cc2176c08) [0x0000029cc2176da0, 0x0000029cc2177310] Compiler: c1, Barriers: 5, Oops: 0, ImmediateOops: 2, NonImmediateOops: No
[2024-10-26T03:26:24.862+0530][0.253s][debug][gc,nmethod  ] Register NMethod: java.nio.Buffer.nextGetIndex (0x0000029cc2177388) [0x0000029cc21774c0, 0x0000029cc2177688] Compiler: c1, Barriers: 0, Oops: 0, ImmediateOops: 0, NonImmediateOops: No
[2024-10-26T03:26:24.862+0530][0.253s][debug][gc,nmethod  ] Register NMethod: java.nio.HeapByteBuffer.get (0x0000029cc2177708) [0x0000029cc2177860, 0x0000029cc2177b68] Compiler: c1, Barriers: 1, Oops: 0, ImmediateOops: 0, NonImmediateOops: No
[2024-10-26T03:26:24.862+0530][0.253s][debug][gc,nmethod  ] Register NMethod: java.lang.reflect.Method.getParameterCount (0x0000029cc2177c08) [0x0000029cc2177d20, 0x0000029cc2177e60] Compiler: c1, Barriers: 1, Oops: 0, ImmediateOops: 0, NonImmediateOops: No
[2024-10-26T03:26:24.862+0530][0.253s][debug][gc,nmethod  ] Register NMethod: java.lang.Long.valueOf (0x0000029cc2177f08) [0x0000029cc2178040, 0x0000029cc2178398] Compiler: c1, Barriers: 1, Oops: 0, ImmediateOops: 1, NonImmediateOops: No
[2024-10-26T03:26:24.863+0530][0.253s][debug][gc,nmethod  ] Register NMethod: sun.reflect.generics.parser.SignatureParser.advance (0x0000029cc9baa788) [0x0000029cc9baa8a0, 0x0000029cc9baaa08] Compiler: c2, Barriers: 2, Oops: 0, ImmediateOops: 0, NonImmediateOops: No
[2024-10-26T03:26:24.863+0530][0.254s][debug][gc,nmethod  ] Register NMethod: java.lang.Character.charCount (0x0000029cc2178408) [0x0000029cc2178520, 0x0000029cc2178680] Compiler: c1, Barriers: 0, Oops: 0, ImmediateOops: 0, NonImmediateOops: No
[2024-10-26T03:26:24.863+0530][0.254s][debug][gc,nmethod  ] Register NMethod: java.lang.Character.isHighSurrogate (0x0000029cc2178708) [0x0000029cc2178820, 0x0000029cc2178990] Compiler: c1, Barriers: 0, Oops: 0, ImmediateOops: 0, NonImmediateOops: No
[2024-10-26T03:26:24.863+0530][0.254s][debug][gc,nmethod  ] Register NMethod: java.lang.Character.codePointAt (0x0000029cc2178a08) [0x0000029cc2178b80, 0x0000029cc21791a8] Compiler: c1, Barriers: 0, Oops: 0, ImmediateOops: 0, NonImmediateOops: No
[2024-10-26T03:26:24.863+0530][0.254s][debug][gc,nmethod  ] Register NMethod: java.lang.String.getBytes (0x0000029cc9baaa88) [0x0000029cc9baaba0, 0x0000029cc9baad50] Compiler: c2, Barriers: 1, Oops: 0, ImmediateOops: 0, NonImmediateOops: No
[2024-10-26T03:26:24.864+0530][0.255s][debug][gc,nmethod  ] Register NMethod: java.security.AccessController.executePrivileged (0x0000029cc2179208) [0x0000029cc2179360, 0x0000029cc2179688] Compiler: c1, Barriers: 0, Oops: 0, ImmediateOops: 0, NonImmediateOops: No
[2024-10-26T03:26:24.864+0530][0.255s][debug][gc,nmethod  ] Register NMethod: sun.reflect.annotation.AnnotationInvocationHandler.invoke (0x0000029cc2179708) [0x0000029cc21799e0, 0x0000029cc217abf0] Compiler: c1, Barriers: 9, Oops: 0, ImmediateOops: 7, NonImmediateOops: No
[2024-10-26T03:26:24.864+0530][0.255s][debug][gc,nmethod  ] Register NMethod: java.util.LinkedHashMap$LinkedHashIterator.<init> (0x0000029cc217ac88) [0x0000029cc217adc0, 0x0000029cc217b158] Compiler: c1, Barriers: 11, Oops: 0, ImmediateOops: 0, NonImmediateOops: No
[2024-10-26T03:26:24.864+0530][0.255s][debug][gc,nmethod  ] Register NMethod: java.lang.CharacterData.of (0x0000029cc9baad88) [0x0000029cc9baae80, 0x0000029cc9baaf18] Compiler: c2, Barriers: 0, Oops: 0, ImmediateOops: 1, NonImmediateOops: No
[2024-10-26T03:26:24.864+0530][0.255s][debug][gc,nmethod  ] Register NMethod: java.security.AccessController.doPrivileged (0x0000029cc217b188) [0x0000029cc217b2e0, 0x0000029cc217b650] Compiler: c1, Barriers: 0, Oops: 0, ImmediateOops: 0, NonImmediateOops: No
[2024-10-26T03:26:24.864+0530][0.255s][debug][gc,nmethod  ] Register NMethod: sun.reflect.generics.parser.SignatureParser.make (0x0000029cc217b688) [0x0000029cc217b7a0, 0x0000029cc217b9a8] Compiler: c1, Barriers: 0, Oops: 0, ImmediateOops: 0, NonImmediateOops: No
[2024-10-26T03:26:24.864+0530][0.255s][debug][gc,nmethod  ] Register NMethod: sun.reflect.generics.parser.SignatureParser.<init> (0x0000029cc217ba08) [0x0000029cc217bb20, 0x0000029cc217bc88] Compiler: c1, Barriers: 0, Oops: 0, ImmediateOops: 0, NonImmediateOops: No
[2024-10-26T03:26:24.864+0530][0.255s][debug][gc,nmethod  ] Register NMethod: sun.reflect.generics.parser.SignatureParser.init (0x0000029cc217bd08) [0x0000029cc217be20, 0x0000029cc217bfb0] Compiler: c1, Barriers: 3, Oops: 0, ImmediateOops: 0, NonImmediateOops: No
[2024-10-26T03:26:24.864+0530][0.255s][debug][gc,nmethod  ] Register NMethod: sun.reflect.generics.parser.SignatureParser.parseTypeSig (0x0000029cc217c008) [0x0000029cc217c140, 0x0000029cc217c360] Compiler: c1, Barriers: 3, Oops: 0, ImmediateOops: 0, NonImmediateOops: No
[2024-10-26T03:26:24.864+0530][0.255s][debug][gc,nmethod  ] Register NMethod: java.lang.CharacterDataLatin1.isWhitespace (0x0000029cc9bab088) [0x0000029cc9bab180, 0x0000029cc9bab250] Compiler: c2, Barriers: 0, Oops: 1, ImmediateOops: 1, NonImmediateOops: No
[2024-10-26T03:26:24.865+0530][0.255s][debug][gc,nmethod  ] Register NMethod: sun.reflect.generics.parser.SignatureParser.parseTypeSignature (0x0000029cc217c388) [0x0000029cc217c4e0, 0x0000029cc217c910] Compiler: c1, Barriers: 0, Oops: 0, ImmediateOops: 0, NonImmediateOops: No
[2024-10-26T03:26:24.865+0530][0.255s][debug][gc,nmethod  ] Register NMethod: sun.reflect.generics.parser.SignatureParser.parseFieldTypeSignature (0x0000029cc217c988) [0x0000029cc217caa0, 0x0000029cc217cbe0] Compiler: c1, Barriers: 0, Oops: 0, ImmediateOops: 0, NonImmediateOops: No
[2024-10-26T03:26:24.865+0530][0.256s][debug][gc,nmethod  ] Register NMethod: java.lang.Character.isJavaIdentifierPart (0x0000029cc217cc88) [0x0000029cc217cdc0, 0x0000029cc217cfb8] Compiler: c1, Barriers: 0, Oops: 0, ImmediateOops: 0, NonImmediateOops: No
[2024-10-26T03:26:24.865+0530][0.256s][debug][gc,nmethod  ] Register NMethod: sun.reflect.generics.tree.ClassTypeSignature.<init> (0x0000029cc217d008) [0x0000029cc217d120, 0x0000029cc217d300] Compiler: c1, Barriers: 3, Oops: 0, ImmediateOops: 0, NonImmediateOops: No
[2024-10-26T03:26:24.865+0530][0.256s][debug][gc,nmethod  ] Register NMethod: java.lang.CharacterDataLatin1.isJavaIdentifierPart (0x0000029cc217d388) [0x0000029cc217d4a0, 0x0000029cc217d6a0] Compiler: c1, Barriers: 0, Oops: 0, ImmediateOops: 1, NonImmediateOops: No
[2024-10-26T03:26:24.865+0530][0.256s][debug][gc,nmethod  ] Register NMethod: sun.reflect.generics.parser.SignatureParser.parseFieldTypeSignature (0x0000029cc217d708) [0x0000029cc217d8e0, 0x0000029cc217ddb0] Compiler: c1, Barriers: 0, Oops: 0, ImmediateOops: 3, NonImmediateOops: No
[2024-10-26T03:26:24.865+0530][0.256s][debug][gc,nmethod  ] Register NMethod: sun.reflect.annotation.AnnotationParser.parseSig (0x0000029cc217de08) [0x0000029cc217e120, 0x0000029cc217fa38] Compiler: c1, Barriers: 18, Oops: 0, ImmediateOops: 2, NonImmediateOops: No
[2024-10-26T03:26:24.865+0530][0.256s][debug][gc,nmethod  ] Register NMethod: java.lang.Class.getInterfaces (0x0000029cc217fb08) [0x0000029cc217fc80, 0x0000029cc2180188] Compiler: c1, Barriers: 4, Oops: 0, ImmediateOops: 0, NonImmediateOops: No
[2024-10-26T03:26:24.865+0530][0.256s][debug][gc,nmethod  ] Register NMethod: java.lang.Class.getReflectionFactory (0x0000029cc2180208) [0x0000029cc21803c0, 0x0000029cc2180b20] Compiler: c1, Barriers: 4, Oops: 1, ImmediateOops: 5, NonImmediateOops: No
[2024-10-26T03:26:24.865+0530][0.256s][debug][gc,nmethod  ] Register NMethod: java.io.DataInputStream.readUnsignedByte (0x0000029cc2180c08) [0x0000029cc2180d40, 0x0000029cc2180ff8] Compiler: c1, Barriers: 1, Oops: 0, ImmediateOops: 0, NonImmediateOops: No
[2024-10-26T03:26:24.866+0530][0.256s][debug][gc,nmethod  ] Register NMethod: java.io.ByteArrayInputStream.read (0x0000029cc2181008) [0x0000029cc2181180, 0x0000029cc2181890] Compiler: c1, Barriers: 1, Oops: 0, ImmediateOops: 0, NonImmediateOops: No
[2024-10-26T03:26:24.866+0530][0.256s][debug][gc,nmethod  ] Register NMethod: java.io.ByteArrayInputStream.read (0x0000029cc2181908) [0x0000029cc2181a20, 0x0000029cc2181d48] Compiler: c1, Barriers: 1, Oops: 0, ImmediateOops: 0, NonImmediateOops: No
[2024-10-26T03:26:24.866+0530][0.257s][debug][gc,nmethod  ] Register NMethod: java.io.DataInputStream.readBoolean (0x0000029cc2181d88) [0x0000029cc2181ee0, 0x0000029cc2182238] Compiler: c1, Barriers: 1, Oops: 0, ImmediateOops: 0, NonImmediateOops: No
[2024-10-26T03:26:24.867+0530][0.258s][debug][gc,nmethod  ] Register NMethod: jdk.internal.misc.Unsafe.getIntUnaligned (0x0000029cc2182288) [0x0000029cc21823e0, 0x0000029cc2182850] Compiler: c1, Barriers: 0, Oops: 0, ImmediateOops: 0, NonImmediateOops: No
[2024-10-26T03:26:24.867+0530][0.258s][debug][gc,nmethod  ] Register NMethod: java.lang.String.<init> (0x0000029cc9bab388) [0x0000029cc9bab4a0, 0x0000029cc9bab868] Compiler: c2, Barriers: 6, Oops: 0, ImmediateOops: 1, NonImmediateOops: No
[2024-10-26T03:26:24.867+0530][0.258s][debug][gc,nmethod  ] Register NMethod: jdk.jfr.internal.MetadataLoader$FieldElement.<init> (0x0000029cc2182908) [0x0000029cc2182c00, 0x0000029cc2183f98] Compiler: c1, Barriers: 25, Oops: 0, ImmediateOops: 0, NonImmediateOops: No
[2024-10-26T03:26:24.867+0530][0.258s][debug][gc,nmethod  ] Register NMethod: java.lang.Integer.reverseBytes (0x0000029cc2184008) [0x0000029cc2184120, 0x0000029cc2184238] Compiler: c1, Barriers: 0, Oops: 0, ImmediateOops: 0, NonImmediateOops: No
[2024-10-26T03:26:24.867+0530][0.258s][debug][gc,nmethod  ] Register NMethod: jdk.internal.misc.Unsafe.convEndian (0x0000029cc2184308) [0x0000029cc2184420, 0x0000029cc21845d8] Compiler: c1, Barriers: 0, Oops: 0, ImmediateOops: 0, NonImmediateOops: No
[2024-10-26T03:26:24.867+0530][0.258s][debug][gc,nmethod  ] Register NMethod: jdk.internal.misc.Unsafe.getIntUnaligned (0x0000029cc2184608) [0x0000029cc2184740, 0x0000029cc2184998] Compiler: c1, Barriers: 0, Oops: 0, ImmediateOops: 0, NonImmediateOops: No
[2024-10-26T03:26:24.868+0530][0.259s][debug][gc,nmethod  ] Register NMethod: java.lang.String.<init> (0x0000029cc9bab908) [0x0000029cc9baba40, 0x0000029cc9babed0] Compiler: c2, Barriers: 6, Oops: 1, ImmediateOops: 1, NonImmediateOops: No
[2024-10-26T03:26:24.868+0530][0.259s][debug][gc,nmethod  ] Register NMethod: java.lang.invoke.VarHandle.checkAccessModeThenIsDirect (0x0000029cc9babf88) [0x0000029cc9bac080, 0x0000029cc9bac128] Compiler: c2, Barriers: 0, Oops: 0, ImmediateOops: 0, NonImmediateOops: No
[2024-10-26T03:26:24.869+0530][0.260s][debug][gc,nmethod  ] Register NMethod: java.util.List.of (0x0000029cc2184a08) [0x0000029cc2184b20, 0x0000029cc2184c18] Compiler: c1, Barriers: 0, Oops: 0, ImmediateOops: 1, NonImmediateOops: No
[2024-10-26T03:26:24.869+0530][0.260s][debug][gc,nmethod  ] Register NMethod: java.lang.invoke.VarForm.getMemberName (0x0000029cc9bac288) [0x0000029cc9bac3a0, 0x0000029cc9bac550] Compiler: c2, Barriers: 2, Oops: 0, ImmediateOops: 0, NonImmediateOops: No
[2024-10-26T03:26:24.869+0530][0.260s][debug][gc,nmethod  ] Register NMethod: jdk.jfr.ValueDescriptor.isArray (0x0000029cc9bac588) [0x0000029cc9bac6a0, 0x0000029cc9bac770] Compiler: c1, Barriers: 0, Oops: 0, ImmediateOops: 0, NonImmediateOops: No
[2024-10-26T03:26:24.869+0530][0.260s][debug][gc,nmethod  ] Register NMethod: java.util.ArrayList.toArray (0x0000029cc2184d08) [0x0000029cc2184e40, 0x0000029cc2185078] Compiler: c1, Barriers: 2, Oops: 0, ImmediateOops: 0, NonImmediateOops: No
[2024-10-26T03:26:24.869+0530][0.260s][debug][gc,nmethod  ] Register NMethod: java.lang.Character.isJavaIdentifierStart (0x0000029cc2185108) [0x0000029cc2185240, 0x0000029cc2185438] Compiler: c1, Barriers: 0, Oops: 0, ImmediateOops: 0, NonImmediateOops: No
[2024-10-26T03:26:24.869+0530][0.260s][debug][gc,nmethod  ] Register NMethod: java.lang.CharacterDataLatin1.isJavaIdentifierStart (0x0000029cc2185488) [0x0000029cc21855a0, 0x0000029cc21857a0] Compiler: c1, Barriers: 0, Oops: 0, ImmediateOops: 1, NonImmediateOops: No
[2024-10-26T03:26:24.870+0530][0.261s][debug][gc,nmethod  ] Register NMethod: jdk.internal.module.Checks.isJavaIdentifier (0x0000029cc2185808) [0x0000029cc2185a40, 0x0000029cc2186618] Compiler: c1, Barriers: 2, Oops: 1, ImmediateOops: 2, NonImmediateOops: No
[2024-10-26T03:26:24.870+0530][0.261s][debug][gc,nmethod  ] Register NMethod: java.lang.Long.hashCode (0x0000029cc2186688) [0x0000029cc21867a0, 0x0000029cc2186898] Compiler: c1, Barriers: 0, Oops: 0, ImmediateOops: 0, NonImmediateOops: No
[2024-10-26T03:26:24.870+0530][0.261s][debug][gc,nmethod  ] Register NMethod: java.lang.Class.privateGetDeclaredMethods (0x0000029cc2186988) [0x0000029cc2186b40, 0x0000029cc21873b0] Compiler: c1, Barriers: 10, Oops: 0, ImmediateOops: 2, NonImmediateOops: No
[2024-10-26T03:26:24.870+0530][0.261s][debug][gc,nmethod  ] Register NMethod: jdk.jfr.internal.Type.getFields (0x0000029cc2187408) [0x0000029cc2187560, 0x0000029cc21879e0] Compiler: c1, Barriers: 6, Oops: 0, ImmediateOops: 0, NonImmediateOops: No
[2024-10-26T03:26:24.870+0530][0.261s][debug][gc,nmethod  ] Register NMethod: jdk.jfr.internal.PrivateAccess.getInstance (0x0000029cc2187a08) [0x0000029cc2187b40, 0x0000029cc2187d90] Compiler: c1, Barriers: 2, Oops: 0, ImmediateOops: 3, NonImmediateOops: No
[2024-10-26T03:26:24.870+0530][0.261s][debug][gc,nmethod  ] Register NMethod: jdk.jfr.internal.util.Utils.unboxType (0x0000029cc2187e08) [0x0000029cc2187f80, 0x0000029cc21883b0] Compiler: c1, Barriers: 0, Oops: 0, ImmediateOops: 16, NonImmediateOops: No
[2024-10-26T03:26:24.871+0530][0.261s][debug][gc,nmethod  ] Register NMethod: jdk.jfr.AnnotationElement.checkType (0x0000029cc2188408) [0x0000029cc2188540, 0x0000029cc21887b8] Compiler: c1, Barriers: 0, Oops: 0, ImmediateOops: 2, NonImmediateOops: No
[2024-10-26T03:26:24.871+0530][0.262s][debug][gc,nmethod  ] Register NMethod: jdk.jfr.FlightRecorderPermission$InternalAccess.newAnnotation (0x0000029cc2188808) [0x0000029cc2188920, 0x0000029cc2188ad0] Compiler: c1, Barriers: 0, Oops: 0, ImmediateOops: 0, NonImmediateOops: No
[2024-10-26T03:26:24.871+0530][0.262s][debug][gc,nmethod  ] Register NMethod: java.util.Collections$UnmodifiableCollection.size (0x0000029cc2188b08) [0x0000029cc2188c40, 0x0000029cc2188e50] Compiler: c1, Barriers: 1, Oops: 0, ImmediateOops: 0, NonImmediateOops: No
[2024-10-26T03:26:24.871+0530][0.262s][debug][gc,nmethod  ] Register NMethod: java.util.Collections$UnmodifiableList.get (0x0000029cc2188e88) [0x0000029cc2188fc0, 0x0000029cc21891d0] Compiler: c1, Barriers: 1, Oops: 0, ImmediateOops: 0, NonImmediateOops: No
[2024-10-26T03:26:24.871+0530][0.262s][debug][gc,nmethod  ] Register NMethod: java.io.ByteArrayInputStream.read (0x0000029cc9bac888) [0x0000029cc9bac9a0, 0x0000029cc9bace28] Compiler: c2, Barriers: 1, Oops: 0, ImmediateOops: 0, NonImmediateOops: No
[2024-10-26T03:26:24.871+0530][0.262s][debug][gc,nmethod  ] Register NMethod: jdk.jfr.internal.MetadataLoader.newAnnotation (0x0000029cc2189208) [0x0000029cc2189380, 0x0000029cc21897f8] Compiler: c1, Barriers: 4, Oops: 0, ImmediateOops: 3, NonImmediateOops: No
[2024-10-26T03:26:24.871+0530][0.262s][debug][gc,nmethod  ] Register NMethod: jdk.jfr.internal.AnnotationConstruct.<init> (0x0000029cc2189888) [0x0000029cc21899c0, 0x0000029cc2189c38] Compiler: c1, Barriers: 3, Oops: 0, ImmediateOops: 0, NonImmediateOops: No
[2024-10-26T03:26:24.871+0530][0.262s][debug][gc,nmethod  ] Register NMethod: java.util.HashMap.putMapEntries (0x0000029cc2189c88) [0x0000029cc2189f00, 0x0000029cc218ada8] Compiler: c1, Barriers: 2, Oops: 0, ImmediateOops: 0, NonImmediateOops: No
[2024-10-26T03:26:24.872+0530][0.263s][debug][gc,nmethod  ] Register NMethod: jdk.internal.loader.AbstractClassLoaderValue$Sub.hashCode (0x0000029cc218ae08) [0x0000029cc218af60, 0x0000029cc218b338] Compiler: c1, Barriers: 2, Oops: 0, ImmediateOops: 0, NonImmediateOops: No
[2024-10-26T03:26:24.872+0530][0.263s][debug][gc,nmethod  ] Register NMethod: jdk.jfr.AnnotationElement.<init> (0x0000029cc218b388) [0x0000029cc218b860, 0x0000029cc218e088] Compiler: c1, Barriers: 10, Oops: 3, ImmediateOops: 16, NonImmediateOops: No
[2024-10-26T03:26:24.872+0530][0.263s][debug][gc,nmethod  ] Register NMethod: java.lang.Long.hashCode (0x0000029cc218e188) [0x0000029cc218e2a0, 0x0000029cc218e3e0] Compiler: c1, Barriers: 0, Oops: 0, ImmediateOops: 0, NonImmediateOops: No
[2024-10-26T03:26:24.872+0530][0.263s][debug][gc,nmethod  ] Register NMethod: jdk.internal.loader.AbstractClassLoaderValue.map (0x0000029cc218e488) [0x0000029cc218e5c0, 0x0000029cc218e888] Compiler: c1, Barriers: 0, Oops: 0, ImmediateOops: 2, NonImmediateOops: No
[2024-10-26T03:26:24.872+0530][0.263s][debug][gc,nmethod  ] Register NMethod: jdk.jfr.internal.Type.getName (0x0000029cc9bace88) [0x0000029cc9bacfa0, 0x0000029cc9bad098] Compiler: c1, Barriers: 1, Oops: 0, ImmediateOops: 0, NonImmediateOops: No
[2024-10-26T03:26:24.872+0530][0.263s][debug][gc,nmethod  ] Register NMethod: java.util.LinkedHashMap.entrySet (0x0000029cc218e908) [0x0000029cc218ea20, 0x0000029cc218eb78] Compiler: c1, Barriers: 0, Oops: 0, ImmediateOops: 0, NonImmediateOops: No
[2024-10-26T03:26:24.872+0530][0.263s][debug][gc,nmethod  ] Register NMethod: java.util.LinkedHashMap$LinkedEntryIterator.<init> (0x0000029cc218ec08) [0x0000029cc218ed20, 0x0000029cc218ee58] Compiler: c1, Barriers: 0, Oops: 0, ImmediateOops: 0, NonImmediateOops: No
[2024-10-26T03:26:24.872+0530][0.263s][debug][gc,nmethod  ] Register NMethod: java.util.LinkedHashMap$LinkedEntrySet.iterator (0x0000029cc218ef08) [0x0000029cc218f040, 0x0000029cc218f290] Compiler: c1, Barriers: 1, Oops: 0, ImmediateOops: 0, NonImmediateOops: No
[2024-10-26T03:26:24.872+0530][0.263s][debug][gc,nmethod  ] Register NMethod: java.util.LinkedHashMap.sequencedEntrySet (0x0000029cc218f308) [0x0000029cc218f460, 0x0000029cc218f9a8] Compiler: c1, Barriers: 7, Oops: 0, ImmediateOops: 0, NonImmediateOops: No
[2024-10-26T03:26:24.873+0530][0.263s][debug][gc,nmethod  ] Register NMethod: java.util.ImmutableCollections$ListN.<init> (0x0000029cc218fa08) [0x0000029cc218fb40, 0x0000029cc218fe40] Compiler: c1, Barriers: 3, Oops: 0, ImmediateOops: 0, NonImmediateOops: No
[2024-10-26T03:26:24.873+0530][0.264s][debug][gc,nmethod  ] Register NMethod: java.util.LinkedHashMap$LinkedKeyIterator.next (0x0000029cc218fe88) [0x0000029cc218ffc0, 0x0000029cc2190148] Compiler: c1, Barriers: 1, Oops: 0, ImmediateOops: 0, NonImmediateOops: No
[2024-10-26T03:26:24.873+0530][0.264s][debug][gc,nmethod  ] Register NMethod: java.util.ImmutableCollections.listFromArray (0x0000029cc2190188) [0x0000029cc2190320, 0x0000029cc2190b38] Compiler: c1, Barriers: 7, Oops: 0, ImmediateOops: 0, NonImmediateOops: No
[2024-10-26T03:26:24.873+0530][0.264s][debug][gc,nmethod  ] Register NMethod: jdk.jfr.internal.Type.add (0x0000029cc2190b88) [0x0000029cc2190ce0, 0x0000029cc2191048] Compiler: c1, Barriers: 1, Oops: 0, ImmediateOops: 0, NonImmediateOops: No
[2024-10-26T03:26:24.873+0530][0.264s][debug][gc,nmethod  ] Register NMethod: java.util.HashMap.put (0x0000029cc2191088) [0x0000029cc21911c0, 0x0000029cc21914c0] Compiler: c1, Barriers: 0, Oops: 0, ImmediateOops: 0, NonImmediateOops: No
[2024-10-26T03:26:24.873+0530][0.264s][debug][gc,nmethod  ] Register NMethod: jdk.jfr.internal.JVM.getTypeId (0x0000029cc9bad188) [0x0000029cc9bad2a0, 0x0000029cc9bad4c8] Compiler: , Barriers: 0, Oops: 0, ImmediateOops: 1, NonImmediateOops: No
[2024-10-26T03:26:24.874+0530][0.265s][debug][gc,nmethod  ] Register NMethod: jdk.internal.loader.AbstractClassLoaderValue.extractValue (0x0000029cc2191508) [0x0000029cc2191640, 0x0000029cc2191980] Compiler: c1, Barriers: 0, Oops: 0, ImmediateOops: 0, NonImmediateOops: No
[2024-10-26T03:26:24.874+0530][0.265s][debug][gc,nmethod  ] Register NMethod: java.lang.invoke.Invokers$Holder.invokeExact_MT (0x0000029cc2191a08) [0x0000029cc2191ba0, 0x0000029cc2192438] Compiler: c1, Barriers: 3, Oops: 0, ImmediateOops: 0, NonImmediateOops: No
[2024-10-26T03:26:24.874+0530][0.265s][debug][gc,nmethod  ] Register NMethod: jdk.jfr.FlightRecorderPermission$InternalAccess.newValueDescriptor (0x0000029cc2192488) [0x0000029cc21925a0, 0x0000029cc2192770] Compiler: c1, Barriers: 0, Oops: 0, ImmediateOops: 0, NonImmediateOops: No
[2024-10-26T03:26:24.874+0530][0.265s][debug][gc,nmethod  ] Register NMethod: java.util.LinkedHashMap.keySet (0x0000029cc2192788) [0x0000029cc21928a0, 0x0000029cc21929f8] Compiler: c1, Barriers: 0, Oops: 0, ImmediateOops: 0, NonImmediateOops: No
[2024-10-26T03:26:24.874+0530][0.265s][debug][gc,nmethod  ] Register NMethod: jdk.jfr.internal.util.Utils.ensureJavaIdentifier (0x0000029cc2192a88) [0x0000029cc2192c60, 0x0000029cc2193360] Compiler: c1, Barriers: 0, Oops: 2, ImmediateOops: 3, NonImmediateOops: No
[2024-10-26T03:26:24.874+0530][0.265s][debug][gc,nmethod  ] Register NMethod: sun.reflect.annotation.AnnotationParser.parseAnnotation2 (0x0000029cc2193408) [0x0000029cc21937e0, 0x0000029cc2195510] Compiler: c1, Barriers: 11, Oops: 1, ImmediateOops: 2, NonImmediateOops: No
[2024-10-26T03:26:24.874+0530][0.265s][debug][gc,nmethod  ] Register NMethod: jdk.jfr.internal.Type.getKnownType (0x0000029cc2195608) [0x0000029cc21957a0, 0x0000029cc2195e88] Compiler: c1, Barriers: 1, Oops: 1, ImmediateOops: 1, NonImmediateOops: No
[2024-10-26T03:26:24.875+0530][0.265s][debug][gc,nmethod  ] Register NMethod: java.util.LinkedHashMap$LinkedKeySet.iterator (0x0000029cc2195f08) [0x0000029cc2196040, 0x0000029cc2196290] Compiler: c1, Barriers: 1, Oops: 0, ImmediateOops: 0, NonImmediateOops: No
[2024-10-26T03:26:24.875+0530][0.265s][debug][gc,nmethod  ] Register NMethod: java.util.LinkedHashMap$LinkedKeyIterator.<init> (0x0000029cc2196308) [0x0000029cc2196420, 0x0000029cc2196558] Compiler: c1, Barriers: 0, Oops: 0, ImmediateOops: 0, NonImmediateOops: No
[2024-10-26T03:26:24.875+0530][0.266s][debug][gc,nmethod  ] Register NMethod: java.util.LinkedHashMap.sequencedKeySet (0x0000029cc2196608) [0x0000029cc2196760, 0x0000029cc2196ca8] Compiler: c1, Barriers: 7, Oops: 0, ImmediateOops: 0, NonImmediateOops: No
[2024-10-26T03:26:24.875+0530][0.266s][debug][gc,nmethod  ] Register NMethod: jdk.jfr.ValueDescriptor.<init> (0x0000029cc2196d08) [0x0000029cc2196f20, 0x0000029cc2197b18] Compiler: c1, Barriers: 21, Oops: 1, ImmediateOops: 5, NonImmediateOops: No
[2024-10-26T03:26:24.875+0530][0.266s][debug][gc,nmethod  ] Register NMethod: java.lang.invoke.MethodHandle.linkToVirtual (0x0000029cc9bad508) [0x0000029cc9bad600, 0x0000029cc9bad630] Compiler: , Barriers: 0, Oops: 0, ImmediateOops: 0, NonImmediateOops: No
[2024-10-26T03:26:24.876+0530][0.266s][debug][gc,director ] Rule Major: Warmup 10%, Used: 18MB, UsedThreshold: 204MB
[2024-10-26T03:26:24.876+0530][0.266s][debug][gc,nmethod  ] Register NMethod: java.lang.invoke.InvokerBytecodeGenerator.emitLoadInsn (0x0000029cc2197b88) [0x0000029cc2197cc0, 0x0000029cc2197f80] Compiler: c1, Barriers: 2, Oops: 0, ImmediateOops: 0, NonImmediateOops: No
[2024-10-26T03:26:24.876+0530][0.267s][debug][gc,nmethod  ] Register NMethod: java.lang.invoke.InvokerBytecodeGenerator.emitPushArgument (0x0000029cc2198008) [0x0000029cc2198280, 0x0000029cc21990d0] Compiler: c1, Barriers: 7, Oops: 0, ImmediateOops: 5, NonImmediateOops: No
[2024-10-26T03:26:24.876+0530][0.267s][debug][gc,nmethod  ] Register NMethod: java.lang.invoke.InvokerBytecodeGenerator.loadInsnOpcode (0x0000029cc2199188) [0x0000029cc2199380, 0x0000029cc2199d50] Compiler: c1, Barriers: 1, Oops: 1, ImmediateOops: 4, NonImmediateOops: No
[2024-10-26T03:26:24.876+0530][0.267s][debug][gc,nmethod  ] Register NMethod: java.lang.invoke.MethodHandle.linkToStatic (0x0000029cc9bad808) [0x0000029cc9bad900, 0x0000029cc9bada10] Compiler: , Barriers: 0, Oops: 0, ImmediateOops: 0, NonImmediateOops: No
[2024-10-26T03:26:24.877+0530][0.267s][debug][gc,nmethod  ] Register NMethod: java.lang.invoke.DirectMethodHandle.preparedLambdaForm (0x0000029cc2199e08) [0x0000029cc219a0a0, 0x0000029cc219b1a0] Compiler: c1, Barriers: 12, Oops: 0, ImmediateOops: 1, NonImmediateOops: No
[2024-10-26T03:26:24.877+0530][0.268s][debug][gc,nmethod  ] Register NMethod: jdk.internal.org.objectweb.asm.MethodWriter.visitLabel (0x0000029cc219b288) [0x0000029cc219b500, 0x0000029cc219c5f0] Compiler: c1, Barriers: 54, Oops: 0, ImmediateOops: 0, NonImmediateOops: No
[2024-10-26T03:26:24.877+0530][0.268s][debug][gc,nmethod  ] Register NMethod: jdk.internal.org.objectweb.asm.MethodWriter.visitInsn (0x0000029cc219c688) [0x0000029cc219c800, 0x0000029cc219cc78] Compiler: c1, Barriers: 3, Oops: 0, ImmediateOops: 1, NonImmediateOops: No
[2024-10-26T03:26:24.877+0530][0.268s][debug][gc,nmethod  ] Register NMethod: jdk.jfr.internal.Type.getId (0x0000029cc9badb08) [0x0000029cc9badc20, 0x0000029cc9badce8] Compiler: c1, Barriers: 0, Oops: 0, ImmediateOops: 0, NonImmediateOops: No
[2024-10-26T03:26:24.877+0530][0.268s][debug][gc,nmethod  ] Register NMethod: java.lang.invoke.DirectMethodHandle.preparedLambdaForm (0x0000029cc219cd08) [0x0000029cc219ce20, 0x0000029cc219cf40] Compiler: c1, Barriers: 0, Oops: 0, ImmediateOops: 0, NonImmediateOops: No
[2024-10-26T03:26:24.877+0530][0.268s][debug][gc,nmethod  ] Register NMethod: jdk.jfr.internal.TypeLibrary$$Lambda/0x000002a0d40118a0.applyAsLong (0x0000029cc219d008) [0x0000029cc219d120, 0x0000029cc219d3a8] Compiler: c1, Barriers: 0, Oops: 0, ImmediateOops: 0, NonImmediateOops: No
[2024-10-26T03:26:24.877+0530][0.268s][debug][gc,nmethod  ] Register NMethod: java.lang.Long.compare (0x0000029cc219d408) [0x0000029cc219d540, 0x0000029cc219d718] Compiler: c1, Barriers: 0, Oops: 0, ImmediateOops: 0, NonImmediateOops: No
[2024-10-26T03:26:24.877+0530][0.268s][debug][gc,nmethod  ] Register NMethod: java.util.Comparator$$Lambda/0x000002a0d4011ac0.compare (0x0000029cc219d788) [0x0000029cc219d900, 0x0000029cc219e010] Compiler: c1, Barriers: 1, Oops: 0, ImmediateOops: 0, NonImmediateOops: No
[2024-10-26T03:26:24.877+0530][0.268s][debug][gc,nmethod  ] Register NMethod: java.util.Comparator.lambda$comparingLong$6043328a$1 (0x0000029cc219e088) [0x0000029cc219e1e0, 0x0000029cc219e838] Compiler: c1, Barriers: 0, Oops: 0, ImmediateOops: 0, NonImmediateOops: No
[2024-10-26T03:26:24.877+0530][0.268s][debug][gc,nmethod  ] Register NMethod: java.lang.invoke.MethodHandle.linkToVirtual (0x0000029cc9bade08) [0x0000029cc9badf00, 0x0000029cc9badf30] Compiler: , Barriers: 0, Oops: 0, ImmediateOops: 0, NonImmediateOops: No
[2024-10-26T03:26:24.878+0530][0.268s][debug][gc,nmethod  ] Register NMethod: jdk.internal.org.objectweb.asm.MethodWriter.endCurrentBasicBlockWithNoSuccessor (0x0000029cc219e888) [0x0000029cc219ea20, 0x0000029cc219f2a8] Compiler: c1, Barriers: 23, Oops: 0, ImmediateOops: 0, NonImmediateOops: No
[2024-10-26T03:26:24.878+0530][0.269s][debug][gc,nmethod  ] Register NMethod: java.util.ArrayDeque$$Lambda/0x000002a0d40121e0.accept (0x0000029cc219f308) [0x0000029cc219f440, 0x0000029cc219f5d0] Compiler: c1, Barriers: 1, Oops: 0, ImmediateOops: 0, NonImmediateOops: No
[2024-10-26T03:26:24.878+0530][0.269s][debug][gc,nmethod  ] Register NMethod: jdk.jfr.internal.AnnotationConstruct.getUnmodifiableAnnotationElements (0x0000029cc9bae108) [0x0000029cc9bae220, 0x0000029cc9bae318] Compiler: c1, Barriers: 1, Oops: 0, ImmediateOops: 0, NonImmediateOops: No
[2024-10-26T03:26:24.878+0530][0.269s][debug][gc,nmethod  ] Register NMethod: java.lang.Iterable.forEach (0x0000029cc219f608) [0x0000029cc219f7a0, 0x0000029cc219fdc8] Compiler: c1, Barriers: 0, Oops: 0, ImmediateOops: 0, NonImmediateOops: No
[2024-10-26T03:26:24.878+0530][0.269s][debug][gc,nmethod  ] Register NMethod: java.util.ArrayDeque.size (0x0000029cc219fe08) [0x0000029cc219ff20, 0x0000029cc21a00f8] Compiler: c1, Barriers: 1, Oops: 0, ImmediateOops: 0, NonImmediateOops: No
[2024-10-26T03:26:24.878+0530][0.269s][debug][gc,nmethod  ] Register NMethod: java.util.ArrayDeque.sub (0x0000029cc21a0188) [0x0000029cc21a02a0, 0x0000029cc21a03c0] Compiler: c1, Barriers: 0, Oops: 0, ImmediateOops: 0, NonImmediateOops: No
[2024-10-26T03:26:24.878+0530][0.269s][debug][gc,nmethod  ] Register NMethod: java.util.ArrayDeque.isEmpty (0x0000029cc21a0488) [0x0000029cc21a05a0, 0x0000029cc21a0700] Compiler: c1, Barriers: 0, Oops: 0, ImmediateOops: 0, NonImmediateOops: No
[2024-10-26T03:26:24.879+0530][0.270s][debug][gc,nmethod  ] Register NMethod: java.util.ArrayDeque$$Lambda/0x000002a0d40121e0.<init> (0x0000029cc21a0788) [0x0000029cc21a08a0, 0x0000029cc21a0a80] Compiler: c1, Barriers: 3, Oops: 0, ImmediateOops: 0, NonImmediateOops: No
[2024-10-26T03:26:24.879+0530][0.270s][debug][gc,nmethod  ] Register NMethod: java.io.DataInputStream.readFully (0x0000029cc9bae408) [0x0000029cc9bae6a0, 0x0000029cc9bb06c8] Compiler: c2, Barriers: 32, Oops: 0, ImmediateOops: 4, NonImmediateOops: No
[2024-10-26T03:26:24.879+0530][0.270s][debug][gc,nmethod  ] Register NMethod: java.util.ArrayDeque.copyElements (0x0000029cc21a0b08) [0x0000029cc21a0c80, 0x0000029cc21a11f8] Compiler: c1, Barriers: 3, Oops: 1, ImmediateOops: 2, NonImmediateOops: No
[2024-10-26T03:26:24.879+0530][0.270s][debug][gc,nmethod  ] Register NMethod: jdk.jfr.AnnotationElement.getType (0x0000029cc9bb0808) [0x0000029cc9bb0920, 0x0000029cc9bb0a18] Compiler: c1, Barriers: 1, Oops: 0, ImmediateOops: 0, NonImmediateOops: No
[2024-10-26T03:26:24.879+0530][0.270s][debug][gc,nmethod  ] Register NMethod: jdk.jfr.internal.Type.getAnnotationElements (0x0000029cc21a1288) [0x0000029cc21a13a0, 0x0000029cc21a1528] Compiler: c1, Barriers: 2, Oops: 0, ImmediateOops: 0, NonImmediateOops: No
[2024-10-26T03:26:24.879+0530][0.270s][debug][gc,nmethod  ] Register NMethod: java.util.ArrayDeque.addAll (0x0000029cc21a1588) [0x0000029cc21a1760, 0x0000029cc21a2180] Compiler: c1, Barriers: 6, Oops: 1, ImmediateOops: 2, NonImmediateOops: No
[2024-10-26T03:26:24.879+0530][0.270s][debug][gc,nmethod  ] Register NMethod: jdk.jfr.AnnotationElement.getAnnotationElements (0x0000029cc21a2208) [0x0000029cc21a2340, 0x0000029cc21a25e8] Compiler: c1, Barriers: 3, Oops: 0, ImmediateOops: 0, NonImmediateOops: No
[2024-10-26T03:26:24.879+0530][0.270s][debug][gc,nmethod  ] Register NMethod: jdk.jfr.FlightRecorderPermission$InternalAccess.getType (0x0000029cc21a2688) [0x0000029cc21a28e0, 0x0000029cc21a3b30] Compiler: c1, Barriers: 3, Oops: 1, ImmediateOops: 3, NonImmediateOops: No
[2024-10-26T03:26:24.879+0530][0.270s][debug][gc,nmethod  ] Register NMethod: java.util.ArrayDeque.<init> (0x0000029cc21a3c08) [0x0000029cc21a3d40, 0x0000029cc21a40a8] Compiler: c1, Barriers: 3, Oops: 0, ImmediateOops: 0, NonImmediateOops: No
[2024-10-26T03:26:24.880+0530][0.271s][debug][gc,nmethod  ] Register NMethod: jdk.jfr.ValueDescriptor.getAnnotationElements (0x0000029cc21a4108) [0x0000029cc21a4220, 0x0000029cc21a43a8] Compiler: c1, Barriers: 2, Oops: 0, ImmediateOops: 0, NonImmediateOops: No
[2024-10-26T03:26:24.880+0530][0.271s][debug][gc,nmethod  ] Register NMethod: java.util.ArrayDeque.<init> (0x0000029cc21a4408) [0x0000029cc21a45c0, 0x0000029cc21a4f30] Compiler: c1, Barriers: 6, Oops: 1, ImmediateOops: 2, NonImmediateOops: No
[2024-10-26T03:26:24.880+0530][0.271s][debug][gc,nmethod  ] Register NMethod: java.util.ArrayDeque.grow (0x0000029cc21a5008) [0x0000029cc21a51a0, 0x0000029cc21a59c0] Compiler: c1, Barriers: 10, Oops: 0, ImmediateOops: 0, NonImmediateOops: No
[2024-10-26T03:26:24.880+0530][0.271s][debug][gc,nmethod  ] Register NMethod: jdk.jfr.ValueDescriptor.getType (0x0000029cc9bb0b08) [0x0000029cc9bb0c20, 0x0000029cc9bb0d18] Compiler: c1, Barriers: 1, Oops: 0, ImmediateOops: 0, NonImmediateOops: No
[2024-10-26T03:26:24.880+0530][0.271s][debug][gc,nmethod  ] Register NMethod: jdk.jfr.internal.TypeLibrary.visitAnnotations (0x0000029cc21a5a08) [0x0000029cc21a5d20, 0x0000029cc21a75f8] Compiler: c1, Barriers: 13, Oops: 1, ImmediateOops: 6, NonImmediateOops: No
[2024-10-26T03:26:24.881+0530][0.272s][debug][gc,alloc    ] Mutator Allocation Rate: 70.8MB/s Predicted: 70.8MB/s, Avg: 70.8(+/-0.0)MB/s
[2024-10-26T03:26:24.881+0530][0.272s][debug][gc,director ] Rule Major: Warmup 10%, Used: 20MB, UsedThreshold: 204MB
[2024-10-26T03:26:24.881+0530][0.272s][debug][gc,nmethod  ] Register NMethod: jdk.jfr.internal.PlatformEventType.getAllSettings (0x0000029cc9bb0e08) [0x0000029cc9bb0f20, 0x0000029cc9bb1018] Compiler: c1, Barriers: 1, Oops: 0, ImmediateOops: 0, NonImmediateOops: No
[2024-10-26T03:26:24.881+0530][0.272s][debug][gc,nmethod  ] Register NMethod: java.util.ImmutableCollections$ListItr.hasNext (0x0000029cc9bb1108) [0x0000029cc9bb1200, 0x0000029cc9bb1288] Compiler: c2, Barriers: 0, Oops: 0, ImmediateOops: 0, NonImmediateOops: No
[2024-10-26T03:26:24.882+0530][0.273s][debug][gc,nmethod  ] Register NMethod: jdk.jfr.internal.TypeLibrary$$Lambda/0x000002a0d4011d60.test (0x0000029cc21a7788) [0x0000029cc21a78e0, 0x0000029cc21a7db0] Compiler: c1, Barriers: 0, Oops: 1, ImmediateOops: 1, NonImmediateOops: No
[2024-10-26T03:26:24.882+0530][0.273s][debug][gc,nmethod  ] Register NMethod: java.lang.Long.equals (0x0000029cc21a7e08) [0x0000029cc21a7f40, 0x0000029cc21a82c8] Compiler: c1, Barriers: 0, Oops: 0, ImmediateOops: 0, NonImmediateOops: No
[2024-10-26T03:26:24.882+0530][0.273s][debug][gc,nmethod  ] Register NMethod: jdk.jfr.internal.TypeLibrary.lambda$initialize$0 (0x0000029cc21a8308) [0x0000029cc21a8440, 0x0000029cc21a87b8] Compiler: c1, Barriers: 0, Oops: 1, ImmediateOops: 1, NonImmediateOops: No
[2024-10-26T03:26:24.882+0530][0.273s][debug][gc,nmethod  ] Register NMethod: java.util.ArrayDeque.addLast (0x0000029cc9bb1408) [0x0000029cc9bb1540, 0x0000029cc9bb17a0] Compiler: c2, Barriers: 4, Oops: 0, ImmediateOops: 0, NonImmediateOops: No
[2024-10-26T03:26:24.883+0530][0.274s][debug][gc,nmethod  ] Register NMethod: java.util.ImmutableCollections$ListN.size (0x0000029cc9bb1808) [0x0000029cc9bb1900, 0x0000029cc9bb19d0] Compiler: c2, Barriers: 1, Oops: 0, ImmediateOops: 0, NonImmediateOops: No
[2024-10-26T03:26:24.883+0530][0.274s][debug][gc,nmethod  ] Register NMethod: java.util.ArrayDeque.isEmpty (0x0000029cc9bb1b08) [0x0000029cc9bb1c00, 0x0000029cc9bb1c90] Compiler: c2, Barriers: 0, Oops: 0, ImmediateOops: 0, NonImmediateOops: No
[2024-10-26T03:26:24.884+0530][0.274s][debug][gc,nmethod  ] Register NMethod: java.lang.invoke.LambdaForm$MH/0x000002a0d4002800.invoke (0x0000029cc21a8808) [0x0000029cc21a8960, 0x0000029cc21a9040] Compiler: c1, Barriers: 2, Oops: 1, ImmediateOops: 0, NonImmediateOops: No
[2024-10-26T03:26:24.884+0530][0.274s][debug][gc,nmethod  ] Register NMethod: jdk.internal.loader.AbstractClassLoaderValue.<init> (0x0000029cc21a9088) [0x0000029cc21a91a0, 0x0000029cc21a9308] Compiler: c1, Barriers: 0, Oops: 0, ImmediateOops: 0, NonImmediateOops: No
[2024-10-26T03:26:24.884+0530][0.275s][debug][gc,nmethod  ] Register NMethod: java.util.Optional.of (0x0000029cc21a9388) [0x0000029cc21a94e0, 0x0000029cc21a98a8] Compiler: c1, Barriers: 3, Oops: 0, ImmediateOops: 0, NonImmediateOops: No
[2024-10-26T03:26:24.884+0530][0.275s][debug][gc,nmethod  ] Register NMethod: java.lang.classfile.instruction.ThrowInstruction.of (0x0000029cc21a9908) [0x0000029cc21a9a60, 0x0000029cc21a9e28] Compiler: c1, Barriers: 3, Oops: 1, ImmediateOops: 2, NonImmediateOops: No
[2024-10-26T03:26:24.884+0530][0.275s][debug][gc,nmethod  ] Register NMethod: jdk.internal.classfile.impl.AbstractInstruction$UnboundThrowInstruction.<init> (0x0000029cc21a9e88) [0x0000029cc21a9fc0, 0x0000029cc21aa2e8] Compiler: c1, Barriers: 3, Oops: 1, ImmediateOops: 2, NonImmediateOops: No
[2024-10-26T03:26:24.884+0530][0.275s][debug][gc,nmethod  ] Register NMethod: java.lang.classfile.CodeBuilder.athrow (0x0000029cc21aa388) [0x0000029cc21aa500, 0x0000029cc21aab00] Compiler: c1, Barriers: 3, Oops: 1, ImmediateOops: 2, NonImmediateOops: No
[2024-10-26T03:26:24.885+0530][0.275s][debug][gc,nmethod  ] Register NMethod: jdk.internal.misc.Unsafe.shouldBeInitialized0 (0x0000029cc9bb1e08) [0x0000029cc9bb1f20, 0x0000029cc9bb2150] Compiler: , Barriers: 0, Oops: 0, ImmediateOops: 0, NonImmediateOops: No
[2024-10-26T03:26:24.885+0530][0.276s][debug][gc,nmethod  ] Register NMethod: java.lang.PublicMethods$MethodList.<init> (0x0000029cc21aab88) [0x0000029cc21aaca0, 0x0000029cc21aae80] Compiler: c1, Barriers: 3, Oops: 0, ImmediateOops: 0, NonImmediateOops: No
[2024-10-26T03:26:24.885+0530][0.276s][debug][gc,nmethod  ] Register NMethod: jdk.jfr.internal.Type.getKnownType (0x0000029cc21aaf08) [0x0000029cc21ab0c0, 0x0000029cc21aba70] Compiler: c1, Barriers: 0, Oops: 1, ImmediateOops: 1, NonImmediateOops: No
[2024-10-26T03:26:24.885+0530][0.276s][debug][gc,nmethod  ] Register NMethod: java.lang.Class.isAnnotation (0x0000029cc21abb08) [0x0000029cc21abc20, 0x0000029cc21abdb0] Compiler: c1, Barriers: 0, Oops: 0, ImmediateOops: 0, NonImmediateOops: No
[2024-10-26T03:26:24.885+0530][0.276s][debug][gc,nmethod  ] Register NMethod: jdk.internal.loader.AbstractClassLoaderValue.sub (0x0000029cc21abe08) [0x0000029cc21abf40, 0x0000029cc21ac2b0] Compiler: c1, Barriers: 6, Oops: 0, ImmediateOops: 0, NonImmediateOops: No
[2024-10-26T03:26:24.886+0530][0.276s][debug][gc,nmethod  ] Register NMethod: jdk.internal.loader.AbstractClassLoaderValue$Sub.<init> (0x0000029cc21ac308) [0x0000029cc21ac440, 0x0000029cc21ac6f0] Compiler: c1, Barriers: 6, Oops: 0, ImmediateOops: 0, NonImmediateOops: No
[2024-10-26T03:26:24.886+0530][0.277s][debug][gc,nmethod  ] Register NMethod: java.util.ArrayDeque.pollFirst (0x0000029cc9bb2188) [0x0000029cc9bb22a0, 0x0000029cc9bb24c8] Compiler: c2, Barriers: 4, Oops: 0, ImmediateOops: 0, NonImmediateOops: No
[2024-10-26T03:26:24.886+0530][0.277s][debug][gc,nmethod  ] Register NMethod: java.lang.Class.getMethodsRecursive (0x0000029cc21ac788) [0x0000029cc21ac940, 0x0000029cc21acf98] Compiler: c1, Barriers: 3, Oops: 0, ImmediateOops: 0, NonImmediateOops: No
[2024-10-26T03:26:24.886+0530][0.277s][debug][gc,nmethod  ] Register NMethod: java.lang.PublicMethods$MethodList.filter (0x0000029cc21ad008) [0x0000029cc21ad1e0, 0x0000029cc21adc80] Compiler: c1, Barriers: 12, Oops: 1, ImmediateOops: 2, NonImmediateOops: No
[2024-10-26T03:26:24.887+0530][0.278s][debug][gc,nmethod  ] Register NMethod: jdk.internal.loader.AbstractClassLoaderValue.computeIfAbsent (0x0000029cc21add08) [0x0000029cc21adf60, 0x0000029cc21aed98] Compiler: c1, Barriers: 9, Oops: 0, ImmediateOops: 2, NonImmediateOops: No
[2024-10-26T03:26:24.887+0530][0.278s][debug][gc,nmethod  ] Register NMethod: java.lang.classfile.CodeBuilder.iconst_0 (0x0000029cc21aee88) [0x0000029cc21aefc0, 0x0000029cc21af2c8] Compiler: c1, Barriers: 0, Oops: 0, ImmediateOops: 1, NonImmediateOops: No
[2024-10-26T03:26:24.887+0530][0.278s][debug][gc,nmethod  ] Register NMethod: jdk.internal.classfile.impl.DirectFieldBuilder.with (0x0000029cc21af308) [0x0000029cc21af4a0, 0x0000029cc21afd30] Compiler: c1, Barriers: 3, Oops: 0, ImmediateOops: 0, NonImmediateOops: No
[2024-10-26T03:26:24.887+0530][0.278s][debug][gc,nmethod  ] Register NMethod: java.lang.classfile.CodeBuilder.ldc (0x0000029cc21afd88) [0x0000029cc21afec0, 0x0000029cc21b0198] Compiler: c1, Barriers: 0, Oops: 0, ImmediateOops: 0, NonImmediateOops: No
[2024-10-26T03:26:24.887+0530][0.278s][debug][gc,nmethod  ] Register NMethod: jdk.internal.classfile.impl.DirectFieldBuilder.with (0x0000029cc21b0208) [0x0000029cc21b0380, 0x0000029cc21b0ac0] Compiler: c1, Barriers: 3, Oops: 0, ImmediateOops: 0, NonImmediateOops: No
[2024-10-26T03:26:24.887+0530][0.278s][debug][gc,nmethod  ] Register NMethod: jdk.internal.classfile.impl.RawBytecodeHelper.getIndexU1 (0x0000029cc21b0b08) [0x0000029cc21b0c40, 0x0000029cc21b0e58] Compiler: c1, Barriers: 1, Oops: 0, ImmediateOops: 0, NonImmediateOops: No
[2024-10-26T03:26:24.888+0530][0.279s][debug][gc,nmethod  ] Register NMethod: jdk.internal.classfile.impl.AbstractAttributeMapper.writeAttribute (0x0000029cc21b0e88) [0x0000029cc21b1020, 0x0000029cc21b16a8] Compiler: c1, Barriers: 2, Oops: 0, ImmediateOops: 0, NonImmediateOops: No
[2024-10-26T03:26:24.888+0530][0.279s][debug][gc,nmethod  ] Register NMethod: jdk.internal.classfile.impl.StackCounter.maxStack (0x0000029cc9bb2508) [0x0000029cc9bb2620, 0x0000029cc9bb26e8] Compiler: c1, Barriers: 0, Oops: 0, ImmediateOops: 0, NonImmediateOops: No
[2024-10-26T03:26:24.888+0530][0.279s][debug][gc,nmethod  ] Register NMethod: jdk.internal.classfile.impl.StackCounter.maxLocals (0x0000029cc9bb2808) [0x0000029cc9bb2920, 0x0000029cc9bb29e8] Compiler: c1, Barriers: 0, Oops: 0, ImmediateOops: 0, NonImmediateOops: No
[2024-10-26T03:26:24.888+0530][0.279s][debug][gc,nmethod  ] Register NMethod: java.lang.String.substring (0x0000029cc21b1788) [0x0000029cc21b18c0, 0x0000029cc21b1b30] Compiler: c1, Barriers: 1, Oops: 0, ImmediateOops: 0, NonImmediateOops: No
[2024-10-26T03:26:24.888+0530][0.279s][debug][gc,nmethod  ] Register NMethod: jdk.jfr.internal.AnnotationConstruct.<init> (0x0000029cc21b1b88) [0x0000029cc21b1ce0, 0x0000029cc21b2018] Compiler: c1, Barriers: 3, Oops: 1, ImmediateOops: 1, NonImmediateOops: No
[2024-10-26T03:26:24.889+0530][0.280s][debug][gc,nmethod  ] Register NMethod: jdk.jfr.internal.Type.<init> (0x0000029cc21b2088) [0x0000029cc21b2260, 0x0000029cc21b2cf0] Compiler: c1, Barriers: 21, Oops: 1, ImmediateOops: 2, NonImmediateOops: No
[2024-10-26T03:26:24.889+0530][0.280s][debug][gc,nmethod  ] Register NMethod: java.lang.reflect.Constructor.newInstanceWithCaller (0x0000029cc21b2d88) [0x0000029cc21b2ee0, 0x0000029cc21b3208] Compiler: c1, Barriers: 2, Oops: 0, ImmediateOops: 0, NonImmediateOops: No
[2024-10-26T03:26:24.889+0530][0.280s][debug][gc,nmethod  ] Register NMethod: java.io.DataInputStream.readUnsignedShort (0x0000029cc9bb2b08) [0x0000029cc9bb2da0, 0x0000029cc9bb4aa8] Compiler: c2, Barriers: 34, Oops: 3, ImmediateOops: 4, NonImmediateOops: No
[2024-10-26T03:26:24.889+0530][0.280s][debug][gc,nmethod  ] Register NMethod: java.lang.Class.getInterfaces (0x0000029cc21b3288) [0x0000029cc21b33a0, 0x0000029cc21b34e0] Compiler: c1, Barriers: 0, Oops: 0, ImmediateOops: 0, NonImmediateOops: No
[2024-10-26T03:26:24.889+0530][0.280s][debug][gc,nmethod  ] Register NMethod: java.util.ArrayDeque.poll (0x0000029cc9bb4c88) [0x0000029cc9bb4da0, 0x0000029cc9bb4fc8] Compiler: c2, Barriers: 4, Oops: 0, ImmediateOops: 0, NonImmediateOops: No
[2024-10-26T03:26:24.890+0530][0.280s][debug][gc,nmethod  ] Register NMethod: sun.reflect.annotation.AnnotationInvocationHandler.<init> (0x0000029cc21b3588) [0x0000029cc21b37a0, 0x0000029cc21b4280] Compiler: c1, Barriers: 8, Oops: 1, ImmediateOops: 3, NonImmediateOops: No
[2024-10-26T03:26:24.890+0530][0.281s][debug][gc,nmethod  ] Register NMethod: java.lang.invoke.MethodHandles$Lookup.checkSecurityManager (0x0000029cc21b4308) [0x0000029cc21b4480, 0x0000029cc21b4968] Compiler: c1, Barriers: 0, Oops: 0, ImmediateOops: 0, NonImmediateOops: No
[2024-10-26T03:26:24.890+0530][0.281s][debug][gc,nmethod  ] Register NMethod: sun.reflect.generics.parser.SignatureParser.mark (0x0000029cc21b4a08) [0x0000029cc21b4b20, 0x0000029cc21b4c30] Compiler: c1, Barriers: 0, Oops: 0, ImmediateOops: 0, NonImmediateOops: No
[2024-10-26T03:26:24.890+0530][0.281s][debug][gc,nmethod  ] Register NMethod: sun.reflect.generics.parser.SignatureParser.markToCurrent (0x0000029cc21b4d08) [0x0000029cc21b4e40, 0x0000029cc21b4fc8] Compiler: c1, Barriers: 1, Oops: 0, ImmediateOops: 0, NonImmediateOops: No
[2024-10-26T03:26:24.890+0530][0.281s][debug][gc,nmethod  ] Register NMethod: sun.reflect.generics.parser.SignatureParser.parsePackageNameAndSimpleClassTypeSignature (0x0000029cc21b5008) [0x0000029cc21b5280, 0x0000029cc21b5d58] Compiler: c1, Barriers: 1, Oops: 1, ImmediateOops: 2, NonImmediateOops: No
[2024-10-26T03:26:24.891+0530][0.282s][debug][gc,nmethod  ] Register NMethod: sun.reflect.generics.tree.SimpleClassTypeSignature.make (0x0000029cc21b5e08) [0x0000029cc21b5f40, 0x0000029cc21b6240] Compiler: c1, Barriers: 6, Oops: 0, ImmediateOops: 0, NonImmediateOops: No
[2024-10-26T03:26:24.891+0530][0.282s][debug][gc,nmethod  ] Register NMethod: java.util.HashMap.containsKey (0x0000029cc9bb5008) [0x0000029cc9bb5140, 0x0000029cc9bb5618] Compiler: c2, Barriers: 6, Oops: 0, ImmediateOops: 0, NonImmediateOops: No
[2024-10-26T03:26:24.891+0530][0.282s][debug][gc,nmethod  ] Register NMethod: sun.reflect.generics.tree.SimpleClassTypeSignature.<init> (0x0000029cc21b6288) [0x0000029cc21b63c0, 0x0000029cc21b6620] Compiler: c1, Barriers: 6, Oops: 0, ImmediateOops: 0, NonImmediateOops: No
[2024-10-26T03:26:24.891+0530][0.282s][debug][gc,nmethod  ] Register NMethod: sun.reflect.generics.parser.SignatureParser.parseClassTypeSignatureSuffix (0x0000029cc21b6688) [0x0000029cc21b67e0, 0x0000029cc21b6b20] Compiler: c1, Barriers: 0, Oops: 0, ImmediateOops: 0, NonImmediateOops: No
[2024-10-26T03:26:24.891+0530][0.282s][debug][gc,nmethod  ] Register NMethod: sun.reflect.generics.tree.ClassTypeSignature.make (0x0000029cc21b6b88) [0x0000029cc21b6cc0, 0x0000029cc21b6f40] Compiler: c1, Barriers: 3, Oops: 0, ImmediateOops: 0, NonImmediateOops: No
[2024-10-26T03:26:24.891+0530][0.282s][debug][gc,nmethod  ] Register NMethod: sun.reflect.generics.tree.ClassTypeSignature.accept (0x0000029cc21b6f88) [0x0000029cc21b70c0, 0x0000029cc21b7260] Compiler: c1, Barriers: 0, Oops: 0, ImmediateOops: 0, NonImmediateOops: No
[2024-10-26T03:26:24.892+0530][0.282s][debug][gc,director ] Rule Major: Warmup 10%, Used: 20MB, UsedThreshold: 204MB
[2024-10-26T03:26:24.892+0530][0.282s][debug][gc,nmethod  ] Register NMethod: java.lang.StringBuilder.<init> (0x0000029cc21b7308) [0x0000029cc21b7420, 0x0000029cc21b7558] Compiler: c1, Barriers: 0, Oops: 0, ImmediateOops: 0, NonImmediateOops: No
[2024-10-26T03:26:24.892+0530][0.283s][debug][gc,nmethod  ] Register NMethod: java.util.HashMap.getNode (0x0000029cc9bb5688) [0x0000029cc9bb5860, 0x0000029cc9bb5fa8] Compiler: c2, Barriers: 10, Oops: 25, ImmediateOops: 2, NonImmediateOops: No
[2024-10-26T03:26:24.892+0530][0.283s][debug][gc,nmethod  ] Register NMethod: java.lang.AbstractStringBuilder.<init> (0x0000029cc21b7608) [0x0000029cc21b77a0, 0x0000029cc21b7e80] Compiler: c1, Barriers: 4, Oops: 0, ImmediateOops: 0, NonImmediateOops: No
[2024-10-26T03:26:24.892+0530][0.283s][debug][gc,nmethod  ] Register NMethod: java.lang.StringBuilder.append (0x0000029cc21b7f08) [0x0000029cc21b8040, 0x0000029cc21b81f0] Compiler: c1, Barriers: 0, Oops: 0, ImmediateOops: 0, NonImmediateOops: No
[2024-10-26T03:26:24.892+0530][0.283s][debug][gc,nmethod  ] Register NMethod: sun.reflect.generics.factory.CoreReflectionFactory.makeNamedType (0x0000029cc21b8208) [0x0000029cc21b8360, 0x0000029cc21b8598] Compiler: c1, Barriers: 0, Oops: 0, ImmediateOops: 0, NonImmediateOops: No
[2024-10-26T03:26:24.893+0530][0.284s][debug][gc,nmethod  ] Register NMethod: sun.reflect.generics.factory.CoreReflectionFactory.getDeclsLoader (0x0000029cc21b8608) [0x0000029cc21b87e0, 0x0000029cc21b93e0] Compiler: c1, Barriers: 6, Oops: 0, ImmediateOops: 0, NonImmediateOops: No
[2024-10-26T03:26:24.893+0530][0.284s][debug][gc,nmethod  ] Register NMethod: sun.reflect.generics.visitor.Reifier.visitClassTypeSignature (0x0000029cc21b9488) [0x0000029cc21b9840, 0x0000029cc21bb5c8] Compiler: c1, Barriers: 17, Oops: 0, ImmediateOops: 6, NonImmediateOops: No
[2024-10-26T03:26:24.893+0530][0.284s][debug][gc,nmethod  ] Register NMethod: java.util.LinkedHashMap$LinkedHashIterator.hasNext (0x0000029cc9bb6188) [0x0000029cc9bb6280, 0x0000029cc9bb6348] Compiler: c2, Barriers: 1, Oops: 0, ImmediateOops: 0, NonImmediateOops: No
[2024-10-26T03:26:24.893+0530][0.284s][debug][gc,nmethod  ] Register NMethod: java.lang.Character.codePointAt (0x0000029cc9bb6488) [0x0000029cc9bb65a0, 0x0000029cc9bb6738] Compiler: c2, Barriers: 1, Oops: 1, ImmediateOops: 0, NonImmediateOops: No
[2024-10-26T03:26:24.894+0530][0.284s][debug][gc,nmethod  ] Register NMethod: java.lang.Boolean.booleanValue (0x0000029cc9bb6788) [0x0000029cc9bb68a0, 0x0000029cc9bb6970] Compiler: c1, Barriers: 0, Oops: 0, ImmediateOops: 0, NonImmediateOops: No
[2024-10-26T03:26:24.894+0530][0.285s][debug][gc,nmethod  ] Register NMethod: jdk.jfr.internal.Type.getTypeId (0x0000029cc21bb688) [0x0000029cc21bb7c0, 0x0000029cc21bba18] Compiler: c1, Barriers: 0, Oops: 0, ImmediateOops: 0, NonImmediateOops: No
[2024-10-26T03:26:24.894+0530][0.285s][debug][gc,nmethod  ] Register NMethod: sun.reflect.generics.parser.SignatureParser.parseClassTypeSignature (0x0000029cc21bba88) [0x0000029cc21bbda0, 0x0000029cc21bd1c0] Compiler: c1, Barriers: 11, Oops: 2, ImmediateOops: 4, NonImmediateOops: No
[2024-10-26T03:26:24.894+0530][0.285s][debug][gc,nmethod  ] Register NMethod: jdk.jfr.AnnotationElement.getTypeId (0x0000029cc21bd288) [0x0000029cc21bd3a0, 0x0000029cc21bd580] Compiler: c1, Barriers: 1, Oops: 0, ImmediateOops: 0, NonImmediateOops: No
[2024-10-26T03:26:24.895+0530][0.285s][debug][gc,nmethod  ] Register NMethod: jdk.jfr.AnnotationElement.getTypeName (0x0000029cc21bd608) [0x0000029cc21bd720, 0x0000029cc21bd930] Compiler: c1, Barriers: 2, Oops: 0, ImmediateOops: 0, NonImmediateOops: No
[2024-10-26T03:26:24.895+0530][0.286s][debug][gc,nmethod  ] Register NMethod: jdk.jfr.ValueDescriptor.getName (0x0000029cc9bb6a88) [0x0000029cc9bb6ba0, 0x0000029cc9bb6c98] Compiler: c1, Barriers: 1, Oops: 0, ImmediateOops: 0, NonImmediateOops: No
[2024-10-26T03:26:24.895+0530][0.286s][debug][gc,nmethod  ] Register NMethod: java.lang.Iterable.forEach (0x0000029cc9bb6d88) [0x0000029cc9bb6f40, 0x0000029cc9bb7870] Compiler: c2, Barriers: 16, Oops: 1, ImmediateOops: 2, NonImmediateOops: No
[2024-10-26T03:26:24.895+0530][0.286s][debug][gc,nmethod  ] Register NMethod: java.lang.CharacterDataLatin1.isJavaIdentifierPart (0x0000029cc9bb7988) [0x0000029cc9bb7a80, 0x0000029cc9bb7b48] Compiler: c2, Barriers: 0, Oops: 1, ImmediateOops: 1, NonImmediateOops: No
[2024-10-26T03:26:24.895+0530][0.286s][debug][gc,nmethod  ] Register NMethod: java.lang.StringLatin1.indexOf (0x0000029cc21bd988) [0x0000029cc21bdae0, 0x0000029cc21bdf78] Compiler: c1, Barriers: 0, Oops: 0, ImmediateOops: 0, NonImmediateOops: No
[2024-10-26T03:26:24.896+0530][0.287s][debug][gc,nmethod  ] Register NMethod: java.util.LinkedHashMap$LinkedHashIterator.nextNode (0x0000029cc9bb7c88) [0x0000029cc9bb7da0, 0x0000029cc9bb80a8] Compiler: c2, Barriers: 9, Oops: 0, ImmediateOops: 0, NonImmediateOops: No
[2024-10-26T03:26:24.896+0530][0.287s][debug][gc,nmethod  ] Register NMethod: jdk.jfr.internal.EventControl.remove (0x0000029cc21bdf88) [0x0000029cc21be1a0, 0x0000029cc21beec0] Compiler: c1, Barriers: 5, Oops: 0, ImmediateOops: 0, NonImmediateOops: No
[2024-10-26T03:26:24.896+0530][0.287s][debug][gc,nmethod  ] Register NMethod: jdk.jfr.internal.Type.hasAnnotation (0x0000029cc21bef88) [0x0000029cc21bf0c0, 0x0000029cc21bf288] Compiler: c1, Barriers: 1, Oops: 0, ImmediateOops: 0, NonImmediateOops: No
[2024-10-26T03:26:24.896+0530][0.287s][debug][gc,nmethod  ] Register NMethod: jdk.jfr.internal.AnnotationConstruct.getAnnotationElement (0x0000029cc21bf308) [0x0000029cc21bf580, 0x0000029cc21c0718] Compiler: c1, Barriers: 7, Oops: 0, ImmediateOops: 0, NonImmediateOops: No
[2024-10-26T03:26:24.896+0530][0.287s][debug][gc,nmethod  ] Register NMethod: java.util.Collections$EmptyList.isEmpty (0x0000029cc9bb8108) [0x0000029cc9bb8220, 0x0000029cc9bb82e8] Compiler: c1, Barriers: 0, Oops: 0, ImmediateOops: 0, NonImmediateOops: No
[2024-10-26T03:26:24.896+0530][0.287s][debug][gc,nmethod  ] Register NMethod: jdk.jfr.internal.PlatformEventType.hasPeriod (0x0000029cc9bb8408) [0x0000029cc9bb8520, 0x0000029cc9bb85f0] Compiler: c1, Barriers: 0, Oops: 0, ImmediateOops: 0, NonImmediateOops: No
[2024-10-26T03:26:24.897+0530][0.288s][debug][gc,nmethod  ] Register NMethod: java.util.ImmutableCollections$ListItr.next (0x0000029cc9bb8708) [0x0000029cc9bb8840, 0x0000029cc9bb8b60] Compiler: c2, Barriers: 5, Oops: 1, ImmediateOops: 1, NonImmediateOops: No
[2024-10-26T03:26:24.897+0530][0.288s][debug][gc,nmethod  ] Register NMethod: jdk.jfr.AnnotationElement.getValues (0x0000029cc9bb8c08) [0x0000029cc9bb8d20, 0x0000029cc9bb8e18] Compiler: c1, Barriers: 1, Oops: 0, ImmediateOops: 0, NonImmediateOops: No
[2024-10-26T03:26:24.897+0530][0.288s][debug][gc,nmethod  ] Register NMethod: java.lang.StringLatin1.indexOf (0x0000029cc21c0788) [0x0000029cc21c08c0, 0x0000029cc21c0ab0] Compiler: c1, Barriers: 0, Oops: 0, ImmediateOops: 0, NonImmediateOops: No
[2024-10-26T03:26:24.897+0530][0.288s][debug][gc,nmethod  ] Register NMethod: java.util.ImmutableCollections$AbstractImmutableList.iterator (0x0000029cc9bb8f08) [0x0000029cc9bb9020, 0x0000029cc9bb9268] Compiler: c2, Barriers: 4, Oops: 0, ImmediateOops: 1, NonImmediateOops: No
[2024-10-26T03:26:24.897+0530][0.288s][debug][gc,nmethod  ] Register NMethod: java.lang.String.indexOf (0x0000029cc21c0b08) [0x0000029cc21c0ca0, 0x0000029cc21c1278] Compiler: c1, Barriers: 6, Oops: 0, ImmediateOops: 0, NonImmediateOops: No
[2024-10-26T03:26:24.897+0530][0.288s][debug][gc,nmethod  ] Register NMethod: java.lang.Long.hashCode (0x0000029cc9bb9308) [0x0000029cc9bb9400, 0x0000029cc9bb9478] Compiler: c2, Barriers: 0, Oops: 0, ImmediateOops: 0, NonImmediateOops: No
[2024-10-26T03:26:24.898+0530][0.288s][debug][gc,nmethod  ] Register NMethod: jdk.internal.classfile.impl.StackCounter.<init> (0x0000029cc21c1308) [0x0000029cc21c21a0, 0x0000029cc21cd520] Compiler: c1, Barriers: 98, Oops: 2, ImmediateOops: 8, NonImmediateOops: No
[2024-10-26T03:26:24.898+0530][0.289s][debug][gc,nmethod  ] Register NMethod: java.util.LinkedHashMap$LinkedEntryIterator.next (0x0000029cc9bb9608) [0x0000029cc9bb9720, 0x0000029cc9bb9a28] Compiler: c2, Barriers: 9, Oops: 0, ImmediateOops: 0, NonImmediateOops: No
[2024-10-26T03:26:24.898+0530][0.289s][debug][gc,nmethod  ] Register NMethod: java.util.Collections.emptyList (0x0000029cc21cd708) [0x0000029cc21cd820, 0x0000029cc21cd918] Compiler: c1, Barriers: 0, Oops: 0, ImmediateOops: 1, NonImmediateOops: No
[2024-10-26T03:26:24.898+0530][0.289s][debug][gc,nmethod  ] Register NMethod: jdk.jfr.internal.PlatformEventType.isJVM (0x0000029cc9bb9a88) [0x0000029cc9bb9ba0, 0x0000029cc9bb9c70] Compiler: c1, Barriers: 0, Oops: 0, ImmediateOops: 0, NonImmediateOops: No
[2024-10-26T03:26:24.898+0530][0.289s][debug][gc,nmethod  ] Register NMethod: jdk.internal.misc.Unsafe.getLongVolatile (0x0000029cc9bb9d88) [0x0000029cc9bb9ea0, 0x0000029cc9bba0c8] Compiler: , Barriers: 0, Oops: 0, ImmediateOops: 0, NonImmediateOops: No
[2024-10-26T03:26:24.898+0530][0.289s][debug][gc,nmethod  ] Register NMethod: java.util.ArrayList.fastRemove (0x0000029cc21cda08) [0x0000029cc21cdb40, 0x0000029cc21cdf30] Compiler: c1, Barriers: 3, Oops: 0, ImmediateOops: 0, NonImmediateOops: No
[2024-10-26T03:26:24.898+0530][0.289s][debug][gc,nmethod  ] Register NMethod: java.lang.StringLatin1.writeDigitPair (0x0000029cc21cdf88) [0x0000029cc21ce0a0, 0x0000029cc21ce270] Compiler: c1, Barriers: 0, Oops: 0, ImmediateOops: 1, NonImmediateOops: No
[2024-10-26T03:26:24.898+0530][0.289s][debug][gc,nmethod  ] Register NMethod: java.lang.invoke.DirectMethodHandle$Holder.newInvokeSpecial (0x0000029cc9bba108) [0x0000029cc9bba240, 0x0000029cc9bba520] Compiler: c2, Barriers: 2, Oops: 1, ImmediateOops: 0, NonImmediateOops: No
[2024-10-26T03:26:24.899+0530][0.290s][debug][gc,nmethod  ] Register NMethod: jdk.jfr.internal.PrivateAccess.getInstance (0x0000029cc9bba588) [0x0000029cc9bba680, 0x0000029cc9bba760] Compiler: c2, Barriers: 2, Oops: 0, ImmediateOops: 1, NonImmediateOops: No
[2024-10-26T03:26:24.899+0530][0.290s][debug][gc,nmethod  ] Register NMethod: jdk.jfr.internal.Type.setAnnotations (0x0000029cc21ce288) [0x0000029cc21ce3c0, 0x0000029cc21ce670] Compiler: c1, Barriers: 4, Oops: 0, ImmediateOops: 0, NonImmediateOops: No
[2024-10-26T03:26:24.899+0530][0.290s][debug][gc,nmethod  ] Register NMethod: jdk.jfr.internal.Type.getField (0x0000029cc21ce708) [0x0000029cc21ce960, 0x0000029cc21cf6e8] Compiler: c1, Barriers: 4, Oops: 0, ImmediateOops: 4, NonImmediateOops: No
[2024-10-26T03:26:24.899+0530][0.290s][debug][gc,nmethod  ] Register NMethod: java.util.ArrayList.remove (0x0000029cc21cf788) [0x0000029cc21cf900, 0x0000029cc21cfe58] Compiler: c1, Barriers: 3, Oops: 0, ImmediateOops: 0, NonImmediateOops: No
[2024-10-26T03:26:24.899+0530][0.290s][debug][gc,nmethod  ] Register NMethod: jdk.internal.util.DecimalDigits.digitPair (0x0000029cc21cfe88) [0x0000029cc21cffa0, 0x0000029cc21d00c0] Compiler: c1, Barriers: 0, Oops: 0, ImmediateOops: 1, NonImmediateOops: No
[2024-10-26T03:26:24.899+0530][0.290s][debug][gc,nmethod  ] Register NMethod: jdk.jfr.internal.AnnotationConstruct.setAnnotationElements (0x0000029cc21d0188) [0x0000029cc21d02c0, 0x0000029cc21d04d0] Compiler: c1, Barriers: 3, Oops: 0, ImmediateOops: 0, NonImmediateOops: No
[2024-10-26T03:26:24.899+0530][0.290s][debug][gc,nmethod  ] Register NMethod: jdk.jfr.internal.PlatformEventType.setHasCutoff (0x0000029cc9bba888) [0x0000029cc9bba9a0, 0x0000029cc9bbaa70] Compiler: c1, Barriers: 0, Oops: 0, ImmediateOops: 0, NonImmediateOops: No
[2024-10-26T03:26:24.899+0530][0.290s][debug][gc,nmethod  ] Register NMethod: jdk.jfr.internal.PlatformEventType.setHasThrottle (0x0000029cc9bbab88) [0x0000029cc9bbaca0, 0x0000029cc9bbad70] Compiler: c1, Barriers: 0, Oops: 0, ImmediateOops: 0, NonImmediateOops: No
[2024-10-26T03:26:24.900+0530][0.290s][debug][gc,nmethod  ] Register NMethod: jdk.jfr.internal.PlatformEventType.setHasLevel (0x0000029cc9bbae88) [0x0000029cc9bbafa0, 0x0000029cc9bbb070] Compiler: c1, Barriers: 0, Oops: 0, ImmediateOops: 0, NonImmediateOops: No
[2024-10-26T03:26:24.900+0530][0.290s][debug][gc,nmethod  ] Register NMethod: jdk.jfr.internal.PlatformEventType.setHasPeriod (0x0000029cc9bbb188) [0x0000029cc9bbb2a0, 0x0000029cc9bbb370] Compiler: c1, Barriers: 0, Oops: 0, ImmediateOops: 0, NonImmediateOops: No
[2024-10-26T03:26:24.900+0530][0.291s][debug][gc,nmethod  ] Register NMethod: java.util.ArrayList.get (0x0000029cc9bbb488) [0x0000029cc9bbb5a0, 0x0000029cc9bbb730] Compiler: c2, Barriers: 2, Oops: 0, ImmediateOops: 0, NonImmediateOops: No
[2024-10-26T03:26:24.900+0530][0.291s][debug][gc,nmethod  ] Register NMethod: jdk.jfr.internal.PlatformEventType.hasCutoff (0x0000029cc9bbb788) [0x0000029cc9bbb8a0, 0x0000029cc9bbb970] Compiler: c1, Barriers: 0, Oops: 0, ImmediateOops: 0, NonImmediateOops: No
[2024-10-26T03:26:24.900+0530][0.291s][debug][gc,nmethod  ] Register NMethod: jdk.jfr.internal.PlatformEventType.hasThrottle (0x0000029cc9bbba88) [0x0000029cc9bbbba0, 0x0000029cc9bbbc70] Compiler: c1, Barriers: 0, Oops: 0, ImmediateOops: 0, NonImmediateOops: No
[2024-10-26T03:26:24.900+0530][0.291s][debug][gc,nmethod  ] Register NMethod: jdk.jfr.internal.PlatformEventType.hasLevel (0x0000029cc9bbbd88) [0x0000029cc9bbbea0, 0x0000029cc9bbbf70] Compiler: c1, Barriers: 0, Oops: 0, ImmediateOops: 0, NonImmediateOops: No
[2024-10-26T03:26:24.901+0530][0.291s][debug][gc,nmethod  ] Register NMethod: java.util.ArrayList.<init> (0x0000029cc9bbc088) [0x0000029cc9bbc180, 0x0000029cc9bbc2a0] Compiler: c2, Barriers: 3, Oops: 0, ImmediateOops: 1, NonImmediateOops: No
[2024-10-26T03:26:24.901+0530][0.292s][debug][gc,nmethod  ] Register NMethod: java.lang.invoke.MemberName.getReferenceKind (0x0000029cc9bbc388) [0x0000029cc9bbc480, 0x0000029cc9bbc500] Compiler: c2, Barriers: 0, Oops: 0, ImmediateOops: 0, NonImmediateOops: No
[2024-10-26T03:26:24.901+0530][0.292s][debug][gc,nmethod  ] Register NMethod: jdk.jfr.internal.Type.getKnownType (0x0000029cc9bbc688) [0x0000029cc9bbc7e0, 0x0000029cc9bbccf8] Compiler: c2, Barriers: 11, Oops: 2, ImmediateOops: 3, NonImmediateOops: No
[2024-10-26T03:26:24.902+0530][0.293s][debug][gc,nmethod  ] Register NMethod: java.lang.ref.ReferenceQueue.poll (0x0000029cc21d0508) [0x0000029cc21d0700, 0x0000029cc21d1308] Compiler: c1, Barriers: 9, Oops: 0, ImmediateOops: 0, NonImmediateOops: No
[2024-10-26T03:26:24.902+0530][0.293s][debug][gc,nmethod  ] Register NMethod: java.lang.invoke.MemberName.isVarargs (0x0000029cc21d1388) [0x0000029cc21d14c0, 0x0000029cc21d1808] Compiler: c1, Barriers: 0, Oops: 0, ImmediateOops: 0, NonImmediateOops: No
[2024-10-26T03:26:24.902+0530][0.293s][debug][gc,nmethod  ] Register NMethod: java.lang.invoke.MethodType.changeReturnType (0x0000029cc21d1888) [0x0000029cc21d19c0, 0x0000029cc21d1be0] Compiler: c1, Barriers: 2, Oops: 0, ImmediateOops: 0, NonImmediateOops: No
[2024-10-26T03:26:24.902+0530][0.293s][debug][gc,nmethod  ] Register NMethod: java.lang.invoke.MethodHandle.setVarargs (0x0000029cc21d1c08) [0x0000029cc21d1e40, 0x0000029cc21d29f8] Compiler: c1, Barriers: 0, Oops: 2, ImmediateOops: 4, NonImmediateOops: No
[2024-10-26T03:26:24.903+0530][0.294s][debug][gc,nmethod  ] Register NMethod: java.lang.Module.isStaticallyExportedOrOpen (0x0000029cc21d2a88) [0x0000029cc21d2c20, 0x0000029cc21d32e8] Compiler: c1, Barriers: 2, Oops: 0, ImmediateOops: 0, NonImmediateOops: No
[2024-10-26T03:26:24.904+0530][0.294s][debug][gc,nmethod  ] Register NMethod: java.lang.WeakPairMap$Pair.hashCode (0x0000029cc21d3308) [0x0000029cc21d3440, 0x0000029cc21d3590] Compiler: c1, Barriers: 0, Oops: 0, ImmediateOops: 0, NonImmediateOops: No
[2024-10-26T03:26:24.904+0530][0.294s][debug][gc,nmethod  ] Register NMethod: java.lang.WeakPairMap.expungeStaleAssociations (0x0000029cc21d3608) [0x0000029cc21d3780, 0x0000029cc21d3cd8] Compiler: c1, Barriers: 2, Oops: 0, ImmediateOops: 0, NonImmediateOops: No
[2024-10-26T03:26:24.904+0530][0.295s][debug][gc,nmethod  ] Register NMethod: java.lang.Class.getAnnotation (0x0000029cc21d3d08) [0x0000029cc21d3e60, 0x0000029cc21d42f8] Compiler: c1, Barriers: 1, Oops: 0, ImmediateOops: 0, NonImmediateOops: No
[2024-10-26T03:26:24.904+0530][0.295s][debug][gc,nmethod  ] Register NMethod: java.lang.classfile.constantpool.LoadableConstantEntry.typeKind (0x0000029cc21d4388) [0x0000029cc21d44a0, 0x0000029cc21d45b8] Compiler: c1, Barriers: 0, Oops: 0, ImmediateOops: 1, NonImmediateOops: No
[2024-10-26T03:26:24.905+0530][0.296s][debug][gc,nmethod  ] Register NMethod: java.lang.PublicMethods$MethodList.getMostSpecific (0x0000029cc21d4688) [0x0000029cc21d47e0, 0x0000029cc21d4bd8] Compiler: c1, Barriers: 6, Oops: 0, ImmediateOops: 0, NonImmediateOops: No
[2024-10-26T03:26:24.905+0530][0.296s][debug][gc,nmethod  ] Register NMethod: java.lang.invoke.BoundMethodHandle.<init> (0x0000029cc21d4c08) [0x0000029cc21d4d20, 0x0000029cc21d4e80] Compiler: c1, Barriers: 0, Oops: 0, ImmediateOops: 0, NonImmediateOops: No
[2024-10-26T03:26:24.905+0530][0.296s][debug][gc,nmethod  ] Register NMethod: java.lang.WeakPairMap$Pair$Lookup.hashCode (0x0000029cc21d4f08) [0x0000029cc21d5040, 0x0000029cc21d5278] Compiler: c1, Barriers: 2, Oops: 0, ImmediateOops: 0, NonImmediateOops: No
[2024-10-26T03:26:24.905+0530][0.296s][debug][gc,nmethod  ] Register NMethod: java.lang.WeakPairMap$Pair$Lookup.<init> (0x0000029cc21d5308) [0x0000029cc21d5480, 0x0000029cc21d5970] Compiler: c1, Barriers: 6, Oops: 0, ImmediateOops: 0, NonImmediateOops: No
[2024-10-26T03:26:24.905+0530][0.296s][debug][gc,nmethod  ] Register NMethod: java.lang.WeakPairMap$Pair.lookup (0x0000029cc21d5a08) [0x0000029cc21d5b80, 0x0000029cc21d6118] Compiler: c1, Barriers: 6, Oops: 0, ImmediateOops: 0, NonImmediateOops: No
[2024-10-26T03:26:24.906+0530][0.297s][debug][gc,nmethod  ] Register NMethod: jdk.internal.classfile.impl.DirectCodeBuilder.writeBytecode (0x0000029cc9bbce08) [0x0000029cc9bbcf40, 0x0000029cc9bbd2a0] Compiler: c2, Barriers: 5, Oops: 0, ImmediateOops: 0, NonImmediateOops: No
[2024-10-26T03:26:24.906+0530][0.297s][debug][gc,nmethod  ] Register NMethod: java.lang.classfile.ClassBuilder.withMethod (0x0000029cc21d6188) [0x0000029cc21d6320, 0x0000029cc21d6988] Compiler: c1, Barriers: 2, Oops: 0, ImmediateOops: 0, NonImmediateOops: No
[2024-10-26T03:26:24.906+0530][0.297s][debug][gc,nmethod  ] Register NMethod: java.lang.CharSequence.isEmpty (0x0000029cc21d6a08) [0x0000029cc21d6b40, 0x0000029cc21d6d58] Compiler: c1, Barriers: 0, Oops: 0, ImmediateOops: 0, NonImmediateOops: No
[2024-10-26T03:26:24.906+0530][0.297s][debug][gc,nmethod  ] Register NMethod: java.util.BitSet.ensureCapacity (0x0000029cc21d6d88) [0x0000029cc21d6ec0, 0x0000029cc21d7190] Compiler: c1, Barriers: 4, Oops: 0, ImmediateOops: 0, NonImmediateOops: No
[2024-10-26T03:26:24.906+0530][0.297s][debug][gc,nmethod  ] Register NMethod: jdk.internal.classfile.impl.EntryMap.put (0x0000029cc9bbd308) [0x0000029cc9bbd440, 0x0000029cc9bbd7b8] Compiler: c2, Barriers: 1, Oops: 0, ImmediateOops: 0, NonImmediateOops: No
[2024-10-26T03:26:24.907+0530][0.297s][debug][gc,director ] Rule Major: Warmup 10%, Used: 20MB, UsedThreshold: 204MB
[2024-10-26T03:26:24.907+0530][0.297s][debug][gc,nmethod  ] Register NMethod: jdk.internal.classfile.impl.UnboundAttribute$UnboundStackMapTableAttribute.entries (0x0000029cc9bbd808) [0x0000029cc9bbd920, 0x0000029cc9bbda18] Compiler: c1, Barriers: 1, Oops: 0, ImmediateOops: 0, NonImmediateOops: No
[2024-10-26T03:26:24.907+0530][0.298s][debug][gc,nmethod  ] Register NMethod: jdk.internal.classfile.impl.AbstractPoolEntry$Utf8EntryImpl.charAt (0x0000029cc21d7208) [0x0000029cc21d73c0, 0x0000029cc21d7c00] Compiler: c1, Barriers: 6, Oops: 1, ImmediateOops: 4, NonImmediateOops: No
[2024-10-26T03:26:24.907+0530][0.298s][debug][gc,nmethod  ] Register NMethod: jdk.internal.classfile.impl.DirectCodeBuilder.methodInfo (0x0000029cc9bbdb08) [0x0000029cc9bbdc20, 0x0000029cc9bbdd18] Compiler: c1, Barriers: 1, Oops: 0, ImmediateOops: 0, NonImmediateOops: No
[2024-10-26T03:26:24.907+0530][0.298s][debug][gc,nmethod  ] Register NMethod: java.util.TreeMap.size (0x0000029cc9bbde08) [0x0000029cc9bbdf20, 0x0000029cc9bbdfe8] Compiler: c1, Barriers: 0, Oops: 0, ImmediateOops: 0, NonImmediateOops: No
[2024-10-26T03:26:24.907+0530][0.298s][debug][gc,nmethod  ] Register NMethod: java.lang.WeakPairMap$Pair$Weak.first (0x0000029cc21d7c88) [0x0000029cc21d7da0, 0x0000029cc21d7f78] Compiler: c1, Barriers: 2, Oops: 0, ImmediateOops: 0, NonImmediateOops: No
[2024-10-26T03:26:24.907+0530][0.298s][debug][gc,nmethod  ] Rebuilding NMethod Table: 2048->4096 entries, 1434(70%->35%) registered, 0(0%->0%) unregistered
[2024-10-26T03:26:24.907+0530][0.298s][debug][gc,nmethod  ] Register NMethod: java.lang.WeakPairMap$Pair$Weak.second (0x0000029cc21d8008) [0x0000029cc21d8120, 0x0000029cc21d8338] Compiler: c1, Barriers: 3, Oops: 0, ImmediateOops: 0, NonImmediateOops: No
[2024-10-26T03:26:24.908+0530][0.298s][debug][gc,nmethod  ] Register NMethod: java.lang.invoke.MethodHandle.keepsAlive (0x0000029cc21d8388) [0x0000029cc21d8560, 0x0000029cc21d8f50] Compiler: c1, Barriers: 1, Oops: 0, ImmediateOops: 6, NonImmediateOops: No
[2024-10-26T03:26:24.908+0530][0.299s][debug][gc,nmethod  ] Register NMethod: java.util.HashMap.getNode (0x0000029cc9bbe108) [0x0000029cc9bbe240, 0x0000029cc9bbe6a0] Compiler: c2, Barriers: 6, Oops: 0, ImmediateOops: 0, NonImmediateOops: No
[2024-10-26T03:26:24.908+0530][0.299s][debug][gc,nmethod  ] Register NMethod: java.lang.WeakPairMap$Pair.equals (0x0000029cc21d9008) [0x0000029cc21d9140, 0x0000029cc21d94a8] Compiler: c1, Barriers: 0, Oops: 0, ImmediateOops: 0, NonImmediateOops: No
[2024-10-26T03:26:24.908+0530][0.299s][debug][gc,nmethod  ] Register NMethod: java.lang.WeakPairMap$Pair$Lookup.equals (0x0000029cc21d9508) [0x0000029cc21d9660, 0x0000029cc21d9d08] Compiler: c1, Barriers: 2, Oops: 0, ImmediateOops: 0, NonImmediateOops: No
[2024-10-26T03:26:24.909+0530][0.299s][debug][gc,nmethod  ] Register NMethod: java.security.AccessControlContext.combine (0x0000029cc21d9d88) [0x0000029cc21d9f40, 0x0000029cc21daa50] Compiler: c1, Barriers: 5, Oops: 0, ImmediateOops: 0, NonImmediateOops: No
[2024-10-26T03:26:24.909+0530][0.300s][debug][gc,nmethod  ] Register NMethod: java.lang.AbstractStringBuilder.append (0x0000029cc9bbe708) [0x0000029cc9bbe860, 0x0000029cc9bbefe0] Compiler: c2, Barriers: 7, Oops: 0, ImmediateOops: 0, NonImmediateOops: No
[2024-10-26T03:26:24.909+0530][0.300s][debug][gc,nmethod  ] Register NMethod: java.lang.Class.getConstantPool (0x0000029cc9bbf088) [0x0000029cc9bbf1c0, 0x0000029cc9bbf5d8] Compiler: , Barriers: 0, Oops: 0, ImmediateOops: 0, NonImmediateOops: No
[2024-10-26T03:26:24.909+0530][0.300s][debug][gc,nmethod  ] Register NMethod: jdk.jfr.FlightRecorderPermission$InternalAccess.getType (0x0000029cc21a2688) [0x0000029cc21a28e0, 0x0000029cc21a3b30] Compiler: c1, Barriers: 3, Oops: 1, ImmediateOops: 3, NonImmediateOops: No
[2024-10-26T03:26:24.909+0530][0.300s][debug][gc,nmethod  ] Register NMethod: jdk.jfr.FlightRecorderPermission$InternalAccess.getType (0x0000029cc21a2688) [0x0000029cc21a28e0, 0x0000029cc21a3b30] Compiler: c1, Barriers: 3, Oops: 1, ImmediateOops: 3, NonImmediateOops: No
[2024-10-26T03:26:24.909+0530][0.300s][debug][gc,nmethod  ] Register NMethod: java.lang.reflect.Modifier.isPrivate (0x0000029cc21daa88) [0x0000029cc21daba0, 0x0000029cc21dacd8] Compiler: c1, Barriers: 0, Oops: 0, ImmediateOops: 0, NonImmediateOops: No
[2024-10-26T03:26:24.910+0530][0.301s][debug][gc,nmethod  ] Register NMethod: jdk.internal.classfile.impl.SplitConstantPool.internalAdd (0x0000029cc9bbf608) [0x0000029cc9bbf780, 0x0000029cc9bbfda8] Compiler: c2, Barriers: 5, Oops: 0, ImmediateOops: 0, NonImmediateOops: No
[2024-10-26T03:26:24.910+0530][0.301s][debug][gc,nmethod  ] Register NMethod: java.util.ArrayList.addAll (0x0000029cc21dad88) [0x0000029cc21daee0, 0x0000029cc21db3a0] Compiler: c1, Barriers: 1, Oops: 0, ImmediateOops: 0, NonImmediateOops: No
[2024-10-26T03:26:24.910+0530][0.301s][debug][gc,nmethod  ] Register NMethod: java.lang.reflect.Method.getRoot (0x0000029cc9bbfe08) [0x0000029cc9bbff20, 0x0000029cc9bc0020] Compiler: c1, Barriers: 1, Oops: 0, ImmediateOops: 0, NonImmediateOops: No
[2024-10-26T03:26:24.910+0530][0.301s][debug][gc,nmethod  ] Register NMethod: java.lang.WeakPairMap.get (0x0000029cc21db408) [0x0000029cc21db600, 0x0000029cc21dc188] Compiler: c1, Barriers: 9, Oops: 0, ImmediateOops: 0, NonImmediateOops: No
[2024-10-26T03:26:24.911+0530][0.302s][debug][gc,nmethod  ] Register NMethod: java.lang.Module.implIsExportedOrOpen (0x0000029cc21dc208) [0x0000029cc21dc3c0, 0x0000029cc21dcb80] Compiler: c1, Barriers: 5, Oops: 0, ImmediateOops: 0, NonImmediateOops: No
[2024-10-26T03:26:24.911+0530][0.302s][debug][gc,nmethod  ] Register NMethod: java.security.AccessController.getStackAccessControlContext (0x0000029cc9bc0108) [0x0000029cc9bc0240, 0x0000029cc9bc0660] Compiler: , Barriers: 0, Oops: 0, ImmediateOops: 1, NonImmediateOops: No
[2024-10-26T03:26:24.911+0530][0.302s][debug][gc,nmethod  ] Register NMethod: java.lang.Class.getMethod0 (0x0000029cc21dcc08) [0x0000029cc21dcd40, 0x0000029cc21dcf58] Compiler: c1, Barriers: 0, Oops: 0, ImmediateOops: 1, NonImmediateOops: No
[2024-10-26T03:26:24.911+0530][0.302s][debug][gc,nmethod  ] Register NMethod: java.lang.Class.getMethod (0x0000029cc21dcf88) [0x0000029cc21dd1c0, 0x0000029cc21dddc8] Compiler: c1, Barriers: 5, Oops: 0, ImmediateOops: 2, NonImmediateOops: No
[2024-10-26T03:26:24.911+0530][0.302s][debug][gc,nmethod  ] Register NMethod: java.util.Collections$EmptyMap.get (0x0000029cc9bc0688) [0x0000029cc9bc07a0, 0x0000029cc9bc0870] Compiler: c1, Barriers: 0, Oops: 0, ImmediateOops: 0, NonImmediateOops: No
[2024-10-26T03:26:24.912+0530][0.302s][debug][gc,nmethod  ] Register NMethod: java.lang.Long.valueOf (0x0000029cc9bc0988) [0x0000029cc9bc0aa0, 0x0000029cc9bc0c48] Compiler: c2, Barriers: 1, Oops: 1, ImmediateOops: 1, NonImmediateOops: No
[2024-10-26T03:26:24.912+0530][0.303s][debug][gc,nmethod  ] Register NMethod: java.util.ArrayList.trimToSize (0x0000029cc21dde88) [0x0000029cc21ddfe0, 0x0000029cc21de320] Compiler: c1, Barriers: 5, Oops: 0, ImmediateOops: 1, NonImmediateOops: No
[2024-10-26T03:26:24.912+0530][0.303s][debug][gc,nmethod  ] Register NMethod: java.io.DataInputStream.readUTF (0x0000029cc9bc0c88) [0x0000029cc9bc1120, 0x0000029cc9bc61a0] Compiler: c2, Barriers: 78, Oops: 4, ImmediateOops: 9, NonImmediateOops: No
[2024-10-26T03:26:24.912+0530][0.303s][debug][gc,nmethod  ] Register NMethod: jdk.internal.misc.VM.isSystemDomainLoader (0x0000029cc21de388) [0x0000029cc21de4c0, 0x0000029cc21de820] Compiler: c1, Barriers: 0, Oops: 0, ImmediateOops: 1, NonImmediateOops: No
[2024-10-26T03:26:24.912+0530][0.303s][debug][gc,nmethod  ] Register NMethod: java.security.AccessController.getProtectionDomain (0x0000029cc9bc6408) [0x0000029cc9bc6540, 0x0000029cc9bc6978] Compiler: , Barriers: 0, Oops: 0, ImmediateOops: 1, NonImmediateOops: No
[2024-10-26T03:26:24.912+0530][0.303s][debug][gc,nmethod  ] Register NMethod: jdk.jfr.internal.Type.<init> (0x0000029cc21de888) [0x0000029cc21dea60, 0x0000029cc21df1a8] Compiler: c1, Barriers: 0, Oops: 1, ImmediateOops: 2, NonImmediateOops: No
[2024-10-26T03:26:24.913+0530][0.304s][debug][gc,nmethod  ] Register NMethod: java.lang.reflect.Executable.declaredAnnotations (0x0000029cc21df208) [0x0000029cc21df3e0, 0x0000029cc21dfe08] Compiler: c1, Barriers: 6, Oops: 0, ImmediateOops: 1, NonImmediateOops: No
[2024-10-26T03:26:24.913+0530][0.304s][debug][gc,nmethod  ] Register NMethod: java.lang.reflect.Field.getType (0x0000029cc9bc6988) [0x0000029cc9bc6aa0, 0x0000029cc9bc6b98] Compiler: c1, Barriers: 1, Oops: 0, ImmediateOops: 0, NonImmediateOops: No
[2024-10-26T03:26:24.913+0530][0.304s][debug][gc,nmethod  ] Register NMethod: jdk.jfr.internal.TypeLibrary.shouldPersist (0x0000029cc21dfe88) [0x0000029cc21dffe0, 0x0000029cc21e0460] Compiler: c1, Barriers: 1, Oops: 1, ImmediateOops: 2, NonImmediateOops: No
[2024-10-26T03:26:24.914+0530][0.304s][debug][gc,nmethod  ] Register NMethod: java.lang.Class.annotationData (0x0000029cc21e0488) [0x0000029cc21e05e0, 0x0000029cc21e08e0] Compiler: c1, Barriers: 1, Oops: 0, ImmediateOops: 0, NonImmediateOops: No
[2024-10-26T03:26:24.914+0530][0.305s][debug][gc,nmethod  ] Register NMethod: java.lang.Class.cast (0x0000029cc9bc6c88) [0x0000029cc9bc6d80, 0x0000029cc9bc6e88] Compiler: c2, Barriers: 0, Oops: 0, ImmediateOops: 0, NonImmediateOops: No
[2024-10-26T03:26:24.914+0530][0.305s][debug][gc,nmethod  ] Register NMethod: java.lang.StrictMath.floorOrCeil (0x0000029cc21e0908) [0x0000029cc21e0a60, 0x0000029cc21e0ea8] Compiler: c1, Barriers: 0, Oops: 0, ImmediateOops: 0, NonImmediateOops: No
[2024-10-26T03:26:24.914+0530][0.305s][debug][gc,nmethod  ] Register NMethod: java.lang.Math.getExponent (0x0000029cc21e0f08) [0x0000029cc21e1020, 0x0000029cc21e1148] Compiler: c1, Barriers: 0, Oops: 0, ImmediateOops: 0, NonImmediateOops: No
[2024-10-26T03:26:24.914+0530][0.305s][debug][gc,nmethod  ] Register NMethod: jdk.jfr.internal.TypeLibrary.createAnnotationType (0x0000029cc21e1208) [0x0000029cc21e1660, 0x0000029cc21e3b80] Compiler: c1, Barriers: 20, Oops: 2, ImmediateOops: 12, NonImmediateOops: No
[2024-10-26T03:26:24.914+0530][0.305s][debug][gc,nmethod  ] Register NMethod: java.lang.reflect.Modifier.isTransient (0x0000029cc21e3c88) [0x0000029cc21e3da0, 0x0000029cc21e3ee0] Compiler: c1, Barriers: 0, Oops: 0, ImmediateOops: 0, NonImmediateOops: No
[2024-10-26T03:26:24.915+0530][0.306s][debug][gc,nmethod  ] Register NMethod: java.lang.reflect.Field.getModifiers (0x0000029cc9bc6f88) [0x0000029cc9bc70a0, 0x0000029cc9bc7168] Compiler: c1, Barriers: 0, Oops: 0, ImmediateOops: 0, NonImmediateOops: No
[2024-10-26T03:26:24.915+0530][0.306s][debug][gc,nmethod  ] Register NMethod: java.lang.Long.equals (0x0000029cc9bc7288) [0x0000029cc9bc73a0, 0x0000029cc9bc7490] Compiler: c2, Barriers: 0, Oops: 0, ImmediateOops: 0, NonImmediateOops: No
[2024-10-26T03:26:24.915+0530][0.306s][debug][gc,nmethod  ] Register NMethod: java.lang.reflect.Field.getName (0x0000029cc9bc7588) [0x0000029cc9bc76a0, 0x0000029cc9bc7798] Compiler: c1, Barriers: 1, Oops: 0, ImmediateOops: 0, NonImmediateOops: No
[2024-10-26T03:26:24.916+0530][0.307s][debug][gc,nmethod  ] Register NMethod: java.lang.Long.hashCode (0x0000029cc9bc7888) [0x0000029cc9bc7980, 0x0000029cc9bc7a08] Compiler: c2, Barriers: 0, Oops: 0, ImmediateOops: 0, NonImmediateOops: No
[2024-10-26T03:26:24.916+0530][0.307s][debug][gc,nmethod  ] Register NMethod: jdk.jfr.internal.TypeLibrary$$Lambda/0x000002a0d4015f28.test (0x0000029cc21e3f88) [0x0000029cc21e40e0, 0x0000029cc21e45b0] Compiler: c1, Barriers: 0, Oops: 1, ImmediateOops: 1, NonImmediateOops: No
[2024-10-26T03:26:24.916+0530][0.307s][debug][gc,nmethod  ] Register NMethod: jdk.jfr.internal.TypeLibrary.lambda$addTypes$7 (0x0000029cc21e4608) [0x0000029cc21e4740, 0x0000029cc21e4ab8] Compiler: c1, Barriers: 0, Oops: 1, ImmediateOops: 1, NonImmediateOops: No
[2024-10-26T03:26:24.917+0530][0.308s][debug][gc,nmethod  ] Register NMethod: java.lang.Module.isReflectivelyExportedOrOpen (0x0000029cc21e4b08) [0x0000029cc21e4f20, 0x0000029cc21e75a8] Compiler: c1, Barriers: 19, Oops: 4, ImmediateOops: 17, NonImmediateOops: No
[2024-10-26T03:26:24.917+0530][0.308s][debug][gc,nmethod  ] Register NMethod: jdk.jfr.internal.TypeLibrary.isDefined (0x0000029cc21e7688) [0x0000029cc21e7800, 0x0000029cc21e7c40] Compiler: c1, Barriers: 0, Oops: 1, ImmediateOops: 1, NonImmediateOops: No
[2024-10-26T03:26:24.918+0530][0.309s][debug][gc,nmethod  ] Register NMethod: java.lang.Module.isExported (0x0000029cc21e7c88) [0x0000029cc21e7de0, 0x0000029cc21e81d0] Compiler: c1, Barriers: 0, Oops: 0, ImmediateOops: 0, NonImmediateOops: No
[2024-10-26T03:26:24.918+0530][0.309s][debug][gc,nmethod  ] Register NMethod: java.lang.Module.implAddExportsOrOpens (0x0000029cc21e8208) [0x0000029cc21e8520, 0x0000029cc21e9928] Compiler: c1, Barriers: 4, Oops: 5, ImmediateOops: 9, NonImmediateOops: No
[2024-10-26T03:26:24.919+0530][0.309s][debug][gc,nmethod  ] Register NMethod: sun.reflect.annotation.AnnotationParser$1.run (0x0000029cc21e9a08) [0x0000029cc21e9b80, 0x0000029cc21ea2b8] Compiler: c1, Barriers: 6, Oops: 0, ImmediateOops: 0, NonImmediateOops: No
[2024-10-26T03:26:24.919+0530][0.310s][debug][gc,nmethod  ] Register NMethod: jdk.proxy1.$Proxy6.annotationType (0x0000029cc21ea308) [0x0000029cc21ea460, 0x0000029cc21ea7d8] Compiler: c1, Barriers: 1, Oops: 0, ImmediateOops: 1, NonImmediateOops: No
[2024-10-26T03:26:24.919+0530][0.310s][debug][gc,nmethod  ] Register NMethod: java.util.HashMap.hash (0x0000029cc9bc7b88) [0x0000029cc9bc7c80, 0x0000029cc9bc7d70] Compiler: c2, Barriers: 0, Oops: 0, ImmediateOops: 0, NonImmediateOops: No
[2024-10-26T03:26:24.919+0530][0.310s][debug][gc,nmethod  ] Register NMethod: java.util.HashMap.put (0x0000029cc9bc7e88) [0x0000029cc9bc8100, 0x0000029cc9bc9520] Compiler: c2, Barriers: 57, Oops: 0, ImmediateOops: 0, NonImmediateOops: No
[2024-10-26T03:26:24.919+0530][0.310s][debug][gc,nmethod  ] Register NMethod: java.lang.reflect.Method.getRoot (0x0000029cc21ea808) [0x0000029cc21ea920, 0x0000029cc21eaa78] Compiler: c1, Barriers: 1, Oops: 0, ImmediateOops: 0, NonImmediateOops: No
[2024-10-26T03:26:24.920+0530][0.311s][debug][gc,nmethod  ] Register NMethod: java.lang.reflect.Constructor.newInstance (0x0000029cc21eab08) [0x0000029cc21eac40, 0x0000029cc21eae70] Compiler: c1, Barriers: 0, Oops: 0, ImmediateOops: 0, NonImmediateOops: No
[2024-10-26T03:26:24.920+0530][0.311s][debug][gc,nmethod  ] Register NMethod: jdk.internal.module.Modules.addExports (0x0000029cc21eae88) [0x0000029cc21eafc0, 0x0000029cc21eb150] Compiler: c1, Barriers: 0, Oops: 0, ImmediateOops: 1, NonImmediateOops: No
[2024-10-26T03:26:24.920+0530][0.311s][debug][gc,nmethod  ] Register NMethod: java.lang.System$2.addExports (0x0000029cc21eb188) [0x0000029cc21eb2a0, 0x0000029cc21eb3f0] Compiler: c1, Barriers: 0, Oops: 0, ImmediateOops: 0, NonImmediateOops: No
[2024-10-26T03:26:24.920+0530][0.311s][debug][gc,nmethod  ] Register NMethod: java.util.HashMap.putVal (0x0000029cc9bc9608) [0x0000029cc9bc9880, 0x0000029cc9bcac40] Compiler: c2, Barriers: 57, Oops: 0, ImmediateOops: 0, NonImmediateOops: No
[2024-10-26T03:26:24.920+0530][0.311s][debug][gc,nmethod  ] Register NMethod: java.lang.Module.implAddExports (0x0000029cc21eb488) [0x0000029cc21eb5a0, 0x0000029cc21eb6e8] Compiler: c1, Barriers: 0, Oops: 0, ImmediateOops: 0, NonImmediateOops: No
[2024-10-26T03:26:24.920+0530][0.311s][debug][gc,nmethod  ] Register NMethod: jdk.internal.reflect.DirectConstructorHandleAccessor.invokeImpl (0x0000029cc21eb788) [0x0000029cc21eba60, 0x0000029cc21ed230] Compiler: c1, Barriers: 17, Oops: 2, ImmediateOops: 4, NonImmediateOops: No
[2024-10-26T03:26:24.921+0530][0.311s][debug][gc,nmethod  ] Register NMethod: java.security.AccessController.getContext (0x0000029cc21ed288) [0x0000029cc21ed3e0, 0x0000029cc21ed6b8] Compiler: c1, Barriers: 0, Oops: 0, ImmediateOops: 0, NonImmediateOops: No
[2024-10-26T03:26:24.921+0530][0.312s][debug][gc,nmethod  ] Register NMethod: jdk.internal.reflect.DirectConstructorHandleAccessor.newInstance (0x0000029cc21ed708) [0x0000029cc21edb60, 0x0000029cc21effc8] Compiler: c1, Barriers: 17, Oops: 4, ImmediateOops: 10, NonImmediateOops: No
[2024-10-26T03:26:24.921+0530][0.312s][debug][gc,nmethod  ] Register NMethod: java.security.AccessControlContext.calculateFields (0x0000029cc21f0088) [0x0000029cc21f0200, 0x0000029cc21f06d8] Compiler: c1, Barriers: 12, Oops: 0, ImmediateOops: 0, NonImmediateOops: No
[2024-10-26T03:26:24.921+0530][0.312s][debug][gc,nmethod  ] Register NMethod: java.security.AccessController.checkContext (0x0000029cc21f0708) [0x0000029cc21f0820, 0x0000029cc21f09f8] Compiler: c1, Barriers: 0, Oops: 0, ImmediateOops: 0, NonImmediateOops: No
[2024-10-26T03:26:24.921+0530][0.312s][debug][gc,nmethod  ] Register NMethod: java.security.AccessControlContext.optimize (0x0000029cc21f0a88) [0x0000029cc21f0d40, 0x0000029cc21f1e58] Compiler: c1, Barriers: 24, Oops: 1, ImmediateOops: 7, NonImmediateOops: No
[2024-10-26T03:26:24.922+0530][0.313s][debug][gc,nmethod  ] Register NMethod: java.lang.ref.Reference.<init> (0x0000029cc21f1e88) [0x0000029cc21f1fc0, 0x0000029cc21f22a0] Compiler: c1, Barriers: 6, Oops: 0, ImmediateOops: 1, NonImmediateOops: No
[2024-10-26T03:26:24.922+0530][0.313s][debug][gc,nmethod  ] Register NMethod: java.util.List.of (0x0000029cc21f2308) [0x0000029cc21f2480, 0x0000029cc21f29f0] Compiler: c1, Barriers: 6, Oops: 0, ImmediateOops: 1, NonImmediateOops: No
[2024-10-26T03:26:24.922+0530][0.313s][debug][gc,nmethod  ] Register NMethod: java.lang.reflect.Proxy.getProxyConstructor (0x0000029cc21f2a88) [0x0000029cc21f2d20, 0x0000029cc21f4338] Compiler: c1, Barriers: 19, Oops: 3, ImmediateOops: 5, NonImmediateOops: No
[2024-10-26T03:26:24.922+0530][0.313s][debug][gc,nmethod  ] Register NMethod: java.lang.classfile.CodeBuilder.invokevirtual (0x0000029cc21f4408) [0x0000029cc21f4520, 0x0000029cc21f46f8] Compiler: c1, Barriers: 0, Oops: 0, ImmediateOops: 1, NonImmediateOops: No
[2024-10-26T03:26:24.923+0530][0.313s][debug][gc,director ] Rule Major: Warmup 10%, Used: 22MB, UsedThreshold: 204MB
[2024-10-26T03:26:24.923+0530][0.314s][debug][gc,nmethod  ] Register NMethod: java.lang.Float.isNaN (0x0000029cc21f4708) [0x0000029cc21f4820, 0x0000029cc21f4980] Compiler: c1, Barriers: 0, Oops: 0, ImmediateOops: 0, NonImmediateOops: No
[2024-10-26T03:26:24.923+0530][0.314s][debug][gc,nmethod  ] Register NMethod: java.lang.reflect.Proxy.newProxyInstance (0x0000029cc21f4a08) [0x0000029cc21f4c00, 0x0000029cc21f5738] Compiler: c1, Barriers: 4, Oops: 0, ImmediateOops: 0, NonImmediateOops: No
[2024-10-26T03:26:24.923+0530][0.314s][debug][gc,nmethod  ] Register NMethod: java.util.Arrays.copyOf (0x0000029cc9bcad08) [0x0000029cc9bcae40, 0x0000029cc9bcb328] Compiler: c2, Barriers: 1, Oops: 0, ImmediateOops: 1, NonImmediateOops: No
[2024-10-26T03:26:24.923+0530][0.314s][debug][gc,nmethod  ] Register NMethod: java.lang.reflect.Proxy.<init> (0x0000029cc21f5788) [0x0000029cc21f58c0, 0x0000029cc21f5bf8] Compiler: c1, Barriers: 3, Oops: 0, ImmediateOops: 0, NonImmediateOops: No
[2024-10-26T03:26:24.923+0530][0.314s][debug][gc,nmethod  ] Register NMethod: java.lang.reflect.Proxy.newProxyInstance (0x0000029cc21f5c88) [0x0000029cc21f5e00, 0x0000029cc21f61d0] Compiler: c1, Barriers: 0, Oops: 0, ImmediateOops: 0, NonImmediateOops: No
[2024-10-26T03:26:24.924+0530][0.315s][debug][gc,nmethod  ] Register NMethod: jdk.internal.classfile.impl.DirectFieldBuilder.run (0x0000029cc21f6208) [0x0000029cc21f6320, 0x0000029cc21f6508] Compiler: c1, Barriers: 0, Oops: 0, ImmediateOops: 0, NonImmediateOops: No
[2024-10-26T03:26:24.924+0530][0.315s][debug][gc,nmethod  ] Register NMethod: jdk.internal.classfile.impl.DirectFieldBuilder.<init> (0x0000029cc21f6588) [0x0000029cc21f6720, 0x0000029cc21f7040] Compiler: c1, Barriers: 24, Oops: 0, ImmediateOops: 1, NonImmediateOops: No
[2024-10-26T03:26:24.924+0530][0.315s][debug][gc,nmethod  ] Register NMethod: jdk.internal.classfile.impl.AccessFlagsImpl.writeTo (0x0000029cc21f7088) [0x0000029cc21f71a0, 0x0000029cc21f72d0] Compiler: c1, Barriers: 0, Oops: 0, ImmediateOops: 0, NonImmediateOops: No
[2024-10-26T03:26:24.924+0530][0.315s][debug][gc,nmethod  ] Register NMethod: jdk.internal.classfile.impl.DirectClassBuilder.withField (0x0000029cc21f7388) [0x0000029cc21f7580, 0x0000029cc21f8220] Compiler: c1, Barriers: 24, Oops: 0, ImmediateOops: 1, NonImmediateOops: No
[2024-10-26T03:26:24.924+0530][0.315s][debug][gc,nmethod  ] Register NMethod: java.lang.classfile.CodeBuilder.newBoundLabel (0x0000029cc21f8288) [0x0000029cc21f83c0, 0x0000029cc21f8670] Compiler: c1, Barriers: 0, Oops: 0, ImmediateOops: 0, NonImmediateOops: No
[2024-10-26T03:26:24.924+0530][0.315s][debug][gc,nmethod  ] Register NMethod: jdk.internal.classfile.impl.DirectClassBuilder.withField (0x0000029cc21f8688) [0x0000029cc21f87c0, 0x0000029cc21f89d8] Compiler: c1, Barriers: 1, Oops: 0, ImmediateOops: 0, NonImmediateOops: No
[2024-10-26T03:26:24.924+0530][0.315s][debug][gc,nmethod  ] Register NMethod: java.lang.classfile.attribute.StackMapFrameInfo.of (0x0000029cc21f8a08) [0x0000029cc21f8b40, 0x0000029cc21f8f10] Compiler: c1, Barriers: 9, Oops: 0, ImmediateOops: 0, NonImmediateOops: No
[2024-10-26T03:26:24.924+0530][0.315s][debug][gc,nmethod  ] Register NMethod: jdk.internal.classfile.impl.AbstractPoolEntry$StringEntryImpl.clone (0x0000029cc21f8f88) [0x0000029cc21f90e0, 0x0000029cc21f9590] Compiler: c1, Barriers: 2, Oops: 0, ImmediateOops: 0, NonImmediateOops: No
[2024-10-26T03:26:24.924+0530][0.315s][debug][gc,nmethod  ] Register NMethod: jdk.internal.classfile.impl.SplitConstantPool.stringEntry (0x0000029cc21f9608) [0x0000029cc21f9780, 0x0000029cc21f9d38] Compiler: c1, Barriers: 0, Oops: 0, ImmediateOops: 0, NonImmediateOops: No
[2024-10-26T03:26:24.924+0530][0.315s][debug][gc,nmethod  ] Register NMethod: jdk.internal.classfile.impl.AbstractPoolEntry$StringEntryImpl.clone (0x0000029cc21f9d88) [0x0000029cc21f9ee0, 0x0000029cc21fa338] Compiler: c1, Barriers: 2, Oops: 0, ImmediateOops: 0, NonImmediateOops: No
[2024-10-26T03:26:24.924+0530][0.315s][debug][gc,nmethod  ] Register NMethod: jdk.internal.classfile.impl.StackMapDecoder$StackMapFrameImpl.<init> (0x0000029cc21fa388) [0x0000029cc21fa4c0, 0x0000029cc21fa7e8] Compiler: c1, Barriers: 9, Oops: 0, ImmediateOops: 0, NonImmediateOops: No
[2024-10-26T03:26:24.925+0530][0.315s][debug][gc,nmethod  ] Register NMethod: sun.reflect.annotation.AnnotationParser.parseMemberValue (0x0000029cc21fa808) [0x0000029cc21faca0, 0x0000029cc21fd250] Compiler: c1, Barriers: 12, Oops: 4, ImmediateOops: 11, NonImmediateOops: No
[2024-10-26T03:26:24.925+0530][0.316s][debug][gc,nmethod  ] Register NMethod: jdk.internal.classfile.impl.DirectFieldBuilder.writeTo (0x0000029cc21fd388) [0x0000029cc21fd500, 0x0000029cc21fd930] Compiler: c1, Barriers: 3, Oops: 0, ImmediateOops: 0, NonImmediateOops: No
[2024-10-26T03:26:24.925+0530][0.316s][debug][gc,nmethod  ] Register NMethod: java.util.TreeMap.put (0x0000029cc21fd988) [0x0000029cc21fdaa0, 0x0000029cc21fdbe0] Compiler: c1, Barriers: 0, Oops: 0, ImmediateOops: 0, NonImmediateOops: No
[2024-10-26T03:26:24.925+0530][0.316s][debug][gc,nmethod  ] Register NMethod: java.util.TreeMap.successor (0x0000029cc21fdc88) [0x0000029cc21fdde0, 0x0000029cc21fe1f8] Compiler: c1, Barriers: 5, Oops: 0, ImmediateOops: 0, NonImmediateOops: No
[2024-10-26T03:26:24.925+0530][0.316s][debug][gc,nmethod  ] Register NMethod: java.util.TreeMap$Entry.<init> (0x0000029cc21fe208) [0x0000029cc21fe340, 0x0000029cc21fe610] Compiler: c1, Barriers: 9, Oops: 0, ImmediateOops: 0, NonImmediateOops: No
[2024-10-26T03:26:24.925+0530][0.316s][debug][gc,nmethod  ] Register NMethod: java.util.TreeMap$EntryIterator.next (0x0000029cc21fe688) [0x0000029cc21fe7a0, 0x0000029cc21fe8d8] Compiler: c1, Barriers: 0, Oops: 0, ImmediateOops: 0, NonImmediateOops: No
[2024-10-26T03:26:24.925+0530][0.316s][debug][gc,nmethod  ] Register NMethod: java.util.TreeMap$EntryIterator.next (0x0000029cc21fe988) [0x0000029cc21feac0, 0x0000029cc21fec58] Compiler: c1, Barriers: 0, Oops: 0, ImmediateOops: 0, NonImmediateOops: No
[2024-10-26T03:26:24.925+0530][0.316s][debug][gc,nmethod  ] Register NMethod: java.util.TreeMap$PrivateEntryIterator.nextEntry (0x0000029cc21fec88) [0x0000029cc21fee00, 0x0000029cc21ff218] Compiler: c1, Barriers: 8, Oops: 0, ImmediateOops: 0, NonImmediateOops: No
[2024-10-26T03:26:24.925+0530][0.316s][debug][gc,nmethod  ] Register NMethod: jdk.internal.classfile.impl.UnboundAttribute.writeTo (0x0000029cc21ff288) [0x0000029cc21ff3c0, 0x0000029cc21ff5d8] Compiler: c1, Barriers: 1, Oops: 0, ImmediateOops: 0, NonImmediateOops: No
[2024-10-26T03:26:24.925+0530][0.316s][debug][gc,nmethod  ] Register NMethod: java.util.TreeMap.put (0x0000029cc21ff608) [0x0000029cc21ff820, 0x0000029cc2200550] Compiler: c1, Barriers: 16, Oops: 0, ImmediateOops: 0, NonImmediateOops: No
[2024-10-26T03:26:24.926+0530][0.316s][debug][gc,nmethod  ] Register NMethod: java.util.ArrayDeque.addAll (0x0000029cc9bcb388) [0x0000029cc9bcb560, 0x0000029cc9bcc268] Compiler: c2, Barriers: 18, Oops: 5, ImmediateOops: 3, NonImmediateOops: No
[2024-10-26T03:26:24.926+0530][0.317s][debug][gc,nmethod  ] Register NMethod: java.util.HashMap.<init> (0x0000029cc2200588) [0x0000029cc2200820, 0x0000029cc22017b8] Compiler: c1, Barriers: 0, Oops: 2, ImmediateOops: 4, NonImmediateOops: No
[2024-10-26T03:26:24.926+0530][0.317s][debug][gc,nmethod  ] Register NMethod: java.lang.classfile.constantpool.ConstantPoolBuilder.stringEntry (0x0000029cc2201888) [0x0000029cc22019c0, 0x0000029cc2201c60] Compiler: c1, Barriers: 0, Oops: 0, ImmediateOops: 0, NonImmediateOops: No
[2024-10-26T03:26:24.926+0530][0.317s][debug][gc,nmethod  ] Register NMethod: jdk.internal.classfile.impl.SplitConstantPool.internalAdd (0x0000029cc9bcc408) [0x0000029cc9bcc580, 0x0000029cc9bccca8] Compiler: c2, Barriers: 7, Oops: 0, ImmediateOops: 1, NonImmediateOops: No
[2024-10-26T03:26:24.927+0530][0.318s][debug][gc,nmethod  ] Register NMethod: java.lang.reflect.AccessibleObject.checkCanSetAccessible (0x0000029cc2201c88) [0x0000029cc2201da0, 0x0000029cc2201ee0] Compiler: c1, Barriers: 0, Oops: 0, ImmediateOops: 0, NonImmediateOops: No
[2024-10-26T03:26:24.927+0530][0.318s][debug][gc,nmethod  ] Register NMethod: java.lang.reflect.AccessibleObject.setAccessible0 (0x0000029cc2201f88) [0x0000029cc22020a0, 0x0000029cc22021b8] Compiler: c1, Barriers: 0, Oops: 0, ImmediateOops: 0, NonImmediateOops: No
[2024-10-26T03:26:24.927+0530][0.318s][debug][gc,nmethod  ] Register NMethod: java.lang.reflect.AccessibleObject.checkPermission (0x0000029cc2202288) [0x0000029cc22023a0, 0x0000029cc2202570] Compiler: c1, Barriers: 0, Oops: 0, ImmediateOops: 0, NonImmediateOops: No
[2024-10-26T03:26:24.927+0530][0.318s][debug][gc,nmethod  ] Register NMethod: java.security.Permission.<init> (0x0000029cc2202608) [0x0000029cc2202720, 0x0000029cc2202900] Compiler: c1, Barriers: 3, Oops: 0, ImmediateOops: 0, NonImmediateOops: No
[2024-10-26T03:26:24.927+0530][0.318s][debug][gc,nmethod  ] Register NMethod: java.lang.reflect.Method.getAnnotation (0x0000029cc2202988) [0x0000029cc2202b20, 0x0000029cc22031e8] Compiler: c1, Barriers: 0, Oops: 0, ImmediateOops: 0, NonImmediateOops: No
[2024-10-26T03:26:24.927+0530][0.318s][debug][gc,nmethod  ] Register NMethod: java.lang.reflect.Executable.getAnnotation (0x0000029cc2203288) [0x0000029cc2203420, 0x0000029cc2203a88] Compiler: c1, Barriers: 0, Oops: 0, ImmediateOops: 0, NonImmediateOops: No
[2024-10-26T03:26:24.927+0530][0.318s][debug][gc,nmethod  ] Register NMethod: java.lang.String.contains (0x0000029cc2203b08) [0x0000029cc2203c40, 0x0000029cc2203ea8] Compiler: c1, Barriers: 0, Oops: 0, ImmediateOops: 0, NonImmediateOops: No
[2024-10-26T03:26:24.927+0530][0.318s][debug][gc,nmethod  ] Register NMethod: sun.security.util.FilePermCompat.newPermPlusAltPath (0x0000029cc2203f08) [0x0000029cc22040c0, 0x0000029cc2204860] Compiler: c1, Barriers: 2, Oops: 1, ImmediateOops: 4, NonImmediateOops: No
[2024-10-26T03:26:24.927+0530][0.318s][debug][gc,nmethod  ] Register NMethod: java.lang.reflect.AccessibleObject.checkCanSetAccessible (0x0000029cc2204908) [0x0000029cc2204c20, 0x0000029cc22061b8] Compiler: c1, Barriers: 3, Oops: 0, ImmediateOops: 3, NonImmediateOops: No
[2024-10-26T03:26:24.928+0530][0.318s][debug][gc,nmethod  ] Register NMethod: java.security.BasicPermission.init (0x0000029cc2206288) [0x0000029cc2206520, 0x0000029cc22076d0] Compiler: c1, Barriers: 13, Oops: 1, ImmediateOops: 9, NonImmediateOops: No
[2024-10-26T03:26:24.928+0530][0.319s][debug][gc,nmethod  ] Register NMethod: java.security.BasicPermission.<init> (0x0000029cc2207788) [0x0000029cc22078c0, 0x0000029cc2207b28] Compiler: c1, Barriers: 3, Oops: 0, ImmediateOops: 0, NonImmediateOops: No
[2024-10-26T03:26:24.928+0530][0.319s][debug][gc,nmethod  ] Register NMethod: java.security.AccessController.createWrapper (0x0000029cc2207b88) [0x0000029cc2207ce0, 0x0000029cc2207fd8] Compiler: c1, Barriers: 0, Oops: 0, ImmediateOops: 0, NonImmediateOops: No
[2024-10-26T03:26:24.928+0530][0.319s][debug][gc,nmethod  ] Register NMethod: java.security.AccessController.doPrivileged (0x0000029cc2208008) [0x0000029cc22081e0, 0x0000029cc22088a8] Compiler: c1, Barriers: 1, Oops: 0, ImmediateOops: 1, NonImmediateOops: No
[2024-10-26T03:26:24.928+0530][0.319s][debug][gc,nmethod  ] Register NMethod: jdk.jfr.internal.TypeLibrary.createAnnotation (0x0000029cc2208908) [0x0000029cc2208ba0, 0x0000029cc2209f88] Compiler: c1, Barriers: 11, Oops: 0, ImmediateOops: 5, NonImmediateOops: No
[2024-10-26T03:26:24.928+0530][0.319s][debug][gc,nmethod  ] Register NMethod: java.security.AccessController.doPrivileged (0x0000029cc220a088) [0x0000029cc220a200, 0x0000029cc220a5f8] Compiler: c1, Barriers: 0, Oops: 0, ImmediateOops: 0, NonImmediateOops: No
[2024-10-26T03:26:24.928+0530][0.319s][debug][gc,nmethod  ] Register NMethod: jdk.jfr.internal.SecuritySupport.doPrivileged (0x0000029cc220a688) [0x0000029cc220a7c0, 0x0000029cc220aa88] Compiler: c1, Barriers: 3, Oops: 0, ImmediateOops: 0, NonImmediateOops: No
[2024-10-26T03:26:24.928+0530][0.319s][debug][gc,nmethod  ] Register NMethod: java.security.AccessControlContext.<init> (0x0000029cc220ab08) [0x0000029cc220ae00, 0x0000029cc220c678] Compiler: c1, Barriers: 44, Oops: 1, ImmediateOops: 6, NonImmediateOops: No
[2024-10-26T03:26:24.929+0530][0.319s][debug][gc,nmethod  ] Register NMethod: jdk.jfr.internal.SecuritySupport$2.<init> (0x0000029cc220c708) [0x0000029cc220c820, 0x0000029cc220ca00] Compiler: c1, Barriers: 3, Oops: 0, ImmediateOops: 0, NonImmediateOops: No
[2024-10-26T03:26:24.929+0530][0.319s][debug][gc,nmethod  ] Register NMethod: jdk.jfr.internal.SecuritySupport$2.run (0x0000029cc220ca88) [0x0000029cc220cbc0, 0x0000029cc220cdd8] Compiler: c1, Barriers: 1, Oops: 0, ImmediateOops: 0, NonImmediateOops: No
[2024-10-26T03:26:24.929+0530][0.320s][debug][gc,nmethod  ] Register NMethod: jdk.jfr.internal.SecuritySupport$2.run (0x0000029cc220ce08) [0x0000029cc220cf40, 0x0000029cc220d1c8] Compiler: c1, Barriers: 1, Oops: 0, ImmediateOops: 0, NonImmediateOops: No
[2024-10-26T03:26:24.929+0530][0.320s][debug][gc,nmethod  ] Register NMethod: jdk.internal.classfile.impl.BufWriterImpl.writeIndex (0x0000029cc9bccd08) [0x0000029cc9bcce40, 0x0000029cc9bcd1a8] Compiler: c2, Barriers: 5, Oops: 0, ImmediateOops: 0, NonImmediateOops: No
[2024-10-26T03:26:24.929+0530][0.320s][debug][gc,nmethod  ] Register NMethod: java.lang.reflect.Method.isCallerSensitive (0x0000029cc220d208) [0x0000029cc220d3c0, 0x0000029cc220dd88] Compiler: c1, Barriers: 2, Oops: 1, ImmediateOops: 2, NonImmediateOops: No
[2024-10-26T03:26:24.929+0530][0.320s][debug][gc,nmethod  ] Register NMethod: java.util.Collections$SingletonList.size (0x0000029cc9bcd208) [0x0000029cc9bcd320, 0x0000029cc9bcd3e8] Compiler: c1, Barriers: 0, Oops: 0, ImmediateOops: 0, NonImmediateOops: No
[2024-10-26T03:26:24.929+0530][0.320s][debug][gc,nmethod  ] Register NMethod: jdk.jfr.internal.TypeLibrary.defineType (0x0000029cc220de08) [0x0000029cc220e140, 0x0000029cc220f930] Compiler: c1, Barriers: 4, Oops: 5, ImmediateOops: 9, NonImmediateOops: No
[2024-10-26T03:26:24.929+0530][0.320s][debug][gc,nmethod  ] Register NMethod: java.lang.reflect.Method.checkCanSetAccessible (0x0000029cc220fa88) [0x0000029cc220fbc0, 0x0000029cc220fd98] Compiler: c1, Barriers: 1, Oops: 0, ImmediateOops: 0, NonImmediateOops: No
[2024-10-26T03:26:24.929+0530][0.320s][debug][gc,nmethod  ] Register NMethod: java.lang.reflect.Method.setAccessible (0x0000029cc220fe08) [0x0000029cc220ff80, 0x0000029cc2210468] Compiler: c1, Barriers: 1, Oops: 0, ImmediateOops: 0, NonImmediateOops: No
[2024-10-26T03:26:24.930+0530][0.320s][debug][gc,nmethod  ] Register NMethod: jdk.internal.reflect.DirectMethodHandleAccessor.isStatic (0x0000029cc2210508) [0x0000029cc2210620, 0x0000029cc2210788] Compiler: c1, Barriers: 0, Oops: 0, ImmediateOops: 0, NonImmediateOops: No
[2024-10-26T03:26:24.930+0530][0.321s][debug][gc,nmethod  ] Register NMethod: java.lang.reflect.Method.invoke (0x0000029cc2210808) [0x0000029cc22109c0, 0x0000029cc22110b8] Compiler: c1, Barriers: 3, Oops: 0, ImmediateOops: 0, NonImmediateOops: No
[2024-10-26T03:26:24.930+0530][0.321s][debug][gc,nmethod  ] Register NMethod: jdk.internal.reflect.DirectMethodHandleAccessor.checkArgumentCount (0x0000029cc2211108) [0x0000029cc22112e0, 0x0000029cc2211aa0] Compiler: c1, Barriers: 0, Oops: 2, ImmediateOops: 3, NonImmediateOops: No
[2024-10-26T03:26:24.930+0530][0.321s][debug][gc,nmethod  ] Register NMethod: jdk.internal.reflect.DirectMethodHandleAccessor.invokeImpl (0x0000029cc2211b08) [0x0000029cc2211d80, 0x0000029cc2213130] Compiler: c1, Barriers: 14, Oops: 1, ImmediateOops: 2, NonImmediateOops: No
[2024-10-26T03:26:24.930+0530][0.321s][debug][gc,nmethod  ] Register NMethod: java.lang.reflect.ReflectPermission.<init> (0x0000029cc2213188) [0x0000029cc22132c0, 0x0000029cc2213588] Compiler: c1, Barriers: 3, Oops: 0, ImmediateOops: 0, NonImmediateOops: No
[2024-10-26T03:26:24.930+0530][0.321s][debug][gc,nmethod  ] Register NMethod: jdk.jfr.internal.SecuritySupport$$Lambda/0x000002a0d403d8b0.<init> (0x0000029cc2213608) [0x0000029cc2213720, 0x0000029cc2213900] Compiler: c1, Barriers: 3, Oops: 0, ImmediateOops: 0, NonImmediateOops: No
[2024-10-26T03:26:24.930+0530][0.321s][debug][gc,nmethod  ] Register NMethod: java.lang.ref.SoftReference.<init> (0x0000029cc2213988) [0x0000029cc2213ac0, 0x0000029cc2213e18] Compiler: c1, Barriers: 6, Oops: 0, ImmediateOops: 2, NonImmediateOops: No
[2024-10-26T03:26:24.930+0530][0.321s][debug][gc,nmethod  ] Register NMethod: jdk.jfr.internal.SecuritySupport.setAccessible (0x0000029cc2213e88) [0x0000029cc2214080, 0x0000029cc2214cd0] Compiler: c1, Barriers: 12, Oops: 2, ImmediateOops: 4, NonImmediateOops: No
[2024-10-26T03:26:24.930+0530][0.321s][debug][gc,nmethod  ] Register NMethod: jdk.internal.reflect.DirectMethodHandleAccessor.invoke (0x0000029cc2214d88) [0x0000029cc22150e0, 0x0000029cc2216c08] Compiler: c1, Barriers: 14, Oops: 1, ImmediateOops: 5, NonImmediateOops: No
[2024-10-26T03:26:24.930+0530][0.321s][debug][gc,nmethod  ] Register NMethod: jdk.jfr.internal.SecuritySupport$$Lambda/0x000002a0d403d8b0.run (0x0000029cc2216c88) [0x0000029cc2216e00, 0x0000029cc22173b8] Compiler: c1, Barriers: 2, Oops: 0, ImmediateOops: 0, NonImmediateOops: No
[2024-10-26T03:26:24.930+0530][0.321s][debug][gc,nmethod  ] Register NMethod: java.lang.reflect.Field.<init> (0x0000029cc2217408) [0x0000029cc2217560, 0x0000029cc2217998] Compiler: c1, Barriers: 15, Oops: 0, ImmediateOops: 0, NonImmediateOops: No
[2024-10-26T03:26:24.931+0530][0.321s][debug][gc,nmethod  ] Register NMethod: jdk.internal.reflect.ReflectionFactory.copyField (0x0000029cc2217a08) [0x0000029cc2217b40, 0x0000029cc2217d68] Compiler: c1, Barriers: 1, Oops: 0, ImmediateOops: 0, NonImmediateOops: No
[2024-10-26T03:26:24.931+0530][0.321s][debug][gc,nmethod  ] Register NMethod: jdk.jfr.internal.SecuritySupport.lambda$setAccessible$24 (0x0000029cc2217e08) [0x0000029cc2217f80, 0x0000029cc2218480] Compiler: c1, Barriers: 1, Oops: 0, ImmediateOops: 0, NonImmediateOops: No
[2024-10-26T03:26:24.931+0530][0.322s][debug][gc,nmethod  ] Register NMethod: java.lang.reflect.ReflectAccess.copyField (0x0000029cc2218508) [0x0000029cc2218620, 0x0000029cc2218760] Compiler: c1, Barriers: 0, Oops: 0, ImmediateOops: 0, NonImmediateOops: No
[2024-10-26T03:26:24.931+0530][0.322s][debug][gc,nmethod  ] Register NMethod: java.lang.reflect.Field.getDeclaringClass (0x0000029cc9bcd508) [0x0000029cc9bcd620, 0x0000029cc9bcd718] Compiler: c1, Barriers: 1, Oops: 0, ImmediateOops: 0, NonImmediateOops: No
[2024-10-26T03:26:24.931+0530][0.322s][debug][gc,nmethod  ] Register NMethod: java.lang.reflect.Field.copy (0x0000029cc2218808) [0x0000029cc2218980, 0x0000029cc2218f70] Compiler: c1, Barriers: 17, Oops: 0, ImmediateOops: 1, NonImmediateOops: No
[2024-10-26T03:26:24.931+0530][0.322s][debug][gc,nmethod  ] Register NMethod: jdk.jfr.internal.Type.isValidJavaFieldType (0x0000029cc2218f88) [0x0000029cc2219160, 0x0000029cc2219a68] Compiler: c1, Barriers: 1, Oops: 1, ImmediateOops: 1, NonImmediateOops: No
[2024-10-26T03:26:24.931+0530][0.322s][debug][gc,nmethod  ] Register NMethod: jdk.internal.loader.AbstractClassLoaderValue$Sub.equals (0x0000029cc2219b08) [0x0000029cc2219c80, 0x0000029cc221a410] Compiler: c1, Barriers: 4, Oops: 0, ImmediateOops: 0, NonImmediateOops: No
[2024-10-26T03:26:24.931+0530][0.322s][debug][gc,nmethod  ] Register NMethod: java.lang.Boolean.valueOf (0x0000029cc221a488) [0x0000029cc221a5a0, 0x0000029cc221a708] Compiler: c1, Barriers: 0, Oops: 0, ImmediateOops: 2, NonImmediateOops: No
[2024-10-26T03:26:24.932+0530][0.322s][debug][gc,nmethod  ] Register NMethod: jdk.internal.misc.Unsafe.ensureClassInitialized0 (0x0000029cc9bcd808) [0x0000029cc9bcd920, 0x0000029cc9bcdb30] Compiler: , Barriers: 0, Oops: 0, ImmediateOops: 0, NonImmediateOops: No
[2024-10-26T03:26:24.932+0530][0.323s][debug][gc,nmethod  ] Register NMethod: jdk.jfr.FlightRecorderPermission$InternalAccess.getType (0x0000029cc9bcdb88) [0x0000029cc9bcdca0, 0x0000029cc9bcde50] Compiler: c2, Barriers: 3, Oops: 0, ImmediateOops: 0, NonImmediateOops: No
[2024-10-26T03:26:24.932+0530][0.323s][debug][gc,nmethod  ] Register NMethod: java.util.Collections$UnmodifiableCollection$1.hasNext (0x0000029cc9bcdf08) [0x0000029cc9bce020, 0x0000029cc9bce178] Compiler: c2, Barriers: 2, Oops: 0, ImmediateOops: 0, NonImmediateOops: No
[2024-10-26T03:26:24.933+0530][0.324s][debug][gc,nmethod  ] Register NMethod: java.util.Arrays.copyOf (0x0000029cc9bce208) [0x0000029cc9bce340, 0x0000029cc9bce878] Compiler: c2, Barriers: 1, Oops: 0, ImmediateOops: 1, NonImmediateOops: No
[2024-10-26T03:26:24.933+0530][0.324s][debug][gc,nmethod  ] Register NMethod: jdk.internal.classfile.impl.MethodImpl.attributes (0x0000029cc221a788) [0x0000029cc221a8c0, 0x0000029cc221abf0] Compiler: c1, Barriers: 7, Oops: 0, ImmediateOops: 0, NonImmediateOops: No
[2024-10-26T03:26:24.934+0530][0.324s][debug][gc,nmethod  ] Register NMethod: jdk.jfr.internal.util.Bytecode$MethodDesc.of (0x0000029cc221ac88) [0x0000029cc221ade0, 0x0000029cc221b1d0] Compiler: c1, Barriers: 6, Oops: 0, ImmediateOops: 0, NonImmediateOops: No
[2024-10-26T03:26:24.934+0530][0.325s][debug][gc,nmethod  ] Register NMethod: jdk.internal.classfile.impl.MethodImpl.forEachElement (0x0000029cc221b208) [0x0000029cc221b400, 0x0000029cc221c070] Compiler: c1, Barriers: 4, Oops: 1, ImmediateOops: 1, NonImmediateOops: No
[2024-10-26T03:26:24.934+0530][0.325s][debug][gc,nmethod  ] Register NMethod: java.lang.constant.ClassDesc.isClassOrInterface (0x0000029cc221c108) [0x0000029cc221c2a0, 0x0000029cc221c988] Compiler: c1, Barriers: 2, Oops: 1, ImmediateOops: 2, NonImmediateOops: No
[2024-10-26T03:26:24.934+0530][0.325s][debug][gc,nmethod  ] Register NMethod: java.lang.invoke.MethodHandle.maybeCustomize (0x0000029cc20ec888) [0x0000029cc20ec9e0, 0x0000029cc20ece20] Compiler: c1, Barriers: 2, Oops: 0, ImmediateOops: 0, NonImmediateOops: No
[2024-10-26T03:26:24.934+0530][0.325s][debug][gc,nmethod  ] Register NMethod: java.lang.classfile.FieldModel.fieldTypeSymbol (0x0000029cc221ca08) [0x0000029cc221cc40, 0x0000029cc221d8d0] Compiler: c1, Barriers: 3, Oops: 2, ImmediateOops: 3, NonImmediateOops: No
[2024-10-26T03:26:24.934+0530][0.325s][debug][gc,nmethod  ] Register NMethod: java.lang.ClassLoader.defineClass0 (0x0000029cc9bce908) [0x0000029cc9bcea40, 0x0000029cc9bcef08] Compiler: , Barriers: 0, Oops: 0, ImmediateOops: 1, NonImmediateOops: No
[2024-10-26T03:26:24.934+0530][0.325s][debug][gc,nmethod  ] Register NMethod: java.lang.invoke.InvokerBytecodeGenerator.getInternalName (0x0000029cc221da08) [0x0000029cc221dba0, 0x0000029cc221e168] Compiler: c1, Barriers: 9, Oops: 0, ImmediateOops: 8, NonImmediateOops: No
[2024-10-26T03:26:24.934+0530][0.325s][debug][gc,nmethod  ] Register NMethod: java.lang.String.toString (0x0000029cc9bcef88) [0x0000029cc9bcf080, 0x0000029cc9bcf0f8] Compiler: c2, Barriers: 0, Oops: 0, ImmediateOops: 0, NonImmediateOops: No
[2024-10-26T03:26:24.934+0530][0.325s][debug][gc,nmethod  ] Register NMethod: java.lang.invoke.DirectMethodHandle$Holder.invokeSpecial (0x0000029cc221e188) [0x0000029cc221e2e0, 0x0000029cc221e800] Compiler: c1, Barriers: 1, Oops: 0, ImmediateOops: 0, NonImmediateOops: No
[2024-10-26T03:26:24.935+0530][0.326s][debug][gc,nmethod  ] Register NMethod: java.lang.reflect.Field.declaredAnnotations (0x0000029cc221e888) [0x0000029cc221ea20, 0x0000029cc221f160] Compiler: c1, Barriers: 10, Oops: 0, ImmediateOops: 1, NonImmediateOops: No
[2024-10-26T03:26:24.935+0530][0.326s][debug][gc,nmethod  ] Register NMethod: java.util.HashSet.contains (0x0000029cc9bcf288) [0x0000029cc9bcf3e0, 0x0000029cc9bcf940] Compiler: c2, Barriers: 7, Oops: 0, ImmediateOops: 0, NonImmediateOops: No
[2024-10-26T03:26:24.936+0530][0.326s][debug][gc,nmethod  ] Register NMethod: java.util.LinkedHashMap.<init> (0x0000029cc221f208) [0x0000029cc221f340, 0x0000029cc221f578] Compiler: c1, Barriers: 0, Oops: 0, ImmediateOops: 0, NonImmediateOops: No
[2024-10-26T03:26:24.937+0530][0.328s][debug][gc,nmethod  ] Register NMethod: java.util.ImmutableCollections$List12.<init> (0x0000029cc221f608) [0x0000029cc221f760, 0x0000029cc221fc28] Compiler: c1, Barriers: 6, Oops: 0, ImmediateOops: 1, NonImmediateOops: No
[2024-10-26T03:26:24.937+0530][0.328s][debug][gc,nmethod  ] Register NMethod: java.lang.Class.copyMethods (0x0000029cc221fc88) [0x0000029cc221fe80, 0x0000029cc2220a00] Compiler: c1, Barriers: 9, Oops: 0, ImmediateOops: 2, NonImmediateOops: No
[2024-10-26T03:26:24.937+0530][0.328s][debug][gc,nmethod  ] Register NMethod: jdk.jfr.internal.TypeLibrary.invokeAnnotation (0x0000029cc2220a88) [0x0000029cc2220f60, 0x0000029cc22232e8] Compiler: c1, Barriers: 8, Oops: 5, ImmediateOops: 10, NonImmediateOops: No
[2024-10-26T03:26:24.937+0530][0.328s][debug][gc,nmethod  ] Register NMethod: java.util.ImmutableCollections$List12.toArray (0x0000029cc2223408) [0x0000029cc2223560, 0x0000029cc2223d10] Compiler: c1, Barriers: 12, Oops: 0, ImmediateOops: 1, NonImmediateOops: No
[2024-10-26T03:26:24.937+0530][0.328s][debug][gc,nmethod  ] Register NMethod: jdk.jfr.internal.util.Utils.getValueMethod (0x0000029cc2223d88) [0x0000029cc2223ec0, 0x0000029cc22240e0] Compiler: c1, Barriers: 0, Oops: 1, ImmediateOops: 1, NonImmediateOops: No
[2024-10-26T03:26:24.938+0530][0.328s][debug][gc,director ] Rule Major: Warmup 10%, Used: 22MB, UsedThreshold: 204MB
[2024-10-26T03:26:24.938+0530][0.329s][debug][gc,nmethod  ] Register NMethod: jdk.jfr.internal.util.Utils.getAnnotation (0x0000029cc2224108) [0x0000029cc22244c0, 0x0000029cc2226320] Compiler: c1, Barriers: 18, Oops: 2, ImmediateOops: 4, NonImmediateOops: No
[2024-10-26T03:26:24.938+0530][0.329s][debug][gc,nmethod  ] Register NMethod: jdk.internal.reflect.DirectMethodHandleAccessor.checkReceiver (0x0000029cc2226408) [0x0000029cc2226640, 0x0000029cc2227178] Compiler: c1, Barriers: 6, Oops: 2, ImmediateOops: 3, NonImmediateOops: No
[2024-10-26T03:26:24.939+0530][0.329s][debug][gc,nmethod  ] Register NMethod: java.util.HashMap.resize (0x0000029cc9bcf988) [0x0000029cc9bcfb40, 0x0000029cc9bd0af0] Compiler: c2, Barriers: 28, Oops: 0, ImmediateOops: 0, NonImmediateOops: No
[2024-10-26T03:26:24.939+0530][0.330s][debug][gc,nmethod  ] Register NMethod: jdk.jfr.internal.AnnotationConstruct.getAnnotationValue (0x0000029cc2227208) [0x0000029cc2227360, 0x0000029cc2227620] Compiler: c1, Barriers: 1, Oops: 0, ImmediateOops: 0, NonImmediateOops: No
[2024-10-26T03:26:24.939+0530][0.330s][debug][gc,nmethod  ] Register NMethod: jdk.jfr.internal.Type.getAnnotationValue (0x0000029cc2227688) [0x0000029cc22277e0, 0x0000029cc2227b20] Compiler: c1, Barriers: 2, Oops: 0, ImmediateOops: 0, NonImmediateOops: No
[2024-10-26T03:26:24.939+0530][0.330s][debug][gc,nmethod  ] Register NMethod: jdk.jfr.FlightRecorderPermission$InternalAccess.newSettingDescriptor (0x0000029cc2227b88) [0x0000029cc2227ca0, 0x0000029cc2227e58] Compiler: c1, Barriers: 0, Oops: 0, ImmediateOops: 0, NonImmediateOops: No
[2024-10-26T03:26:24.939+0530][0.330s][debug][gc,nmethod  ] Register NMethod: jdk.jfr.internal.settings.JDKSettingControl.<init> (0x0000029cc2227e88) [0x0000029cc2227fc0, 0x0000029cc2228350] Compiler: c1, Barriers: 3, Oops: 0, ImmediateOops: 0, NonImmediateOops: No
[2024-10-26T03:26:24.939+0530][0.330s][debug][gc,nmethod  ] Register NMethod: jdk.jfr.internal.PlatformEventType.add (0x0000029cc2228388) [0x0000029cc22284e0, 0x0000029cc2228848] Compiler: c1, Barriers: 1, Oops: 0, ImmediateOops: 0, NonImmediateOops: No
[2024-10-26T03:26:24.939+0530][0.330s][debug][gc,nmethod  ] Register NMethod: jdk.jfr.SettingControl.<init> (0x0000029cc2228888) [0x0000029cc22289c0, 0x0000029cc2228cf8] Compiler: c1, Barriers: 3, Oops: 0, ImmediateOops: 0, NonImmediateOops: No
[2024-10-26T03:26:24.939+0530][0.330s][debug][gc,nmethod  ] Register NMethod: jdk.jfr.SettingDescriptor.<init> (0x0000029cc2228d88) [0x0000029cc2228f80, 0x0000029cc2229a60] Compiler: c1, Barriers: 15, Oops: 1, ImmediateOops: 1, NonImmediateOops: No
[2024-10-26T03:26:24.939+0530][0.330s][debug][gc,nmethod  ] Register NMethod: jdk.jfr.FlightRecorderPermission$InternalAccess.getContext (0x0000029cc2229b08) [0x0000029cc2229c20, 0x0000029cc2229d60] Compiler: c1, Barriers: 0, Oops: 0, ImmediateOops: 0, NonImmediateOops: No
[2024-10-26T03:26:24.939+0530][0.330s][debug][gc,nmethod  ] Register NMethod: jdk.jfr.SettingControl.getContext (0x0000029cc2229e08) [0x0000029cc2229f60, 0x0000029cc222a3a8] Compiler: c1, Barriers: 1, Oops: 0, ImmediateOops: 2, NonImmediateOops: No
[2024-10-26T03:26:24.939+0530][0.330s][debug][gc,nmethod  ] Register NMethod: jdk.jfr.internal.Control.<init> (0x0000029cc222a408) [0x0000029cc222a5c0, 0x0000029cc222af30] Compiler: c1, Barriers: 17, Oops: 0, ImmediateOops: 4, NonImmediateOops: No
[2024-10-26T03:26:24.939+0530][0.330s][debug][gc,nmethod  ] Register NMethod: jdk.jfr.internal.EventControl$NamedControl.<init> (0x0000029cc222af88) [0x0000029cc222b0c0, 0x0000029cc222b370] Compiler: c1, Barriers: 6, Oops: 0, ImmediateOops: 0, NonImmediateOops: No
[2024-10-26T03:26:24.940+0530][0.330s][debug][gc,nmethod  ] Register NMethod: jdk.jfr.internal.EventControl.addControl (0x0000029cc222b408) [0x0000029cc222b5a0, 0x0000029cc222bd10] Compiler: c1, Barriers: 11, Oops: 0, ImmediateOops: 0, NonImmediateOops: No
[2024-10-26T03:26:24.940+0530][0.331s][debug][gc,nmethod  ] Register NMethod: java.util.concurrent.ConcurrentHashMap.get (0x0000029cc9bd0b88) [0x0000029cc9bd0ce0, 0x0000029cc9bd1178] Compiler: c2, Barriers: 8, Oops: 0, ImmediateOops: 0, NonImmediateOops: No
[2024-10-26T03:26:24.940+0530][0.331s][debug][gc,nmethod  ] Register NMethod: java.lang.invoke.MemberName.isMethod (0x0000029cc222bd88) [0x0000029cc222bea0, 0x0000029cc222c068] Compiler: c1, Barriers: 0, Oops: 0, ImmediateOops: 0, NonImmediateOops: No
[2024-10-26T03:26:24.940+0530][0.331s][debug][gc,nmethod  ] Register NMethod: java.lang.invoke.MethodHandle.invokeBasic (0x0000029cc9bd1208) [0x0000029cc9bd1320, 0x0000029cc9bd1610] Compiler: , Barriers: 0, Oops: 0, ImmediateOops: 0, NonImmediateOops: No
[2024-10-26T03:26:24.941+0530][0.332s][debug][gc,nmethod  ] Register NMethod: jdk.internal.org.objectweb.asm.MethodVisitor.<init> (0x0000029cc222c088) [0x0000029cc222c1a0, 0x0000029cc222c2e8] Compiler: c1, Barriers: 0, Oops: 0, ImmediateOops: 0, NonImmediateOops: No
[2024-10-26T03:26:24.941+0530][0.332s][debug][gc,nmethod  ] Register NMethod: jdk.internal.org.objectweb.asm.ClassWriter.visitMethod (0x0000029cc222c388) [0x0000029cc222c4e0, 0x0000029cc222c920] Compiler: c1, Barriers: 12, Oops: 0, ImmediateOops: 0, NonImmediateOops: No
[2024-10-26T03:26:24.941+0530][0.332s][debug][gc,nmethod  ] Register NMethod: jdk.internal.org.objectweb.asm.MethodWriter.visitMaxs (0x0000029cc222c988) [0x0000029cc222cae0, 0x0000029cc222cd88] Compiler: c1, Barriers: 0, Oops: 0, ImmediateOops: 0, NonImmediateOops: No
[2024-10-26T03:26:24.941+0530][0.332s][debug][gc,nmethod  ] Register NMethod: jdk.internal.org.objectweb.asm.MethodWriter.visitEnd (0x0000029cc222ce08) [0x0000029cc222cf20, 0x0000029cc222d028] Compiler: c1, Barriers: 0, Oops: 0, ImmediateOops: 0, NonImmediateOops: No
[2024-10-26T03:26:24.941+0530][0.332s][debug][gc,nmethod  ] Register NMethod: jdk.internal.org.objectweb.asm.SymbolTable.getConstantPoolCount (0x0000029cc9bd1688) [0x0000029cc9bd17a0, 0x0000029cc9bd1868] Compiler: c1, Barriers: 0, Oops: 0, ImmediateOops: 0, NonImmediateOops: No
[2024-10-26T03:26:24.941+0530][0.332s][debug][gc,nmethod  ] Register NMethod: jdk.internal.org.objectweb.asm.MethodWriter.hasFrames (0x0000029cc222d108) [0x0000029cc222d220, 0x0000029cc222d378] Compiler: c1, Barriers: 0, Oops: 0, ImmediateOops: 0, NonImmediateOops: No
[2024-10-26T03:26:24.941+0530][0.332s][debug][gc,nmethod  ] Register NMethod: jdk.internal.org.objectweb.asm.MethodWriter.<init> (0x0000029cc222d408) [0x0000029cc222d640, 0x0000029cc222e500] Compiler: c1, Barriers: 26, Oops: 0, ImmediateOops: 1, NonImmediateOops: No
[2024-10-26T03:26:24.941+0530][0.332s][debug][gc,nmethod  ] Register NMethod: jdk.internal.org.objectweb.asm.Handler.putExceptionTable (0x0000029cc222e588) [0x0000029cc222e740, 0x0000029cc222ecc8] Compiler: c1, Barriers: 5, Oops: 0, ImmediateOops: 0, NonImmediateOops: No
[2024-10-26T03:26:24.942+0530][0.333s][debug][gc,nmethod  ] Register NMethod: jdk.internal.org.objectweb.asm.MethodWriter.computeMethodInfoSize (0x0000029cc222ed08) [0x0000029cc222f060, 0x0000029cc2230780] Compiler: c1, Barriers: 43, Oops: 0, ImmediateOops: 13, NonImmediateOops: No
[2024-10-26T03:26:24.942+0530][0.333s][debug][gc,nmethod  ] Register NMethod: java.lang.invoke.MethodHandle.linkToStatic (0x0000029cc9bd1988) [0x0000029cc9bd1a80, 0x0000029cc9bd1b90] Compiler: , Barriers: 0, Oops: 0, ImmediateOops: 0, NonImmediateOops: No
[2024-10-26T03:26:24.942+0530][0.333s][debug][gc,nmethod  ] Register NMethod: java.lang.invoke.MethodHandle.linkToSpecial (0x0000029cc9bd1c88) [0x0000029cc9bd1d80, 0x0000029cc9bd1e90] Compiler: , Barriers: 0, Oops: 0, ImmediateOops: 0, NonImmediateOops: No
[2024-10-26T03:26:24.943+0530][0.333s][debug][gc,nmethod  ] Register NMethod: jdk.internal.org.objectweb.asm.MethodWriter.putMethodInfo (0x0000029cc2230808) [0x0000029cc2231000, 0x0000029cc2234948] Compiler: c1, Barriers: 89, Oops: 0, ImmediateOops: 15, NonImmediateOops: No
[2024-10-26T03:26:24.943+0530][0.334s][debug][gc,nmethod  ] Register NMethod: jdk.internal.constant.ConstantUtils.skipOverFieldSignature (0x0000029cc9bd1f88) [0x0000029cc9bd20c0, 0x0000029cc9bd2768] Compiler: c2, Barriers: 1, Oops: 0, ImmediateOops: 0, NonImmediateOops: No
[2024-10-26T03:26:24.943+0530][0.334s][debug][gc,nmethod  ] Register NMethod: java.lang.invoke.MethodHandle.invokeBasic (0x0000029cc9bd2808) [0x0000029cc9bd2920, 0x0000029cc9bd2c10] Compiler: , Barriers: 0, Oops: 0, ImmediateOops: 0, NonImmediateOops: No
[2024-10-26T03:26:24.943+0530][0.334s][debug][gc,nmethod  ] Register NMethod: java.lang.invoke.MethodHandle.linkToSpecial (0x0000029cc9bd2c88) [0x0000029cc9bd2d80, 0x0000029cc9bd2e90] Compiler: , Barriers: 0, Oops: 0, ImmediateOops: 0, NonImmediateOops: No
[2024-10-26T03:26:24.943+0530][0.334s][debug][gc,nmethod  ] Register NMethod: jdk.internal.org.objectweb.asm.SymbolTable.addTypeInternal (0x0000029cc2234a08) [0x0000029cc2234b80, 0x0000029cc2235258] Compiler: c1, Barriers: 12, Oops: 0, ImmediateOops: 0, NonImmediateOops: No
[2024-10-26T03:26:24.943+0530][0.334s][debug][gc,nmethod  ] Register NMethod: java.lang.invoke.MethodHandle.linkToSpecial (0x0000029cc9bd2f88) [0x0000029cc9bd3080, 0x0000029cc9bd3190] Compiler: , Barriers: 0, Oops: 0, ImmediateOops: 0, NonImmediateOops: No
[2024-10-26T03:26:24.943+0530][0.334s][debug][gc,nmethod  ] Register NMethod: java.lang.invoke.MethodHandleStatics.dumper (0x0000029cc2235288) [0x0000029cc22353a0, 0x0000029cc2235498] Compiler: c1, Barriers: 0, Oops: 0, ImmediateOops: 1, NonImmediateOops: No
[2024-10-26T03:26:24.944+0530][0.335s][debug][gc,nmethod  ] Register NMethod: jdk.internal.misc.Unsafe.fullFence (0x0000029cc9bd3288) [0x0000029cc9bd33a0, 0x0000029cc9bd3598] Compiler: , Barriers: 0, Oops: 0, ImmediateOops: 0, NonImmediateOops: No
[2024-10-26T03:26:24.944+0530][0.335s][debug][gc,nmethod  ] Register NMethod: java.lang.ref.Reference.refersTo0 (0x0000029cc9bd3608) [0x0000029cc9bd3720, 0x0000029cc9bd3950] Compiler: , Barriers: 0, Oops: 0, ImmediateOops: 0, NonImmediateOops: No
[2024-10-26T03:26:24.944+0530][0.335s][debug][gc,nmethod  ] Register NMethod: java.lang.invoke.TypeConvertingMethodAdapter.descriptorToName (0x0000029cc2235588) [0x0000029cc2235780, 0x0000029cc2236330] Compiler: c1, Barriers: 1, Oops: 1, ImmediateOops: 4, NonImmediateOops: No
[2024-10-26T03:26:24.945+0530][0.335s][debug][gc,nmethod  ] Register NMethod: java.lang.Thread.currentCarrierThread (0x0000029cc9bd3988) [0x0000029cc9bd3ac0, 0x0000029cc9bd3ee0] Compiler: , Barriers: 0, Oops: 0, ImmediateOops: 1, NonImmediateOops: No
[2024-10-26T03:26:24.945+0530][0.336s][debug][gc,nmethod  ] Register NMethod: java.lang.String.startsWith (0x0000029cc2236408) [0x0000029cc2236520, 0x0000029cc2236660] Compiler: c1, Barriers: 0, Oops: 0, ImmediateOops: 0, NonImmediateOops: No
[2024-10-26T03:26:24.945+0530][0.336s][debug][gc,nmethod  ] Register NMethod: sun.nio.fs.NativeBuffer.address (0x0000029cc9bd3f08) [0x0000029cc9bd4020, 0x0000029cc9bd40e8] Compiler: c1, Barriers: 0, Oops: 0, ImmediateOops: 0, NonImmediateOops: No
[2024-10-26T03:26:24.948+0530][0.338s][debug][gc,nmethod  ] Register NMethod: java.lang.invoke.MemberName.changeReferenceKind (0x0000029cc2236708) [0x0000029cc2236820, 0x0000029cc2236950] Compiler: c1, Barriers: 0, Oops: 0, ImmediateOops: 0, NonImmediateOops: No
[2024-10-26T03:26:24.948+0530][0.339s][debug][gc,nmethod  ] Register NMethod: java.lang.Integer.stringSize (0x0000029cc2236a08) [0x0000029cc2236b40, 0x0000029cc2236d78] Compiler: c1, Barriers: 0, Oops: 0, ImmediateOops: 0, NonImmediateOops: No
[2024-10-26T03:26:24.948+0530][0.339s][debug][gc,nmethod  ] Register NMethod: java.lang.StringLatin1.getChars (0x0000029cc2236d88) [0x0000029cc2236ee0, 0x0000029cc22372a0] Compiler: c1, Barriers: 0, Oops: 0, ImmediateOops: 0, NonImmediateOops: No
[2024-10-26T03:26:24.948+0530][0.339s][debug][gc,nmethod  ] Register NMethod: jdk.internal.org.objectweb.asm.SymbolTable.addConstantFieldref (0x0000029cc2237308) [0x0000029cc2237420, 0x0000029cc2237578] Compiler: c1, Barriers: 0, Oops: 0, ImmediateOops: 0, NonImmediateOops: No
[2024-10-26T03:26:24.948+0530][0.339s][debug][gc,nmethod  ] Register NMethod: jdk.internal.org.objectweb.asm.MethodWriter.visitFieldInsn (0x0000029cc2237608) [0x0000029cc2237800, 0x0000029cc22384a0] Compiler: c1, Barriers: 8, Oops: 1, ImmediateOops: 2, NonImmediateOops: No
[2024-10-26T03:26:24.949+0530][0.340s][debug][gc,nmethod  ] Register NMethod: java.lang.invoke.MethodHandleNatives.refKindIsMethod (0x0000029cc2238588) [0x0000029cc22386a0, 0x0000029cc22388c0] Compiler: c1, Barriers: 0, Oops: 0, ImmediateOops: 0, NonImmediateOops: No
[2024-10-26T03:26:24.949+0530][0.340s][debug][gc,nmethod  ] Register NMethod: jdk.jfr.internal.Type.isVisible (0x0000029cc9bd4208) [0x0000029cc9bd4320, 0x0000029cc9bd43f0] Compiler: c1, Barriers: 0, Oops: 0, ImmediateOops: 0, NonImmediateOops: No
[2024-10-26T03:26:24.949+0530][0.340s][debug][gc,nmethod  ] Register NMethod: jdk.jfr.internal.TypeLibrary$$Lambda/0x000002a0d40c0000.accept (0x0000029cc2238908) [0x0000029cc2238a40, 0x0000029cc2238e50] Compiler: c1, Barriers: 1, Oops: 0, ImmediateOops: 0, NonImmediateOops: No
[2024-10-26T03:26:24.949+0530][0.340s][debug][gc,nmethod  ] Register NMethod: jdk.jfr.internal.TypeLibrary.lambda$getVisibleTypes$4 (0x0000029cc2238e88) [0x0000029cc2238fc0, 0x0000029cc2239240] Compiler: c1, Barriers: 0, Oops: 0, ImmediateOops: 0, NonImmediateOops: No
[2024-10-26T03:26:24.949+0530][0.340s][debug][gc,nmethod  ] Register NMethod: jdk.jfr.internal.Type.compareTo (0x0000029cc2239288) [0x0000029cc22393c0, 0x0000029cc22397d8] Compiler: c1, Barriers: 0, Oops: 0, ImmediateOops: 0, NonImmediateOops: No
[2024-10-26T03:26:24.949+0530][0.340s][debug][gc,nmethod  ] Register NMethod: jdk.jfr.internal.Type.compareTo (0x0000029cc2239808) [0x0000029cc2239940, 0x0000029cc2239ba8] Compiler: c1, Barriers: 0, Oops: 0, ImmediateOops: 0, NonImmediateOops: No
[2024-10-26T03:26:24.950+0530][0.341s][debug][gc,nmethod  ] Register NMethod: java.lang.invoke.MethodHandleNatives.findMethodHandleType (0x0000029cc2239c08) [0x0000029cc2239d20, 0x0000029cc2239e40] Compiler: c1, Barriers: 0, Oops: 0, ImmediateOops: 0, NonImmediateOops: No
[2024-10-26T03:26:24.950+0530][0.341s][debug][gc,nmethod  ] Register NMethod: java.lang.invoke.MethodHandles$Lookup.isArrayClone (0x0000029cc2239f08) [0x0000029cc223a0c0, 0x0000029cc223a838] Compiler: c1, Barriers: 6, Oops: 0, ImmediateOops: 2, NonImmediateOops: No
[2024-10-26T03:26:24.950+0530][0.341s][debug][gc,nmethod  ] Register NMethod: java.lang.StringBuilder.append (0x0000029cc223a888) [0x0000029cc223a9a0, 0x0000029cc223aaf0] Compiler: c1, Barriers: 0, Oops: 0, ImmediateOops: 0, NonImmediateOops: No
[2024-10-26T03:26:24.950+0530][0.341s][debug][gc,nmethod  ] Register NMethod: sun.invoke.util.VerifyAccess.isMemberAccessible (0x0000029cc223ab88) [0x0000029cc223ae80, 0x0000029cc223c0c8] Compiler: c1, Barriers: 0, Oops: 1, ImmediateOops: 2, NonImmediateOops: No
[2024-10-26T03:26:24.950+0530][0.341s][debug][gc,nmethod  ] Register NMethod: java.lang.Long.stringSize (0x0000029cc223c188) [0x0000029cc223c2c0, 0x0000029cc223c518] Compiler: c1, Barriers: 0, Oops: 0, ImmediateOops: 0, NonImmediateOops: No
[2024-10-26T03:26:24.951+0530][0.341s][debug][gc,nmethod  ] Register NMethod: java.lang.AbstractStringBuilder.append (0x0000029cc223c588) [0x0000029cc223c700, 0x0000029cc223caa8] Compiler: c1, Barriers: 2, Oops: 0, ImmediateOops: 0, NonImmediateOops: No
[2024-10-26T03:26:24.951+0530][0.342s][debug][gc,nmethod  ] Register NMethod: java.lang.StringLatin1.getChars (0x0000029cc223cb08) [0x0000029cc223cc80, 0x0000029cc223d1b0] Compiler: c1, Barriers: 0, Oops: 0, ImmediateOops: 0, NonImmediateOops: No
[2024-10-26T03:26:24.951+0530][0.342s][debug][gc,nmethod  ] Register NMethod: java.lang.Long.toString (0x0000029cc223d208) [0x0000029cc223d360, 0x0000029cc223d700] Compiler: c1, Barriers: 3, Oops: 0, ImmediateOops: 0, NonImmediateOops: No
[2024-10-26T03:26:24.951+0530][0.342s][debug][gc,nmethod  ] Register NMethod: java.lang.String.valueOf (0x0000029cc223d788) [0x0000029cc223d8c0, 0x0000029cc223dac0] Compiler: c1, Barriers: 0, Oops: 0, ImmediateOops: 1, NonImmediateOops: No
[2024-10-26T03:26:24.951+0530][0.342s][debug][gc,nmethod  ] Register NMethod: java.lang.Boolean.toString (0x0000029cc223db08) [0x0000029cc223dc40, 0x0000029cc223de20] Compiler: c1, Barriers: 0, Oops: 0, ImmediateOops: 2, NonImmediateOops: No
[2024-10-26T03:26:24.951+0530][0.342s][debug][gc,nmethod  ] Register NMethod: jdk.jfr.internal.MetadataDescriptor$Attribute.<init> (0x0000029cc223de88) [0x0000029cc223dfc0, 0x0000029cc223e270] Compiler: c1, Barriers: 6, Oops: 0, ImmediateOops: 0, NonImmediateOops: No
[2024-10-26T03:26:24.951+0530][0.342s][debug][gc,nmethod  ] Register NMethod: java.lang.String.valueOf (0x0000029cc223e308) [0x0000029cc223e420, 0x0000029cc223e588] Compiler: c1, Barriers: 0, Oops: 0, ImmediateOops: 2, NonImmediateOops: No
[2024-10-26T03:26:24.951+0530][0.342s][debug][gc,nmethod  ] Register NMethod: jdk.jfr.internal.MetadataDescriptor$Element.addAttribute (0x0000029cc223e608) [0x0000029cc223e780, 0x0000029cc223ed98] Compiler: c1, Barriers: 7, Oops: 0, ImmediateOops: 1, NonImmediateOops: No
[2024-10-26T03:26:24.951+0530][0.342s][debug][gc,nmethod  ] Register NMethod: java.lang.Long.toString (0x0000029cc223ee08) [0x0000029cc223ef20, 0x0000029cc223f060] Compiler: c1, Barriers: 0, Oops: 0, ImmediateOops: 0, NonImmediateOops: No
[2024-10-26T03:26:24.951+0530][0.342s][debug][gc,nmethod  ] Register NMethod: jdk.jfr.internal.MetadataDescriptor$Element.<init> (0x0000029cc223f108) [0x0000029cc223f2a0, 0x0000029cc223fa20] Compiler: c1, Barriers: 15, Oops: 0, ImmediateOops: 3, NonImmediateOops: No
[2024-10-26T03:26:24.951+0530][0.342s][debug][gc,nmethod  ] Register NMethod: jdk.jfr.internal.MetadataDescriptor$Element.newChild (0x0000029cc223fa88) [0x0000029cc223fc40, 0x0000029cc22405a0] Compiler: c1, Barriers: 16, Oops: 0, ImmediateOops: 3, NonImmediateOops: No
[2024-10-26T03:26:24.951+0530][0.342s][debug][gc,nmethod  ] Register NMethod: jdk.jfr.AnnotationElement.getValueDescriptors (0x0000029cc2240608) [0x0000029cc2240740, 0x0000029cc2240980] Compiler: c1, Barriers: 1, Oops: 0, ImmediateOops: 0, NonImmediateOops: No
[2024-10-26T03:26:24.951+0530][0.342s][debug][gc,nmethod  ] Register NMethod: jdk.jfr.ValueDescriptor.isConstantPool (0x0000029cc9bd4508) [0x0000029cc9bd4620, 0x0000029cc9bd46f0] Compiler: c1, Barriers: 0, Oops: 0, ImmediateOops: 0, NonImmediateOops: No
[2024-10-26T03:26:24.951+0530][0.342s][debug][gc,nmethod  ] Register NMethod: java.util.ArrayList.elementAt (0x0000029cc2240a08) [0x0000029cc2240b20, 0x0000029cc2240c60] Compiler: c1, Barriers: 1, Oops: 0, ImmediateOops: 0, NonImmediateOops: No
[2024-10-26T03:26:24.952+0530][0.342s][debug][gc,nmethod  ] Register NMethod: jdk.jfr.internal.MetadataWriter.makeAnnotation (0x0000029cc2240d08) [0x0000029cc2240f40, 0x0000029cc2241c58] Compiler: c1, Barriers: 6, Oops: 2, ImmediateOops: 2, NonImmediateOops: No
[2024-10-26T03:26:24.952+0530][0.343s][debug][gc,nmethod  ] Register NMethod: jdk.jfr.AnnotationElement.getTypeId (0x0000029cc9bd4808) [0x0000029cc9bd4900, 0x0000029cc9bd49d0] Compiler: c2, Barriers: 1, Oops: 0, ImmediateOops: 0, NonImmediateOops: No
[2024-10-26T03:26:24.952+0530][0.343s][debug][gc,nmethod  ] Register NMethod: jdk.jfr.ValueDescriptor.getTypeId (0x0000029cc2241d08) [0x0000029cc2241e20, 0x0000029cc2242000] Compiler: c1, Barriers: 1, Oops: 0, ImmediateOops: 0, NonImmediateOops: No
[2024-10-26T03:26:24.952+0530][0.343s][debug][gc,nmethod  ] Register NMethod: jdk.jfr.FlightRecorderPermission$InternalAccess.isConstantPool (0x0000029cc2242088) [0x0000029cc22421a0, 0x0000029cc22422d0] Compiler: c1, Barriers: 0, Oops: 0, ImmediateOops: 0, NonImmediateOops: No
[2024-10-26T03:26:24.952+0530][0.343s][debug][gc,nmethod  ] Register NMethod: jdk.jfr.internal.MetadataWriter.makeFieldElement (0x0000029cc2242388) [0x0000029cc2242600, 0x0000029cc22434e0] Compiler: c1, Barriers: 7, Oops: 4, ImmediateOops: 10, NonImmediateOops: No
[2024-10-26T03:26:24.952+0530][0.343s][debug][gc,nmethod  ] Register NMethod: jdk.jfr.SettingDescriptor.getName (0x0000029cc9bd4b08) [0x0000029cc9bd4c20, 0x0000029cc9bd4d18] Compiler: c1, Barriers: 1, Oops: 0, ImmediateOops: 0, NonImmediateOops: No
[2024-10-26T03:26:24.952+0530][0.343s][debug][gc,nmethod  ] Register NMethod: jdk.jfr.SettingDescriptor.getDefaultValue (0x0000029cc9bd4e08) [0x0000029cc9bd4f20, 0x0000029cc9bd5018] Compiler: c1, Barriers: 1, Oops: 0, ImmediateOops: 0, NonImmediateOops: No
[2024-10-26T03:26:24.953+0530][0.343s][debug][gc,nmethod  ] Register NMethod: jdk.jfr.SettingDescriptor.getTypeId (0x0000029cc2243588) [0x0000029cc22436a0, 0x0000029cc2243880] Compiler: c1, Barriers: 1, Oops: 0, ImmediateOops: 0, NonImmediateOops: No
[2024-10-26T03:26:24.953+0530][0.344s][debug][gc,nmethod  ] Register NMethod: jdk.jfr.SettingDescriptor.getAnnotationElements (0x0000029cc2243908) [0x0000029cc2243a20, 0x0000029cc2243ba8] Compiler: c1, Barriers: 2, Oops: 0, ImmediateOops: 0, NonImmediateOops: No
[2024-10-26T03:26:24.953+0530][0.344s][debug][gc,nmethod  ] Register NMethod: jdk.jfr.internal.Type.getSuperType (0x0000029cc9bd5108) [0x0000029cc9bd5220, 0x0000029cc9bd5318] Compiler: c1, Barriers: 1, Oops: 0, ImmediateOops: 0, NonImmediateOops: No
[2024-10-26T03:26:24.953+0530][0.344s][debug][gc,nmethod  ] Register NMethod: jdk.jfr.internal.settings.ThresholdSetting.isType (0x0000029cc2243c08) [0x0000029cc2243d20, 0x0000029cc2243e60] Compiler: c1, Barriers: 0, Oops: 0, ImmediateOops: 0, NonImmediateOops: No
[2024-10-26T03:26:24.954+0530][0.344s][debug][gc,director ] Rule Major: Warmup 10%, Used: 26MB, UsedThreshold: 204MB
[2024-10-26T03:26:24.954+0530][0.345s][debug][gc,nmethod  ] Register NMethod: jdk.jfr.internal.util.Utils.isSettingVisible (0x0000029cc2243f08) [0x0000029cc2244060, 0x0000029cc22444f8] Compiler: c1, Barriers: 0, Oops: 0, ImmediateOops: 0, NonImmediateOops: No
[2024-10-26T03:26:24.954+0530][0.345s][debug][gc,nmethod  ] Register NMethod: jdk.jfr.internal.MetadataWriter.makeSettingElement (0x0000029cc2244588) [0x0000029cc22447a0, 0x0000029cc22452a8] Compiler: c1, Barriers: 6, Oops: 2, ImmediateOops: 4, NonImmediateOops: No
[2024-10-26T03:26:24.954+0530][0.345s][debug][gc,nmethod  ] Register NMethod: java.util.Collections$UnmodifiableCollection$1.next (0x0000029cc9bd5408) [0x0000029cc9bd5540, 0x0000029cc9bd57e8] Compiler: c2, Barriers: 4, Oops: 0, ImmediateOops: 0, NonImmediateOops: No
[2024-10-26T03:26:24.954+0530][0.345s][debug][gc,nmethod  ] Register NMethod: java.util.ImmutableCollections$List12.get (0x0000029cc9bd5888) [0x0000029cc9bd59a0, 0x0000029cc9bd5af0] Compiler: c2, Barriers: 2, Oops: 1, ImmediateOops: 1, NonImmediateOops: No
[2024-10-26T03:26:24.954+0530][0.345s][debug][gc,nmethod  ] Register NMethod: jdk.jfr.internal.MetadataWriter.lambda$new$0 (0x0000029cc2245308) [0x0000029cc2245420, 0x0000029cc2245590] Compiler: c1, Barriers: 1, Oops: 0, ImmediateOops: 0, NonImmediateOops: No
[2024-10-26T03:26:24.954+0530][0.345s][debug][gc,nmethod  ] Register NMethod: jdk.jfr.internal.MetadataWriter$$Lambda/0x000002a0d40c0a78.accept (0x0000029cc2245608) [0x0000029cc2245740, 0x0000029cc2245a30] Compiler: c1, Barriers: 2, Oops: 0, ImmediateOops: 0, NonImmediateOops: No
[2024-10-26T03:26:24.955+0530][0.346s][debug][gc,nmethod  ] Register NMethod: jdk.jfr.internal.Type.calculateSimpleType (0x0000029cc2245a88) [0x0000029cc2245bc0, 0x0000029cc2245eb0] Compiler: c1, Barriers: 2, Oops: 0, ImmediateOops: 0, NonImmediateOops: No
[2024-10-26T03:26:24.955+0530][0.346s][debug][gc,nmethod  ] Register NMethod: jdk.jfr.internal.Type.isSimpleType (0x0000029cc2245f08) [0x0000029cc2246060, 0x0000029cc2246568] Compiler: c1, Barriers: 7, Oops: 0, ImmediateOops: 2, NonImmediateOops: No
[2024-10-26T03:26:24.955+0530][0.346s][debug][gc,nmethod  ] Register NMethod: jdk.jfr.internal.MetadataDescriptor$Attribute.name (0x0000029cc9bd5b88) [0x0000029cc9bd5ca0, 0x0000029cc9bd5d98] Compiler: c1, Barriers: 1, Oops: 0, ImmediateOops: 0, NonImmediateOops: No
[2024-10-26T03:26:24.955+0530][0.346s][debug][gc,nmethod  ] Register NMethod: jdk.jfr.internal.MetadataWriter.buildStringPool (0x0000029cc2246608) [0x0000029cc2246820, 0x0000029cc22474b8] Compiler: c1, Barriers: 5, Oops: 0, ImmediateOops: 0, NonImmediateOops: No
[2024-10-26T03:26:24.955+0530][0.346s][debug][gc,nmethod  ] Register NMethod: jdk.jfr.internal.MetadataDescriptor$Attribute.value (0x0000029cc9bd5e88) [0x0000029cc9bd5fa0, 0x0000029cc9bd6098] Compiler: c1, Barriers: 1, Oops: 0, ImmediateOops: 0, NonImmediateOops: No
[2024-10-26T03:26:24.955+0530][0.346s][debug][gc,nmethod  ] Register NMethod: java.lang.StringLatin1.writeDigitPair (0x0000029cc9bd6188) [0x0000029cc9bd62a0, 0x0000029cc9bd63c0] Compiler: c2, Barriers: 0, Oops: 1, ImmediateOops: 1, NonImmediateOops: No
[2024-10-26T03:26:24.955+0530][0.346s][debug][gc,nmethod  ] Register NMethod: jdk.jfr.internal.MetadataWriter.makeTypeElement (0x0000029cc2247508) [0x0000029cc2247860, 0x0000029cc2249548] Compiler: c1, Barriers: 12, Oops: 3, ImmediateOops: 8, NonImmediateOops: No
[2024-10-26T03:26:24.956+0530][0.347s][debug][gc,nmethod  ] Register NMethod: jdk.jfr.internal.Type.getFields (0x0000029cc9bd6488) [0x0000029cc9bd65c0, 0x0000029cc9bd67b8] Compiler: c2, Barriers: 5, Oops: 0, ImmediateOops: 0, NonImmediateOops: No
[2024-10-26T03:26:24.956+0530][0.347s][debug][gc,nmethod  ] Register NMethod: java.util.HashSet.add (0x0000029cc9bd6808) [0x0000029cc9bd6920, 0x0000029cc9bd6a40] Compiler: c2, Barriers: 1, Oops: 1, ImmediateOops: 1, NonImmediateOops: No
[2024-10-26T03:26:24.956+0530][0.347s][debug][gc,nmethod  ] Register NMethod: java.io.DataOutputStream.incCount (0x0000029cc2249608) [0x0000029cc2249720, 0x0000029cc2249860] Compiler: c1, Barriers: 0, Oops: 0, ImmediateOops: 0, NonImmediateOops: No
[2024-10-26T03:26:24.956+0530][0.347s][debug][gc,nmethod  ] Register NMethod: java.io.ByteArrayOutputStream.write (0x0000029cc2249908) [0x0000029cc2249a40, 0x0000029cc2249d60] Compiler: c1, Barriers: 1, Oops: 0, ImmediateOops: 0, NonImmediateOops: No
[2024-10-26T03:26:24.956+0530][0.347s][debug][gc,nmethod  ] Register NMethod: java.io.DataOutputStream.write (0x0000029cc2249d88) [0x0000029cc2249ec0, 0x0000029cc224a2c8] Compiler: c1, Barriers: 1, Oops: 0, ImmediateOops: 0, NonImmediateOops: No
[2024-10-26T03:26:24.956+0530][0.347s][debug][gc,nmethod  ] Register NMethod: java.io.ByteArrayOutputStream.ensureCapacity (0x0000029cc224a308) [0x0000029cc224a460, 0x0000029cc224a830] Compiler: c1, Barriers: 4, Oops: 0, ImmediateOops: 0, NonImmediateOops: No
[2024-10-26T03:26:24.956+0530][0.347s][debug][gc,nmethod  ] Register NMethod: jdk.jfr.internal.MetadataWriter.writeInt (0x0000029cc224a888) [0x0000029cc224aa60, 0x0000029cc224b3d0] Compiler: c1, Barriers: 0, Oops: 0, ImmediateOops: 0, NonImmediateOops: No
[2024-10-26T03:26:24.956+0530][0.347s][debug][gc,nmethod  ] Register NMethod: jdk.jfr.internal.consumer.StringParser$Encoding.byteValue (0x0000029cc9bd6b08) [0x0000029cc9bd6c20, 0x0000029cc9bd6cf0] Compiler: c1, Barriers: 0, Oops: 0, ImmediateOops: 0, NonImmediateOops: No
[2024-10-26T03:26:24.957+0530][0.348s][debug][gc,nmethod  ] Register NMethod: jdk.jfr.internal.MetadataWriter.writeString (0x0000029cc224b408) [0x0000029cc224b600, 0x0000029cc224c0d0] Compiler: c1, Barriers: 3, Oops: 1, ImmediateOops: 4, NonImmediateOops: No
[2024-10-26T03:26:24.957+0530][0.348s][debug][gc,nmethod  ] Register NMethod: java.io.DataOutputStream.writeByte (0x0000029cc224c188) [0x0000029cc224c2c0, 0x0000029cc224c570] Compiler: c1, Barriers: 1, Oops: 0, ImmediateOops: 0, NonImmediateOops: No
[2024-10-26T03:26:24.957+0530][0.348s][debug][gc,nmethod  ] Register NMethod: java.lang.StringBuilder.append (0x0000029cc9bd6e08) [0x0000029cc9bd6f60, 0x0000029cc9bd77c0] Compiler: c2, Barriers: 7, Oops: 0, ImmediateOops: 0, NonImmediateOops: No
[2024-10-26T03:26:24.957+0530][0.348s][debug][gc,nmethod  ] Register NMethod: java.io.ByteArrayOutputStream.ensureCapacity (0x0000029cc9bd7888) [0x0000029cc9bd7980, 0x0000029cc9bd7a90] Compiler: c2, Barriers: 1, Oops: 0, ImmediateOops: 0, NonImmediateOops: No
[2024-10-26T03:26:24.958+0530][0.349s][debug][gc,nmethod  ] Register NMethod: java.io.ByteArrayOutputStream.write (0x0000029cc9bd7b88) [0x0000029cc9bd7ca0, 0x0000029cc9bd7f78] Compiler: c2, Barriers: 1, Oops: 0, ImmediateOops: 0, NonImmediateOops: No
[2024-10-26T03:26:24.958+0530][0.349s][debug][gc,nmethod  ] Register NMethod: java.io.DataOutputStream.write (0x0000029cc9bd8008) [0x0000029cc9bd8140, 0x0000029cc9bd8680] Compiler: c2, Barriers: 2, Oops: 0, ImmediateOops: 0, NonImmediateOops: No
[2024-10-26T03:26:24.958+0530][0.349s][debug][gc,nmethod  ] Register NMethod: jdk.jfr.internal.MetadataDescriptor$Element.addAttribute (0x0000029cc9bd8708) [0x0000029cc9bd8880, 0x0000029cc9bd92d8] Compiler: c2, Barriers: 18, Oops: 1, ImmediateOops: 1, NonImmediateOops: No
[2024-10-26T03:26:24.958+0530][0.349s][debug][gc,nmethod  ] Register NMethod: java.io.ByteArrayOutputStream.write (0x0000029cc224c608) [0x0000029cc224c740, 0x0000029cc224ca60] Compiler: c1, Barriers: 1, Oops: 0, ImmediateOops: 0, NonImmediateOops: No
[2024-10-26T03:26:24.959+0530][0.350s][debug][gc,nmethod  ] Register NMethod: java.util.HashMap$HashIterator.hasNext (0x0000029cc9bd9388) [0x0000029cc9bd9480, 0x0000029cc9bd9548] Compiler: c2, Barriers: 1, Oops: 0, ImmediateOops: 0, NonImmediateOops: No
[2024-10-26T03:26:24.959+0530][0.350s][debug][gc,nmethod  ] Register NMethod: jdk.jfr.internal.MetadataWriter.write (0x0000029cc224ca88) [0x0000029cc224cd20, 0x0000029cc224dfb0] Compiler: c1, Barriers: 7, Oops: 0, ImmediateOops: 0, NonImmediateOops: No
[2024-10-26T03:26:24.959+0530][0.350s][debug][gc,nmethod  ] Register NMethod: jdk.jfr.internal.MetadataWriter.writeInt (0x0000029cc9bd9688) [0x0000029cc9bd9820, 0x0000029cc9bd9fd0] Compiler: c2, Barriers: 2, Oops: 0, ImmediateOops: 0, NonImmediateOops: No
[2024-10-26T03:26:24.960+0530][0.351s][debug][gc,nmethod  ] Register NMethod: java.io.DataOutputStream.write (0x0000029cc224e008) [0x0000029cc224e140, 0x0000029cc224e548] Compiler: c1, Barriers: 1, Oops: 0, ImmediateOops: 0, NonImmediateOops: No
[2024-10-26T03:26:24.961+0530][0.352s][debug][gc,nmethod  ] Register NMethod: java.io.DataOutputStream.incCount (0x0000029cc9bda088) [0x0000029cc9bda180, 0x0000029cc9bda220] Compiler: c2, Barriers: 0, Oops: 0, ImmediateOops: 0, NonImmediateOops: No
[2024-10-26T03:26:24.962+0530][0.353s][debug][gc,reloc    ] Synchronize all workers 1 _nworkers: 0 _nsynchronized: 0
[2024-10-26T03:26:24.962+0530][0.353s][debug][gc,reloc    ] Synchronize all workers 1 _nworkers: 0 _nsynchronized: 0
[2024-10-26T03:26:24.962+0530][0.353s][debug][gc,reloc    ] Desynchronize all workers _nworkers: 0 _nsynchronized: 0
[2024-10-26T03:26:24.962+0530][0.353s][debug][gc,reloc    ] Desynchronize all workers _nworkers: 0 _nsynchronized: 0
[2024-10-26T03:26:24.962+0530][0.353s][debug][gc,nmethod  ] Register NMethod: java.io.ByteArrayOutputStream.write (0x0000029cc9bda388) [0x0000029cc9bda4c0, 0x0000029cc9bda9b8] Compiler: c2, Barriers: 4, Oops: 0, ImmediateOops: 0, NonImmediateOops: No
[2024-10-26T03:26:24.962+0530][0.353s][debug][gc,nmethod  ] Register NMethod: java.util.LinkedHashMap.get (0x0000029cc9bdaa08) [0x0000029cc9bdab60, 0x0000029cc9bdb048] Compiler: c2, Barriers: 7, Oops: 0, ImmediateOops: 0, NonImmediateOops: No
[2024-10-26T03:26:24.963+0530][0.353s][debug][gc,nmethod  ] Register NMethod: java.io.DataOutputStream.write (0x0000029cc9bdb088) [0x0000029cc9bdb1e0, 0x0000029cc9bdba40] Compiler: c2, Barriers: 5, Oops: 0, ImmediateOops: 0, NonImmediateOops: No
[2024-10-26T03:26:24.963+0530][0.354s][debug][gc,nmethod  ] Register NMethod: java.util.HashMap.<init> (0x0000029cc224e588) [0x0000029cc224e6c0, 0x0000029cc224e800] Compiler: c1, Barriers: 0, Oops: 0, ImmediateOops: 0, NonImmediateOops: No
[2024-10-26T03:26:24.963+0530][0.354s][debug][gc,nmethod  ] Register NMethod: java.lang.Math.ceil (0x0000029cc224e888) [0x0000029cc224e9a0, 0x0000029cc224eab8] Compiler: c1, Barriers: 0, Oops: 0, ImmediateOops: 0, NonImmediateOops: No
[2024-10-26T03:26:24.963+0530][0.354s][debug][gc,nmethod  ] Register NMethod: java.lang.StrictMath.ceil (0x0000029cc224eb88) [0x0000029cc224ece0, 0x0000029cc224ee10] Compiler: c1, Barriers: 0, Oops: 0, ImmediateOops: 0, NonImmediateOops: No
[2024-10-26T03:26:24.963+0530][0.354s][debug][gc,nmethod  ] Register NMethod: java.util.HashMap.calculateHashMapCapacity (0x0000029cc224ee88) [0x0000029cc224efe0, 0x0000029cc224f178] Compiler: c1, Barriers: 0, Oops: 0, ImmediateOops: 0, NonImmediateOops: No
[2024-10-26T03:26:24.964+0530][0.354s][debug][gc,nmethod  ] Register NMethod: java.util.LinkedHashMap.<init> (0x0000029cc224f208) [0x0000029cc224f360, 0x0000029cc224f518] Compiler: c1, Barriers: 0, Oops: 0, ImmediateOops: 0, NonImmediateOops: No
[2024-10-26T03:26:24.964+0530][0.355s][debug][gc,nmethod  ] Register NMethod: java.util.HashSet.<init> (0x0000029cc224f588) [0x0000029cc224f700, 0x0000029cc224faa8] Compiler: c1, Barriers: 3, Oops: 0, ImmediateOops: 0, NonImmediateOops: No
[2024-10-26T03:26:24.964+0530][0.355s][debug][gc,nmethod  ] Register NMethod: jdk.jfr.internal.MetadataWriter.writeString (0x0000029cc9bdba88) [0x0000029cc9bdbca0, 0x0000029cc9bdcdc8] Compiler: c2, Barriers: 7, Oops: 1, ImmediateOops: 1, NonImmediateOops: No
[2024-10-26T03:26:24.964+0530][0.355s][debug][gc,nmethod  ] Register NMethod: jdk.jfr.internal.SettingsManager$InternalSetting.addToMap (0x0000029cc224fb08) [0x0000029cc224fc60, 0x0000029cc2250140] Compiler: c1, Barriers: 0, Oops: 0, ImmediateOops: 0, NonImmediateOops: No
[2024-10-26T03:26:24.964+0530][0.355s][debug][gc,nmethod  ] Register NMethod: java.lang.StringLatin1.trim (0x0000029cc2250188) [0x0000029cc22502e0, 0x0000029cc2250678] Compiler: c1, Barriers: 0, Oops: 0, ImmediateOops: 0, NonImmediateOops: No
[2024-10-26T03:26:24.964+0530][0.355s][debug][gc,nmethod  ] Register NMethod: java.lang.String.trim (0x0000029cc2250688) [0x0000029cc22507e0, 0x0000029cc2250b10] Compiler: c1, Barriers: 2, Oops: 0, ImmediateOops: 0, NonImmediateOops: No
[2024-10-26T03:26:24.964+0530][0.355s][debug][gc,nmethod  ] Register NMethod: jdk.jfr.internal.SettingsManager$InternalSetting.add (0x0000029cc2250b88) [0x0000029cc2250ce0, 0x0000029cc2251070] Compiler: c1, Barriers: 5, Oops: 0, ImmediateOops: 2, NonImmediateOops: No
[2024-10-26T03:26:24.964+0530][0.355s][debug][gc,nmethod  ] Register NMethod: java.util.HashSet.newHashSet (0x0000029cc2251088) [0x0000029cc22512c0, 0x0000029cc2251d78] Compiler: c1, Barriers: 3, Oops: 1, ImmediateOops: 2, NonImmediateOops: No
[2024-10-26T03:26:24.965+0530][0.355s][debug][gc,nmethod  ] Register NMethod: jdk.jfr.internal.SettingsManager$InternalSetting.getSettingsId (0x0000029cc9bdce88) [0x0000029cc9bdcfa0, 0x0000029cc9bdd098] Compiler: c1, Barriers: 1, Oops: 0, ImmediateOops: 0, NonImmediateOops: No
[2024-10-26T03:26:24.965+0530][0.355s][debug][gc,director ] Rule Major: Warmup 10%, Used: 28MB, UsedThreshold: 204MB
[2024-10-26T03:26:24.965+0530][0.355s][debug][gc,nmethod  ] Register NMethod: java.util.LinkedHashMap.values (0x0000029cc2251e08) [0x0000029cc2251f20, 0x0000029cc2252078] Compiler: c1, Barriers: 0, Oops: 0, ImmediateOops: 0, NonImmediateOops: No
[2024-10-26T03:26:24.965+0530][0.356s][debug][gc,nmethod  ] Register NMethod: jdk.jfr.internal.util.Utils.upgradeLegacyJDKEvent (0x0000029cc2252108) [0x0000029cc2252380, 0x0000029cc22530f8] Compiler: c1, Barriers: 3, Oops: 3, ImmediateOops: 6, NonImmediateOops: No
[2024-10-26T03:26:24.965+0530][0.356s][debug][gc,nmethod  ] Register NMethod: java.util.LinkedHashMap.sequencedValues (0x0000029cc2253188) [0x0000029cc22532e0, 0x0000029cc22537c8] Compiler: c1, Barriers: 7, Oops: 0, ImmediateOops: 0, NonImmediateOops: No
[2024-10-26T03:26:24.965+0530][0.356s][debug][gc,reloc    ] Synchronize all workers 1 _nworkers: 0 _nsynchronized: 0
[2024-10-26T03:26:24.965+0530][0.356s][debug][gc,reloc    ] Synchronize all workers 1 _nworkers: 0 _nsynchronized: 0
[2024-10-26T03:26:24.965+0530][0.356s][debug][gc,reloc    ] Desynchronize all workers _nworkers: 0 _nsynchronized: 0
[2024-10-26T03:26:24.965+0530][0.356s][debug][gc,reloc    ] Desynchronize all workers _nworkers: 0 _nsynchronized: 0
[2024-10-26T03:26:24.965+0530][0.356s][debug][gc,nmethod  ] Register NMethod: jdk.jfr.internal.EventControl$NamedControl.name (0x0000029cc9bdd188) [0x0000029cc9bdd2a0, 0x0000029cc9bdd398] Compiler: c1, Barriers: 1, Oops: 0, ImmediateOops: 0, NonImmediateOops: No
[2024-10-26T03:26:24.965+0530][0.356s][debug][gc,nmethod  ] Register NMethod: jdk.jfr.internal.EventControl$NamedControl.control (0x0000029cc9bdd488) [0x0000029cc9bdd5a0, 0x0000029cc9bdd698] Compiler: c1, Barriers: 1, Oops: 0, ImmediateOops: 0, NonImmediateOops: No
[2024-10-26T03:26:24.965+0530][0.356s][debug][gc,nmethod  ] Register NMethod: java.lang.CharacterDataLatin1.equalsIgnoreCase (0x0000029cc2253808) [0x0000029cc2253940, 0x0000029cc2253bf0] Compiler: c1, Barriers: 0, Oops: 0, ImmediateOops: 0, NonImmediateOops: No
[2024-10-26T03:26:24.966+0530][0.356s][debug][gc,nmethod  ] Register NMethod: jdk.jfr.internal.JVM.setEnabled (0x0000029cc9bdd788) [0x0000029cc9bdd8a0, 0x0000029cc9bddaa8] Compiler: , Barriers: 0, Oops: 0, ImmediateOops: 1, NonImmediateOops: No
[2024-10-26T03:26:24.966+0530][0.356s][debug][gc,nmethod  ] Register NMethod: jdk.jfr.internal.Logger.shouldLog (0x0000029cc2253c08) [0x0000029cc2253d20, 0x0000029cc2253e68] Compiler: c1, Barriers: 0, Oops: 0, ImmediateOops: 0, NonImmediateOops: No
[2024-10-26T03:26:24.966+0530][0.357s][debug][gc,nmethod  ] Register NMethod: jdk.jfr.internal.Control.getLastValue (0x0000029cc9bddb08) [0x0000029cc9bddc20, 0x0000029cc9bddd18] Compiler: c1, Barriers: 1, Oops: 0, ImmediateOops: 0, NonImmediateOops: No
[2024-10-26T03:26:24.966+0530][0.357s][debug][gc,nmethod  ] Register NMethod: java.util.HashSet.size (0x0000029cc2253f08) [0x0000029cc2254020, 0x0000029cc2254200] Compiler: c1, Barriers: 1, Oops: 0, ImmediateOops: 0, NonImmediateOops: No
[2024-10-26T03:26:24.966+0530][0.357s][debug][gc,nmethod  ] Register NMethod: jdk.internal.misc.Unsafe.weakCompareAndSetLong (0x0000029cc2254288) [0x0000029cc22543a0, 0x0000029cc22544c8] Compiler: c1, Barriers: 0, Oops: 0, ImmediateOops: 0, NonImmediateOops: No
[2024-10-26T03:26:24.966+0530][0.357s][debug][gc,nmethod  ] Register NMethod: jdk.jfr.internal.JVM.getConfiguration (0x0000029cc9bdde08) [0x0000029cc9bddf40, 0x0000029cc9bde378] Compiler: , Barriers: 0, Oops: 0, ImmediateOops: 1, NonImmediateOops: No
[2024-10-26T03:26:24.966+0530][0.357s][debug][gc,nmethod  ] Register NMethod: jdk.internal.misc.Unsafe.getAndAddLong (0x0000029cc2254588) [0x0000029cc22546c0, 0x0000029cc22548f8] Compiler: c1, Barriers: 0, Oops: 0, ImmediateOops: 0, NonImmediateOops: No
[2024-10-26T03:26:24.966+0530][0.357s][debug][gc,nmethod  ] Register NMethod: jdk.internal.misc.Unsafe.putByte (0x0000029cc9bde388) [0x0000029cc9bde4a0, 0x0000029cc9bde6b8] Compiler: , Barriers: 0, Oops: 0, ImmediateOops: 0, NonImmediateOops: No
[2024-10-26T03:26:24.966+0530][0.357s][debug][gc,nmethod  ] Register NMethod: jdk.jfr.internal.settings.BooleanValue.getBoolean (0x0000029cc9bde708) [0x0000029cc9bde820, 0x0000029cc9bde8f0] Compiler: c1, Barriers: 0, Oops: 0, ImmediateOops: 0, NonImmediateOops: No
[2024-10-26T03:26:24.966+0530][0.357s][debug][gc,nmethod  ] Register NMethod: java.lang.String.isEmpty (0x0000029cc9bdea08) [0x0000029cc9bdeb00, 0x0000029cc9bdebd8] Compiler: c2, Barriers: 1, Oops: 0, ImmediateOops: 0, NonImmediateOops: No
[2024-10-26T03:26:24.966+0530][0.357s][debug][gc,nmethod  ] Register NMethod: jdk.jfr.internal.event.EventWriter.putUncheckedByte (0x0000029cc2254988) [0x0000029cc2254aa0, 0x0000029cc2254c30] Compiler: c1, Barriers: 0, Oops: 1, ImmediateOops: 1, NonImmediateOops: No
[2024-10-26T03:26:24.966+0530][0.357s][debug][gc,nmethod  ] Register NMethod: jdk.internal.misc.Unsafe.putByte (0x0000029cc2254c88) [0x0000029cc2254da0, 0x0000029cc2254eb8] Compiler: c1, Barriers: 0, Oops: 0, ImmediateOops: 0, NonImmediateOops: No
[2024-10-26T03:26:24.967+0530][0.357s][debug][gc,nmethod  ] Register NMethod: jdk.jfr.internal.JVM.getEventWriter (0x0000029cc9bded08) [0x0000029cc9bdee40, 0x0000029cc9bdf260] Compiler: , Barriers: 0, Oops: 0, ImmediateOops: 1, NonImmediateOops: No
[2024-10-26T03:26:24.967+0530][0.357s][debug][gc,nmethod  ] Register NMethod: jdk.jfr.internal.JVM.commit (0x0000029cc9bdf288) [0x0000029cc9bdf3a0, 0x0000029cc9bdf5b8] Compiler: , Barriers: 0, Oops: 0, ImmediateOops: 1, NonImmediateOops: No
[2024-10-26T03:26:24.967+0530][0.358s][debug][gc,nmethod  ] Register NMethod: jdk.jfr.internal.event.EventWriter.putUncheckedChar (0x0000029cc2254f88) [0x0000029cc22550a0, 0x0000029cc22551e0] Compiler: c1, Barriers: 0, Oops: 0, ImmediateOops: 0, NonImmediateOops: No
[2024-10-26T03:26:24.967+0530][0.358s][debug][gc,nmethod  ] Register NMethod: jdk.jfr.internal.event.EventWriter.isValidForSize (0x0000029cc2255288) [0x0000029cc22553e0, 0x0000029cc22556e8] Compiler: c1, Barriers: 0, Oops: 0, ImmediateOops: 0, NonImmediateOops: No
[2024-10-26T03:26:24.967+0530][0.358s][debug][gc,nmethod  ] Register NMethod: jdk.jfr.internal.event.EventWriter.putUncheckedLong (0x0000029cc2255708) [0x0000029cc2255940, 0x0000029cc2256200] Compiler: c1, Barriers: 0, Oops: 0, ImmediateOops: 0, NonImmediateOops: No
[2024-10-26T03:26:24.967+0530][0.358s][debug][gc,nmethod  ] Register NMethod: jdk.jfr.internal.Control.setValue (0x0000029cc2256288) [0x0000029cc2256560, 0x0000029cc2257650] Compiler: c1, Barriers: 7, Oops: 4, ImmediateOops: 8, NonImmediateOops: No
[2024-10-26T03:26:24.967+0530][0.358s][debug][gc,nmethod  ] Register NMethod: jdk.jfr.internal.event.EventWriter.putLong (0x0000029cc2257708) [0x0000029cc2257840, 0x0000029cc22579f8] Compiler: c1, Barriers: 0, Oops: 0, ImmediateOops: 0, NonImmediateOops: No
[2024-10-26T03:26:24.967+0530][0.358s][debug][gc,nmethod  ] Register NMethod: jdk.jfr.internal.event.EventConfiguration.getPlatformEventType (0x0000029cc9bdf608) [0x0000029cc9bdf720, 0x0000029cc9bdf818] Compiler: c1, Barriers: 1, Oops: 0, ImmediateOops: 0, NonImmediateOops: No
[2024-10-26T03:26:24.968+0530][0.358s][debug][gc,reloc    ] Synchronize all workers 1 _nworkers: 0 _nsynchronized: 0
[2024-10-26T03:26:24.968+0530][0.358s][debug][gc,reloc    ] Synchronize all workers 1 _nworkers: 0 _nsynchronized: 0
[2024-10-26T03:26:24.968+0530][0.359s][debug][gc,reloc    ] Desynchronize all workers _nworkers: 0 _nsynchronized: 0
[2024-10-26T03:26:24.968+0530][0.359s][debug][gc,reloc    ] Desynchronize all workers _nworkers: 0 _nsynchronized: 0
[2024-10-26T03:26:24.968+0530][0.359s][debug][gc,nmethod  ] Register NMethod: jdk.jfr.internal.event.EventWriter.putStringValue (0x0000029cc2257a08) [0x0000029cc2257c00, 0x0000029cc22585a8] Compiler: c1, Barriers: 3, Oops: 1, ImmediateOops: 3, NonImmediateOops: No
[2024-10-26T03:26:24.968+0530][0.359s][debug][gc,nmethod  ] Register NMethod: jdk.jfr.internal.PlatformEventType.isEnabled (0x0000029cc9bdf908) [0x0000029cc9bdfa20, 0x0000029cc9bdfaf0] Compiler: c1, Barriers: 0, Oops: 0, ImmediateOops: 0, NonImmediateOops: No
[2024-10-26T03:26:24.968+0530][0.359s][debug][gc,reloc    ] Synchronize all workers 1 _nworkers: 0 _nsynchronized: 0
[2024-10-26T03:26:24.968+0530][0.359s][debug][gc,nmethod  ] Register NMethod: jdk.jfr.internal.EventControl.getSettingsId (0x0000029cc9bdfc08) [0x0000029cc9bdfd20, 0x0000029cc9bdfe18] Compiler: c1, Barriers: 1, Oops: 0, ImmediateOops: 0, NonImmediateOops: No
[2024-10-26T03:26:24.968+0530][0.359s][debug][gc,reloc    ] Synchronize all workers 1 _nworkers: 0 _nsynchronized: 0
[2024-10-26T03:26:24.968+0530][0.359s][debug][gc,nmethod  ] Register NMethod: jdk.jfr.internal.PlatformEventType.isCommittable (0x0000029cc9bdff08) [0x0000029cc9be0020, 0x0000029cc9be00f0] Compiler: c1, Barriers: 0, Oops: 0, ImmediateOops: 0, NonImmediateOops: No
[2024-10-26T03:26:24.968+0530][0.359s][debug][gc,reloc    ] Desynchronize all workers _nworkers: 0 _nsynchronized: 0
[2024-10-26T03:26:24.968+0530][0.359s][debug][gc,reloc    ] Desynchronize all workers _nworkers: 0 _nsynchronized: 0
[2024-10-26T03:26:24.968+0530][0.359s][debug][gc,nmethod  ] Register NMethod: jdk.jfr.internal.event.EventWriter.putUncheckedByte (0x0000029cc9be0208) [0x0000029cc9be0300, 0x0000029cc9be0388] Compiler: c2, Barriers: 0, Oops: 0, ImmediateOops: 0, NonImmediateOops: No
[2024-10-26T03:26:24.968+0530][0.359s][debug][gc,reloc    ] Synchronize all workers 1 _nworkers: 0 _nsynchronized: 0
[2024-10-26T03:26:24.968+0530][0.359s][debug][gc,reloc    ] Synchronize all workers 1 _nworkers: 0 _nsynchronized: 0
[2024-10-26T03:26:24.968+0530][0.359s][debug][gc,reloc    ] Desynchronize all workers _nworkers: 0 _nsynchronized: 0
[2024-10-26T03:26:24.968+0530][0.359s][debug][gc,reloc    ] Desynchronize all workers _nworkers: 0 _nsynchronized: 0
[2024-10-26T03:26:24.968+0530][0.359s][debug][gc,nmethod  ] Register NMethod: jdk.jfr.internal.Control.isType (0x0000029cc2258688) [0x0000029cc22587a0, 0x0000029cc2258990] Compiler: c1, Barriers: 2, Oops: 0, ImmediateOops: 0, NonImmediateOops: No
[2024-10-26T03:26:24.968+0530][0.359s][debug][gc,nmethod  ] Register NMethod: java.lang.StringLatin1.newString (0x0000029cc9be0508) [0x0000029cc9be0640, 0x0000029cc9be0c18] Compiler: c2, Barriers: 3, Oops: 0, ImmediateOops: 0, NonImmediateOops: No
[2024-10-26T03:26:24.968+0530][0.359s][debug][gc,nmethod  ] Register NMethod: jdk.jfr.internal.PlatformEventType.hasEventHook (0x0000029cc9be0c88) [0x0000029cc9be0da0, 0x0000029cc9be0e70] Compiler: c1, Barriers: 0, Oops: 0, ImmediateOops: 0, NonImmediateOops: No
[2024-10-26T03:26:24.969+0530][0.359s][debug][gc,nmethod  ] Register NMethod: jdk.jfr.internal.event.EventWriter.putUncheckedInt (0x0000029cc2258a08) [0x0000029cc2258b20, 0x0000029cc2258c68] Compiler: c1, Barriers: 0, Oops: 0, ImmediateOops: 0, NonImmediateOops: No
[2024-10-26T03:26:24.969+0530][0.360s][debug][gc,nmethod  ] Register NMethod: jdk.jfr.internal.PlatformEventType.isLargeSize (0x0000029cc9be0f88) [0x0000029cc9be10a0, 0x0000029cc9be1170] Compiler: c1, Barriers: 0, Oops: 0, ImmediateOops: 0, NonImmediateOops: No
[2024-10-26T03:26:24.969+0530][0.360s][debug][gc,nmethod  ] Register NMethod: jdk.jfr.internal.PlatformEventType.isRegistered (0x0000029cc9be1288) [0x0000029cc9be13a0, 0x0000029cc9be1470] Compiler: c1, Barriers: 0, Oops: 0, ImmediateOops: 0, NonImmediateOops: No
[2024-10-26T03:26:24.969+0530][0.360s][debug][gc,nmethod  ] Register NMethod: jdk.jfr.internal.EventControl.getNamedControls (0x0000029cc9be1588) [0x0000029cc9be16a0, 0x0000029cc9be1798] Compiler: c1, Barriers: 1, Oops: 0, ImmediateOops: 0, NonImmediateOops: No
[2024-10-26T03:26:24.969+0530][0.360s][debug][gc,nmethod  ] Register NMethod: jdk.jfr.internal.event.EventWriter.putString (0x0000029cc2258d08) [0x0000029cc2258ee0, 0x0000029cc2259530] Compiler: c1, Barriers: 1, Oops: 0, ImmediateOops: 3, NonImmediateOops: No
[2024-10-26T03:26:24.969+0530][0.360s][debug][gc,nmethod  ] Register NMethod: jdk.jfr.internal.EventControl.getEventType (0x0000029cc9be1888) [0x0000029cc9be19a0, 0x0000029cc9be1a98] Compiler: c1, Barriers: 1, Oops: 0, ImmediateOops: 0, NonImmediateOops: No
[2024-10-26T03:26:24.969+0530][0.360s][debug][gc,nmethod  ] Register NMethod: jdk.jfr.internal.periodic.EventTask.getEventType (0x0000029cc9be1b88) [0x0000029cc9be1ca0, 0x0000029cc9be1d98] Compiler: c1, Barriers: 1, Oops: 0, ImmediateOops: 0, NonImmediateOops: No
[2024-10-26T03:26:24.969+0530][0.360s][debug][gc,nmethod  ] Register NMethod: jdk.jfr.internal.Control.isVisible (0x0000029cc2259588) [0x0000029cc2259700, 0x0000029cc2259d20] Compiler: c1, Barriers: 4, Oops: 3, ImmediateOops: 3, NonImmediateOops: No
[2024-10-26T03:26:24.970+0530][0.360s][debug][gc,nmethod  ] Register NMethod: java.lang.String.substring (0x0000029cc9be1e88) [0x0000029cc9be1fe0, 0x0000029cc9be26d8] Compiler: c2, Barriers: 4, Oops: 1, ImmediateOops: 0, NonImmediateOops: No
[2024-10-26T03:26:24.970+0530][0.361s][debug][gc,alloc    ] Mutator Allocation Rate: 177.7MB/s Predicted: 284.6MB/s, Avg: 124.2(+/-53.5)MB/s
[2024-10-26T03:26:24.970+0530][0.361s][debug][gc,nmethod  ] Register NMethod: jdk.jfr.internal.event.EventConfiguration.isEnabled (0x0000029cc2259d88) [0x0000029cc2259ea0, 0x0000029cc225a000] Compiler: c1, Barriers: 1, Oops: 0, ImmediateOops: 0, NonImmediateOops: No
[2024-10-26T03:26:24.970+0530][0.361s][debug][gc,director ] Rule Major: Warmup 10%, Used: 60MB, UsedThreshold: 204MB
[2024-10-26T03:26:24.970+0530][0.361s][debug][gc,nmethod  ] Register NMethod: jdk.jfr.internal.MetadataWriter.buildStringPool (0x0000029cc9be2788) [0x0000029cc9be2a40, 0x0000029cc9be4058] Compiler: c2, Barriers: 24, Oops: 2, ImmediateOops: 6, NonImmediateOops: No
[2024-10-26T03:26:24.971+0530][0.361s][debug][gc,nmethod  ] Register NMethod: jdk.jfr.internal.event.EventConfiguration.getId (0x0000029cc225a088) [0x0000029cc225a1c0, 0x0000029cc225a438] Compiler: c1, Barriers: 2, Oops: 0, ImmediateOops: 0, NonImmediateOops: No
[2024-10-26T03:26:24.971+0530][0.362s][debug][gc,nmethod  ] Register NMethod: jdk.jfr.EventType.getId (0x0000029cc225a488) [0x0000029cc225a5a0, 0x0000029cc225a780] Compiler: c1, Barriers: 1, Oops: 0, ImmediateOops: 0, NonImmediateOops: No
[2024-10-26T03:26:24.971+0530][0.362s][debug][gc,nmethod  ] Register NMethod: jdk.jfr.internal.event.EventWriterFactory.getEventWriter (0x0000029cc225a808) [0x0000029cc225a9a0, 0x0000029cc225aee8] Compiler: c1, Barriers: 0, Oops: 3, ImmediateOops: 8, NonImmediateOops: No
[2024-10-26T03:26:24.971+0530][0.362s][debug][gc,nmethod  ] Register NMethod: jdk.jfr.internal.event.EventWriter.reserveEventSizeField (0x0000029cc225af88) [0x0000029cc225b0c0, 0x0000029cc225b398] Compiler: c1, Barriers: 1, Oops: 0, ImmediateOops: 0, NonImmediateOops: No
[2024-10-26T03:26:24.971+0530][0.362s][debug][gc,nmethod  ] Register NMethod: jdk.jfr.internal.event.EventWriter.beginEvent (0x0000029cc225b408) [0x0000029cc225b5e0, 0x0000029cc225bfb8] Compiler: c1, Barriers: 7, Oops: 3, ImmediateOops: 8, NonImmediateOops: No
[2024-10-26T03:26:24.971+0530][0.362s][debug][gc,nmethod  ] Register NMethod: jdk.jfr.internal.event.EventWriter.endEvent (0x0000029cc225c088) [0x0000029cc225c260, 0x0000029cc225cad0] Compiler: c1, Barriers: 1, Oops: 1, ImmediateOops: 2, NonImmediateOops: No
[2024-10-26T03:26:24.972+0530][0.362s][debug][gc,nmethod  ] Register NMethod: jdk.internal.ref.CleanerImpl.getCleanerImpl (0x0000029cc225cb88) [0x0000029cc225ccc0, 0x0000029cc225cf98] Compiler: c1, Barriers: 1, Oops: 0, ImmediateOops: 1, NonImmediateOops: No
[2024-10-26T03:26:24.972+0530][0.363s][debug][gc,nmethod  ] Register NMethod: java.lang.ref.Cleaner$1.apply (0x0000029cc225d008) [0x0000029cc225d140, 0x0000029cc225d3c8] Compiler: c1, Barriers: 1, Oops: 0, ImmediateOops: 0, NonImmediateOops: No
[2024-10-26T03:26:24.972+0530][0.363s][debug][gc,nmethod  ] Register NMethod: java.lang.ref.Cleaner$1.apply (0x0000029cc225d408) [0x0000029cc225d520, 0x0000029cc225d660] Compiler: c1, Barriers: 1, Oops: 0, ImmediateOops: 0, NonImmediateOops: No
[2024-10-26T03:26:24.972+0530][0.363s][debug][gc,nmethod  ] Register NMethod: jdk.jfr.internal.event.EventWriter.putUncheckedLong (0x0000029cc9be4188) [0x0000029cc9be4280, 0x0000029cc9be4410] Compiler: c2, Barriers: 0, Oops: 0, ImmediateOops: 0, NonImmediateOops: No
[2024-10-26T03:26:24.973+0530][0.364s][debug][gc,nmethod  ] Register NMethod: jdk.jfr.internal.periodic.PeriodicTask.getPeriod (0x0000029cc9be4488) [0x0000029cc9be45a0, 0x0000029cc9be4668] Compiler: c1, Barriers: 0, Oops: 0, ImmediateOops: 0, NonImmediateOops: No
[2024-10-26T03:26:24.973+0530][0.364s][debug][gc,nmethod  ] Register NMethod: java.util.Comparator$$Lambda/0x000002a0d4011ac0.compare (0x0000029cc225d708) [0x0000029cc225d860, 0x0000029cc225dd10] Compiler: c1, Barriers: 1, Oops: 0, ImmediateOops: 0, NonImmediateOops: No
[2024-10-26T03:26:24.973+0530][0.364s][debug][gc,nmethod  ] Register NMethod: java.util.Comparator.lambda$comparingLong$6043328a$1 (0x0000029cc225dd88) [0x0000029cc225dee0, 0x0000029cc225e2c8] Compiler: c1, Barriers: 0, Oops: 0, ImmediateOops: 0, NonImmediateOops: No
[2024-10-26T03:26:24.974+0530][0.365s][debug][gc,nmethod  ] Register NMethod: java.lang.StringUTF16.getChar (0x0000029cc225e308) [0x0000029cc225e420, 0x0000029cc225e590] Compiler: c1, Barriers: 0, Oops: 0, ImmediateOops: 0, NonImmediateOops: No
[2024-10-26T03:26:24.974+0530][0.365s][debug][gc,nmethod  ] Register NMethod: java.lang.String.<init> (0x0000029cc2120508) [0x0000029cc2120a00, 0x0000029cc2123338] Compiler: c1, Barriers: 35, Oops: 0, ImmediateOops: 6, NonImmediateOops: No
[2024-10-26T03:26:24.974+0530][0.365s][debug][gc,nmethod  ] Register NMethod: java.lang.String.<init> (0x0000029cc2120508) [0x0000029cc2120a00, 0x0000029cc2123338] Compiler: c1, Barriers: 35, Oops: 0, ImmediateOops: 6, NonImmediateOops: No
[2024-10-26T03:26:24.974+0530][0.365s][debug][gc,nmethod  ] Register NMethod: java.util.Collections$UnmodifiableCollection$1.next (0x0000029cc9be4788) [0x0000029cc9be4920, 0x0000029cc9be5400] Compiler: c2, Barriers: 29, Oops: 0, ImmediateOops: 0, NonImmediateOops: No
[2024-10-26T03:26:24.974+0530][0.365s][debug][gc,nmethod  ] Register NMethod: java.lang.String.isLatin1 (0x0000029cc225e608) [0x0000029cc225e720, 0x0000029cc225e890] Compiler: c1, Barriers: 0, Oops: 0, ImmediateOops: 0, NonImmediateOops: No
[2024-10-26T03:26:24.974+0530][0.365s][debug][gc,nmethod  ] Register NMethod: java.lang.String.value (0x0000029cc9be5488) [0x0000029cc9be55a0, 0x0000029cc9be5698] Compiler: c1, Barriers: 1, Oops: 0, ImmediateOops: 0, NonImmediateOops: No
[2024-10-26T03:26:24.974+0530][0.365s][debug][gc,nmethod  ] Register NMethod: java.lang.String.charAt (0x0000029cc225e908) [0x0000029cc225ea80, 0x0000029cc225f010] Compiler: c1, Barriers: 2, Oops: 1, ImmediateOops: 2, NonImmediateOops: No
[2024-10-26T03:26:24.974+0530][0.365s][debug][gc,nmethod  ] Register NMethod: java.util.zip.ZipUtils.CENNAM (0x0000029cc225f088) [0x0000029cc225f1a0, 0x0000029cc225f348] Compiler: c1, Barriers: 0, Oops: 0, ImmediateOops: 0, NonImmediateOops: No
[2024-10-26T03:26:24.974+0530][0.365s][debug][gc,nmethod  ] Register NMethod: java.util.zip.ZipUtils.CENHOW (0x0000029cc225f388) [0x0000029cc225f4a0, 0x0000029cc225f648] Compiler: c1, Barriers: 0, Oops: 0, ImmediateOops: 0, NonImmediateOops: No
[2024-10-26T03:26:24.975+0530][0.365s][debug][gc,nmethod  ] Register NMethod: java.util.zip.ZipUtils.CENFLG (0x0000029cc225f688) [0x0000029cc225f7a0, 0x0000029cc225f948] Compiler: c1, Barriers: 0, Oops: 0, ImmediateOops: 0, NonImmediateOops: No
[2024-10-26T03:26:24.975+0530][0.366s][debug][gc,nmethod  ] Register NMethod: java.util.zip.ZipFile$Source.zipCoderForPos (0x0000029cc225f988) [0x0000029cc225fae0, 0x0000029cc225ff78] Compiler: c1, Barriers: 4, Oops: 0, ImmediateOops: 1, NonImmediateOops: No
[2024-10-26T03:26:24.975+0530][0.366s][debug][gc,nmethod  ] Register NMethod: java.lang.StringLatin1.indexOf (0x0000029cc9be5788) [0x0000029cc9be58c0, 0x0000029cc9be5f10] Compiler: c2, Barriers: 0, Oops: 0, ImmediateOops: 0, NonImmediateOops: No
[2024-10-26T03:26:24.975+0530][0.366s][debug][gc,nmethod  ] Register NMethod: java.util.zip.ZipUtils.CENSIG (0x0000029cc2260008) [0x0000029cc2260140, 0x0000029cc2260418] Compiler: c1, Barriers: 0, Oops: 0, ImmediateOops: 0, NonImmediateOops: No
[2024-10-26T03:26:24.975+0530][0.366s][debug][gc,nmethod  ] Register NMethod: java.util.zip.ZipCoder$UTF8ZipCoder.checkedHash (0x0000029cc2260488) [0x0000029cc2260600, 0x0000029cc2260a30] Compiler: c1, Barriers: 0, Oops: 0, ImmediateOops: 2, NonImmediateOops: No
[2024-10-26T03:26:24.975+0530][0.366s][debug][gc,nmethod  ] Register NMethod: java.util.zip.ZipFile$Source.isMetaName (0x0000029cc2260a88) [0x0000029cc2260bc0, 0x0000029cc2261030] Compiler: c1, Barriers: 0, Oops: 0, ImmediateOops: 0, NonImmediateOops: No
[2024-10-26T03:26:24.975+0530][0.366s][debug][gc,nmethod  ] Register NMethod: java.util.zip.ZipFile$Source.nextEntryPos (0x0000029cc2261088) [0x0000029cc22611c0, 0x0000029cc2261518] Compiler: c1, Barriers: 1, Oops: 0, ImmediateOops: 0, NonImmediateOops: No
[2024-10-26T03:26:24.975+0530][0.366s][debug][gc,nmethod  ] Register NMethod: java.lang.String.lastIndexOf (0x0000029cc2261588) [0x0000029cc2261700, 0x0000029cc2261b20] Compiler: c1, Barriers: 1, Oops: 0, ImmediateOops: 0, NonImmediateOops: No
[2024-10-26T03:26:24.976+0530][0.366s][debug][gc,nmethod  ] Register NMethod: java.lang.String.lastIndexOf (0x0000029cc2261b88) [0x0000029cc2261ce0, 0x0000029cc2261fe0] Compiler: c1, Barriers: 2, Oops: 0, ImmediateOops: 0, NonImmediateOops: No
[2024-10-26T03:26:24.976+0530][0.367s][debug][gc,nmethod  ] Register NMethod: java.util.zip.ZipFile$Source.checkAndAddEntry (0x0000029cc2262008) [0x0000029cc2262420, 0x0000029cc2264608] Compiler: c1, Barriers: 3, Oops: 7, ImmediateOops: 8, NonImmediateOops: No
[2024-10-26T03:26:24.976+0530][0.367s][debug][gc,nmethod  ] Register NMethod: java.lang.StringCoding.countPositives (0x0000029cc9be5f88) [0x0000029cc9be60a0, 0x0000029cc9be62d0] Compiler: c2, Barriers: 0, Oops: 0, ImmediateOops: 0, NonImmediateOops: No
[2024-10-26T03:26:24.977+0530][0.368s][debug][gc,nmethod  ] Register NMethod: java.lang.NamedPackage.module (0x0000029cc9be6308) [0x0000029cc9be6420, 0x0000029cc9be6518] Compiler: c1, Barriers: 1, Oops: 0, ImmediateOops: 0, NonImmediateOops: No
[2024-10-26T03:26:24.978+0530][0.369s][debug][gc,nmethod  ] Register NMethod: java.lang.invoke.MethodHandles$Lookup.in (0x0000029cc2264708) [0x0000029cc2264ac0, 0x0000029cc22665b8] Compiler: c1, Barriers: 8, Oops: 2, ImmediateOops: 6, NonImmediateOops: No
[2024-10-26T03:26:24.980+0530][0.370s][debug][gc,nmethod  ] Register NMethod: java.lang.Object.equals (0x0000029cc9be6608) [0x0000029cc9be6700, 0x0000029cc9be6788] Compiler: c2, Barriers: 0, Oops: 0, ImmediateOops: 0, NonImmediateOops: No
[2024-10-26T03:26:24.980+0530][0.371s][debug][gc,nmethod  ] Register NMethod: sun.invoke.util.VerifyAccess.ensureTypeVisible (0x0000029cc2041d08) [0x0000029cc2041f60, 0x0000029cc2042d48] Compiler: c1, Barriers: 4, Oops: 0, ImmediateOops: 1, NonImmediateOops: No
[2024-10-26T03:26:24.981+0530][0.371s][debug][gc,director ] Rule Major: Warmup 10%, Used: 60MB, UsedThreshold: 204MB
[2024-10-26T03:26:24.981+0530][0.372s][debug][gc,nmethod  ] Register NMethod: java.util.stream.ReferencePipeline$2$1.accept (0x0000029cc2266688) [0x0000029cc22667e0, 0x0000029cc2266b70] Compiler: c1, Barriers: 3, Oops: 0, ImmediateOops: 0, NonImmediateOops: No
[2024-10-26T03:26:24.981+0530][0.372s][debug][gc,nmethod  ] Register NMethod: java.util.zip.ZipUtils.CENSIZ (0x0000029cc2266b88) [0x0000029cc2266cc0, 0x0000029cc2266f98] Compiler: c1, Barriers: 0, Oops: 0, ImmediateOops: 0, NonImmediateOops: No
[2024-10-26T03:26:24.981+0530][0.372s][debug][gc,nmethod  ] Register NMethod: java.util.zip.ZipUtils.CENLEN (0x0000029cc2267008) [0x0000029cc2267140, 0x0000029cc2267418] Compiler: c1, Barriers: 0, Oops: 0, ImmediateOops: 0, NonImmediateOops: No
[2024-10-26T03:26:24.981+0530][0.372s][debug][gc,nmethod  ] Register NMethod: java.lang.String.<init> (0x0000029cc9be6908) [0x0000029cc9be6a00, 0x0000029cc9be6b10] Compiler: c2, Barriers: 3, Oops: 0, ImmediateOops: 0, NonImmediateOops: No
[2024-10-26T03:26:24.981+0530][0.372s][debug][gc,nmethod  ] Register NMethod: java.lang.String.checkBoundsOffCount (0x0000029cc9be6c08) [0x0000029cc9be6d00, 0x0000029cc9be6dc8] Compiler: c2, Barriers: 0, Oops: 1, ImmediateOops: 0, NonImmediateOops: No
[2024-10-26T03:26:24.982+0530][0.372s][debug][gc,nmethod  ] Register NMethod: jdk.jfr.internal.JVM.counterTime (0x0000029cc9be6f08) [0x0000029cc9be7020, 0x0000029cc9be7230] Compiler: , Barriers: 0, Oops: 0, ImmediateOops: 1, NonImmediateOops: No
[2024-10-26T03:26:24.982+0530][0.372s][debug][gc,nmethod  ] Register NMethod: jdk.internal.org.objectweb.asm.ByteVector.putShort (0x0000029cc9be7288) [0x0000029cc9be73a0, 0x0000029cc9be75e0] Compiler: c2, Barriers: 2, Oops: 0, ImmediateOops: 0, NonImmediateOops: No
[2024-10-26T03:26:24.982+0530][0.373s][debug][gc,nmethod  ] Register NMethod: java.lang.StringLatin1.indexOf (0x0000029cc2267488) [0x0000029cc22675e0, 0x0000029cc2267a78] Compiler: c1, Barriers: 0, Oops: 0, ImmediateOops: 0, NonImmediateOops: No
[2024-10-26T03:26:24.982+0530][0.373s][debug][gc,nmethod  ] Register NMethod: java.lang.ref.Reference.refersTo (0x0000029cc2267a88) [0x0000029cc2267ba0, 0x0000029cc2267d68] Compiler: c1, Barriers: 0, Oops: 0, ImmediateOops: 0, NonImmediateOops: No
[2024-10-26T03:26:24.982+0530][0.373s][debug][gc,nmethod  ] Register NMethod: java.lang.ref.Reference.refersToImpl (0x0000029cc2267d88) [0x0000029cc2267ea0, 0x0000029cc2267fd8] Compiler: c1, Barriers: 0, Oops: 0, ImmediateOops: 0, NonImmediateOops: No
[2024-10-26T03:26:24.982+0530][0.373s][debug][gc,nmethod  ] Register NMethod: java.lang.invoke.MethodHandle.linkToSpecial (0x0000029cc9be7608) [0x0000029cc9be7700, 0x0000029cc9be7818] Compiler: , Barriers: 0, Oops: 0, ImmediateOops: 0, NonImmediateOops: No
[2024-10-26T03:26:24.982+0530][0.373s][debug][gc,nmethod  ] Register NMethod: java.lang.invoke.MethodHandle.linkToStatic (0x0000029cc9be7908) [0x0000029cc9be7a00, 0x0000029cc9be7b10] Compiler: , Barriers: 0, Oops: 0, ImmediateOops: 0, NonImmediateOops: No
[2024-10-26T03:26:24.982+0530][0.373s][debug][gc,nmethod  ] Register NMethod: java.lang.invoke.MethodHandle.invokeBasic (0x0000029cc9be7c08) [0x0000029cc9be7d20, 0x0000029cc9be8010] Compiler: , Barriers: 0, Oops: 0, ImmediateOops: 0, NonImmediateOops: No
[2024-10-26T03:26:24.982+0530][0.373s][debug][gc,nmethod  ] Register NMethod: java.lang.invoke.MethodHandle.linkToSpecial (0x0000029cc9be8088) [0x0000029cc9be8180, 0x0000029cc9be8290] Compiler: , Barriers: 0, Oops: 0, ImmediateOops: 0, NonImmediateOops: No
[2024-10-26T03:26:24.983+0530][0.374s][debug][gc,nmethod  ] Register NMethod: java.lang.invoke.MethodHandle.linkToStatic (0x0000029cc9be8388) [0x0000029cc9be8480, 0x0000029cc9be8590] Compiler: , Barriers: 0, Oops: 0, ImmediateOops: 0, NonImmediateOops: No
[2024-10-26T03:26:24.983+0530][0.374s][debug][gc,nmethod  ] Register NMethod: java.lang.invoke.MethodHandle.invokeBasic (0x0000029cc9be8688) [0x0000029cc9be87a0, 0x0000029cc9be8a90] Compiler: , Barriers: 0, Oops: 0, ImmediateOops: 0, NonImmediateOops: No
[2024-10-26T03:26:24.983+0530][0.374s][debug][gc,nmethod  ] Register NMethod: java.lang.invoke.MethodHandle.linkToSpecial (0x0000029cc9be8b08) [0x0000029cc9be8c00, 0x0000029cc9be8d10] Compiler: , Barriers: 0, Oops: 0, ImmediateOops: 0, NonImmediateOops: No
[2024-10-26T03:26:24.983+0530][0.374s][debug][gc,nmethod  ] Register NMethod: sun.invoke.util.VerifyAccess.ensureTypeVisible (0x0000029cc2268088) [0x0000029cc2268200, 0x0000029cc22686a8] Compiler: c1, Barriers: 4, Oops: 0, ImmediateOops: 0, NonImmediateOops: No
[2024-10-26T03:26:24.983+0530][0.374s][debug][gc,nmethod  ] Register NMethod: jdk.internal.org.objectweb.asm.Type.getTypeInternal (0x0000029cc2268708) [0x0000029cc22689e0, 0x0000029cc2269d38] Compiler: c1, Barriers: 11, Oops: 2, ImmediateOops: 13, NonImmediateOops: No
[2024-10-26T03:26:24.983+0530][0.374s][debug][gc,nmethod  ] Register NMethod: java.lang.invoke.MethodHandle.invokeBasic (0x0000029cc9be8e08) [0x0000029cc9be8f20, 0x0000029cc9be9210] Compiler: , Barriers: 0, Oops: 0, ImmediateOops: 0, NonImmediateOops: No
[2024-10-26T03:26:24.983+0530][0.374s][debug][gc,nmethod  ] Register NMethod: java.lang.invoke.MethodHandle.linkToSpecial (0x0000029cc9be9288) [0x0000029cc9be9380, 0x0000029cc9be9490] Compiler: , Barriers: 0, Oops: 0, ImmediateOops: 0, NonImmediateOops: No
[2024-10-26T03:26:24.984+0530][0.375s][debug][gc,nmethod  ] Register NMethod: java.lang.invoke.MethodHandle.invokeBasic (0x0000029cc9be9588) [0x0000029cc9be96a0, 0x0000029cc9be9990] Compiler: , Barriers: 0, Oops: 0, ImmediateOops: 0, NonImmediateOops: No
[2024-10-26T03:26:24.984+0530][0.375s][debug][gc,nmethod  ] Register NMethod: java.lang.invoke.MethodHandle.linkToSpecial (0x0000029cc9be9a08) [0x0000029cc9be9b00, 0x0000029cc9be9c10] Compiler: , Barriers: 0, Oops: 0, ImmediateOops: 0, NonImmediateOops: No
[2024-10-26T03:26:24.984+0530][0.375s][debug][gc,nmethod  ] Register NMethod: jdk.internal.org.objectweb.asm.MethodWriter.visitTypeInsn (0x0000029cc2269e08) [0x0000029cc2269f80, 0x0000029cc226a4a0] Compiler: c1, Barriers: 6, Oops: 0, ImmediateOops: 0, NonImmediateOops: No
[2024-10-26T03:26:24.984+0530][0.375s][debug][gc,nmethod  ] Register NMethod: jdk.internal.org.objectweb.asm.MethodWriter.visitAbstractType (0x0000029cc226a508) [0x0000029cc226a620, 0x0000029cc226a790] Compiler: c1, Barriers: 1, Oops: 0, ImmediateOops: 0, NonImmediateOops: No
[2024-10-26T03:26:24.984+0530][0.375s][debug][gc,nmethod  ] Register NMethod: java.lang.invoke.MethodHandle.linkToStatic (0x0000029cc9be9d08) [0x0000029cc9be9e00, 0x0000029cc9be9f10] Compiler: , Barriers: 0, Oops: 0, ImmediateOops: 0, NonImmediateOops: No
[2024-10-26T03:26:24.984+0530][0.375s][debug][gc,nmethod  ] Register NMethod: java.lang.invoke.MethodHandle.invokeBasic (0x0000029cc9bea008) [0x0000029cc9bea120, 0x0000029cc9bea410] Compiler: , Barriers: 0, Oops: 0, ImmediateOops: 0, NonImmediateOops: No
[2024-10-26T03:26:24.984+0530][0.375s][debug][gc,nmethod  ] Register NMethod: java.lang.invoke.MethodHandle.linkToSpecial (0x0000029cc9bea488) [0x0000029cc9bea580, 0x0000029cc9bea690] Compiler: , Barriers: 0, Oops: 0, ImmediateOops: 0, NonImmediateOops: No
[2024-10-26T03:26:24.984+0530][0.375s][debug][gc,nmethod  ] Register NMethod: jdk.internal.org.objectweb.asm.SymbolTable.put (0x0000029cc9bea788) [0x0000029cc9bea8a0, 0x0000029cc9beabf0] Compiler: c2, Barriers: 8, Oops: 0, ImmediateOops: 0, NonImmediateOops: No
[2024-10-26T03:26:24.984+0530][0.375s][debug][gc,nmethod  ] Register NMethod: java.lang.invoke.LambdaForm$Name.isParam (0x0000029cc226a808) [0x0000029cc226a920, 0x0000029cc226aab0] Compiler: c1, Barriers: 1, Oops: 0, ImmediateOops: 0, NonImmediateOops: No
[2024-10-26T03:26:24.984+0530][0.375s][debug][gc,nmethod  ] Register NMethod: jdk.internal.org.objectweb.asm.MethodWriter.visitCode (0x0000029cc226ab08) [0x0000029cc226ac20, 0x0000029cc226ad28] Compiler: c1, Barriers: 0, Oops: 0, ImmediateOops: 0, NonImmediateOops: No
[2024-10-26T03:26:24.985+0530][0.376s][debug][gc,nmethod  ] Register NMethod: java.util.concurrent.ConcurrentHashMap$Node.<init> (0x0000029cc226ae08) [0x0000029cc226af40, 0x0000029cc226b278] Compiler: c1, Barriers: 9, Oops: 0, ImmediateOops: 0, NonImmediateOops: No
[2024-10-26T03:26:24.985+0530][0.376s][debug][gc,nmethod  ] Register NMethod: java.lang.invoke.MethodHandle.linkToStatic (0x0000029cc9beac08) [0x0000029cc9bead00, 0x0000029cc9beae10] Compiler: , Barriers: 0, Oops: 0, ImmediateOops: 0, NonImmediateOops: No
[2024-10-26T03:26:24.985+0530][0.376s][debug][gc,nmethod  ] Register NMethod: java.lang.invoke.LambdaForm.returnType (0x0000029cc226b308) [0x0000029cc226b440, 0x0000029cc226b670] Compiler: c1, Barriers: 3, Oops: 0, ImmediateOops: 1, NonImmediateOops: No
[2024-10-26T03:26:24.985+0530][0.376s][debug][gc,nmethod  ] Register NMethod: java.lang.invoke.MethodHandle.invokeBasic (0x0000029cc9beaf08) [0x0000029cc9beb020, 0x0000029cc9beb310] Compiler: , Barriers: 0, Oops: 0, ImmediateOops: 0, NonImmediateOops: No
[2024-10-26T03:26:24.985+0530][0.376s][debug][gc,nmethod  ] Register NMethod: sun.invoke.util.Wrapper.isDoubleWord (0x0000029cc226b688) [0x0000029cc226b7a0, 0x0000029cc226b900] Compiler: c1, Barriers: 0, Oops: 0, ImmediateOops: 0, NonImmediateOops: No
[2024-10-26T03:26:24.985+0530][0.376s][debug][gc,nmethod  ] Register NMethod: java.lang.invoke.MethodHandle.invokeBasic (0x0000029cc9beb388) [0x0000029cc9beb4a0, 0x0000029cc9beb790] Compiler: , Barriers: 0, Oops: 0, ImmediateOops: 0, NonImmediateOops: No
[2024-10-26T03:26:24.985+0530][0.376s][debug][gc,nmethod  ] Register NMethod: java.lang.invoke.MethodHandle.linkToSpecial (0x0000029cc9beb808) [0x0000029cc9beb900, 0x0000029cc9beba10] Compiler: , Barriers: 0, Oops: 0, ImmediateOops: 0, NonImmediateOops: No
[2024-10-26T03:26:24.986+0530][0.377s][debug][gc,nmethod  ] Register NMethod: java.lang.invoke.LambdaForm$Name.<init> (0x0000029cc226b988) [0x0000029cc226bb40, 0x0000029cc226c2f8] Compiler: c1, Barriers: 8, Oops: 0, ImmediateOops: 1, NonImmediateOops: No
[2024-10-26T03:26:24.986+0530][0.377s][debug][gc,nmethod  ] Register NMethod: jdk.internal.org.objectweb.asm.Frame.push (0x0000029cc226c388) [0x0000029cc226c540, 0x0000029cc226cd20] Compiler: c1, Barriers: 2, Oops: 1, ImmediateOops: 2, NonImmediateOops: No
[2024-10-26T03:26:24.986+0530][0.377s][debug][gc,nmethod  ] Register NMethod: jdk.internal.org.objectweb.asm.ByteVector.put11 (0x0000029cc226cd88) [0x0000029cc226cec0, 0x0000029cc226d128] Compiler: c1, Barriers: 2, Oops: 0, ImmediateOops: 0, NonImmediateOops: No
[2024-10-26T03:26:24.987+0530][0.378s][debug][gc,nmethod  ] Register NMethod: java.util.zip.Inflater$InflaterZStreamRef.address (0x0000029cc9bebb08) [0x0000029cc9bebc20, 0x0000029cc9bebce8] Compiler: c1, Barriers: 0, Oops: 0, ImmediateOops: 0, NonImmediateOops: No
[2024-10-26T03:26:24.988+0530][0.379s][debug][gc,nmethod  ] Register NMethod: java.lang.invoke.DirectMethodHandle$Constructor.<init> (0x0000029cc226d188) [0x0000029cc226d2c0, 0x0000029cc226d510] Compiler: c1, Barriers: 6, Oops: 0, ImmediateOops: 0, NonImmediateOops: No
[2024-10-26T03:26:24.989+0530][0.379s][debug][gc,nmethod  ] Register NMethod: java.util.Optional.empty (0x0000029cc226d588) [0x0000029cc226d6a0, 0x0000029cc226d798] Compiler: c1, Barriers: 0, Oops: 0, ImmediateOops: 1, NonImmediateOops: No
[2024-10-26T03:26:24.989+0530][0.380s][debug][gc,nmethod  ] Register NMethod: java.nio.DirectByteBuffer.ix (0x0000029cc9bebe08) [0x0000029cc9bebf00, 0x0000029cc9bebf80] Compiler: c2, Barriers: 0, Oops: 0, ImmediateOops: 0, NonImmediateOops: No
[2024-10-26T03:26:24.989+0530][0.380s][debug][gc,nmethod  ] Register NMethod: jdk.internal.jimage.ImageLocation.readValue (0x0000029cc226d888) [0x0000029cc226d9e0, 0x0000029cc226dd98] Compiler: c1, Barriers: 0, Oops: 0, ImmediateOops: 1, NonImmediateOops: No
[2024-10-26T03:26:24.989+0530][0.380s][debug][gc,nmethod  ] Register NMethod: jdk.internal.reflect.DirectConstructorHandleAccessor.newInstance (0x0000029cc21ed708) [0x0000029cc21edb60, 0x0000029cc21effc8] Compiler: c1, Barriers: 17, Oops: 4, ImmediateOops: 11, NonImmediateOops: No
[2024-10-26T03:26:24.989+0530][0.380s][debug][gc,nmethod  ] Register NMethod: java.lang.String.charAt (0x0000029cc9bec108) [0x0000029cc9bec220, 0x0000029cc9bec380] Compiler: c2, Barriers: 1, Oops: 1, ImmediateOops: 0, NonImmediateOops: No
[2024-10-26T03:26:24.989+0530][0.380s][debug][gc,nmethod  ] Register NMethod: java.util.jar.JarFile$JarFileEntry.getName (0x0000029cc9bec408) [0x0000029cc9bec520, 0x0000029cc9bec620] Compiler: c1, Barriers: 1, Oops: 0, ImmediateOops: 0, NonImmediateOops: No
[2024-10-26T03:26:24.989+0530][0.380s][debug][gc,nmethod  ] Register NMethod: java.lang.String.endsWith (0x0000029cc226de08) [0x0000029cc226df60, 0x0000029cc226e300] Compiler: c1, Barriers: 2, Oops: 0, ImmediateOops: 0, NonImmediateOops: No
[2024-10-26T03:26:24.989+0530][0.380s][debug][gc,nmethod  ] Register NMethod: java.util.zip.ZipUtils.get16 (0x0000029cc226e388) [0x0000029cc226e4a0, 0x0000029cc226e5e8] Compiler: c1, Barriers: 0, Oops: 0, ImmediateOops: 0, NonImmediateOops: No
[2024-10-26T03:26:24.989+0530][0.380s][debug][gc,nmethod  ] Register NMethod: java.lang.StringConcatHelper.prepend (0x0000029cc226e688) [0x0000029cc226e7e0, 0x0000029cc226ead0] Compiler: c1, Barriers: 1, Oops: 0, ImmediateOops: 0, NonImmediateOops: No
[2024-10-26T03:26:24.990+0530][0.381s][debug][gc,nmethod  ] Register NMethod: java.net.URI.match (0x0000029cc226eb08) [0x0000029cc226ec40, 0x0000029cc226eef8] Compiler: c1, Barriers: 0, Oops: 0, ImmediateOops: 0, NonImmediateOops: No
[2024-10-26T03:26:24.990+0530][0.381s][debug][gc,nmethod  ] Register NMethod: java.lang.String.substring (0x0000029cc226ef08) [0x0000029cc226f0a0, 0x0000029cc226f690] Compiler: c1, Barriers: 1, Oops: 1, ImmediateOops: 1, NonImmediateOops: No
[2024-10-26T03:26:24.990+0530][0.381s][debug][gc,nmethod  ] Register NMethod: java.lang.StringConcatHelper.checkOverflow (0x0000029cc226f708) [0x0000029cc226f840, 0x0000029cc226fa08] Compiler: c1, Barriers: 0, Oops: 0, ImmediateOops: 1, NonImmediateOops: No
[2024-10-26T03:26:24.990+0530][0.381s][debug][gc,nmethod  ] Register NMethod: java.lang.StringConcatHelper.mix (0x0000029cc226fa88) [0x0000029cc226fbe0, 0x0000029cc226fff0] Compiler: c1, Barriers: 1, Oops: 0, ImmediateOops: 1, NonImmediateOops: No
[2024-10-26T03:26:24.990+0530][0.381s][debug][gc,nmethod  ] Register NMethod: java.lang.StringLatin1.regionMatchesCI (0x0000029cc2270088) [0x0000029cc22701c0, 0x0000029cc2270470] Compiler: c1, Barriers: 0, Oops: 0, ImmediateOops: 0, NonImmediateOops: No
[2024-10-26T03:26:24.990+0530][0.381s][debug][gc,nmethod  ] Register NMethod: java.lang.StringConcatHelper.stringOf (0x0000029cc2270488) [0x0000029cc22705c0, 0x0000029cc22707e0] Compiler: c1, Barriers: 0, Oops: 0, ImmediateOops: 1, NonImmediateOops: No
[2024-10-26T03:26:24.990+0530][0.381s][debug][gc,nmethod  ] Register NMethod: java.util.stream.ReferencePipeline$3$1.accept (0x0000029cc2270808) [0x0000029cc2270960, 0x0000029cc2270cb8] Compiler: c1, Barriers: 3, Oops: 0, ImmediateOops: 0, NonImmediateOops: No
[2024-10-26T03:26:24.990+0530][0.381s][debug][gc,nmethod  ] Register NMethod: java.lang.String.regionMatches (0x0000029cc2270d08) [0x0000029cc2270ee0, 0x0000029cc22716d8] Compiler: c1, Barriers: 2, Oops: 0, ImmediateOops: 0, NonImmediateOops: No
[2024-10-26T03:26:24.990+0530][0.381s][debug][gc,nmethod  ] Register NMethod: java.lang.StringLatin1.newString (0x0000029cc2271708) [0x0000029cc2271860, 0x0000029cc2271b88] Compiler: c1, Barriers: 3, Oops: 0, ImmediateOops: 1, NonImmediateOops: No
[2024-10-26T03:26:24.991+0530][0.381s][debug][gc,director ] Rule Major: Warmup 10%, Used: 60MB, UsedThreshold: 204MB
[2024-10-26T03:26:24.991+0530][0.381s][debug][gc,nmethod  ] Register NMethod: java.net.URL.getProtocol (0x0000029cc9bec708) [0x0000029cc9bec820, 0x0000029cc9bec918] Compiler: c1, Barriers: 1, Oops: 0, ImmediateOops: 0, NonImmediateOops: No
[2024-10-26T03:26:24.991+0530][0.382s][debug][gc,nmethod  ] Register NMethod: java.lang.invoke.Invokers$Holder.linkToTargetMethod (0x0000029cc2271c08) [0x0000029cc2271d40, 0x0000029cc2272168] Compiler: c1, Barriers: 0, Oops: 0, ImmediateOops: 0, NonImmediateOops: No
[2024-10-26T03:26:24.991+0530][0.382s][debug][gc,nmethod  ] Register NMethod: java.io.File.getPath (0x0000029cc9beca08) [0x0000029cc9becb20, 0x0000029cc9becc18] Compiler: c1, Barriers: 1, Oops: 0, ImmediateOops: 0, NonImmediateOops: No
[2024-10-26T03:26:24.991+0530][0.382s][debug][gc,nmethod  ] Register NMethod: java.lang.Character.getType (0x0000029cc2272188) [0x0000029cc22722c0, 0x0000029cc22724b8] Compiler: c1, Barriers: 0, Oops: 0, ImmediateOops: 0, NonImmediateOops: No
[2024-10-26T03:26:24.991+0530][0.382s][debug][gc,nmethod  ] Register NMethod: java.lang.CharacterDataLatin1.getType (0x0000029cc2272508) [0x0000029cc2272620, 0x0000029cc22727d0] Compiler: c1, Barriers: 0, Oops: 0, ImmediateOops: 1, NonImmediateOops: No
[2024-10-26T03:26:24.992+0530][0.382s][debug][gc,nmethod  ] Register NMethod: java.lang.Record.<init> (0x0000029cc9becd08) [0x0000029cc9bece00, 0x0000029cc9bece78] Compiler: c2, Barriers: 0, Oops: 0, ImmediateOops: 0, NonImmediateOops: No
[2024-10-26T03:26:24.992+0530][0.383s][debug][gc,nmethod  ] Register NMethod: java.lang.Character.isLetterOrDigit (0x0000029cc2272808) [0x0000029cc2272960, 0x0000029cc2272c68] Compiler: c1, Barriers: 0, Oops: 0, ImmediateOops: 0, NonImmediateOops: No
[2024-10-26T03:26:24.992+0530][0.383s][debug][gc,nmethod  ] Register NMethod: java.lang.Character.isLetterOrDigit (0x0000029cc2272c88) [0x0000029cc2272dc0, 0x0000029cc2273068] Compiler: c1, Barriers: 0, Oops: 0, ImmediateOops: 0, NonImmediateOops: No
[2024-10-26T03:26:24.993+0530][0.384s][debug][gc,nmethod  ] Register NMethod: java.lang.invoke.MethodHandleNatives.isPullModeBSM (0x0000029cc9bed008) [0x0000029cc9bed120, 0x0000029cc9bed1c8] Compiler: c1, Barriers: 0, Oops: 0, ImmediateOops: 0, NonImmediateOops: No
[2024-10-26T03:26:24.993+0530][0.384s][debug][gc,nmethod  ] Register NMethod: jdk.internal.org.objectweb.asm.Frame.pop (0x0000029cc2273088) [0x0000029cc2273260, 0x0000029cc2273a08] Compiler: c1, Barriers: 2, Oops: 1, ImmediateOops: 2, NonImmediateOops: No
[2024-10-26T03:26:24.993+0530][0.384s][debug][gc,nmethod  ] Register NMethod: java.lang.invoke.ConstantCallSite.getTarget (0x0000029cc2273a88) [0x0000029cc2273bc0, 0x0000029cc2273e10] Compiler: c1, Barriers: 1, Oops: 0, ImmediateOops: 0, NonImmediateOops: No
[2024-10-26T03:26:24.995+0530][0.386s][debug][gc,nmethod  ] Register NMethod: java.net.URL.getFile (0x0000029cc9bed308) [0x0000029cc9bed420, 0x0000029cc9bed518] Compiler: c1, Barriers: 1, Oops: 0, ImmediateOops: 0, NonImmediateOops: No
[2024-10-26T03:26:24.996+0530][0.387s][debug][gc,nmethod  ] Register NMethod: java.lang.ClassLoader.findLoadedClass0 (0x0000029cc9bed608) [0x0000029cc9bed740, 0x0000029cc9bedb70] Compiler: , Barriers: 0, Oops: 0, ImmediateOops: 0, NonImmediateOops: No
[2024-10-26T03:26:24.996+0530][0.387s][debug][gc,nmethod  ] Register NMethod: java.lang.ClassLoader.checkName (0x0000029cc2273e88) [0x0000029cc2274040, 0x0000029cc2274850] Compiler: c1, Barriers: 3, Oops: 1, ImmediateOops: 2, NonImmediateOops: No
[2024-10-26T03:26:24.997+0530][0.388s][debug][gc,nmethod  ] Register NMethod: java.security.ProtectionDomain.getCodeSource (0x0000029cc9bedb88) [0x0000029cc9bedca0, 0x0000029cc9bedd98] Compiler: c1, Barriers: 1, Oops: 0, ImmediateOops: 0, NonImmediateOops: No
[2024-10-26T03:26:24.997+0530][0.388s][debug][gc,nmethod  ] Register NMethod: java.lang.StringLatin1.lastIndexOf (0x0000029cc9bede88) [0x0000029cc9bedfa0, 0x0000029cc9bee1a0] Compiler: c2, Barriers: 0, Oops: 0, ImmediateOops: 0, NonImmediateOops: No
[2024-10-26T03:26:24.998+0530][0.388s][debug][gc,nmethod  ] Register NMethod: java.util.zip.ZipFile.ensureOpen (0x0000029cc2274908) [0x0000029cc2274a60, 0x0000029cc2274e00] Compiler: c1, Barriers: 2, Oops: 0, ImmediateOops: 2, NonImmediateOops: No
[2024-10-26T03:26:24.998+0530][0.388s][debug][gc,nmethod  ] Register NMethod: jdk.jfr.internal.PlatformEventType.getThresholdTicks (0x0000029cc9bee208) [0x0000029cc9bee320, 0x0000029cc9bee3e8] Compiler: c1, Barriers: 0, Oops: 0, ImmediateOops: 0, NonImmediateOops: No
[2024-10-26T03:26:24.998+0530][0.389s][debug][gc,nmethod  ] Register NMethod: java.util.jar.Attributes$Name.hashCode (0x0000029cc9bee508) [0x0000029cc9bee620, 0x0000029cc9bee6e8] Compiler: c1, Barriers: 0, Oops: 0, ImmediateOops: 0, NonImmediateOops: No
[2024-10-26T03:26:24.999+0530][0.390s][debug][gc,nmethod  ] Register NMethod: java.lang.ClassLoader.findBootstrapClass (0x0000029cc9bee808) [0x0000029cc9bee940, 0x0000029cc9beed78] Compiler: , Barriers: 0, Oops: 0, ImmediateOops: 1, NonImmediateOops: No
[2024-10-26T03:26:25.000+0530][0.390s][debug][gc,nmethod  ] Register NMethod: java.security.CodeSource.getLocationNoFragString (0x0000029cc9beed88) [0x0000029cc9beeea0, 0x0000029cc9beef98] Compiler: c1, Barriers: 1, Oops: 0, ImmediateOops: 0, NonImmediateOops: No
[2024-10-26T03:26:25.000+0530][0.391s][debug][gc,nmethod  ] Register NMethod: java.net.URL.getRef (0x0000029cc9bef088) [0x0000029cc9bef1a0, 0x0000029cc9bef298] Compiler: c1, Barriers: 1, Oops: 0, ImmediateOops: 0, NonImmediateOops: No
[2024-10-26T03:26:25.000+0530][0.391s][debug][gc,nmethod  ] Register NMethod: jdk.jfr.internal.event.EventConfiguration.timestamp (0x0000029cc2274e88) [0x0000029cc2274fa0, 0x0000029cc22750b0] Compiler: c1, Barriers: 0, Oops: 0, ImmediateOops: 0, NonImmediateOops: No
[2024-10-26T03:26:25.000+0530][0.391s][debug][gc,nmethod  ] Register NMethod: java.lang.invoke.MethodHandleNatives.refKindHasReceiver (0x0000029cc2275188) [0x0000029cc22752a0, 0x0000029cc22753f0] Compiler: c1, Barriers: 0, Oops: 0, ImmediateOops: 0, NonImmediateOops: No
[2024-10-26T03:26:25.001+0530][0.391s][debug][gc,director ] Rule Major: Warmup 10%, Used: 64MB, UsedThreshold: 204MB
[2024-10-26T03:26:25.001+0530][0.392s][debug][gc,nmethod  ] Register NMethod: java.net.URL.getHost (0x0000029cc9bef388) [0x0000029cc9bef4a0, 0x0000029cc9bef598] Compiler: c1, Barriers: 1, Oops: 0, ImmediateOops: 0, NonImmediateOops: No
[2024-10-26T03:26:25.001+0530][0.392s][debug][gc,nmethod  ] Register NMethod: java.lang.StringConcatHelper.newString (0x0000029cc2275488) [0x0000029cc2275680, 0x0000029cc22760d8] Compiler: c1, Barriers: 6, Oops: 2, ImmediateOops: 3, NonImmediateOops: No
[2024-10-26T03:26:25.001+0530][0.392s][debug][gc,nmethod  ] Register NMethod: java.util.zip.Inflater.inflateBytesBytes (0x0000029cc9bef688) [0x0000029cc9bef7a0, 0x0000029cc9befa08] Compiler: , Barriers: 0, Oops: 0, ImmediateOops: 0, NonImmediateOops: No
[2024-10-26T03:26:25.002+0530][0.393s][debug][gc,nmethod  ] Register NMethod: java.net.URL.getPort (0x0000029cc9befa88) [0x0000029cc9befba0, 0x0000029cc9befc68] Compiler: c1, Barriers: 0, Oops: 0, ImmediateOops: 0, NonImmediateOops: No
[2024-10-26T03:26:25.003+0530][0.394s][debug][gc,nmethod  ] Register NMethod: jdk.internal.misc.Unsafe.getLong (0x0000029cc9befd88) [0x0000029cc9befea0, 0x0000029cc9bf00c8] Compiler: , Barriers: 0, Oops: 0, ImmediateOops: 0, NonImmediateOops: No
[2024-10-26T03:26:25.003+0530][0.394s][debug][gc,nmethod  ] Register NMethod: java.io.RandomAccessFile.readBytes0 (0x0000029cc9bf0108) [0x0000029cc9bf0220, 0x0000029cc9bf0450] Compiler: , Barriers: 0, Oops: 0, ImmediateOops: 0, NonImmediateOops: No
[2024-10-26T03:26:25.005+0530][0.395s][debug][gc,nmethod  ] Register NMethod: java.io.RandomAccessFile.seek0 (0x0000029cc9bf0488) [0x0000029cc9bf05a0, 0x0000029cc9bf0798] Compiler: , Barriers: 0, Oops: 0, ImmediateOops: 0, NonImmediateOops: No
[2024-10-26T03:26:25.005+0530][0.396s][debug][gc,nmethod  ] Register NMethod: jdk.internal.event.FileReadEvent.timestamp (0x0000029cc2276188) [0x0000029cc22762a0, 0x0000029cc2276408] Compiler: c1, Barriers: 0, Oops: 0, ImmediateOops: 0, NonImmediateOops: No
[2024-10-26T03:26:25.006+0530][0.397s][debug][gc,nmethod  ] Register NMethod: java.lang.String.<init> (0x0000029cc9bf0808) [0x0000029cc9bf0940, 0x0000029cc9bf0ee8] Compiler: c2, Barriers: 4, Oops: 0, ImmediateOops: 0, NonImmediateOops: No
[2024-10-26T03:26:25.007+0530][0.397s][debug][gc,nmethod  ] Register NMethod: java.lang.StringBuilder.toString (0x0000029cc9bf0f88) [0x0000029cc9bf10c0, 0x0000029cc9bf16b8] Compiler: c2, Barriers: 4, Oops: 0, ImmediateOops: 1, NonImmediateOops: No
[2024-10-26T03:26:25.007+0530][0.398s][debug][gc,nmethod  ] Register NMethod: org.springframework.boot.loader.zip.ZipString.hasEnoughBytes (0x0000029cc2276488) [0x0000029cc22765a0, 0x0000029cc22766e0] Compiler: c1, Barriers: 0, Oops: 1, ImmediateOops: 0, NonImmediateOops: No
[2024-10-26T03:26:25.007+0530][0.398s][debug][gc,nmethod  ] Register NMethod: jdk.internal.misc.Unsafe.getShortUnaligned (0x0000029cc2276788) [0x0000029cc22768a0, 0x0000029cc2276ad0] Compiler: c1, Barriers: 0, Oops: 0, ImmediateOops: 0, NonImmediateOops: No
[2024-10-26T03:26:25.007+0530][0.398s][debug][gc,nmethod  ] Register NMethod: org.springframework.boot.loader.zip.ZipString.getCodePoint (0x0000029cc2276b08) [0x0000029cc2276c40, 0x0000029cc2276eb8] Compiler: c1, Barriers: 0, Oops: 1, ImmediateOops: 1, NonImmediateOops: No
[2024-10-26T03:26:25.007+0530][0.398s][debug][gc,nmethod  ] Register NMethod: org.springframework.boot.loader.zip.ZipString.getCodePointSize (0x0000029cc2276f08) [0x0000029cc2277040, 0x0000029cc22772e0] Compiler: c1, Barriers: 0, Oops: 1, ImmediateOops: 0, NonImmediateOops: No
[2024-10-26T03:26:25.007+0530][0.398s][debug][gc,nmethod  ] Register NMethod: java.lang.Byte.toUnsignedInt (0x0000029cc9bf1788) [0x0000029cc9bf1880, 0x0000029cc9bf18e8] Compiler: c2, Barriers: 0, Oops: 0, ImmediateOops: 0, NonImmediateOops: No
[2024-10-26T03:26:25.007+0530][0.398s][debug][gc,nmethod  ] Register NMethod: jdk.internal.misc.Unsafe.copyMemory0 (0x0000029cc9bf1a88) [0x0000029cc9bf1ba0, 0x0000029cc9bf1dd8] Compiler: , Barriers: 0, Oops: 0, ImmediateOops: 0, NonImmediateOops: No
[2024-10-26T03:26:25.007+0530][0.398s][debug][gc,nmethod  ] Register NMethod: jdk.internal.misc.Unsafe.checkPointer (0x0000029cc2277308) [0x0000029cc2277460, 0x0000029cc22777e0] Compiler: c1, Barriers: 0, Oops: 0, ImmediateOops: 0, NonImmediateOops: No
[2024-10-26T03:26:25.007+0530][0.398s][debug][gc,nmethod  ] Register NMethod: java.nio.Buffer.session (0x0000029cc9bf1e08) [0x0000029cc9bf1f00, 0x0000029cc9bf1fd8] Compiler: c2, Barriers: 1, Oops: 0, ImmediateOops: 0, NonImmediateOops: No
[2024-10-26T03:26:25.007+0530][0.398s][debug][gc,nmethod  ] Register NMethod: jdk.internal.misc.Unsafe.checkPrimitivePointer (0x0000029cc2277808) [0x0000029cc22779a0, 0x0000029cc2277fe0] Compiler: c1, Barriers: 2, Oops: 0, ImmediateOops: 0, NonImmediateOops: No
[2024-10-26T03:26:25.007+0530][0.398s][debug][gc,nmethod  ] Register NMethod: jdk.internal.misc.ScopedMemoryAccess.getIntUnaligned (0x0000029cc2278088) [0x0000029cc2278200, 0x0000029cc2278710] Compiler: c1, Barriers: 0, Oops: 0, ImmediateOops: 1, NonImmediateOops: No
[2024-10-26T03:26:25.007+0530][0.398s][debug][gc,nmethod  ] Register NMethod: jdk.internal.misc.ScopedMemoryAccess.getIntUnalignedInternal (0x0000029cc2278788) [0x0000029cc22788e0, 0x0000029cc2278c70] Compiler: c1, Barriers: 0, Oops: 0, ImmediateOops: 1, NonImmediateOops: No
[2024-10-26T03:26:25.008+0530][0.398s][debug][gc,nmethod  ] Register NMethod: java.nio.Buffer.remaining (0x0000029cc2278d08) [0x0000029cc2278e20, 0x0000029cc2278fa0] Compiler: c1, Barriers: 0, Oops: 0, ImmediateOops: 0, NonImmediateOops: No
[2024-10-26T03:26:25.008+0530][0.398s][debug][gc,nmethod  ] Register NMethod: java.nio.HeapByteBuffer.isReadOnly (0x0000029cc9bf2108) [0x0000029cc9bf2220, 0x0000029cc9bf22e8] Compiler: c1, Barriers: 0, Oops: 0, ImmediateOops: 0, NonImmediateOops: No
[2024-10-26T03:26:25.008+0530][0.398s][debug][gc,nmethod  ] Register NMethod: org.springframework.boot.loader.zip.ZipCentralDirectoryFileHeaderRecord.fileNameLength (0x0000029cc9bf2408) [0x0000029cc9bf2520, 0x0000029cc9bf25f0] Compiler: c1, Barriers: 0, Oops: 1, ImmediateOops: 0, NonImmediateOops: No
[2024-10-26T03:26:25.008+0530][0.399s][debug][gc,nmethod  ] Register NMethod: java.nio.DirectByteBuffer.base (0x0000029cc9bf2708) [0x0000029cc9bf2820, 0x0000029cc9bf28f0] Compiler: c1, Barriers: 0, Oops: 0, ImmediateOops: 0, NonImmediateOops: No
[2024-10-26T03:26:25.008+0530][0.399s][debug][gc,nmethod  ] Register NMethod: java.nio.ByteBuffer.base (0x0000029cc9bf2a08) [0x0000029cc9bf2b20, 0x0000029cc9bf2c18] Compiler: c1, Barriers: 1, Oops: 0, ImmediateOops: 0, NonImmediateOops: No
[2024-10-26T03:26:25.008+0530][0.399s][debug][gc,nmethod  ] Register NMethod: jdk.internal.misc.Unsafe.checkSize (0x0000029cc2279008) [0x0000029cc2279140, 0x0000029cc22793b0] Compiler: c1, Barriers: 0, Oops: 0, ImmediateOops: 0, NonImmediateOops: No
[2024-10-26T03:26:25.008+0530][0.399s][debug][gc,nmethod  ] Register NMethod: java.nio.HeapByteBuffer.getInt (0x0000029cc2279408) [0x0000029cc22795e0, 0x0000029cc2279f60] Compiler: c1, Barriers: 2, Oops: 1, ImmediateOops: 2, NonImmediateOops: No
[2024-10-26T03:26:25.008+0530][0.399s][debug][gc,nmethod  ] Register NMethod: jdk.internal.misc.Unsafe.checkOffset (0x0000029cc227a008) [0x0000029cc227a140, 0x0000029cc227a3b0] Compiler: c1, Barriers: 0, Oops: 0, ImmediateOops: 0, NonImmediateOops: No
[2024-10-26T03:26:25.008+0530][0.399s][debug][gc,nmethod  ] Register NMethod: java.util.Objects.checkFromIndexSize (0x0000029cc9bf2d08) [0x0000029cc9bf2e00, 0x0000029cc9bf2ec8] Compiler: c2, Barriers: 0, Oops: 0, ImmediateOops: 0, NonImmediateOops: No
[2024-10-26T03:26:25.008+0530][0.399s][debug][gc,nmethod  ] Register NMethod: jdk.internal.misc.ScopedMemoryAccess.copyMemory (0x0000029cc227a408) [0x0000029cc227a5a0, 0x0000029cc227abb8] Compiler: c1, Barriers: 0, Oops: 0, ImmediateOops: 1, NonImmediateOops: No
[2024-10-26T03:26:25.009+0530][0.399s][debug][gc,nmethod  ] Register NMethod: jdk.internal.misc.ScopedMemoryAccess.copyMemoryInternal (0x0000029cc227ac08) [0x0000029cc227ad80, 0x0000029cc227b2a8] Compiler: c1, Barriers: 0, Oops: 0, ImmediateOops: 1, NonImmediateOops: No
[2024-10-26T03:26:25.009+0530][0.400s][debug][gc,nmethod  ] Register NMethod: jdk.internal.misc.Unsafe.copyMemoryChecks (0x0000029cc227b308) [0x0000029cc227b560, 0x0000029cc227c2a8] Compiler: c1, Barriers: 4, Oops: 0, ImmediateOops: 0, NonImmediateOops: No
[2024-10-26T03:26:25.009+0530][0.400s][debug][gc,nmethod  ] Register NMethod: jdk.internal.misc.Unsafe.copyMemory (0x0000029cc227c308) [0x0000029cc227c560, 0x0000029cc227d2c0] Compiler: c1, Barriers: 4, Oops: 0, ImmediateOops: 0, NonImmediateOops: No
[2024-10-26T03:26:25.009+0530][0.400s][debug][gc,nmethod  ] Register NMethod: java.nio.Buffer.checkSession (0x0000029cc227d388) [0x0000029cc227d4e0, 0x0000029cc227d8f0] Compiler: c1, Barriers: 1, Oops: 0, ImmediateOops: 0, NonImmediateOops: No
[2024-10-26T03:26:25.009+0530][0.400s][debug][gc,nmethod  ] Register NMethod: org.springframework.boot.loader.zip.FileDataBlock$FileAccess.ensureOpen (0x0000029cc227d908) [0x0000029cc227da40, 0x0000029cc227df00] Compiler: c1, Barriers: 1, Oops: 1, ImmediateOops: 0, NonImmediateOops: No
[2024-10-26T03:26:25.009+0530][0.400s][debug][gc,nmethod  ] Register NMethod: org.springframework.boot.loader.zip.ZipString.hasEnoughBytes (0x0000029cc9bf3008) [0x0000029cc9bf3100, 0x0000029cc9bf3190] Compiler: c2, Barriers: 0, Oops: 1, ImmediateOops: 0, NonImmediateOops: No
[2024-10-26T03:26:25.010+0530][0.400s][debug][gc,nmethod  ] Register NMethod: org.springframework.boot.loader.zip.FileDataBlock.ensureOpen (0x0000029cc227df88) [0x0000029cc227e0e0, 0x0000029cc227e638] Compiler: c1, Barriers: 2, Oops: 1, ImmediateOops: 0, NonImmediateOops: No
[2024-10-26T03:26:25.010+0530][0.401s][debug][gc,nmethod  ] Register NMethod: java.nio.ByteBuffer.putBuffer (0x0000029cc227e688) [0x0000029cc227e8e0, 0x0000029cc227f7b0] Compiler: c1, Barriers: 2, Oops: 1, ImmediateOops: 2, NonImmediateOops: No
[2024-10-26T03:26:25.010+0530][0.401s][debug][gc,nmethod  ] Register NMethod: org.springframework.boot.loader.zip.FileDataBlock.read (0x0000029cc227f808) [0x0000029cc227f9c0, 0x0000029cc2280248] Compiler: c1, Barriers: 2, Oops: 4, ImmediateOops: 2, NonImmediateOops: No
[2024-10-26T03:26:25.010+0530][0.401s][debug][gc,nmethod  ] Register NMethod: org.springframework.boot.loader.zip.ZipContent$Loader.swap (0x0000029cc2280308) [0x0000029cc2280420, 0x0000029cc2280560] Compiler: c1, Barriers: 0, Oops: 1, ImmediateOops: 0, NonImmediateOops: No
[2024-10-26T03:26:25.010+0530][0.401s][debug][gc,nmethod  ] Register NMethod: org.springframework.boot.loader.zip.ZipString.getCodePointSize (0x0000029cc9bf3308) [0x0000029cc9bf3400, 0x0000029cc9bf34d8] Compiler: c2, Barriers: 0, Oops: 1, ImmediateOops: 0, NonImmediateOops: No
[2024-10-26T03:26:25.010+0530][0.401s][debug][gc,nmethod  ] Register NMethod: java.nio.HeapByteBuffer.put (0x0000029cc2280608) [0x0000029cc2280780, 0x0000029cc2280c68] Compiler: c1, Barriers: 1, Oops: 0, ImmediateOops: 0, NonImmediateOops: No
[2024-10-26T03:26:25.011+0530][0.401s][debug][gc,nmethod  ] Register NMethod: org.springframework.boot.loader.zip.FileDataBlock$FileAccess.read (0x0000029cc2280d08) [0x0000029cc2280e80, 0x0000029cc2281660] Compiler: c1, Barriers: 2, Oops: 1, ImmediateOops: 0, NonImmediateOops: No
[2024-10-26T03:26:25.011+0530][0.402s][debug][gc,nmethod  ] Register NMethod: java.nio.ByteBuffer.put (0x0000029cc2281708) [0x0000029cc22818a0, 0x0000029cc2281f40] Compiler: c1, Barriers: 0, Oops: 0, ImmediateOops: 0, NonImmediateOops: No
[2024-10-26T03:26:25.011+0530][0.402s][debug][gc,nmethod  ] Register NMethod: jdk.internal.misc.Unsafe.checkNativeAddress (0x0000029cc2281f88) [0x0000029cc22820a0, 0x0000029cc22821b8] Compiler: c1, Barriers: 0, Oops: 0, ImmediateOops: 0, NonImmediateOops: No
[2024-10-26T03:26:25.011+0530][0.402s][debug][gc,nmethod  ] Register NMethod: org.springframework.boot.loader.zip.ZipString.hash (0x0000029cc2282288) [0x0000029cc2282500, 0x0000029cc22835a8] Compiler: c1, Barriers: 3, Oops: 3, ImmediateOops: 5, NonImmediateOops: No
[2024-10-26T03:26:25.011+0530][0.402s][debug][gc,nmethod  ] Register NMethod: org.springframework.boot.loader.zip.ZipString.getCodePoint (0x0000029cc9bf3608) [0x0000029cc9bf3720, 0x0000029cc9bf3838] Compiler: c2, Barriers: 0, Oops: 2, ImmediateOops: 1, NonImmediateOops: No
[2024-10-26T03:26:25.011+0530][0.402s][debug][gc,nmethod  ] Register NMethod: java.nio.Buffer.clear (0x0000029cc2283688) [0x0000029cc22837a0, 0x0000029cc22838c0] Compiler: c1, Barriers: 0, Oops: 0, ImmediateOops: 0, NonImmediateOops: No
[2024-10-26T03:26:25.011+0530][0.402s][debug][gc,nmethod  ] Register NMethod: java.nio.ByteBuffer.clear (0x0000029cc2283988) [0x0000029cc2283aa0, 0x0000029cc2283c20] Compiler: c1, Barriers: 0, Oops: 0, ImmediateOops: 0, NonImmediateOops: No
[2024-10-26T03:26:25.011+0530][0.402s][debug][gc,nmethod  ] Register NMethod: org.springframework.boot.loader.zip.ZipCentralDirectoryFileHeaderRecord.extraFieldLength (0x0000029cc9bf3908) [0x0000029cc9bf3a20, 0x0000029cc9bf3af0] Compiler: c1, Barriers: 0, Oops: 1, ImmediateOops: 0, NonImmediateOops: No
[2024-10-26T03:26:25.011+0530][0.402s][debug][gc,nmethod  ] Register NMethod: org.springframework.boot.loader.zip.ZipCentralDirectoryFileHeaderRecord.fileCommentLength (0x0000029cc9bf3c08) [0x0000029cc9bf3d20, 0x0000029cc9bf3df0] Compiler: c1, Barriers: 0, Oops: 1, ImmediateOops: 0, NonImmediateOops: No
[2024-10-26T03:26:25.011+0530][0.402s][debug][gc,nmethod  ] Register NMethod: java.nio.Buffer.hasRemaining (0x0000029cc2283c88) [0x0000029cc2283da0, 0x0000029cc2283f00] Compiler: c1, Barriers: 0, Oops: 0, ImmediateOops: 0, NonImmediateOops: No
[2024-10-26T03:26:25.011+0530][0.402s][debug][gc,nmethod  ] Register NMethod: java.nio.ByteBuffer.order (0x0000029cc2283f88) [0x0000029cc22840a0, 0x0000029cc22842c8] Compiler: c1, Barriers: 0, Oops: 0, ImmediateOops: 1, NonImmediateOops: No
[2024-10-26T03:26:25.011+0530][0.402s][debug][gc,nmethod  ] Register NMethod: java.nio.Buffer.rewind (0x0000029cc2284308) [0x0000029cc2284420, 0x0000029cc2284540] Compiler: c1, Barriers: 0, Oops: 0, ImmediateOops: 0, NonImmediateOops: No
[2024-10-26T03:26:25.011+0530][0.402s][debug][gc,nmethod  ] Register NMethod: java.nio.ByteBuffer.rewind (0x0000029cc2284608) [0x0000029cc2284720, 0x0000029cc2284898] Compiler: c1, Barriers: 0, Oops: 0, ImmediateOops: 0, NonImmediateOops: No
[2024-10-26T03:26:25.011+0530][0.402s][debug][gc,nmethod  ] Register NMethod: java.nio.HeapByteBuffer.<init> (0x0000029cc2284908) [0x0000029cc2284a20, 0x0000029cc2284c30] Compiler: c1, Barriers: 0, Oops: 0, ImmediateOops: 0, NonImmediateOops: No
[2024-10-26T03:26:25.011+0530][0.402s][debug][gc,nmethod  ] Register NMethod: org.springframework.boot.loader.log.DebugLogger$DisabledDebugLogger.log (0x0000029cc2284c88) [0x0000029cc2284da0, 0x0000029cc2284ea8] Compiler: c1, Barriers: 0, Oops: 1, ImmediateOops: 0, NonImmediateOops: No
[2024-10-26T03:26:25.012+0530][0.402s][debug][gc,director ] Rule Major: Warmup 10%, Used: 64MB, UsedThreshold: 204MB
[2024-10-26T03:26:25.012+0530][0.402s][debug][gc,nmethod  ] Register NMethod: org.springframework.boot.loader.zip.DataBlock.readFully (0x0000029cc2284f88) [0x0000029cc22850e0, 0x0000029cc2285508] Compiler: c1, Barriers: 0, Oops: 1, ImmediateOops: 0, NonImmediateOops: No
[2024-10-26T03:26:25.012+0530][0.403s][debug][gc,nmethod  ] Register NMethod: org.springframework.boot.loader.zip.ZipCentralDirectoryFileHeaderRecord.<init> (0x0000029cc2285588) [0x0000029cc22856a0, 0x0000029cc22858e8] Compiler: c1, Barriers: 0, Oops: 1, ImmediateOops: 0, NonImmediateOops: No
[2024-10-26T03:26:25.012+0530][0.403s][debug][gc,nmethod  ] Register NMethod: org.springframework.boot.loader.zip.ZipString.startsWith (0x0000029cc2285988) [0x0000029cc2285b00, 0x0000029cc2285f00] Compiler: c1, Barriers: 0, Oops: 1, ImmediateOops: 1, NonImmediateOops: No
[2024-10-26T03:26:25.012+0530][0.403s][debug][gc,nmethod  ] Register NMethod: org.springframework.boot.loader.zip.ZipCentralDirectoryFileHeaderRecord.load (0x0000029cc2285f88) [0x0000029cc22862c0, 0x0000029cc2287a68] Compiler: c1, Barriers: 1, Oops: 4, ImmediateOops: 4, NonImmediateOops: No
[2024-10-26T03:26:25.012+0530][0.403s][debug][gc,nmethod  ] Register NMethod: org.springframework.boot.loader.zip.ZipString.readInBuffer (0x0000029cc2287b08) [0x0000029cc2287c80, 0x0000029cc2288258] Compiler: c1, Barriers: 0, Oops: 1, ImmediateOops: 0, NonImmediateOops: No
[2024-10-26T03:26:25.012+0530][0.403s][debug][gc,nmethod  ] Register NMethod: java.nio.ByteBuffer.allocate (0x0000029cc2288308) [0x0000029cc2288440, 0x0000029cc2288650] Compiler: c1, Barriers: 0, Oops: 0, ImmediateOops: 0, NonImmediateOops: No
[2024-10-26T03:26:25.012+0530][0.403s][debug][gc,nmethod  ] Register NMethod: org.springframework.boot.loader.zip.ZipString.compare (0x0000029cc2288688) [0x0000029cc22889e0, 0x0000029cc228a4e8] Compiler: c1, Barriers: 1, Oops: 1, ImmediateOops: 2, NonImmediateOops: No
[2024-10-26T03:26:25.012+0530][0.403s][debug][gc,nmethod  ] Register NMethod: org.springframework.boot.loader.zip.ZipContent$Entry.getLookupIndex (0x0000029cc9bf3f08) [0x0000029cc9bf4020, 0x0000029cc9bf40e8] Compiler: c1, Barriers: 0, Oops: 1, ImmediateOops: 0, NonImmediateOops: No
[2024-10-26T03:26:25.012+0530][0.403s][debug][gc,nmethod  ] Register NMethod: org.springframework.boot.loader.zip.ZipString.getChar (0x0000029cc228a588) [0x0000029cc228a6c0, 0x0000029cc228a998] Compiler: c1, Barriers: 0, Oops: 1, ImmediateOops: 0, NonImmediateOops: No
[2024-10-26T03:26:25.012+0530][0.403s][debug][gc,nmethod  ] Register NMethod: java.nio.HeapByteBuffer.getShort (0x0000029cc9bf4208) [0x0000029cc9bf4320, 0x0000029cc9bf44c8] Compiler: c2, Barriers: 2, Oops: 2, ImmediateOops: 0, NonImmediateOops: No
[2024-10-26T03:26:25.013+0530][0.404s][debug][gc,nmethod  ] Register NMethod: java.security.CodeSource.getLocation (0x0000029cc9bf4588) [0x0000029cc9bf46a0, 0x0000029cc9bf4798] Compiler: c1, Barriers: 1, Oops: 0, ImmediateOops: 0, NonImmediateOops: No
[2024-10-26T03:26:25.013+0530][0.404s][debug][gc,nmethod  ] Register NMethod: java.lang.invoke.MemberName.isField (0x0000029cc228aa08) [0x0000029cc228ab20, 0x0000029cc228ace8] Compiler: c1, Barriers: 0, Oops: 0, ImmediateOops: 0, NonImmediateOops: No
[2024-10-26T03:26:25.015+0530][0.406s][debug][gc,nmethod  ] Register NMethod: jdk.internal.reflect.Reflection.areNestMates (0x0000029cc9bf4888) [0x0000029cc9bf49a0, 0x0000029cc9bf4be8] Compiler: , Barriers: 0, Oops: 0, ImmediateOops: 1, NonImmediateOops: No
[2024-10-26T03:26:25.015+0530][0.406s][debug][gc,nmethod  ] Register NMethod: java.util.concurrent.ConcurrentHashMap.computeIfAbsent (0x0000029cc228ad08) [0x0000029cc228b100, 0x0000029cc228d6b0] Compiler: c1, Barriers: 24, Oops: 0, ImmediateOops: 2, NonImmediateOops: No
[2024-10-26T03:26:25.016+0530][0.407s][debug][gc,nmethod  ] Register NMethod: java.lang.invoke.MethodHandles$Lookup.<init> (0x0000029cc228d708) [0x0000029cc228d840, 0x0000029cc228dab8] Compiler: c1, Barriers: 6, Oops: 0, ImmediateOops: 0, NonImmediateOops: No
[2024-10-26T03:26:25.016+0530][0.407s][debug][gc,nmethod  ] Register NMethod: java.lang.invoke.DirectMethodHandle.isCrackable (0x0000029cc9bf4c08) [0x0000029cc9bf4d20, 0x0000029cc9bf4df0] Compiler: c1, Barriers: 0, Oops: 0, ImmediateOops: 0, NonImmediateOops: No
[2024-10-26T03:26:25.016+0530][0.407s][debug][gc,nmethod  ] Register NMethod: java.lang.invoke.DirectMethodHandle.make (0x0000029cc228db08) [0x0000029cc228de20, 0x0000029cc228f188] Compiler: c1, Barriers: 4, Oops: 0, ImmediateOops: 1, NonImmediateOops: No
[2024-10-26T03:26:25.016+0530][0.407s][debug][gc,nmethod  ] Register NMethod: jdk.internal.misc.CDS.isUsingArchive (0x0000029cc228f208) [0x0000029cc228f320, 0x0000029cc228f430] Compiler: c1, Barriers: 0, Oops: 0, ImmediateOops: 0, NonImmediateOops: No
[2024-10-26T03:26:25.017+0530][0.407s][debug][gc,nmethod  ] Register NMethod: java.lang.ThreadLocal.getMap (0x0000029cc228f508) [0x0000029cc228f620, 0x0000029cc228f760] Compiler: c1, Barriers: 1, Oops: 0, ImmediateOops: 0, NonImmediateOops: No
[2024-10-26T03:26:25.017+0530][0.408s][debug][gc,nmethod  ] Register NMethod: java.lang.ref.PhantomReference.<init> (0x0000029cc228f808) [0x0000029cc228f940, 0x0000029cc228fc40] Compiler: c1, Barriers: 6, Oops: 0, ImmediateOops: 1, NonImmediateOops: No
[2024-10-26T03:26:25.018+0530][0.409s][debug][gc,nmethod  ] Register NMethod: java.lang.invoke.LambdaProxyClassArchive.findFromArchive (0x0000029cc9bf4f08) [0x0000029cc9bf5040, 0x0000029cc9bf54f8] Compiler: , Barriers: 0, Oops: 0, ImmediateOops: 1, NonImmediateOops: No
[2024-10-26T03:26:25.019+0530][0.409s][debug][gc,nmethod  ] Register NMethod: java.lang.invoke.MethodHandle.invokeBasic (0x0000029cc9bf5508) [0x0000029cc9bf5620, 0x0000029cc9bf5910] Compiler: , Barriers: 0, Oops: 0, ImmediateOops: 0, NonImmediateOops: No
[2024-10-26T03:26:25.019+0530][0.410s][debug][gc,nmethod  ] Register NMethod: java.lang.invoke.LambdaFormBuffer.ownedCount (0x0000029cc228fc88) [0x0000029cc228fda0, 0x0000029cc228feb0] Compiler: c1, Barriers: 0, Oops: 0, ImmediateOops: 0, NonImmediateOops: No
[2024-10-26T03:26:25.019+0530][0.410s][debug][gc,nmethod  ] Register NMethod: jdk.internal.reflect.DirectMethodHandleAccessor.invoke (0x0000029cc2214d88) [0x0000029cc22150e0, 0x0000029cc2216c08] Compiler: c1, Barriers: 14, Oops: 1, ImmediateOops: 6, NonImmediateOops: No
[2024-10-26T03:26:25.020+0530][0.410s][debug][gc,nmethod  ] Register NMethod: jdk.internal.org.objectweb.asm.Frame.setLocal (0x0000029cc228ff88) [0x0000029cc22900e0, 0x0000029cc2290698] Compiler: c1, Barriers: 9, Oops: 0, ImmediateOops: 0, NonImmediateOops: No
[2024-10-26T03:26:25.020+0530][0.410s][debug][gc,nmethod  ] Register NMethod: java.lang.invoke.MemberName.getFieldType (0x0000029cc2290708) [0x0000029cc22909a0, 0x0000029cc2291e78] Compiler: c1, Barriers: 12, Oops: 2, ImmediateOops: 3, NonImmediateOops: No
[2024-10-26T03:26:25.020+0530][0.411s][debug][gc,nmethod  ] Register NMethod: java.lang.ThreadLocal.get (0x0000029cc2291f88) [0x0000029cc22920e0, 0x0000029cc2292440] Compiler: c1, Barriers: 2, Oops: 0, ImmediateOops: 0, NonImmediateOops: No
[2024-10-26T03:26:25.020+0530][0.411s][debug][gc,nmethod  ] Register NMethod: java.lang.System$2.getCarrierThreadLocal (0x0000029cc2292488) [0x0000029cc22925c0, 0x0000029cc2292848] Compiler: c1, Barriers: 1, Oops: 0, ImmediateOops: 0, NonImmediateOops: No
[2024-10-26T03:26:25.020+0530][0.411s][debug][gc,nmethod  ] Register NMethod: java.lang.ThreadLocal.getCarrierThreadLocal (0x0000029cc2292888) [0x0000029cc22929c0, 0x0000029cc2292b58] Compiler: c1, Barriers: 1, Oops: 0, ImmediateOops: 0, NonImmediateOops: No
[2024-10-26T03:26:25.020+0530][0.411s][debug][gc,nmethod  ] Register NMethod: jdk.internal.misc.CarrierThreadLocal.get (0x0000029cc2292b88) [0x0000029cc2292cc0, 0x0000029cc2292fb0] Compiler: c1, Barriers: 1, Oops: 0, ImmediateOops: 1, NonImmediateOops: No
[2024-10-26T03:26:25.020+0530][0.411s][debug][gc,nmethod  ] Register NMethod: java.lang.CharacterDataLatin1.toLowerCase (0x0000029cc2293008) [0x0000029cc2293140, 0x0000029cc2293390] Compiler: c1, Barriers: 0, Oops: 0, ImmediateOops: 0, NonImmediateOops: No
[2024-10-26T03:26:25.020+0530][0.411s][debug][gc,nmethod  ] Register NMethod: org.springframework.boot.loader.zip.ZipCentralDirectoryFileHeaderRecord.size (0x0000029cc2293408) [0x0000029cc2293520, 0x0000029cc2293698] Compiler: c1, Barriers: 0, Oops: 1, ImmediateOops: 0, NonImmediateOops: No
[2024-10-26T03:26:25.020+0530][0.411s][debug][gc,nmethod  ] Register NMethod: org.springframework.boot.loader.zip.NameOffsetLookups.enable (0x0000029cc2293708) [0x0000029cc2293860, 0x0000029cc2293cf8] Compiler: c1, Barriers: 1, Oops: 1, ImmediateOops: 0, NonImmediateOops: No
[2024-10-26T03:26:25.020+0530][0.411s][debug][gc,nmethod  ] Register NMethod: org.springframework.boot.loader.zip.ZipContent$Loader.add (0x0000029cc2293d88) [0x0000029cc2293f20, 0x0000029cc22946b8] Compiler: c1, Barriers: 7, Oops: 1, ImmediateOops: 0, NonImmediateOops: No
[2024-10-26T03:26:25.021+0530][0.412s][debug][gc,nmethod  ] Register NMethod: jdk.internal.misc.Unsafe.getIntUnaligned (0x0000029cc9bf5988) [0x0000029cc9bf5a80, 0x0000029cc9bf5b28] Compiler: c2, Barriers: 0, Oops: 0, ImmediateOops: 0, NonImmediateOops: No
[2024-10-26T03:26:25.022+0530][0.413s][debug][gc,nmethod  ] Register NMethod: java.nio.HeapByteBuffer.getInt (0x0000029cc9bf5c88) [0x0000029cc9bf5da0, 0x0000029cc9bf5f40] Compiler: c2, Barriers: 2, Oops: 2, ImmediateOops: 0, NonImmediateOops: No
[2024-10-26T03:26:25.022+0530][0.413s][debug][gc,nmethod  ] Register NMethod: java.nio.Buffer.position (0x0000029cc9bf6008) [0x0000029cc9bf6100, 0x0000029cc9bf61f0] Compiler: c2, Barriers: 0, Oops: 0, ImmediateOops: 0, NonImmediateOops: No
[2024-10-26T03:26:25.022+0530][0.413s][debug][gc,nmethod  ] Register NMethod: java.util.Arrays.equals (0x0000029cc2294708) [0x0000029cc2294860, 0x0000029cc2294b10] Compiler: c1, Barriers: 0, Oops: 0, ImmediateOops: 0, NonImmediateOops: No
[2024-10-26T03:26:25.022+0530][0.413s][debug][gc,nmethod  ] Register NMethod: org.springframework.boot.loader.zip.ZipContent$Loader.swap (0x0000029cc2294b88) [0x0000029cc2294ce0, 0x0000029cc2294fc8] Compiler: c1, Barriers: 4, Oops: 1, ImmediateOops: 0, NonImmediateOops: No
[2024-10-26T03:26:25.022+0530][0.413s][debug][gc,nmethod  ] Register NMethod: org.springframework.boot.loader.zip.NameOffsetLookups.swap (0x0000029cc2295008) [0x0000029cc22951c0, 0x0000029cc2295ab8] Compiler: c1, Barriers: 3, Oops: 1, ImmediateOops: 0, NonImmediateOops: No
[2024-10-26T03:26:25.022+0530][0.413s][debug][gc,nmethod  ] Register NMethod: java.nio.ByteBuffer.position (0x0000029cc9bf6308) [0x0000029cc9bf6400, 0x0000029cc9bf64f0] Compiler: c2, Barriers: 0, Oops: 0, ImmediateOops: 0, NonImmediateOops: No
[2024-10-26T03:26:25.022+0530][0.413s][debug][gc,nmethod  ] Register NMethod: org.springframework.boot.loader.zip.ZipContent$Loader.sort (0x0000029cc2295b08) [0x0000029cc2295ca0, 0x0000029cc2296288] Compiler: c1, Barriers: 2, Oops: 1, ImmediateOops: 0, NonImmediateOops: No
[2024-10-26T03:26:25.023+0530][0.413s][debug][gc,director ] Rule Major: Warmup 10%, Used: 64MB, UsedThreshold: 204MB
[2024-10-26T03:26:25.023+0530][0.413s][debug][gc,nmethod  ] Register NMethod: jdk.internal.ref.PhantomCleanable.insert (0x0000029cc2296308) [0x0000029cc2296460, 0x0000029cc2296980] Compiler: c1, Barriers: 15, Oops: 0, ImmediateOops: 0, NonImmediateOops: No
[2024-10-26T03:26:25.023+0530][0.414s][debug][gc,nmethod  ] Register NMethod: java.lang.invoke.DirectMethodHandle$Holder.newInvokeSpecial (0x0000029cc2296a08) [0x0000029cc2296b80, 0x0000029cc2297330] Compiler: c1, Barriers: 2, Oops: 0, ImmediateOops: 1, NonImmediateOops: No
[2024-10-26T03:26:25.023+0530][0.414s][debug][gc,nmethod  ] Register NMethod: java.lang.ClassLoader.findLoadedClass (0x0000029cc2297388) [0x0000029cc22974c0, 0x0000029cc22976a8] Compiler: c1, Barriers: 0, Oops: 0, ImmediateOops: 0, NonImmediateOops: No
[2024-10-26T03:26:25.023+0530][0.414s][debug][gc,nmethod  ] Register NMethod: jdk.internal.ref.PhantomCleanable.<init> (0x0000029cc2297708) [0x0000029cc2297900, 0x0000029cc2298528] Compiler: c1, Barriers: 19, Oops: 0, ImmediateOops: 3, NonImmediateOops: No
[2024-10-26T03:26:25.023+0530][0.414s][debug][gc,nmethod  ] Register NMethod: java.lang.ClassLoader.getClassLoadingLock (0x0000029cc2298588) [0x0000029cc22986c0, 0x0000029cc22989d8] Compiler: c1, Barriers: 1, Oops: 0, ImmediateOops: 0, NonImmediateOops: No
[2024-10-26T03:26:25.023+0530][0.414s][debug][gc,nmethod  ] Register NMethod: java.lang.Character.toUpperCase (0x0000029cc2298a08) [0x0000029cc2298b40, 0x0000029cc2298d98] Compiler: c1, Barriers: 0, Oops: 0, ImmediateOops: 0, NonImmediateOops: No
[2024-10-26T03:26:25.023+0530][0.414s][debug][gc,nmethod  ] Register NMethod: java.lang.Character.toUpperCase (0x0000029cc2298e08) [0x0000029cc2298f40, 0x0000029cc2299138] Compiler: c1, Barriers: 0, Oops: 0, ImmediateOops: 0, NonImmediateOops: No
[2024-10-26T03:26:25.023+0530][0.414s][debug][gc,nmethod  ] Register NMethod: java.net.URLStreamHandler.getDefaultPort (0x0000029cc9bf6608) [0x0000029cc9bf6720, 0x0000029cc9bf67e8] Compiler: c1, Barriers: 0, Oops: 0, ImmediateOops: 0, NonImmediateOops: No
[2024-10-26T03:26:25.023+0530][0.414s][debug][gc,nmethod  ] Register NMethod: java.util.zip.Inflater.ensureOpen (0x0000029cc2299188) [0x0000029cc22992c0, 0x0000029cc2299540] Compiler: c1, Barriers: 1, Oops: 0, ImmediateOops: 1, NonImmediateOops: No
[2024-10-26T03:26:25.024+0530][0.414s][debug][gc,nmethod  ] Register NMethod: org.springframework.boot.loader.zip.ZipContent$Loader.swap (0x0000029cc9bf6908) [0x0000029cc9bf6a00, 0x0000029cc9bf6ae8] Compiler: c2, Barriers: 0, Oops: 1, ImmediateOops: 0, NonImmediateOops: No
[2024-10-26T03:26:25.024+0530][0.414s][debug][gc,nmethod  ] Register NMethod: java.lang.CharacterDataLatin1.toUpperCase (0x0000029cc2299588) [0x0000029cc22996c0, 0x0000029cc22999d0] Compiler: c1, Barriers: 0, Oops: 0, ImmediateOops: 0, NonImmediateOops: No
[2024-10-26T03:26:25.024+0530][0.414s][debug][gc,nmethod  ] Register NMethod: java.net.URL.getPath (0x0000029cc9bf6c08) [0x0000029cc9bf6d20, 0x0000029cc9bf6e18] Compiler: c1, Barriers: 1, Oops: 0, ImmediateOops: 0, NonImmediateOops: No
[2024-10-26T03:26:25.024+0530][0.415s][debug][gc,nmethod  ] Register NMethod: java.net.URL.getAuthority (0x0000029cc9bf6f08) [0x0000029cc9bf7020, 0x0000029cc9bf7118] Compiler: c1, Barriers: 1, Oops: 0, ImmediateOops: 0, NonImmediateOops: No
[2024-10-26T03:26:25.024+0530][0.415s][debug][gc,nmethod  ] Register NMethod: java.net.URL.getQuery (0x0000029cc9bf7208) [0x0000029cc9bf7320, 0x0000029cc9bf7418] Compiler: c1, Barriers: 1, Oops: 0, ImmediateOops: 0, NonImmediateOops: No
[2024-10-26T03:26:25.024+0530][0.415s][debug][gc,nmethod  ] Register NMethod: java.lang.String.indexOf (0x0000029cc9bf7508) [0x0000029cc9bf7620, 0x0000029cc9bf7830] Compiler: c2, Barriers: 1, Oops: 0, ImmediateOops: 0, NonImmediateOops: No
[2024-10-26T03:26:25.026+0530][0.417s][debug][gc,nmethod  ] Register NMethod: java.lang.String.equalsIgnoreCase (0x0000029cc2299a08) [0x0000029cc2299b80, 0x0000029cc229a108] Compiler: c1, Barriers: 2, Oops: 0, ImmediateOops: 0, NonImmediateOops: No
[2024-10-26T03:26:25.026+0530][0.417s][debug][gc,nmethod  ] Register NMethod: jdk.internal.loader.BuiltinClassLoader.loadClassOrNull (0x0000029cc229a188) [0x0000029cc229a3e0, 0x0000029cc229b420] Compiler: c1, Barriers: 3, Oops: 0, ImmediateOops: 2, NonImmediateOops: No
[2024-10-26T03:26:25.026+0530][0.417s][debug][gc,nmethod  ] Register NMethod: jdk.internal.ref.CleanerImpl$PhantomCleanableRef.<init> (0x0000029cc229b508) [0x0000029cc229b640, 0x0000029cc229b808] Compiler: c1, Barriers: 3, Oops: 0, ImmediateOops: 0, NonImmediateOops: No
[2024-10-26T03:26:25.026+0530][0.417s][debug][gc,nmethod  ] Register NMethod: java.lang.ref.Cleaner.register (0x0000029cc229b888) [0x0000029cc229ba00, 0x0000029cc229bf50] Compiler: c1, Barriers: 3, Oops: 2, ImmediateOops: 2, NonImmediateOops: No
[2024-10-26T03:26:25.026+0530][0.417s][debug][gc,nmethod  ] Register NMethod: java.lang.StringConcatHelper.initialCoder (0x0000029cc229bf88) [0x0000029cc229c0a0, 0x0000029cc229c1b0] Compiler: c1, Barriers: 0, Oops: 0, ImmediateOops: 0, NonImmediateOops: No
[2024-10-26T03:26:25.026+0530][0.417s][debug][gc,nmethod  ] Register NMethod: java.util.WeakHashMap.maskNull (0x0000029cc229c288) [0x0000029cc229c3a0, 0x0000029cc229c4d0] Compiler: c1, Barriers: 0, Oops: 0, ImmediateOops: 1, NonImmediateOops: No
[2024-10-26T03:26:25.027+0530][0.417s][debug][gc,nmethod  ] Register NMethod: java.util.WeakHashMap.hash (0x0000029cc229c588) [0x0000029cc229c6a0, 0x0000029cc229c898] Compiler: c1, Barriers: 0, Oops: 0, ImmediateOops: 0, NonImmediateOops: No
[2024-10-26T03:26:25.027+0530][0.417s][debug][gc,nmethod  ] Register NMethod: java.util.WeakHashMap.getTable (0x0000029cc229c908) [0x0000029cc229ca20, 0x0000029cc229cb98] Compiler: c1, Barriers: 1, Oops: 0, ImmediateOops: 0, NonImmediateOops: No
[2024-10-26T03:26:25.027+0530][0.418s][debug][gc,nmethod  ] Register NMethod: java.util.WeakHashMap.indexFor (0x0000029cc229cc08) [0x0000029cc229cd20, 0x0000029cc229ce18] Compiler: c1, Barriers: 0, Oops: 0, ImmediateOops: 0, NonImmediateOops: No
[2024-10-26T03:26:25.027+0530][0.418s][debug][gc,nmethod  ] Register NMethod: java.util.WeakHashMap.expungeStaleEntries (0x0000029cc229cf08) [0x0000029cc229d0a0, 0x0000029cc229dad8] Compiler: c1, Barriers: 14, Oops: 0, ImmediateOops: 0, NonImmediateOops: No
[2024-10-26T03:26:25.027+0530][0.418s][debug][gc,nmethod  ] Register NMethod: java.lang.StringConcatHelper.simpleConcat (0x0000029cc229db08) [0x0000029cc229ddc0, 0x0000029cc229f050] Compiler: c1, Barriers: 2, Oops: 0, ImmediateOops: 7, NonImmediateOops: No
[2024-10-26T03:26:25.027+0530][0.418s][debug][gc,nmethod  ] Register NMethod: java.nio.Buffer.limit (0x0000029cc9bf7888) [0x0000029cc9bf79a0, 0x0000029cc9bf7ab0] Compiler: c2, Barriers: 0, Oops: 0, ImmediateOops: 0, NonImmediateOops: No
[2024-10-26T03:26:25.028+0530][0.419s][debug][gc,nmethod  ] Register NMethod: java.nio.ByteBuffer.limit (0x0000029cc9bf7b88) [0x0000029cc9bf7ca0, 0x0000029cc9bf7db8] Compiler: c2, Barriers: 0, Oops: 0, ImmediateOops: 0, NonImmediateOops: No
[2024-10-26T03:26:25.028+0530][0.419s][debug][gc,nmethod  ] Register NMethod: jdk.internal.misc.Unsafe.checkNativeAddress (0x0000029cc9bf7e88) [0x0000029cc9bf7f80, 0x0000029cc9bf7ff8] Compiler: c2, Barriers: 0, Oops: 0, ImmediateOops: 0, NonImmediateOops: No
[2024-10-26T03:26:25.029+0530][0.419s][debug][gc,nmethod  ] Register NMethod: jdk.internal.misc.Unsafe.checkOffset (0x0000029cc9bf8188) [0x0000029cc9bf8280, 0x0000029cc9bf8328] Compiler: c2, Barriers: 0, Oops: 0, ImmediateOops: 0, NonImmediateOops: No
[2024-10-26T03:26:25.029+0530][0.419s][debug][gc,nmethod  ] Register NMethod: jdk.internal.misc.Unsafe.checkSize (0x0000029cc9bf8488) [0x0000029cc9bf8580, 0x0000029cc9bf8628] Compiler: c2, Barriers: 0, Oops: 0, ImmediateOops: 0, NonImmediateOops: No
[2024-10-26T03:26:25.029+0530][0.420s][debug][gc,nmethod  ] Register NMethod: jdk.jfr.internal.event.EventConfiguration.shouldCommit (0x0000029cc229f108) [0x0000029cc229f240, 0x0000029cc229f490] Compiler: c1, Barriers: 1, Oops: 0, ImmediateOops: 0, NonImmediateOops: No
[2024-10-26T03:26:25.030+0530][0.420s][debug][gc,nmethod  ] Register NMethod: java.lang.Thread.isInterrupted (0x0000029cc9bf8788) [0x0000029cc9bf88a0, 0x0000029cc9bf8970] Compiler: c1, Barriers: 0, Oops: 0, ImmediateOops: 0, NonImmediateOops: No
[2024-10-26T03:26:25.030+0530][0.421s][debug][gc,nmethod  ] Register NMethod: org.springframework.boot.loader.zip.FileDataBlock$FileAccess.ensureOpen (0x0000029cc9bf8a88) [0x0000029cc9bf8ba0, 0x0000029cc9bf8e30] Compiler: c2, Barriers: 1, Oops: 1, ImmediateOops: 0, NonImmediateOops: No
[2024-10-26T03:26:25.031+0530][0.422s][debug][gc,nmethod  ] Register NMethod: java.io.ByteArrayOutputStream.ensureCapacity (0x0000029cc229f508) [0x0000029cc229f660, 0x0000029cc229fa30] Compiler: c1, Barriers: 4, Oops: 0, ImmediateOops: 0, NonImmediateOops: No
[2024-10-26T03:26:25.031+0530][0.422s][debug][gc,nmethod  ] Register NMethod: jdk.internal.misc.VM.isModuleSystemInited (0x0000029cc229fa88) [0x0000029cc229fba0, 0x0000029cc229fce8] Compiler: c1, Barriers: 0, Oops: 0, ImmediateOops: 1, NonImmediateOops: No
[2024-10-26T03:26:25.032+0530][0.422s][debug][gc,nmethod  ] Register NMethod: java.util.jar.Manifest$FastInputStream.readLine (0x0000029cc229fd88) [0x0000029cc229ff20, 0x0000029cc22a0788] Compiler: c1, Barriers: 1, Oops: 0, ImmediateOops: 0, NonImmediateOops: No
[2024-10-26T03:26:25.032+0530][0.423s][debug][gc,nmethod  ] Register NMethod: java.nio.ByteBuffer.putBuffer (0x0000029cc9bf8e88) [0x0000029cc9bf8fc0, 0x0000029cc9bf93d0] Compiler: c2, Barriers: 3, Oops: 2, ImmediateOops: 0, NonImmediateOops: No
[2024-10-26T03:26:25.033+0530][0.423s][debug][gc,director ] Rule Major: Warmup 10%, Used: 66MB, UsedThreshold: 204MB
[2024-10-26T03:26:25.033+0530][0.424s][debug][gc,nmethod  ] Register NMethod: java.util.jar.Manifest$FastInputStream.readLine (0x0000029cc22a0808) [0x0000029cc22a0920, 0x0000029cc22a0a80] Compiler: c1, Barriers: 0, Oops: 0, ImmediateOops: 0, NonImmediateOops: No
[2024-10-26T03:26:25.033+0530][0.424s][debug][gc,nmethod  ] Register NMethod: java.util.jar.Manifest$FastInputStream.peek (0x0000029cc22a0b08) [0x0000029cc22a0c40, 0x0000029cc22a0e78] Compiler: c1, Barriers: 1, Oops: 0, ImmediateOops: 0, NonImmediateOops: No
[2024-10-26T03:26:25.034+0530][0.425s][debug][gc,nmethod  ] Register NMethod: jdk.internal.misc.Unsafe.copyMemory (0x0000029cc9bf9488) [0x0000029cc9bf95c0, 0x0000029cc9bf9b60] Compiler: c2, Barriers: 4, Oops: 0, ImmediateOops: 0, NonImmediateOops: No
[2024-10-26T03:26:25.034+0530][0.425s][debug][gc,nmethod  ] Register NMethod: java.lang.String.<init> (0x0000029cc22a0f08) [0x0000029cc22a1400, 0x0000029cc22a42d0] Compiler: c1, Barriers: 47, Oops: 1, ImmediateOops: 12, NonImmediateOops: No
[2024-10-26T03:26:25.035+0530][0.426s][debug][gc,nmethod  ] Register NMethod: jdk.internal.ref.CleanerFactory.cleaner (0x0000029cc22a4408) [0x0000029cc22a4520, 0x0000029cc22a4618] Compiler: c1, Barriers: 0, Oops: 0, ImmediateOops: 1, NonImmediateOops: No
[2024-10-26T03:26:25.039+0530][0.430s][debug][gc,nmethod  ] Register NMethod: java.util.ImmutableCollections$Set12.<init> (0x0000029cc22a4708) [0x0000029cc22a4940, 0x0000029cc22a55f8] Compiler: c1, Barriers: 6, Oops: 1, ImmediateOops: 3, NonImmediateOops: No
[2024-10-26T03:26:25.039+0530][0.430s][debug][gc,nmethod  ] Register NMethod: java.nio.HeapByteBuffer.put (0x0000029cc9bf9c08) [0x0000029cc9bf9d40, 0x0000029cc9bfa228] Compiler: c2, Barriers: 3, Oops: 2, ImmediateOops: 0, NonImmediateOops: No
[2024-10-26T03:26:25.039+0530][0.430s][debug][gc,nmethod  ] Register NMethod: jdk.internal.org.objectweb.asm.Type.getDescriptor (0x0000029cc22a5688) [0x0000029cc22a5880, 0x0000029cc22a6068] Compiler: c1, Barriers: 3, Oops: 0, ImmediateOops: 1, NonImmediateOops: No
[2024-10-26T03:26:25.040+0530][0.431s][debug][gc,nmethod  ] Register NMethod: org.springframework.boot.loader.zip.FileDataBlock.read (0x0000029cc9bfa388) [0x0000029cc9bfa560, 0x0000029cc9bfb668] Compiler: c2, Barriers: 8, Oops: 5, ImmediateOops: 0, NonImmediateOops: No
[2024-10-26T03:26:25.040+0530][0.431s][debug][gc,nmethod  ] Register NMethod: org.springframework.boot.loader.zip.ZipContent.getCentralDirectoryFileHeaderRecordPos (0x0000029cc22a6108) [0x0000029cc22a6220, 0x0000029cc22a6390] Compiler: c1, Barriers: 1, Oops: 1, ImmediateOops: 0, NonImmediateOops: No
[2024-10-26T03:26:25.041+0530][0.432s][debug][gc,nmethod  ] Register NMethod: org.springframework.boot.loader.zip.ZipContent$Entry.<init> (0x0000029cc22a6408) [0x0000029cc22a6540, 0x0000029cc22a6798] Compiler: c1, Barriers: 6, Oops: 1, ImmediateOops: 0, NonImmediateOops: No
[2024-10-26T03:26:25.041+0530][0.432s][debug][gc,nmethod  ] Register NMethod: org.springframework.boot.loader.zip.ZipContent.loadZipCentralDirectoryFileHeaderRecord (0x0000029cc22a6808) [0x0000029cc22a6980, 0x0000029cc22a6e00] Compiler: c1, Barriers: 1, Oops: 1, ImmediateOops: 1, NonImmediateOops: No
[2024-10-26T03:26:25.041+0530][0.432s][debug][gc,nmethod  ] Register NMethod: org.springframework.boot.loader.jar.MetaInfVersionsInfo$$Lambda/0x000002a0d40922a8.apply (0x0000029cc22a6e88) [0x0000029cc22a6fc0, 0x0000029cc22a7138] Compiler: c1, Barriers: 1, Oops: 1, ImmediateOops: 0, NonImmediateOops: No
[2024-10-26T03:26:25.041+0530][0.432s][debug][gc,nmethod  ] Register NMethod: org.springframework.boot.loader.zip.ZipContent.getEntry (0x0000029cc22a7188) [0x0000029cc22a72e0, 0x0000029cc22a7770] Compiler: c1, Barriers: 8, Oops: 1, ImmediateOops: 0, NonImmediateOops: No
[2024-10-26T03:26:25.041+0530][0.432s][debug][gc,nmethod  ] Register NMethod: org.springframework.boot.loader.zip.ZipContent$Entry.hasNameStartingWith (0x0000029cc22a7808) [0x0000029cc22a79a0, 0x0000029cc22a7f00] Compiler: c1, Barriers: 5, Oops: 1, ImmediateOops: 0, NonImmediateOops: No
[2024-10-26T03:26:25.042+0530][0.433s][debug][gc,nmethod  ] Register NMethod: jdk.internal.org.objectweb.asm.MethodWriter.visitAnnotation (0x0000029cc22a7f88) [0x0000029cc22a80e0, 0x0000029cc22a84a0] Compiler: c1, Barriers: 10, Oops: 0, ImmediateOops: 0, NonImmediateOops: No
[2024-10-26T03:26:25.042+0530][0.433s][debug][gc,nmethod  ] Register NMethod: jdk.internal.org.objectweb.asm.AnnotationWriter.create (0x0000029cc22a8508) [0x0000029cc22a8680, 0x0000029cc22a8b58] Compiler: c1, Barriers: 3, Oops: 0, ImmediateOops: 0, NonImmediateOops: No
[2024-10-26T03:26:25.042+0530][0.433s][debug][gc,nmethod  ] Register NMethod: jdk.internal.org.objectweb.asm.AnnotationWriter.<init> (0x0000029cc22a8b88) [0x0000029cc22a8ce0, 0x0000029cc22a9120] Compiler: c1, Barriers: 12, Oops: 0, ImmediateOops: 0, NonImmediateOops: No
[2024-10-26T03:26:25.042+0530][0.433s][debug][gc,nmethod  ] Register NMethod: jdk.internal.org.objectweb.asm.AnnotationVisitor.<init> (0x0000029cc22a9188) [0x0000029cc22a92a0, 0x0000029cc22a93e8] Compiler: c1, Barriers: 0, Oops: 0, ImmediateOops: 0, NonImmediateOops: No
[2024-10-26T03:26:25.042+0530][0.433s][debug][gc,nmethod  ] Register NMethod: java.lang.invoke.MethodHandle.linkToStatic (0x0000029cc9bfb808) [0x0000029cc9bfb900, 0x0000029cc9bfba10] Compiler: , Barriers: 0, Oops: 0, ImmediateOops: 0, NonImmediateOops: No
[2024-10-26T03:26:25.042+0530][0.433s][debug][gc,nmethod  ] Register NMethod: java.lang.invoke.InvokerBytecodeGenerator.emitPushArguments (0x0000029cc22a9488) [0x0000029cc22a9620, 0x0000029cc22a9d68] Compiler: c1, Barriers: 12, Oops: 0, ImmediateOops: 0, NonImmediateOops: No
[2024-10-26T03:26:25.042+0530][0.433s][debug][gc,nmethod  ] Register NMethod: jdk.internal.org.objectweb.asm.AnnotationWriter.visitEnd (0x0000029cc22a9e08) [0x0000029cc22a9f20, 0x0000029cc22aa120] Compiler: c1, Barriers: 2, Oops: 0, ImmediateOops: 0, NonImmediateOops: No
[2024-10-26T03:26:25.042+0530][0.433s][debug][gc,nmethod  ] Register NMethod: java.lang.invoke.MethodHandle.invokeBasic (0x0000029cc9bfbb08) [0x0000029cc9bfbc20, 0x0000029cc9bfbf10] Compiler: , Barriers: 0, Oops: 0, ImmediateOops: 0, NonImmediateOops: No
[2024-10-26T03:26:25.043+0530][0.434s][debug][gc,nmethod  ] Register NMethod: org.springframework.boot.loader.zip.FileDataBlock$FileAccess.read (0x0000029cc9bfbf88) [0x0000029cc9bfc100, 0x0000029cc9bfcaf8] Compiler: c2, Barriers: 5, Oops: 3, ImmediateOops: 0, NonImmediateOops: No
[2024-10-26T03:26:25.043+0530][0.434s][debug][gc,nmethod  ] Register NMethod: java.lang.invoke.InvokerBytecodeGenerator.emitStoreResult (0x0000029cc22aa188) [0x0000029cc22aa2c0, 0x0000029cc22aa4b8] Compiler: c1, Barriers: 1, Oops: 0, ImmediateOops: 1, NonImmediateOops: No
[2024-10-26T03:26:25.043+0530][0.434s][debug][gc,nmethod  ] Register NMethod: jdk.internal.org.objectweb.asm.AnnotationVisitor.<init> (0x0000029cc22aa508) [0x0000029cc22aa6c0, 0x0000029cc22aaec0] Compiler: c1, Barriers: 3, Oops: 1, ImmediateOops: 2, NonImmediateOops: No
[2024-10-26T03:26:25.043+0530][0.434s][debug][gc,nmethod  ] Register NMethod: java.lang.invoke.MethodHandle.invokeBasic (0x0000029cc9bfcc88) [0x0000029cc9bfcda0, 0x0000029cc9bfd090] Compiler: , Barriers: 0, Oops: 0, ImmediateOops: 0, NonImmediateOops: No
[2024-10-26T03:26:25.043+0530][0.434s][debug][gc,nmethod  ] Register NMethod: java.lang.invoke.MethodHandle.linkToSpecial (0x0000029cc9bfd108) [0x0000029cc9bfd200, 0x0000029cc9bfd310] Compiler: , Barriers: 0, Oops: 0, ImmediateOops: 0, NonImmediateOops: No
[2024-10-26T03:26:25.043+0530][0.434s][debug][gc,nmethod  ] Register NMethod: java.lang.invoke.LambdaForm$NamedFunction.intrinsicName (0x0000029cc22aaf88) [0x0000029cc22ab0c0, 0x0000029cc22ab338] Compiler: c1, Barriers: 1, Oops: 0, ImmediateOops: 1, NonImmediateOops: No
[2024-10-26T03:26:25.044+0530][0.434s][debug][gc,director ] Rule Major: Warmup 10%, Used: 66MB, UsedThreshold: 204MB
[2024-10-26T03:26:25.044+0530][0.435s][debug][gc,nmethod  ] Register NMethod: java.lang.invoke.InvokerBytecodeGenerator.isStaticallyInvocable (0x0000029cc22ab388) [0x0000029cc22ab6c0, 0x0000029cc22aca38] Compiler: c1, Barriers: 2, Oops: 1, ImmediateOops: 3, NonImmediateOops: No
[2024-10-26T03:26:25.044+0530][0.435s][debug][gc,nmethod  ] Register NMethod: java.io.ByteArrayOutputStream.write (0x0000029cc22acb08) [0x0000029cc22acc80, 0x0000029cc22ad1e8] Compiler: c1, Barriers: 1, Oops: 0, ImmediateOops: 0, NonImmediateOops: No
[2024-10-26T03:26:25.045+0530][0.436s][debug][gc,nmethod  ] Register NMethod: jdk.internal.event.FileReadEvent.enabled (0x0000029cc22ad288) [0x0000029cc22ad3c0, 0x0000029cc22ad610] Compiler: c1, Barriers: 2, Oops: 0, ImmediateOops: 1, NonImmediateOops: No
[2024-10-26T03:26:25.045+0530][0.436s][debug][gc,nmethod  ] Register NMethod: jdk.internal.event.FileReadEvent.shouldCommit (0x0000029cc22ad688) [0x0000029cc22ad7c0, 0x0000029cc22adaf8] Compiler: c1, Barriers: 2, Oops: 0, ImmediateOops: 1, NonImmediateOops: No
[2024-10-26T03:26:25.045+0530][0.436s][debug][gc,nmethod  ] Register NMethod: java.lang.Math.max (0x0000029cc9bfd408) [0x0000029cc9bfd500, 0x0000029cc9bfd570] Compiler: c2, Barriers: 0, Oops: 0, ImmediateOops: 0, NonImmediateOops: No
[2024-10-26T03:26:25.045+0530][0.436s][debug][gc,nmethod  ] Register NMethod: sun.net.util.IPAddressUtil.earlyURLParsing (0x0000029cc22adb88) [0x0000029cc22adca0, 0x0000029cc22addb0] Compiler: c1, Barriers: 0, Oops: 0, ImmediateOops: 0, NonImmediateOops: No
[2024-10-26T03:26:25.045+0530][0.436s][debug][gc,nmethod  ] Register NMethod: sun.nio.ch.NativeThread.isNativeThread (0x0000029cc9bfd708) [0x0000029cc9bfd820, 0x0000029cc9bfd8c8] Compiler: c1, Barriers: 0, Oops: 0, ImmediateOops: 0, NonImmediateOops: No
[2024-10-26T03:26:25.046+0530][0.436s][debug][gc,nmethod  ] Register NMethod: java.nio.channels.spi.AbstractInterruptibleChannel.isOpen (0x0000029cc22ade88) [0x0000029cc22adfa0, 0x0000029cc22ae100] Compiler: c1, Barriers: 0, Oops: 0, ImmediateOops: 0, NonImmediateOops: No
[2024-10-26T03:26:25.046+0530][0.437s][debug][gc,nmethod  ] Register NMethod: java.nio.ByteBuffer.put (0x0000029cc9bfda08) [0x0000029cc9bfdb40, 0x0000029cc9bfe050] Compiler: c2, Barriers: 3, Oops: 2, ImmediateOops: 0, NonImmediateOops: No
[2024-10-26T03:26:25.046+0530][0.437s][debug][gc,nmethod  ] Register NMethod: java.util.jar.Attributes$Name.hash (0x0000029cc22ae188) [0x0000029cc22ae3a0, 0x0000029cc22af040] Compiler: c1, Barriers: 3, Oops: 2, ImmediateOops: 3, NonImmediateOops: No
[2024-10-26T03:26:25.046+0530][0.437s][debug][gc,nmethod  ] Register NMethod: sun.nio.ch.FileDispatcherImpl.pread0 (0x0000029cc9bfe188) [0x0000029cc9bfe2a0, 0x0000029cc9bfe4d8] Compiler: , Barriers: 0, Oops: 0, ImmediateOops: 1, NonImmediateOops: No
[2024-10-26T03:26:25.047+0530][0.437s][debug][gc,nmethod  ] Register NMethod: sun.nio.fs.NativeBuffer.size (0x0000029cc9bfe508) [0x0000029cc9bfe620, 0x0000029cc9bfe6e8] Compiler: c1, Barriers: 0, Oops: 0, ImmediateOops: 0, NonImmediateOops: No
[2024-10-26T03:26:25.047+0530][0.437s][debug][gc,nmethod  ] Register NMethod: sun.nio.ch.FileDispatcherImpl.needsPositionLock (0x0000029cc9bfe808) [0x0000029cc9bfe920, 0x0000029cc9bfe9e8] Compiler: c1, Barriers: 0, Oops: 0, ImmediateOops: 0, NonImmediateOops: No
[2024-10-26T03:26:25.047+0530][0.438s][debug][gc,nmethod  ] Register NMethod: java.nio.DirectByteBuffer.isReadOnly (0x0000029cc9bfeb08) [0x0000029cc9bfec20, 0x0000029cc9bfece8] Compiler: c1, Barriers: 0, Oops: 0, ImmediateOops: 0, NonImmediateOops: No
[2024-10-26T03:26:25.047+0530][0.438s][debug][gc,nmethod  ] Register NMethod: org.springframework.boot.loader.zip.ZipString.readInBuffer (0x0000029cc9bfee08) [0x0000029cc9bfef40, 0x0000029cc9bff1c0] Compiler: c2, Barriers: 0, Oops: 1, ImmediateOops: 0, NonImmediateOops: No
[2024-10-26T03:26:25.047+0530][0.438s][debug][gc,nmethod  ] Register NMethod: java.lang.Thread.blockedOn (0x0000029cc22af108) [0x0000029cc22af240, 0x0000029cc22af598] Compiler: c1, Barriers: 4, Oops: 0, ImmediateOops: 0, NonImmediateOops: No
[2024-10-26T03:26:25.047+0530][0.438s][debug][gc,nmethod  ] Register NMethod: java.nio.channels.spi.AbstractInterruptibleChannel.blockedOn (0x0000029cc22af608) [0x0000029cc22af760, 0x0000029cc22afd10] Compiler: c1, Barriers: 6, Oops: 0, ImmediateOops: 1, NonImmediateOops: No
[2024-10-26T03:26:25.047+0530][0.438s][debug][gc,nmethod  ] Register NMethod: java.lang.System$2.blockedOn (0x0000029cc22afd88) [0x0000029cc22afec0, 0x0000029cc22b0348] Compiler: c1, Barriers: 5, Oops: 0, ImmediateOops: 0, NonImmediateOops: No
[2024-10-26T03:26:25.047+0530][0.438s][debug][gc,nmethod  ] Register NMethod: org.springframework.boot.loader.zip.NameOffsetLookups.swap (0x0000029cc9bff288) [0x0000029cc9bff380, 0x0000029cc9bff478] Compiler: c2, Barriers: 1, Oops: 1, ImmediateOops: 0, NonImmediateOops: No
[2024-10-26T03:26:25.048+0530][0.439s][debug][gc,nmethod  ] Register NMethod: java.nio.ByteBuffer.clear (0x0000029cc9bff588) [0x0000029cc9bff680, 0x0000029cc9bff710] Compiler: c2, Barriers: 0, Oops: 0, ImmediateOops: 0, NonImmediateOops: No
[2024-10-26T03:26:25.048+0530][0.439s][debug][gc,nmethod  ] Register NMethod: org.springframework.boot.loader.jar.NestedJarFileResources.zipContent (0x0000029cc9bff888) [0x0000029cc9bff9a0, 0x0000029cc9bffa98] Compiler: c1, Barriers: 1, Oops: 1, ImmediateOops: 0, NonImmediateOops: No
[2024-10-26T03:26:25.049+0530][0.440s][debug][gc,nmethod  ] Register NMethod: org.springframework.boot.loader.zip.ZipContent$Loader.swap (0x0000029cc9bffb88) [0x0000029cc9bffcc0, 0x0000029cc9c00128] Compiler: c2, Barriers: 5, Oops: 1, ImmediateOops: 0, NonImmediateOops: No
[2024-10-26T03:26:25.050+0530][0.441s][debug][gc,nmethod  ] Register NMethod: java.util.jar.Attributes.put (0x0000029cc22b0388) [0x0000029cc22b04c0, 0x0000029cc22b0878] Compiler: c1, Barriers: 1, Oops: 0, ImmediateOops: 0, NonImmediateOops: No
[2024-10-26T03:26:25.051+0530][0.442s][debug][gc,nmethod  ] Register NMethod: java.nio.Buffer.<init> (0x0000029cc9c00188) [0x0000029cc9c002c0, 0x0000029cc9c005b8] Compiler: c2, Barriers: 3, Oops: 0, ImmediateOops: 0, NonImmediateOops: No
[2024-10-26T03:26:25.051+0530][0.442s][debug][gc,nmethod  ] Register NMethod: java.util.jar.Attributes$Name.of (0x0000029cc22b0908) [0x0000029cc22b0aa0, 0x0000029cc22b1048] Compiler: c1, Barriers: 4, Oops: 1, ImmediateOops: 3, NonImmediateOops: No
[2024-10-26T03:26:25.051+0530][0.442s][debug][gc,nmethod  ] Register NMethod: java.util.jar.Attributes.putValue (0x0000029cc22b1088) [0x0000029cc22b1220, 0x0000029cc22b1a40] Compiler: c1, Barriers: 4, Oops: 0, ImmediateOops: 1, NonImmediateOops: No
[2024-10-26T03:26:25.052+0530][0.442s][debug][gc,nmethod  ] Register NMethod: java.nio.ByteBuffer.<init> (0x0000029cc9c00688) [0x0000029cc9c007c0, 0x0000029cc9c00be0] Compiler: c2, Barriers: 6, Oops: 0, ImmediateOops: 0, NonImmediateOops: No
[2024-10-26T03:26:25.052+0530][0.443s][debug][gc,nmethod  ] Register NMethod: org.springframework.boot.loader.zip.ZipContent.size (0x0000029cc22b1a88) [0x0000029cc22b1ba0, 0x0000029cc22b1ce0] Compiler: c1, Barriers: 1, Oops: 1, ImmediateOops: 0, NonImmediateOops: No
[2024-10-26T03:26:25.052+0530][0.443s][debug][gc,nmethod  ] Register NMethod: org.springframework.boot.loader.zip.DataBlock.readFully (0x0000029cc9c00c88) [0x0000029cc9c00dc0, 0x0000029cc9c00f48] Compiler: c2, Barriers: 0, Oops: 1, ImmediateOops: 0, NonImmediateOops: No
[2024-10-26T03:26:25.052+0530][0.443s][debug][gc,nmethod  ] Register NMethod: java.nio.MappedByteBuffer.position (0x0000029cc22b1d88) [0x0000029cc22b1ec0, 0x0000029cc22b2070] Compiler: c1, Barriers: 0, Oops: 0, ImmediateOops: 0, NonImmediateOops: No
[2024-10-26T03:26:25.052+0530][0.443s][debug][gc,nmethod  ] Register NMethod: sun.nio.fs.WindowsPathParser.nextNonSlash (0x0000029cc22b2088) [0x0000029cc22b2220, 0x0000029cc22b2970] Compiler: c1, Barriers: 2, Oops: 1, ImmediateOops: 2, NonImmediateOops: No
[2024-10-26T03:26:25.052+0530][0.443s][debug][gc,nmethod  ] Register NMethod: sun.nio.fs.NativeBuffer.setOwner (0x0000029cc9c00f88) [0x0000029cc9c010a0, 0x0000029cc9c011d8] Compiler: c1, Barriers: 3, Oops: 0, ImmediateOops: 0, NonImmediateOops: No
[2024-10-26T03:26:25.053+0530][0.444s][debug][gc,nmethod  ] Register NMethod: java.lang.AbstractStringBuilder.appendChars (0x0000029cc22b2a08) [0x0000029cc22b2c60, 0x0000029cc22b3d68] Compiler: c1, Barriers: 10, Oops: 1, ImmediateOops: 2, NonImmediateOops: No
[2024-10-26T03:26:25.053+0530][0.444s][debug][gc,nmethod  ] Register NMethod: java.util.zip.InflaterInputStream.ensureOpen (0x0000029cc22b3e08) [0x0000029cc22b3f40, 0x0000029cc22b4150] Compiler: c1, Barriers: 0, Oops: 0, ImmediateOops: 1, NonImmediateOops: No
[2024-10-26T03:26:25.054+0530][0.445s][debug][gc,nmethod  ] Register NMethod: java.nio.MappedByteBuffer.position (0x0000029cc22b4188) [0x0000029cc22b42c0, 0x0000029cc22b44d0] Compiler: c1, Barriers: 0, Oops: 0, ImmediateOops: 0, NonImmediateOops: No
[2024-10-26T03:26:25.054+0530][0.445s][debug][gc,nmethod  ] Register NMethod: jdk.internal.util.ArraysSupport.mismatch (0x0000029cc22b4508) [0x0000029cc22b4660, 0x0000029cc22b4a38] Compiler: c1, Barriers: 0, Oops: 0, ImmediateOops: 0, NonImmediateOops: No
[2024-10-26T03:26:25.054+0530][0.445s][debug][gc,nmethod  ] Register NMethod: java.lang.Thread.isVirtual (0x0000029cc22b4a88) [0x0000029cc22b4ba0, 0x0000029cc22b4d88] Compiler: c1, Barriers: 0, Oops: 0, ImmediateOops: 0, NonImmediateOops: No
[2024-10-26T03:26:25.055+0530][0.445s][debug][gc,director ] Rule Major: Warmup 10%, Used: 68MB, UsedThreshold: 204MB
[2024-10-26T03:26:25.055+0530][0.446s][debug][gc,nmethod  ] Register NMethod: sun.nio.ch.FileChannelImpl.beginBlocking (0x0000029cc22b4e08) [0x0000029cc22b4f20, 0x0000029cc22b5088] Compiler: c1, Barriers: 0, Oops: 0, ImmediateOops: 0, NonImmediateOops: No
[2024-10-26T03:26:25.055+0530][0.446s][debug][gc,nmethod  ] Register NMethod: sun.nio.ch.NativeThread.current (0x0000029cc22b5108) [0x0000029cc22b5240, 0x0000029cc22b5510] Compiler: c1, Barriers: 1, Oops: 0, ImmediateOops: 0, NonImmediateOops: No
[2024-10-26T03:26:25.055+0530][0.446s][debug][gc,nmethod  ] Register NMethod: sun.nio.ch.FileChannelImpl.ensureOpen (0x0000029cc22b5588) [0x0000029cc22b56c0, 0x0000029cc22b5978] Compiler: c1, Barriers: 0, Oops: 0, ImmediateOops: 0, NonImmediateOops: No
[2024-10-26T03:26:25.055+0530][0.446s][debug][gc,nmethod  ] Register NMethod: java.nio.ByteBuffer.allocate (0x0000029cc9c01288) [0x0000029cc9c013a0, 0x0000029cc9c016a0] Compiler: c2, Barriers: 3, Oops: 0, ImmediateOops: 0, NonImmediateOops: No
[2024-10-26T03:26:25.056+0530][0.447s][debug][gc,nmethod  ] Register NMethod: sun.nio.ch.NativeThreadSet.add (0x0000029cc22b5a08) [0x0000029cc22b5b40, 0x0000029cc22b6060] Compiler: c1, Barriers: 1, Oops: 0, ImmediateOops: 0, NonImmediateOops: No
[2024-10-26T03:26:25.056+0530][0.447s][debug][gc,nmethod  ] Register NMethod: java.nio.HeapByteBuffer.<init> (0x0000029cc9c01788) [0x0000029cc9c018a0, 0x0000029cc9c01c10] Compiler: c2, Barriers: 6, Oops: 0, ImmediateOops: 0, NonImmediateOops: No
[2024-10-26T03:26:25.056+0530][0.447s][debug][gc,nmethod  ] Register NMethod: jdk.internal.misc.Blocker.begin (0x0000029cc22b6108) [0x0000029cc22b6220, 0x0000029cc22b6380] Compiler: c1, Barriers: 0, Oops: 0, ImmediateOops: 0, NonImmediateOops: No
[2024-10-26T03:26:25.056+0530][0.447s][debug][gc,nmethod  ] Register NMethod: sun.nio.ch.IOUtil.read (0x0000029cc22b6408) [0x0000029cc22b6520, 0x0000029cc22b6648] Compiler: c1, Barriers: 0, Oops: 0, ImmediateOops: 0, NonImmediateOops: No
[2024-10-26T03:26:25.056+0530][0.447s][debug][gc,nmethod  ] Register NMethod: java.io.InputStream.<init> (0x0000029cc22b6708) [0x0000029cc22b6820, 0x0000029cc22b6988] Compiler: c1, Barriers: 0, Oops: 0, ImmediateOops: 0, NonImmediateOops: No
[2024-10-26T03:26:25.056+0530][0.447s][debug][gc,nmethod  ] Register NMethod: sun.nio.fs.WindowsPath.getFileSystem (0x0000029cc9c01d08) [0x0000029cc9c01e20, 0x0000029cc9c01f18] Compiler: c1, Barriers: 1, Oops: 0, ImmediateOops: 0, NonImmediateOops: No
[2024-10-26T03:26:25.056+0530][0.447s][debug][gc,nmethod  ] Register NMethod: java.lang.ref.Reference.clear0 (0x0000029cc9c02008) [0x0000029cc9c02120, 0x0000029cc9c02318] Compiler: , Barriers: 0, Oops: 0, ImmediateOops: 0, NonImmediateOops: No
[2024-10-26T03:26:25.057+0530][0.447s][debug][gc,nmethod  ] Register NMethod: sun.nio.ch.IOUtil.releaseScope (0x0000029cc22b6a08) [0x0000029cc22b6ba0, 0x0000029cc22b7208] Compiler: c1, Barriers: 1, Oops: 0, ImmediateOops: 1, NonImmediateOops: No
[2024-10-26T03:26:25.057+0530][0.447s][debug][gc,nmethod  ] Register NMethod: sun.nio.ch.IOUtil.read (0x0000029cc22b7288) [0x0000029cc22b7480, 0x0000029cc22b7d80] Compiler: c1, Barriers: 0, Oops: 0, ImmediateOops: 1, NonImmediateOops: No
[2024-10-26T03:26:25.057+0530][0.448s][debug][gc,nmethod  ] Register NMethod: org.springframework.boot.loader.log.DebugLogger$DisabledDebugLogger.log (0x0000029cc22b7e08) [0x0000029cc22b7f20, 0x0000029cc22b8028] Compiler: c1, Barriers: 0, Oops: 1, ImmediateOops: 0, NonImmediateOops: No
[2024-10-26T03:26:25.057+0530][0.448s][debug][gc,nmethod  ] Register NMethod: java.nio.MappedByteBuffer.clear (0x0000029cc22b8108) [0x0000029cc22b8240, 0x0000029cc22b8480] Compiler: c1, Barriers: 0, Oops: 0, ImmediateOops: 0, NonImmediateOops: No
[2024-10-26T03:26:25.057+0530][0.448s][debug][gc,nmethod  ] Register NMethod: java.nio.MappedByteBuffer.clear (0x0000029cc22b8508) [0x0000029cc22b8620, 0x0000029cc22b8800] Compiler: c1, Barriers: 0, Oops: 0, ImmediateOops: 0, NonImmediateOops: No
[2024-10-26T03:26:25.057+0530][0.448s][debug][gc,nmethod  ] Register NMethod: sun.nio.ch.FileChannelImpl.read (0x0000029cc22b8888) [0x0000029cc22b89e0, 0x0000029cc22b8d78] Compiler: c1, Barriers: 2, Oops: 0, ImmediateOops: 2, NonImmediateOops: No
[2024-10-26T03:26:25.058+0530][0.449s][debug][gc,nmethod  ] Register NMethod: org.springframework.boot.loader.zip.ZipString.hash (0x0000029cc9c02388) [0x0000029cc9c025a0, 0x0000029cc9c04708] Compiler: c2, Barriers: 8, Oops: 5, ImmediateOops: 1, NonImmediateOops: No
[2024-10-26T03:26:25.058+0530][0.449s][debug][gc,nmethod  ] Register NMethod: sun.nio.ch.FileChannelImpl.implRead (0x0000029cc22b8e08) [0x0000029cc22b8fe0, 0x0000029cc22b98d8] Compiler: c1, Barriers: 1, Oops: 0, ImmediateOops: 2, NonImmediateOops: No
[2024-10-26T03:26:25.058+0530][0.449s][debug][gc,nmethod  ] Register NMethod: sun.nio.ch.FileChannelImpl.traceImplRead (0x0000029cc22b9988) [0x0000029cc22b9ba0, 0x0000029cc22ba780] Compiler: c1, Barriers: 7, Oops: 0, ImmediateOops: 2, NonImmediateOops: No
[2024-10-26T03:26:25.058+0530][0.449s][debug][gc,nmethod  ] Register NMethod: java.nio.ByteBuffer.position (0x0000029cc9c04908) [0x0000029cc9c04a20, 0x0000029cc9c04b30] Compiler: c2, Barriers: 0, Oops: 0, ImmediateOops: 0, NonImmediateOops: No
[2024-10-26T03:26:25.059+0530][0.450s][debug][gc,nmethod  ] Register NMethod: sun.nio.ch.FileChannelImpl.readInternal (0x0000029cc22ba808) [0x0000029cc22baae0, 0x0000029cc22bbe60] Compiler: c1, Barriers: 7, Oops: 0, ImmediateOops: 3, NonImmediateOops: No
[2024-10-26T03:26:25.059+0530][0.450s][debug][gc,nmethod  ] Register NMethod: java.util.Objects.hashCode (0x0000029cc22bbf08) [0x0000029cc22bc040, 0x0000029cc22bc258] Compiler: c1, Barriers: 0, Oops: 0, ImmediateOops: 0, NonImmediateOops: No
[2024-10-26T03:26:25.060+0530][0.450s][debug][gc,nmethod  ] Register NMethod: java.lang.StringBuilder.append (0x0000029cc22bc288) [0x0000029cc22bc3a0, 0x0000029cc22bc4f0] Compiler: c1, Barriers: 0, Oops: 0, ImmediateOops: 0, NonImmediateOops: No
[2024-10-26T03:26:25.060+0530][0.451s][debug][gc,nmethod  ] Register NMethod: java.lang.AbstractStringBuilder.append (0x0000029cc22bc588) [0x0000029cc22bc720, 0x0000029cc22bcd50] Compiler: c1, Barriers: 0, Oops: 1, ImmediateOops: 2, NonImmediateOops: No
[2024-10-26T03:26:25.060+0530][0.451s][debug][gc,nmethod  ] Register NMethod: java.lang.StringLatin1.inflate (0x0000029cc22bcd88) [0x0000029cc22bcec0, 0x0000029cc22bd0c0] Compiler: c1, Barriers: 0, Oops: 0, ImmediateOops: 0, NonImmediateOops: No
[2024-10-26T03:26:25.060+0530][0.451s][debug][gc,nmethod  ] Register NMethod: java.nio.ByteBuffer.order (0x0000029cc9c04c08) [0x0000029cc9c04d00, 0x0000029cc9c04db0] Compiler: c2, Barriers: 0, Oops: 1, ImmediateOops: 1, NonImmediateOops: No
[2024-10-26T03:26:25.061+0530][0.452s][debug][gc,nmethod  ] Register NMethod: java.nio.ByteBuffer.rewind (0x0000029cc9c04f08) [0x0000029cc9c05000, 0x0000029cc9c05088] Compiler: c2, Barriers: 0, Oops: 0, ImmediateOops: 0, NonImmediateOops: No
[2024-10-26T03:26:25.061+0530][0.452s][debug][gc,nmethod  ] Register NMethod: java.util.zip.Inflater.finished (0x0000029cc22bd108) [0x0000029cc22bd220, 0x0000029cc22bd4f0] Compiler: c1, Barriers: 1, Oops: 0, ImmediateOops: 0, NonImmediateOops: No
[2024-10-26T03:26:25.062+0530][0.453s][debug][gc,nmethod  ] Register NMethod: java.lang.ThreadLocal$ThreadLocalMap.getEntry (0x0000029cc22bd508) [0x0000029cc22bd660, 0x0000029cc22bda80] Compiler: c1, Barriers: 2, Oops: 0, ImmediateOops: 0, NonImmediateOops: No
[2024-10-26T03:26:25.062+0530][0.453s][debug][gc,nmethod  ] Register NMethod: java.util.zip.InflaterInputStream.read (0x0000029cc22bdb08) [0x0000029cc22bdd80, 0x0000029cc22bed78] Compiler: c1, Barriers: 7, Oops: 0, ImmediateOops: 2, NonImmediateOops: No
[2024-10-26T03:26:25.064+0530][0.455s][debug][gc,nmethod  ] Register NMethod: org.springframework.boot.loader.zip.ZipContent$Loader.sort (0x0000029cc9c05208) [0x0000029cc9c05420, 0x0000029cc9c06988] Compiler: c2, Barriers: 13, Oops: 1, ImmediateOops: 0, NonImmediateOops: No
[2024-10-26T03:26:25.065+0530][0.456s][debug][gc,nmethod  ] Register NMethod: java.io.WinNTFileSystem.normalize (0x0000029cc22bee08) [0x0000029cc22bf020, 0x0000029cc22bfb58] Compiler: c1, Barriers: 3, Oops: 1, ImmediateOops: 2, NonImmediateOops: No
[2024-10-26T03:26:25.066+0530][0.456s][debug][gc,director ] Rule Major: Warmup 10%, Used: 70MB, UsedThreshold: 204MB
[2024-10-26T03:26:25.066+0530][0.457s][debug][gc,nmethod  ] Register NMethod: sun.nio.fs.WindowsPathParser.normalize (0x0000029cc22bfc08) [0x0000029cc22c0160, 0x0000029cc22c2eb0] Compiler: c1, Barriers: 7, Oops: 4, ImmediateOops: 17, NonImmediateOops: No
[2024-10-26T03:26:25.066+0530][0.457s][debug][gc,nmethod  ] Register NMethod: java.lang.System.nanoTime (0x0000029cc9c06a08) [0x0000029cc9c06b20, 0x0000029cc9c06d30] Compiler: , Barriers: 0, Oops: 0, ImmediateOops: 1, NonImmediateOops: No
[2024-10-26T03:26:25.067+0530][0.457s][debug][gc,nmethod  ] Register NMethod: org.springframework.boot.loader.log.DebugLogger$DisabledDebugLogger.log (0x0000029cc22c2f88) [0x0000029cc22c30a0, 0x0000029cc22c31a8] Compiler: c1, Barriers: 0, Oops: 1, ImmediateOops: 0, NonImmediateOops: No
[2024-10-26T03:26:25.067+0530][0.458s][debug][gc,nmethod  ] Register NMethod: java.lang.Math.abs (0x0000029cc22c3288) [0x0000029cc22c33a0, 0x0000029cc22c3500] Compiler: c1, Barriers: 0, Oops: 0, ImmediateOops: 0, NonImmediateOops: No
[2024-10-26T03:26:25.067+0530][0.458s][debug][gc,nmethod  ] Register NMethod: jdk.internal.misc.Unsafe.getInt (0x0000029cc22c3588) [0x0000029cc22c36a0, 0x0000029cc22c37b8] Compiler: c1, Barriers: 0, Oops: 0, ImmediateOops: 0, NonImmediateOops: No
[2024-10-26T03:26:25.067+0530][0.458s][debug][gc,nmethod  ] Register NMethod: sun.nio.fs.WindowsPathParser$Result.type (0x0000029cc9c06d88) [0x0000029cc9c06ea0, 0x0000029cc9c06f98] Compiler: c1, Barriers: 1, Oops: 0, ImmediateOops: 0, NonImmediateOops: No
[2024-10-26T03:26:25.067+0530][0.458s][debug][gc,nmethod  ] Register NMethod: sun.nio.fs.WindowsPathParser$Result.root (0x0000029cc9c07088) [0x0000029cc9c071a0, 0x0000029cc9c07298] Compiler: c1, Barriers: 1, Oops: 0, ImmediateOops: 0, NonImmediateOops: No
[2024-10-26T03:26:25.067+0530][0.458s][debug][gc,nmethod  ] Register NMethod: sun.nio.fs.WindowsPathParser$Result.path (0x0000029cc9c07388) [0x0000029cc9c074a0, 0x0000029cc9c07598] Compiler: c1, Barriers: 1, Oops: 0, ImmediateOops: 0, NonImmediateOops: No
[2024-10-26T03:26:25.067+0530][0.458s][debug][gc,nmethod  ] Register NMethod: java.util.ArrayDeque.<init> (0x0000029cc22c3888) [0x0000029cc22c39c0, 0x0000029cc22c3c98] Compiler: c1, Barriers: 3, Oops: 0, ImmediateOops: 0, NonImmediateOops: No
[2024-10-26T03:26:25.068+0530][0.459s][debug][gc,nmethod  ] Register NMethod: jdk.internal.misc.Unsafe.putLong (0x0000029cc9c07688) [0x0000029cc9c077a0, 0x0000029cc9c079b8] Compiler: , Barriers: 0, Oops: 0, ImmediateOops: 0, NonImmediateOops: No
[2024-10-26T03:26:25.068+0530][0.459s][debug][gc,nmethod  ] Register NMethod: java.nio.DirectLongBufferU.ix (0x0000029cc22c3d08) [0x0000029cc22c3e20, 0x0000029cc22c3f40] Compiler: c1, Barriers: 0, Oops: 0, ImmediateOops: 0, NonImmediateOops: No
[2024-10-26T03:26:25.068+0530][0.459s][debug][gc,nmethod  ] Register NMethod: java.lang.Runtime$Version.feature (0x0000029cc22c4008) [0x0000029cc22c4140, 0x0000029cc22c4448] Compiler: c1, Barriers: 1, Oops: 0, ImmediateOops: 0, NonImmediateOops: No
[2024-10-26T03:26:25.068+0530][0.459s][debug][gc,nmethod  ] Register NMethod: sun.nio.fs.WindowsPath.hashCode (0x0000029cc22c4488) [0x0000029cc22c4660, 0x0000029cc22c5010] Compiler: c1, Barriers: 2, Oops: 1, ImmediateOops: 2, NonImmediateOops: No
[2024-10-26T03:26:25.068+0530][0.459s][debug][gc,nmethod  ] Register NMethod: org.springframework.boot.loader.zip.ZipCentralDirectoryFileHeaderRecord.<init> (0x0000029cc9c07a08) [0x0000029cc9c07b00, 0x0000029cc9c07bf8] Compiler: c2, Barriers: 0, Oops: 1, ImmediateOops: 0, NonImmediateOops: No
[2024-10-26T03:26:25.069+0530][0.460s][debug][gc,nmethod  ] Register NMethod: sun.nio.fs.NativeBuffer.owner (0x0000029cc9c07d08) [0x0000029cc9c07e20, 0x0000029cc9c07f18] Compiler: c1, Barriers: 1, Oops: 0, ImmediateOops: 0, NonImmediateOops: No
[2024-10-26T03:26:25.069+0530][0.460s][debug][gc,nmethod  ] Register NMethod: sun.net.www.ParseUtil.firstEncodeIndex (0x0000029cc22c5108) [0x0000029cc22c52e0, 0x0000029cc22c5cc8] Compiler: c1, Barriers: 3, Oops: 1, ImmediateOops: 2, NonImmediateOops: No
[2024-10-26T03:26:25.069+0530][0.460s][debug][gc,nmethod  ] Register NMethod: java.net.URL.isBuiltinStreamHandler (0x0000029cc22c5d88) [0x0000029cc22c5ec0, 0x0000029cc22c6088] Compiler: c1, Barriers: 0, Oops: 1, ImmediateOops: 1, NonImmediateOops: No
[2024-10-26T03:26:25.069+0530][0.460s][debug][gc,nmethod  ] Register NMethod: java.net.URL.isBuiltinStreamHandler (0x0000029cc22c6108) [0x0000029cc22c62e0, 0x0000029cc22c6b90] Compiler: c1, Barriers: 3, Oops: 1, ImmediateOops: 2, NonImmediateOops: No
[2024-10-26T03:26:25.070+0530][0.460s][debug][gc,nmethod  ] Register NMethod: java.util.jar.Manifest$FastInputStream.readLine (0x0000029cc9c08008) [0x0000029cc9c08160, 0x0000029cc9c08900] Compiler: c2, Barriers: 1, Oops: 0, ImmediateOops: 0, NonImmediateOops: No
[2024-10-26T03:26:25.070+0530][0.461s][debug][gc,nmethod  ] Register NMethod: java.net.URL.set (0x0000029cc22c6c08) [0x0000029cc22c6e00, 0x0000029cc22c7a78] Compiler: c1, Barriers: 27, Oops: 1, ImmediateOops: 2, NonImmediateOops: No
[2024-10-26T03:26:25.070+0530][0.461s][debug][gc,nmethod  ] Register NMethod: jdk.internal.misc.Unsafe.getLong (0x0000029cc22c7b08) [0x0000029cc22c7c20, 0x0000029cc22c7d40] Compiler: c1, Barriers: 0, Oops: 0, ImmediateOops: 0, NonImmediateOops: No
[2024-10-26T03:26:25.070+0530][0.461s][debug][gc,nmethod  ] Register NMethod: java.net.URLStreamHandler.setURL (0x0000029cc22c7e08) [0x0000029cc22c80a0, 0x0000029cc22c9138] Compiler: c1, Barriers: 5, Oops: 1, ImmediateOops: 3, NonImmediateOops: No
[2024-10-26T03:26:25.070+0530][0.461s][debug][gc,nmethod  ] Register NMethod: sun.nio.fs.WindowsFileAttributes.fileKey (0x0000029cc9c08988) [0x0000029cc9c08aa0, 0x0000029cc9c08b70] Compiler: c1, Barriers: 0, Oops: 0, ImmediateOops: 0, NonImmediateOops: No
[2024-10-26T03:26:25.071+0530][0.462s][debug][gc,nmethod  ] Register NMethod: java.nio.Buffer$2.acquireSession (0x0000029cc22c9208) [0x0000029cc22c9360, 0x0000029cc22c9780] Compiler: c1, Barriers: 1, Oops: 0, ImmediateOops: 0, NonImmediateOops: No
[2024-10-26T03:26:25.071+0530][0.462s][debug][gc,nmethod  ] Register NMethod: sun.nio.ch.IOUtil.acquireScope (0x0000029cc22c9808) [0x0000029cc22c99e0, 0x0000029cc22ca340] Compiler: c1, Barriers: 2, Oops: 0, ImmediateOops: 3, NonImmediateOops: No
[2024-10-26T03:26:25.071+0530][0.462s][debug][gc,nmethod  ] Register NMethod: java.net.URL.<init> (0x0000029cc22ca388) [0x0000029cc22ca9a0, 0x0000029cc22ce280] Compiler: c1, Barriers: 55, Oops: 4, ImmediateOops: 14, NonImmediateOops: No
[2024-10-26T03:26:25.071+0530][0.462s][debug][gc,nmethod  ] Register NMethod: java.net.URL.getUserInfo (0x0000029cc9c08c88) [0x0000029cc9c08da0, 0x0000029cc9c08e98] Compiler: c1, Barriers: 1, Oops: 0, ImmediateOops: 0, NonImmediateOops: No
[2024-10-26T03:26:25.071+0530][0.462s][debug][gc,nmethod  ] Register NMethod: java.net.URL.hashCode (0x0000029cc22ce388) [0x0000029cc22ce4c0, 0x0000029cc22ce918] Compiler: c1, Barriers: 1, Oops: 0, ImmediateOops: 0, NonImmediateOops: No
[2024-10-26T03:26:25.072+0530][0.463s][debug][gc,nmethod  ] Register NMethod: sun.nio.ch.IOUtil.bufferAddress (0x0000029cc22ce988) [0x0000029cc22ceaa0, 0x0000029cc22cec08] Compiler: c1, Barriers: 0, Oops: 0, ImmediateOops: 1, NonImmediateOops: No
[2024-10-26T03:26:25.072+0530][0.463s][debug][gc,nmethod  ] Register NMethod: org.springframework.boot.loader.jar.NestedJarFile.ensureOpen (0x0000029cc22cec88) [0x0000029cc22cede0, 0x0000029cc22cf178] Compiler: c1, Barriers: 2, Oops: 1, ImmediateOops: 2, NonImmediateOops: No
[2024-10-26T03:26:25.072+0530][0.463s][debug][gc,nmethod  ] Register NMethod: org.springframework.boot.loader.zip.ZipString.hash (0x0000029cc22cf208) [0x0000029cc22cf400, 0x0000029cc22d0178] Compiler: c1, Barriers: 1, Oops: 3, ImmediateOops: 4, NonImmediateOops: No
[2024-10-26T03:26:25.072+0530][0.463s][debug][gc,nmethod  ] Register NMethod: java.nio.Buffer$2.getBufferAddress (0x0000029cc22d0208) [0x0000029cc22d0320, 0x0000029cc22d0438] Compiler: c1, Barriers: 0, Oops: 0, ImmediateOops: 0, NonImmediateOops: No
[2024-10-26T03:26:25.073+0530][0.464s][debug][gc,nmethod  ] Register NMethod: java.nio.channels.spi.AbstractInterruptibleChannel.begin (0x0000029cc22d0508) [0x0000029cc22d06e0, 0x0000029cc22d1168] Compiler: c1, Barriers: 12, Oops: 0, ImmediateOops: 1, NonImmediateOops: No
[2024-10-26T03:26:25.073+0530][0.464s][debug][gc,nmethod  ] Register NMethod: org.springframework.boot.loader.zip.ZipString.compare (0x0000029cc9c08f88) [0x0000029cc9c09160, 0x0000029cc9c09fd8] Compiler: c2, Barriers: 6, Oops: 3, ImmediateOops: 7, NonImmediateOops: No
[2024-10-26T03:26:25.073+0530][0.464s][debug][gc,nmethod  ] Register NMethod: java.net.URLStreamHandler.getHostAddress (0x0000029cc22d1208) [0x0000029cc22d1320, 0x0000029cc22d1460] Compiler: c1, Barriers: 0, Oops: 0, ImmediateOops: 0, NonImmediateOops: No
[2024-10-26T03:26:25.073+0530][0.464s][debug][gc,nmethod  ] Register NMethod: java.util.Arrays.binarySearch0 (0x0000029cc22d1508) [0x0000029cc22d1640, 0x0000029cc22d18b0] Compiler: c1, Barriers: 0, Oops: 0, ImmediateOops: 0, NonImmediateOops: No
[2024-10-26T03:26:25.074+0530][0.464s][debug][gc,nmethod  ] Register NMethod: org.springframework.boot.loader.net.protocol.jar.Handler.indexOfSeparator (0x0000029cc22d1908) [0x0000029cc22d1b00, 0x0000029cc22d26e8] Compiler: c1, Barriers: 4, Oops: 2, ImmediateOops: 4, NonImmediateOops: No
[2024-10-26T03:26:25.074+0530][0.464s][debug][gc,nmethod  ] Register NMethod: java.net.URL.<init> (0x0000029cc22d2788) [0x0000029cc22d28a0, 0x0000029cc22d29e8] Compiler: c1, Barriers: 0, Oops: 0, ImmediateOops: 0, NonImmediateOops: No
[2024-10-26T03:26:25.074+0530][0.465s][debug][gc,nmethod  ] Register NMethod: java.net.URL.getHostAddress (0x0000029cc22d2a88) [0x0000029cc22d2c00, 0x0000029cc22d3330] Compiler: c1, Barriers: 7, Oops: 0, ImmediateOops: 0, NonImmediateOops: No
[2024-10-26T03:26:25.074+0530][0.465s][debug][gc,nmethod  ] Register NMethod: java.lang.Math.max (0x0000029cc22d3388) [0x0000029cc22d34a0, 0x0000029cc22d35d0] Compiler: c1, Barriers: 0, Oops: 0, ImmediateOops: 0, NonImmediateOops: No
[2024-10-26T03:26:25.074+0530][0.465s][debug][gc,nmethod  ] Register NMethod: org.springframework.boot.loader.net.protocol.jar.JarFileUrlKey.get (0x0000029cc22d3688) [0x0000029cc22d3860, 0x0000029cc22d43f8] Compiler: c1, Barriers: 11, Oops: 3, ImmediateOops: 6, NonImmediateOops: No
[2024-10-26T03:26:25.074+0530][0.465s][debug][gc,nmethod  ] Register NMethod: java.lang.invoke.DirectMethodHandle$Holder.invokeStatic (0x0000029cc22d4488) [0x0000029cc22d45e0, 0x0000029cc22d4b50] Compiler: c1, Barriers: 1, Oops: 0, ImmediateOops: 0, NonImmediateOops: No
[2024-10-26T03:26:25.074+0530][0.465s][debug][gc,nmethod  ] Register NMethod: java.lang.ThreadLocal.get (0x0000029cc22d4b88) [0x0000029cc22d4cc0, 0x0000029cc22d4e48] Compiler: c1, Barriers: 1, Oops: 0, ImmediateOops: 0, NonImmediateOops: No
[2024-10-26T03:26:25.074+0530][0.465s][debug][gc,nmethod  ] Register NMethod: org.springframework.boot.loader.net.protocol.jar.Optimizations.isEnabled (0x0000029cc22d4e88) [0x0000029cc22d4fc0, 0x0000029cc22d5260] Compiler: c1, Barriers: 1, Oops: 2, ImmediateOops: 1, NonImmediateOops: No
[2024-10-26T03:26:25.074+0530][0.465s][debug][gc,nmethod  ] Register NMethod: java.lang.Integer.valueOf (0x0000029cc9c0a108) [0x0000029cc9c0a220, 0x0000029cc9c0a358] Compiler: c2, Barriers: 1, Oops: 0, ImmediateOops: 1, NonImmediateOops: No
[2024-10-26T03:26:25.075+0530][0.466s][debug][gc,nmethod  ] Register NMethod: jdk.internal.misc.Unsafe.putChar (0x0000029cc9c0a408) [0x0000029cc9c0a520, 0x0000029cc9c0a738] Compiler: , Barriers: 0, Oops: 0, ImmediateOops: 0, NonImmediateOops: No
[2024-10-26T03:26:25.075+0530][0.466s][debug][gc,nmethod  ] Register NMethod: java.lang.Character.isLetter (0x0000029cc22d5308) [0x0000029cc22d5460, 0x0000029cc22d5768] Compiler: c1, Barriers: 0, Oops: 0, ImmediateOops: 0, NonImmediateOops: No
[2024-10-26T03:26:25.075+0530][0.466s][debug][gc,nmethod  ] Register NMethod: org.springframework.boot.loader.zip.ZipContent.nameHash (0x0000029cc22d5788) [0x0000029cc22d58c0, 0x0000029cc22d5a80] Compiler: c1, Barriers: 0, Oops: 1, ImmediateOops: 0, NonImmediateOops: No
[2024-10-26T03:26:25.075+0530][0.466s][debug][gc,nmethod  ] Register NMethod: java.util.Arrays.binarySearch (0x0000029cc22d5b08) [0x0000029cc22d5c40, 0x0000029cc22d5dc8] Compiler: c1, Barriers: 0, Oops: 0, ImmediateOops: 0, NonImmediateOops: No
[2024-10-26T03:26:25.075+0530][0.466s][debug][gc,nmethod  ] Register NMethod: org.springframework.boot.loader.zip.ZipString.startsWith (0x0000029cc9c0a788) [0x0000029cc9c0a8c0, 0x0000029cc9c0acd8] Compiler: c2, Barriers: 4, Oops: 1, ImmediateOops: 1, NonImmediateOops: No
[2024-10-26T03:26:25.075+0530][0.466s][debug][gc,nmethod  ] Register NMethod: org.springframework.boot.loader.zip.ZipContent.getFirstLookupIndex (0x0000029cc22d5e08) [0x0000029cc22d5f60, 0x0000029cc22d6328] Compiler: c1, Barriers: 2, Oops: 1, ImmediateOops: 0, NonImmediateOops: No
[2024-10-26T03:26:25.075+0530][0.466s][debug][gc,nmethod  ] Register NMethod: sun.nio.ch.FileDispatcherImpl.pread (0x0000029cc22d6388) [0x0000029cc22d64a0, 0x0000029cc22d65e0] Compiler: c1, Barriers: 0, Oops: 0, ImmediateOops: 0, NonImmediateOops: No
[2024-10-26T03:26:25.075+0530][0.466s][debug][gc,nmethod  ] Register NMethod: java.net.URL.lowerCaseProtocol (0x0000029cc22d6688) [0x0000029cc22d6840, 0x0000029cc22d6d88] Compiler: c1, Barriers: 2, Oops: 1, ImmediateOops: 8, NonImmediateOops: No
[2024-10-26T03:26:25.076+0530][0.466s][debug][gc,director ] Rule Major: Warmup 10%, Used: 72MB, UsedThreshold: 204MB
[2024-10-26T03:26:25.076+0530][0.467s][debug][gc,nmethod  ] Register NMethod: sun.nio.ch.NativeThreadSet.remove (0x0000029cc22d6e08) [0x0000029cc22d6f60, 0x0000029cc22d7478] Compiler: c1, Barriers: 1, Oops: 0, ImmediateOops: 0, NonImmediateOops: No
[2024-10-26T03:26:25.076+0530][0.467s][debug][gc,nmethod  ] Register NMethod: org.springframework.boot.loader.zip.FileDataBlock$FileAccess.fillBuffer (0x0000029cc22d7508) [0x0000029cc22d76e0, 0x0000029cc22d7f78] Compiler: c1, Barriers: 6, Oops: 1, ImmediateOops: 2, NonImmediateOops: No
[2024-10-26T03:26:25.076+0530][0.467s][debug][gc,nmethod  ] Register NMethod: java.util.jar.JarEntry.<init> (0x0000029cc22d8008) [0x0000029cc22d8120, 0x0000029cc22d8258] Compiler: c1, Barriers: 0, Oops: 0, ImmediateOops: 0, NonImmediateOops: No
[2024-10-26T03:26:25.076+0530][0.467s][debug][gc,nmethod  ] Register NMethod: sun.nio.ch.IOUtil.readIntoNativeBuffer (0x0000029cc22d8308) [0x0000029cc22d85e0, 0x0000029cc22d99b8] Compiler: c1, Barriers: 2, Oops: 0, ImmediateOops: 4, NonImmediateOops: No
[2024-10-26T03:26:25.076+0530][0.467s][debug][gc,nmethod  ] Register NMethod: java.nio.channels.spi.AbstractInterruptibleChannel.end (0x0000029cc22d9a88) [0x0000029cc22d9c60, 0x0000029cc22da898] Compiler: c1, Barriers: 13, Oops: 0, ImmediateOops: 1, NonImmediateOops: No
[2024-10-26T03:26:25.077+0530][0.467s][debug][gc,nmethod  ] Register NMethod: org.springframework.boot.loader.zip.ZipCentralDirectoryFileHeaderRecord.size (0x0000029cc9c0ad88) [0x0000029cc9c0ae80, 0x0000029cc9c0af10] Compiler: c2, Barriers: 0, Oops: 1, ImmediateOops: 0, NonImmediateOops: No
[2024-10-26T03:26:25.077+0530][0.468s][debug][gc,nmethod  ] Register NMethod: org.springframework.boot.loader.zip.NameOffsetLookups.isEnabled (0x0000029cc22da988) [0x0000029cc22daac0, 0x0000029cc22dad38] Compiler: c1, Barriers: 1, Oops: 1, ImmediateOops: 0, NonImmediateOops: No
[2024-10-26T03:26:25.077+0530][0.468s][debug][gc,nmethod  ] Register NMethod: org.springframework.boot.loader.zip.NameOffsetLookups.get (0x0000029cc22dad88) [0x0000029cc22daec0, 0x0000029cc22db218] Compiler: c1, Barriers: 1, Oops: 1, ImmediateOops: 0, NonImmediateOops: No
[2024-10-26T03:26:25.077+0530][0.468s][debug][gc,nmethod  ] Register NMethod: java.util.jar.Manifest.getMainAttributes (0x0000029cc9c0b088) [0x0000029cc9c0b1a0, 0x0000029cc9c0b298] Compiler: c1, Barriers: 1, Oops: 0, ImmediateOops: 0, NonImmediateOops: No
[2024-10-26T03:26:25.078+0530][0.468s][debug][gc,nmethod  ] Register NMethod: java.nio.ByteBuffer.limit (0x0000029cc9c0b388) [0x0000029cc9c0b4a0, 0x0000029cc9c0b5d8] Compiler: c2, Barriers: 0, Oops: 0, ImmediateOops: 0, NonImmediateOops: No
[2024-10-26T03:26:25.078+0530][0.469s][debug][gc,nmethod  ] Register NMethod: org.springframework.boot.loader.jar.NestedJarFile.getVersionedContentEntry (0x0000029cc22db288) [0x0000029cc22db440, 0x0000029cc22dba50] Compiler: c1, Barriers: 3, Oops: 2, ImmediateOops: 1, NonImmediateOops: No
[2024-10-26T03:26:25.078+0530][0.469s][debug][gc,nmethod  ] Register NMethod: java.net.URL.equals (0x0000029cc22dbb08) [0x0000029cc22dbc80, 0x0000029cc22dc428] Compiler: c1, Barriers: 3, Oops: 0, ImmediateOops: 0, NonImmediateOops: No
[2024-10-26T03:26:25.078+0530][0.469s][debug][gc,nmethod  ] Register NMethod: java.lang.invoke.Invokers$Holder.linkToTargetMethod (0x0000029cc9c0b688) [0x0000029cc9c0b7a0, 0x0000029cc9c0b8a0] Compiler: c2, Barriers: 0, Oops: 0, ImmediateOops: 0, NonImmediateOops: No
[2024-10-26T03:26:25.079+0530][0.470s][debug][gc,nmethod  ] Register NMethod: org.springframework.boot.loader.net.util.UrlDecoder.decode (0x0000029cc22dc488) [0x0000029cc22dc840, 0x0000029cc22ddfc8] Compiler: c1, Barriers: 5, Oops: 2, ImmediateOops: 7, NonImmediateOops: No
[2024-10-26T03:26:25.079+0530][0.470s][debug][gc,nmethod  ] Register NMethod: java.net.URLStreamHandler.equals (0x0000029cc22de088) [0x0000029cc22de1e0, 0x0000029cc22de640] Compiler: c1, Barriers: 2, Oops: 0, ImmediateOops: 0, NonImmediateOops: No
[2024-10-26T03:26:25.079+0530][0.470s][debug][gc,nmethod  ] Register NMethod: java.net.URL.isValidProtocol (0x0000029cc22de688) [0x0000029cc22de920, 0x0000029cc22dfbb8] Compiler: c1, Barriers: 3, Oops: 1, ImmediateOops: 4, NonImmediateOops: No
[2024-10-26T03:26:25.080+0530][0.471s][debug][gc,nmethod  ] Register NMethod: jdk.internal.loader.URLClassPath.getLoader (0x0000029cc22dfc88) [0x0000029cc22dff20, 0x0000029cc22e1580] Compiler: c1, Barriers: 12, Oops: 0, ImmediateOops: 0, NonImmediateOops: No
[2024-10-26T03:26:25.080+0530][0.471s][debug][gc,nmethod  ] Register NMethod: java.net.URLStreamHandler.sameFile (0x0000029cc22e1608) [0x0000029cc22e17e0, 0x0000029cc22e2150] Compiler: c1, Barriers: 6, Oops: 0, ImmediateOops: 0, NonImmediateOops: No
[2024-10-26T03:26:25.080+0530][0.471s][debug][gc,nmethod  ] Register NMethod: java.lang.System.getSecurityManager (0x0000029cc9c0b988) [0x0000029cc9c0ba80, 0x0000029cc9c0bae8] Compiler: c2, Barriers: 0, Oops: 0, ImmediateOops: 0, NonImmediateOops: No
[2024-10-26T03:26:25.080+0530][0.471s][debug][gc,nmethod  ] Register NMethod: org.springframework.boot.loader.jar.NestedJarFile.getManifestInfo (0x0000029cc22e2188) [0x0000029cc22e2340, 0x0000029cc22e2ce8] Compiler: c1, Barriers: 9, Oops: 3, ImmediateOops: 3, NonImmediateOops: No
[2024-10-26T03:26:25.080+0530][0.471s][debug][gc,nmethod  ] Register NMethod: java.net.URLStreamHandler.hostsEqual (0x0000029cc22e2d88) [0x0000029cc22e2f20, 0x0000029cc22e3580] Compiler: c1, Barriers: 3, Oops: 0, ImmediateOops: 0, NonImmediateOops: No
[2024-10-26T03:26:25.081+0530][0.471s][debug][gc,nmethod  ] Register NMethod: java.lang.Math.min (0x0000029cc22e3608) [0x0000029cc22e3720, 0x0000029cc22e3850] Compiler: c1, Barriers: 0, Oops: 0, ImmediateOops: 0, NonImmediateOops: No
[2024-10-26T03:26:25.081+0530][0.472s][debug][gc,nmethod  ] Register NMethod: org.springframework.boot.loader.zip.ZipString.hash (0x0000029cc9c0bc88) [0x0000029cc9c0bde0, 0x0000029cc9c0c870] Compiler: c2, Barriers: 1, Oops: 1, ImmediateOops: 1, NonImmediateOops: No
[2024-10-26T03:26:25.081+0530][0.472s][debug][gc,nmethod  ] Register NMethod: org.springframework.boot.loader.jar.ManifestInfo.isMultiRelease (0x0000029cc22e3908) [0x0000029cc22e3a80, 0x0000029cc22e4048] Compiler: c1, Barriers: 8, Oops: 2, ImmediateOops: 3, NonImmediateOops: No
[2024-10-26T03:26:25.081+0530][0.472s][debug][gc,nmethod  ] Register NMethod: org.springframework.boot.loader.jar.NestedJarFile.hasEntry (0x0000029cc22e4108) [0x0000029cc22e42a0, 0x0000029cc22e4878] Compiler: c1, Barriers: 4, Oops: 1, ImmediateOops: 0, NonImmediateOops: No
[2024-10-26T03:26:25.081+0530][0.472s][debug][gc,nmethod  ] Register NMethod: org.springframework.boot.loader.jar.NestedJarFile.getName (0x0000029cc9c0c908) [0x0000029cc9c0ca20, 0x0000029cc9c0cb18] Compiler: c1, Barriers: 1, Oops: 1, ImmediateOops: 0, NonImmediateOops: No
[2024-10-26T03:26:25.081+0530][0.472s][debug][gc,nmethod  ] Register NMethod: org.springframework.boot.loader.zip.ZipContent.hasEntry (0x0000029cc22e4908) [0x0000029cc22e4ac0, 0x0000029cc22e5118] Compiler: c1, Barriers: 3, Oops: 1, ImmediateOops: 0, NonImmediateOops: No
[2024-10-26T03:26:25.081+0530][0.472s][debug][gc,nmethod  ] Register NMethod: java.util.ArrayDeque.add (0x0000029cc9c0cc08) [0x0000029cc9c0cd40, 0x0000029cc9c0cfa8] Compiler: c2, Barriers: 4, Oops: 0, ImmediateOops: 0, NonImmediateOops: No
[2024-10-26T03:26:25.082+0530][0.472s][debug][gc,nmethod  ] Register NMethod: java.net.URLStreamHandler.hashCode (0x0000029cc22e5188) [0x0000029cc22e5380, 0x0000029cc22e5cd0] Compiler: c1, Barriers: 6, Oops: 1, ImmediateOops: 2, NonImmediateOops: No
[2024-10-26T03:26:25.082+0530][0.473s][debug][gc,nmethod  ] Register NMethod: java.util.Hashtable.get (0x0000029cc22e5d88) [0x0000029cc22e5f00, 0x0000029cc22e6608] Compiler: c1, Barriers: 5, Oops: 0, ImmediateOops: 0, NonImmediateOops: No
[2024-10-26T03:26:25.082+0530][0.473s][debug][gc,nmethod  ] Register NMethod: java.net.URL.openConnection (0x0000029cc22e6688) [0x0000029cc22e67c0, 0x0000029cc22e69d8] Compiler: c1, Barriers: 1, Oops: 0, ImmediateOops: 0, NonImmediateOops: No
[2024-10-26T03:26:25.082+0530][0.473s][debug][gc,nmethod  ] Register NMethod: java.net.URL.getURLStreamHandler (0x0000029cc22e6a08) [0x0000029cc22e6c40, 0x0000029cc22e7b00] Compiler: c1, Barriers: 2, Oops: 1, ImmediateOops: 12, NonImmediateOops: No
[2024-10-26T03:26:25.083+0530][0.473s][debug][gc,nmethod  ] Register NMethod: java.net.URL.<init> (0x0000029cc22e7b88) [0x0000029cc22e7cc0, 0x0000029cc22e7e70] Compiler: c1, Barriers: 0, Oops: 0, ImmediateOops: 0, NonImmediateOops: No
[2024-10-26T03:26:25.083+0530][0.474s][debug][gc,nmethod  ] Register NMethod: sun.net.www.ParseUtil.encodePath (0x0000029cc22e7e88) [0x0000029cc22e7fe0, 0x0000029cc22e8240] Compiler: c1, Barriers: 0, Oops: 0, ImmediateOops: 0, NonImmediateOops: No
[2024-10-26T03:26:25.083+0530][0.474s][debug][gc,nmethod  ] Register NMethod: java.lang.invoke.DelegatingMethodHandle$Holder.reinvoke_L (0x0000029cc22e8288) [0x0000029cc22e83c0, 0x0000029cc22e8840] Compiler: c1, Barriers: 1, Oops: 0, ImmediateOops: 0, NonImmediateOops: No
[2024-10-26T03:26:25.083+0530][0.474s][debug][gc,nmethod  ] Register NMethod: java.util.zip.Inflater.reset (0x0000029cc9c0d008) [0x0000029cc9c0d120, 0x0000029cc9c0d320] Compiler: , Barriers: 0, Oops: 0, ImmediateOops: 1, NonImmediateOops: No
[2024-10-26T03:26:25.084+0530][0.474s][debug][gc,nmethod  ] Register NMethod: java.lang.String.indexOf (0x0000029cc22e8888) [0x0000029cc22e89e0, 0x0000029cc22e8cd8] Compiler: c1, Barriers: 1, Oops: 0, ImmediateOops: 0, NonImmediateOops: No
[2024-10-26T03:26:25.084+0530][0.475s][debug][gc,nmethod  ] Register NMethod: org.springframework.boot.loader.net.protocol.jar.JarUrlConnection.connect (0x0000029cc22e8d08) [0x0000029cc22e9000, 0x0000029cc22ea4d0] Compiler: c1, Barriers: 25, Oops: 4, ImmediateOops: 12, NonImmediateOops: No
[2024-10-26T03:26:25.084+0530][0.475s][debug][gc,nmethod  ] Register NMethod: java.lang.String.indexOf (0x0000029cc22ea608) [0x0000029cc22ea7c0, 0x0000029cc22ead80] Compiler: c1, Barriers: 1, Oops: 0, ImmediateOops: 0, NonImmediateOops: No
[2024-10-26T03:26:25.084+0530][0.475s][debug][gc,nmethod  ] Register NMethod: java.lang.CharacterDataLatin1.equalsIgnoreCase (0x0000029cc9c0d388) [0x0000029cc9c0d480, 0x0000029cc9c0d540] Compiler: c2, Barriers: 0, Oops: 0, ImmediateOops: 0, NonImmediateOops: No
[2024-10-26T03:26:25.084+0530][0.475s][debug][gc,nmethod  ] Register NMethod: java.lang.Math.clamp (0x0000029cc22eae08) [0x0000029cc22eafe0, 0x0000029cc22eb828] Compiler: c1, Barriers: 0, Oops: 1, ImmediateOops: 2, NonImmediateOops: No
[2024-10-26T03:26:25.085+0530][0.476s][debug][gc,nmethod  ] Register NMethod: java.lang.Class.getName (0x0000029cc9c0d688) [0x0000029cc9c0d7a0, 0x0000029cc9c0d888] Compiler: c2, Barriers: 1, Oops: 0, ImmediateOops: 0, NonImmediateOops: No
[2024-10-26T03:26:25.085+0530][0.476s][debug][gc,nmethod  ] Register NMethod: org.springframework.boot.loader.net.protocol.jar.UrlJarFiles.cacheIfAbsent (0x0000029cc22eb888) [0x0000029cc22eb9c0, 0x0000029cc22ebba0] Compiler: c1, Barriers: 1, Oops: 1, ImmediateOops: 0, NonImmediateOops: No
[2024-10-26T03:26:25.085+0530][0.476s][debug][gc,nmethod  ] Register NMethod: org.springframework.boot.loader.net.protocol.jar.UrlJarFiles.getOrCreate (0x0000029cc22ebc08) [0x0000029cc22ebdc0, 0x0000029cc22ec4c8] Compiler: c1, Barriers: 5, Oops: 2, ImmediateOops: 2, NonImmediateOops: No
[2024-10-26T03:26:25.085+0530][0.476s][debug][gc,nmethod  ] Register NMethod: org.springframework.boot.loader.net.protocol.jar.JarUrlConnection.getJarFile (0x0000029cc22ec588) [0x0000029cc22ec6a0, 0x0000029cc22ec818] Compiler: c1, Barriers: 1, Oops: 1, ImmediateOops: 0, NonImmediateOops: No
[2024-10-26T03:26:25.085+0530][0.476s][debug][gc,nmethod  ] Register NMethod: org.springframework.boot.loader.net.protocol.jar.UrlJarFiles$Cache.putIfAbsent (0x0000029cc22ec888) [0x0000029cc22eca00, 0x0000029cc22ed1a8] Compiler: c1, Barriers: 3, Oops: 1, ImmediateOops: 0, NonImmediateOops: No
[2024-10-26T03:26:25.085+0530][0.476s][debug][gc,nmethod  ] Register NMethod: org.springframework.boot.loader.net.protocol.jar.Handler.openConnection (0x0000029cc22ed208) [0x0000029cc22ed320, 0x0000029cc22ed458] Compiler: c1, Barriers: 0, Oops: 1, ImmediateOops: 0, NonImmediateOops: No
[2024-10-26T03:26:25.086+0530][0.477s][debug][gc,nmethod  ] Register NMethod: org.springframework.boot.loader.net.protocol.jar.Handler.parseURL (0x0000029cc22ed508) [0x0000029cc22ed6c0, 0x0000029cc22edd58] Compiler: c1, Barriers: 1, Oops: 1, ImmediateOops: 4, NonImmediateOops: No
[2024-10-26T03:26:25.086+0530][0.477s][debug][gc,nmethod  ] Register NMethod: org.springframework.boot.loader.net.protocol.jar.Handler.extractPath (0x0000029cc22ede08) [0x0000029cc22edf80, 0x0000029cc22ee468] Compiler: c1, Barriers: 2, Oops: 1, ImmediateOops: 1, NonImmediateOops: No
[2024-10-26T03:26:25.086+0530][0.477s][debug][gc,nmethod  ] Register NMethod: org.springframework.boot.loader.zip.ZipContent.size (0x0000029cc9c0d988) [0x0000029cc9c0da80, 0x0000029cc9c0db50] Compiler: c2, Barriers: 1, Oops: 1, ImmediateOops: 0, NonImmediateOops: No
[2024-10-26T03:26:25.087+0530][0.477s][debug][gc,director ] Rule Major: Warmup 10%, Used: 72MB, UsedThreshold: 204MB
[2024-10-26T03:26:25.087+0530][0.478s][debug][gc,nmethod  ] Register NMethod: java.nio.Buffer.checkIndex (0x0000029cc9c0dc88) [0x0000029cc9c0dd80, 0x0000029cc9c0de40] Compiler: c2, Barriers: 0, Oops: 1, ImmediateOops: 0, NonImmediateOops: No
[2024-10-26T03:26:25.087+0530][0.478s][debug][gc,nmethod  ] Register NMethod: org.springframework.boot.loader.net.protocol.jar.JarUrlConnection.open (0x0000029cc22ee508) [0x0000029cc22ee8e0, 0x0000029cc22f06b0] Compiler: c1, Barriers: 17, Oops: 7, ImmediateOops: 15, NonImmediateOops: No
[2024-10-26T03:26:25.088+0530][0.478s][debug][gc,nmethod  ] Register NMethod: org.springframework.boot.loader.net.protocol.jar.Handler.extractContextPath (0x0000029cc22f0808) [0x0000029cc22f0ac0, 0x0000029cc22f1bb8] Compiler: c1, Barriers: 9, Oops: 3, ImmediateOops: 3, NonImmediateOops: No
[2024-10-26T03:26:25.088+0530][0.479s][debug][gc,nmethod  ] Register NMethod: org.springframework.boot.loader.net.protocol.jar.Handler.extractRelativePath (0x0000029cc22f1c88) [0x0000029cc22f1f60, 0x0000029cc22f3108] Compiler: c1, Barriers: 3, Oops: 3, ImmediateOops: 5, NonImmediateOops: No
[2024-10-26T03:26:25.088+0530][0.479s][debug][gc,nmethod  ] Register NMethod: org.springframework.boot.loader.net.protocol.jar.UrlJarFiles$Cache.get (0x0000029cc22f3208) [0x0000029cc22f3340, 0x0000029cc22f37e0] Compiler: c1, Barriers: 1, Oops: 1, ImmediateOops: 0, NonImmediateOops: No
[2024-10-26T03:26:25.089+0530][0.480s][debug][gc,nmethod  ] Register NMethod: org.springframework.boot.loader.net.protocol.jar.Handler.indexOfSeparator (0x0000029cc22f3808) [0x0000029cc22f3940, 0x0000029cc22f3ba0] Compiler: c1, Barriers: 1, Oops: 1, ImmediateOops: 0, NonImmediateOops: No
[2024-10-26T03:26:25.089+0530][0.480s][debug][gc,nmethod  ] Register NMethod: org.springframework.boot.loader.net.protocol.jar.JarUrlConnection.hasEntry (0x0000029cc22f3c08) [0x0000029cc22f3d60, 0x0000029cc22f4210] Compiler: c1, Barriers: 0, Oops: 1, ImmediateOops: 0, NonImmediateOops: No
[2024-10-26T03:26:25.089+0530][0.480s][debug][gc,nmethod  ] Register NMethod: java.lang.String.regionMatches (0x0000029cc22f4288) [0x0000029cc22f4460, 0x0000029cc22f4ee8] Compiler: c1, Barriers: 2, Oops: 0, ImmediateOops: 0, NonImmediateOops: No
[2024-10-26T03:26:25.090+0530][0.481s][debug][gc,nmethod  ] Register NMethod: org.springframework.boot.loader.net.protocol.jar.Canonicalizer.canonicalizeAfter (0x0000029cc22f4f88) [0x0000029cc22f5240, 0x0000029cc22f6370] Compiler: c1, Barriers: 6, Oops: 3, ImmediateOops: 5, NonImmediateOops: No
[2024-10-26T03:26:25.090+0530][0.481s][debug][gc,nmethod  ] Register NMethod: jdk.internal.loader.URLClassPath$Loader.getResource (0x0000029cc22f6488) [0x0000029cc22f66a0, 0x0000029cc22f7398] Compiler: c1, Barriers: 18, Oops: 1, ImmediateOops: 0, NonImmediateOops: No
[2024-10-26T03:26:25.090+0530][0.481s][debug][gc,nmethod  ] Register NMethod: org.springframework.boot.loader.net.protocol.jar.JarUrlConnection.notFoundConnection (0x0000029cc22f7408) [0x0000029cc22f75a0, 0x0000029cc22f7c98] Compiler: c1, Barriers: 7, Oops: 3, ImmediateOops: 3, NonImmediateOops: No
[2024-10-26T03:26:25.091+0530][0.482s][debug][gc,nmethod  ] Register NMethod: java.lang.ClassLoader.defineClass1 (0x0000029cc9c0df88) [0x0000029cc9c0e0c0, 0x0000029cc9c0e560] Compiler: , Barriers: 0, Oops: 0, ImmediateOops: 1, NonImmediateOops: No
[2024-10-26T03:26:25.091+0530][0.482s][debug][gc,nmethod  ] Register NMethod: org.springframework.boot.loader.net.protocol.jar.JarUrlConnection.throwFileNotFound (0x0000029cc22f7d08) [0x0000029cc22f7ea0, 0x0000029cc22f8648] Compiler: c1, Barriers: 4, Oops: 2, ImmediateOops: 2, NonImmediateOops: No
[2024-10-26T03:26:25.091+0530][0.482s][debug][gc,nmethod  ] Register NMethod: org.springframework.boot.loader.jar.NestedJarFile.getContentEntry (0x0000029cc22f8688) [0x0000029cc22f87c0, 0x0000029cc22f8b78] Compiler: c1, Barriers: 2, Oops: 1, ImmediateOops: 0, NonImmediateOops: No
[2024-10-26T03:26:25.091+0530][0.482s][debug][gc,nmethod  ] Register NMethod: org.springframework.boot.loader.zip.ZipContent.getEntry (0x0000029cc22f8c08) [0x0000029cc22f8de0, 0x0000029cc22f9668] Compiler: c1, Barriers: 9, Oops: 1, ImmediateOops: 0, NonImmediateOops: No
[2024-10-26T03:26:25.091+0530][0.482s][debug][gc,nmethod  ] Register NMethod: java.net.URLConnection.getUseCaches (0x0000029cc9c0e588) [0x0000029cc9c0e6a0, 0x0000029cc9c0e770] Compiler: c1, Barriers: 0, Oops: 0, ImmediateOops: 0, NonImmediateOops: No
[2024-10-26T03:26:25.092+0530][0.483s][debug][gc,nmethod  ] Register NMethod: org.springframework.boot.loader.jar.NestedJarFile.getMetaInfVersionsInfo (0x0000029cc22f9708) [0x0000029cc22f9880, 0x0000029cc22f9ef8] Compiler: c1, Barriers: 6, Oops: 4, ImmediateOops: 2, NonImmediateOops: No
[2024-10-26T03:26:25.092+0530][0.483s][debug][gc,nmethod  ] Register NMethod: java.net.JarURLConnection.getJarFileURL (0x0000029cc9c0e888) [0x0000029cc9c0e9a0, 0x0000029cc9c0ea98] Compiler: c1, Barriers: 1, Oops: 0, ImmediateOops: 0, NonImmediateOops: No
[2024-10-26T03:26:25.092+0530][0.483s][debug][gc,nmethod  ] Register NMethod: java.lang.StringLatin1.indexOf (0x0000029cc9c0eb88) [0x0000029cc9c0eca0, 0x0000029cc9c0f0b0] Compiler: c2, Barriers: 0, Oops: 0, ImmediateOops: 0, NonImmediateOops: No
[2024-10-26T03:26:25.092+0530][0.483s][debug][gc,nmethod  ] Register NMethod: java.util.zip.ZipFile$Source.getEntryHash (0x0000029cc22f9f88) [0x0000029cc22fa0a0, 0x0000029cc22fa200] Compiler: c1, Barriers: 1, Oops: 0, ImmediateOops: 0, NonImmediateOops: No
[2024-10-26T03:26:25.092+0530][0.483s][debug][gc,nmethod  ] Register NMethod: org.springframework.boot.loader.net.protocol.jar.JarUrlClassLoader.hasEntry (0x0000029cc22fa288) [0x0000029cc22fa3e0, 0x0000029cc22fa8c0] Compiler: c1, Barriers: 0, Oops: 1, ImmediateOops: 0, NonImmediateOops: No
[2024-10-26T03:26:25.093+0530][0.483s][debug][gc,nmethod  ] Register NMethod: java.net.URL.toString (0x0000029cc22fa908) [0x0000029cc22faa40, 0x0000029cc22faca8] Compiler: c1, Barriers: 1, Oops: 0, ImmediateOops: 0, NonImmediateOops: No
[2024-10-26T03:26:25.093+0530][0.484s][debug][gc,nmethod  ] Register NMethod: java.net.URL.toExternalForm (0x0000029cc22fad08) [0x0000029cc22fae40, 0x0000029cc22fb048] Compiler: c1, Barriers: 1, Oops: 0, ImmediateOops: 0, NonImmediateOops: No
[2024-10-26T03:26:25.093+0530][0.484s][debug][gc,nmethod  ] Register NMethod: java.lang.String.concat (0x0000029cc22fb088) [0x0000029cc22fb360, 0x0000029cc22fc680] Compiler: c1, Barriers: 3, Oops: 0, ImmediateOops: 6, NonImmediateOops: No
[2024-10-26T03:26:25.094+0530][0.485s][debug][gc,nmethod  ] Register NMethod: java.nio.file.attribute.FileTime.from (0x0000029cc22fc708) [0x0000029cc22fc860, 0x0000029cc22fcc58] Compiler: c1, Barriers: 3, Oops: 1, ImmediateOops: 1, NonImmediateOops: No
[2024-10-26T03:26:25.094+0530][0.485s][debug][gc,nmethod  ] Register NMethod: org.springframework.boot.loader.net.protocol.jar.JarUrlClassLoader.getJarFile (0x0000029cc22fcc88) [0x0000029cc22fce60, 0x0000029cc22fdbc8] Compiler: c1, Barriers: 5, Oops: 1, ImmediateOops: 0, NonImmediateOops: No
[2024-10-26T03:26:25.094+0530][0.485s][debug][gc,nmethod  ] Register NMethod: java.net.URLStreamHandler.toExternalForm (0x0000029cc22fdc08) [0x0000029cc22fdfa0, 0x0000029cc22ff768] Compiler: c1, Barriers: 6, Oops: 1, ImmediateOops: 9, NonImmediateOops: No
[2024-10-26T03:26:25.094+0530][0.485s][debug][gc,nmethod  ] Register NMethod: jdk.internal.util.ArraysSupport.mismatch (0x0000029cc9c0f108) [0x0000029cc9c0f220, 0x0000029cc9c0f480] Compiler: c2, Barriers: 0, Oops: 0, ImmediateOops: 0, NonImmediateOops: No
[2024-10-26T03:26:25.095+0530][0.485s][debug][gc,nmethod  ] Register NMethod: java.nio.file.attribute.FileTime.<init> (0x0000029cc22ff808) [0x0000029cc22ff940, 0x0000029cc22ffb98] Compiler: c1, Barriers: 6, Oops: 0, ImmediateOops: 0, NonImmediateOops: No
[2024-10-26T03:26:25.095+0530][0.486s][debug][gc,nmethod  ] Register NMethod: org.springframework.boot.loader.zip.ZipCentralDirectoryFileHeaderRecord.load (0x0000029cc9c0f508) [0x0000029cc9c0f6c0, 0x0000029cc9c104e0] Compiler: c2, Barriers: 5, Oops: 3, ImmediateOops: 0, NonImmediateOops: No
[2024-10-26T03:26:25.095+0530][0.486s][debug][gc,nmethod  ] Register NMethod: java.lang.Throwable.fillInStackTrace (0x0000029cc9c10688) [0x0000029cc9c107c0, 0x0000029cc9c10be0] Compiler: , Barriers: 0, Oops: 0, ImmediateOops: 0, NonImmediateOops: No
[2024-10-26T03:26:25.097+0530][0.487s][debug][gc,director ] Rule Major: Warmup 10%, Used: 74MB, UsedThreshold: 204MB
[2024-10-26T03:26:25.098+0530][0.489s][debug][gc,nmethod  ] Register NMethod: java.util.jar.Manifest.getEntries (0x0000029cc9c10c08) [0x0000029cc9c10d20, 0x0000029cc9c10e18] Compiler: c1, Barriers: 1, Oops: 0, ImmediateOops: 0, NonImmediateOops: No
[2024-10-26T03:26:25.099+0530][0.490s][debug][gc,nmethod  ] Register NMethod: java.net.URLStreamHandler.parseURL (0x0000029cc22ffc08) [0x0000029cc2300fc0, 0x0000029cc230da10] Compiler: c1, Barriers: 49, Oops: 8, ImmediateOops: 83, NonImmediateOops: No
[2024-10-26T03:26:25.099+0530][0.490s][debug][gc,nmethod  ] Register NMethod: org.springframework.boot.loader.zip.ZipContent$Loader.add (0x0000029cc9c10f08) [0x0000029cc9c110a0, 0x0000029cc9c11f30] Compiler: c2, Barriers: 8, Oops: 1, ImmediateOops: 1, NonImmediateOops: No
[2024-10-26T03:26:25.100+0530][0.491s][debug][gc,nmethod  ] Register NMethod: java.lang.String.substring (0x0000029cc9c12008) [0x0000029cc9c12160, 0x0000029cc9c12850] Compiler: c2, Barriers: 4, Oops: 1, ImmediateOops: 1, NonImmediateOops: No
[2024-10-26T03:26:25.103+0530][0.494s][debug][gc,nmethod  ] Register NMethod: org.springframework.boot.loader.zip.ZipCentralDirectoryFileHeaderRecord.uncompressedSize (0x0000029cc9c12908) [0x0000029cc9c12a20, 0x0000029cc9c12ae8] Compiler: c1, Barriers: 0, Oops: 1, ImmediateOops: 0, NonImmediateOops: No
[2024-10-26T03:26:25.103+0530][0.494s][debug][gc,nmethod  ] Register NMethod: java.util.jar.Attributes.get (0x0000029cc230dc08) [0x0000029cc230dd40, 0x0000029cc230df50] Compiler: c1, Barriers: 1, Oops: 0, ImmediateOops: 0, NonImmediateOops: No
[2024-10-26T03:26:25.103+0530][0.494s][debug][gc,nmethod  ] Register NMethod: java.util.jar.Attributes.getValue (0x0000029cc230df88) [0x0000029cc230e0c0, 0x0000029cc230e410] Compiler: c1, Barriers: 1, Oops: 0, ImmediateOops: 0, NonImmediateOops: No
[2024-10-26T03:26:25.104+0530][0.494s][debug][gc,nmethod  ] Register NMethod: org.springframework.boot.loader.jar.NestedJarFile$NestedJarEntry.getName (0x0000029cc9c12c08) [0x0000029cc9c12d20, 0x0000029cc9c12e20] Compiler: c1, Barriers: 1, Oops: 1, ImmediateOops: 0, NonImmediateOops: No
[2024-10-26T03:26:25.104+0530][0.495s][debug][gc,nmethod  ] Register NMethod: org.springframework.boot.loader.zip.ZipString.hash (0x0000029cc9c12f08) [0x0000029cc9c130a0, 0x0000029cc9c137c0] Compiler: c2, Barriers: 3, Oops: 2, ImmediateOops: 0, NonImmediateOops: No
[2024-10-26T03:26:25.106+0530][0.496s][debug][gc,nmethod  ] Register NMethod: java.lang.ClassLoader.definePackage (0x0000029cc230e488) [0x0000029cc230e720, 0x0000029cc230fa70] Compiler: c1, Barriers: 10, Oops: 2, ImmediateOops: 5, NonImmediateOops: No
[2024-10-26T03:26:25.106+0530][0.497s][debug][gc,nmethod  ] Register NMethod: java.lang.StringLatin1.newString (0x0000029cc9c13888) [0x0000029cc9c139c0, 0x0000029cc9c13f90] Compiler: c2, Barriers: 3, Oops: 0, ImmediateOops: 1, NonImmediateOops: No
[2024-10-26T03:26:25.107+0530][0.498s][debug][gc,nmethod  ] Register NMethod: java.lang.StringLatin1.regionMatchesCI (0x0000029cc9c14008) [0x0000029cc9c14100, 0x0000029cc9c14368] Compiler: c2, Barriers: 0, Oops: 0, ImmediateOops: 0, NonImmediateOops: No
[2024-10-26T03:26:25.108+0530][0.498s][debug][gc,director ] Rule Major: Warmup 10%, Used: 74MB, UsedThreshold: 204MB
[2024-10-26T03:26:25.108+0530][0.499s][debug][gc,nmethod  ] Register NMethod: java.lang.StringLatin1.indexOf (0x0000029cc9c14388) [0x0000029cc9c144a0, 0x0000029cc9c14990] Compiler: c2, Barriers: 0, Oops: 0, ImmediateOops: 0, NonImmediateOops: No
[2024-10-26T03:26:25.108+0530][0.499s][debug][gc,nmethod  ] Register NMethod: sun.net.www.ParseUtil.firstEncodeIndex (0x0000029cc9c14a08) [0x0000029cc9c14b40, 0x0000029cc9c14e48] Compiler: c2, Barriers: 2, Oops: 1, ImmediateOops: 0, NonImmediateOops: No
[2024-10-26T03:26:25.109+0530][0.499s][debug][gc,nmethod  ] Register NMethod: org.springframework.boot.loader.net.protocol.jar.JarUrlConnection.getUseCaches (0x0000029cc230fb88) [0x0000029cc230fcc0, 0x0000029cc230ff40] Compiler: c1, Barriers: 1, Oops: 1, ImmediateOops: 0, NonImmediateOops: No
[2024-10-26T03:26:25.109+0530][0.500s][debug][gc,nmethod  ] Register NMethod: java.lang.CharacterDataLatin1.getType (0x0000029cc9c14f08) [0x0000029cc9c15000, 0x0000029cc9c150b0] Compiler: c2, Barriers: 0, Oops: 1, ImmediateOops: 1, NonImmediateOops: No
[2024-10-26T03:26:25.109+0530][0.500s][debug][gc,nmethod  ] Register NMethod: org.springframework.boot.loader.ref.DefaultCleaner.register (0x0000029cc230ff88) [0x0000029cc23100e0, 0x0000029cc2310410] Compiler: c1, Barriers: 2, Oops: 1, ImmediateOops: 1, NonImmediateOops: No
[2024-10-26T03:26:25.109+0530][0.500s][debug][gc,nmethod  ] Register NMethod: java.lang.ClassLoader.loadClass (0x0000029cc2310488) [0x0000029cc23105a0, 0x0000029cc2310778] Compiler: c1, Barriers: 0, Oops: 0, ImmediateOops: 0, NonImmediateOops: No
[2024-10-26T03:26:25.109+0530][0.500s][debug][gc,nmethod  ] Register NMethod: jdk.internal.loader.BuiltinClassLoader.loadClass (0x0000029cc2310788) [0x0000029cc23108c0, 0x0000029cc2310b70] Compiler: c1, Barriers: 0, Oops: 0, ImmediateOops: 0, NonImmediateOops: No
[2024-10-26T03:26:25.109+0530][0.500s][debug][gc,nmethod  ] Register NMethod: jdk.internal.loader.ClassLoaders$AppClassLoader.loadClass (0x0000029cc2310b88) [0x0000029cc2310ce0, 0x0000029cc23110c8] Compiler: c1, Barriers: 0, Oops: 0, ImmediateOops: 0, NonImmediateOops: No
[2024-10-26T03:26:25.110+0530][0.501s][debug][gc,nmethod  ] Register NMethod: java.lang.ClassLoader.findBootstrapClassOrNull (0x0000029cc2311108) [0x0000029cc2311240, 0x0000029cc23113f8] Compiler: c1, Barriers: 0, Oops: 0, ImmediateOops: 0, NonImmediateOops: No
[2024-10-26T03:26:25.110+0530][0.501s][debug][gc,nmethod  ] Register NMethod: java.lang.System$2.findBootstrapClassOrNull (0x0000029cc2311408) [0x0000029cc2311540, 0x0000029cc2311750] Compiler: c1, Barriers: 0, Oops: 0, ImmediateOops: 0, NonImmediateOops: No
[2024-10-26T03:26:25.110+0530][0.501s][debug][gc,nmethod  ] Register NMethod: java.lang.StringLatin1.toLowerCase (0x0000029cc9c15208) [0x0000029cc9c15360, 0x0000029cc9c15be8] Compiler: c2, Barriers: 4, Oops: 3, ImmediateOops: 4, NonImmediateOops: No
[2024-10-26T03:26:25.110+0530][0.501s][debug][gc,nmethod  ] Register NMethod: org.springframework.boot.loader.net.protocol.jar.Handler.indexOfSeparator (0x0000029cc9c15c88) [0x0000029cc9c15dc0, 0x0000029cc9c161b8] Compiler: c2, Barriers: 2, Oops: 2, ImmediateOops: 0, NonImmediateOops: No
[2024-10-26T03:26:25.111+0530][0.502s][debug][gc,nmethod  ] Register NMethod: java.net.URL.getHostAddress (0x0000029cc9c16208) [0x0000029cc9c16320, 0x0000029cc9c16660] Compiler: c2, Barriers: 3, Oops: 0, ImmediateOops: 0, NonImmediateOops: No
[2024-10-26T03:26:25.111+0530][0.502s][debug][gc,nmethod  ] Register NMethod: java.lang.ThreadLocal$ThreadLocalMap.nextIndex (0x0000029cc2311788) [0x0000029cc23118a0, 0x0000029cc23119d8] Compiler: c1, Barriers: 0, Oops: 0, ImmediateOops: 0, NonImmediateOops: No
[2024-10-26T03:26:25.113+0530][0.503s][debug][gc,nmethod  ] Register NMethod: jdk.internal.org.objectweb.asm.Symbol.<init> (0x0000029cc9c16688) [0x0000029cc9c167a0, 0x0000029cc9c16a10] Compiler: c2, Barriers: 9, Oops: 0, ImmediateOops: 0, NonImmediateOops: No
[2024-10-26T03:26:25.113+0530][0.503s][debug][gc,nmethod  ] Register NMethod: org.springframework.boot.loader.zip.ZipCentralDirectoryFileHeaderRecord.offsetToLocalHeader (0x0000029cc9c16a88) [0x0000029cc9c16ba0, 0x0000029cc9c16c68] Compiler: c1, Barriers: 0, Oops: 1, ImmediateOops: 0, NonImmediateOops: No
[2024-10-26T03:26:25.113+0530][0.503s][debug][gc,nmethod  ] Register NMethod: org.springframework.boot.loader.zip.ZipCentralDirectoryFileHeaderRecord.compressedSize (0x0000029cc9c16d88) [0x0000029cc9c16ea0, 0x0000029cc9c16f68] Compiler: c1, Barriers: 0, Oops: 1, ImmediateOops: 0, NonImmediateOops: No
[2024-10-26T03:26:25.113+0530][0.503s][debug][gc,nmethod  ] Register NMethod: org.springframework.boot.loader.zip.ZipCentralDirectoryFileHeaderRecord.compressionMethod (0x0000029cc9c17088) [0x0000029cc9c171a0, 0x0000029cc9c17270] Compiler: c1, Barriers: 0, Oops: 1, ImmediateOops: 0, NonImmediateOops: No
[2024-10-26T03:26:25.113+0530][0.504s][debug][gc,nmethod  ] Register NMethod: org.springframework.boot.loader.zip.ZipContent$Entry.checkNotZip64Extended (0x0000029cc2311a88) [0x0000029cc2311bc0, 0x0000029cc2311dd0] Compiler: c1, Barriers: 0, Oops: 1, ImmediateOops: 1, NonImmediateOops: No
[2024-10-26T03:26:25.113+0530][0.504s][debug][gc,nmethod  ] Register NMethod: org.springframework.boot.loader.zip.ZipLocalFileHeaderRecord.fileNameLength (0x0000029cc9c17388) [0x0000029cc9c174a0, 0x0000029cc9c17570] Compiler: c1, Barriers: 0, Oops: 1, ImmediateOops: 0, NonImmediateOops: No
[2024-10-26T03:26:25.113+0530][0.504s][debug][gc,nmethod  ] Register NMethod: org.springframework.boot.loader.zip.ZipLocalFileHeaderRecord.extraFieldLength (0x0000029cc9c17688) [0x0000029cc9c177a0, 0x0000029cc9c17870] Compiler: c1, Barriers: 0, Oops: 1, ImmediateOops: 0, NonImmediateOops: No
[2024-10-26T03:26:25.114+0530][0.505s][debug][gc,nmethod  ] Register NMethod: jdk.internal.loader.BuiltinClassLoader.findLoadedModule (0x0000029cc2311e08) [0x0000029cc2311fa0, 0x0000029cc23125e8] Compiler: c1, Barriers: 1, Oops: 0, ImmediateOops: 1, NonImmediateOops: No
[2024-10-26T03:26:25.114+0530][0.505s][debug][gc,nmethod  ] Register NMethod: java.lang.String.indexOf (0x0000029cc9c17988) [0x0000029cc9c17aa0, 0x0000029cc9c17d38] Compiler: c2, Barriers: 1, Oops: 0, ImmediateOops: 0, NonImmediateOops: No
[2024-10-26T03:26:25.114+0530][0.505s][debug][gc,nmethod  ] Register NMethod: java.lang.String.startsWith (0x0000029cc9c17d88) [0x0000029cc9c17ea0, 0x0000029cc9c18230] Compiler: c2, Barriers: 2, Oops: 0, ImmediateOops: 0, NonImmediateOops: No
[2024-10-26T03:26:25.115+0530][0.506s][debug][gc,nmethod  ] Register NMethod: jdk.internal.loader.ClassLoaders$BootClassLoader.loadClassOrNull (0x0000029cc2312688) [0x0000029cc23127e0, 0x0000029cc2312a68] Compiler: c1, Barriers: 0, Oops: 0, ImmediateOops: 1, NonImmediateOops: No
[2024-10-26T03:26:25.115+0530][0.506s][debug][gc,nmethod  ] Register NMethod: java.lang.String.regionMatches (0x0000029cc9c18288) [0x0000029cc9c183c0, 0x0000029cc9c188c8] Compiler: c2, Barriers: 2, Oops: 0, ImmediateOops: 0, NonImmediateOops: No
[2024-10-26T03:26:25.116+0530][0.507s][debug][gc,nmethod  ] Register NMethod: java.lang.ref.SoftReference.get (0x0000029cc9c18908) [0x0000029cc9c18a20, 0x0000029cc9c18b48] Compiler: c2, Barriers: 2, Oops: 0, ImmediateOops: 1, NonImmediateOops: No
[2024-10-26T03:26:25.116+0530][0.507s][debug][gc,nmethod  ] Register NMethod: jdk.internal.loader.Resource.cachedInputStream (0x0000029cc2312b08) [0x0000029cc2312c40, 0x0000029cc2313080] Compiler: c1, Barriers: 5, Oops: 0, ImmediateOops: 0, NonImmediateOops: No
[2024-10-26T03:26:25.116+0530][0.507s][debug][gc,nmethod  ] Register NMethod: jdk.internal.perf.PerfCounter.get (0x0000029cc2313108) [0x0000029cc2313240, 0x0000029cc2313548] Compiler: c1, Barriers: 1, Oops: 0, ImmediateOops: 0, NonImmediateOops: No
[2024-10-26T03:26:25.116+0530][0.507s][debug][gc,nmethod  ] Register NMethod: jdk.internal.perf.PerfCounter.add (0x0000029cc2313588) [0x0000029cc23136e0, 0x0000029cc2313c78] Compiler: c1, Barriers: 2, Oops: 0, ImmediateOops: 0, NonImmediateOops: No
[2024-10-26T03:26:25.117+0530][0.507s][debug][gc,nmethod  ] Register NMethod: jdk.internal.misc.ScopedMemoryAccess.getLong (0x0000029cc2313d08) [0x0000029cc2313e60, 0x0000029cc23142b8] Compiler: c1, Barriers: 0, Oops: 0, ImmediateOops: 0, NonImmediateOops: No
[2024-10-26T03:26:25.117+0530][0.507s][debug][gc,nmethod  ] Register NMethod: jdk.internal.misc.ScopedMemoryAccess.getLongInternal (0x0000029cc2314308) [0x0000029cc2314440, 0x0000029cc2314730] Compiler: c1, Barriers: 0, Oops: 0, ImmediateOops: 0, NonImmediateOops: No
[2024-10-26T03:26:25.117+0530][0.507s][debug][gc,nmethod  ] Register NMethod: java.nio.DirectLongBufferU.get (0x0000029cc2314788) [0x0000029cc2314960, 0x0000029cc23152f0] Compiler: c1, Barriers: 1, Oops: 2, ImmediateOops: 2, NonImmediateOops: No
[2024-10-26T03:26:25.117+0530][0.508s][debug][gc,nmethod  ] Register NMethod: java.nio.ByteBuffer.array (0x0000029cc9c18c08) [0x0000029cc9c18d00, 0x0000029cc9c18df0] Compiler: c2, Barriers: 1, Oops: 0, ImmediateOops: 0, NonImmediateOops: No
[2024-10-26T03:26:25.117+0530][0.508s][debug][gc,nmethod  ] Register NMethod: jdk.internal.misc.ScopedMemoryAccess.putLongInternal (0x0000029cc2315388) [0x0000029cc23154c0, 0x0000029cc23157c8] Compiler: c1, Barriers: 0, Oops: 0, ImmediateOops: 0, NonImmediateOops: No
[2024-10-26T03:26:25.117+0530][0.508s][debug][gc,nmethod  ] Register NMethod: jdk.internal.misc.ScopedMemoryAccess.putLong (0x0000029cc2315808) [0x0000029cc2315960, 0x0000029cc2315df0] Compiler: c1, Barriers: 0, Oops: 0, ImmediateOops: 0, NonImmediateOops: No
[2024-10-26T03:26:25.117+0530][0.508s][debug][gc,nmethod  ] Register NMethod: java.nio.DirectLongBufferU.put (0x0000029cc2315e88) [0x0000029cc2316060, 0x0000029cc2316a08] Compiler: c1, Barriers: 1, Oops: 2, ImmediateOops: 2, NonImmediateOops: No
[2024-10-26T03:26:25.117+0530][0.508s][debug][gc,nmethod  ] Register NMethod: java.lang.ref.Reference.clear (0x0000029cc2316a88) [0x0000029cc2316ba0, 0x0000029cc2316cd8] Compiler: c1, Barriers: 0, Oops: 0, ImmediateOops: 0, NonImmediateOops: No
[2024-10-26T03:26:25.117+0530][0.508s][debug][gc,nmethod  ] Register NMethod: java.util.HashMap.get (0x0000029cc9c18f08) [0x0000029cc9c19060, 0x0000029cc9c19500] Compiler: c2, Barriers: 7, Oops: 0, ImmediateOops: 0, NonImmediateOops: No
[2024-10-26T03:26:25.118+0530][0.508s][debug][gc,nmethod  ] Register NMethod: java.security.CodeSource.getCertificates (0x0000029cc2316d88) [0x0000029cc2316f80, 0x0000029cc2317b58] Compiler: c1, Barriers: 10, Oops: 0, ImmediateOops: 1, NonImmediateOops: No
[2024-10-26T03:26:25.118+0530][0.509s][debug][gc,director ] Rule Major: Warmup 10%, Used: 74MB, UsedThreshold: 204MB
[2024-10-26T03:26:25.119+0530][0.509s][debug][gc,nmethod  ] Register NMethod: java.lang.String.equalsIgnoreCase (0x0000029cc9c19588) [0x0000029cc9c196a0, 0x0000029cc9c19a88] Compiler: c2, Barriers: 2, Oops: 0, ImmediateOops: 0, NonImmediateOops: No
[2024-10-26T03:26:25.119+0530][0.510s][debug][gc,nmethod  ] Register NMethod: java.util.Arrays.binarySearch0 (0x0000029cc9c19b08) [0x0000029cc9c19c00, 0x0000029cc9c19d10] Compiler: c2, Barriers: 0, Oops: 0, ImmediateOops: 0, NonImmediateOops: No
[2024-10-26T03:26:25.119+0530][0.510s][debug][gc,nmethod  ] Register NMethod: sun.net.www.ParseUtil.firstEncodeIndex (0x0000029cc2317c08) [0x0000029cc2317de0, 0x0000029cc2318890] Compiler: c1, Barriers: 3, Oops: 1, ImmediateOops: 2, NonImmediateOops: No
[2024-10-26T03:26:25.120+0530][0.510s][debug][gc,nmethod  ] Register NMethod: java.lang.ThreadLocal.get (0x0000029cc2318908) [0x0000029cc2318a60, 0x0000029cc2318d78] Compiler: c1, Barriers: 1, Oops: 0, ImmediateOops: 0, NonImmediateOops: No
[2024-10-26T03:26:25.120+0530][0.510s][debug][gc,nmethod  ] Register NMethod: java.util.Arrays.rangeCheck (0x0000029cc9c19e08) [0x0000029cc9c19f00, 0x0000029cc9c19fc8] Compiler: c2, Barriers: 0, Oops: 0, ImmediateOops: 0, NonImmediateOops: No
[2024-10-26T03:26:25.120+0530][0.511s][debug][gc,nmethod  ] Register NMethod: sun.net.www.ParseUtil.firstEncodeIndex (0x0000029cc2318e08) [0x0000029cc2318fe0, 0x0000029cc23199c8] Compiler: c1, Barriers: 3, Oops: 1, ImmediateOops: 2, NonImmediateOops: No
[2024-10-26T03:26:25.120+0530][0.511s][debug][gc,nmethod  ] Register NMethod: org.springframework.boot.loader.zip.ZipContent.hasName (0x0000029cc2319a88) [0x0000029cc2319c20, 0x0000029cc231a278] Compiler: c1, Barriers: 4, Oops: 1, ImmediateOops: 0, NonImmediateOops: No
[2024-10-26T03:26:25.121+0530][0.512s][debug][gc,nmethod  ] Register NMethod: jdk.internal.jimage.ImageHeader.getTableLength (0x0000029cc9c1a108) [0x0000029cc9c1a220, 0x0000029cc9c1a2e8] Compiler: c1, Barriers: 0, Oops: 0, ImmediateOops: 0, NonImmediateOops: No
[2024-10-26T03:26:25.121+0530][0.512s][debug][gc,nmethod  ] Register NMethod: java.nio.DirectIntBufferU.ix (0x0000029cc231a308) [0x0000029cc231a420, 0x0000029cc231a540] Compiler: c1, Barriers: 0, Oops: 0, ImmediateOops: 0, NonImmediateOops: No
[2024-10-26T03:26:25.121+0530][0.512s][debug][gc,nmethod  ] Register NMethod: jdk.internal.misc.ScopedMemoryAccess.getInt (0x0000029cc231a608) [0x0000029cc231a760, 0x0000029cc231abb8] Compiler: c1, Barriers: 0, Oops: 0, ImmediateOops: 0, NonImmediateOops: No
[2024-10-26T03:26:25.121+0530][0.512s][debug][gc,nmethod  ] Register NMethod: jdk.internal.misc.ScopedMemoryAccess.getIntInternal (0x0000029cc231ac08) [0x0000029cc231ad40, 0x0000029cc231b030] Compiler: c1, Barriers: 0, Oops: 0, ImmediateOops: 0, NonImmediateOops: No
[2024-10-26T03:26:25.121+0530][0.512s][debug][gc,nmethod  ] Register NMethod: jdk.internal.misc.Unsafe.allocateUninitializedArray (0x0000029cc9c1a408) [0x0000029cc9c1a520, 0x0000029cc9c1a6d8] Compiler: c2, Barriers: 0, Oops: 0, ImmediateOops: 0, NonImmediateOops: No
[2024-10-26T03:26:25.122+0530][0.512s][debug][gc,nmethod  ] Register NMethod: java.lang.ThreadLocal.getMap (0x0000029cc9c1a708) [0x0000029cc9c1a800, 0x0000029cc9c1a8d0] Compiler: c2, Barriers: 1, Oops: 0, ImmediateOops: 0, NonImmediateOops: No
[2024-10-26T03:26:25.122+0530][0.512s][debug][gc,nmethod  ] Register NMethod: java.nio.DirectIntBufferU.get (0x0000029cc231b088) [0x0000029cc231b260, 0x0000029cc231bbe8] Compiler: c1, Barriers: 1, Oops: 2, ImmediateOops: 2, NonImmediateOops: No
[2024-10-26T03:26:25.123+0530][0.514s][debug][gc,nmethod  ] Register NMethod: java.lang.Integer.toUnsignedLong (0x0000029cc231bc88) [0x0000029cc231bda0, 0x0000029cc231bea0] Compiler: c1, Barriers: 0, Oops: 0, ImmediateOops: 0, NonImmediateOops: No
[2024-10-26T03:26:25.123+0530][0.514s][debug][gc,nmethod  ] Register NMethod: java.lang.invoke.MethodHandle.linkToVirtual (0x0000029cc9c1aa08) [0x0000029cc9c1ab00, 0x0000029cc9c1ab30] Compiler: , Barriers: 0, Oops: 0, ImmediateOops: 0, NonImmediateOops: No
[2024-10-26T03:26:25.124+0530][0.515s][debug][gc,nmethod  ] Register NMethod: java.util.zip.ZipFile$Source.getEntryNext (0x0000029cc231bf88) [0x0000029cc231c0a0, 0x0000029cc231c208] Compiler: c1, Barriers: 1, Oops: 0, ImmediateOops: 0, NonImmediateOops: No
[2024-10-26T03:26:25.124+0530][0.515s][debug][gc,nmethod  ] Register NMethod: org.springframework.boot.loader.zip.ZipContent$Entry.getName (0x0000029cc231c288) [0x0000029cc231c420, 0x0000029cc231cb28] Compiler: c1, Barriers: 11, Oops: 1, ImmediateOops: 0, NonImmediateOops: No
[2024-10-26T03:26:25.125+0530][0.515s][debug][gc,nmethod  ] Register NMethod: jdk.internal.misc.Unsafe.allocateUninitializedArray0 (0x0000029cc9c1ad08) [0x0000029cc9c1ae20, 0x0000029cc9c1afd8] Compiler: c2, Barriers: 0, Oops: 1, ImmediateOops: 1, NonImmediateOops: No
[2024-10-26T03:26:25.125+0530][0.516s][debug][gc,nmethod  ] Register NMethod: org.springframework.boot.loader.zip.ZipString.endsWith (0x0000029cc231cb88) [0x0000029cc231cce0, 0x0000029cc231d0a8] Compiler: c1, Barriers: 0, Oops: 1, ImmediateOops: 0, NonImmediateOops: No
[2024-10-26T03:26:25.126+0530][0.516s][debug][gc,nmethod  ] Register NMethod: java.util.zip.Inflater.needsInput (0x0000029cc231d108) [0x0000029cc231d240, 0x0000029cc231d6d0] Compiler: c1, Barriers: 2, Oops: 0, ImmediateOops: 0, NonImmediateOops: No
[2024-10-26T03:26:25.126+0530][0.517s][debug][gc,nmethod  ] Register NMethod: java.util.zip.Inflater.inflate (0x0000029cc231d708) [0x0000029cc231da80, 0x0000029cc231fac0] Compiler: c1, Barriers: 10, Oops: 1, ImmediateOops: 4, NonImmediateOops: No
[2024-10-26T03:26:25.127+0530][0.518s][debug][gc,nmethod  ] Register NMethod: jdk.internal.misc.Unsafe.allocateUninitializedArray (0x0000029cc9c1b008) [0x0000029cc9c1b120, 0x0000029cc9c1b2d0] Compiler: c2, Barriers: 0, Oops: 0, ImmediateOops: 0, NonImmediateOops: No
[2024-10-26T03:26:25.128+0530][0.519s][debug][gc,nmethod  ] Register NMethod: java.util.concurrent.atomic.AtomicLong.incrementAndGet (0x0000029cc231fb88) [0x0000029cc231fca0, 0x0000029cc231fdc0] Compiler: c1, Barriers: 0, Oops: 0, ImmediateOops: 0, NonImmediateOops: No
[2024-10-26T03:26:25.129+0530][0.519s][debug][gc,director ] Rule Major: Warmup 10%, Used: 74MB, UsedThreshold: 204MB
[2024-10-26T03:26:25.129+0530][0.520s][debug][gc,nmethod  ] Register NMethod: java.lang.StringConcatHelper.prepend (0x0000029cc9c1b308) [0x0000029cc9c1b420, 0x0000029cc9c1b628] Compiler: c2, Barriers: 1, Oops: 0, ImmediateOops: 0, NonImmediateOops: No
[2024-10-26T03:26:25.129+0530][0.520s][debug][gc,nmethod  ] Register NMethod: java.net.JarURLConnection.getEntryName (0x0000029cc9c1b688) [0x0000029cc9c1b7a0, 0x0000029cc9c1b898] Compiler: c1, Barriers: 1, Oops: 0, ImmediateOops: 0, NonImmediateOops: No
[2024-10-26T03:26:25.129+0530][0.520s][debug][gc,nmethod  ] Register NMethod: java.net.URLConnection.getDefaultUseCaches (0x0000029cc231fe88) [0x0000029cc231ffe0, 0x0000029cc23202b0] Compiler: c1, Barriers: 0, Oops: 1, ImmediateOops: 2, NonImmediateOops: No
[2024-10-26T03:26:25.130+0530][0.521s][debug][gc,nmethod  ] Register NMethod: java.net.URLConnection.<init> (0x0000029cc2320308) [0x0000029cc2320480, 0x0000029cc2320978] Compiler: c1, Barriers: 4, Oops: 1, ImmediateOops: 4, NonImmediateOops: No
[2024-10-26T03:26:25.130+0530][0.521s][debug][gc,nmethod  ] Register NMethod: java.util.Collections$SetFromMap.remove (0x0000029cc2320a08) [0x0000029cc2320b40, 0x0000029cc2320d98] Compiler: c1, Barriers: 1, Oops: 0, ImmediateOops: 0, NonImmediateOops: No
[2024-10-26T03:26:25.130+0530][0.521s][debug][gc,nmethod  ] Register NMethod: jdk.internal.org.objectweb.asm.SymbolTable.addConstantUtf8 (0x0000029cc9c1b988) [0x0000029cc9c1bba0, 0x0000029cc9c1cd08] Compiler: c2, Barriers: 21, Oops: 1, ImmediateOops: 0, NonImmediateOops: No
[2024-10-26T03:26:25.131+0530][0.521s][debug][gc,nmethod  ] Register NMethod: java.util.WeakHashMap.remove (0x0000029cc2320e08) [0x0000029cc2320fe0, 0x0000029cc2321bc8] Compiler: c1, Barriers: 12, Oops: 0, ImmediateOops: 1, NonImmediateOops: No
[2024-10-26T03:26:25.131+0530][0.522s][debug][gc,nmethod  ] Register NMethod: java.util.Objects.requireNonNull (0x0000029cc9c1ce08) [0x0000029cc9c1cf00, 0x0000029cc9c1cf88] Compiler: c2, Barriers: 0, Oops: 0, ImmediateOops: 0, NonImmediateOops: No
[2024-10-26T03:26:25.131+0530][0.522s][debug][gc,nmethod  ] Register NMethod: java.lang.StringConcatHelper.mix (0x0000029cc9c1d108) [0x0000029cc9c1d220, 0x0000029cc9c1d358] Compiler: c2, Barriers: 1, Oops: 0, ImmediateOops: 0, NonImmediateOops: No
[2024-10-26T03:26:25.133+0530][0.524s][debug][gc,nmethod  ] Register NMethod: org.springframework.boot.loader.jar.ZipInflaterInputStream.read (0x0000029cc2321c88) [0x0000029cc2321da0, 0x0000029cc2321f28] Compiler: c1, Barriers: 0, Oops: 1, ImmediateOops: 0, NonImmediateOops: No
[2024-10-26T03:26:25.134+0530][0.524s][debug][gc,nmethod  ] Register NMethod: jdk.internal.perf.PerfCounter.addElapsedTimeFrom (0x0000029cc2321f88) [0x0000029cc23220c0, 0x0000029cc2322258] Compiler: c1, Barriers: 0, Oops: 0, ImmediateOops: 0, NonImmediateOops: No
[2024-10-26T03:26:25.134+0530][0.525s][debug][gc,alloc    ] Mutator Allocation Rate: 150.3MB/s Predicted: 212.5MB/s, Avg: 132.9(+/-45.3)MB/s
[2024-10-26T03:26:25.134+0530][0.525s][debug][gc,director ] Rule Major: Warmup 10%, Used: 76MB, UsedThreshold: 204MB
[2024-10-26T03:26:25.134+0530][0.525s][debug][gc,nmethod  ] Register NMethod: org.springframework.boot.loader.jar.NestedJarFile$JarEntryInputStream.getUncompressedSize (0x0000029cc9c1d408) [0x0000029cc9c1d520, 0x0000029cc9c1d5e8] Compiler: c1, Barriers: 0, Oops: 1, ImmediateOops: 0, NonImmediateOops: No
[2024-10-26T03:26:25.134+0530][0.525s][debug][gc,nmethod  ] Register NMethod: org.springframework.boot.loader.jar.NestedJarFileResources.removeInputStream (0x0000029cc2322288) [0x0000029cc23223c0, 0x0000029cc23227a0] Compiler: c1, Barriers: 2, Oops: 1, ImmediateOops: 0, NonImmediateOops: No
[2024-10-26T03:26:25.134+0530][0.525s][debug][gc,nmethod  ] Register NMethod: jdk.internal.loader.URLClassPath.getResource (0x0000029cc2322808) [0x0000029cc2322960, 0x0000029cc2322ca8] Compiler: c1, Barriers: 0, Oops: 0, ImmediateOops: 0, NonImmediateOops: No
[2024-10-26T03:26:25.136+0530][0.527s][debug][gc,nmethod  ] Register NMethod: org.springframework.boot.loader.net.protocol.nested.NestedLocation$$Lambda/0x000002a0d4084fe0.<init> (0x0000029cc2322d08) [0x0000029cc2322e20, 0x0000029cc2323000] Compiler: c1, Barriers: 3, Oops: 1, ImmediateOops: 0, NonImmediateOops: No
[2024-10-26T03:26:25.136+0530][0.527s][debug][gc,nmethod  ] Register NMethod: org.springframework.boot.loader.net.protocol.nested.NestedLocation.parse (0x0000029cc2323088) [0x0000029cc2323240, 0x0000029cc2323a48] Compiler: c1, Barriers: 4, Oops: 3, ImmediateOops: 4, NonImmediateOops: No
[2024-10-26T03:26:25.136+0530][0.527s][debug][gc,nmethod  ] Register NMethod: java.lang.ClassLoader.getDefinedPackage (0x0000029cc2323b08) [0x0000029cc2323c80, 0x0000029cc2324250] Compiler: c1, Barriers: 2, Oops: 1, ImmediateOops: 1, NonImmediateOops: No
[2024-10-26T03:26:25.136+0530][0.527s][debug][gc,nmethod  ] Register NMethod: java.io.FilterInputStream.<init> (0x0000029cc2324308) [0x0000029cc2324440, 0x0000029cc2324680] Compiler: c1, Barriers: 3, Oops: 0, ImmediateOops: 0, NonImmediateOops: No
[2024-10-26T03:26:25.138+0530][0.529s][debug][gc,nmethod  ] Register NMethod: java.util.concurrent.locks.ReentrantLock$NonfairSync.initialTryLock (0x0000029cc2324708) [0x0000029cc2324880, 0x0000029cc2324cd0] Compiler: c1, Barriers: 5, Oops: 0, ImmediateOops: 1, NonImmediateOops: No
[2024-10-26T03:26:25.138+0530][0.529s][debug][gc,nmethod  ] Register NMethod: java.io.BufferedReader.ensureOpen (0x0000029cc2324d08) [0x0000029cc2324e40, 0x0000029cc2325080] Compiler: c1, Barriers: 1, Oops: 0, ImmediateOops: 1, NonImmediateOops: No
[2024-10-26T03:26:25.138+0530][0.529s][debug][gc,nmethod  ] Register NMethod: java.util.concurrent.locks.ReentrantLock$Sync.tryRelease (0x0000029cc2325108) [0x0000029cc2325260, 0x0000029cc2325620] Compiler: c1, Barriers: 5, Oops: 0, ImmediateOops: 0, NonImmediateOops: No
[2024-10-26T03:26:25.138+0530][0.529s][debug][gc,nmethod  ] Register NMethod: java.io.StreamTokenizer.read (0x0000029cc2325688) [0x0000029cc23257e0, 0x0000029cc2325c38] Compiler: c1, Barriers: 2, Oops: 0, ImmediateOops: 0, NonImmediateOops: No
[2024-10-26T03:26:25.139+0530][0.529s][debug][gc,nmethod  ] Register NMethod: java.io.BufferedReader.implRead (0x0000029cc2325c88) [0x0000029cc2325e00, 0x0000029cc23262f8] Compiler: c1, Barriers: 3, Oops: 0, ImmediateOops: 1, NonImmediateOops: No
[2024-10-26T03:26:25.139+0530][0.530s][debug][gc,nmethod  ] Register NMethod: java.io.BufferedReader.read (0x0000029cc2326388) [0x0000029cc23265c0, 0x0000029cc23275e8] Compiler: c1, Barriers: 9, Oops: 0, ImmediateOops: 0, NonImmediateOops: No
[2024-10-26T03:26:25.139+0530][0.530s][debug][gc,nmethod  ] Register NMethod: java.lang.CharacterDataLatin1.equalsIgnoreCase (0x0000029cc2327688) [0x0000029cc23277c0, 0x0000029cc2327a70] Compiler: c1, Barriers: 0, Oops: 0, ImmediateOops: 0, NonImmediateOops: No
[2024-10-26T03:26:25.139+0530][0.530s][debug][gc,nmethod  ] Register NMethod: java.lang.StringLatin1.regionMatchesCI (0x0000029cc2327a88) [0x0000029cc2327bc0, 0x0000029cc2327e70] Compiler: c1, Barriers: 0, Oops: 0, ImmediateOops: 0, NonImmediateOops: No
[2024-10-26T03:26:25.139+0530][0.530s][debug][gc,nmethod  ] Register NMethod: java.lang.String.equalsIgnoreCase (0x0000029cc2327e88) [0x0000029cc2328000, 0x0000029cc2328588] Compiler: c1, Barriers: 2, Oops: 0, ImmediateOops: 0, NonImmediateOops: No
[2024-10-26T03:26:25.139+0530][0.530s][debug][gc,nmethod  ] Register NMethod: java.lang.String.regionMatches (0x0000029cc2328608) [0x0000029cc23287e0, 0x0000029cc2328fd8] Compiler: c1, Barriers: 2, Oops: 0, ImmediateOops: 0, NonImmediateOops: No
[2024-10-26T03:26:25.140+0530][0.530s][debug][gc,nmethod  ] Register NMethod: sun.security.provider.PolicyParser.peek (0x0000029cc2329008) [0x0000029cc23291c0, 0x0000029cc23297e0] Compiler: c1, Barriers: 2, Oops: 0, ImmediateOops: 6, NonImmediateOops: No
[2024-10-26T03:26:25.140+0530][0.531s][debug][gc,nmethod  ] Register NMethod: java.lang.String.copyValueOf (0x0000029cc2329808) [0x0000029cc2329920, 0x0000029cc2329ab8] Compiler: c1, Barriers: 0, Oops: 0, ImmediateOops: 0, NonImmediateOops: No
[2024-10-26T03:26:25.141+0530][0.532s][debug][gc,nmethod  ] Register NMethod: java.io.BufferedReader.implRead (0x0000029cc9c1d708) [0x0000029cc9c1d820, 0x0000029cc9c1d9d8] Compiler: c2, Barriers: 2, Oops: 0, ImmediateOops: 0, NonImmediateOops: No
[2024-10-26T03:26:25.141+0530][0.532s][debug][gc,nmethod  ] Register NMethod: java.io.StreamTokenizer.nextToken (0x0000029cc2329b08) [0x0000029cc232a080, 0x0000029cc232cab8] Compiler: c1, Barriers: 29, Oops: 0, ImmediateOops: 1, NonImmediateOops: No
[2024-10-26T03:26:25.141+0530][0.532s][debug][gc,nmethod  ] Register NMethod: sun.security.provider.PolicyParser.match (0x0000029cc232cb08) [0x0000029cc232d1a0, 0x0000029cc232ff78] Compiler: c1, Barriers: 37, Oops: 3, ImmediateOops: 26, NonImmediateOops: No
[2024-10-26T03:26:25.142+0530][0.533s][debug][gc,nmethod  ] Register NMethod: java.util.concurrent.locks.ReentrantLock$Sync.tryRelease (0x0000029cc9c1da08) [0x0000029cc9c1db20, 0x0000029cc9c1dd40] Compiler: c2, Barriers: 4, Oops: 0, ImmediateOops: 0, NonImmediateOops: No
[2024-10-26T03:26:25.144+0530][0.534s][debug][gc,director ] Rule Major: Warmup 10%, Used: 76MB, UsedThreshold: 204MB
[2024-10-26T03:26:25.144+0530][0.534s][debug][gc,nmethod  ] Register NMethod: java.lang.StringLatin1.indexOf (0x0000029cc9c1dd88) [0x0000029cc9c1dea0, 0x0000029cc9c1e1d0] Compiler: c2, Barriers: 0, Oops: 0, ImmediateOops: 0, NonImmediateOops: No
[2024-10-26T03:26:25.144+0530][0.535s][debug][gc,nmethod  ] Register NMethod: java.lang.invoke.LambdaForm.normalizeNames (0x0000029cc2330008) [0x0000029cc2330260, 0x0000029cc2331520] Compiler: c1, Barriers: 14, Oops: 0, ImmediateOops: 0, NonImmediateOops: No
[2024-10-26T03:26:25.144+0530][0.535s][debug][gc,nmethod  ] Register NMethod: java.util.concurrent.locks.ReentrantLock$NonfairSync.initialTryLock (0x0000029cc9c1e208) [0x0000029cc9c1e320, 0x0000029cc9c1e5d8] Compiler: c2, Barriers: 5, Oops: 0, ImmediateOops: 1, NonImmediateOops: No
[2024-10-26T03:26:25.144+0530][0.535s][debug][gc,nmethod  ] Register NMethod: java.net.URL.getDefaultPort (0x0000029cc2331588) [0x0000029cc23316a0, 0x0000029cc23318c0] Compiler: c1, Barriers: 1, Oops: 0, ImmediateOops: 0, NonImmediateOops: No
[2024-10-26T03:26:25.145+0530][0.536s][debug][gc,nmethod  ] Register NMethod: java.io.WinNTFileSystem.isSlash (0x0000029cc2331908) [0x0000029cc2331a20, 0x0000029cc2331ba8] Compiler: c1, Barriers: 0, Oops: 0, ImmediateOops: 0, NonImmediateOops: No
[2024-10-26T03:26:25.145+0530][0.536s][debug][gc,nmethod  ] Register NMethod: java.io.BufferedReader.read (0x0000029cc9c1e688) [0x0000029cc9c1e840, 0x0000029cc9c1f218] Compiler: c2, Barriers: 18, Oops: 0, ImmediateOops: 1, NonImmediateOops: No
[2024-10-26T03:26:25.145+0530][0.536s][debug][gc,nmethod  ] Register NMethod: java.io.StreamTokenizer.read (0x0000029cc9c1f308) [0x0000029cc9c1f4e0, 0x0000029cc9c1ff10] Compiler: c2, Barriers: 19, Oops: 0, ImmediateOops: 1, NonImmediateOops: No
[2024-10-26T03:26:25.149+0530][0.540s][debug][gc,nmethod  ] Register NMethod: java.lang.StringLatin1.lastIndexOf (0x0000029cc9c20008) [0x0000029cc9c20100, 0x0000029cc9c20218] Compiler: c2, Barriers: 0, Oops: 0, ImmediateOops: 0, NonImmediateOops: No
[2024-10-26T03:26:25.150+0530][0.541s][debug][gc,nmethod  ] Register NMethod: jdk.internal.jimage.ImageStringsReader.hashCode (0x0000029cc2331c08) [0x0000029cc2331d40, 0x0000029cc2331eb0] Compiler: c1, Barriers: 0, Oops: 0, ImmediateOops: 0, NonImmediateOops: No
[2024-10-26T03:26:25.150+0530][0.541s][debug][gc,nmethod  ] Register NMethod: java.util.concurrent.ConcurrentHashMap$ValueIterator.next (0x0000029cc2331f08) [0x0000029cc2332060, 0x0000029cc2332340] Compiler: c1, Barriers: 5, Oops: 0, ImmediateOops: 0, NonImmediateOops: No
[2024-10-26T03:26:25.150+0530][0.541s][debug][gc,nmethod  ] Register NMethod: sun.nio.fs.WindowsPath.toString (0x0000029cc9c20308) [0x0000029cc9c20420, 0x0000029cc9c20518] Compiler: c1, Barriers: 1, Oops: 0, ImmediateOops: 0, NonImmediateOops: No
[2024-10-26T03:26:25.150+0530][0.541s][debug][gc,nmethod  ] Register NMethod: java.lang.String.<init> (0x0000029cc2332388) [0x0000029cc23324c0, 0x0000029cc2332770] Compiler: c1, Barriers: 0, Oops: 0, ImmediateOops: 0, NonImmediateOops: No
[2024-10-26T03:26:25.150+0530][0.541s][debug][gc,nmethod  ] Register NMethod: sun.nio.fs.NativeBuffer.release (0x0000029cc2332788) [0x0000029cc23328a0, 0x0000029cc23329d8] Compiler: c1, Barriers: 0, Oops: 0, ImmediateOops: 0, NonImmediateOops: No
[2024-10-26T03:26:25.150+0530][0.541s][debug][gc,nmethod  ] Register NMethod: sun.nio.fs.NativeBuffers.getNativeBufferFromCache (0x0000029cc2332a88) [0x0000029cc2332c00, 0x0000029cc2333350] Compiler: c1, Barriers: 4, Oops: 1, ImmediateOops: 2, NonImmediateOops: No
[2024-10-26T03:26:25.151+0530][0.541s][debug][gc,nmethod  ] Register NMethod: org.springframework.boot.loader.zip.FileDataBlock.open (0x0000029cc2333408) [0x0000029cc2333540, 0x0000029cc23336d0] Compiler: c1, Barriers: 1, Oops: 1, ImmediateOops: 0, NonImmediateOops: No
[2024-10-26T03:26:25.151+0530][0.542s][debug][gc,nmethod  ] Register NMethod: java.lang.CharacterDataLatin1.isJavaIdentifierPart (0x0000029cc2333708) [0x0000029cc2333820, 0x0000029cc2333a10] Compiler: c1, Barriers: 0, Oops: 0, ImmediateOops: 1, NonImmediateOops: No
[2024-10-26T03:26:25.151+0530][0.542s][debug][gc,nmethod  ] Register NMethod: sun.nio.fs.NativeBuffers.releaseNativeBuffer (0x0000029cc2333a88) [0x0000029cc2333d80, 0x0000029cc23357d8] Compiler: c1, Barriers: 13, Oops: 2, ImmediateOops: 5, NonImmediateOops: No
[2024-10-26T03:26:25.151+0530][0.542s][debug][gc,nmethod  ] Register NMethod: org.springframework.boot.loader.zip.FileDataBlock$FileAccess.open (0x0000029cc2335888) [0x0000029cc2335ac0, 0x0000029cc2336bd0] Compiler: c1, Barriers: 18, Oops: 3, ImmediateOops: 6, NonImmediateOops: No
[2024-10-26T03:26:25.152+0530][0.543s][debug][gc,nmethod  ] Register NMethod: org.springframework.boot.loader.net.protocol.jar.JarUrlConnection.getInputStream (0x0000029cc2336c88) [0x0000029cc2336f40, 0x0000029cc2338458] Compiler: c1, Barriers: 14, Oops: 4, ImmediateOops: 6, NonImmediateOops: No
[2024-10-26T03:26:25.153+0530][0.543s][debug][gc,nmethod  ] Register NMethod: java.lang.invoke.MethodHandle.linkToStatic (0x0000029cc9c20608) [0x0000029cc9c20700, 0x0000029cc9c20810] Compiler: , Barriers: 0, Oops: 0, ImmediateOops: 0, NonImmediateOops: No
[2024-10-26T03:26:25.153+0530][0.544s][debug][gc,nmethod  ] Register NMethod: java.lang.invoke.MethodHandle.linkToStatic (0x0000029cc9c20908) [0x0000029cc9c20a00, 0x0000029cc9c20b10] Compiler: , Barriers: 0, Oops: 0, ImmediateOops: 0, NonImmediateOops: No
[2024-10-26T03:26:25.153+0530][0.544s][debug][gc,nmethod  ] Register NMethod: java.lang.invoke.MethodHandle.invokeBasic (0x0000029cc9c20c08) [0x0000029cc9c20d20, 0x0000029cc9c21010] Compiler: , Barriers: 0, Oops: 0, ImmediateOops: 0, NonImmediateOops: No
[2024-10-26T03:26:25.153+0530][0.544s][debug][gc,nmethod  ] Register NMethod: java.lang.invoke.MethodHandle.linkToSpecial (0x0000029cc9c21088) [0x0000029cc9c21180, 0x0000029cc9c21290] Compiler: , Barriers: 0, Oops: 0, ImmediateOops: 0, NonImmediateOops: No
[2024-10-26T03:26:25.153+0530][0.544s][debug][gc,nmethod  ] Register NMethod: java.lang.AbstractStringBuilder.<init> (0x0000029cc9c21388) [0x0000029cc9c214a0, 0x0000029cc9c216b8] Compiler: c2, Barriers: 3, Oops: 0, ImmediateOops: 0, NonImmediateOops: No
[2024-10-26T03:26:25.153+0530][0.544s][debug][gc,nmethod  ] Register NMethod: java.lang.invoke.MethodHandle.invokeBasic (0x0000029cc9c21708) [0x0000029cc9c21820, 0x0000029cc9c21b10] Compiler: , Barriers: 0, Oops: 0, ImmediateOops: 0, NonImmediateOops: No
[2024-10-26T03:26:25.153+0530][0.544s][debug][gc,nmethod  ] Register NMethod: java.lang.invoke.MethodHandle.linkToSpecial (0x0000029cc9c21b88) [0x0000029cc9c21c80, 0x0000029cc9c21d90] Compiler: , Barriers: 0, Oops: 0, ImmediateOops: 0, NonImmediateOops: No
[2024-10-26T03:26:25.153+0530][0.544s][debug][gc,nmethod  ] Register NMethod: java.lang.invoke.LambdaForm.useCount (0x0000029cc2338588) [0x0000029cc23386e0, 0x0000029cc2338a78] Compiler: c1, Barriers: 2, Oops: 0, ImmediateOops: 0, NonImmediateOops: No
[2024-10-26T03:26:25.153+0530][0.544s][debug][gc,nmethod  ] Register NMethod: java.lang.invoke.MethodHandle.invokeBasic (0x0000029cc9c21e88) [0x0000029cc9c21fa0, 0x0000029cc9c22290] Compiler: , Barriers: 0, Oops: 0, ImmediateOops: 0, NonImmediateOops: No
[2024-10-26T03:26:25.153+0530][0.544s][debug][gc,nmethod  ] Register NMethod: java.lang.invoke.MethodHandle.linkToSpecial (0x0000029cc9c22308) [0x0000029cc9c22400, 0x0000029cc9c22510] Compiler: , Barriers: 0, Oops: 0, ImmediateOops: 0, NonImmediateOops: No
[2024-10-26T03:26:25.154+0530][0.545s][debug][gc,nmethod  ] Register NMethod: java.lang.invoke.InvokerBytecodeGenerator.storeInsnOpcode (0x0000029cc2338b08) [0x0000029cc2338d00, 0x0000029cc23396d0] Compiler: c1, Barriers: 1, Oops: 1, ImmediateOops: 4, NonImmediateOops: No
[2024-10-26T03:26:25.154+0530][0.545s][debug][gc,nmethod  ] Register NMethod: java.lang.invoke.MethodHandle.invokeBasic (0x0000029cc9c22608) [0x0000029cc9c22720, 0x0000029cc9c22a10] Compiler: , Barriers: 0, Oops: 0, ImmediateOops: 0, NonImmediateOops: No
[2024-10-26T03:26:25.154+0530][0.545s][debug][gc,nmethod  ] Register NMethod: java.lang.invoke.MethodHandle.linkToSpecial (0x0000029cc9c22a88) [0x0000029cc9c22b80, 0x0000029cc9c22c98] Compiler: , Barriers: 0, Oops: 0, ImmediateOops: 0, NonImmediateOops: No
[2024-10-26T03:26:25.155+0530][0.545s][debug][gc,director ] Rule Major: Warmup 10%, Used: 76MB, UsedThreshold: 204MB
[2024-10-26T03:26:25.155+0530][0.546s][debug][gc,nmethod  ] Register NMethod: java.lang.invoke.MethodHandle.linkToStatic (0x0000029cc9c22d88) [0x0000029cc9c22e80, 0x0000029cc9c22f90] Compiler: , Barriers: 0, Oops: 0, ImmediateOops: 0, NonImmediateOops: No
[2024-10-26T03:26:25.155+0530][0.546s][debug][gc,nmethod  ] Register NMethod: jdk.internal.org.objectweb.asm.Frame.accept (0x0000029cc2339788) [0x0000029cc2339940, 0x0000029cc233a2c8] Compiler: c1, Barriers: 5, Oops: 0, ImmediateOops: 0, NonImmediateOops: No
[2024-10-26T03:26:25.155+0530][0.546s][debug][gc,nmethod  ] Register NMethod: java.lang.invoke.MethodHandle.invokeBasic (0x0000029cc9c23088) [0x0000029cc9c231a0, 0x0000029cc9c23490] Compiler: , Barriers: 0, Oops: 0, ImmediateOops: 0, NonImmediateOops: No
[2024-10-26T03:26:25.155+0530][0.546s][debug][gc,nmethod  ] Register NMethod: java.lang.invoke.MethodHandle.linkToSpecial (0x0000029cc9c23508) [0x0000029cc9c23600, 0x0000029cc9c23710] Compiler: , Barriers: 0, Oops: 0, ImmediateOops: 0, NonImmediateOops: No
[2024-10-26T03:26:25.156+0530][0.546s][debug][gc,nmethod  ] Register NMethod: java.lang.invoke.LambdaFormEditor.<init> (0x0000029cc233a308) [0x0000029cc233a420, 0x0000029cc233a600] Compiler: c1, Barriers: 3, Oops: 0, ImmediateOops: 0, NonImmediateOops: No
[2024-10-26T03:26:25.156+0530][0.546s][debug][gc,nmethod  ] Register NMethod: java.lang.invoke.MethodHandle.linkToStatic (0x0000029cc9c23808) [0x0000029cc9c23900, 0x0000029cc9c23a18] Compiler: , Barriers: 0, Oops: 0, ImmediateOops: 0, NonImmediateOops: No
[2024-10-26T03:26:25.156+0530][0.547s][debug][gc,nmethod  ] Register NMethod: java.lang.invoke.LambdaForm.editor (0x0000029cc233a688) [0x0000029cc233a7e0, 0x0000029cc233ab30] Compiler: c1, Barriers: 3, Oops: 0, ImmediateOops: 0, NonImmediateOops: No
[2024-10-26T03:26:25.156+0530][0.547s][debug][gc,nmethod  ] Register NMethod: java.lang.invoke.LambdaFormBuffer.changeName (0x0000029cc233ab88) [0x0000029cc233ad00, 0x0000029cc233b2e8] Compiler: c1, Barriers: 10, Oops: 0, ImmediateOops: 0, NonImmediateOops: No
[2024-10-26T03:26:25.156+0530][0.547s][debug][gc,nmethod  ] Register NMethod: java.lang.invoke.LambdaFormEditor.lambdaFormEditor (0x0000029cc233b308) [0x0000029cc233b440, 0x0000029cc233b720] Compiler: c1, Barriers: 3, Oops: 0, ImmediateOops: 0, NonImmediateOops: No
[2024-10-26T03:26:25.156+0530][0.547s][debug][gc,nmethod  ] Register NMethod: java.lang.invoke.MethodHandle.invokeBasic (0x0000029cc9c23b08) [0x0000029cc9c23c20, 0x0000029cc9c23f10] Compiler: , Barriers: 0, Oops: 0, ImmediateOops: 0, NonImmediateOops: No
[2024-10-26T03:26:25.156+0530][0.547s][debug][gc,nmethod  ] Register NMethod: java.lang.ref.NativeReferenceQueue.poll (0x0000029cc9c23f88) [0x0000029cc9c24080, 0x0000029cc9c24158] Compiler: c2, Barriers: 1, Oops: 0, ImmediateOops: 0, NonImmediateOops: No
[2024-10-26T03:26:25.156+0530][0.547s][debug][gc,nmethod  ] Register NMethod: java.lang.invoke.MethodHandle.invokeBasic (0x0000029cc9c24288) [0x0000029cc9c243a0, 0x0000029cc9c24690] Compiler: , Barriers: 0, Oops: 0, ImmediateOops: 0, NonImmediateOops: No
[2024-10-26T03:26:25.156+0530][0.547s][debug][gc,nmethod  ] Register NMethod: java.lang.invoke.MethodHandle.linkToSpecial (0x0000029cc9c24708) [0x0000029cc9c24800, 0x0000029cc9c24910] Compiler: , Barriers: 0, Oops: 0, ImmediateOops: 0, NonImmediateOops: No
[2024-10-26T03:26:25.156+0530][0.547s][debug][gc,nmethod  ] Register NMethod: jdk.internal.util.ReferencedKeyMap.removeStaleReferences (0x0000029cc9c24a08) [0x0000029cc9c24b20, 0x0000029cc9c24c90] Compiler: c2, Barriers: 2, Oops: 0, ImmediateOops: 0, NonImmediateOops: No
[2024-10-26T03:26:25.157+0530][0.547s][debug][gc,nmethod  ] Register NMethod: java.lang.invoke.MethodHandle.intrinsicName (0x0000029cc233b788) [0x0000029cc233b8a0, 0x0000029cc233b9b8] Compiler: c1, Barriers: 0, Oops: 0, ImmediateOops: 1, NonImmediateOops: No
[2024-10-26T03:26:25.157+0530][0.548s][debug][gc,nmethod  ] Register NMethod: java.lang.invoke.MethodHandle.invokeBasic (0x0000029cc9c24d08) [0x0000029cc9c24e20, 0x0000029cc9c25110] Compiler: , Barriers: 0, Oops: 0, ImmediateOops: 0, NonImmediateOops: No
[2024-10-26T03:26:25.157+0530][0.548s][debug][gc,nmethod  ] Register NMethod: java.lang.invoke.MethodHandle.linkToSpecial (0x0000029cc9c25188) [0x0000029cc9c25280, 0x0000029cc9c25390] Compiler: , Barriers: 0, Oops: 0, ImmediateOops: 0, NonImmediateOops: No
[2024-10-26T03:26:25.158+0530][0.549s][debug][gc,nmethod  ] Register NMethod: jdk.internal.module.SystemModuleFinders$SystemImage.reader (0x0000029cc233ba88) [0x0000029cc233bba0, 0x0000029cc233bc98] Compiler: c1, Barriers: 0, Oops: 0, ImmediateOops: 1, NonImmediateOops: No
[2024-10-26T03:26:25.158+0530][0.549s][debug][gc,nmethod  ] Register NMethod: jdk.internal.jimage.ImageReader.requireOpen (0x0000029cc233bd88) [0x0000029cc233bec0, 0x0000029cc233c0d0] Compiler: c1, Barriers: 0, Oops: 0, ImmediateOops: 1, NonImmediateOops: No
[2024-10-26T03:26:25.158+0530][0.549s][debug][gc,nmethod  ] Register NMethod: jdk.internal.loader.BuiltinClassLoader.moduleReaderFor (0x0000029cc233c108) [0x0000029cc233c280, 0x0000029cc233c950] Compiler: c1, Barriers: 5, Oops: 0, ImmediateOops: 0, NonImmediateOops: No
[2024-10-26T03:26:25.158+0530][0.549s][debug][gc,nmethod  ] Register NMethod: jdk.internal.jimage.ImageStringsReader.hashCode (0x0000029cc233c988) [0x0000029cc233cac0, 0x0000029cc233cc80] Compiler: c1, Barriers: 0, Oops: 0, ImmediateOops: 0, NonImmediateOops: No
[2024-10-26T03:26:25.159+0530][0.549s][debug][gc,nmethod  ] Register NMethod: jdk.internal.jimage.BasicImageReader.getLocationIndex (0x0000029cc233cd08) [0x0000029cc233ce80, 0x0000029cc233d368] Compiler: c1, Barriers: 2, Oops: 0, ImmediateOops: 0, NonImmediateOops: No
[2024-10-26T03:26:25.159+0530][0.550s][debug][gc,nmethod  ] Register NMethod: jdk.internal.jimage.ImageReader.verifyLocation (0x0000029cc233d408) [0x0000029cc233d560, 0x0000029cc233d8d8] Compiler: c1, Barriers: 1, Oops: 0, ImmediateOops: 1, NonImmediateOops: No
[2024-10-26T03:26:25.159+0530][0.550s][debug][gc,nmethod  ] Register NMethod: jdk.internal.jimage.BasicImageReader.verifyLocation (0x0000029cc233d908) [0x0000029cc233da60, 0x0000029cc233ddd0] Compiler: c1, Barriers: 3, Oops: 0, ImmediateOops: 0, NonImmediateOops: No
[2024-10-26T03:26:25.159+0530][0.550s][debug][gc,nmethod  ] Register NMethod: jdk.internal.module.SystemModuleFinders$SystemModuleReader.containsImageLocation (0x0000029cc233de08) [0x0000029cc233dfa0, 0x0000029cc233e6a0] Compiler: c1, Barriers: 2, Oops: 1, ImmediateOops: 4, NonImmediateOops: No
[2024-10-26T03:26:25.159+0530][0.550s][debug][gc,nmethod  ] Register NMethod: jdk.internal.module.SystemModuleFinders$SystemModuleReader.find (0x0000029cc233e708) [0x0000029cc233e940, 0x0000029cc233f4b8] Compiler: c1, Barriers: 4, Oops: 3, ImmediateOops: 5, NonImmediateOops: No
[2024-10-26T03:26:25.159+0530][0.550s][debug][gc,nmethod  ] Register NMethod: java.lang.invoke.LambdaFormEditor$TransformKey.inRange (0x0000029cc233f588) [0x0000029cc233f6a0, 0x0000029cc233f7f0] Compiler: c1, Barriers: 0, Oops: 0, ImmediateOops: 0, NonImmediateOops: No
[2024-10-26T03:26:25.159+0530][0.550s][debug][gc,nmethod  ] Register NMethod: java.lang.invoke.LambdaFormEditor$TransformKey.<init> (0x0000029cc233f888) [0x0000029cc233f9a0, 0x0000029cc233fb88] Compiler: c1, Barriers: 3, Oops: 0, ImmediateOops: 0, NonImmediateOops: No
[2024-10-26T03:26:25.160+0530][0.550s][debug][gc,nmethod  ] Register NMethod: java.lang.CharacterDataLatin1.equalsIgnoreCase (0x0000029cc9c25488) [0x0000029cc9c25580, 0x0000029cc9c25630] Compiler: c2, Barriers: 0, Oops: 0, ImmediateOops: 0, NonImmediateOops: No
[2024-10-26T03:26:25.160+0530][0.551s][debug][gc,nmethod  ] Register NMethod: java.lang.invoke.LambdaFormEditor.getInCache (0x0000029cc233fc08) [0x0000029cc233fe00, 0x0000029cc2340cc0] Compiler: c1, Barriers: 7, Oops: 0, ImmediateOops: 0, NonImmediateOops: No
[2024-10-26T03:26:25.160+0530][0.551s][debug][gc,nmethod  ] Register NMethod: org.springframework.boot.loader.zip.ZipContent$Entry.getUncompressedSize (0x0000029cc2340d08) [0x0000029cc2340e20, 0x0000029cc2340f78] Compiler: c1, Barriers: 1, Oops: 1, ImmediateOops: 0, NonImmediateOops: No
[2024-10-26T03:26:25.161+0530][0.551s][debug][gc,nmethod  ] Register NMethod: java.lang.invoke.DirectMethodHandle.internalMemberName (0x0000029cc9c25788) [0x0000029cc9c25880, 0x0000029cc9c25960] Compiler: c2, Barriers: 1, Oops: 0, ImmediateOops: 0, NonImmediateOops: No
[2024-10-26T03:26:25.161+0530][0.552s][debug][gc,nmethod  ] Register NMethod: java.util.jar.JarFile.checkForSpecialAttributes (0x0000029cc2341008) [0x0000029cc23412a0, 0x0000029cc2342520] Compiler: c1, Barriers: 13, Oops: 1, ImmediateOops: 8, NonImmediateOops: No
[2024-10-26T03:26:25.161+0530][0.552s][debug][gc,nmethod  ] Register NMethod: jdk.internal.jimage.ImageStringsReader.match (0x0000029cc2342608) [0x0000029cc2342740, 0x0000029cc2342948] Compiler: c1, Barriers: 1, Oops: 0, ImmediateOops: 0, NonImmediateOops: No
[2024-10-26T03:26:25.161+0530][0.552s][debug][gc,nmethod  ] Register NMethod: jdk.internal.jimage.BasicImageReader.match (0x0000029cc2342988) [0x0000029cc2342ae0, 0x0000029cc2342db0] Compiler: c1, Barriers: 1, Oops: 0, ImmediateOops: 1, NonImmediateOops: No
[2024-10-26T03:26:25.161+0530][0.552s][debug][gc,nmethod  ] Register NMethod: java.util.jar.JarFile.isMultiRelease (0x0000029cc2342e08) [0x0000029cc2342f40, 0x0000029cc2343140] Compiler: c1, Barriers: 0, Oops: 0, ImmediateOops: 0, NonImmediateOops: No
[2024-10-26T03:26:25.162+0530][0.553s][debug][gc,nmethod  ] Register NMethod: org.springframework.boot.loader.net.protocol.jar.JarUrlConnection.setUseCaches (0x0000029cc2343188) [0x0000029cc23432c0, 0x0000029cc23434f8] Compiler: c1, Barriers: 1, Oops: 1, ImmediateOops: 0, NonImmediateOops: No
[2024-10-26T03:26:25.162+0530][0.553s][debug][gc,nmethod  ] Register NMethod: jdk.internal.jimage.ImageStringsReader.stringFromByteBufferMatches (0x0000029cc2343588) [0x0000029cc2343800, 0x0000029cc23449b8] Compiler: c1, Barriers: 5, Oops: 1, ImmediateOops: 4, NonImmediateOops: No
[2024-10-26T03:26:25.162+0530][0.553s][debug][gc,nmethod  ] Register NMethod: jdk.internal.jimage.ImageLocation.verifyName (0x0000029cc2344a88) [0x0000029cc2344d80, 0x0000029cc2346450] Compiler: c1, Barriers: 9, Oops: 1, ImmediateOops: 4, NonImmediateOops: No
[2024-10-26T03:26:25.163+0530][0.554s][debug][gc,nmethod  ] Register NMethod: java.nio.DirectByteBuffer.get (0x0000029cc9c25a88) [0x0000029cc9c25ba0, 0x0000029cc9c25cd8] Compiler: c2, Barriers: 1, Oops: 2, ImmediateOops: 0, NonImmediateOops: No
[2024-10-26T03:26:25.163+0530][0.554s][debug][gc,nmethod  ] Register NMethod: sun.net.util.URLUtil.urlNoFragString (0x0000029cc2346508) [0x0000029cc23467c0, 0x0000029cc23478e0] Compiler: c1, Barriers: 7, Oops: 3, ImmediateOops: 10, NonImmediateOops: No
[2024-10-26T03:26:25.163+0530][0.554s][debug][gc,nmethod  ] Register NMethod: org.springframework.boot.loader.zip.ZipString.matches (0x0000029cc2347988) [0x0000029cc2347b00, 0x0000029cc2347f98] Compiler: c1, Barriers: 0, Oops: 1, ImmediateOops: 2, NonImmediateOops: No
[2024-10-26T03:26:25.164+0530][0.554s][debug][gc,nmethod  ] Register NMethod: jdk.internal.jimage.ImageStringsReader.unmaskedHashCode (0x0000029cc9c25d88) [0x0000029cc9c25ea0, 0x0000029cc9c26118] Compiler: c2, Barriers: 2, Oops: 1, ImmediateOops: 0, NonImmediateOops: No
[2024-10-26T03:26:25.166+0530][0.556s][debug][gc,director ] Rule Major: Warmup 10%, Used: 76MB, UsedThreshold: 204MB
[2024-10-26T03:26:25.166+0530][0.557s][debug][gc,nmethod  ] Register NMethod: java.nio.DirectLongBufferU.ix (0x0000029cc9c26188) [0x0000029cc9c26280, 0x0000029cc9c26300] Compiler: c2, Barriers: 0, Oops: 0, ImmediateOops: 0, NonImmediateOops: No
[2024-10-26T03:26:25.167+0530][0.558s][debug][gc,nmethod  ] Register NMethod: org.springframework.boot.loader.net.protocol.jar.LazyDelegatingInputStream.in (0x0000029cc2348008) [0x0000029cc2348160, 0x0000029cc2348730] Compiler: c1, Barriers: 8, Oops: 1, ImmediateOops: 0, NonImmediateOops: No
[2024-10-26T03:26:25.167+0530][0.558s][debug][gc,nmethod  ] Register NMethod: org.springframework.boot.loader.net.protocol.jar.LazyDelegatingInputStream.read (0x0000029cc2348788) [0x0000029cc23488c0, 0x0000029cc2348ae8] Compiler: c1, Barriers: 0, Oops: 1, ImmediateOops: 0, NonImmediateOops: No
[2024-10-26T03:26:25.168+0530][0.558s][debug][gc,nmethod  ] Register NMethod: org.springframework.boot.loader.jar.NestedJarFile$NestedJarEntry.contentEntry (0x0000029cc9c26488) [0x0000029cc9c265a0, 0x0000029cc9c266a0] Compiler: c1, Barriers: 1, Oops: 1, ImmediateOops: 0, NonImmediateOops: No
[2024-10-26T03:26:25.168+0530][0.559s][debug][gc,nmethod  ] Register NMethod: org.springframework.boot.loader.jar.NestedJarFile.getJarEntry (0x0000029cc2348b08) [0x0000029cc2348c20, 0x0000029cc2348d58] Compiler: c1, Barriers: 0, Oops: 1, ImmediateOops: 0, NonImmediateOops: No
[2024-10-26T03:26:25.168+0530][0.559s][debug][gc,nmethod  ] Register NMethod: org.springframework.boot.loader.jar.NestedJarFile.getNestedJarEntry (0x0000029cc2348e08) [0x0000029cc2349000, 0x0000029cc2349928] Compiler: c1, Barriers: 14, Oops: 2, ImmediateOops: 1, NonImmediateOops: No
[2024-10-26T03:26:25.168+0530][0.559s][debug][gc,nmethod  ] Register NMethod: jdk.internal.loader.Resource.getManifest (0x0000029cc9c26788) [0x0000029cc9c268a0, 0x0000029cc9c26970] Compiler: c1, Barriers: 0, Oops: 0, ImmediateOops: 0, NonImmediateOops: No
[2024-10-26T03:26:25.169+0530][0.559s][debug][gc,nmethod  ] Register NMethod: java.util.concurrent.ConcurrentHashMap.setTabAt (0x0000029cc9c26a88) [0x0000029cc9c26b80, 0x0000029cc9c26c90] Compiler: c2, Barriers: 3, Oops: 0, ImmediateOops: 0, NonImmediateOops: No
[2024-10-26T03:26:25.169+0530][0.560s][debug][gc,nmethod  ] Register NMethod: jdk.internal.loader.Resource.getCodeSigners (0x0000029cc9c26d88) [0x0000029cc9c26ea0, 0x0000029cc9c26f70] Compiler: c1, Barriers: 0, Oops: 0, ImmediateOops: 0, NonImmediateOops: No
[2024-10-26T03:26:25.169+0530][0.560s][debug][gc,nmethod  ] Register NMethod: java.net.URL.hashCode (0x0000029cc9c27088) [0x0000029cc9c27380, 0x0000029cc9c28dc8] Compiler: c2, Barriers: 12, Oops: 2, ImmediateOops: 0, NonImmediateOops: No
[2024-10-26T03:26:25.170+0530][0.561s][debug][gc,nmethod  ] Register NMethod: org.springframework.boot.loader.net.protocol.nested.NestedLocation.fromUrl (0x0000029cc2349988) [0x0000029cc2349b40, 0x0000029cc234a208] Compiler: c1, Barriers: 3, Oops: 1, ImmediateOops: 2, NonImmediateOops: No
[2024-10-26T03:26:25.170+0530][0.561s][debug][gc,nmethod  ] Register NMethod: jdk.internal.ref.CleanerImpl$PhantomCleanableRef.performCleanup (0x0000029cc234a288) [0x0000029cc234a3c0, 0x0000029cc234a5d0] Compiler: c1, Barriers: 1, Oops: 0, ImmediateOops: 0, NonImmediateOops: No
[2024-10-26T03:26:25.170+0530][0.561s][debug][gc,nmethod  ] Register NMethod: java.util.Collections$SetFromMap.add (0x0000029cc234a608) [0x0000029cc234a740, 0x0000029cc234a9a8] Compiler: c1, Barriers: 1, Oops: 0, ImmediateOops: 1, NonImmediateOops: No
[2024-10-26T03:26:25.171+0530][0.561s][debug][gc,nmethod  ] Register NMethod: java.util.WeakHashMap$Entry.<init> (0x0000029cc234aa08) [0x0000029cc234ab60, 0x0000029cc234afa0] Compiler: c1, Barriers: 12, Oops: 0, ImmediateOops: 1, NonImmediateOops: No
[2024-10-26T03:26:25.171+0530][0.562s][debug][gc,nmethod  ] Register NMethod: java.util.zip.ZipEntry.<init> (0x0000029cc234b008) [0x0000029cc234b180, 0x0000029cc234b738] Compiler: c1, Barriers: 4, Oops: 1, ImmediateOops: 2, NonImmediateOops: No
[2024-10-26T03:26:25.171+0530][0.562s][debug][gc,nmethod  ] Register NMethod: java.util.WeakHashMap.put (0x0000029cc234b788) [0x0000029cc234b9e0, 0x0000029cc234cae8] Compiler: c1, Barriers: 26, Oops: 0, ImmediateOops: 2, NonImmediateOops: No
[2024-10-26T03:26:25.174+0530][0.565s][debug][gc,nmethod  ] Register NMethod: java.util.zip.Inflater.setInput (0x0000029cc234cb88) [0x0000029cc234cce0, 0x0000029cc234d1e8] Compiler: c1, Barriers: 7, Oops: 1, ImmediateOops: 1, NonImmediateOops: No
[2024-10-26T03:26:25.174+0530][0.565s][debug][gc,nmethod  ] Register NMethod: java.util.zip.InflaterInputStream.close (0x0000029cc234d208) [0x0000029cc234d340, 0x0000029cc234d640] Compiler: c1, Barriers: 2, Oops: 0, ImmediateOops: 0, NonImmediateOops: No
[2024-10-26T03:26:25.175+0530][0.565s][debug][gc,nmethod  ] Register NMethod: java.util.zip.Inflater.reset (0x0000029cc234d688) [0x0000029cc234d7e0, 0x0000029cc234dcc8] Compiler: c1, Barriers: 8, Oops: 0, ImmediateOops: 1, NonImmediateOops: No
[2024-10-26T03:26:25.175+0530][0.565s][debug][gc,nmethod  ] Register NMethod: java.util.zip.InflaterInputStream.<init> (0x0000029cc234dd08) [0x0000029cc234dea0, 0x0000029cc234e600] Compiler: c1, Barriers: 12, Oops: 0, ImmediateOops: 1, NonImmediateOops: No
[2024-10-26T03:26:25.175+0530][0.566s][debug][gc,nmethod  ] Register NMethod: sun.net.www.ParseUtil.match (0x0000029cc234e688) [0x0000029cc234e7c0, 0x0000029cc234ea20] Compiler: c1, Barriers: 0, Oops: 0, ImmediateOops: 0, NonImmediateOops: No
[2024-10-26T03:26:25.175+0530][0.566s][debug][gc,nmethod  ] Register NMethod: org.springframework.boot.loader.net.protocol.jar.JarFileUrlKey.get (0x0000029cc9c28f08) [0x0000029cc9c29040, 0x0000029cc9c292b8] Compiler: c2, Barriers: 4, Oops: 2, ImmediateOops: 3, NonImmediateOops: No
[2024-10-26T03:26:25.176+0530][0.566s][debug][gc,director ] Rule Major: Warmup 10%, Used: 78MB, UsedThreshold: 204MB
[2024-10-26T03:26:25.176+0530][0.567s][debug][gc,nmethod  ] Register NMethod: org.springframework.boot.loader.zip.FileDataBlock.slice (0x0000029cc234ea88) [0x0000029cc234ec20, 0x0000029cc234f320] Compiler: c1, Barriers: 5, Oops: 3, ImmediateOops: 3, NonImmediateOops: No
[2024-10-26T03:26:25.176+0530][0.567s][debug][gc,nmethod  ] Register NMethod: java.lang.ThreadLocal.get (0x0000029cc9c29388) [0x0000029cc9c294e0, 0x0000029cc9c29850] Compiler: c2, Barriers: 6, Oops: 0, ImmediateOops: 0, NonImmediateOops: No
[2024-10-26T03:26:25.176+0530][0.567s][debug][gc,nmethod  ] Register NMethod: sun.net.www.ParseUtil.firstEncodeIndex (0x0000029cc9c29908) [0x0000029cc9c29a40, 0x0000029cc9c29d00] Compiler: c2, Barriers: 2, Oops: 1, ImmediateOops: 0, NonImmediateOops: No
[2024-10-26T03:26:25.181+0530][0.572s][debug][gc,nmethod  ] Register NMethod: java.net.URLStreamHandler.setURL (0x0000029cc9c29d88) [0x0000029cc9c29f40, 0x0000029cc9c2acb0] Compiler: c2, Barriers: 29, Oops: 3, ImmediateOops: 3, NonImmediateOops: No
[2024-10-26T03:26:25.181+0530][0.572s][debug][gc,nmethod  ] Register NMethod: java.lang.ThreadLocal$ThreadLocalMap.set (0x0000029cc234f388) [0x0000029cc234f5c0, 0x0000029cc2350350] Compiler: c1, Barriers: 12, Oops: 0, ImmediateOops: 0, NonImmediateOops: No
[2024-10-26T03:26:25.182+0530][0.573s][debug][gc,nmethod  ] Register NMethod: java.net.URLStreamHandler.hostsEqual (0x0000029cc9c2ad88) [0x0000029cc9c2af00, 0x0000029cc9c2b9d0] Compiler: c2, Barriers: 10, Oops: 0, ImmediateOops: 0, NonImmediateOops: No
[2024-10-26T03:26:25.183+0530][0.573s][debug][gc,nmethod  ] Register NMethod: java.net.URL.<init> (0x0000029cc9c2ba88) [0x0000029cc9c2c100, 0x0000029cc9c32dd0] Compiler: c2, Barriers: 97, Oops: 17, ImmediateOops: 29, NonImmediateOops: No
[2024-10-26T03:26:25.183+0530][0.574s][debug][gc,nmethod  ] Register NMethod: java.lang.ThreadLocal.set (0x0000029cc2350408) [0x0000029cc2350560, 0x0000029cc23508c0] Compiler: c1, Barriers: 0, Oops: 0, ImmediateOops: 0, NonImmediateOops: No
[2024-10-26T03:26:25.183+0530][0.574s][debug][gc,nmethod  ] Register NMethod: java.lang.Throwable.fillInStackTrace (0x0000029cc2350908) [0x0000029cc2350a40, 0x0000029cc2350e38] Compiler: c1, Barriers: 5, Oops: 0, ImmediateOops: 1, NonImmediateOops: No
[2024-10-26T03:26:25.184+0530][0.575s][debug][gc,nmethod  ] Register NMethod: java.lang.ThreadLocal.set (0x0000029cc2350e88) [0x0000029cc2350fe0, 0x0000029cc23513d8] Compiler: c1, Barriers: 1, Oops: 0, ImmediateOops: 0, NonImmediateOops: No
[2024-10-26T03:26:25.184+0530][0.575s][debug][gc,nmethod  ] Register NMethod: org.springframework.boot.loader.net.protocol.jar.Optimizations.enable (0x0000029cc2351408) [0x0000029cc2351580, 0x0000029cc2351b30] Compiler: c1, Barriers: 2, Oops: 2, ImmediateOops: 5, NonImmediateOops: No
[2024-10-26T03:26:25.184+0530][0.575s][debug][gc,nmethod  ] Register NMethod: org.springframework.boot.loader.jar.NestedJarFile.ensureOpen (0x0000029cc9c33208) [0x0000029cc9c33320, 0x0000029cc9c33470] Compiler: c2, Barriers: 2, Oops: 1, ImmediateOops: 0, NonImmediateOops: No
[2024-10-26T03:26:25.184+0530][0.575s][debug][gc,nmethod  ] Register NMethod: java.lang.ThreadLocal.remove (0x0000029cc2351b88) [0x0000029cc2351cc0, 0x0000029cc2351f10] Compiler: c1, Barriers: 0, Oops: 0, ImmediateOops: 0, NonImmediateOops: No
[2024-10-26T03:26:25.184+0530][0.575s][debug][gc,nmethod  ] Register NMethod: java.lang.ThreadLocal.remove (0x0000029cc2351f88) [0x0000029cc23520c0, 0x0000029cc23523b8] Compiler: c1, Barriers: 1, Oops: 0, ImmediateOops: 0, NonImmediateOops: No
[2024-10-26T03:26:25.184+0530][0.575s][debug][gc,nmethod  ] Register NMethod: org.springframework.boot.loader.net.protocol.jar.Optimizations.disable (0x0000029cc2352408) [0x0000029cc2352560, 0x0000029cc2352958] Compiler: c1, Barriers: 2, Oops: 2, ImmediateOops: 2, NonImmediateOops: No
[2024-10-26T03:26:25.185+0530][0.576s][debug][gc,nmethod  ] Register NMethod: java.lang.ThreadLocal$ThreadLocalMap.remove (0x0000029cc2352a08) [0x0000029cc2352ba0, 0x0000029cc23531e8] Compiler: c1, Barriers: 3, Oops: 0, ImmediateOops: 0, NonImmediateOops: No
[2024-10-26T03:26:25.187+0530][0.577s][debug][gc,director ] Rule Major: Warmup 10%, Used: 78MB, UsedThreshold: 204MB
[2024-10-26T03:26:25.187+0530][0.578s][debug][gc,nmethod  ] Register NMethod: java.lang.StringLatin1.regionMatchesCI (0x0000029cc9c33508) [0x0000029cc9c33600, 0x0000029cc9c338b0] Compiler: c2, Barriers: 0, Oops: 0, ImmediateOops: 0, NonImmediateOops: No
[2024-10-26T03:26:25.187+0530][0.578s][debug][gc,nmethod  ] Register NMethod: java.security.AccessController.executePrivileged (0x0000029cc2353288) [0x0000029cc23533e0, 0x0000029cc2353708] Compiler: c1, Barriers: 0, Oops: 0, ImmediateOops: 0, NonImmediateOops: No
[2024-10-26T03:26:25.187+0530][0.578s][debug][gc,nmethod  ] Register NMethod: java.net.URLConnection.checkConnected (0x0000029cc2353788) [0x0000029cc23538c0, 0x0000029cc2353ad0] Compiler: c1, Barriers: 0, Oops: 0, ImmediateOops: 1, NonImmediateOops: No
[2024-10-26T03:26:25.187+0530][0.578s][debug][gc,nmethod  ] Register NMethod: java.net.URLConnection.setUseCaches (0x0000029cc2353b08) [0x0000029cc2353c40, 0x0000029cc2353ec0] Compiler: c1, Barriers: 0, Oops: 0, ImmediateOops: 1, NonImmediateOops: No
[2024-10-26T03:26:25.188+0530][0.579s][debug][gc,nmethod  ] Register NMethod: java.lang.String.regionMatches (0x0000029cc9c33908) [0x0000029cc9c33a40, 0x0000029cc9c33f98] Compiler: c2, Barriers: 2, Oops: 0, ImmediateOops: 0, NonImmediateOops: No
[2024-10-26T03:26:25.192+0530][0.583s][debug][gc,nmethod  ] Register NMethod: org.springframework.boot.loader.zip.ZipContent.getFirstLookupIndex (0x0000029cc9c34008) [0x0000029cc9c34120, 0x0000029cc9c34318] Compiler: c2, Barriers: 1, Oops: 1, ImmediateOops: 0, NonImmediateOops: No
[2024-10-26T03:26:25.193+0530][0.584s][debug][gc,nmethod  ] Register NMethod: org.springframework.boot.loader.launch.LaunchedClassLoader.loadClass (0x0000029cc2353f08) [0x0000029cc23540a0, 0x0000029cc2354558] Compiler: c1, Barriers: 0, Oops: 2, ImmediateOops: 2, NonImmediateOops: No
[2024-10-26T03:26:25.193+0530][0.584s][debug][gc,nmethod  ] Register NMethod: org.springframework.boot.loader.net.protocol.jar.JarUrlClassLoader.definePackageIfNecessary (0x0000029cc2354608) [0x0000029cc23547e0, 0x0000029cc2354f58] Compiler: c1, Barriers: 1, Oops: 2, ImmediateOops: 1, NonImmediateOops: No
[2024-10-26T03:26:25.193+0530][0.584s][debug][gc,nmethod  ] Register NMethod: java.security.CodeSource.matchCerts (0x0000029cc2355008) [0x0000029cc2355240, 0x0000029cc2355ff0] Compiler: c1, Barriers: 17, Oops: 0, ImmediateOops: 0, NonImmediateOops: No
[2024-10-26T03:26:25.193+0530][0.584s][debug][gc,nmethod  ] Register NMethod: org.springframework.boot.loader.net.protocol.jar.JarUrlClassLoader.loadClass (0x0000029cc2356008) [0x0000029cc2356260, 0x0000029cc2357140] Compiler: c1, Barriers: 6, Oops: 3, ImmediateOops: 9, NonImmediateOops: No
[2024-10-26T03:26:25.194+0530][0.585s][debug][gc,nmethod  ] Register NMethod: java.lang.ClassLoader.loadClass (0x0000029cc2357208) [0x0000029cc2357460, 0x0000029cc23581d0] Compiler: c1, Barriers: 1, Oops: 2, ImmediateOops: 3, NonImmediateOops: No
[2024-10-26T03:26:25.194+0530][0.585s][debug][gc,nmethod  ] Register NMethod: java.util.zip.ZipFile$Source.getEntryPos (0x0000029cc2358288) [0x0000029cc2358460, 0x0000029cc2358e18] Compiler: c1, Barriers: 5, Oops: 1, ImmediateOops: 1, NonImmediateOops: No
[2024-10-26T03:26:25.196+0530][0.587s][debug][gc,nmethod  ] Register NMethod: java.util.zip.ZipFile.getEntry (0x0000029cc2358e88) [0x0000029cc2359000, 0x0000029cc2359580] Compiler: c1, Barriers: 2, Oops: 1, ImmediateOops: 1, NonImmediateOops: No
[2024-10-26T03:26:25.196+0530][0.587s][debug][gc,nmethod  ] Register NMethod: java.util.concurrent.ConcurrentHashMap.computeIfAbsent (0x0000029cc9c34388) [0x0000029cc9c347a0, 0x0000029cc9c39970] Compiler: c2, Barriers: 66, Oops: 1, ImmediateOops: 0, NonImmediateOops: No
[2024-10-26T03:26:25.197+0530][0.587s][debug][gc,director ] Rule Major: Warmup 10%, Used: 78MB, UsedThreshold: 204MB
[2024-10-26T03:26:25.198+0530][0.589s][debug][gc,nmethod  ] Register NMethod: sun.nio.fs.NativeBuffer.close (0x0000029cc2359608) [0x0000029cc2359740, 0x0000029cc23598e8] Compiler: c1, Barriers: 0, Oops: 0, ImmediateOops: 0, NonImmediateOops: No
[2024-10-26T03:26:25.198+0530][0.589s][debug][gc,nmethod  ] Register NMethod: java.lang.Math.addExact (0x0000029cc2359908) [0x0000029cc2359a40, 0x0000029cc2359c40] Compiler: c1, Barriers: 0, Oops: 0, ImmediateOops: 1, NonImmediateOops: No
[2024-10-26T03:26:25.198+0530][0.589s][debug][gc,nmethod  ] Register NMethod: jdk.internal.loader.URLClassPath$JarLoader.ensureOpen (0x0000029cc2359c88) [0x0000029cc2359de0, 0x0000029cc235a280] Compiler: c1, Barriers: 5, Oops: 0, ImmediateOops: 0, NonImmediateOops: No
[2024-10-26T03:26:25.198+0530][0.589s][debug][gc,nmethod  ] Register NMethod: java.util.jar.JarFile.getJarEntry (0x0000029cc235a308) [0x0000029cc235a440, 0x0000029cc235a6d8] Compiler: c1, Barriers: 0, Oops: 0, ImmediateOops: 0, NonImmediateOops: No
[2024-10-26T03:26:25.198+0530][0.589s][debug][gc,nmethod  ] Register NMethod: jdk.internal.loader.URLClassPath$JarLoader.getResource (0x0000029cc235a708) [0x0000029cc235a880, 0x0000029cc235ac90] Compiler: c1, Barriers: 1, Oops: 0, ImmediateOops: 0, NonImmediateOops: No
[2024-10-26T03:26:25.199+0530][0.590s][debug][gc,nmethod  ] Register NMethod: java.util.zip.ZipCoder.hash (0x0000029cc235ad08) [0x0000029cc235aea0, 0x0000029cc235b5d0] Compiler: c1, Barriers: 1, Oops: 1, ImmediateOops: 2, NonImmediateOops: No
[2024-10-26T03:26:25.199+0530][0.590s][debug][gc,nmethod  ] Register NMethod: java.util.jar.JarFile.getEntry (0x0000029cc235b688) [0x0000029cc235b800, 0x0000029cc235bc68] Compiler: c1, Barriers: 0, Oops: 0, ImmediateOops: 0, NonImmediateOops: No
[2024-10-26T03:26:25.199+0530][0.590s][debug][gc,nmethod  ] Register NMethod: org.springframework.boot.loader.zip.FileDataBlock.close (0x0000029cc235bc88) [0x0000029cc235bdc0, 0x0000029cc235bf50] Compiler: c1, Barriers: 1, Oops: 1, ImmediateOops: 0, NonImmediateOops: No
[2024-10-26T03:26:25.200+0530][0.591s][debug][gc,nmethod  ] Register NMethod: org.springframework.boot.loader.zip.FileDataBlock$FileAccess.close (0x0000029cc235bf88) [0x0000029cc235c180, 0x0000029cc235ce30] Compiler: c1, Barriers: 19, Oops: 3, ImmediateOops: 5, NonImmediateOops: No
[2024-10-26T03:26:25.201+0530][0.592s][debug][gc,nmethod  ] Register NMethod: org.springframework.boot.loader.zip.ZipLocalFileHeaderRecord.size (0x0000029cc235cf08) [0x0000029cc235d020, 0x0000029cc235d170] Compiler: c1, Barriers: 0, Oops: 1, ImmediateOops: 0, NonImmediateOops: No
[2024-10-26T03:26:25.201+0530][0.592s][debug][gc,nmethod  ] Register NMethod: org.springframework.boot.loader.zip.ZipLocalFileHeaderRecord.<init> (0x0000029cc235d208) [0x0000029cc235d320, 0x0000029cc235d530] Compiler: c1, Barriers: 0, Oops: 1, ImmediateOops: 0, NonImmediateOops: No
[2024-10-26T03:26:25.201+0530][0.592s][debug][gc,nmethod  ] Register NMethod: org.springframework.boot.loader.zip.ZipLocalFileHeaderRecord.load (0x0000029cc235d588) [0x0000029cc235d800, 0x0000029cc235e760] Compiler: c1, Barriers: 0, Oops: 3, ImmediateOops: 2, NonImmediateOops: No
[2024-10-26T03:26:25.201+0530][0.592s][debug][gc,nmethod  ] Register NMethod: org.springframework.boot.loader.zip.ZipContent$Entry.getContent (0x0000029cc235e808) [0x0000029cc235e9e0, 0x0000029cc235f270] Compiler: c1, Barriers: 10, Oops: 1, ImmediateOops: 2, NonImmediateOops: No
[2024-10-26T03:26:25.201+0530][0.592s][debug][gc,nmethod  ] Register NMethod: java.net.URLStreamHandler.sameFile (0x0000029cc9c39b08) [0x0000029cc9c39ca0, 0x0000029cc9c3a7d8] Compiler: c2, Barriers: 10, Oops: 1, ImmediateOops: 0, NonImmediateOops: No
[2024-10-26T03:26:25.202+0530][0.592s][debug][gc,nmethod  ] Register NMethod: java.lang.String.equalsIgnoreCase (0x0000029cc9c3a888) [0x0000029cc9c3a9a0, 0x0000029cc9c3adb8] Compiler: c2, Barriers: 2, Oops: 0, ImmediateOops: 0, NonImmediateOops: No
[2024-10-26T03:26:25.202+0530][0.593s][debug][gc,nmethod  ] Register NMethod: java.lang.String.lastIndexOf (0x0000029cc9c3ae08) [0x0000029cc9c3af20, 0x0000029cc9c3b180] Compiler: c2, Barriers: 1, Oops: 0, ImmediateOops: 0, NonImmediateOops: No
[2024-10-26T03:26:25.202+0530][0.593s][debug][gc,nmethod  ] Register NMethod: java.lang.Thread.getAndClearInterrupt (0x0000029cc235f308) [0x0000029cc235f420, 0x0000029cc235f5a0] Compiler: c1, Barriers: 0, Oops: 0, ImmediateOops: 0, NonImmediateOops: No
[2024-10-26T03:26:25.202+0530][0.593s][debug][gc,nmethod  ] Register NMethod: java.lang.Thread.interrupted (0x0000029cc235f608) [0x0000029cc235f740, 0x0000029cc235f9d0] Compiler: c1, Barriers: 1, Oops: 0, ImmediateOops: 0, NonImmediateOops: No
[2024-10-26T03:26:25.203+0530][0.594s][debug][gc,nmethod  ] Register NMethod: java.lang.ref.Reference.refersTo (0x0000029cc9c3b208) [0x0000029cc9c3b320, 0x0000029cc9c3b490] Compiler: c2, Barriers: 4, Oops: 0, ImmediateOops: 0, NonImmediateOops: No
[2024-10-26T03:26:25.203+0530][0.594s][debug][gc,nmethod  ] Register NMethod: java.lang.ref.Reference.refersToImpl (0x0000029cc9c3b508) [0x0000029cc9c3b600, 0x0000029cc9c3b6d8] Compiler: c2, Barriers: 2, Oops: 0, ImmediateOops: 0, NonImmediateOops: No
[2024-10-26T03:26:25.203+0530][0.594s][debug][gc,nmethod  ] Register NMethod: java.lang.Module.allows (0x0000029cc235fa08) [0x0000029cc235fb80, 0x0000029cc23601a0] Compiler: c1, Barriers: 1, Oops: 0, ImmediateOops: 3, NonImmediateOops: No
[2024-10-26T03:26:25.204+0530][0.594s][debug][gc,nmethod  ] Register NMethod: java.lang.invoke.MethodHandle.linkToStatic (0x0000029cc9c3b808) [0x0000029cc9c3b900, 0x0000029cc9c3ba10] Compiler: , Barriers: 0, Oops: 0, ImmediateOops: 0, NonImmediateOops: No
[2024-10-26T03:26:25.204+0530][0.594s][debug][gc,nmethod  ] Register NMethod: java.lang.invoke.AbstractValidatingLambdaMetafactory.isAdaptableTo (0x0000029cc2360208) [0x0000029cc2360420, 0x0000029cc2360db8] Compiler: c1, Barriers: 2, Oops: 0, ImmediateOops: 0, NonImmediateOops: No
[2024-10-26T03:26:25.204+0530][0.595s][debug][gc,nmethod  ] Register NMethod: jdk.internal.org.objectweb.asm.ClassWriter.<init> (0x0000029cc2360e08) [0x0000029cc2360f20, 0x0000029cc2361068] Compiler: c1, Barriers: 0, Oops: 0, ImmediateOops: 0, NonImmediateOops: No
[2024-10-26T03:26:25.204+0530][0.595s][debug][gc,nmethod  ] Register NMethod: jdk.internal.org.objectweb.asm.ClassVisitor.<init> (0x0000029cc2361108) [0x0000029cc2361220, 0x0000029cc2361368] Compiler: c1, Barriers: 0, Oops: 0, ImmediateOops: 0, NonImmediateOops: No
[2024-10-26T03:26:25.204+0530][0.595s][debug][gc,nmethod  ] Register NMethod: jdk.internal.org.objectweb.asm.ClassWriter.<init> (0x0000029cc2361408) [0x0000029cc2361580, 0x0000029cc2361a20] Compiler: c1, Barriers: 3, Oops: 0, ImmediateOops: 0, NonImmediateOops: No
[2024-10-26T03:26:25.204+0530][0.595s][debug][gc,nmethod  ] Register NMethod: jdk.internal.org.objectweb.asm.ClassVisitor.<init> (0x0000029cc2361a88) [0x0000029cc2361c40, 0x0000029cc2362440] Compiler: c1, Barriers: 3, Oops: 1, ImmediateOops: 2, NonImmediateOops: No
[2024-10-26T03:26:25.204+0530][0.595s][debug][gc,nmethod  ] Register NMethod: sun.invoke.util.BytecodeDescriptor.unparseMethod (0x0000029cc2362508) [0x0000029cc23626c0, 0x0000029cc2362d38] Compiler: c1, Barriers: 1, Oops: 0, ImmediateOops: 1, NonImmediateOops: No
[2024-10-26T03:26:25.204+0530][0.595s][debug][gc,nmethod  ] Register NMethod: java.lang.invoke.MethodHandle.linkToStatic (0x0000029cc9c3bb08) [0x0000029cc9c3bc00, 0x0000029cc9c3bd10] Compiler: , Barriers: 0, Oops: 0, ImmediateOops: 0, NonImmediateOops: No
[2024-10-26T03:26:25.205+0530][0.596s][debug][gc,nmethod  ] Register NMethod: java.lang.invoke.MethodHandles$Lookup.checkMethodName (0x0000029cc2362d88) [0x0000029cc2362f40, 0x0000029cc2363668] Compiler: c1, Barriers: 0, Oops: 2, ImmediateOops: 3, NonImmediateOops: No
[2024-10-26T03:26:25.205+0530][0.596s][debug][gc,nmethod  ] Register NMethod: java.lang.invoke.MethodHandles$Lookup.resolveOrFail (0x0000029cc2363708) [0x0000029cc23638c0, 0x0000029cc2363f90] Compiler: c1, Barriers: 1, Oops: 1, ImmediateOops: 3, NonImmediateOops: No
[2024-10-26T03:26:25.205+0530][0.596s][debug][gc,nmethod  ] Register NMethod: java.net.URL.equals (0x0000029cc9c3be08) [0x0000029cc9c3c020, 0x0000029cc9c3d868] Compiler: c2, Barriers: 17, Oops: 1, ImmediateOops: 0, NonImmediateOops: No
[2024-10-26T03:26:25.205+0530][0.596s][debug][gc,nmethod  ] Register NMethod: java.util.concurrent.locks.ReentrantLock$Sync.<init> (0x0000029cc2364008) [0x0000029cc2364140, 0x0000029cc2364368] Compiler: c1, Barriers: 0, Oops: 0, ImmediateOops: 0, NonImmediateOops: No
[2024-10-26T03:26:25.205+0530][0.596s][debug][gc,nmethod  ] Register NMethod: java.util.concurrent.locks.ReentrantLock$NonfairSync.<init> (0x0000029cc2364408) [0x0000029cc2364540, 0x0000029cc23647c0] Compiler: c1, Barriers: 0, Oops: 0, ImmediateOops: 0, NonImmediateOops: No
[2024-10-26T03:26:25.205+0530][0.596s][debug][gc,nmethod  ] Register NMethod: java.util.concurrent.locks.AbstractQueuedSynchronizer.<init> (0x0000029cc2364808) [0x0000029cc2364920, 0x0000029cc2364ae8] Compiler: c1, Barriers: 0, Oops: 0, ImmediateOops: 0, NonImmediateOops: No
[2024-10-26T03:26:25.205+0530][0.596s][debug][gc,nmethod  ] Register NMethod: java.util.concurrent.locks.ReentrantLock.<init> (0x0000029cc2364b88) [0x0000029cc2364ce0, 0x0000029cc23650f8] Compiler: c1, Barriers: 3, Oops: 0, ImmediateOops: 0, NonImmediateOops: No
[2024-10-26T03:26:25.206+0530][0.597s][debug][gc,nmethod  ] Register NMethod: jdk.internal.loader.Resource.getByteBuffer (0x0000029cc2365188) [0x0000029cc2365300, 0x0000029cc2365ac8] Compiler: c1, Barriers: 5, Oops: 0, ImmediateOops: 0, NonImmediateOops: No
[2024-10-26T03:26:25.206+0530][0.597s][debug][gc,nmethod  ] Register NMethod: java.security.SecureClassLoader.defineClass (0x0000029cc2365b08) [0x0000029cc2365c40, 0x0000029cc2365de8] Compiler: c1, Barriers: 0, Oops: 0, ImmediateOops: 0, NonImmediateOops: No
[2024-10-26T03:26:25.206+0530][0.597s][debug][gc,nmethod  ] Register NMethod: java.security.SecureClassLoader.getProtectionDomain (0x0000029cc2365e08) [0x0000029cc2365f80, 0x0000029cc2366650] Compiler: c1, Barriers: 7, Oops: 0, ImmediateOops: 0, NonImmediateOops: No
[2024-10-26T03:26:25.206+0530][0.597s][debug][gc,nmethod  ] Register NMethod: java.security.SecureClassLoader$CodeSourceKey.<init> (0x0000029cc2366688) [0x0000029cc23667c0, 0x0000029cc2366a00] Compiler: c1, Barriers: 3, Oops: 0, ImmediateOops: 0, NonImmediateOops: No
[2024-10-26T03:26:25.206+0530][0.597s][debug][gc,nmethod  ] Register NMethod: java.security.CodeSource.<init> (0x0000029cc2366a88) [0x0000029cc2366c00, 0x0000029cc2367230] Compiler: c1, Barriers: 18, Oops: 0, ImmediateOops: 0, NonImmediateOops: No
[2024-10-26T03:26:25.206+0530][0.597s][debug][gc,nmethod  ] Register NMethod: java.security.SecureClassLoader$1.<init> (0x0000029cc2367288) [0x0000029cc23673a0, 0x0000029cc2367580] Compiler: c1, Barriers: 3, Oops: 0, ImmediateOops: 0, NonImmediateOops: No
[2024-10-26T03:26:25.207+0530][0.597s][debug][gc,nmethod  ] Register NMethod: java.security.SecureClassLoader$CodeSourceKey.hashCode (0x0000029cc2367608) [0x0000029cc2367740, 0x0000029cc23679e0] Compiler: c1, Barriers: 2, Oops: 0, ImmediateOops: 0, NonImmediateOops: No
[2024-10-26T03:26:25.207+0530][0.598s][debug][gc,nmethod  ] Register NMethod: jdk.internal.loader.Resource.getBytes (0x0000029cc2367a08) [0x0000029cc2367ce0, 0x0000029cc23695a0] Compiler: c1, Barriers: 10, Oops: 0, ImmediateOops: 1, NonImmediateOops: No
[2024-10-26T03:26:25.207+0530][0.598s][debug][gc,nmethod  ] Register NMethod: java.lang.ClassLoader.defineClassSourceLocation (0x0000029cc2369608) [0x0000029cc2369760, 0x0000029cc2369b58] Compiler: c1, Barriers: 3, Oops: 0, ImmediateOops: 0, NonImmediateOops: No
[2024-10-26T03:26:25.207+0530][0.598s][debug][gc,nmethod  ] Register NMethod: java.lang.ClassLoader.postDefineClass (0x0000029cc2369c08) [0x0000029cc2369d80, 0x0000029cc236a100] Compiler: c1, Barriers: 2, Oops: 0, ImmediateOops: 0, NonImmediateOops: No
[2024-10-26T03:26:25.207+0530][0.598s][debug][gc,nmethod  ] Register NMethod: java.lang.ClassLoader.checkCerts (0x0000029cc236a188) [0x0000029cc236a420, 0x0000029cc236b268] Compiler: c1, Barriers: 2, Oops: 2, ImmediateOops: 5, NonImmediateOops: No
[2024-10-26T03:26:25.207+0530][0.598s][debug][gc,nmethod  ] Register NMethod: java.lang.ClassLoader.addClass (0x0000029cc236b308) [0x0000029cc236b480, 0x0000029cc236bb70] Compiler: c1, Barriers: 6, Oops: 0, ImmediateOops: 0, NonImmediateOops: No
[2024-10-26T03:26:25.207+0530][0.598s][debug][gc,nmethod  ] Register NMethod: java.lang.ClassLoader.preDefineClass (0x0000029cc236bc08) [0x0000029cc236bf00, 0x0000029cc236d1d8] Compiler: c1, Barriers: 3, Oops: 3, ImmediateOops: 6, NonImmediateOops: No
[2024-10-26T03:26:25.207+0530][0.598s][debug][gc,nmethod  ] Register NMethod: java.lang.ClassLoader.getNamedPackage (0x0000029cc236d288) [0x0000029cc236d400, 0x0000029cc236d988] Compiler: c1, Barriers: 2, Oops: 0, ImmediateOops: 0, NonImmediateOops: No
[2024-10-26T03:26:25.208+0530][0.598s][debug][gc,director ] Rule Major: Warmup 10%, Used: 80MB, UsedThreshold: 204MB
[2024-10-26T03:26:25.208+0530][0.599s][debug][gc,nmethod  ] Register NMethod: java.lang.invoke.MethodHandle.linkToSpecial (0x0000029cc9c3d988) [0x0000029cc9c3da80, 0x0000029cc9c3db98] Compiler: , Barriers: 0, Oops: 0, ImmediateOops: 0, NonImmediateOops: No
[2024-10-26T03:26:25.208+0530][0.599s][debug][gc,nmethod  ] Register NMethod: java.lang.invoke.MethodHandle.linkToSpecial (0x0000029cc9c3dc88) [0x0000029cc9c3dd80, 0x0000029cc9c3de98] Compiler: , Barriers: 0, Oops: 0, ImmediateOops: 0, NonImmediateOops: No
[2024-10-26T03:26:25.208+0530][0.599s][debug][gc,nmethod  ] Register NMethod: java.lang.invoke.MethodHandle.invokeBasic (0x0000029cc9c3df88) [0x0000029cc9c3e0a0, 0x0000029cc9c3e390] Compiler: , Barriers: 0, Oops: 0, ImmediateOops: 0, NonImmediateOops: No
[2024-10-26T03:26:25.208+0530][0.599s][debug][gc,nmethod  ] Register NMethod: java.lang.invoke.MethodHandle.linkToSpecial (0x0000029cc9c3e408) [0x0000029cc9c3e500, 0x0000029cc9c3e618] Compiler: , Barriers: 0, Oops: 0, ImmediateOops: 0, NonImmediateOops: No
[2024-10-26T03:26:25.209+0530][0.600s][debug][gc,nmethod  ] Register NMethod: jdk.internal.org.objectweb.asm.Type.getReturnTypeOffset (0x0000029cc236da08) [0x0000029cc236dc80, 0x0000029cc236ef20] Compiler: c1, Barriers: 6, Oops: 1, ImmediateOops: 6, NonImmediateOops: No
[2024-10-26T03:26:25.209+0530][0.600s][debug][gc,nmethod  ] Register NMethod: java.security.AccessController.doPrivileged (0x0000029cc236ef88) [0x0000029cc236f120, 0x0000029cc236f638] Compiler: c1, Barriers: 0, Oops: 0, ImmediateOops: 0, NonImmediateOops: No
[2024-10-26T03:26:25.209+0530][0.600s][debug][gc,nmethod  ] Register NMethod: java.lang.invoke.InnerClassLambdaMetafactory.getOpcodeOffset (0x0000029cc236f688) [0x0000029cc236f7c0, 0x0000029cc236fa68] Compiler: c1, Barriers: 0, Oops: 0, ImmediateOops: 3, NonImmediateOops: No
[2024-10-26T03:26:25.210+0530][0.601s][debug][gc,nmethod  ] Register NMethod: java.lang.invoke.TypeConvertingMethodAdapter.cast (0x0000029cc236fa88) [0x0000029cc236fc00, 0x0000029cc2370080] Compiler: c1, Barriers: 1, Oops: 0, ImmediateOops: 1, NonImmediateOops: No
[2024-10-26T03:26:25.210+0530][0.601s][debug][gc,nmethod  ] Register NMethod: jdk.internal.jimage.ImageLocation.verify (0x0000029cc2370108) [0x0000029cc2370340, 0x0000029cc23710a0] Compiler: c1, Barriers: 1, Oops: 1, ImmediateOops: 2, NonImmediateOops: No
[2024-10-26T03:26:25.210+0530][0.601s][debug][gc,nmethod  ] Register NMethod: org.springframework.boot.loader.zip.ZipString.readString (0x0000029cc2371108) [0x0000029cc23712e0, 0x0000029cc2371a80] Compiler: c1, Barriers: 1, Oops: 1, ImmediateOops: 3, NonImmediateOops: No
[2024-10-26T03:26:25.212+0530][0.603s][debug][gc,nmethod  ] Register NMethod: java.lang.Package.isSealed (0x0000029cc2371b08) [0x0000029cc2371c40, 0x0000029cc2371fd8] Compiler: c1, Barriers: 4, Oops: 0, ImmediateOops: 0, NonImmediateOops: No
[2024-10-26T03:26:25.214+0530][0.605s][debug][gc,nmethod  ] Register NMethod: java.util.Properties.loadConvert (0x0000029cc2372008) [0x0000029cc2372280, 0x0000029cc2373530] Compiler: c1, Barriers: 0, Oops: 0, ImmediateOops: 3, NonImmediateOops: No
[2024-10-26T03:26:25.214+0530][0.605s][debug][gc,nmethod  ] Register NMethod: java.util.stream.AbstractPipeline.getStreamAndOpFlags (0x0000029cc9c3e708) [0x0000029cc9c3e820, 0x0000029cc9c3e8e8] Compiler: c1, Barriers: 0, Oops: 0, ImmediateOops: 0, NonImmediateOops: No
[2024-10-26T03:26:25.214+0530][0.605s][debug][gc,nmethod  ] Register NMethod: java.util.Properties$LineReader.readLine (0x0000029cc2373588) [0x0000029cc2373940, 0x0000029cc2376648] Compiler: c1, Barriers: 14, Oops: 0, ImmediateOops: 0, NonImmediateOops: No
[2024-10-26T03:26:25.214+0530][0.605s][debug][gc,nmethod  ] Register NMethod: java.util.stream.AbstractPipeline.isParallel (0x0000029cc2376688) [0x0000029cc23767a0, 0x0000029cc23768e8] Compiler: c1, Barriers: 1, Oops: 0, ImmediateOops: 0, NonImmediateOops: No
[2024-10-26T03:26:25.215+0530][0.605s][debug][gc,nmethod  ] Register NMethod: org.springframework.boot.loader.net.protocol.nested.NestedUrlConnection.<init> (0x0000029cc2376988) [0x0000029cc2376aa0, 0x0000029cc2376be8] Compiler: c1, Barriers: 0, Oops: 1, ImmediateOops: 1, NonImmediateOops: No
[2024-10-26T03:26:25.215+0530][0.605s][debug][gc,nmethod  ] Register NMethod: org.springframework.boot.loader.net.protocol.nested.Handler.openConnection (0x0000029cc2376c88) [0x0000029cc2376dc0, 0x0000029cc2376fd8] Compiler: c1, Barriers: 0, Oops: 1, ImmediateOops: 1, NonImmediateOops: No
[2024-10-26T03:26:25.215+0530][0.606s][debug][gc,nmethod  ] Register NMethod: org.springframework.boot.loader.net.protocol.nested.NestedUrlConnectionResources.<init> (0x0000029cc2377008) [0x0000029cc2377120, 0x0000029cc2377320] Compiler: c1, Barriers: 3, Oops: 1, ImmediateOops: 0, NonImmediateOops: No
[2024-10-26T03:26:25.215+0530][0.606s][debug][gc,nmethod  ] Register NMethod: org.springframework.boot.loader.net.protocol.nested.NestedUrlConnection.parseNestedLocation (0x0000029cc2377388) [0x0000029cc23774c0, 0x0000029cc23777c8] Compiler: c1, Barriers: 1, Oops: 1, ImmediateOops: 0, NonImmediateOops: No
[2024-10-26T03:26:25.215+0530][0.606s][debug][gc,nmethod  ] Register NMethod: org.springframework.boot.loader.net.protocol.nested.NestedUrlConnection.<init> (0x0000029cc2377808) [0x0000029cc23779a0, 0x0000029cc23780c0] Compiler: c1, Barriers: 10, Oops: 1, ImmediateOops: 0, NonImmediateOops: No
[2024-10-26T03:26:25.215+0530][0.606s][debug][gc,nmethod  ] Register NMethod: java.util.stream.PipelineHelper.<init> (0x0000029cc2378188) [0x0000029cc23782a0, 0x0000029cc2378408] Compiler: c1, Barriers: 0, Oops: 0, ImmediateOops: 0, NonImmediateOops: No
[2024-10-26T03:26:25.215+0530][0.606s][debug][gc,nmethod  ] Register NMethod: java.net.JarURLConnection.parseSpecs (0x0000029cc2378488) [0x0000029cc2378740, 0x0000029cc23797e8] Compiler: c1, Barriers: 19, Oops: 2, ImmediateOops: 5, NonImmediateOops: No
[2024-10-26T03:26:25.215+0530][0.606s][debug][gc,nmethod  ] Register NMethod: jdk.internal.loader.URLClassPath.check (0x0000029cc2379888) [0x0000029cc23799a0, 0x0000029cc2379b70] Compiler: c1, Barriers: 0, Oops: 0, ImmediateOops: 0, NonImmediateOops: No
[2024-10-26T03:26:25.215+0530][0.606s][debug][gc,nmethod  ] Register NMethod: org.springframework.util.StringUtils.hasLength (0x0000029cc2379c08) [0x0000029cc2379d40, 0x0000029cc2379f90] Compiler: c1, Barriers: 1, Oops: 1, ImmediateOops: 0, NonImmediateOops: No
[2024-10-26T03:26:25.216+0530][0.607s][debug][gc,nmethod  ] Register NMethod: jdk.internal.loader.URLClassPath$Loader.findResource (0x0000029cc237a008) [0x0000029cc237a220, 0x0000029cc237ada8] Compiler: c1, Barriers: 2, Oops: 0, ImmediateOops: 1, NonImmediateOops: No
[2024-10-26T03:26:25.216+0530][0.607s][debug][gc,nmethod  ] Register NMethod: java.util.Properties$LineReader.readLine (0x0000029cc237ae08) [0x0000029cc237b1a0, 0x0000029cc237dc58] Compiler: c1, Barriers: 14, Oops: 0, ImmediateOops: 0, NonImmediateOops: No
[2024-10-26T03:26:25.216+0530][0.607s][debug][gc,nmethod  ] Register NMethod: java.util.stream.StreamOpFlag.isKnown (0x0000029cc237dd08) [0x0000029cc237de20, 0x0000029cc237df80] Compiler: c1, Barriers: 0, Oops: 0, ImmediateOops: 0, NonImmediateOops: No
[2024-10-26T03:26:25.217+0530][0.608s][debug][gc,nmethod  ] Register NMethod: java.security.SecureClassLoader$CodeSourceKey.equals (0x0000029cc237e008) [0x0000029cc237e1a0, 0x0000029cc237e8c0] Compiler: c1, Barriers: 6, Oops: 0, ImmediateOops: 0, NonImmediateOops: No
[2024-10-26T03:26:25.218+0530][0.609s][debug][gc,nmethod  ] Register NMethod: org.springframework.boot.loader.jar.ManifestInfo.isMultiRelease (0x0000029cc9c3ea08) [0x0000029cc9c3eb40, 0x0000029cc9c3edc0] Compiler: c2, Barriers: 7, Oops: 2, ImmediateOops: 3, NonImmediateOops: No
[2024-10-26T03:26:25.219+0530][0.609s][debug][gc,director ] Rule Major: Warmup 10%, Used: 80MB, UsedThreshold: 204MB
[2024-10-26T03:26:25.219+0530][0.610s][debug][gc,nmethod  ] Register NMethod: org.springframework.boot.loader.jar.NestedJarFile$JarEntryInputStream.ensureOpen (0x0000029cc237e908) [0x0000029cc237ea40, 0x0000029cc237ecc8] Compiler: c1, Barriers: 1, Oops: 1, ImmediateOops: 1, NonImmediateOops: No
[2024-10-26T03:26:25.219+0530][0.610s][debug][gc,nmethod  ] Register NMethod: org.springframework.boot.loader.jar.ZipInflaterInputStream.fill (0x0000029cc237ed08) [0x0000029cc237ee60, 0x0000029cc237f148] Compiler: c1, Barriers: 2, Oops: 1, ImmediateOops: 0, NonImmediateOops: No
[2024-10-26T03:26:25.219+0530][0.610s][debug][gc,nmethod  ] Register NMethod: java.util.zip.InflaterInputStream.fill (0x0000029cc237f188) [0x0000029cc237f320, 0x0000029cc237f8c8] Compiler: c1, Barriers: 4, Oops: 0, ImmediateOops: 2, NonImmediateOops: No
[2024-10-26T03:26:25.219+0530][0.610s][debug][gc,nmethod  ] Register NMethod: org.springframework.boot.loader.jar.NestedJarFile.getManifestInfo (0x0000029cc9c3ee88) [0x0000029cc9c3efe0, 0x0000029cc9c3f510] Compiler: c2, Barriers: 8, Oops: 5, ImmediateOops: 1, NonImmediateOops: No
[2024-10-26T03:26:25.219+0530][0.610s][debug][gc,nmethod  ] Register NMethod: org.springframework.boot.loader.jar.NestedJarFile$JarEntryInputStream.read (0x0000029cc237f908) [0x0000029cc237fb00, 0x0000029cc2380758] Compiler: c1, Barriers: 9, Oops: 1, ImmediateOops: 1, NonImmediateOops: No
[2024-10-26T03:26:25.220+0530][0.611s][debug][gc,nmethod  ] Register NMethod: org.springframework.boot.loader.jar.NestedJarFile$JarEntryInflaterInputStream.close (0x0000029cc2380808) [0x0000029cc23809e0, 0x0000029cc2381470] Compiler: c1, Barriers: 7, Oops: 1, ImmediateOops: 0, NonImmediateOops: No
[2024-10-26T03:26:25.220+0530][0.611s][debug][gc,nmethod  ] Register NMethod: java.lang.StringLatin1.indexOf (0x0000029cc9c3f608) [0x0000029cc9c3f720, 0x0000029cc9c3f940] Compiler: c2, Barriers: 0, Oops: 0, ImmediateOops: 0, NonImmediateOops: No
[2024-10-26T03:26:25.221+0530][0.611s][debug][gc,nmethod  ] Register NMethod: java.lang.String.indexOf (0x0000029cc9c3f988) [0x0000029cc9c3faa0, 0x0000029cc9c3fd88] Compiler: c2, Barriers: 2, Oops: 0, ImmediateOops: 0, NonImmediateOops: No
[2024-10-26T03:26:25.221+0530][0.612s][debug][gc,nmethod  ] Register NMethod: org.springframework.boot.loader.zip.ZipContent$Entry.getCompressionMethod (0x0000029cc2381508) [0x0000029cc2381620, 0x0000029cc2381780] Compiler: c1, Barriers: 1, Oops: 1, ImmediateOops: 0, NonImmediateOops: No
[2024-10-26T03:26:25.221+0530][0.612s][debug][gc,nmethod  ] Register NMethod: org.springframework.boot.loader.jar.NestedJarFile$JarEntryInflaterInputStream.<init> (0x0000029cc2381808) [0x0000029cc2381940, 0x0000029cc2381b08] Compiler: c1, Barriers: 0, Oops: 1, ImmediateOops: 0, NonImmediateOops: No
[2024-10-26T03:26:25.221+0530][0.612s][debug][gc,nmethod  ] Register NMethod: org.springframework.boot.loader.zip.ZipContent$Entry.openContent (0x0000029cc2381b88) [0x0000029cc2381cc0, 0x0000029cc2381ef0] Compiler: c1, Barriers: 1, Oops: 1, ImmediateOops: 0, NonImmediateOops: No
[2024-10-26T03:26:25.221+0530][0.612s][debug][gc,nmethod  ] Register NMethod: org.springframework.boot.loader.jar.NestedJarFile$JarEntryInputStream.<init> (0x0000029cc2381f88) [0x0000029cc2382100, 0x0000029cc2382620] Compiler: c1, Barriers: 8, Oops: 1, ImmediateOops: 0, NonImmediateOops: No
[2024-10-26T03:26:25.221+0530][0.612s][debug][gc,nmethod  ] Register NMethod: org.springframework.boot.loader.jar.ZipInflaterInputStream.<init> (0x0000029cc2382688) [0x0000029cc23827c0, 0x0000029cc2382968] Compiler: c1, Barriers: 0, Oops: 1, ImmediateOops: 0, NonImmediateOops: No
[2024-10-26T03:26:25.221+0530][0.612s][debug][gc,nmethod  ] Register NMethod: org.springframework.boot.loader.jar.NestedJarFileResources.getOrCreateInflater (0x0000029cc2382988) [0x0000029cc2382ae0, 0x0000029cc2383138] Compiler: c1, Barriers: 2, Oops: 1, ImmediateOops: 0, NonImmediateOops: No
[2024-10-26T03:26:25.221+0530][0.612s][debug][gc,nmethod  ] Register NMethod: org.springframework.boot.loader.jar.NestedJarFile.getInputStream (0x0000029cc2383188) [0x0000029cc23833e0, 0x0000029cc23843f0] Compiler: c1, Barriers: 13, Oops: 1, ImmediateOops: 1, NonImmediateOops: No
[2024-10-26T03:26:25.221+0530][0.612s][debug][gc,nmethod  ] Register NMethod: org.springframework.boot.loader.jar.NestedJarFileResources$$Lambda/0x000002a0d4090d28.run (0x0000029cc2384488) [0x0000029cc23845c0, 0x0000029cc23847d0] Compiler: c1, Barriers: 2, Oops: 1, ImmediateOops: 0, NonImmediateOops: No
[2024-10-26T03:26:25.222+0530][0.613s][debug][gc,nmethod  ] Register NMethod: org.springframework.boot.loader.jar.NestedJarFile$JarEntryInflaterInputStream.<init> (0x0000029cc2384808) [0x0000029cc23849c0, 0x0000029cc2385278] Compiler: c1, Barriers: 13, Oops: 2, ImmediateOops: 2, NonImmediateOops: No
[2024-10-26T03:26:25.223+0530][0.614s][debug][gc,nmethod  ] Register NMethod: java.lang.AbstractStringBuilder.append (0x0000029cc9c3fe08) [0x0000029cc9c3ff60, 0x0000029cc9c405c0] Compiler: c2, Barriers: 5, Oops: 0, ImmediateOops: 0, NonImmediateOops: No
[2024-10-26T03:26:25.224+0530][0.615s][debug][gc,nmethod  ] Register NMethod: java.lang.ThreadLocal$ThreadLocalMap.cleanSomeSlots (0x0000029cc2385388) [0x0000029cc2385500, 0x0000029cc2385a50] Compiler: c1, Barriers: 2, Oops: 0, ImmediateOops: 0, NonImmediateOops: No
[2024-10-26T03:26:25.226+0530][0.617s][debug][gc,nmethod  ] Register NMethod: jdk.internal.ref.PhantomCleanable.remove (0x0000029cc2385a88) [0x0000029cc2385be0, 0x0000029cc23861f0] Compiler: c1, Barriers: 16, Oops: 0, ImmediateOops: 0, NonImmediateOops: No
[2024-10-26T03:26:25.226+0530][0.617s][debug][gc,nmethod  ] Register NMethod: jdk.internal.event.ExceptionThrownEvent.enabled (0x0000029cc2386208) [0x0000029cc2386340, 0x0000029cc2386590] Compiler: c1, Barriers: 2, Oops: 0, ImmediateOops: 1, NonImmediateOops: No
[2024-10-26T03:26:25.228+0530][0.618s][debug][gc,nmethod  ] Register NMethod: java.io.WinNTFileSystem.isLetter (0x0000029cc2386608) [0x0000029cc2386720, 0x0000029cc2386900] Compiler: c1, Barriers: 0, Oops: 0, ImmediateOops: 0, NonImmediateOops: No
[2024-10-26T03:26:25.228+0530][0.618s][debug][gc,nmethod  ] Register NMethod: java.security.Permission.getName (0x0000029cc9c40608) [0x0000029cc9c40720, 0x0000029cc9c40818] Compiler: c1, Barriers: 1, Oops: 0, ImmediateOops: 0, NonImmediateOops: No
[2024-10-26T03:26:25.228+0530][0.619s][debug][gc,nmethod  ] Register NMethod: java.util.ArrayDeque.size (0x0000029cc9c40908) [0x0000029cc9c40a00, 0x0000029cc9c40ae8] Compiler: c2, Barriers: 1, Oops: 0, ImmediateOops: 0, NonImmediateOops: No
[2024-10-26T03:26:25.228+0530][0.619s][debug][gc,nmethod  ] Register NMethod: java.lang.ThreadLocal$ThreadLocalMap.expungeStaleEntry (0x0000029cc2386988) [0x0000029cc2386b60, 0x0000029cc2387a40] Compiler: c1, Barriers: 24, Oops: 0, ImmediateOops: 0, NonImmediateOops: No
[2024-10-26T03:26:25.230+0530][0.620s][debug][gc,director ] Rule Major: Warmup 10%, Used: 82MB, UsedThreshold: 204MB
[2024-10-26T03:26:25.230+0530][0.621s][debug][gc,nmethod  ] Register NMethod: java.lang.invoke.MethodHandle.linkToInterface (0x0000029cc9c40c08) [0x0000029cc9c40d00, 0x0000029cc9c40e60] Compiler: , Barriers: 0, Oops: 0, ImmediateOops: 0, NonImmediateOops: No
[2024-10-26T03:26:25.230+0530][0.621s][debug][gc,nmethod  ] Register NMethod: java.lang.invoke.LambdaForm$NamedFunction.member (0x0000029cc2387a88) [0x0000029cc2387ba0, 0x0000029cc2387ce8] Compiler: c1, Barriers: 1, Oops: 0, ImmediateOops: 0, NonImmediateOops: No
[2024-10-26T03:26:25.230+0530][0.621s][debug][gc,nmethod  ] Register NMethod: java.lang.invoke.MethodHandles$Lookup$ClassFile.<init> (0x0000029cc2387d88) [0x0000029cc2387ec0, 0x0000029cc2388118] Compiler: c1, Barriers: 6, Oops: 0, ImmediateOops: 0, NonImmediateOops: No
[2024-10-26T03:26:25.230+0530][0.621s][debug][gc,nmethod  ] Register NMethod: java.lang.invoke.MemberName.<init> (0x0000029cc2388188) [0x0000029cc2388420, 0x0000029cc2389578] Compiler: c1, Barriers: 0, Oops: 4, ImmediateOops: 6, NonImmediateOops: No
[2024-10-26T03:26:25.230+0530][0.621s][debug][gc,nmethod  ] Register NMethod: java.lang.invoke.InvokerBytecodeGenerator.refKindOpcode (0x0000029cc2389608) [0x0000029cc23897e0, 0x0000029cc238a040] Compiler: c1, Barriers: 0, Oops: 1, ImmediateOops: 2, NonImmediateOops: No
[2024-10-26T03:26:25.231+0530][0.622s][debug][gc,nmethod  ] Register NMethod: java.lang.invoke.MethodHandles$Lookup$ClassDefiner.<init> (0x0000029cc238a088) [0x0000029cc238a1c0, 0x0000029cc238a580] Compiler: c1, Barriers: 14, Oops: 0, ImmediateOops: 0, NonImmediateOops: No
[2024-10-26T03:26:25.231+0530][0.622s][debug][gc,nmethod  ] Register NMethod: java.lang.invoke.MethodHandles$Lookup$ClassOption.optionsToFlag (0x0000029cc238a608) [0x0000029cc238a760, 0x0000029cc238ac30] Compiler: c1, Barriers: 0, Oops: 0, ImmediateOops: 0, NonImmediateOops: No
[2024-10-26T03:26:25.231+0530][0.622s][debug][gc,nmethod  ] Register NMethod: java.lang.System$2.defineClass (0x0000029cc238ac88) [0x0000029cc238ada0, 0x0000029cc238af18] Compiler: c1, Barriers: 0, Oops: 0, ImmediateOops: 0, NonImmediateOops: No
[2024-10-26T03:26:25.231+0530][0.622s][debug][gc,nmethod  ] Register NMethod: java.lang.invoke.InvokerBytecodeGenerator.emitStaticInvoke (0x0000029cc238af88) [0x0000029cc238b260, 0x0000029cc238c390] Compiler: c1, Barriers: 17, Oops: 0, ImmediateOops: 6, NonImmediateOops: No
[2024-10-26T03:26:25.232+0530][0.623s][debug][gc,nmethod  ] Register NMethod: java.lang.invoke.MethodHandles$Lookup.makeHiddenClassDefiner (0x0000029cc238c408) [0x0000029cc238c5a0, 0x0000029cc238ccd0] Compiler: c1, Barriers: 2, Oops: 0, ImmediateOops: 1, NonImmediateOops: No
[2024-10-26T03:26:25.232+0530][0.623s][debug][gc,nmethod  ] Register NMethod: java.lang.Byte.<init> (0x0000029cc238cd88) [0x0000029cc238cea0, 0x0000029cc238d068] Compiler: c1, Barriers: 0, Oops: 0, ImmediateOops: 0, NonImmediateOops: No
[2024-10-26T03:26:25.232+0530][0.623s][debug][gc,nmethod  ] Register NMethod: java.lang.invoke.MethodHandles$Lookup$ClassDefiner.defineClass (0x0000029cc238d088) [0x0000029cc238d2c0, 0x0000029cc238df98] Compiler: c1, Barriers: 19, Oops: 0, ImmediateOops: 2, NonImmediateOops: No
[2024-10-26T03:26:25.232+0530][0.623s][debug][gc,nmethod  ] Register NMethod: java.lang.Byte.hashCode (0x0000029cc238e088) [0x0000029cc238e1a0, 0x0000029cc238e308] Compiler: c1, Barriers: 0, Oops: 0, ImmediateOops: 0, NonImmediateOops: No
[2024-10-26T03:26:25.232+0530][0.623s][debug][gc,nmethod  ] Register NMethod: java.lang.Byte.hashCode (0x0000029cc238e388) [0x0000029cc238e4a0, 0x0000029cc238e590] Compiler: c1, Barriers: 0, Oops: 0, ImmediateOops: 0, NonImmediateOops: No
[2024-10-26T03:26:25.232+0530][0.623s][debug][gc,nmethod  ] Register NMethod: jdk.internal.loader.URLClassPath.getLoader (0x0000029cc9c40f08) [0x0000029cc9c41100, 0x0000029cc9c41e60] Compiler: c2, Barriers: 9, Oops: 0, ImmediateOops: 0, NonImmediateOops: No
[2024-10-26T03:26:25.233+0530][0.623s][debug][gc,nmethod  ] Register NMethod: java.lang.String.startsWith (0x0000029cc9c41f08) [0x0000029cc9c42020, 0x0000029cc9c42360] Compiler: c2, Barriers: 2, Oops: 0, ImmediateOops: 0, NonImmediateOops: No
[2024-10-26T03:26:25.233+0530][0.624s][debug][gc,nmethod  ] Register NMethod: org.springframework.boot.loader.zip.ZipContent.hasEntry (0x0000029cc9c42408) [0x0000029cc9c42660, 0x0000029cc9c43708] Compiler: c2, Barriers: 8, Oops: 2, ImmediateOops: 0, NonImmediateOops: No
[2024-10-26T03:26:25.233+0530][0.624s][debug][gc,nmethod  ] Register NMethod: java.lang.invoke.MemberName.hashCode (0x0000029cc238e688) [0x0000029cc238e860, 0x0000029cc238f588] Compiler: c1, Barriers: 14, Oops: 0, ImmediateOops: 0, NonImmediateOops: No
[2024-10-26T03:26:25.233+0530][0.624s][debug][gc,nmethod  ] Register NMethod: jdk.internal.org.objectweb.asm.SymbolTable.setMajorVersionAndClassName (0x0000029cc238f608) [0x0000029cc238f740, 0x0000029cc238f960] Compiler: c1, Barriers: 3, Oops: 0, ImmediateOops: 0, NonImmediateOops: No
[2024-10-26T03:26:25.233+0530][0.624s][debug][gc,nmethod  ] Register NMethod: jdk.internal.org.objectweb.asm.ClassWriter.visit (0x0000029cc238f988) [0x0000029cc238fb60, 0x0000029cc2390490] Compiler: c1, Barriers: 12, Oops: 0, ImmediateOops: 0, NonImmediateOops: No
[2024-10-26T03:26:25.233+0530][0.624s][debug][gc,nmethod  ] Register NMethod: jdk.internal.org.objectweb.asm.SymbolTable.computeBootstrapMethodsSize (0x0000029cc2390508) [0x0000029cc2390640, 0x0000029cc2390860] Compiler: c1, Barriers: 2, Oops: 0, ImmediateOops: 1, NonImmediateOops: No
[2024-10-26T03:26:25.233+0530][0.624s][debug][gc,nmethod  ] Register NMethod: jdk.internal.org.objectweb.asm.SymbolTable.getConstantPoolLength (0x0000029cc2390888) [0x0000029cc23909a0, 0x0000029cc2390ae0] Compiler: c1, Barriers: 1, Oops: 0, ImmediateOops: 0, NonImmediateOops: No
[2024-10-26T03:26:25.234+0530][0.625s][debug][gc,nmethod  ] Register NMethod: jdk.internal.org.objectweb.asm.ByteVector.<init> (0x0000029cc2390b88) [0x0000029cc2390ca0, 0x0000029cc2390f18] Compiler: c1, Barriers: 3, Oops: 0, ImmediateOops: 0, NonImmediateOops: No
[2024-10-26T03:26:25.234+0530][0.625s][debug][gc,nmethod  ] Register NMethod: jdk.internal.org.objectweb.asm.SymbolTable.putConstantPool (0x0000029cc2390f88) [0x0000029cc23910c0, 0x0000029cc2391300] Compiler: c1, Barriers: 2, Oops: 0, ImmediateOops: 0, NonImmediateOops: No
[2024-10-26T03:26:25.234+0530][0.625s][debug][gc,nmethod  ] Register NMethod: jdk.internal.org.objectweb.asm.SymbolTable.putBootstrapMethods (0x0000029cc2391388) [0x0000029cc2391520, 0x0000029cc2391900] Compiler: c1, Barriers: 4, Oops: 0, ImmediateOops: 1, NonImmediateOops: No
[2024-10-26T03:26:25.234+0530][0.625s][debug][gc,nmethod  ] Register NMethod: java.lang.invoke.MethodHandles$Lookup.makeHiddenClassDefiner (0x0000029cc2391988) [0x0000029cc2391ae0, 0x0000029cc2391de0] Compiler: c1, Barriers: 0, Oops: 0, ImmediateOops: 0, NonImmediateOops: No
[2024-10-26T03:26:25.234+0530][0.625s][debug][gc,nmethod  ] Register NMethod: jdk.internal.event.ThrowableTracer.traceThrowable (0x0000029cc2391e08) [0x0000029cc2391f80, 0x0000029cc2392398] Compiler: c1, Barriers: 2, Oops: 0, ImmediateOops: 2, NonImmediateOops: No
[2024-10-26T03:26:25.236+0530][0.627s][debug][gc,nmethod  ] Register NMethod: org.springframework.boot.loader.net.util.UrlDecoder.decode (0x0000029cc9c43808) [0x0000029cc9c43920, 0x0000029cc9c43b58] Compiler: c2, Barriers: 1, Oops: 1, ImmediateOops: 0, NonImmediateOops: No
[2024-10-26T03:26:25.237+0530][0.628s][debug][gc,nmethod  ] Register NMethod: jdk.internal.org.objectweb.asm.ClassWriter.toByteArray (0x0000029cc2392408) [0x0000029cc2392e40, 0x0000029cc2397bc0] Compiler: c1, Barriers: 91, Oops: 0, ImmediateOops: 28, NonImmediateOops: No
[2024-10-26T03:26:25.238+0530][0.629s][debug][gc,nmethod  ] Register NMethod: java.util.concurrent.locks.ReentrantLock$Sync.newCondition (0x0000029cc2397c88) [0x0000029cc2397dc0, 0x0000029cc2398068] Compiler: c1, Barriers: 3, Oops: 0, ImmediateOops: 0, NonImmediateOops: No
[2024-10-26T03:26:25.238+0530][0.629s][debug][gc,nmethod  ] Register NMethod: java.util.concurrent.locks.ReentrantLock.newCondition (0x0000029cc2398088) [0x0000029cc23981c0, 0x0000029cc2398500] Compiler: c1, Barriers: 4, Oops: 0, ImmediateOops: 0, NonImmediateOops: No
[2024-10-26T03:26:25.238+0530][0.629s][debug][gc,nmethod  ] Register NMethod: java.util.concurrent.locks.AbstractQueuedSynchronizer$ConditionObject.<init> (0x0000029cc2398588) [0x0000029cc23986a0, 0x0000029cc2398880] Compiler: c1, Barriers: 3, Oops: 0, ImmediateOops: 0, NonImmediateOops: No
[2024-10-26T03:26:25.239+0530][0.630s][debug][gc,nmethod  ] Register NMethod: java.lang.ref.ReferenceQueue.<init> (0x0000029cc2398908) [0x0000029cc2398aa0, 0x0000029cc23993e0] Compiler: c1, Barriers: 13, Oops: 0, ImmediateOops: 0, NonImmediateOops: No
[2024-10-26T03:26:25.240+0530][0.630s][debug][gc,director ] Rule Major: Warmup 10%, Used: 82MB, UsedThreshold: 204MB
[2024-10-26T03:26:25.243+0530][0.634s][debug][gc,nmethod  ] Register NMethod: java.lang.String.regionMatches (0x0000029cc9c43c08) [0x0000029cc9c43d40, 0x0000029cc9c44228] Compiler: c2, Barriers: 2, Oops: 0, ImmediateOops: 0, NonImmediateOops: No
[2024-10-26T03:26:25.243+0530][0.634s][debug][gc,nmethod  ] Register NMethod: org.springframework.boot.loader.jar.NestedJarFile.getVersionedContentEntry (0x0000029cc9c44288) [0x0000029cc9c44620, 0x0000029cc9c46f38] Compiler: c2, Barriers: 41, Oops: 12, ImmediateOops: 8, NonImmediateOops: No
[2024-10-26T03:26:25.245+0530][0.636s][debug][gc,nmethod  ] Register NMethod: java.lang.invoke.TypeConvertingMethodAdapter.convertType (0x0000029cc2399488) [0x0000029cc2399b00, 0x0000029cc239d7e8] Compiler: c1, Barriers: 12, Oops: 2, ImmediateOops: 32, NonImmediateOops: No
[2024-10-26T03:26:25.248+0530][0.639s][debug][gc,nmethod  ] Register NMethod: org.springframework.boot.loader.net.protocol.jar.LazyDelegatingInputStream.close (0x0000029cc239d908) [0x0000029cc239da40, 0x0000029cc239de70] Compiler: c1, Barriers: 2, Oops: 1, ImmediateOops: 0, NonImmediateOops: No
[2024-10-26T03:26:25.248+0530][0.639s][debug][gc,nmethod  ] Register NMethod: org.springframework.boot.loader.net.protocol.jar.JarUrlConnection$ConnectionInputStream.close (0x0000029cc239de88) [0x0000029cc239e040, 0x0000029cc239e8d0] Compiler: c1, Barriers: 8, Oops: 1, ImmediateOops: 0, NonImmediateOops: No
[2024-10-26T03:26:25.249+0530][0.640s][debug][gc,nmethod  ] Register NMethod: org.springframework.boot.loader.net.protocol.jar.UrlJarFiles$Cache.get (0x0000029cc9c47188) [0x0000029cc9c47380, 0x0000029cc9c48148] Compiler: c2, Barriers: 14, Oops: 2, ImmediateOops: 3, NonImmediateOops: No
[2024-10-26T03:26:25.249+0530][0.640s][debug][gc,nmethod  ] Register NMethod: org.springframework.boot.loader.jar.NestedJarFile$NestedJarEntry.isOwnedBy (0x0000029cc239e908) [0x0000029cc239ea20, 0x0000029cc239ebb8] Compiler: c1, Barriers: 1, Oops: 1, ImmediateOops: 0, NonImmediateOops: No
[2024-10-26T03:26:25.249+0530][0.640s][debug][gc,nmethod  ] Register NMethod: org.springframework.boot.loader.jar.NestedJarFile.getInputStream (0x0000029cc239ec08) [0x0000029cc239edc0, 0x0000029cc239f5a8] Compiler: c1, Barriers: 3, Oops: 2, ImmediateOops: 1, NonImmediateOops: No
[2024-10-26T03:26:25.250+0530][0.640s][debug][gc,nmethod  ] Register NMethod: java.lang.ReflectiveOperationException.<init> (0x0000029cc239f608) [0x0000029cc239f740, 0x0000029cc239f8d8] Compiler: c1, Barriers: 0, Oops: 0, ImmediateOops: 0, NonImmediateOops: No
[2024-10-26T03:26:25.250+0530][0.641s][debug][gc,nmethod  ] Register NMethod: java.lang.Exception.<init> (0x0000029cc239f908) [0x0000029cc239fa20, 0x0000029cc239fb58] Compiler: c1, Barriers: 0, Oops: 0, ImmediateOops: 0, NonImmediateOops: No
[2024-10-26T03:26:25.250+0530][0.641s][debug][gc,nmethod  ] Register NMethod: java.lang.Throwable.<init> (0x0000029cc239fc08) [0x0000029cc239fd80, 0x0000029cc23a02f0] Compiler: c1, Barriers: 16, Oops: 0, ImmediateOops: 3, NonImmediateOops: No
[2024-10-26T03:26:25.250+0530][0.641s][debug][gc,nmethod  ] Register NMethod: sun.net.www.ParseUtil.encodePath (0x0000029cc9c48288) [0x0000029cc9c483c0, 0x0000029cc9c48698] Compiler: c2, Barriers: 2, Oops: 1, ImmediateOops: 0, NonImmediateOops: No
[2024-10-26T03:26:25.251+0530][0.641s][debug][gc,director ] Rule Major: Warmup 10%, Used: 82MB, UsedThreshold: 204MB
[2024-10-26T03:26:25.251+0530][0.642s][debug][gc,nmethod  ] Register NMethod: java.net.URLClassLoader$1.<init> (0x0000029cc23a0388) [0x0000029cc23a04c0, 0x0000029cc23a0718] Compiler: c1, Barriers: 6, Oops: 0, ImmediateOops: 0, NonImmediateOops: No
[2024-10-26T03:26:25.251+0530][0.642s][debug][gc,nmethod  ] Register NMethod: java.net.URLClassLoader$1.run (0x0000029cc23a0788) [0x0000029cc23a08a0, 0x0000029cc23a09f8] Compiler: c1, Barriers: 0, Oops: 0, ImmediateOops: 0, NonImmediateOops: No
[2024-10-26T03:26:25.252+0530][0.643s][debug][gc,nmethod  ] Register NMethod: java.net.URLClassLoader$1.run (0x0000029cc23a0a88) [0x0000029cc23a0de0, 0x0000029cc23a2520] Compiler: c1, Barriers: 7, Oops: 1, ImmediateOops: 13, NonImmediateOops: No
[2024-10-26T03:26:25.252+0530][0.643s][debug][gc,nmethod  ] Register NMethod: org.springframework.boot.loader.net.protocol.jar.JarUrlConnection.throwFileNotFound (0x0000029cc9c48708) [0x0000029cc9c48840, 0x0000029cc9c48bc0] Compiler: c2, Barriers: 7, Oops: 2, ImmediateOops: 4, NonImmediateOops: No
[2024-10-26T03:26:25.253+0530][0.644s][debug][gc,nmethod  ] Register NMethod: java.lang.classfile.CodeBuilder.exceptionCatch (0x0000029cc23a2608) [0x0000029cc23a2780, 0x0000029cc23a2c70] Compiler: c1, Barriers: 0, Oops: 0, ImmediateOops: 0, NonImmediateOops: No
[2024-10-26T03:26:25.253+0530][0.644s][debug][gc,nmethod  ] Register NMethod: java.lang.classfile.instruction.ExceptionCatch.of (0x0000029cc23a2c88) [0x0000029cc23a2e00, 0x0000029cc23a3480] Compiler: c1, Barriers: 13, Oops: 0, ImmediateOops: 0, NonImmediateOops: No
[2024-10-26T03:26:25.253+0530][0.644s][debug][gc,nmethod  ] Register NMethod: java.lang.classfile.CodeBuilder.exceptionCatch (0x0000029cc23a3508) [0x0000029cc23a3680, 0x0000029cc23a3ce8] Compiler: c1, Barriers: 3, Oops: 0, ImmediateOops: 0, NonImmediateOops: No
[2024-10-26T03:26:25.253+0530][0.644s][debug][gc,nmethod  ] Register NMethod: jdk.internal.classfile.impl.AbstractInstruction$UnboundNewReferenceArrayInstruction.componentType (0x0000029cc9c48c88) [0x0000029cc9c48da0, 0x0000029cc9c48e98] Compiler: c1, Barriers: 1, Oops: 0, ImmediateOops: 0, NonImmediateOops: No
[2024-10-26T03:26:25.253+0530][0.644s][debug][gc,nmethod  ] Register NMethod: jdk.internal.classfile.impl.UnboundAttribute$UnboundExceptionsAttribute.exceptions (0x0000029cc9c48f88) [0x0000029cc9c490a0, 0x0000029cc9c49198] Compiler: c1, Barriers: 1, Oops: 0, ImmediateOops: 0, NonImmediateOops: No
[2024-10-26T03:26:25.253+0530][0.644s][debug][gc,nmethod  ] Register NMethod: java.util.ImmutableCollections$AbstractImmutableList.equals (0x0000029cc23a3d88) [0x0000029cc23a3f60, 0x0000029cc23a4b08] Compiler: c1, Barriers: 0, Oops: 0, ImmediateOops: 0, NonImmediateOops: No
[2024-10-26T03:26:25.254+0530][0.645s][debug][gc,nmethod  ] Register NMethod: java.net.URLClassLoader.findClass (0x0000029cc23a4b88) [0x0000029cc23a4d00, 0x0000029cc23a5378] Compiler: c1, Barriers: 7, Oops: 0, ImmediateOops: 0, NonImmediateOops: No
[2024-10-26T03:26:25.255+0530][0.646s][debug][gc,nmethod  ] Register NMethod: jdk.internal.loader.BuiltinClassLoader.findClassOnClassPathOrNull (0x0000029cc23a5408) [0x0000029cc23a5700, 0x0000029cc23a6ad0] Compiler: c1, Barriers: 2, Oops: 1, ImmediateOops: 13, NonImmediateOops: No
[2024-10-26T03:26:25.256+0530][0.647s][debug][gc,nmethod  ] Register NMethod: jdk.internal.loader.URLClassPath$Loader$1.getCodeSourceURL (0x0000029cc23a6b88) [0x0000029cc23a6ca0, 0x0000029cc23a6e10] Compiler: c1, Barriers: 2, Oops: 0, ImmediateOops: 0, NonImmediateOops: No
[2024-10-26T03:26:25.256+0530][0.647s][debug][gc,nmethod  ] Register NMethod: jdk.internal.loader.URLClassPath$JarLoader.checkJar (0x0000029cc23a6e88) [0x0000029cc23a6fa0, 0x0000029cc23a7178] Compiler: c1, Barriers: 0, Oops: 0, ImmediateOops: 0, NonImmediateOops: No
[2024-10-26T03:26:25.256+0530][0.647s][debug][gc,nmethod  ] Register NMethod: jdk.internal.loader.URLClassPath$Loader$1.getInputStream (0x0000029cc23a7208) [0x0000029cc23a7340, 0x0000029cc23a7550] Compiler: c1, Barriers: 1, Oops: 0, ImmediateOops: 0, NonImmediateOops: No
[2024-10-26T03:26:25.257+0530][0.647s][debug][gc,nmethod  ] Register NMethod: jdk.internal.loader.URLClassPath$Loader$1.getContentLength (0x0000029cc23a7588) [0x0000029cc23a76c0, 0x0000029cc23a78d0] Compiler: c1, Barriers: 1, Oops: 0, ImmediateOops: 0, NonImmediateOops: No
[2024-10-26T03:26:25.257+0530][0.648s][debug][gc,nmethod  ] Register NMethod: java.net.URLClassLoader.getAndVerifyPackage (0x0000029cc23a7908) [0x0000029cc23a7c00, 0x0000029cc23a8e18] Compiler: c1, Barriers: 4, Oops: 4, ImmediateOops: 6, NonImmediateOops: No
[2024-10-26T03:26:25.257+0530][0.648s][debug][gc,nmethod  ] Register NMethod: org.springframework.boot.loader.net.protocol.jar.JarUrlConnection.getContentLength (0x0000029cc23a8f08) [0x0000029cc23a9080, 0x0000029cc23a9500] Compiler: c1, Barriers: 2, Oops: 1, ImmediateOops: 0, NonImmediateOops: No
[2024-10-26T03:26:25.257+0530][0.648s][debug][gc,nmethod  ] Register NMethod: org.springframework.boot.loader.net.protocol.jar.JarUrlConnection.getContentLengthLong (0x0000029cc23a9588) [0x0000029cc23a96e0, 0x0000029cc23a9ae0] Compiler: c1, Barriers: 2, Oops: 1, ImmediateOops: 0, NonImmediateOops: No
[2024-10-26T03:26:25.258+0530][0.648s][debug][gc,nmethod  ] Register NMethod: jdk.internal.perf.PerfCounter.getReadClassBytesTime (0x0000029cc23a9b08) [0x0000029cc23a9c20, 0x0000029cc23a9d18] Compiler: c1, Barriers: 0, Oops: 0, ImmediateOops: 1, NonImmediateOops: No
[2024-10-26T03:26:25.258+0530][0.649s][debug][gc,nmethod  ] Register NMethod: org.springframework.boot.loader.jar.NestedJarFile$NestedJarEntry.getSize (0x0000029cc23a9e08) [0x0000029cc23a9f40, 0x0000029cc23aa160] Compiler: c1, Barriers: 2, Oops: 1, ImmediateOops: 0, NonImmediateOops: No
[2024-10-26T03:26:25.259+0530][0.650s][debug][gc,nmethod  ] Register NMethod: java.net.JarURLConnection.<init> (0x0000029cc23aa208) [0x0000029cc23aa340, 0x0000029cc23aa4d0] Compiler: c1, Barriers: 0, Oops: 0, ImmediateOops: 0, NonImmediateOops: No
[2024-10-26T03:26:25.260+0530][0.650s][debug][gc,nmethod  ] Register NMethod: org.springframework.boot.loader.net.protocol.jar.JarUrlConnection.<init> (0x0000029cc23aa508) [0x0000029cc23aa6a0, 0x0000029cc23aadd0] Compiler: c1, Barriers: 12, Oops: 1, ImmediateOops: 0, NonImmediateOops: No
[2024-10-26T03:26:25.261+0530][0.652s][debug][gc,nmethod  ] Register NMethod: java.util.LinkedHashMap.<init> (0x0000029cc23aae08) [0x0000029cc23aaf40, 0x0000029cc23ab1b0] Compiler: c1, Barriers: 0, Oops: 0, ImmediateOops: 0, NonImmediateOops: No
[2024-10-26T03:26:25.262+0530][0.652s][debug][gc,director ] Rule Major: Warmup 10%, Used: 82MB, UsedThreshold: 204MB
[2024-10-26T03:26:25.262+0530][0.652s][debug][gc,nmethod  ] Register NMethod: java.lang.reflect.Constructor.getModifiers (0x0000029cc9c49288) [0x0000029cc9c493a0, 0x0000029cc9c49468] Compiler: c1, Barriers: 0, Oops: 0, ImmediateOops: 0, NonImmediateOops: No
[2024-10-26T03:26:25.262+0530][0.653s][debug][gc,nmethod  ] Register NMethod: jdk.internal.classfile.impl.StackCounter.<init> (0x0000029cc23ab208) [0x0000029cc23ac080, 0x0000029cc23b7400] Compiler: c1, Barriers: 98, Oops: 2, ImmediateOops: 8, NonImmediateOops: No
[2024-10-26T03:26:25.264+0530][0.654s][debug][gc,nmethod  ] Register NMethod: jdk.jfr.internal.MetadataWriter.write (0x0000029cc9c49588) [0x0000029cc9c4a780, 0x0000029cc9c62f98] Compiler: c2, Barriers: 232, Oops: 1, ImmediateOops: 0, NonImmediateOops: No
[2024-10-26T03:26:25.265+0530][0.656s][debug][gc,nmethod  ] Register NMethod: org.springframework.boot.loader.jar.NestedJarFile.hasEntry (0x0000029cc9c63108) [0x0000029cc9c63580, 0x0000029cc9c66fc0] Compiler: c2, Barriers: 52, Oops: 12, ImmediateOops: 8, NonImmediateOops: No
[2024-10-26T03:26:25.265+0530][0.656s][debug][gc,nmethod  ] Register NMethod: org.springframework.boot.loader.net.protocol.jar.JarUrlConnection.getJarEntry (0x0000029cc23b7588) [0x0000029cc23b7720, 0x0000029cc23b7cd8] Compiler: c1, Barriers: 4, Oops: 2, ImmediateOops: 1, NonImmediateOops: No
[2024-10-26T03:26:25.267+0530][0.658s][debug][gc,nmethod  ] Register NMethod: jdk.internal.classfile.impl.SplitConstantPool.maybeCloneUtf8Entry (0x0000029cc9c67208) [0x0000029cc9c673e0, 0x0000029cc9c67f68] Compiler: c2, Barriers: 24, Oops: 0, ImmediateOops: 3, NonImmediateOops: No
[2024-10-26T03:26:25.268+0530][0.659s][debug][gc,nmethod  ] Register NMethod: java.lang.reflect.Modifier.isAbstract (0x0000029cc23b7d88) [0x0000029cc23b7ea0, 0x0000029cc23b7fe0] Compiler: c1, Barriers: 0, Oops: 0, ImmediateOops: 0, NonImmediateOops: No
[2024-10-26T03:26:25.273+0530][0.663s][debug][gc,director ] Rule Major: Warmup 10%, Used: 84MB, UsedThreshold: 204MB
[2024-10-26T03:26:25.277+0530][0.668s][debug][gc,nmethod  ] Register NMethod: java.util.concurrent.ConcurrentHashMap.addCount (0x0000029cc9c68008) [0x0000029cc9c68140, 0x0000029cc9c68408] Compiler: c2, Barriers: 2, Oops: 0, ImmediateOops: 0, NonImmediateOops: No
[2024-10-26T03:26:25.278+0530][0.668s][debug][gc,nmethod  ] Register NMethod: org.springframework.boot.loader.net.protocol.jar.JarUrlConnection.connect (0x0000029cc9c68488) [0x0000029cc9c688e0, 0x0000029cc9c6b9e0] Compiler: c2, Barriers: 60, Oops: 7, ImmediateOops: 21, NonImmediateOops: No
[2024-10-26T03:26:25.280+0530][0.671s][debug][gc,nmethod  ] Register NMethod: java.util.concurrent.ConcurrentHashMap.putVal (0x0000029cc9c6bc08) [0x0000029cc9c6be20, 0x0000029cc9c6cfa8] Compiler: c2, Barriers: 29, Oops: 0, ImmediateOops: 0, NonImmediateOops: No
[2024-10-26T03:26:25.282+0530][0.673s][debug][gc,nmethod  ] Register NMethod: sun.reflect.generics.parser.SignatureParser.current (0x0000029cc23b8088) [0x0000029cc23b8220, 0x0000029cc23b8950] Compiler: c1, Barriers: 2, Oops: 1, ImmediateOops: 2, NonImmediateOops: No
[2024-10-26T03:26:25.283+0530][0.674s][debug][gc,nmethod  ] Register NMethod: java.util.concurrent.atomic.AtomicInteger.get (0x0000029cc9c6d008) [0x0000029cc9c6d120, 0x0000029cc9c6d1e8] Compiler: c1, Barriers: 0, Oops: 0, ImmediateOops: 0, NonImmediateOops: No
[2024-10-26T03:26:25.284+0530][0.674s][debug][gc,director ] Rule Major: Warmup 10%, Used: 84MB, UsedThreshold: 204MB
[2024-10-26T03:26:25.285+0530][0.676s][debug][gc,nmethod  ] Register NMethod: java.lang.Module.canRead (0x0000029cc23b8a08) [0x0000029cc23b8d80, 0x0000029cc23ba8a0] Compiler: c1, Barriers: 16, Oops: 3, ImmediateOops: 10, NonImmediateOops: No
[2024-10-26T03:26:25.286+0530][0.676s][debug][gc,nmethod  ] Register NMethod: java.util.concurrent.CopyOnWriteArrayList.setArray (0x0000029cc9c6d308) [0x0000029cc9c6d420, 0x0000029cc9c6d560] Compiler: c1, Barriers: 3, Oops: 0, ImmediateOops: 0, NonImmediateOops: No
[2024-10-26T03:26:25.288+0530][0.679s][debug][gc,nmethod  ] Register NMethod: org.springframework.boot.loader.net.protocol.jar.UrlJarFiles$Cache.putIfAbsent (0x0000029cc9c6d608) [0x0000029cc9c6d840, 0x0000029cc9c6ea20] Compiler: c2, Barriers: 16, Oops: 2, ImmediateOops: 3, NonImmediateOops: No
[2024-10-26T03:26:25.291+0530][0.682s][debug][gc,nmethod  ] Register NMethod: java.lang.invoke.MethodHandles$Lookup.findBoundCallerLookup (0x0000029cc23ba988) [0x0000029cc23bab00, 0x0000029cc23bb138] Compiler: c1, Barriers: 0, Oops: 0, ImmediateOops: 1, NonImmediateOops: No
[2024-10-26T03:26:25.291+0530][0.682s][debug][gc,nmethod  ] Register NMethod: java.lang.invoke.MethodHandles$Lookup.checkMethod (0x0000029cc23bb188) [0x0000029cc23bb320, 0x0000029cc23bb958] Compiler: c1, Barriers: 0, Oops: 0, ImmediateOops: 4, NonImmediateOops: No
[2024-10-26T03:26:25.291+0530][0.682s][debug][gc,nmethod  ] Register NMethod: java.lang.invoke.MethodHandles$Lookup.maybeBindCaller (0x0000029cc23bba08) [0x0000029cc23bbbc0, 0x0000029cc23bc340] Compiler: c1, Barriers: 1, Oops: 0, ImmediateOops: 1, NonImmediateOops: No
[2024-10-26T03:26:25.292+0530][0.683s][debug][gc,nmethod  ] Register NMethod: org.springframework.boot.loader.net.protocol.jar.Handler.openConnection (0x0000029cc9c6eb08) [0x0000029cc9c6f040, 0x0000029cc9c72ec8] Compiler: c2, Barriers: 77, Oops: 12, ImmediateOops: 20, NonImmediateOops: No
[2024-10-26T03:26:25.292+0530][0.683s][debug][gc,nmethod  ] Register NMethod: java.lang.invoke.MethodHandles$Lookup.getDirectMethodCommon (0x0000029cc23bc388) [0x0000029cc23bc6a0, 0x0000029cc23bda00] Compiler: c1, Barriers: 13, Oops: 1, ImmediateOops: 1, NonImmediateOops: No
[2024-10-26T03:26:25.293+0530][0.684s][debug][gc,nmethod  ] Register NMethod: java.lang.ClassNotFoundException.<init> (0x0000029cc23bda88) [0x0000029cc23bdbc0, 0x0000029cc23bddc0] Compiler: c1, Barriers: 0, Oops: 0, ImmediateOops: 0, NonImmediateOops: No
[2024-10-26T03:26:25.293+0530][0.684s][debug][gc,nmethod  ] Register NMethod: java.lang.invoke.MethodType.hashCode (0x0000029cc9c73288) [0x0000029cc9c733c0, 0x0000029cc9c73658] Compiler: c2, Barriers: 3, Oops: 0, ImmediateOops: 0, NonImmediateOops: No
[2024-10-26T03:26:25.294+0530][0.684s][debug][gc,director ] Rule Major: Warmup 10%, Used: 84MB, UsedThreshold: 204MB
[2024-10-26T03:26:25.295+0530][0.686s][debug][gc,nmethod  ] Register NMethod: java.lang.invoke.DirectMethodHandle.make (0x0000029cc23bde08) [0x0000029cc23bdf60, 0x0000029cc23be2d0] Compiler: c1, Barriers: 2, Oops: 0, ImmediateOops: 0, NonImmediateOops: No
[2024-10-26T03:26:25.296+0530][0.687s][debug][gc,nmethod  ] Register NMethod: java.lang.invoke.MethodHandleNatives.linkMethodHandleConstant (0x0000029cc23be308) [0x0000029cc23be460, 0x0000029cc23be668] Compiler: c1, Barriers: 0, Oops: 0, ImmediateOops: 1, NonImmediateOops: No
[2024-10-26T03:26:25.296+0530][0.687s][debug][gc,nmethod  ] Register NMethod: java.lang.ClassLoader.defineClass (0x0000029cc23be688) [0x0000029cc23be820, 0x0000029cc23bedc0] Compiler: c1, Barriers: 3, Oops: 0, ImmediateOops: 0, NonImmediateOops: No
[2024-10-26T03:26:25.296+0530][0.687s][debug][gc,nmethod  ] Register NMethod: java.lang.invoke.MethodHandles$Lookup.linkMethodHandleConstant (0x0000029cc23bee08) [0x0000029cc23bf1a0, 0x0000029cc23c0ae8] Compiler: c1, Barriers: 12, Oops: 0, ImmediateOops: 6, NonImmediateOops: No
[2024-10-26T03:26:25.297+0530][0.688s][debug][gc,nmethod  ] Register NMethod: java.lang.invoke.MethodHandleImpl.countNonNull (0x0000029cc23c0b88) [0x0000029cc23c0cc0, 0x0000029cc23c0f18] Compiler: c1, Barriers: 1, Oops: 0, ImmediateOops: 0, NonImmediateOops: No
[2024-10-26T03:26:25.297+0530][0.688s][debug][gc,nmethod  ] Register NMethod: java.net.URLStreamHandler.parseURL (0x0000029cc9c73688) [0x0000029cc9c73900, 0x0000029cc9c75d10] Compiler: c2, Barriers: 41, Oops: 5, ImmediateOops: 6, NonImmediateOops: No
[2024-10-26T03:26:25.297+0530][0.688s][debug][gc,nmethod  ] Register NMethod: java.lang.invoke.MethodHandleImpl.computeValueConversions (0x0000029cc23c0f88) [0x0000029cc23c1140, 0x0000029cc23c1a70] Compiler: c1, Barriers: 10, Oops: 0, ImmediateOops: 0, NonImmediateOops: No
[2024-10-26T03:26:25.297+0530][0.688s][debug][gc,nmethod  ] Register NMethod: java.lang.invoke.MethodHandle.asTypeUncached (0x0000029cc23c1b08) [0x0000029cc23c1d60, 0x0000029cc23c28b8] Compiler: c1, Barriers: 1, Oops: 2, ImmediateOops: 4, NonImmediateOops: No
[2024-10-26T03:26:25.297+0530][0.688s][debug][gc,nmethod  ] Register NMethod: java.lang.invoke.MethodHandleImpl.makePairwiseConvert (0x0000029cc23c2988) [0x0000029cc23c2aa0, 0x0000029cc23c2bc0] Compiler: c1, Barriers: 0, Oops: 0, ImmediateOops: 0, NonImmediateOops: No
[2024-10-26T03:26:25.297+0530][0.688s][debug][gc,nmethod  ] Register NMethod: java.lang.invoke.MethodHandleImpl.makePairwiseConvert (0x0000029cc23c2c88) [0x0000029cc23c2dc0, 0x0000029cc23c3000] Compiler: c1, Barriers: 1, Oops: 0, ImmediateOops: 0, NonImmediateOops: No
[2024-10-26T03:26:25.297+0530][0.688s][debug][gc,nmethod  ] Register NMethod: java.lang.invoke.MethodType.isConvertibleTo (0x0000029cc23c3088) [0x0000029cc23c3280, 0x0000029cc23c3d90] Compiler: c1, Barriers: 12, Oops: 0, ImmediateOops: 0, NonImmediateOops: No
[2024-10-26T03:26:25.298+0530][0.689s][debug][gc,nmethod  ] Register NMethod: java.lang.invoke.MethodHandle.linkToInterface (0x0000029cc9c75f08) [0x0000029cc9c76000, 0x0000029cc9c76160] Compiler: , Barriers: 0, Oops: 0, ImmediateOops: 0, NonImmediateOops: No
[2024-10-26T03:26:25.299+0530][0.690s][debug][gc,nmethod  ] Register NMethod: java.lang.invoke.MethodHandleImpl.makePairwiseConvertByEditor (0x0000029cc23c3e08) [0x0000029cc23c4600, 0x0000029cc23c9ad0] Compiler: c1, Barriers: 43, Oops: 3, ImmediateOops: 15, NonImmediateOops: No
[2024-10-26T03:26:25.299+0530][0.690s][debug][gc,nmethod  ] Register NMethod: jdk.internal.org.objectweb.asm.Frame.getInputStackSize (0x0000029cc23c9c88) [0x0000029cc23c9da0, 0x0000029cc23c9ee0] Compiler: c1, Barriers: 1, Oops: 0, ImmediateOops: 0, NonImmediateOops: No
[2024-10-26T03:26:25.300+0530][0.690s][debug][gc,nmethod  ] Register NMethod: java.lang.invoke.InvokerBytecodeGenerator.emitReferenceCast (0x0000029cc23c9f88) [0x0000029cc23ca1e0, 0x0000029cc23cafb0] Compiler: c1, Barriers: 8, Oops: 0, ImmediateOops: 7, NonImmediateOops: No
[2024-10-26T03:26:25.300+0530][0.691s][debug][gc,nmethod  ] Register NMethod: sun.net.www.ParseUtil.decode (0x0000029cc23cb008) [0x0000029cc23cb600, 0x0000029cc23ceb30] Compiler: c1, Barriers: 13, Oops: 4, ImmediateOops: 18, NonImmediateOops: No
[2024-10-26T03:26:25.300+0530][0.691s][debug][gc,nmethod  ] Register NMethod: jdk.internal.org.objectweb.asm.MethodWriter.computeAllFrames (0x0000029cc23cec88) [0x0000029cc23cf020, 0x0000029cc23d0d30] Compiler: c1, Barriers: 65, Oops: 1, ImmediateOops: 5, NonImmediateOops: No
[2024-10-26T03:26:25.300+0530][0.691s][debug][gc,nmethod  ] Register NMethod: jdk.internal.misc.Unsafe.shouldBeInitialized (0x0000029cc23d0d88) [0x0000029cc23d0ec0, 0x0000029cc23d1100] Compiler: c1, Barriers: 0, Oops: 0, ImmediateOops: 0, NonImmediateOops: No
[2024-10-26T03:26:25.304+0530][0.695s][debug][gc,nmethod  ] Register NMethod: org.springframework.boot.loader.net.protocol.jar.UrlJarFiles.getCached (0x0000029cc9c76208) [0x0000029cc9c76320, 0x0000029cc9c76430] Compiler: c2, Barriers: 1, Oops: 1, ImmediateOops: 0, NonImmediateOops: No
[2024-10-26T03:26:25.305+0530][0.695s][debug][gc,director ] Rule Major: Warmup 10%, Used: 86MB, UsedThreshold: 204MB
[2024-10-26T03:26:25.305+0530][0.696s][debug][gc,nmethod  ] Register NMethod: java.lang.ClassLoader.compareCerts (0x0000029cc23d1188) [0x0000029cc23d1340, 0x0000029cc23d1c28] Compiler: c1, Barriers: 4, Oops: 0, ImmediateOops: 0, NonImmediateOops: No
[2024-10-26T03:26:25.305+0530][0.696s][debug][gc,nmethod  ] Register NMethod: org.springframework.boot.loader.jar.NestedJarFile$JarEntryInputStream.close (0x0000029cc23d1c88) [0x0000029cc23d1e00, 0x0000029cc23d2468] Compiler: c1, Barriers: 6, Oops: 1, ImmediateOops: 0, NonImmediateOops: No
[2024-10-26T03:26:25.306+0530][0.697s][debug][gc,nmethod  ] Register NMethod: org.springframework.boot.loader.jar.ZipInflaterInputStream.getInflaterBufferSize (0x0000029cc23d2508) [0x0000029cc23d2620, 0x0000029cc23d27a8] Compiler: c1, Barriers: 0, Oops: 1, ImmediateOops: 0, NonImmediateOops: No
[2024-10-26T03:26:25.307+0530][0.697s][debug][gc,nmethod  ] Register NMethod: org.springframework.boot.loader.jar.NestedJarFileResources.endOrCacheInflater (0x0000029cc23d2808) [0x0000029cc23d2980, 0x0000029cc23d3018] Compiler: c1, Barriers: 3, Oops: 1, ImmediateOops: 0, NonImmediateOops: No
[2024-10-26T03:26:25.307+0530][0.698s][debug][gc,nmethod  ] Register NMethod: java.lang.reflect.Constructor.getDeclaringClass (0x0000029cc9c76508) [0x0000029cc9c76620, 0x0000029cc9c76718] Compiler: c1, Barriers: 1, Oops: 0, ImmediateOops: 0, NonImmediateOops: No
[2024-10-26T03:26:25.307+0530][0.698s][debug][gc,nmethod  ] Register NMethod: java.lang.invoke.MethodHandle.asType (0x0000029cc23d3088) [0x0000029cc23d3240, 0x0000029cc23d3a10] Compiler: c1, Barriers: 9, Oops: 0, ImmediateOops: 1, NonImmediateOops: No
[2024-10-26T03:26:25.308+0530][0.699s][debug][gc,nmethod  ] Register NMethod: java.util.jar.Attributes.entrySet (0x0000029cc23d3a88) [0x0000029cc23d3bc0, 0x0000029cc23d3dd0] Compiler: c1, Barriers: 1, Oops: 0, ImmediateOops: 0, NonImmediateOops: No
[2024-10-26T03:26:25.308+0530][0.699s][debug][gc,nmethod  ] Register NMethod: java.lang.Class.getRawAnnotations (0x0000029cc9c76808) [0x0000029cc9c76940, 0x0000029cc9c76d58] Compiler: , Barriers: 0, Oops: 0, ImmediateOops: 0, NonImmediateOops: No
[2024-10-26T03:26:25.308+0530][0.699s][debug][gc,nmethod  ] Register NMethod: org.springframework.util.ConcurrentReferenceHashMap$ReferenceManager.pollForPurge (0x0000029cc23d3e08) [0x0000029cc23d3f40, 0x0000029cc23d4238] Compiler: c1, Barriers: 1, Oops: 1, ImmediateOops: 0, NonImmediateOops: No
[2024-10-26T03:26:25.309+0530][0.699s][debug][gc,nmethod  ] Register NMethod: org.springframework.util.ConcurrentReferenceHashMap$Segment.restructureIfNecessary (0x0000029cc23d4288) [0x0000029cc23d43e0, 0x0000029cc23d4928] Compiler: c1, Barriers: 3, Oops: 1, ImmediateOops: 0, NonImmediateOops: No
[2024-10-26T03:26:25.309+0530][0.700s][debug][gc,nmethod  ] Register NMethod: jdk.internal.classfile.impl.EntryMap.nextToken (0x0000029cc23d4988) [0x0000029cc23d4ac0, 0x0000029cc23d4d28] Compiler: c1, Barriers: 1, Oops: 0, ImmediateOops: 0, NonImmediateOops: No
[2024-10-26T03:26:25.309+0530][0.700s][debug][gc,nmethod  ] Register NMethod: jdk.internal.classfile.impl.AbstractInstruction$UnboundTypeCheckInstruction.type (0x0000029cc9c76d88) [0x0000029cc9c76ea0, 0x0000029cc9c76f98] Compiler: c1, Barriers: 1, Oops: 0, ImmediateOops: 0, NonImmediateOops: No
[2024-10-26T03:26:25.309+0530][0.700s][debug][gc,nmethod  ] Register NMethod: jdk.internal.classfile.impl.DirectCodeBuilder.buildContent (0x0000029cc23d4d88) [0x0000029cc23d5080, 0x0000029cc23d64a0] Compiler: c1, Barriers: 28, Oops: 2, ImmediateOops: 5, NonImmediateOops: No
[2024-10-26T03:26:25.310+0530][0.700s][debug][gc,nmethod  ] Register NMethod: java.util.BitSet.initWords (0x0000029cc23d6588) [0x0000029cc23d66a0, 0x0000029cc23d6920] Compiler: c1, Barriers: 3, Oops: 0, ImmediateOops: 0, NonImmediateOops: No
[2024-10-26T03:26:25.310+0530][0.701s][debug][gc,nmethod  ] Register NMethod: jdk.internal.classfile.impl.Util.checkKind (0x0000029cc9c77088) [0x0000029cc9c77180, 0x0000029cc9c77270] Compiler: c2, Barriers: 1, Oops: 0, ImmediateOops: 0, NonImmediateOops: No
[2024-10-26T03:26:25.310+0530][0.701s][debug][gc,nmethod  ] Register NMethod: jdk.internal.classfile.impl.DirectCodeBuilder.writeExceptionHandlers (0x0000029cc23d6988) [0x0000029cc23d6c60, 0x0000029cc23d7f68] Compiler: c1, Barriers: 9, Oops: 0, ImmediateOops: 2, NonImmediateOops: No
[2024-10-26T03:26:25.311+0530][0.702s][debug][gc,nmethod  ] Register NMethod: java.lang.Number.<init> (0x0000029cc9c77388) [0x0000029cc9c77480, 0x0000029cc9c774f8] Compiler: c2, Barriers: 0, Oops: 0, ImmediateOops: 0, NonImmediateOops: No
[2024-10-26T03:26:25.311+0530][0.702s][debug][gc,nmethod  ] Register NMethod: jdk.internal.org.objectweb.asm.MethodVisitor.visitVarInsn (0x0000029cc23d8008) [0x0000029cc23d8140, 0x0000029cc23d8378] Compiler: c1, Barriers: 1, Oops: 0, ImmediateOops: 0, NonImmediateOops: No
[2024-10-26T03:26:25.311+0530][0.702s][debug][gc,nmethod  ] Register NMethod: java.lang.invoke.InnerClassLambdaMetafactory.getParameterSize (0x0000029cc23d8388) [0x0000029cc23d84c0, 0x0000029cc23d86b0] Compiler: c1, Barriers: 0, Oops: 0, ImmediateOops: 3, NonImmediateOops: No
[2024-10-26T03:26:25.311+0530][0.702s][debug][gc,nmethod  ] Register NMethod: java.lang.invoke.InnerClassLambdaMetafactory.getLoadOpcode (0x0000029cc23d8708) [0x0000029cc23d8840, 0x0000029cc23d8a60] Compiler: c1, Barriers: 0, Oops: 0, ImmediateOops: 2, NonImmediateOops: No
[2024-10-26T03:26:25.313+0530][0.704s][debug][gc,nmethod  ] Register NMethod: java.util.concurrent.atomic.AtomicInteger.<init> (0x0000029cc23d8a88) [0x0000029cc23d8ba0, 0x0000029cc23d8d68] Compiler: c1, Barriers: 0, Oops: 0, ImmediateOops: 0, NonImmediateOops: No
[2024-10-26T03:26:25.313+0530][0.704s][debug][gc,nmethod  ] Register NMethod: org.springframework.util.ConcurrentReferenceHashMap$Segment.createReferenceArray (0x0000029cc23d8e08) [0x0000029cc23d8f20, 0x0000029cc23d90c0] Compiler: c1, Barriers: 0, Oops: 1, ImmediateOops: 0, NonImmediateOops: No
[2024-10-26T03:26:25.313+0530][0.704s][debug][gc,nmethod  ] Register NMethod: org.springframework.util.ConcurrentReferenceHashMap.createReferenceManager (0x0000029cc23d9108) [0x0000029cc23d9260, 0x0000029cc23d9620] Compiler: c1, Barriers: 6, Oops: 1, ImmediateOops: 0, NonImmediateOops: No
[2024-10-26T03:26:25.313+0530][0.704s][debug][gc,nmethod  ] Register NMethod: org.springframework.util.ConcurrentReferenceHashMap$ReferenceManager.<init> (0x0000029cc23d9688) [0x0000029cc23d9860, 0x0000029cc23da3a8] Compiler: c1, Barriers: 19, Oops: 1, ImmediateOops: 0, NonImmediateOops: No
[2024-10-26T03:26:25.313+0530][0.704s][debug][gc,nmethod  ] Register NMethod: org.springframework.util.ConcurrentReferenceHashMap$Segment.<init> (0x0000029cc23da488) [0x0000029cc23da660, 0x0000029cc23db280] Compiler: c1, Barriers: 21, Oops: 1, ImmediateOops: 0, NonImmediateOops: No
[2024-10-26T03:26:25.316+0530][0.706s][debug][gc,director ] Rule Major: Warmup 10%, Used: 88MB, UsedThreshold: 204MB
[2024-10-26T03:26:25.316+0530][0.707s][debug][gc,nmethod  ] Register NMethod: jdk.internal.util.StrongReferenceKey.hashCode (0x0000029cc9c77688) [0x0000029cc9c77820, 0x0000029cc9c77e10] Compiler: c2, Barriers: 8, Oops: 0, ImmediateOops: 0, NonImmediateOops: No
[2024-10-26T03:26:25.320+0530][0.711s][debug][gc,nmethod  ] Register NMethod: org.springframework.boot.loader.net.protocol.jar.JarUrlConnection.open (0x0000029cc9c77e88) [0x0000029cc9c78720, 0x0000029cc9c80300] Compiler: c2, Barriers: 131, Oops: 19, ImmediateOops: 34, NonImmediateOops: No
[2024-10-26T03:26:25.322+0530][0.713s][debug][gc,nmethod  ] Register NMethod: java.util.stream.StreamOpFlag.combineOpFlags (0x0000029cc23db308) [0x0000029cc23db420, 0x0000029cc23db5d0] Compiler: c1, Barriers: 0, Oops: 0, ImmediateOops: 0, NonImmediateOops: No
[2024-10-26T03:26:25.322+0530][0.713s][debug][gc,nmethod  ] Register NMethod: java.util.stream.StreamOpFlag.getMask (0x0000029cc23db608) [0x0000029cc23db720, 0x0000029cc23db890] Compiler: c1, Barriers: 0, Oops: 0, ImmediateOops: 0, NonImmediateOops: No
[2024-10-26T03:26:25.323+0530][0.714s][debug][gc,nmethod  ] Register NMethod: jdk.internal.loader.URLClassPath$Loader.getResource (0x0000029cc9c80808) [0x0000029cc9c80ee0, 0x0000029cc9c85ad0] Compiler: c2, Barriers: 105, Oops: 13, ImmediateOops: 28, NonImmediateOops: No
[2024-10-26T03:26:25.324+0530][0.714s][debug][gc,nmethod  ] Register NMethod: java.lang.invoke.MethodType.methodType (0x0000029cc23db908) [0x0000029cc23dba40, 0x0000029cc23dbc08] Compiler: c1, Barriers: 0, Oops: 0, ImmediateOops: 2, NonImmediateOops: No
[2024-10-26T03:26:25.324+0530][0.715s][debug][gc,nmethod  ] Register NMethod: java.lang.invoke.MethodHandle.asTypeCached (0x0000029cc23dbc88) [0x0000029cc23dbde0, 0x0000029cc23dc2a0] Compiler: c1, Barriers: 4, Oops: 0, ImmediateOops: 0, NonImmediateOops: No
[2024-10-26T03:26:25.324+0530][0.715s][debug][gc,nmethod  ] Register NMethod: java.util.concurrent.locks.ReentrantLock$NonfairSync.initialTryLock (0x0000029cc9c85f88) [0x0000029cc9c860a0, 0x0000029cc9c86358] Compiler: c2, Barriers: 5, Oops: 0, ImmediateOops: 1, NonImmediateOops: No
[2024-10-26T03:26:25.324+0530][0.715s][debug][gc,nmethod  ] Register NMethod: jdk.internal.misc.Unsafe.ensureClassInitialized (0x0000029cc23dc308) [0x0000029cc23dc440, 0x0000029cc23dc678] Compiler: c1, Barriers: 0, Oops: 0, ImmediateOops: 0, NonImmediateOops: No
[2024-10-26T03:26:25.325+0530][0.716s][debug][gc,nmethod  ] Register NMethod: jdk.internal.misc.Unsafe.storeFence (0x0000029cc23dc688) [0x0000029cc23dc7a0, 0x0000029cc23dc8c0] Compiler: c1, Barriers: 0, Oops: 0, ImmediateOops: 0, NonImmediateOops: No
[2024-10-26T03:26:25.325+0530][0.716s][debug][gc,nmethod  ] Register NMethod: java.util.concurrent.CopyOnWriteArrayList.getArray (0x0000029cc9c86408) [0x0000029cc9c86520, 0x0000029cc9c86618] Compiler: c1, Barriers: 1, Oops: 0, ImmediateOops: 0, NonImmediateOops: No
[2024-10-26T03:26:25.327+0530][0.717s][debug][gc,director ] Rule Major: Warmup 10%, Used: 88MB, UsedThreshold: 204MB
[2024-10-26T03:26:25.327+0530][0.718s][debug][gc,nmethod  ] Register NMethod: org.springframework.util.Assert.notNull (0x0000029cc23dc988) [0x0000029cc23dcac0, 0x0000029cc23dcca0] Compiler: c1, Barriers: 0, Oops: 1, ImmediateOops: 0, NonImmediateOops: No
[2024-10-26T03:26:25.327+0530][0.718s][debug][gc,nmethod  ] Register NMethod: java.net.URLClassLoader.defineClass (0x0000029cc23dcd08) [0x0000029cc23dd0c0, 0x0000029cc23dee08] Compiler: c1, Barriers: 6, Oops: 1, ImmediateOops: 4, NonImmediateOops: No
[2024-10-26T03:26:25.329+0530][0.720s][debug][gc,nmethod  ] Register NMethod: java.util.HashMap.putVal (0x0000029cc23def08) [0x0000029cc23df160, 0x0000029cc23e03c8] Compiler: c1, Barriers: 15, Oops: 0, ImmediateOops: 0, NonImmediateOops: No
[2024-10-26T03:26:25.332+0530][0.723s][debug][gc,nmethod  ] Register NMethod: java.lang.invoke.MemberName.asConstructor (0x0000029cc23e0408) [0x0000029cc23e05a0, 0x0000029cc23e0ba0] Compiler: c1, Barriers: 0, Oops: 0, ImmediateOops: 0, NonImmediateOops: No
[2024-10-26T03:26:25.332+0530][0.723s][debug][gc,nmethod  ] Register NMethod: java.lang.invoke.MethodHandles$Lookup.getDirectConstructorCommon (0x0000029cc23e0c08) [0x0000029cc23e0da0, 0x0000029cc23e1340] Compiler: c1, Barriers: 2, Oops: 0, ImmediateOops: 0, NonImmediateOops: No
[2024-10-26T03:26:25.333+0530][0.724s][debug][gc,nmethod  ] Register NMethod: jdk.internal.org.objectweb.asm.FieldVisitor.<init> (0x0000029cc23e1388) [0x0000029cc23e14a0, 0x0000029cc23e15e8] Compiler: c1, Barriers: 0, Oops: 0, ImmediateOops: 0, NonImmediateOops: No
[2024-10-26T03:26:25.333+0530][0.724s][debug][gc,nmethod  ] Register NMethod: jdk.internal.org.objectweb.asm.ClassWriter.visitField (0x0000029cc23e1688) [0x0000029cc23e17e0, 0x0000029cc23e1bf8] Compiler: c1, Barriers: 12, Oops: 0, ImmediateOops: 0, NonImmediateOops: No
[2024-10-26T03:26:25.333+0530][0.724s][debug][gc,nmethod  ] Register NMethod: java.net.URL.<init> (0x0000029cc23e1c08) [0x0000029cc23e2220, 0x0000029cc23e5b00] Compiler: c1, Barriers: 55, Oops: 4, ImmediateOops: 14, NonImmediateOops: No
[2024-10-26T03:26:25.333+0530][0.724s][debug][gc,nmethod  ] Register NMethod: jdk.internal.org.objectweb.asm.FieldWriter.<init> (0x0000029cc23e5c08) [0x0000029cc23e5d80, 0x0000029cc23e6150] Compiler: c1, Barriers: 3, Oops: 0, ImmediateOops: 0, NonImmediateOops: No
[2024-10-26T03:26:25.333+0530][0.724s][debug][gc,nmethod  ] Register NMethod: jdk.internal.org.objectweb.asm.FieldWriter.visitEnd (0x0000029cc23e6188) [0x0000029cc23e62a0, 0x0000029cc23e63a8] Compiler: c1, Barriers: 0, Oops: 0, ImmediateOops: 0, NonImmediateOops: No
[2024-10-26T03:26:25.333+0530][0.724s][debug][gc,nmethod  ] Register NMethod: jdk.internal.org.objectweb.asm.FieldVisitor.<init> (0x0000029cc23e6488) [0x0000029cc23e6640, 0x0000029cc23e6e40] Compiler: c1, Barriers: 3, Oops: 1, ImmediateOops: 2, NonImmediateOops: No
[2024-10-26T03:26:25.335+0530][0.725s][debug][gc,nmethod  ] Register NMethod: java.util.TreeMap.parentOf (0x0000029cc23e6f08) [0x0000029cc23e7020, 0x0000029cc23e71b0] Compiler: c1, Barriers: 1, Oops: 0, ImmediateOops: 0, NonImmediateOops: No
[2024-10-26T03:26:25.335+0530][0.725s][debug][gc,nmethod  ] Register NMethod: java.lang.Math.min (0x0000029cc9c86708) [0x0000029cc9c86800, 0x0000029cc9c86870] Compiler: c2, Barriers: 0, Oops: 0, ImmediateOops: 0, NonImmediateOops: No
[2024-10-26T03:26:25.335+0530][0.726s][debug][gc,nmethod  ] Register NMethod: java.net.URL.isValidProtocol (0x0000029cc9c86a08) [0x0000029cc9c86b60, 0x0000029cc9c86f48] Compiler: c2, Barriers: 2, Oops: 2, ImmediateOops: 2, NonImmediateOops: No
[2024-10-26T03:26:25.337+0530][0.727s][debug][gc,director ] Rule Major: Warmup 10%, Used: 90MB, UsedThreshold: 204MB
[2024-10-26T03:26:25.339+0530][0.730s][debug][gc,nmethod  ] Register NMethod: jdk.internal.loader.URLClassPath.getLoader (0x0000029cc9c87008) [0x0000029cc9c87200, 0x0000029cc9c87fb0] Compiler: c2, Barriers: 9, Oops: 0, ImmediateOops: 0, NonImmediateOops: No
[2024-10-26T03:26:25.340+0530][0.730s][debug][gc,nmethod  ] Register NMethod: java.util.HashMap.put (0x0000029cc9c88088) [0x0000029cc9c88260, 0x0000029cc9c88d20] Compiler: c2, Barriers: 20, Oops: 0, ImmediateOops: 0, NonImmediateOops: No
[2024-10-26T03:26:25.340+0530][0.731s][debug][gc,nmethod  ] Register NMethod: java.lang.invoke.DirectMethodHandle.shouldBeInitialized (0x0000029cc23e7208) [0x0000029cc23e73e0, 0x0000029cc23e7b98] Compiler: c1, Barriers: 1, Oops: 1, ImmediateOops: 9, NonImmediateOops: No
[2024-10-26T03:26:25.341+0530][0.732s][debug][gc,nmethod  ] Register NMethod: java.lang.invoke.MethodHandle.linkToStatic (0x0000029cc9c88e08) [0x0000029cc9c88f00, 0x0000029cc9c89010] Compiler: , Barriers: 0, Oops: 0, ImmediateOops: 0, NonImmediateOops: No
[2024-10-26T03:26:25.342+0530][0.733s][debug][gc,nmethod  ] Register NMethod: java.lang.StringConcatHelper.newString (0x0000029cc9c89108) [0x0000029cc9c89220, 0x0000029cc9c89348] Compiler: c2, Barriers: 2, Oops: 0, ImmediateOops: 0, NonImmediateOops: No
[2024-10-26T03:26:25.343+0530][0.734s][debug][gc,nmethod  ] Register NMethod: jdk.internal.misc.Unsafe.getIntVolatile (0x0000029cc9c89408) [0x0000029cc9c89520, 0x0000029cc9c89748] Compiler: , Barriers: 0, Oops: 0, ImmediateOops: 0, NonImmediateOops: No
[2024-10-26T03:26:25.345+0530][0.736s][debug][gc,nmethod  ] Register NMethod: org.springframework.util.ConcurrentReferenceHashMap$Segment.clear (0x0000029cc23e7c08) [0x0000029cc23e7e00, 0x0000029cc23e8b00] Compiler: c1, Barriers: 12, Oops: 1, ImmediateOops: 0, NonImmediateOops: No
[2024-10-26T03:26:25.345+0530][0.736s][debug][gc,nmethod  ] Register NMethod: java.util.ArrayList.toArray (0x0000029cc23e8b88) [0x0000029cc23e8d00, 0x0000029cc23e92f8] Compiler: c1, Barriers: 6, Oops: 0, ImmediateOops: 0, NonImmediateOops: No
[2024-10-26T03:26:25.345+0530][0.736s][debug][gc,alloc    ] Mutator Allocation Rate: 127.5MB/s Predicted: 167.3MB/s, Avg: 131.6(+/-39.3)MB/s
[2024-10-26T03:26:25.345+0530][0.736s][debug][gc,director ] Rule Major: Warmup 10%, Used: 92MB, UsedThreshold: 204MB
[2024-10-26T03:26:25.345+0530][0.736s][debug][gc,nmethod  ] Register NMethod: java.util.RegularEnumSet.contains (0x0000029cc23e9388) [0x0000029cc23e94e0, 0x0000029cc23e9938] Compiler: c1, Barriers: 3, Oops: 0, ImmediateOops: 0, NonImmediateOops: No
[2024-10-26T03:26:25.346+0530][0.736s][debug][gc,nmethod  ] Register NMethod: org.springframework.core.ResolvableType.resolve (0x0000029cc9c89788) [0x0000029cc9c898a0, 0x0000029cc9c89998] Compiler: c1, Barriers: 1, Oops: 1, ImmediateOops: 0, NonImmediateOops: No
[2024-10-26T03:26:25.347+0530][0.738s][debug][gc,nmethod  ] Register NMethod: org.springframework.boot.loader.zip.ZipContent.loadZipCentralDirectoryFileHeaderRecord (0x0000029cc9c89a88) [0x0000029cc9c89ba0, 0x0000029cc9c89cd0] Compiler: c2, Barriers: 1, Oops: 1, ImmediateOops: 0, NonImmediateOops: No
[2024-10-26T03:26:25.349+0530][0.739s][debug][gc,nmethod  ] Register NMethod: java.net.URL.lowerCaseProtocol (0x0000029cc9c89d88) [0x0000029cc9c89f00, 0x0000029cc9c8aa90] Compiler: c2, Barriers: 5, Oops: 5, ImmediateOops: 14, NonImmediateOops: No
[2024-10-26T03:26:25.352+0530][0.743s][debug][gc,nmethod  ] Register NMethod: jdk.internal.misc.Unsafe.putReference (0x0000029cc9c8ab88) [0x0000029cc9c8aca0, 0x0000029cc9c8aed0] Compiler: , Barriers: 0, Oops: 0, ImmediateOops: 0, NonImmediateOops: No
[2024-10-26T03:26:25.352+0530][0.743s][debug][gc,nmethod  ] Register NMethod: sun.reflect.generics.parser.SignatureParser.current (0x0000029cc9c8af08) [0x0000029cc9c8b020, 0x0000029cc9c8b1f8] Compiler: c2, Barriers: 2, Oops: 1, ImmediateOops: 0, NonImmediateOops: No
[2024-10-26T03:26:25.355+0530][0.745s][debug][gc,director ] Rule Major: Warmup 10%, Used: 92MB, UsedThreshold: 204MB
[2024-10-26T03:26:25.355+0530][0.746s][debug][gc,nmethod  ] Register NMethod: java.lang.Math.clamp (0x0000029cc9c8b288) [0x0000029cc9c8b380, 0x0000029cc9c8b448] Compiler: c2, Barriers: 0, Oops: 0, ImmediateOops: 0, NonImmediateOops: No
[2024-10-26T03:26:25.355+0530][0.746s][debug][gc,nmethod  ] Register NMethod: java.net.URL.getURLStreamHandler (0x0000029cc9c8b588) [0x0000029cc9c8b7c0, 0x0000029cc9c8c7f8] Compiler: c2, Barriers: 8, Oops: 2, ImmediateOops: 17, NonImmediateOops: No
[2024-10-26T03:26:25.356+0530][0.746s][debug][gc,nmethod  ] Register NMethod: java.lang.String.indexOf (0x0000029cc9c8c888) [0x0000029cc9c8c9a0, 0x0000029cc9c8cdf8] Compiler: c2, Barriers: 2, Oops: 0, ImmediateOops: 0, NonImmediateOops: No
[2024-10-26T03:26:25.356+0530][0.747s][debug][gc,nmethod  ] Register NMethod: java.lang.String.indexOf (0x0000029cc9c8ce88) [0x0000029cc9c8cfa0, 0x0000029cc9c8d3a8] Compiler: c2, Barriers: 1, Oops: 0, ImmediateOops: 0, NonImmediateOops: No
[2024-10-26T03:26:25.356+0530][0.747s][debug][gc,nmethod  ] Register NMethod: java.util.Hashtable.get (0x0000029cc9c8d408) [0x0000029cc9c8d580, 0x0000029cc9c8dff8] Compiler: c2, Barriers: 6, Oops: 0, ImmediateOops: 0, NonImmediateOops: No
[2024-10-26T03:26:25.360+0530][0.751s][debug][gc,nmethod  ] Register NMethod: org.springframework.util.ConcurrentReferenceHashMap$Task.hasOption (0x0000029cc23e9988) [0x0000029cc23e9ac0, 0x0000029cc23e9c58] Compiler: c1, Barriers: 1, Oops: 1, ImmediateOops: 0, NonImmediateOops: No
[2024-10-26T03:26:25.365+0530][0.755s][debug][gc,nmethod  ] Register NMethod: sun.reflect.generics.parser.SignatureParser.skipIdentifier (0x0000029cc9c8e088) [0x0000029cc9c8e1e0, 0x0000029cc9c8e650] Compiler: c2, Barriers: 4, Oops: 2, ImmediateOops: 1, NonImmediateOops: No
[2024-10-26T03:26:25.365+0530][0.756s][debug][gc,nmethod  ] Register NMethod: java.util.RegularEnumSet.add (0x0000029cc23e9c88) [0x0000029cc23e9dc0, 0x0000029cc23e9fd8] Compiler: c1, Barriers: 0, Oops: 0, ImmediateOops: 0, NonImmediateOops: No
[2024-10-26T03:26:25.365+0530][0.756s][debug][gc,nmethod  ] Register NMethod: java.util.RegularEnumSet.add (0x0000029cc23ea008) [0x0000029cc23ea140, 0x0000029cc23ea318] Compiler: c1, Barriers: 0, Oops: 0, ImmediateOops: 0, NonImmediateOops: No
[2024-10-26T03:26:25.365+0530][0.756s][debug][gc,nmethod  ] Register NMethod: java.util.EnumSet.typeCheck (0x0000029cc23ea388) [0x0000029cc23ea5c0, 0x0000029cc23eb118] Compiler: c1, Barriers: 4, Oops: 1, ImmediateOops: 4, NonImmediateOops: No
[2024-10-26T03:26:25.366+0530][0.756s][debug][gc,director ] Rule Major: Warmup 10%, Used: 94MB, UsedThreshold: 204MB
[2024-10-26T03:26:25.367+0530][0.758s][debug][gc,nmethod  ] Register NMethod: java.util.Collections.singletonIterator (0x0000029cc23eb188) [0x0000029cc23eb2c0, 0x0000029cc23eb540] Compiler: c1, Barriers: 3, Oops: 0, ImmediateOops: 0, NonImmediateOops: No
[2024-10-26T03:26:25.367+0530][0.758s][debug][gc,nmethod  ] Register NMethod: java.util.Collections$1.<init> (0x0000029cc23eb588) [0x0000029cc23eb6a0, 0x0000029cc23eb888] Compiler: c1, Barriers: 3, Oops: 0, ImmediateOops: 0, NonImmediateOops: No
[2024-10-26T03:26:25.368+0530][0.758s][debug][gc,nmethod  ] Register NMethod: java.util.Collections$1.next (0x0000029cc23eb908) [0x0000029cc23eba40, 0x0000029cc23ebc90] Compiler: c1, Barriers: 1, Oops: 0, ImmediateOops: 0, NonImmediateOops: No
[2024-10-26T03:26:25.371+0530][0.761s][debug][gc,nmethod  ] Register NMethod: org.springframework.boot.loader.net.protocol.jar.Canonicalizer.canonicalizeAfter (0x0000029cc9c8e708) [0x0000029cc9c8e840, 0x0000029cc9c8ebd0] Compiler: c2, Barriers: 1, Oops: 4, ImmediateOops: 1, NonImmediateOops: No
[2024-10-26T03:26:25.371+0530][0.762s][debug][gc,nmethod  ] Register NMethod: org.springframework.util.ConcurrentReferenceHashMap.getSegmentForHash (0x0000029cc23ebd08) [0x0000029cc23ebe20, 0x0000029cc23ebfd0] Compiler: c1, Barriers: 2, Oops: 1, ImmediateOops: 0, NonImmediateOops: No
[2024-10-26T03:26:25.371+0530][0.762s][debug][gc,nmethod  ] Register NMethod: org.springframework.util.ConcurrentReferenceHashMap.getHash (0x0000029cc23ec008) [0x0000029cc23ec140, 0x0000029cc23ec3a0] Compiler: c1, Barriers: 0, Oops: 1, ImmediateOops: 0, NonImmediateOops: No
[2024-10-26T03:26:25.372+0530][0.763s][debug][gc,nmethod  ] Register NMethod: org.springframework.core.ResolvableType.forType (0x0000029cc23ec408) [0x0000029cc23ec520, 0x0000029cc23ec648] Compiler: c1, Barriers: 0, Oops: 1, ImmediateOops: 0, NonImmediateOops: No
[2024-10-26T03:26:25.372+0530][0.763s][debug][gc,nmethod  ] Register NMethod: org.springframework.core.ResolvableType.resolveClass (0x0000029cc23ec708) [0x0000029cc23ec8a0, 0x0000029cc23ed1d0] Compiler: c1, Barriers: 4, Oops: 1, ImmediateOops: 1, NonImmediateOops: No
[2024-10-26T03:26:25.372+0530][0.763s][debug][gc,nmethod  ] Register NMethod: org.springframework.core.ResolvableType.forType (0x0000029cc23ed288) [0x0000029cc23ed460, 0x0000029cc23edd40] Compiler: c1, Barriers: 5, Oops: 2, ImmediateOops: 3, NonImmediateOops: No
[2024-10-26T03:26:25.373+0530][0.764s][debug][gc,nmethod  ] Register NMethod: java.util.concurrent.locks.ReentrantLock$Sync.tryRelease (0x0000029cc9c8ec88) [0x0000029cc9c8eda0, 0x0000029cc9c8efb8] Compiler: c2, Barriers: 4, Oops: 0, ImmediateOops: 0, NonImmediateOops: No
[2024-10-26T03:26:25.375+0530][0.766s][debug][gc,nmethod  ] Register NMethod: sun.reflect.generics.visitor.Reifier.make (0x0000029cc23edd88) [0x0000029cc23edec0, 0x0000029cc23ee140] Compiler: c1, Barriers: 3, Oops: 0, ImmediateOops: 0, NonImmediateOops: No
[2024-10-26T03:26:25.375+0530][0.766s][debug][gc,nmethod  ] Register NMethod: sun.reflect.generics.visitor.Reifier.<init> (0x0000029cc23ee188) [0x0000029cc23ee2a0, 0x0000029cc23ee480] Compiler: c1, Barriers: 3, Oops: 0, ImmediateOops: 0, NonImmediateOops: No
[2024-10-26T03:26:25.375+0530][0.766s][debug][gc,nmethod  ] Register NMethod: sun.reflect.generics.visitor.Reifier.getResult (0x0000029cc23ee508) [0x0000029cc23ee620, 0x0000029cc23ee768] Compiler: c1, Barriers: 1, Oops: 0, ImmediateOops: 0, NonImmediateOops: No
[2024-10-26T03:26:25.375+0530][0.766s][debug][gc,nmethod  ] Register NMethod: org.springframework.core.ResolvableType.hashCode (0x0000029cc23ee808) [0x0000029cc23ee940, 0x0000029cc23eeb18] Compiler: c1, Barriers: 1, Oops: 1, ImmediateOops: 0, NonImmediateOops: No
[2024-10-26T03:26:25.376+0530][0.767s][debug][gc,nmethod  ] Register NMethod: org.springframework.util.ConcurrentReferenceHashMap$Segment.getIndex (0x0000029cc23eeb88) [0x0000029cc23eeca0, 0x0000029cc23eedb8] Compiler: c1, Barriers: 0, Oops: 1, ImmediateOops: 0, NonImmediateOops: No
[2024-10-26T03:26:25.376+0530][0.767s][debug][gc,nmethod  ] Register NMethod: org.springframework.util.ObjectUtils.nullSafeHashCode (0x0000029cc23eee88) [0x0000029cc23ef160, 0x0000029cc23f0b98] Compiler: c1, Barriers: 1, Oops: 1, ImmediateOops: 0, NonImmediateOops: No
[2024-10-26T03:26:25.377+0530][0.767s][debug][gc,director ] Rule Major: Warmup 10%, Used: 94MB, UsedThreshold: 204MB
[2024-10-26T03:26:25.377+0530][0.768s][debug][gc,nmethod  ] Register NMethod: org.springframework.boot.loader.net.protocol.jar.Handler.extractRelativePath (0x0000029cc9c8f008) [0x0000029cc9c8f2a0, 0x0000029cc9c90e80] Compiler: c2, Barriers: 21, Oops: 5, ImmediateOops: 3, NonImmediateOops: No
[2024-10-26T03:26:25.377+0530][0.768s][debug][gc,nmethod  ] Register NMethod: org.springframework.util.ConcurrentReferenceHashMap$Segment.findInChain (0x0000029cc23f0c08) [0x0000029cc23f0d80, 0x0000029cc23f1338] Compiler: c1, Barriers: 2, Oops: 1, ImmediateOops: 0, NonImmediateOops: No
[2024-10-26T03:26:25.377+0530][0.768s][debug][gc,nmethod  ] Register NMethod: java.util.concurrent.ConcurrentLinkedDeque$Node.<init> (0x0000029cc23f1408) [0x0000029cc23f1520, 0x0000029cc23f1688] Compiler: c1, Barriers: 0, Oops: 0, ImmediateOops: 0, NonImmediateOops: No
[2024-10-26T03:26:25.377+0530][0.768s][debug][gc,nmethod  ] Register NMethod: java.lang.invoke.VarHandleReferences$FieldInstanceReadWrite.set (0x0000029cc23f1708) [0x0000029cc23f18c0, 0x0000029cc23f20d8] Compiler: c1, Barriers: 5, Oops: 1, ImmediateOops: 0, NonImmediateOops: No
[2024-10-26T03:26:25.377+0530][0.768s][debug][gc,nmethod  ] Register NMethod: org.springframework.util.ConcurrentReferenceHashMap.clear (0x0000029cc23f2188) [0x0000029cc23f22c0, 0x0000029cc23f2530] Compiler: c1, Barriers: 2, Oops: 1, ImmediateOops: 0, NonImmediateOops: No
[2024-10-26T03:26:25.378+0530][0.768s][debug][gc,nmethod  ] Register NMethod: java.lang.invoke.MethodHandle.invokeBasic (0x0000029cc9c91088) [0x0000029cc9c911a0, 0x0000029cc9c91490] Compiler: , Barriers: 0, Oops: 0, ImmediateOops: 0, NonImmediateOops: No
[2024-10-26T03:26:25.378+0530][0.769s][debug][gc,nmethod  ] Register NMethod: org.springframework.boot.loader.net.protocol.jar.Handler.extractContextPath (0x0000029cc9c91508) [0x0000029cc9c91680, 0x0000029cc9c91f10] Compiler: c2, Barriers: 5, Oops: 3, ImmediateOops: 1, NonImmediateOops: No
[2024-10-26T03:26:25.378+0530][0.769s][debug][gc,nmethod  ] Register NMethod: java.lang.invoke.VarHandleGuards.guard_LL_V (0x0000029cc23f2588) [0x0000029cc23f29c0, 0x0000029cc23f5578] Compiler: c1, Barriers: 46, Oops: 1, ImmediateOops: 6, NonImmediateOops: No
[2024-10-26T03:26:25.379+0530][0.769s][debug][gc,nmethod  ] Register NMethod: org.springframework.core.ResolvableType$DefaultVariableResolver.getSource (0x0000029cc9c92008) [0x0000029cc9c92120, 0x0000029cc9c92218] Compiler: c1, Barriers: 1, Oops: 1, ImmediateOops: 0, NonImmediateOops: No
[2024-10-26T03:26:25.379+0530][0.770s][debug][gc,nmethod  ] Register NMethod: org.springframework.boot.loader.net.protocol.jar.Handler.extractPath (0x0000029cc9c92308) [0x0000029cc9c925e0, 0x0000029cc9c943c0] Compiler: c2, Barriers: 22, Oops: 5, ImmediateOops: 3, NonImmediateOops: No
[2024-10-26T03:26:25.379+0530][0.770s][debug][gc,nmethod  ] Register NMethod: java.lang.invoke.MethodHandle.isAncestorLoaderOf (0x0000029cc23f5688) [0x0000029cc23f5820, 0x0000029cc23f5f98] Compiler: c1, Barriers: 1, Oops: 0, ImmediateOops: 4, NonImmediateOops: No
[2024-10-26T03:26:25.383+0530][0.773s][debug][gc,nmethod  ] Register NMethod: java.net.URL.<init> (0x0000029cc9c94588) [0x0000029cc9c94a20, 0x0000029cc9c99298] Compiler: c2, Barriers: 55, Oops: 10, ImmediateOops: 32, NonImmediateOops: No
[2024-10-26T03:26:25.383+0530][0.774s][debug][gc,nmethod  ] Register NMethod: java.lang.ref.ReferenceQueue.poll (0x0000029cc9c99508) [0x0000029cc9c99600, 0x0000029cc9c996d8] Compiler: c2, Barriers: 1, Oops: 0, ImmediateOops: 0, NonImmediateOops: No
[2024-10-26T03:26:25.385+0530][0.776s][debug][gc,nmethod  ] Register NMethod: java.lang.Integer.compare (0x0000029cc23f6008) [0x0000029cc23f6140, 0x0000029cc23f6308] Compiler: c1, Barriers: 0, Oops: 0, ImmediateOops: 0, NonImmediateOops: No
[2024-10-26T03:26:25.387+0530][0.777s][debug][gc,director ] Rule Major: Warmup 10%, Used: 96MB, UsedThreshold: 204MB
[2024-10-26T03:26:25.387+0530][0.778s][debug][gc,nmethod  ] Register NMethod: java.lang.invoke.BoundMethodHandle$Species_L.<init> (0x0000029cc23f6388) [0x0000029cc23f64c0, 0x0000029cc23f6700] Compiler: c1, Barriers: 3, Oops: 0, ImmediateOops: 0, NonImmediateOops: No
[2024-10-26T03:26:25.388+0530][0.779s][debug][gc,nmethod  ] Register NMethod: java.util.HashMap$HashIterator.nextNode (0x0000029cc9c99808) [0x0000029cc9c99960, 0x0000029cc9c9a148] Compiler: c2, Barriers: 24, Oops: 0, ImmediateOops: 0, NonImmediateOops: No
[2024-10-26T03:26:25.389+0530][0.780s][debug][gc,nmethod  ] Register NMethod: org.springframework.boot.loader.net.protocol.jar.Handler.parseURL (0x0000029cc9c9a188) [0x0000029cc9c9a500, 0x0000029cc9c9d678] Compiler: c2, Barriers: 48, Oops: 10, ImmediateOops: 9, NonImmediateOops: No
[2024-10-26T03:26:25.390+0530][0.781s][debug][gc,nmethod  ] Register NMethod: java.io.WinNTFileSystem.prefixLength (0x0000029cc23f6788) [0x0000029cc23f6a20, 0x0000029cc23f7d70] Compiler: c1, Barriers: 1, Oops: 1, ImmediateOops: 6, NonImmediateOops: No
[2024-10-26T03:26:25.390+0530][0.781s][debug][gc,nmethod  ] Register NMethod: ch.qos.logback.classic.Logger.getName (0x0000029cc9c9d988) [0x0000029cc9c9daa0, 0x0000029cc9c9db98] Compiler: c1, Barriers: 1, Oops: 1, ImmediateOops: 0, NonImmediateOops: No
[2024-10-26T03:26:25.391+0530][0.782s][debug][gc,nmethod  ] Register NMethod: org.springframework.boot.loader.jar.NestedJarFile.hasEntry (0x0000029cc23f7e08) [0x0000029cc23f7fa0, 0x0000029cc23f8550] Compiler: c1, Barriers: 4, Oops: 1, ImmediateOops: 0, NonImmediateOops: No
[2024-10-26T03:26:25.394+0530][0.784s][debug][gc,nmethod  ] Register NMethod: java.lang.AbstractStringBuilder.newCapacity (0x0000029cc9c9dc88) [0x0000029cc9c9dda0, 0x0000029cc9c9df00] Compiler: c2, Barriers: 1, Oops: 0, ImmediateOops: 0, NonImmediateOops: No
[2024-10-26T03:26:25.394+0530][0.785s][debug][gc,nmethod  ] Register NMethod: java.util.HashSet.add (0x0000029cc9c9df88) [0x0000029cc9c9e280, 0x0000029cc9c9ff70] Compiler: c2, Barriers: 74, Oops: 1, ImmediateOops: 6, NonImmediateOops: No
[2024-10-26T03:26:25.395+0530][0.786s][debug][gc,nmethod  ] Register NMethod: org.springframework.boot.context.properties.source.ConfigurationPropertyName$ElementType.isIndexed (0x0000029cc9ca0088) [0x0000029cc9ca01a0, 0x0000029cc9ca0270] Compiler: c1, Barriers: 0, Oops: 1, ImmediateOops: 0, NonImmediateOops: No
[2024-10-26T03:26:25.396+0530][0.786s][debug][gc,nmethod  ] Register NMethod: org.springframework.boot.context.properties.source.ConfigurationPropertyName$Elements.getSize (0x0000029cc9ca0388) [0x0000029cc9ca04a0, 0x0000029cc9ca0568] Compiler: c1, Barriers: 0, Oops: 1, ImmediateOops: 0, NonImmediateOops: No
[2024-10-26T03:26:25.396+0530][0.787s][debug][gc,nmethod  ] Register NMethod: org.springframework.boot.context.properties.source.ConfigurationPropertyName$ElementsParser.isAlpha (0x0000029cc23f8588) [0x0000029cc23f86a0, 0x0000029cc23f8808] Compiler: c1, Barriers: 0, Oops: 1, ImmediateOops: 0, NonImmediateOops: No
[2024-10-26T03:26:25.396+0530][0.787s][debug][gc,nmethod  ] Register NMethod: org.springframework.boot.context.properties.source.ConfigurationPropertyName$Elements.charAt (0x0000029cc23f8888) [0x0000029cc23f89e0, 0x0000029cc23f8e38] Compiler: c1, Barriers: 4, Oops: 1, ImmediateOops: 0, NonImmediateOops: No
[2024-10-26T03:26:25.396+0530][0.787s][debug][gc,nmethod  ] Register NMethod: java.lang.Character.toLowerCase (0x0000029cc23f8e88) [0x0000029cc23f8fc0, 0x0000029cc23f9218] Compiler: c1, Barriers: 0, Oops: 0, ImmediateOops: 0, NonImmediateOops: No
[2024-10-26T03:26:25.396+0530][0.787s][debug][gc,nmethod  ] Register NMethod: java.lang.Character.toLowerCase (0x0000029cc23f9288) [0x0000029cc23f93c0, 0x0000029cc23f95b8] Compiler: c1, Barriers: 0, Oops: 0, ImmediateOops: 0, NonImmediateOops: No
[2024-10-26T03:26:25.396+0530][0.787s][debug][gc,nmethod  ] Register NMethod: org.springframework.boot.context.properties.source.ConfigurationPropertyName$ElementsParser.isAlphaNumeric (0x0000029cc23f9608) [0x0000029cc23f9740, 0x0000029cc23f9a48] Compiler: c1, Barriers: 0, Oops: 1, ImmediateOops: 0, NonImmediateOops: No
[2024-10-26T03:26:25.396+0530][0.787s][debug][gc,nmethod  ] Register NMethod: java.util.HashMap.computeIfAbsent (0x0000029cc23f9a88) [0x0000029cc23f9d40, 0x0000029cc23fb3e0] Compiler: c1, Barriers: 11, Oops: 0, ImmediateOops: 0, NonImmediateOops: No
[2024-10-26T03:26:25.396+0530][0.787s][debug][gc,nmethod  ] Register NMethod: org.springframework.boot.context.properties.source.ConfigurationPropertyName$ElementsParser.isValidChar (0x0000029cc23fb408) [0x0000029cc23fb540, 0x0000029cc23fb8a0] Compiler: c1, Barriers: 0, Oops: 1, ImmediateOops: 0, NonImmediateOops: No
[2024-10-26T03:26:25.396+0530][0.787s][debug][gc,nmethod  ] Register NMethod: org.springframework.boot.context.properties.source.ConfigurationPropertyName$Elements.getType (0x0000029cc23fb908) [0x0000029cc23fba20, 0x0000029cc23fbbb8] Compiler: c1, Barriers: 2, Oops: 1, ImmediateOops: 0, NonImmediateOops: No
[2024-10-26T03:26:25.397+0530][0.787s][debug][gc,director ] Rule Major: Warmup 10%, Used: 96MB, UsedThreshold: 204MB
[2024-10-26T03:26:25.397+0530][0.787s][debug][gc,nmethod  ] Register NMethod: org.springframework.util.ObjectUtils.nullSafeEquals (0x0000029cc23fbc08) [0x0000029cc23fbda0, 0x0000029cc23fc2a0] Compiler: c1, Barriers: 2, Oops: 1, ImmediateOops: 0, NonImmediateOops: No
[2024-10-26T03:26:25.397+0530][0.788s][debug][gc,nmethod  ] Register NMethod: org.springframework.boot.context.properties.source.ConfigurationPropertyName$ElementsParser.updateType (0x0000029cc23fc308) [0x0000029cc23fc540, 0x0000029cc23fd4f8] Compiler: c1, Barriers: 0, Oops: 1, ImmediateOops: 10, NonImmediateOops: No
[2024-10-26T03:26:25.397+0530][0.788s][debug][gc,nmethod  ] Register NMethod: java.lang.invoke.LambdaForm$MH/0x000002a0d4000800.invoke (0x0000029cc9ca0688) [0x0000029cc9ca0780, 0x0000029cc9ca0860] Compiler: c2, Barriers: 1, Oops: 1, ImmediateOops: 0, NonImmediateOops: No
[2024-10-26T03:26:25.397+0530][0.788s][debug][gc,nmethod  ] Register NMethod: java.lang.invoke.Invokers$Holder.linkToTargetMethod (0x0000029cc9ca0988) [0x0000029cc9ca0aa0, 0x0000029cc9ca0b78] Compiler: c2, Barriers: 0, Oops: 0, ImmediateOops: 0, NonImmediateOops: No
[2024-10-26T03:26:25.397+0530][0.788s][debug][gc,nmethod  ] Register NMethod: org.springframework.boot.context.properties.source.ConfigurationPropertyName$Elements.getLength (0x0000029cc23fd588) [0x0000029cc23fd6e0, 0x0000029cc23fda80] Compiler: c1, Barriers: 4, Oops: 1, ImmediateOops: 0, NonImmediateOops: No
[2024-10-26T03:26:25.397+0530][0.788s][debug][gc,nmethod  ] Register NMethod: org.springframework.boot.context.properties.source.ConfigurationPropertyName.getNumberOfElements (0x0000029cc23fdb08) [0x0000029cc23fdc20, 0x0000029cc23fdd88] Compiler: c1, Barriers: 1, Oops: 1, ImmediateOops: 0, NonImmediateOops: No
[2024-10-26T03:26:25.397+0530][0.788s][debug][gc,nmethod  ] Register NMethod: org.springframework.boot.context.properties.source.ConfigurationPropertyName.isEmpty (0x0000029cc23fde08) [0x0000029cc23fdf20, 0x0000029cc23fe0e0] Compiler: c1, Barriers: 1, Oops: 1, ImmediateOops: 0, NonImmediateOops: No
[2024-10-26T03:26:25.397+0530][0.788s][debug][gc,nmethod  ] Register NMethod: java.lang.invoke.MethodHandle.linkToSpecial (0x0000029cc9ca0c88) [0x0000029cc9ca0d80, 0x0000029cc9ca0e90] Compiler: , Barriers: 0, Oops: 0, ImmediateOops: 0, NonImmediateOops: No
[2024-10-26T03:26:25.397+0530][0.788s][debug][gc,nmethod  ] Register NMethod: org.springframework.boot.context.properties.source.ConfigurationPropertyName.hashCode (0x0000029cc23fe108) [0x0000029cc23fe2e0, 0x0000029cc23fece0] Compiler: c1, Barriers: 3, Oops: 1, ImmediateOops: 0, NonImmediateOops: No
[2024-10-26T03:26:25.398+0530][0.789s][debug][gc,nmethod  ] Register NMethod: java.lang.invoke.MemberName.asSpecial (0x0000029cc23fed88) [0x0000029cc23fefc0, 0x0000029cc23ffc10] Compiler: c1, Barriers: 0, Oops: 0, ImmediateOops: 0, NonImmediateOops: No
[2024-10-26T03:26:25.399+0530][0.790s][debug][gc,nmethod  ] Register NMethod: java.lang.Boolean.valueOf (0x0000029cc9ca0f88) [0x0000029cc9ca1080, 0x0000029cc9ca1100] Compiler: c2, Barriers: 0, Oops: 0, ImmediateOops: 2, NonImmediateOops: No
[2024-10-26T03:26:25.399+0530][0.790s][debug][gc,nmethod  ] Register NMethod: sun.invoke.util.VerifyAccess.getClassModifiers (0x0000029cc23ffc88) [0x0000029cc23ffdc0, 0x0000029cc23ffff0] Compiler: c1, Barriers: 0, Oops: 0, ImmediateOops: 0, NonImmediateOops: No
[2024-10-26T03:26:25.400+0530][0.790s][debug][gc,nmethod  ] Register NMethod: java.util.Spliterator.getExactSizeIfKnown (0x0000029cc2400088) [0x0000029cc24001c0, 0x0000029cc24004a8] Compiler: c1, Barriers: 0, Oops: 0, ImmediateOops: 0, NonImmediateOops: No
[2024-10-26T03:26:25.400+0530][0.791s][debug][gc,nmethod  ] Register NMethod: java.util.stream.MatchOps$BooleanTerminalSink.cancellationRequested (0x0000029cc9ca1288) [0x0000029cc9ca13a0, 0x0000029cc9ca1470] Compiler: c1, Barriers: 0, Oops: 0, ImmediateOops: 0, NonImmediateOops: No
[2024-10-26T03:26:25.400+0530][0.791s][debug][gc,nmethod  ] Register NMethod: org.springframework.boot.context.properties.source.ConfigurationPropertyName$Elements.<init> (0x0000029cc2400508) [0x0000029cc2400640, 0x0000029cc2400a00] Compiler: c1, Barriers: 15, Oops: 1, ImmediateOops: 0, NonImmediateOops: No
[2024-10-26T03:26:25.400+0530][0.791s][debug][gc,nmethod  ] Register NMethod: java.lang.CharacterDataLatin1.toLowerCase (0x0000029cc9ca1588) [0x0000029cc9ca1680, 0x0000029cc9ca1730] Compiler: c2, Barriers: 0, Oops: 0, ImmediateOops: 0, NonImmediateOops: No
[2024-10-26T03:26:25.400+0530][0.791s][debug][gc,nmethod  ] Register NMethod: java.lang.StringLatin1$CharsSpliterator.characteristics (0x0000029cc9ca1888) [0x0000029cc9ca19a0, 0x0000029cc9ca1a68] Compiler: c1, Barriers: 0, Oops: 0, ImmediateOops: 0, NonImmediateOops: No
[2024-10-26T03:26:25.400+0530][0.791s][debug][gc,nmethod  ] Register NMethod: org.springframework.boot.context.properties.source.ConfigurationPropertyName$ElementsParser.add (0x0000029cc2400a88) [0x0000029cc2400d40, 0x0000029cc2402170] Compiler: c1, Barriers: 34, Oops: 2, ImmediateOops: 2, NonImmediateOops: No
[2024-10-26T03:26:25.400+0530][0.791s][debug][gc,nmethod  ] Register NMethod: java.lang.ref.SoftReference.get (0x0000029cc2402208) [0x0000029cc2402320, 0x0000029cc24024e8] Compiler: c1, Barriers: 2, Oops: 0, ImmediateOops: 1, NonImmediateOops: No
[2024-10-26T03:26:25.400+0530][0.791s][debug][gc,nmethod  ] Register NMethod: java.lang.invoke.MethodHandleNatives.linkCallSite (0x0000029cc2402508) [0x0000029cc2402660, 0x0000029cc2402b58] Compiler: c1, Barriers: 0, Oops: 0, ImmediateOops: 0, NonImmediateOops: No
[2024-10-26T03:26:25.400+0530][0.791s][debug][gc,nmethod  ] Register NMethod: java.lang.invoke.MethodHandleNatives.staticArgumentsPulled (0x0000029cc2402b88) [0x0000029cc2402ca0, 0x0000029cc2402e68] Compiler: c1, Barriers: 0, Oops: 0, ImmediateOops: 0, NonImmediateOops: No
[2024-10-26T03:26:25.401+0530][0.791s][debug][gc,nmethod  ] Register NMethod: java.lang.invoke.MethodHandleNatives.linkCallSiteImpl (0x0000029cc2402e88) [0x0000029cc2403040, 0x0000029cc24039b8] Compiler: c1, Barriers: 9, Oops: 0, ImmediateOops: 0, NonImmediateOops: No
[2024-10-26T03:26:25.401+0530][0.792s][debug][gc,nmethod  ] Register NMethod: java.lang.invoke.ConstantCallSite.<init> (0x0000029cc2403a08) [0x0000029cc2403b80, 0x0000029cc2404160] Compiler: c1, Barriers: 7, Oops: 0, ImmediateOops: 2, NonImmediateOops: No
[2024-10-26T03:26:25.401+0530][0.792s][debug][gc,nmethod  ] Register NMethod: java.lang.invoke.MethodHandleNatives$CallSiteContext.make (0x0000029cc2404208) [0x0000029cc2404340, 0x0000029cc24045f0] Compiler: c1, Barriers: 0, Oops: 0, ImmediateOops: 1, NonImmediateOops: No
[2024-10-26T03:26:25.401+0530][0.792s][debug][gc,nmethod  ] Register NMethod: java.lang.invoke.CallSite.<init> (0x0000029cc2404688) [0x0000029cc2404800, 0x0000029cc2404d60] Compiler: c1, Barriers: 7, Oops: 0, ImmediateOops: 1, NonImmediateOops: No
[2024-10-26T03:26:25.401+0530][0.792s][debug][gc,nmethod  ] Register NMethod: java.lang.invoke.MethodHandleNatives$CallSiteContext.<init> (0x0000029cc2404e08) [0x0000029cc2404f20, 0x0000029cc2405088] Compiler: c1, Barriers: 0, Oops: 0, ImmediateOops: 0, NonImmediateOops: No
[2024-10-26T03:26:25.401+0530][0.792s][debug][gc,nmethod  ] Register NMethod: jdk.internal.misc.Unsafe.storeStoreFence (0x0000029cc2405108) [0x0000029cc2405220, 0x0000029cc2405340] Compiler: c1, Barriers: 0, Oops: 0, ImmediateOops: 0, NonImmediateOops: No
[2024-10-26T03:26:25.401+0530][0.792s][debug][gc,nmethod  ] Register NMethod: java.lang.invoke.CallSite.makeSite (0x0000029cc2405408) [0x0000029cc2405720, 0x0000029cc2406cb8] Compiler: c1, Barriers: 7, Oops: 1, ImmediateOops: 7, NonImmediateOops: No
[2024-10-26T03:26:25.401+0530][0.792s][debug][gc,nmethod  ] Register NMethod: java.lang.invoke.BootstrapMethodInvoker.widenAndCast (0x0000029cc2406d88) [0x0000029cc2406f80, 0x0000029cc2407898] Compiler: c1, Barriers: 0, Oops: 0, ImmediateOops: 0, NonImmediateOops: No
[2024-10-26T03:26:25.404+0530][0.794s][debug][gc,nmethod  ] Register NMethod: java.lang.invoke.BootstrapMethodInvoker.invoke (0x0000029cc2407908) [0x0000029cc24082a0, 0x0000029cc2410de8] Compiler: c1, Barriers: 71, Oops: 4, ImmediateOops: 20, NonImmediateOops: No
[2024-10-26T03:26:25.405+0530][0.796s][debug][gc,nmethod  ] Register NMethod: java.lang.String.toLowerCase (0x0000029cc9ca1b88) [0x0000029cc9ca1ce0, 0x0000029cc9ca25d8] Compiler: c2, Barriers: 5, Oops: 3, ImmediateOops: 4, NonImmediateOops: No
[2024-10-26T03:26:25.406+0530][0.797s][debug][gc,nmethod  ] Register NMethod: org.springframework.boot.loader.zip.ZipContent.getFirstLookupIndex (0x0000029cc2410f08) [0x0000029cc2411060, 0x0000029cc2411428] Compiler: c1, Barriers: 2, Oops: 1, ImmediateOops: 0, NonImmediateOops: No
[2024-10-26T03:26:25.407+0530][0.797s][debug][gc,director ] Rule Major: Warmup 10%, Used: 98MB, UsedThreshold: 204MB
[2024-10-26T03:26:25.409+0530][0.800s][debug][gc,nmethod  ] Register NMethod: org.springframework.boot.convert.ApplicationConversionService.assertModifiable (0x0000029cc2411488) [0x0000029cc24115c0, 0x0000029cc24117e0] Compiler: c1, Barriers: 0, Oops: 1, ImmediateOops: 1, NonImmediateOops: No
[2024-10-26T03:26:25.409+0530][0.800s][debug][gc,nmethod  ] Register NMethod: org.springframework.util.ConcurrentReferenceHashMap.getReference (0x0000029cc2411808) [0x0000029cc2411960, 0x0000029cc2411c28] Compiler: c1, Barriers: 2, Oops: 1, ImmediateOops: 0, NonImmediateOops: No
[2024-10-26T03:26:25.409+0530][0.800s][debug][gc,nmethod  ] Register NMethod: org.springframework.util.ConcurrentReferenceHashMap$Segment.getReference (0x0000029cc2411c88) [0x0000029cc2411de0, 0x0000029cc2412158] Compiler: c1, Barriers: 3, Oops: 1, ImmediateOops: 1, NonImmediateOops: No
[2024-10-26T03:26:25.409+0530][0.800s][debug][gc,nmethod  ] Register NMethod: org.springframework.util.ConcurrentReferenceHashMap.purgeUnreferencedEntries (0x0000029cc2412188) [0x0000029cc24122c0, 0x0000029cc2412538] Compiler: c1, Barriers: 2, Oops: 1, ImmediateOops: 0, NonImmediateOops: No
[2024-10-26T03:26:25.409+0530][0.800s][debug][gc,nmethod  ] Rebuilding NMethod Table: 4096->8192 entries, 2868(70%->35%) registered, 0(0%->0%) unregistered
[2024-10-26T03:26:25.409+0530][0.800s][debug][gc,nmethod  ] Register NMethod: java.lang.invoke.MethodHandle.invokeBasic (0x0000029cc9ca2688) [0x0000029cc9ca27a0, 0x0000029cc9ca2a90] Compiler: , Barriers: 0, Oops: 0, ImmediateOops: 0, NonImmediateOops: No
[2024-10-26T03:26:25.409+0530][0.800s][debug][gc,nmethod  ] Register NMethod: org.springframework.core.convert.converter.GenericConverter$ConvertiblePair.hashCode (0x0000029cc2412588) [0x0000029cc24126c0, 0x0000029cc24129d0] Compiler: c1, Barriers: 2, Oops: 1, ImmediateOops: 0, NonImmediateOops: No
[2024-10-26T03:26:25.410+0530][0.800s][debug][gc,nmethod  ] Register NMethod: java.util.Collections$SingletonSet.<init> (0x0000029cc2412a08) [0x0000029cc2412b40, 0x0000029cc2412dd8] Compiler: c1, Barriers: 3, Oops: 0, ImmediateOops: 0, NonImmediateOops: No
[2024-10-26T03:26:25.410+0530][0.801s][debug][gc,nmethod  ] Register NMethod: java.util.Collections.singleton (0x0000029cc2412e08) [0x0000029cc2412f40, 0x0000029cc2413278] Compiler: c1, Barriers: 3, Oops: 0, ImmediateOops: 0, NonImmediateOops: No
[2024-10-26T03:26:25.410+0530][0.801s][debug][gc,nmethod  ] Register NMethod: java.util.Collections$SingletonSet.iterator (0x0000029cc2413308) [0x0000029cc2413440, 0x0000029cc2413770] Compiler: c1, Barriers: 4, Oops: 0, ImmediateOops: 0, NonImmediateOops: No
[2024-10-26T03:26:25.410+0530][0.801s][debug][gc,nmethod  ] Register NMethod: org.springframework.core.convert.support.GenericConversionService$ConvertersForPair.add (0x0000029cc2413808) [0x0000029cc2413940, 0x0000029cc2413b50] Compiler: c1, Barriers: 1, Oops: 1, ImmediateOops: 0, NonImmediateOops: No
[2024-10-26T03:26:25.410+0530][0.801s][debug][gc,nmethod  ] Register NMethod: org.springframework.core.convert.support.GenericConversionService$Converters.getMatchableConverters (0x0000029cc2413b88) [0x0000029cc2413cc0, 0x0000029cc24140b8] Compiler: c1, Barriers: 1, Oops: 3, ImmediateOops: 1, NonImmediateOops: No
[2024-10-26T03:26:25.410+0530][0.801s][debug][gc,nmethod  ] Register NMethod: java.util.concurrent.ConcurrentLinkedDeque.addFirst (0x0000029cc2414108) [0x0000029cc2414220, 0x0000029cc2414358] Compiler: c1, Barriers: 0, Oops: 0, ImmediateOops: 0, NonImmediateOops: No
[2024-10-26T03:26:25.410+0530][0.801s][debug][gc,nmethod  ] Register NMethod: java.lang.invoke.VarHandleGuards.guard_LLL_Z (0x0000029cc2414408) [0x0000029cc2414700, 0x0000029cc2416430] Compiler: c1, Barriers: 28, Oops: 0, ImmediateOops: 2, NonImmediateOops: No
[2024-10-26T03:26:25.410+0530][0.801s][debug][gc,nmethod  ] Register NMethod: org.springframework.core.convert.converter.GenericConverter$ConvertiblePair.<init> (0x0000029cc2416508) [0x0000029cc2416680, 0x0000029cc2416b80] Compiler: c1, Barriers: 6, Oops: 3, ImmediateOops: 2, NonImmediateOops: No
[2024-10-26T03:26:25.410+0530][0.801s][debug][gc,nmethod  ] Register NMethod: java.util.concurrent.ConcurrentLinkedDeque.newNode (0x0000029cc2416c08) [0x0000029cc2416dc0, 0x0000029cc24175c0] Compiler: c1, Barriers: 3, Oops: 6, ImmediateOops: 7, NonImmediateOops: No
[2024-10-26T03:26:25.410+0530][0.801s][debug][gc,nmethod  ] Register NMethod: org.springframework.core.ResolvableType.<init> (0x0000029cc2417688) [0x0000029cc24177e0, 0x0000029cc2417c50] Compiler: c1, Barriers: 18, Oops: 1, ImmediateOops: 0, NonImmediateOops: No
[2024-10-26T03:26:25.410+0530][0.801s][debug][gc,nmethod  ] Register NMethod: java.lang.invoke.VarHandleReferences$FieldInstanceReadWrite.compareAndSet (0x0000029cc2417c88) [0x0000029cc2417e80, 0x0000029cc24188a8] Compiler: c1, Barriers: 7, Oops: 1, ImmediateOops: 0, NonImmediateOops: No
[2024-10-26T03:26:25.410+0530][0.801s][debug][gc,nmethod  ] Register NMethod: org.springframework.core.ResolvableType.calculateHashCode (0x0000029cc2418908) [0x0000029cc2418a80, 0x0000029cc2418f78] Compiler: c1, Barriers: 4, Oops: 1, ImmediateOops: 0, NonImmediateOops: No
[2024-10-26T03:26:25.411+0530][0.801s][debug][gc,nmethod  ] Register NMethod: org.springframework.core.ResolvableType.toClass (0x0000029cc2419008) [0x0000029cc2419140, 0x0000029cc24193c8] Compiler: c1, Barriers: 1, Oops: 2, ImmediateOops: 1, NonImmediateOops: No
[2024-10-26T03:26:25.411+0530][0.801s][debug][gc,nmethod  ] Register NMethod: org.springframework.core.ResolvableType.as (0x0000029cc2419408) [0x0000029cc24195a0, 0x0000029cc2419cd0] Compiler: c1, Barriers: 2, Oops: 1, ImmediateOops: 3, NonImmediateOops: No
[2024-10-26T03:26:25.411+0530][0.802s][debug][gc,nmethod  ] Register NMethod: org.springframework.util.ConcurrentReferenceHashMap$SoftEntryReference.get (0x0000029cc2419d08) [0x0000029cc2419e40, 0x0000029cc241a050] Compiler: c1, Barriers: 0, Oops: 1, ImmediateOops: 0, NonImmediateOops: No
[2024-10-26T03:26:25.411+0530][0.802s][debug][gc,nmethod  ] Register NMethod: org.springframework.core.ResolvableType.resolve (0x0000029cc241a088) [0x0000029cc241a1a0, 0x0000029cc241a348] Compiler: c1, Barriers: 1, Oops: 1, ImmediateOops: 0, NonImmediateOops: No
[2024-10-26T03:26:25.411+0530][0.802s][debug][gc,nmethod  ] Register NMethod: org.springframework.core.convert.support.GenericConversionService.addConverter (0x0000029cc241a388) [0x0000029cc241a4e0, 0x0000029cc241a7e0] Compiler: c1, Barriers: 2, Oops: 1, ImmediateOops: 0, NonImmediateOops: No
[2024-10-26T03:26:25.411+0530][0.802s][debug][gc,nmethod  ] Register NMethod: java.util.concurrent.ConcurrentLinkedDeque.linkFirst (0x0000029cc241a808) [0x0000029cc241ac20, 0x0000029cc241ceb8] Compiler: c1, Barriers: 16, Oops: 13, ImmediateOops: 33, NonImmediateOops: No
[2024-10-26T03:26:25.411+0530][0.802s][debug][gc,nmethod  ] Register NMethod: org.springframework.core.convert.support.GenericConversionService.invalidateCache (0x0000029cc241d008) [0x0000029cc241d140, 0x0000029cc241d350] Compiler: c1, Barriers: 1, Oops: 1, ImmediateOops: 0, NonImmediateOops: No
[2024-10-26T03:26:25.411+0530][0.802s][debug][gc,nmethod  ] Register NMethod: org.springframework.core.convert.support.GenericConversionService$Converters.add (0x0000029cc241d388) [0x0000029cc241d5a0, 0x0000029cc241e370] Compiler: c1, Barriers: 3, Oops: 4, ImmediateOops: 2, NonImmediateOops: No
[2024-10-26T03:26:25.411+0530][0.802s][debug][gc,nmethod  ] Register NMethod: org.springframework.util.ConcurrentReferenceHashMap.get (0x0000029cc241e408) [0x0000029cc241e560, 0x0000029cc241e940] Compiler: c1, Barriers: 1, Oops: 1, ImmediateOops: 1, NonImmediateOops: No
[2024-10-26T03:26:25.411+0530][0.802s][debug][gc,nmethod  ] Register NMethod: org.springframework.boot.convert.ApplicationConversionService.addConverter (0x0000029cc241e988) [0x0000029cc241eb00, 0x0000029cc241efc0] Compiler: c1, Barriers: 2, Oops: 1, ImmediateOops: 1, NonImmediateOops: No
[2024-10-26T03:26:25.411+0530][0.802s][debug][gc,nmethod  ] Register NMethod: org.springframework.core.convert.support.GenericConversionService$Converters$$Lambda/0x000002a0d412bbb0.apply (0x0000029cc241f008) [0x0000029cc241f180, 0x0000029cc241f8f0] Compiler: c1, Barriers: 9, Oops: 1, ImmediateOops: 0, NonImmediateOops: No
[2024-10-26T03:26:25.411+0530][0.802s][debug][gc,nmethod  ] Register NMethod: org.springframework.core.convert.support.GenericConversionService$ConvertersForPair.<init> (0x0000029cc241f988) [0x0000029cc241fae0, 0x0000029cc2420058] Compiler: c1, Barriers: 9, Oops: 1, ImmediateOops: 0, NonImmediateOops: No
[2024-10-26T03:26:25.411+0530][0.802s][debug][gc,nmethod  ] Register NMethod: java.util.concurrent.ConcurrentLinkedDeque.<init> (0x0000029cc2420108) [0x0000029cc2420240, 0x0000029cc2420620] Compiler: c1, Barriers: 6, Oops: 0, ImmediateOops: 0, NonImmediateOops: No
[2024-10-26T03:26:25.411+0530][0.802s][debug][gc,nmethod  ] Register NMethod: org.springframework.core.convert.support.GenericConversionService$Converters.lambda$getMatchableConverters$0 (0x0000029cc2420688) [0x0000029cc2420800, 0x0000029cc2420e20] Compiler: c1, Barriers: 9, Oops: 1, ImmediateOops: 0, NonImmediateOops: No
[2024-10-26T03:26:25.412+0530][0.802s][debug][gc,nmethod  ] Register NMethod: java.lang.Class.getGenericInfo (0x0000029cc2420e88) [0x0000029cc24210c0, 0x0000029cc2421f28] Compiler: c1, Barriers: 19, Oops: 0, ImmediateOops: 2, NonImmediateOops: No
[2024-10-26T03:26:25.412+0530][0.803s][debug][gc,nmethod  ] Register NMethod: org.springframework.core.ResolvableType.forClass (0x0000029cc2422008) [0x0000029cc2422120, 0x0000029cc24222b0] Compiler: c1, Barriers: 0, Oops: 1, ImmediateOops: 0, NonImmediateOops: No
[2024-10-26T03:26:25.412+0530][0.803s][debug][gc,nmethod  ] Register NMethod: org.springframework.core.ResolvableType.equalsType (0x0000029cc2422308) [0x0000029cc2422440, 0x0000029cc2422710] Compiler: c1, Barriers: 4, Oops: 1, ImmediateOops: 0, NonImmediateOops: No
[2024-10-26T03:26:25.412+0530][0.803s][debug][gc,nmethod  ] Register NMethod: org.springframework.core.ResolvableType.<init> (0x0000029cc2422788) [0x0000029cc24228e0, 0x0000029cc2422d78] Compiler: c1, Barriers: 18, Oops: 1, ImmediateOops: 1, NonImmediateOops: No
[2024-10-26T03:26:25.412+0530][0.803s][debug][gc,nmethod  ] Register NMethod: org.springframework.util.ConcurrentReferenceHashMap$Entry.getValue (0x0000029cc9ca2b08) [0x0000029cc9ca2c20, 0x0000029cc9ca2d18] Compiler: c1, Barriers: 1, Oops: 1, ImmediateOops: 0, NonImmediateOops: No
[2024-10-26T03:26:25.412+0530][0.803s][debug][gc,nmethod  ] Register NMethod: org.springframework.core.ResolvableType.equals (0x0000029cc2422e08) [0x0000029cc2423020, 0x0000029cc2423d28] Compiler: c1, Barriers: 12, Oops: 1, ImmediateOops: 0, NonImmediateOops: No
[2024-10-26T03:26:25.412+0530][0.803s][debug][gc,nmethod  ] Register NMethod: org.springframework.util.ConcurrentReferenceHashMap$Segment.clear (0x0000029cc9ca2e08) [0x0000029cc9ca2f00, 0x0000029cc9ca3000] Compiler: c2, Barriers: 1, Oops: 1, ImmediateOops: 0, NonImmediateOops: No
[2024-10-26T03:26:25.413+0530][0.804s][debug][gc,nmethod  ] Register NMethod: java.util.stream.Nodes$SpinedNodeBuilder.accept (0x0000029cc2423d88) [0x0000029cc2423ea0, 0x0000029cc2423ff0] Compiler: c1, Barriers: 0, Oops: 0, ImmediateOops: 0, NonImmediateOops: No
[2024-10-26T03:26:25.413+0530][0.804s][debug][gc,nmethod  ] Register NMethod: java.util.stream.SpinedBuffer.accept (0x0000029cc2424088) [0x0000029cc2424220, 0x0000029cc2424cc0] Compiler: c1, Barriers: 22, Oops: 0, ImmediateOops: 0, NonImmediateOops: No
[2024-10-26T03:26:25.413+0530][0.804s][debug][gc,nmethod  ] Register NMethod: java.lang.CharacterDataLatin1.toUpperCaseEx (0x0000029cc2424d08) [0x0000029cc2424e40, 0x0000029cc24250d8] Compiler: c1, Barriers: 0, Oops: 0, ImmediateOops: 1, NonImmediateOops: No
[2024-10-26T03:26:25.414+0530][0.805s][debug][gc,nmethod  ] Register NMethod: java.lang.StringBuilder.charAt (0x0000029cc2425108) [0x0000029cc2425220, 0x0000029cc2425360] Compiler: c1, Barriers: 0, Oops: 0, ImmediateOops: 0, NonImmediateOops: No
[2024-10-26T03:26:25.414+0530][0.805s][debug][gc,nmethod  ] Register NMethod: java.lang.AbstractStringBuilder.charAt (0x0000029cc2425408) [0x0000029cc2425560, 0x0000029cc24258d8] Compiler: c1, Barriers: 2, Oops: 1, ImmediateOops: 1, NonImmediateOops: No
[2024-10-26T03:26:25.414+0530][0.805s][debug][gc,nmethod  ] Register NMethod: java.lang.String.subSequence (0x0000029cc2425988) [0x0000029cc2425aa0, 0x0000029cc2425bd8] Compiler: c1, Barriers: 0, Oops: 0, ImmediateOops: 0, NonImmediateOops: No
[2024-10-26T03:26:25.414+0530][0.805s][debug][gc,nmethod  ] Register NMethod: java.lang.String.checkIndex (0x0000029cc9ca3108) [0x0000029cc9ca3200, 0x0000029cc9ca32a0] Compiler: c2, Barriers: 0, Oops: 1, ImmediateOops: 0, NonImmediateOops: No
[2024-10-26T03:26:25.414+0530][0.805s][debug][gc,nmethod  ] Register NMethod: org.springframework.boot.context.properties.source.ConfigurationPropertyName$Elements.get (0x0000029cc2425c88) [0x0000029cc2425de0, 0x0000029cc24261c8] Compiler: c1, Barriers: 5, Oops: 1, ImmediateOops: 0, NonImmediateOops: No
[2024-10-26T03:26:25.414+0530][0.805s][debug][gc,nmethod  ] Register NMethod: org.springframework.boot.context.properties.source.ConfigurationPropertyName$ElementsParser.parse (0x0000029cc2426208) [0x0000029cc24263e0, 0x0000029cc2426d58] Compiler: c1, Barriers: 7, Oops: 1, ImmediateOops: 5, NonImmediateOops: No
[2024-10-26T03:26:25.415+0530][0.805s][debug][gc,nmethod  ] Register NMethod: org.springframework.boot.context.properties.source.ConfigurationPropertyName.getElement (0x0000029cc2426d88) [0x0000029cc2427060, 0x0000029cc2428258] Compiler: c1, Barriers: 10, Oops: 3, ImmediateOops: 7, NonImmediateOops: No
[2024-10-26T03:26:25.415+0530][0.806s][debug][gc,nmethod  ] Register NMethod: java.lang.invoke.MethodHandle.linkToSpecial (0x0000029cc9ca3408) [0x0000029cc9ca3500, 0x0000029cc9ca3618] Compiler: , Barriers: 0, Oops: 0, ImmediateOops: 0, NonImmediateOops: No
[2024-10-26T03:26:25.415+0530][0.806s][debug][gc,nmethod  ] Register NMethod: java.lang.invoke.DirectMethodHandle$Constructor.viewAsType (0x0000029cc2428308) [0x0000029cc2428440, 0x0000029cc24286e0] Compiler: c1, Barriers: 4, Oops: 0, ImmediateOops: 0, NonImmediateOops: No
[2024-10-26T03:26:25.416+0530][0.807s][debug][gc,nmethod  ] Register NMethod: java.lang.invoke.InvokerBytecodeGenerator.setClassWriter (0x0000029cc9ca3708) [0x0000029cc9ca3820, 0x0000029cc9ca3958] Compiler: c1, Barriers: 3, Oops: 0, ImmediateOops: 0, NonImmediateOops: No
[2024-10-26T03:26:25.417+0530][0.807s][debug][gc,director ] Rule Major: Warmup 10%, Used: 98MB, UsedThreshold: 204MB
[2024-10-26T03:26:25.417+0530][0.807s][debug][gc,nmethod  ] Register NMethod: java.lang.invoke.InvokerBytecodeGenerator.emitStoreInsn (0x0000029cc2428708) [0x0000029cc2428840, 0x0000029cc2428b00] Compiler: c1, Barriers: 2, Oops: 0, ImmediateOops: 0, NonImmediateOops: No
[2024-10-26T03:26:25.417+0530][0.808s][debug][gc,nmethod  ] Register NMethod: java.lang.Class.getClassData (0x0000029cc9ca3a08) [0x0000029cc9ca3b20, 0x0000029cc9ca3c18] Compiler: c1, Barriers: 1, Oops: 0, ImmediateOops: 0, NonImmediateOops: No
[2024-10-26T03:26:25.417+0530][0.808s][debug][gc,nmethod  ] Register NMethod: jdk.internal.org.objectweb.asm.Type.getArgumentCount (0x0000029cc2428b88) [0x0000029cc2428e00, 0x0000029cc242a038] Compiler: c1, Barriers: 6, Oops: 1, ImmediateOops: 6, NonImmediateOops: No
[2024-10-26T03:26:25.417+0530][0.808s][debug][gc,nmethod  ] Register NMethod: jdk.internal.org.objectweb.asm.Type.getArgumentTypes (0x0000029cc242a108) [0x0000029cc242a3c0, 0x0000029cc242b938] Compiler: c1, Barriers: 9, Oops: 1, ImmediateOops: 6, NonImmediateOops: No
[2024-10-26T03:26:25.420+0530][0.811s][debug][gc,nmethod  ] Register NMethod: java.lang.invoke.MethodHandle.linkToStatic (0x0000029cc9ca3d08) [0x0000029cc9ca3e00, 0x0000029cc9ca3f10] Compiler: , Barriers: 0, Oops: 0, ImmediateOops: 0, NonImmediateOops: No
[2024-10-26T03:26:25.420+0530][0.811s][debug][gc,nmethod  ] Register NMethod: java.lang.invoke.MethodHandle.linkToSpecial (0x0000029cc9ca4008) [0x0000029cc9ca4100, 0x0000029cc9ca4210] Compiler: , Barriers: 0, Oops: 0, ImmediateOops: 0, NonImmediateOops: No
[2024-10-26T03:26:25.420+0530][0.811s][debug][gc,nmethod  ] Register NMethod: java.lang.invoke.MethodHandle.invokeBasic (0x0000029cc9ca4308) [0x0000029cc9ca4420, 0x0000029cc9ca4710] Compiler: , Barriers: 0, Oops: 0, ImmediateOops: 0, NonImmediateOops: No
[2024-10-26T03:26:25.420+0530][0.811s][debug][gc,nmethod  ] Register NMethod: java.lang.invoke.MethodHandle.linkToSpecial (0x0000029cc9ca4788) [0x0000029cc9ca4880, 0x0000029cc9ca4990] Compiler: , Barriers: 0, Oops: 0, ImmediateOops: 0, NonImmediateOops: No
[2024-10-26T03:26:25.421+0530][0.812s][debug][gc,nmethod  ] Register NMethod: java.util.regex.Pattern.has (0x0000029cc242ba08) [0x0000029cc242bb20, 0x0000029cc242bc80] Compiler: c1, Barriers: 0, Oops: 0, ImmediateOops: 0, NonImmediateOops: No
[2024-10-26T03:26:25.421+0530][0.812s][debug][gc,nmethod  ] Register NMethod: java.lang.String.replace (0x0000029cc9ca4a88) [0x0000029cc9ca4bc0, 0x0000029cc9ca5318] Compiler: c2, Barriers: 3, Oops: 0, ImmediateOops: 0, NonImmediateOops: No
[2024-10-26T03:26:25.421+0530][0.812s][debug][gc,nmethod  ] Register NMethod: java.lang.invoke.LambdaForm.fixResult (0x0000029cc242bd08) [0x0000029cc242be40, 0x0000029cc242c060] Compiler: c1, Barriers: 2, Oops: 0, ImmediateOops: 1, NonImmediateOops: No
[2024-10-26T03:26:25.422+0530][0.812s][debug][gc,nmethod  ] Register NMethod: java.lang.invoke.LambdaForm.<init> (0x0000029cc242c088) [0x0000029cc242c1c0, 0x0000029cc242c530] Compiler: c1, Barriers: 12, Oops: 0, ImmediateOops: 0, NonImmediateOops: No
[2024-10-26T03:26:25.422+0530][0.812s][debug][gc,nmethod  ] Register NMethod: java.lang.invoke.LambdaForm.create (0x0000029cc242c588) [0x0000029cc242c700, 0x0000029cc242cd18] Compiler: c1, Barriers: 2, Oops: 0, ImmediateOops: 1, NonImmediateOops: No
[2024-10-26T03:26:25.422+0530][0.813s][debug][gc,nmethod  ] Register NMethod: java.lang.invoke.LambdaForm$Name.replaceNames (0x0000029cc242cd88) [0x0000029cc242cf60, 0x0000029cc242dc08] Compiler: c1, Barriers: 10, Oops: 0, ImmediateOops: 0, NonImmediateOops: No
[2024-10-26T03:26:25.422+0530][0.813s][debug][gc,nmethod  ] Register NMethod: jdk.internal.reflect.DirectConstructorHandleAccessor.newInstance (0x0000029cc21ed708) [0x0000029cc21edb60, 0x0000029cc21effc8] Compiler: c1, Barriers: 17, Oops: 4, ImmediateOops: 12, NonImmediateOops: No
[2024-10-26T03:26:25.423+0530][0.813s][debug][gc,nmethod  ] Register NMethod: org.springframework.core.env.PropertiesPropertySource.lambda$getPropertyNames$0 (0x0000029cc242dc88) [0x0000029cc242dda0, 0x0000029cc242df68] Compiler: c1, Barriers: 0, Oops: 1, ImmediateOops: 0, NonImmediateOops: No
[2024-10-26T03:26:25.423+0530][0.813s][debug][gc,nmethod  ] Register NMethod: org.springframework.core.env.PropertiesPropertySource$$Lambda/0x000002a0d4145248.test (0x0000029cc242df88) [0x0000029cc242e0a0, 0x0000029cc242e2e0] Compiler: c1, Barriers: 0, Oops: 1, ImmediateOops: 0, NonImmediateOops: No
[2024-10-26T03:26:25.423+0530][0.814s][debug][gc,nmethod  ] Register NMethod: sun.reflect.annotation.AnnotationParser.parseAnnotations (0x0000029cc242e308) [0x0000029cc242e480, 0x0000029cc242e7a0] Compiler: c1, Barriers: 0, Oops: 0, ImmediateOops: 2, NonImmediateOops: No
[2024-10-26T03:26:25.423+0530][0.814s][debug][gc,nmethod  ] Register NMethod: java.util.Set.of (0x0000029cc242e808) [0x0000029cc242e920, 0x0000029cc242eab0] Compiler: c1, Barriers: 0, Oops: 0, ImmediateOops: 0, NonImmediateOops: No
[2024-10-26T03:26:25.425+0530][0.816s][debug][gc,nmethod  ] Register NMethod: java.util.stream.Sink$ChainedReference.cancellationRequested (0x0000029cc242eb08) [0x0000029cc242ec40, 0x0000029cc242ee50] Compiler: c1, Barriers: 1, Oops: 0, ImmediateOops: 0, NonImmediateOops: No
[2024-10-26T03:26:25.425+0530][0.816s][debug][gc,nmethod  ] Register NMethod: java.lang.invoke.MethodHandle.linkToSpecial (0x0000029cc9ca5388) [0x0000029cc9ca5480, 0x0000029cc9ca5598] Compiler: , Barriers: 0, Oops: 0, ImmediateOops: 0, NonImmediateOops: No
[2024-10-26T03:26:25.425+0530][0.816s][debug][gc,nmethod  ] Register NMethod: java.lang.invoke.MethodHandles$Lookup.getDirectMethodNoSecurityManager (0x0000029cc242ee88) [0x0000029cc242efa0, 0x0000029cc242f0f0] Compiler: c1, Barriers: 0, Oops: 0, ImmediateOops: 0, NonImmediateOops: No
[2024-10-26T03:26:25.425+0530][0.816s][debug][gc,nmethod  ] Register NMethod: jdk.internal.org.objectweb.asm.ByteVector.putByte (0x0000029cc9ca5688) [0x0000029cc9ca57a0, 0x0000029cc9ca5980] Compiler: c2, Barriers: 2, Oops: 0, ImmediateOops: 0, NonImmediateOops: No
[2024-10-26T03:26:25.425+0530][0.816s][debug][gc,nmethod  ] Register NMethod: java.lang.invoke.MethodHandle.linkToSpecial (0x0000029cc9ca5a08) [0x0000029cc9ca5b00, 0x0000029cc9ca5c18] Compiler: , Barriers: 0, Oops: 0, ImmediateOops: 0, NonImmediateOops: No
[2024-10-26T03:26:25.426+0530][0.816s][debug][gc,nmethod  ] Register NMethod: java.lang.invoke.InvokerBytecodeGenerator.generateCustomizedCode (0x0000029cc242f188) [0x0000029cc242f2e0, 0x0000029cc242f5a0] Compiler: c1, Barriers: 0, Oops: 0, ImmediateOops: 1, NonImmediateOops: No
[2024-10-26T03:26:25.426+0530][0.817s][debug][gc,nmethod  ] Register NMethod: java.lang.invoke.MethodHandle.invokeBasic (0x0000029cc9ca5d08) [0x0000029cc9ca5e20, 0x0000029cc9ca6110] Compiler: , Barriers: 0, Oops: 0, ImmediateOops: 0, NonImmediateOops: No
[2024-10-26T03:26:25.426+0530][0.817s][debug][gc,nmethod  ] Register NMethod: java.lang.invoke.MethodHandle.linkToSpecial (0x0000029cc9ca6188) [0x0000029cc9ca6280, 0x0000029cc9ca6398] Compiler: , Barriers: 0, Oops: 0, ImmediateOops: 0, NonImmediateOops: No
[2024-10-26T03:26:25.426+0530][0.817s][debug][gc,nmethod  ] Register NMethod: java.lang.invoke.InvokerBytecodeGenerator.lookupPregenerated (0x0000029cc242f608) [0x0000029cc242f940, 0x0000029cc2430fc0] Compiler: c1, Barriers: 10, Oops: 1, ImmediateOops: 13, NonImmediateOops: No
[2024-10-26T03:26:25.426+0530][0.817s][debug][gc,nmethod  ] Register NMethod: java.util.stream.StreamOpFlag.fromCharacteristics (0x0000029cc2431088) [0x0000029cc24311c0, 0x0000029cc24314d8] Compiler: c1, Barriers: 0, Oops: 0, ImmediateOops: 0, NonImmediateOops: No
[2024-10-26T03:26:25.426+0530][0.817s][debug][gc,nmethod  ] Register NMethod: java.util.stream.AbstractPipeline.<init> (0x0000029cc2431508) [0x0000029cc2431640, 0x0000029cc2431998] Compiler: c1, Barriers: 9, Oops: 0, ImmediateOops: 0, NonImmediateOops: No
[2024-10-26T03:26:25.427+0530][0.817s][debug][gc,nmethod  ] Register NMethod: org.springframework.boot.context.properties.source.ConfigurationPropertyName.<init> (0x0000029cc2431a08) [0x0000029cc2431b40, 0x0000029cc2431e60] Compiler: c1, Barriers: 6, Oops: 1, ImmediateOops: 0, NonImmediateOops: No
[2024-10-26T03:26:25.427+0530][0.818s][debug][gc,nmethod  ] Register NMethod: org.springframework.boot.context.properties.source.ConfigurationPropertyName.isAncestorOf (0x0000029cc2431f08) [0x0000029cc2432080, 0x0000029cc24324e8] Compiler: c1, Barriers: 2, Oops: 2, ImmediateOops: 1, NonImmediateOops: No
[2024-10-26T03:26:25.427+0530][0.818s][debug][gc,nmethod  ] Register NMethod: java.lang.StringBuilder.<init> (0x0000029cc9ca6488) [0x0000029cc9ca65a0, 0x0000029cc9ca6740] Compiler: c2, Barriers: 3, Oops: 0, ImmediateOops: 0, NonImmediateOops: No
[2024-10-26T03:26:25.428+0530][0.818s][debug][gc,director ] Rule Major: Warmup 10%, Used: 100MB, UsedThreshold: 204MB
[2024-10-26T03:26:25.430+0530][0.821s][debug][gc,nmethod  ] Register NMethod: org.springframework.core.env.PropertySource.getName (0x0000029cc9ca6788) [0x0000029cc9ca68a0, 0x0000029cc9ca6998] Compiler: c1, Barriers: 1, Oops: 1, ImmediateOops: 0, NonImmediateOops: No
[2024-10-26T03:26:25.430+0530][0.821s][debug][gc,nmethod  ] Register NMethod: java.util.stream.Sink.cancellationRequested (0x0000029cc9ca6a88) [0x0000029cc9ca6ba0, 0x0000029cc9ca6c68] Compiler: c1, Barriers: 0, Oops: 0, ImmediateOops: 0, NonImmediateOops: No
[2024-10-26T03:26:25.430+0530][0.821s][debug][gc,nmethod  ] Register NMethod: java.util.Collections$EmptyIterator.hasNext (0x0000029cc9ca6d88) [0x0000029cc9ca6ea0, 0x0000029cc9ca6f68] Compiler: c1, Barriers: 0, Oops: 0, ImmediateOops: 0, NonImmediateOops: No
[2024-10-26T03:26:25.430+0530][0.821s][debug][gc,nmethod  ] Register NMethod: java.util.stream.AbstractSpinedBuffer.count (0x0000029cc2432588) [0x0000029cc24326c0, 0x0000029cc24328a8] Compiler: c1, Barriers: 1, Oops: 0, ImmediateOops: 0, NonImmediateOops: No
[2024-10-26T03:26:25.430+0530][0.821s][debug][gc,nmethod  ] Register NMethod: java.util.stream.AbstractPipeline.wrapSink (0x0000029cc2432908) [0x0000029cc2432a60, 0x0000029cc2432ec0] Compiler: c1, Barriers: 2, Oops: 0, ImmediateOops: 0, NonImmediateOops: No
[2024-10-26T03:26:25.431+0530][0.821s][debug][gc,nmethod  ] Register NMethod: java.lang.Class.getComponentType (0x0000029cc9ca7088) [0x0000029cc9ca7180, 0x0000029cc9ca7258] Compiler: c2, Barriers: 1, Oops: 0, ImmediateOops: 0, NonImmediateOops: No
[2024-10-26T03:26:25.431+0530][0.822s][debug][gc,nmethod  ] Register NMethod: java.util.stream.AbstractPipeline.wrapAndCopyInto (0x0000029cc2432f08) [0x0000029cc2433060, 0x0000029cc2433448] Compiler: c1, Barriers: 0, Oops: 0, ImmediateOops: 0, NonImmediateOops: No
[2024-10-26T03:26:25.431+0530][0.822s][debug][gc,nmethod  ] Register NMethod: java.lang.StringLatin1.canEncode (0x0000029cc9ca7388) [0x0000029cc9ca7480, 0x0000029cc9ca7508] Compiler: c2, Barriers: 0, Oops: 0, ImmediateOops: 0, NonImmediateOops: No
[2024-10-26T03:26:25.431+0530][0.822s][debug][gc,nmethod  ] Register NMethod: java.util.stream.AbstractPipeline.copyInto (0x0000029cc2433488) [0x0000029cc2433640, 0x0000029cc2433d50] Compiler: c1, Barriers: 0, Oops: 1, ImmediateOops: 1, NonImmediateOops: No
[2024-10-26T03:26:25.431+0530][0.822s][debug][gc,nmethod  ] Register NMethod: java.util.stream.AbstractPipeline.sourceSpliterator (0x0000029cc2433d88) [0x0000029cc2433fc0, 0x0000029cc2434f58] Compiler: c1, Barriers: 14, Oops: 1, ImmediateOops: 2, NonImmediateOops: No
[2024-10-26T03:26:25.431+0530][0.822s][debug][gc,nmethod  ] Register NMethod: java.util.stream.StreamSpliterators$WrappingSpliterator$$Lambda/0x000002a0d40ec3e0.getAsBoolean (0x0000029cc2435008) [0x0000029cc2435140, 0x0000029cc2435428] Compiler: c1, Barriers: 3, Oops: 0, ImmediateOops: 0, NonImmediateOops: No
[2024-10-26T03:26:25.431+0530][0.822s][debug][gc,nmethod  ] Register NMethod: java.util.Spliterators$ArraySpliterator.tryAdvance (0x0000029cc2435488) [0x0000029cc24355e0, 0x0000029cc24359e8] Compiler: c1, Barriers: 2, Oops: 0, ImmediateOops: 0, NonImmediateOops: No
[2024-10-26T03:26:25.431+0530][0.822s][debug][gc,nmethod  ] Register NMethod: java.util.stream.StreamSpliterators$WrappingSpliterator.lambda$initPartialTraversalState$0 (0x0000029cc2435a08) [0x0000029cc2435b40, 0x0000029cc2435d88] Compiler: c1, Barriers: 2, Oops: 0, ImmediateOops: 0, NonImmediateOops: No
[2024-10-26T03:26:25.431+0530][0.822s][debug][gc,nmethod  ] Register NMethod: java.util.Objects.nonNull (0x0000029cc2435e08) [0x0000029cc2435f20, 0x0000029cc2436058] Compiler: c1, Barriers: 0, Oops: 0, ImmediateOops: 0, NonImmediateOops: No
[2024-10-26T03:26:25.431+0530][0.822s][debug][gc,nmethod  ] Register NMethod: org.springframework.boot.context.properties.source.SpringIterableConfigurationPropertySource$$Lambda/0x000002a0d4157768.test (0x0000029cc2436108) [0x0000029cc2436220, 0x0000029cc24364b0] Compiler: c1, Barriers: 0, Oops: 1, ImmediateOops: 0, NonImmediateOops: No
[2024-10-26T03:26:25.431+0530][0.822s][debug][gc,nmethod  ] Register NMethod: org.springframework.boot.context.properties.source.SpringConfigurationPropertySource.getPropertySource (0x0000029cc9ca7688) [0x0000029cc9ca77a0, 0x0000029cc9ca7898] Compiler: c1, Barriers: 1, Oops: 1, ImmediateOops: 0, NonImmediateOops: No
[2024-10-26T03:26:25.431+0530][0.822s][debug][gc,nmethod  ] Register NMethod: org.springframework.boot.context.properties.bind.IndexedElementsBinder$$Lambda/0x000002a0d4156f28.test (0x0000029cc2436508) [0x0000029cc2436680, 0x0000029cc2436c50] Compiler: c1, Barriers: 3, Oops: 2, ImmediateOops: 1, NonImmediateOops: No
[2024-10-26T03:26:25.431+0530][0.822s][debug][gc,nmethod  ] Register NMethod: org.springframework.boot.context.properties.source.ConfigurationPropertyName$ElementsParser.<init> (0x0000029cc2436d08) [0x0000029cc2436e40, 0x0000029cc2437348] Compiler: c1, Barriers: 12, Oops: 1, ImmediateOops: 0, NonImmediateOops: No
[2024-10-26T03:26:25.432+0530][0.822s][debug][gc,nmethod  ] Register NMethod: org.springframework.boot.context.properties.source.ConfigurationPropertyName$Elements.getType (0x0000029cc9ca7988) [0x0000029cc9ca7aa0, 0x0000029cc9ca7be8] Compiler: c2, Barriers: 2, Oops: 1, ImmediateOops: 0, NonImmediateOops: No
[2024-10-26T03:26:25.432+0530][0.823s][debug][gc,nmethod  ] Register NMethod: org.springframework.boot.context.properties.source.ConfigurationPropertyName$ElementType.allowsFastEqualityCheck (0x0000029cc2437388) [0x0000029cc24374a0, 0x0000029cc2437638] Compiler: c1, Barriers: 0, Oops: 1, ImmediateOops: 2, NonImmediateOops: No
[2024-10-26T03:26:25.432+0530][0.823s][debug][gc,nmethod  ] Register NMethod: java.util.concurrent.CopyOnWriteArrayList$COWIterator.hasNext (0x0000029cc2437688) [0x0000029cc24377a0, 0x0000029cc2437938] Compiler: c1, Barriers: 1, Oops: 0, ImmediateOops: 0, NonImmediateOops: No
[2024-10-26T03:26:25.433+0530][0.824s][debug][gc,nmethod  ] Register NMethod: java.lang.invoke.MethodHandles$Lookup.hasFullPrivilegeAccess (0x0000029cc2437988) [0x0000029cc2437aa0, 0x0000029cc2437c00] Compiler: c1, Barriers: 0, Oops: 0, ImmediateOops: 0, NonImmediateOops: No
[2024-10-26T03:26:25.433+0530][0.824s][debug][gc,nmethod  ] Register NMethod: jdk.internal.org.objectweb.asm.SymbolTable.<init> (0x0000029cc2437c88) [0x0000029cc2437de0, 0x0000029cc24383f8] Compiler: c1, Barriers: 15, Oops: 0, ImmediateOops: 0, NonImmediateOops: No
[2024-10-26T03:26:25.433+0530][0.824s][debug][gc,nmethod  ] Register NMethod: java.util.HashMap$KeyIterator.next (0x0000029cc9ca7c88) [0x0000029cc9ca7de0, 0x0000029cc9ca8600] Compiler: c2, Barriers: 25, Oops: 0, ImmediateOops: 0, NonImmediateOops: No
[2024-10-26T03:26:25.436+0530][0.827s][debug][gc,nmethod  ] Register NMethod: jdk.internal.org.objectweb.asm.SymbolTable$Entry.<init> (0x0000029cc9ca8688) [0x0000029cc9ca87a0, 0x0000029cc9ca89f0] Compiler: c2, Barriers: 7, Oops: 0, ImmediateOops: 0, NonImmediateOops: No
[2024-10-26T03:26:25.436+0530][0.827s][debug][gc,nmethod  ] Register NMethod: java.lang.invoke.MethodHandle.invokeBasic (0x0000029cc9ca8a88) [0x0000029cc9ca8ba0, 0x0000029cc9ca8e90] Compiler: , Barriers: 0, Oops: 0, ImmediateOops: 0, NonImmediateOops: No
[2024-10-26T03:26:25.436+0530][0.827s][debug][gc,nmethod  ] Register NMethod: java.lang.invoke.MethodHandle.linkToSpecial (0x0000029cc9ca8f08) [0x0000029cc9ca9000, 0x0000029cc9ca9118] Compiler: , Barriers: 0, Oops: 0, ImmediateOops: 0, NonImmediateOops: No
[2024-10-26T03:26:25.437+0530][0.828s][debug][gc,nmethod  ] Register NMethod: java.lang.invoke.LambdaFormEditor$TransformKey.packedBytes (0x0000029cc2438488) [0x0000029cc24385a0, 0x0000029cc24386a8] Compiler: c1, Barriers: 0, Oops: 0, ImmediateOops: 0, NonImmediateOops: No
[2024-10-26T03:26:25.437+0530][0.828s][debug][gc,nmethod  ] Register NMethod: java.lang.invoke.MethodHandle.invokeBasic (0x0000029cc9ca9208) [0x0000029cc9ca9320, 0x0000029cc9ca9610] Compiler: , Barriers: 0, Oops: 0, ImmediateOops: 0, NonImmediateOops: No
[2024-10-26T03:26:25.437+0530][0.828s][debug][gc,nmethod  ] Register NMethod: java.lang.invoke.LambdaForm$Name.internArguments (0x0000029cc2438788) [0x0000029cc2438900, 0x0000029cc2438ff8] Compiler: c1, Barriers: 6, Oops: 0, ImmediateOops: 0, NonImmediateOops: No
[2024-10-26T03:26:25.437+0530][0.828s][debug][gc,nmethod  ] Register NMethod: java.lang.invoke.MethodHandle.linkToSpecial (0x0000029cc9ca9688) [0x0000029cc9ca9780, 0x0000029cc9ca9890] Compiler: , Barriers: 0, Oops: 0, ImmediateOops: 0, NonImmediateOops: No
[2024-10-26T03:26:25.438+0530][0.828s][debug][gc,director ] Rule Major: Warmup 10%, Used: 102MB, UsedThreshold: 204MB
[2024-10-26T03:26:25.438+0530][0.829s][debug][gc,nmethod  ] Register NMethod: java.lang.invoke.InvokerBytecodeGenerator.isStaticallyNameable (0x0000029cc2439088) [0x0000029cc24392c0, 0x0000029cc2439db8] Compiler: c1, Barriers: 3, Oops: 2, ImmediateOops: 5, NonImmediateOops: No
[2024-10-26T03:26:25.438+0530][0.829s][debug][gc,nmethod  ] Register NMethod: java.net.URI$Parser.scan (0x0000029cc2439e88) [0x0000029cc243a040, 0x0000029cc243a928] Compiler: c1, Barriers: 3, Oops: 1, ImmediateOops: 2, NonImmediateOops: No
[2024-10-26T03:26:25.439+0530][0.830s][debug][gc,nmethod  ] Register NMethod: java.net.URI$Parser.at (0x0000029cc243aa08) [0x0000029cc243ab80, 0x0000029cc243b208] Compiler: c1, Barriers: 3, Oops: 1, ImmediateOops: 2, NonImmediateOops: No
[2024-10-26T03:26:25.439+0530][0.830s][debug][gc,nmethod  ] Register NMethod: java.lang.StringConcatHelper.newArray (0x0000029cc9ca9988) [0x0000029cc9ca9a80, 0x0000029cc9ca9ba8] Compiler: c2, Barriers: 0, Oops: 0, ImmediateOops: 0, NonImmediateOops: No
[2024-10-26T03:26:25.440+0530][0.831s][debug][gc,nmethod  ] Register NMethod: java.lang.invoke.InfoFromMemberName.getName (0x0000029cc243b288) [0x0000029cc243b400, 0x0000029cc243b8d0] Compiler: c1, Barriers: 6, Oops: 0, ImmediateOops: 0, NonImmediateOops: No
[2024-10-26T03:26:25.440+0530][0.831s][debug][gc,nmethod  ] Register NMethod: java.lang.invoke.InfoFromMemberName.getMethodType (0x0000029cc243b908) [0x0000029cc243ba40, 0x0000029cc243bbb8] Compiler: c1, Barriers: 1, Oops: 0, ImmediateOops: 0, NonImmediateOops: No
[2024-10-26T03:26:25.441+0530][0.832s][debug][gc,nmethod  ] Register NMethod: java.lang.invoke.DirectMethodHandle$Holder.invokeStatic (0x0000029cc9ca9c88) [0x0000029cc9ca9da0, 0x0000029cc9ca9ed8] Compiler: c2, Barriers: 1, Oops: 0, ImmediateOops: 0, NonImmediateOops: No
[2024-10-26T03:26:25.441+0530][0.832s][debug][gc,nmethod  ] Register NMethod: java.lang.invoke.InnerClassLambdaMetafactory.<init> (0x0000029cc243bc08) [0x0000029cc243c060, 0x0000029cc243e618] Compiler: c1, Barriers: 66, Oops: 2, ImmediateOops: 11, NonImmediateOops: No
[2024-10-26T03:26:25.441+0530][0.832s][debug][gc,nmethod  ] Register NMethod: java.lang.invoke.AbstractValidatingLambdaMetafactory.<init> (0x0000029cc243e788) [0x0000029cc243ee00, 0x0000029cc24426e0] Compiler: c1, Barriers: 81, Oops: 5, ImmediateOops: 8, NonImmediateOops: No
[2024-10-26T03:26:25.441+0530][0.832s][debug][gc,nmethod  ] Register NMethod: java.lang.String.indexOf (0x0000029cc2442888) [0x0000029cc2442a40, 0x0000029cc2443000] Compiler: c1, Barriers: 1, Oops: 0, ImmediateOops: 0, NonImmediateOops: No
[2024-10-26T03:26:25.441+0530][0.832s][debug][gc,nmethod  ] Register NMethod: java.lang.invoke.InfoFromMemberName.<init> (0x0000029cc2443088) [0x0000029cc24431a0, 0x0000029cc24433a0] Compiler: c1, Barriers: 3, Oops: 0, ImmediateOops: 0, NonImmediateOops: No
[2024-10-26T03:26:25.442+0530][0.833s][debug][gc,nmethod  ] Register NMethod: java.lang.invoke.AbstractValidatingLambdaMetafactory.validateMetafactoryArgs (0x0000029cc2443408) [0x0000029cc2443c20, 0x0000029cc2449528] Compiler: c1, Barriers: 106, Oops: 7, ImmediateOops: 18, NonImmediateOops: No
[2024-10-26T03:26:25.442+0530][0.833s][debug][gc,nmethod  ] Register NMethod: java.net.URI$Parser.checkChars (0x0000029cc2449608) [0x0000029cc24497c0, 0x0000029cc2449df0] Compiler: c1, Barriers: 0, Oops: 1, ImmediateOops: 2, NonImmediateOops: No
[2024-10-26T03:26:25.442+0530][0.833s][debug][gc,nmethod  ] Register NMethod: java.lang.invoke.InnerClassLambdaMetafactory.lambdaClassName (0x0000029cc2449e88) [0x0000029cc244a060, 0x0000029cc244a7b8] Compiler: c1, Barriers: 1, Oops: 1, ImmediateOops: 2, NonImmediateOops: No
[2024-10-26T03:26:25.442+0530][0.833s][debug][gc,nmethod  ] Register NMethod: java.lang.invoke.MethodHandles$Lookup.revealDirect (0x0000029cc244a808) [0x0000029cc244aae0, 0x0000029cc244be00] Compiler: c1, Barriers: 2, Oops: 2, ImmediateOops: 4, NonImmediateOops: No
[2024-10-26T03:26:25.442+0530][0.833s][debug][gc,nmethod  ] Register NMethod: java.util.ArrayDeque$DeqIterator.hasNext (0x0000029cc244bf08) [0x0000029cc244c020, 0x0000029cc244c178] Compiler: c1, Barriers: 0, Oops: 0, ImmediateOops: 0, NonImmediateOops: No
[2024-10-26T03:26:25.442+0530][0.833s][debug][gc,nmethod  ] Register NMethod: java.lang.invoke.MethodHandle.linkToInterface (0x0000029cc9ca9f88) [0x0000029cc9caa080, 0x0000029cc9caa1e0] Compiler: , Barriers: 0, Oops: 0, ImmediateOops: 0, NonImmediateOops: No
[2024-10-26T03:26:25.442+0530][0.833s][debug][gc,nmethod  ] Register NMethod: java.lang.Math.clamp (0x0000029cc244c208) [0x0000029cc244c3e0, 0x0000029cc244cc28] Compiler: c1, Barriers: 0, Oops: 1, ImmediateOops: 2, NonImmediateOops: No
[2024-10-26T03:26:25.442+0530][0.833s][debug][gc,nmethod  ] Register NMethod: java.lang.invoke.InfoFromMemberName.getModifiers (0x0000029cc244cc88) [0x0000029cc244cda0, 0x0000029cc244cf50] Compiler: c1, Barriers: 1, Oops: 0, ImmediateOops: 0, NonImmediateOops: No
[2024-10-26T03:26:25.442+0530][0.833s][debug][gc,nmethod  ] Register NMethod: java.lang.invoke.AbstractValidatingLambdaMetafactory.isAdaptableToAsReturn (0x0000029cc244cf88) [0x0000029cc244d0e0, 0x0000029cc244d538] Compiler: c1, Barriers: 0, Oops: 1, ImmediateOops: 2, NonImmediateOops: No
[2024-10-26T03:26:25.442+0530][0.833s][debug][gc,nmethod  ] Register NMethod: java.lang.invoke.AbstractValidatingLambdaMetafactory.isAdaptableToAsReturnStrict (0x0000029cc244d588) [0x0000029cc244d6e0, 0x0000029cc244dc40] Compiler: c1, Barriers: 0, Oops: 1, ImmediateOops: 2, NonImmediateOops: No
[2024-10-26T03:26:25.443+0530][0.834s][debug][gc,nmethod  ] Register NMethod: java.lang.invoke.LambdaMetafactory.metafactory (0x0000029cc244dc88) [0x0000029cc244de80, 0x0000029cc244e960] Compiler: c1, Barriers: 0, Oops: 0, ImmediateOops: 2, NonImmediateOops: No
[2024-10-26T03:26:25.443+0530][0.834s][debug][gc,nmethod  ] Register NMethod: java.lang.invoke.MethodHandle.internalForm (0x0000029cc9caa288) [0x0000029cc9caa3a0, 0x0000029cc9caa498] Compiler: c1, Barriers: 1, Oops: 0, ImmediateOops: 0, NonImmediateOops: No
[2024-10-26T03:26:25.443+0530][0.834s][debug][gc,nmethod  ] Register NMethod: java.lang.invoke.BoundMethodHandle$Species_L.make (0x0000029cc244e988) [0x0000029cc244eac0, 0x0000029cc244ed40] Compiler: c1, Barriers: 3, Oops: 0, ImmediateOops: 0, NonImmediateOops: No
[2024-10-26T03:26:25.443+0530][0.834s][debug][gc,nmethod  ] Register NMethod: java.util.Spliterators$ArraySpliterator.characteristics (0x0000029cc9caa588) [0x0000029cc9caa6a0, 0x0000029cc9caa768] Compiler: c1, Barriers: 0, Oops: 0, ImmediateOops: 0, NonImmediateOops: No
[2024-10-26T03:26:25.444+0530][0.835s][debug][gc,nmethod  ] Register NMethod: org.springframework.util.StringUtils.deleteAny (0x0000029cc244ed88) [0x0000029cc244efe0, 0x0000029cc244fff0] Compiler: c1, Barriers: 4, Oops: 2, ImmediateOops: 2, NonImmediateOops: No
[2024-10-26T03:26:25.444+0530][0.835s][debug][gc,nmethod  ] Register NMethod: java.lang.Class.getProtectionDomain0 (0x0000029cc9caa888) [0x0000029cc9caa9c0, 0x0000029cc9caadd8] Compiler: , Barriers: 0, Oops: 0, ImmediateOops: 0, NonImmediateOops: No
[2024-10-26T03:26:25.445+0530][0.836s][debug][gc,nmethod  ] Register NMethod: java.lang.invoke.DirectMethodHandle$Holder.invokeStatic (0x0000029cc2450088) [0x0000029cc24501e0, 0x0000029cc2450700] Compiler: c1, Barriers: 1, Oops: 0, ImmediateOops: 0, NonImmediateOops: No
[2024-10-26T03:26:25.445+0530][0.836s][debug][gc,nmethod  ] Register NMethod: java.lang.invoke.DirectMethodHandle$Holder.invokeStatic (0x0000029cc2450788) [0x0000029cc24508c0, 0x0000029cc2450d78] Compiler: c1, Barriers: 1, Oops: 0, ImmediateOops: 0, NonImmediateOops: No
[2024-10-26T03:26:25.445+0530][0.836s][debug][gc,nmethod  ] Register NMethod: java.nio.DirectIntBufferU.ix (0x0000029cc9caae08) [0x0000029cc9caaf00, 0x0000029cc9caaf80] Compiler: c2, Barriers: 0, Oops: 0, ImmediateOops: 0, NonImmediateOops: No
[2024-10-26T03:26:25.445+0530][0.836s][debug][gc,nmethod  ] Register NMethod: java.net.URLStreamHandler.parseURL (0x0000029cc2450e08) [0x0000029cc24521c0, 0x0000029cc245ec10] Compiler: c1, Barriers: 49, Oops: 8, ImmediateOops: 83, NonImmediateOops: No
[2024-10-26T03:26:25.446+0530][0.837s][debug][gc,nmethod  ] Register NMethod: java.util.ArrayDeque.dec (0x0000029cc245ee08) [0x0000029cc245ef20, 0x0000029cc245f040] Compiler: c1, Barriers: 0, Oops: 0, ImmediateOops: 0, NonImmediateOops: No
[2024-10-26T03:26:25.447+0530][0.838s][debug][gc,nmethod  ] Register NMethod: java.lang.invoke.MethodType.dropParameterTypes (0x0000029cc245f108) [0x0000029cc245f3a0, 0x0000029cc24603a8] Compiler: c1, Barriers: 6, Oops: 2, ImmediateOops: 4, NonImmediateOops: No
[2024-10-26T03:26:25.448+0530][0.838s][debug][gc,director ] Rule Major: Warmup 10%, Used: 102MB, UsedThreshold: 204MB
[2024-10-26T03:26:25.448+0530][0.839s][debug][gc,nmethod  ] Register NMethod: java.io.BufferedReader.implRead (0x0000029cc2460488) [0x0000029cc2460600, 0x0000029cc2460af8] Compiler: c1, Barriers: 3, Oops: 0, ImmediateOops: 1, NonImmediateOops: No
[2024-10-26T03:26:25.450+0530][0.841s][debug][gc,nmethod  ] Register NMethod: java.util.Collections$UnmodifiableCollection$1.hasNext (0x0000029cc9cab108) [0x0000029cc9cab220, 0x0000029cc9cab3e0] Compiler: c2, Barriers: 3, Oops: 0, ImmediateOops: 0, NonImmediateOops: No
[2024-10-26T03:26:25.450+0530][0.841s][debug][gc,nmethod  ] Register NMethod: org.springframework.boot.context.properties.source.SpringIterableConfigurationPropertySource$Mappings.add (0x0000029cc2460b88) [0x0000029cc2460ce0, 0x0000029cc2461198] Compiler: c1, Barriers: 0, Oops: 3, ImmediateOops: 1, NonImmediateOops: No
[2024-10-26T03:26:25.451+0530][0.842s][debug][gc,nmethod  ] Register NMethod: java.lang.invoke.MethodHandles$Lookup$ClassFile.newInstanceNoCheck (0x0000029cc2461208) [0x0000029cc2461340, 0x0000029cc2461638] Compiler: c1, Barriers: 6, Oops: 0, ImmediateOops: 0, NonImmediateOops: No
[2024-10-26T03:26:25.451+0530][0.842s][debug][gc,nmethod  ] Register NMethod: java.lang.invoke.MethodHandleImpl$IntrinsicMethodHandle.getTarget (0x0000029cc9cab488) [0x0000029cc9cab5a0, 0x0000029cc9cab698] Compiler: c1, Barriers: 1, Oops: 0, ImmediateOops: 0, NonImmediateOops: No
[2024-10-26T03:26:25.453+0530][0.844s][debug][gc,nmethod  ] Register NMethod: java.util.BitSet.checkInvariants (0x0000029cc9cab788) [0x0000029cc9cab880, 0x0000029cc9cab8f8] Compiler: c2, Barriers: 0, Oops: 0, ImmediateOops: 0, NonImmediateOops: No
[2024-10-26T03:26:25.455+0530][0.846s][debug][gc,nmethod  ] Register NMethod: java.lang.reflect.Proxy.getProxyConstructor (0x0000029cc21f2a88) [0x0000029cc21f2d20, 0x0000029cc21f4338] Compiler: c1, Barriers: 19, Oops: 3, ImmediateOops: 6, NonImmediateOops: No
[2024-10-26T03:26:25.456+0530][0.846s][debug][gc,nmethod  ] Register NMethod: java.lang.Class.getDeclaredMethods0 (0x0000029cc9caba88) [0x0000029cc9cabbc0, 0x0000029cc9cabfe0] Compiler: , Barriers: 0, Oops: 0, ImmediateOops: 0, NonImmediateOops: No
[2024-10-26T03:26:25.456+0530][0.847s][debug][gc,nmethod  ] Register NMethod: java.util.StringJoiner.checkAddLength (0x0000029cc2461688) [0x0000029cc2461800, 0x0000029cc2461cc8] Compiler: c1, Barriers: 4, Oops: 0, ImmediateOops: 1, NonImmediateOops: No
[2024-10-26T03:26:25.456+0530][0.847s][debug][gc,nmethod  ] Register NMethod: jdk.internal.classfile.impl.StackCounter.next (0x0000029cc2461d08) [0x0000029cc2461e80, 0x0000029cc2462400] Compiler: c1, Barriers: 4, Oops: 0, ImmediateOops: 0, NonImmediateOops: No
[2024-10-26T03:26:25.457+0530][0.847s][debug][gc,nmethod  ] Register NMethod: jdk.internal.classfile.impl.SplitConstantPool.tryFindUtf8 (0x0000029cc9cac008) [0x0000029cc9cac200, 0x0000029cc9cacfd8] Compiler: c2, Barriers: 19, Oops: 2, ImmediateOops: 5, NonImmediateOops: No
[2024-10-26T03:26:25.457+0530][0.848s][debug][gc,nmethod  ] Register NMethod: java.lang.invoke.BoundMethodHandle.editor (0x0000029cc2462488) [0x0000029cc24625e0, 0x0000029cc24629b8] Compiler: c1, Barriers: 4, Oops: 0, ImmediateOops: 0, NonImmediateOops: No
[2024-10-26T03:26:25.457+0530][0.848s][debug][gc,nmethod  ] Register NMethod: java.lang.invoke.DirectMethodHandle.makeAllocator (0x0000029cc2462a08) [0x0000029cc2462ba0, 0x0000029cc2463070] Compiler: c1, Barriers: 2, Oops: 0, ImmediateOops: 0, NonImmediateOops: No
[2024-10-26T03:26:25.457+0530][0.848s][debug][gc,nmethod  ] Register NMethod: java.lang.Class.getClassLoader (0x0000029cc9cad108) [0x0000029cc9cad200, 0x0000029cc9cad2b8] Compiler: c2, Barriers: 1, Oops: 0, ImmediateOops: 0, NonImmediateOops: No
[2024-10-26T03:26:25.458+0530][0.849s][debug][gc,nmethod  ] Register NMethod: java.util.Collections.emptyIterator (0x0000029cc2463108) [0x0000029cc2463220, 0x0000029cc2463318] Compiler: c1, Barriers: 0, Oops: 0, ImmediateOops: 1, NonImmediateOops: No
[2024-10-26T03:26:25.458+0530][0.849s][debug][gc,nmethod  ] Register NMethod: org.springframework.boot.context.config.ConfigDataEnvironmentContributor$ContributorIterator.fetchIfNecessary (0x0000029cc2463408) [0x0000029cc24636a0, 0x0000029cc24647f0] Compiler: c1, Barriers: 27, Oops: 2, ImmediateOops: 5, NonImmediateOops: No
[2024-10-26T03:26:25.459+0530][0.849s][debug][gc,director ] Rule Major: Warmup 10%, Used: 104MB, UsedThreshold: 204MB
[2024-10-26T03:26:25.459+0530][0.849s][debug][gc,director ] Rule Minor: High Usage, Free: 1904MB(93.0%)
[2024-10-26T03:26:25.459+0530][0.849s][debug][gc,nmethod  ] Register NMethod: java.lang.invoke.MethodHandleImpl.makePairwiseConvertByEditor (0x0000029cc2464888) [0x0000029cc2465060, 0x0000029cc246a490] Compiler: c1, Barriers: 43, Oops: 3, ImmediateOops: 15, NonImmediateOops: No
[2024-10-26T03:26:25.459+0530][0.850s][debug][gc,nmethod  ] Register NMethod: java.lang.ref.Reference.<init> (0x0000029cc9cad408) [0x0000029cc9cad520, 0x0000029cc9cad6f0] Compiler: c2, Barriers: 6, Oops: 0, ImmediateOops: 1, NonImmediateOops: No
[2024-10-26T03:26:25.459+0530][0.850s][debug][gc,nmethod  ] Register NMethod: java.lang.invoke.MethodHandle.linkToSpecial (0x0000029cc9cad788) [0x0000029cc9cad880, 0x0000029cc9cad990] Compiler: , Barriers: 0, Oops: 0, ImmediateOops: 0, NonImmediateOops: No
[2024-10-26T03:26:25.459+0530][0.850s][debug][gc,nmethod  ] Register NMethod: jdk.internal.org.objectweb.asm.FieldWriter.computeFieldInfoSize (0x0000029cc246a608) [0x0000029cc246a780, 0x0000029cc246abf0] Compiler: c1, Barriers: 8, Oops: 0, ImmediateOops: 1, NonImmediateOops: No
[2024-10-26T03:26:25.460+0530][0.851s][debug][gc,nmethod  ] Register NMethod: java.lang.invoke.MethodHandle.linkToSpecial (0x0000029cc9cada88) [0x0000029cc9cadb80, 0x0000029cc9cadc90] Compiler: , Barriers: 0, Oops: 0, ImmediateOops: 0, NonImmediateOops: No
[2024-10-26T03:26:25.460+0530][0.851s][debug][gc,nmethod  ] Register NMethod: jdk.internal.org.objectweb.asm.FieldWriter.putFieldInfo (0x0000029cc246ac08) [0x0000029cc246ae60, 0x0000029cc246ba40] Compiler: c1, Barriers: 16, Oops: 0, ImmediateOops: 1, NonImmediateOops: No
[2024-10-26T03:26:25.460+0530][0.851s][debug][gc,nmethod  ] Register NMethod: java.lang.invoke.LambdaForm$Name.<init> (0x0000029cc246ba88) [0x0000029cc246bc40, 0x0000029cc246c5c8] Compiler: c1, Barriers: 11, Oops: 0, ImmediateOops: 0, NonImmediateOops: No
[2024-10-26T03:26:25.460+0530][0.851s][debug][gc,nmethod  ] Register NMethod: java.lang.invoke.MethodHandle.invokeBasic (0x0000029cc9cadd88) [0x0000029cc9cadea0, 0x0000029cc9cae190] Compiler: , Barriers: 0, Oops: 0, ImmediateOops: 0, NonImmediateOops: No
[2024-10-26T03:26:25.460+0530][0.851s][debug][gc,nmethod  ] Register NMethod: java.lang.invoke.MethodHandle.linkToSpecial (0x0000029cc9cae208) [0x0000029cc9cae300, 0x0000029cc9cae410] Compiler: , Barriers: 0, Oops: 0, ImmediateOops: 0, NonImmediateOops: No
[2024-10-26T03:26:25.461+0530][0.852s][debug][gc,nmethod  ] Register NMethod: java.lang.invoke.MethodHandle.linkToStatic (0x0000029cc9cae508) [0x0000029cc9cae600, 0x0000029cc9cae710] Compiler: , Barriers: 0, Oops: 0, ImmediateOops: 0, NonImmediateOops: No
[2024-10-26T03:26:25.461+0530][0.852s][debug][gc,nmethod  ] Register NMethod: java.lang.invoke.MemberName$Factory.resolveOrNull (0x0000029cc246c688) [0x0000029cc246c7c0, 0x0000029cc246ca80] Compiler: c1, Barriers: 1, Oops: 0, ImmediateOops: 0, NonImmediateOops: No
[2024-10-26T03:26:25.461+0530][0.852s][debug][gc,nmethod  ] Register NMethod: java.lang.invoke.MethodHandle.linkToSpecial (0x0000029cc9cae808) [0x0000029cc9cae900, 0x0000029cc9caea10] Compiler: , Barriers: 0, Oops: 0, ImmediateOops: 0, NonImmediateOops: No
[2024-10-26T03:26:25.462+0530][0.852s][debug][gc,nmethod  ] Register NMethod: java.lang.invoke.MethodHandle.invokeBasic (0x0000029cc9caeb08) [0x0000029cc9caec20, 0x0000029cc9caef10] Compiler: , Barriers: 0, Oops: 0, ImmediateOops: 0, NonImmediateOops: No
[2024-10-26T03:26:25.462+0530][0.852s][debug][gc,nmethod  ] Register NMethod: java.lang.invoke.MethodHandle.linkToSpecial (0x0000029cc9caef88) [0x0000029cc9caf080, 0x0000029cc9caf190] Compiler: , Barriers: 0, Oops: 0, ImmediateOops: 0, NonImmediateOops: No
[2024-10-26T03:26:25.463+0530][0.853s][debug][gc,nmethod  ] Register NMethod: java.lang.invoke.MethodHandle.keepsAlive (0x0000029cc246cb08) [0x0000029cc246cd00, 0x0000029cc246d8d0] Compiler: c1, Barriers: 5, Oops: 0, ImmediateOops: 4, NonImmediateOops: No
[2024-10-26T03:26:25.463+0530][0.854s][debug][gc,nmethod  ] Register NMethod: java.lang.invoke.MethodHandle.getApproximateCommonClassLoader (0x0000029cc246d988) [0x0000029cc246db80, 0x0000029cc246e758] Compiler: c1, Barriers: 5, Oops: 0, ImmediateOops: 4, NonImmediateOops: No
[2024-10-26T03:26:25.463+0530][0.854s][debug][gc,nmethod  ] Register NMethod: org.springframework.boot.context.properties.source.SpringIterableConfigurationPropertySource$Mappings$$Lambda/0x000002a0d41456b8.apply (0x0000029cc246e808) [0x0000029cc246e960, 0x0000029cc246eea8] Compiler: c1, Barriers: 3, Oops: 1, ImmediateOops: 0, NonImmediateOops: No
[2024-10-26T03:26:25.463+0530][0.854s][debug][gc,nmethod  ] Register NMethod: org.springframework.boot.context.properties.source.SpringIterableConfigurationPropertySource$Mappings.lambda$add$0 (0x0000029cc246ef08) [0x0000029cc246f060, 0x0000029cc246f520] Compiler: c1, Barriers: 3, Oops: 1, ImmediateOops: 0, NonImmediateOops: No
[2024-10-26T03:26:25.463+0530][0.854s][debug][gc,nmethod  ] Register NMethod: org.springframework.boot.context.properties.source.ConfigurationPropertyName.getParent (0x0000029cc246f588) [0x0000029cc246f700, 0x0000029cc246fd38] Compiler: c1, Barriers: 7, Oops: 1, ImmediateOops: 1, NonImmediateOops: No
[2024-10-26T03:26:25.463+0530][0.854s][debug][gc,nmethod  ] Register NMethod: java.util.stream.MatchOps$BooleanTerminalSink.getAndClearState (0x0000029cc9caf288) [0x0000029cc9caf3a0, 0x0000029cc9caf470] Compiler: c1, Barriers: 0, Oops: 0, ImmediateOops: 0, NonImmediateOops: No
[2024-10-26T03:26:25.464+0530][0.854s][debug][gc,nmethod  ] Register NMethod: java.util.stream.Sink.end (0x0000029cc246fd88) [0x0000029cc246fea0, 0x0000029cc246ffa8] Compiler: c1, Barriers: 0, Oops: 0, ImmediateOops: 0, NonImmediateOops: No
[2024-10-26T03:26:25.464+0530][0.855s][debug][gc,nmethod  ] Register NMethod: org.springframework.core.env.PropertySource.getSource (0x0000029cc9caf588) [0x0000029cc9caf6a0, 0x0000029cc9caf798] Compiler: c1, Barriers: 1, Oops: 1, ImmediateOops: 0, NonImmediateOops: No
[2024-10-26T03:26:25.464+0530][0.855s][debug][gc,nmethod  ] Register NMethod: java.util.function.BiPredicate$$Lambda/0x000002a0d40e90f0.test (0x0000029cc2470088) [0x0000029cc24701e0, 0x0000029cc24706c8] Compiler: c1, Barriers: 2, Oops: 0, ImmediateOops: 0, NonImmediateOops: No
[2024-10-26T03:26:25.464+0530][0.855s][debug][gc,nmethod  ] Register NMethod: java.util.function.BiPredicate.lambda$or$2 (0x0000029cc2470708) [0x0000029cc2470840, 0x0000029cc2470b70] Compiler: c1, Barriers: 0, Oops: 0, ImmediateOops: 0, NonImmediateOops: No
[2024-10-26T03:26:25.464+0530][0.855s][debug][gc,nmethod  ] Register NMethod: org.springframework.boot.context.properties.source.SystemEnvironmentPropertyMapper$$Lambda/0x000002a0d41458f8.test (0x0000029cc2470b88) [0x0000029cc2470d20, 0x0000029cc2471500] Compiler: c1, Barriers: 3, Oops: 2, ImmediateOops: 1, NonImmediateOops: No
[2024-10-26T03:26:25.465+0530][0.855s][debug][gc,nmethod  ] Register NMethod: org.springframework.boot.context.properties.source.SystemEnvironmentPropertyMapper.hasDashedEntries (0x0000029cc2471588) [0x0000029cc24716e0, 0x0000029cc2471a48] Compiler: c1, Barriers: 1, Oops: 1, ImmediateOops: 1, NonImmediateOops: No
[2024-10-26T03:26:25.465+0530][0.856s][debug][gc,nmethod  ] Register NMethod: org.springframework.boot.context.properties.source.ConfigurationPropertyName$ElementsParser.parse (0x0000029cc2471a88) [0x0000029cc2471ba0, 0x0000029cc2471cf0] Compiler: c1, Barriers: 0, Oops: 1, ImmediateOops: 0, NonImmediateOops: No
[2024-10-26T03:26:25.465+0530][0.856s][debug][gc,nmethod  ] Register NMethod: org.springframework.boot.context.properties.source.SystemEnvironmentPropertyMapper.isAncestorOf (0x0000029cc2471d88) [0x0000029cc2471f80, 0x0000029cc2472a00] Compiler: c1, Barriers: 4, Oops: 2, ImmediateOops: 2, NonImmediateOops: No
[2024-10-26T03:26:25.465+0530][0.856s][debug][gc,nmethod  ] Register NMethod: jdk.internal.classfile.impl.SplitConstantPool.utf8Entry (0x0000029cc9caf888) [0x0000029cc9cafb40, 0x0000029cc9cb13e0] Compiler: c2, Barriers: 35, Oops: 2, ImmediateOops: 7, NonImmediateOops: No
[2024-10-26T03:26:25.465+0530][0.856s][debug][gc,nmethod  ] Register NMethod: org.springframework.boot.context.config.ConfigDataEnvironmentContributor$ContributorIterator.hasNext (0x0000029cc2472a88) [0x0000029cc2472ba0, 0x0000029cc2472d28] Compiler: c1, Barriers: 0, Oops: 1, ImmediateOops: 0, NonImmediateOops: No
[2024-10-26T03:26:25.465+0530][0.856s][debug][gc,nmethod  ] Register NMethod: jdk.internal.classfile.impl.SplitConstantPool.utf8Entry (0x0000029cc9cb1588) [0x0000029cc9cb1840, 0x0000029cc9cb30e0] Compiler: c2, Barriers: 35, Oops: 2, ImmediateOops: 7, NonImmediateOops: No
[2024-10-26T03:26:25.465+0530][0.856s][debug][gc,nmethod  ] Register NMethod: org.springframework.boot.context.properties.source.PropertyMapper$$Lambda/0x000002a0d4143c50.test (0x0000029cc2472d88) [0x0000029cc2472f00, 0x0000029cc2473570] Compiler: c1, Barriers: 2, Oops: 2, ImmediateOops: 1, NonImmediateOops: No
[2024-10-26T03:26:25.465+0530][0.856s][debug][gc,nmethod  ] Register NMethod: org.springframework.boot.context.properties.source.SystemEnvironmentPropertyMapper.isLegacyAncestorOf (0x0000029cc2473608) [0x0000029cc24737a0, 0x0000029cc2473dc8] Compiler: c1, Barriers: 2, Oops: 2, ImmediateOops: 1, NonImmediateOops: No
[2024-10-26T03:26:25.465+0530][0.856s][debug][gc,nmethod  ] Register NMethod: java.util.stream.Sink.begin (0x0000029cc2473e88) [0x0000029cc2473fa0, 0x0000029cc24740a8] Compiler: c1, Barriers: 0, Oops: 0, ImmediateOops: 0, NonImmediateOops: No
[2024-10-26T03:26:25.465+0530][0.856s][debug][gc,nmethod  ] Register NMethod: sun.util.locale.BaseLocale.getLanguage (0x0000029cc9cb3288) [0x0000029cc9cb33a0, 0x0000029cc9cb3498] Compiler: c1, Barriers: 1, Oops: 0, ImmediateOops: 0, NonImmediateOops: No
[2024-10-26T03:26:25.466+0530][0.857s][debug][gc,nmethod  ] Register NMethod: java.util.Collections$EmptyList.iterator (0x0000029cc2474188) [0x0000029cc24742a0, 0x0000029cc2474410] Compiler: c1, Barriers: 0, Oops: 0, ImmediateOops: 1, NonImmediateOops: No
[2024-10-26T03:26:25.466+0530][0.857s][debug][gc,nmethod  ] Register NMethod: org.springframework.boot.context.config.ConfigDataEnvironmentContributor.getConfigurationPropertySource (0x0000029cc9cb3588) [0x0000029cc9cb36a0, 0x0000029cc9cb3798] Compiler: c1, Barriers: 1, Oops: 1, ImmediateOops: 0, NonImmediateOops: No
[2024-10-26T03:26:25.466+0530][0.857s][debug][gc,nmethod  ] Register NMethod: java.util.LinkedHashMap.getOrDefault (0x0000029cc2474488) [0x0000029cc24745c0, 0x0000029cc2474830] Compiler: c1, Barriers: 1, Oops: 0, ImmediateOops: 0, NonImmediateOops: No
[2024-10-26T03:26:25.466+0530][0.857s][debug][gc,nmethod  ] Register NMethod: org.springframework.boot.context.properties.source.SystemEnvironmentPropertyMapper.buildLegacyCompatibleName (0x0000029cc2474888) [0x0000029cc2474a80, 0x0000029cc24754a0] Compiler: c1, Barriers: 7, Oops: 1, ImmediateOops: 1, NonImmediateOops: No
[2024-10-26T03:26:25.466+0530][0.857s][debug][gc,nmethod  ] Register NMethod: org.springframework.boot.context.properties.source.ConfigurationPropertyName.fastElementEquals (0x0000029cc2475588) [0x0000029cc2475700, 0x0000029cc2475b08] Compiler: c1, Barriers: 0, Oops: 1, ImmediateOops: 0, NonImmediateOops: No
[2024-10-26T03:26:25.467+0530][0.857s][debug][gc,nmethod  ] Register NMethod: java.util.stream.Sink$ChainedReference.<init> (0x0000029cc2475b88) [0x0000029cc2475ce0, 0x0000029cc2476108] Compiler: c1, Barriers: 3, Oops: 0, ImmediateOops: 0, NonImmediateOops: No
[2024-10-26T03:26:25.467+0530][0.857s][debug][gc,nmethod  ] Register NMethod: java.util.stream.AbstractPipeline.<init> (0x0000029cc2476188) [0x0000029cc2476300, 0x0000029cc2476898] Compiler: c1, Barriers: 10, Oops: 0, ImmediateOops: 1, NonImmediateOops: No
[2024-10-26T03:26:25.467+0530][0.858s][debug][gc,nmethod  ] Register NMethod: org.springframework.boot.context.properties.source.ConfigurationPropertyName$ElementsParser.updateType (0x0000029cc9cb3888) [0x0000029cc9cb39c0, 0x0000029cc9cb3c98] Compiler: c2, Barriers: 0, Oops: 3, ImmediateOops: 10, NonImmediateOops: No
[2024-10-26T03:26:25.467+0530][0.858s][debug][gc,nmethod  ] Register NMethod: java.lang.StringBuilder.charAt (0x0000029cc9cb3d88) [0x0000029cc9cb3ea0, 0x0000029cc9cb4018] Compiler: c2, Barriers: 1, Oops: 1, ImmediateOops: 0, NonImmediateOops: No
[2024-10-26T03:26:25.467+0530][0.858s][debug][gc,nmethod  ] Register NMethod: org.springframework.boot.context.config.ConfigDataEnvironmentContributor$ContributorIterator.next (0x0000029cc2476908) [0x0000029cc2476a60, 0x0000029cc2476d38] Compiler: c1, Barriers: 3, Oops: 1, ImmediateOops: 0, NonImmediateOops: No
[2024-10-26T03:26:25.467+0530][0.858s][debug][gc,nmethod  ] Register NMethod: java.util.Spliterators$IteratorSpliterator.tryAdvance (0x0000029cc2476d88) [0x0000029cc2476f40, 0x0000029cc2477768] Compiler: c1, Barriers: 8, Oops: 0, ImmediateOops: 0, NonImmediateOops: No
[2024-10-26T03:26:25.467+0530][0.858s][debug][gc,nmethod  ] Register NMethod: org.springframework.boot.context.config.ConfigDataEnvironmentContributor$ContributorIterator.next (0x0000029cc2477788) [0x0000029cc24778e0, 0x0000029cc2477c10] Compiler: c1, Barriers: 3, Oops: 1, ImmediateOops: 0, NonImmediateOops: No
[2024-10-26T03:26:25.468+0530][0.858s][debug][gc,nmethod  ] Register NMethod: java.util.stream.Sink$ChainedReference.end (0x0000029cc2477c88) [0x0000029cc2477dc0, 0x0000029cc2477fd0] Compiler: c1, Barriers: 1, Oops: 0, ImmediateOops: 0, NonImmediateOops: No
[2024-10-26T03:26:25.468+0530][0.859s][debug][gc,nmethod  ] Register NMethod: java.util.stream.ReferencePipeline$StatelessOp.<init> (0x0000029cc2478008) [0x0000029cc2478140, 0x0000029cc24782f8] Compiler: c1, Barriers: 0, Oops: 0, ImmediateOops: 0, NonImmediateOops: No
[2024-10-26T03:26:25.468+0530][0.859s][debug][gc,nmethod  ] Register NMethod: java.util.ArrayDeque.addFirst (0x0000029cc2478388) [0x0000029cc24784e0, 0x0000029cc24789b0] Compiler: c1, Barriers: 4, Oops: 0, ImmediateOops: 0, NonImmediateOops: No
[2024-10-26T03:26:25.468+0530][0.859s][debug][gc,nmethod  ] Register NMethod: java.lang.StringLatin1.toUpperCase (0x0000029cc2478a08) [0x0000029cc2478c00, 0x0000029cc2479830] Compiler: c1, Barriers: 5, Oops: 0, ImmediateOops: 4, NonImmediateOops: No
[2024-10-26T03:26:25.468+0530][0.859s][debug][gc,nmethod  ] Register NMethod: java.util.Locale.getLanguage (0x0000029cc2479888) [0x0000029cc24799a0, 0x0000029cc2479b28] Compiler: c1, Barriers: 2, Oops: 0, ImmediateOops: 0, NonImmediateOops: No
[2024-10-26T03:26:25.468+0530][0.859s][debug][gc,nmethod  ] Register NMethod: org.springframework.boot.context.properties.source.ConfigurationPropertyName$Elements.charAt (0x0000029cc9cb4088) [0x0000029cc9cb41e0, 0x0000029cc9cb4640] Compiler: c2, Barriers: 6, Oops: 2, ImmediateOops: 0, NonImmediateOops: No
[2024-10-26T03:26:25.468+0530][0.859s][debug][gc,nmethod  ] Register NMethod: java.util.stream.SpinedBuffer.capacity (0x0000029cc2479b88) [0x0000029cc2479cc0, 0x0000029cc2479f70] Compiler: c1, Barriers: 4, Oops: 0, ImmediateOops: 0, NonImmediateOops: No
[2024-10-26T03:26:25.468+0530][0.859s][debug][gc,nmethod  ] Register NMethod: java.util.stream.StreamSupport.stream (0x0000029cc2479f88) [0x0000029cc247a0e0, 0x0000029cc247a508] Compiler: c1, Barriers: 0, Oops: 0, ImmediateOops: 0, NonImmediateOops: No
[2024-10-26T03:26:25.469+0530][0.860s][debug][gc,nmethod  ] Register NMethod: java.lang.StringBuilder.length (0x0000029cc9cb4688) [0x0000029cc9cb4780, 0x0000029cc9cb47f8] Compiler: c2, Barriers: 0, Oops: 0, ImmediateOops: 0, NonImmediateOops: No
[2024-10-26T03:26:25.469+0530][0.860s][debug][gc,nmethod  ] Register NMethod: java.util.concurrent.ConcurrentHashMap.transfer (0x0000029cc9cb4988) [0x0000029cc9cb4b40, 0x0000029cc9cb5cb8] Compiler: c2, Barriers: 38, Oops: 1, ImmediateOops: 0, NonImmediateOops: No
[2024-10-26T03:26:25.469+0530][0.860s][debug][gc,nmethod  ] Register NMethod: java.util.ArrayDeque.elementAt (0x0000029cc9cb5d88) [0x0000029cc9cb5e80, 0x0000029cc9cb5f70] Compiler: c2, Barriers: 1, Oops: 0, ImmediateOops: 0, NonImmediateOops: No
[2024-10-26T03:26:25.470+0530][0.860s][debug][gc,director ] Rule Major: Warmup 10%, Used: 104MB, UsedThreshold: 204MB
[2024-10-26T03:26:25.470+0530][0.860s][debug][gc,director ] Rule Minor: High Usage, Free: 1904MB(93.0%)
[2024-10-26T03:26:25.470+0530][0.861s][debug][gc,nmethod  ] Register NMethod: org.springframework.boot.context.properties.source.ConfigurationPropertyName.getNumberOfElements (0x0000029cc9cb6088) [0x0000029cc9cb6180, 0x0000029cc9cb6250] Compiler: c2, Barriers: 1, Oops: 1, ImmediateOops: 0, NonImmediateOops: No
[2024-10-26T03:26:25.470+0530][0.861s][debug][gc,nmethod  ] Register NMethod: java.lang.AbstractStringBuilder.charAt (0x0000029cc9cb6388) [0x0000029cc9cb64a0, 0x0000029cc9cb6618] Compiler: c2, Barriers: 1, Oops: 1, ImmediateOops: 0, NonImmediateOops: No
[2024-10-26T03:26:25.471+0530][0.862s][debug][gc,nmethod  ] Register NMethod: org.springframework.core.ResolvableType.getGenerics (0x0000029cc247a588) [0x0000029cc247a840, 0x0000029cc247c190] Compiler: c1, Barriers: 21, Oops: 1, ImmediateOops: 3, NonImmediateOops: No
[2024-10-26T03:26:25.471+0530][0.862s][debug][gc,nmethod  ] Register NMethod: java.util.Collections$UnmodifiableMap.containsKey (0x0000029cc247c208) [0x0000029cc247c340, 0x0000029cc247c550] Compiler: c1, Barriers: 1, Oops: 0, ImmediateOops: 0, NonImmediateOops: No
[2024-10-26T03:26:25.471+0530][0.862s][debug][gc,nmethod  ] Register NMethod: org.springframework.boot.context.properties.source.ConfigurationPropertyName.elementDiffers (0x0000029cc247c588) [0x0000029cc247c7a0, 0x0000029cc247d2b8] Compiler: c1, Barriers: 4, Oops: 1, ImmediateOops: 10, NonImmediateOops: No
[2024-10-26T03:26:25.471+0530][0.862s][debug][gc,nmethod  ] Register NMethod: java.lang.ProcessEnvironment.containsKey (0x0000029cc247d308) [0x0000029cc247d460, 0x0000029cc247d878] Compiler: c1, Barriers: 0, Oops: 0, ImmediateOops: 0, NonImmediateOops: No
[2024-10-26T03:26:25.471+0530][0.862s][debug][gc,nmethod  ] Register NMethod: java.util.concurrent.CopyOnWriteArrayList.elementAt (0x0000029cc247d908) [0x0000029cc247da20, 0x0000029cc247db60] Compiler: c1, Barriers: 1, Oops: 0, ImmediateOops: 0, NonImmediateOops: No
[2024-10-26T03:26:25.471+0530][0.862s][debug][gc,nmethod  ] Register NMethod: java.lang.StringBuilder.append (0x0000029cc9cb6688) [0x0000029cc9cb67e0, 0x0000029cc9cb6e50] Compiler: c2, Barriers: 5, Oops: 0, ImmediateOops: 0, NonImmediateOops: No
[2024-10-26T03:26:25.471+0530][0.862s][debug][gc,nmethod  ] Register NMethod: java.util.concurrent.CopyOnWriteArrayList.get (0x0000029cc247dc08) [0x0000029cc247dd40, 0x0000029cc247df50] Compiler: c1, Barriers: 2, Oops: 0, ImmediateOops: 0, NonImmediateOops: No
[2024-10-26T03:26:25.474+0530][0.864s][debug][gc,nmethod  ] Register NMethod: java.lang.invoke.TypeConvertingMethodAdapter.<init> (0x0000029cc247df88) [0x0000029cc247e0a0, 0x0000029cc247e1e8] Compiler: c1, Barriers: 0, Oops: 0, ImmediateOops: 0, NonImmediateOops: No
[2024-10-26T03:26:25.474+0530][0.865s][debug][gc,nmethod  ] Register NMethod: jdk.internal.org.objectweb.asm.MethodVisitor.visitCode (0x0000029cc247e288) [0x0000029cc247e3c0, 0x0000029cc247e5f8] Compiler: c1, Barriers: 1, Oops: 0, ImmediateOops: 0, NonImmediateOops: No
[2024-10-26T03:26:25.474+0530][0.865s][debug][gc,nmethod  ] Register NMethod: jdk.internal.org.objectweb.asm.MethodVisitor.visitEnd (0x0000029cc247e608) [0x0000029cc247e740, 0x0000029cc247e978] Compiler: c1, Barriers: 1, Oops: 0, ImmediateOops: 0, NonImmediateOops: No
[2024-10-26T03:26:25.474+0530][0.865s][debug][gc,nmethod  ] Register NMethod: jdk.internal.org.objectweb.asm.MethodVisitor.visitMethodInsn (0x0000029cc247e988) [0x0000029cc247eb00, 0x0000029cc247efe0] Compiler: c1, Barriers: 1, Oops: 0, ImmediateOops: 1, NonImmediateOops: No
[2024-10-26T03:26:25.474+0530][0.865s][debug][gc,nmethod  ] Register NMethod: jdk.internal.org.objectweb.asm.MethodVisitor.visitMaxs (0x0000029cc247f008) [0x0000029cc247f140, 0x0000029cc247f378] Compiler: c1, Barriers: 1, Oops: 0, ImmediateOops: 0, NonImmediateOops: No
[2024-10-26T03:26:25.474+0530][0.865s][debug][gc,nmethod  ] Register NMethod: java.lang.invoke.ClassSpecializer$SpeciesData.fieldCount (0x0000029cc247f388) [0x0000029cc247f4c0, 0x0000029cc247f6d0] Compiler: c1, Barriers: 1, Oops: 0, ImmediateOops: 0, NonImmediateOops: No
[2024-10-26T03:26:25.474+0530][0.865s][debug][gc,nmethod  ] Register NMethod: org.springframework.boot.context.properties.source.DefaultPropertyMapper$LastMapping.isFrom (0x0000029cc247f708) [0x0000029cc247f820, 0x0000029cc247f998] Compiler: c1, Barriers: 1, Oops: 1, ImmediateOops: 0, NonImmediateOops: No
[2024-10-26T03:26:25.474+0530][0.865s][debug][gc,nmethod  ] Register NMethod: org.springframework.boot.context.properties.bind.Bindable.getType (0x0000029cc9cb6f08) [0x0000029cc9cb7020, 0x0000029cc9cb7118] Compiler: c1, Barriers: 1, Oops: 1, ImmediateOops: 0, NonImmediateOops: No
[2024-10-26T03:26:25.474+0530][0.865s][debug][gc,nmethod  ] Register NMethod: java.util.concurrent.ConcurrentHashMap$Traverser.advance (0x0000029cc9cb7208) [0x0000029cc9cb7340, 0x0000029cc9cb77c0] Compiler: c2, Barriers: 10, Oops: 0, ImmediateOops: 0, NonImmediateOops: No
[2024-10-26T03:26:25.474+0530][0.865s][debug][gc,nmethod  ] Register NMethod: org.springframework.boot.context.config.ConfigDataEnvironmentContributor$ContributorIterator.<init> (0x0000029cc247fa08) [0x0000029cc247fba0, 0x0000029cc24802e8] Compiler: c1, Barriers: 13, Oops: 2, ImmediateOops: 4, NonImmediateOops: No
[2024-10-26T03:26:25.474+0530][0.865s][debug][gc,nmethod  ] Register NMethod: java.util.concurrent.ConcurrentHashMap$KeySpliterator.characteristics (0x0000029cc9cb7808) [0x0000029cc9cb7920, 0x0000029cc9cb79e8] Compiler: c1, Barriers: 0, Oops: 0, ImmediateOops: 0, NonImmediateOops: No
[2024-10-26T03:26:25.475+0530][0.865s][debug][gc,nmethod  ] Register NMethod: java.util.stream.ReferencePipeline$2$1.accept (0x0000029cc9cb7b08) [0x0000029cc9cb7c20, 0x0000029cc9cb7dd8] Compiler: c2, Barriers: 3, Oops: 0, ImmediateOops: 0, NonImmediateOops: No
[2024-10-26T03:26:25.475+0530][0.865s][debug][gc,nmethod  ] Register NMethod: jdk.internal.misc.VM.getNanoTimeAdjustment (0x0000029cc9cb7e08) [0x0000029cc9cb7f20, 0x0000029cc9cb8138] Compiler: , Barriers: 0, Oops: 0, ImmediateOops: 1, NonImmediateOops: No
[2024-10-26T03:26:25.475+0530][0.866s][debug][gc,nmethod  ] Register NMethod: java.util.stream.SpinedBuffer.inflateSpine (0x0000029cc2480388) [0x0000029cc24804c0, 0x0000029cc2480a00] Compiler: c1, Barriers: 11, Oops: 0, ImmediateOops: 0, NonImmediateOops: No
[2024-10-26T03:26:25.475+0530][0.866s][debug][gc,nmethod  ] Register NMethod: org.springframework.boot.context.properties.source.ConfigurationPropertyName.elementsOf (0x0000029cc2480a88) [0x0000029cc2480d20, 0x0000029cc2481d68] Compiler: c1, Barriers: 5, Oops: 3, ImmediateOops: 5, NonImmediateOops: No
[2024-10-26T03:26:25.475+0530][0.866s][debug][gc,nmethod  ] Register NMethod: java.util.Collections$UnmodifiableMap.get (0x0000029cc2481e08) [0x0000029cc2481f40, 0x0000029cc2482150] Compiler: c1, Barriers: 1, Oops: 0, ImmediateOops: 0, NonImmediateOops: No
[2024-10-26T03:26:25.475+0530][0.866s][debug][gc,nmethod  ] Register NMethod: org.springframework.boot.context.properties.source.SpringIterableConfigurationPropertySource.getPropertySource (0x0000029cc2482188) [0x0000029cc24822a0, 0x0000029cc24824c8] Compiler: c1, Barriers: 1, Oops: 1, ImmediateOops: 0, NonImmediateOops: No
[2024-10-26T03:26:25.475+0530][0.866s][debug][gc,nmethod  ] Register NMethod: java.lang.invoke.MethodHandle.linkToInterface (0x0000029cc9cb8188) [0x0000029cc9cb8280, 0x0000029cc9cb83e0] Compiler: , Barriers: 0, Oops: 0, ImmediateOops: 0, NonImmediateOops: No
[2024-10-26T03:26:25.476+0530][0.866s][debug][gc,nmethod  ] Register NMethod: java.util.stream.Node.getChildCount (0x0000029cc9cb8488) [0x0000029cc9cb85a0, 0x0000029cc9cb8668] Compiler: c1, Barriers: 0, Oops: 0, ImmediateOops: 0, NonImmediateOops: No
[2024-10-26T03:26:25.476+0530][0.867s][debug][gc,nmethod  ] Register NMethod: org.springframework.boot.context.properties.source.ConfigurationPropertyName$Elements.canShortcutWithSource (0x0000029cc2482508) [0x0000029cc2482660, 0x0000029cc2482af8] Compiler: c1, Barriers: 5, Oops: 1, ImmediateOops: 0, NonImmediateOops: No
[2024-10-26T03:26:25.476+0530][0.867s][debug][gc,nmethod  ] Register NMethod: org.springframework.boot.context.config.ConfigDataEnvironmentContributors$$Lambda/0x000002a0d416a580.test (0x0000029cc2482b88) [0x0000029cc2482cc0, 0x0000029cc2482fe8] Compiler: c1, Barriers: 2, Oops: 1, ImmediateOops: 0, NonImmediateOops: No
[2024-10-26T03:26:25.476+0530][0.867s][debug][gc,nmethod  ] Register NMethod: org.springframework.boot.context.config.ConfigDataEnvironmentContributors.hasConfigurationPropertySource (0x0000029cc2483088) [0x0000029cc24831a0, 0x0000029cc2483358] Compiler: c1, Barriers: 1, Oops: 1, ImmediateOops: 0, NonImmediateOops: No
[2024-10-26T03:26:25.476+0530][0.867s][debug][gc,nmethod  ] Register NMethod: org.springframework.boot.context.properties.source.ConfigurationPropertyName.equals (0x0000029cc2483388) [0x0000029cc24835c0, 0x0000029cc2484150] Compiler: c1, Barriers: 15, Oops: 2, ImmediateOops: 2, NonImmediateOops: No
[2024-10-26T03:26:25.476+0530][0.867s][debug][gc,nmethod  ] Register NMethod: jdk.internal.misc.CDS.isDumpingArchive (0x0000029cc2484208) [0x0000029cc2484320, 0x0000029cc2484420] Compiler: c1, Barriers: 0, Oops: 0, ImmediateOops: 0, NonImmediateOops: No
[2024-10-26T03:26:25.477+0530][0.868s][debug][gc,nmethod  ] Register NMethod: java.lang.invoke.InnerClassLambdaMetafactory$ForwardingMethodGenerator.convertArgumentTypes (0x0000029cc2484508) [0x0000029cc2484720, 0x0000029cc2485408] Compiler: c1, Barriers: 14, Oops: 0, ImmediateOops: 5, NonImmediateOops: No
[2024-10-26T03:26:25.477+0530][0.868s][debug][gc,nmethod  ] Register NMethod: java.lang.invoke.InnerClassLambdaMetafactory.generateConstructor (0x0000029cc2485488) [0x0000029cc2485740, 0x0000029cc24869f0] Compiler: c1, Barriers: 18, Oops: 1, ImmediateOops: 8, NonImmediateOops: No
[2024-10-26T03:26:25.477+0530][0.868s][debug][gc,nmethod  ] Register NMethod: java.lang.invoke.InnerClassLambdaMetafactory$ForwardingMethodGenerator.<init> (0x0000029cc2486a88) [0x0000029cc2486bc0, 0x0000029cc2486dd8] Compiler: c1, Barriers: 3, Oops: 0, ImmediateOops: 0, NonImmediateOops: No
[2024-10-26T03:26:25.477+0530][0.868s][debug][gc,nmethod  ] Register NMethod: java.lang.invoke.InnerClassLambdaMetafactory$ForwardingMethodGenerator.generate (0x0000029cc2486e08) [0x0000029cc24871c0, 0x0000029cc24894b0] Compiler: c1, Barriers: 41, Oops: 2, ImmediateOops: 4, NonImmediateOops: No
[2024-10-26T03:26:25.477+0530][0.868s][debug][gc,nmethod  ] Register NMethod: java.lang.invoke.InnerClassLambdaMetafactory.getReturnOpcode (0x0000029cc2489588) [0x0000029cc24896c0, 0x0000029cc2489840] Compiler: c1, Barriers: 0, Oops: 0, ImmediateOops: 1, NonImmediateOops: No
[2024-10-26T03:26:25.477+0530][0.868s][debug][gc,nmethod  ] Register NMethod: java.lang.String.indexOf (0x0000029cc2489888) [0x0000029cc24899e0, 0x0000029cc2489cd8] Compiler: c1, Barriers: 1, Oops: 0, ImmediateOops: 0, NonImmediateOops: No
[2024-10-26T03:26:25.477+0530][0.868s][debug][gc,nmethod  ] Register NMethod: java.lang.invoke.InnerClassLambdaMetafactory$ForwardingMethodGenerator.invocationOpcode (0x0000029cc2489d08) [0x0000029cc2489ee0, 0x0000029cc248a718] Compiler: c1, Barriers: 2, Oops: 1, ImmediateOops: 2, NonImmediateOops: No
[2024-10-26T03:26:25.477+0530][0.868s][debug][gc,nmethod  ] Register NMethod: java.lang.invoke.InnerClassLambdaMetafactory.generateInnerClass (0x0000029cc248a788) [0x0000029cc248ac40, 0x0000029cc248d398] Compiler: c1, Barriers: 50, Oops: 2, ImmediateOops: 7, NonImmediateOops: No
[2024-10-26T03:26:25.477+0530][0.868s][debug][gc,nmethod  ] Register NMethod: org.springframework.util.CollectionUtils.isEmpty (0x0000029cc248d488) [0x0000029cc248d5c0, 0x0000029cc248d7e8] Compiler: c1, Barriers: 0, Oops: 1, ImmediateOops: 0, NonImmediateOops: No
[2024-10-26T03:26:25.477+0530][0.868s][debug][gc,nmethod  ] Register NMethod: jdk.internal.org.objectweb.asm.ClassWriter.visitEnd (0x0000029cc248d808) [0x0000029cc248d920, 0x0000029cc248da28] Compiler: c1, Barriers: 0, Oops: 0, ImmediateOops: 0, NonImmediateOops: No
[2024-10-26T03:26:25.478+0530][0.868s][debug][gc,nmethod  ] Register NMethod: java.net.URI.getScheme (0x0000029cc9cb8788) [0x0000029cc9cb88a0, 0x0000029cc9cb8998] Compiler: c1, Barriers: 1, Oops: 0, ImmediateOops: 0, NonImmediateOops: No
[2024-10-26T03:26:25.478+0530][0.869s][debug][gc,nmethod  ] Register NMethod: java.net.URI$Parser.scan (0x0000029cc248db08) [0x0000029cc248dca0, 0x0000029cc248e408] Compiler: c1, Barriers: 3, Oops: 1, ImmediateOops: 2, NonImmediateOops: No
[2024-10-26T03:26:25.478+0530][0.869s][debug][gc,nmethod  ] Register NMethod: java.net.URI.match (0x0000029cc9cb8a88) [0x0000029cc9cb8b80, 0x0000029cc9cb8c70] Compiler: c2, Barriers: 0, Oops: 0, ImmediateOops: 0, NonImmediateOops: No
[2024-10-26T03:26:25.478+0530][0.869s][debug][gc,nmethod  ] Register NMethod: java.util.ArrayDeque.nonNullElementAt (0x0000029cc248e488) [0x0000029cc248e5c0, 0x0000029cc248e810] Compiler: c1, Barriers: 1, Oops: 0, ImmediateOops: 0, NonImmediateOops: No
[2024-10-26T03:26:25.478+0530][0.869s][debug][gc,nmethod  ] Register NMethod: java.util.ArrayDeque$DeqIterator.next (0x0000029cc248e888) [0x0000029cc248ea00, 0x0000029cc248eef8] Compiler: c1, Barriers: 3, Oops: 0, ImmediateOops: 0, NonImmediateOops: No
[2024-10-26T03:26:25.478+0530][0.869s][debug][gc,nmethod  ] Register NMethod: java.lang.StringBuilder.append (0x0000029cc248ef88) [0x0000029cc248f0e0, 0x0000029cc248f410] Compiler: c1, Barriers: 0, Oops: 0, ImmediateOops: 1, NonImmediateOops: No
[2024-10-26T03:26:25.478+0530][0.869s][debug][gc,nmethod  ] Register NMethod: java.lang.invoke.DirectMethodHandle$Holder.invokeStatic (0x0000029cc248f488) [0x0000029cc248f5e0, 0x0000029cc248fb00] Compiler: c1, Barriers: 1, Oops: 0, ImmediateOops: 0, NonImmediateOops: No
[2024-10-26T03:26:25.479+0530][0.870s][debug][gc,nmethod  ] Register NMethod: org.springframework.util.StringUtils.toStringArray (0x0000029cc248fb88) [0x0000029cc248fce0, 0x0000029cc2490190] Compiler: c1, Barriers: 0, Oops: 1, ImmediateOops: 2, NonImmediateOops: No
[2024-10-26T03:26:25.479+0530][0.870s][debug][gc,nmethod  ] Register NMethod: java.io.File.<init> (0x0000029cc2490208) [0x0000029cc2490380, 0x0000029cc2490760] Compiler: c1, Barriers: 6, Oops: 0, ImmediateOops: 1, NonImmediateOops: No
[2024-10-26T03:26:25.479+0530][0.870s][debug][gc,nmethod  ] Register NMethod: org.springframework.core.io.UrlResource.getURL (0x0000029cc9cb8d88) [0x0000029cc9cb8ea0, 0x0000029cc9cb8f98] Compiler: c1, Barriers: 1, Oops: 1, ImmediateOops: 0, NonImmediateOops: No
[2024-10-26T03:26:25.480+0530][0.870s][debug][gc,director ] Rule Major: Warmup 10%, Used: 104MB, UsedThreshold: 204MB
[2024-10-26T03:26:25.480+0530][0.870s][debug][gc,director ] Rule Minor: High Usage, Free: 1904MB(93.0%)
[2024-10-26T03:26:25.480+0530][0.870s][debug][gc,nmethod  ] Register NMethod: java.net.URI$Parser.<init> (0x0000029cc2490788) [0x0000029cc24908c0, 0x0000029cc2490bb0] Compiler: c1, Barriers: 9, Oops: 0, ImmediateOops: 0, NonImmediateOops: No
[2024-10-26T03:26:25.480+0530][0.870s][debug][gc,nmethod  ] Register NMethod: java.util.stream.AbstractPipeline.evaluate (0x0000029cc2490c08) [0x0000029cc2490dc0, 0x0000029cc24915a0] Compiler: c1, Barriers: 1, Oops: 0, ImmediateOops: 1, NonImmediateOops: No
[2024-10-26T03:26:25.480+0530][0.871s][debug][gc,nmethod  ] Register NMethod: java.net.URI$Parser.checkChar (0x0000029cc2491608) [0x0000029cc2491720, 0x0000029cc2491878] Compiler: c1, Barriers: 0, Oops: 0, ImmediateOops: 0, NonImmediateOops: No
[2024-10-26T03:26:25.480+0530][0.871s][debug][gc,nmethod  ] Register NMethod: java.net.URI$Parser.scan (0x0000029cc2491908) [0x0000029cc2491ac0, 0x0000029cc24922d8] Compiler: c1, Barriers: 3, Oops: 1, ImmediateOops: 2, NonImmediateOops: No
[2024-10-26T03:26:25.480+0530][0.871s][debug][gc,nmethod  ] Register NMethod: org.springframework.boot.context.config.StandardConfigDataReference.getResourceLocation (0x0000029cc9cb9088) [0x0000029cc9cb91a0, 0x0000029cc9cb9298] Compiler: c1, Barriers: 1, Oops: 1, ImmediateOops: 0, NonImmediateOops: No
[2024-10-26T03:26:25.481+0530][0.871s][debug][gc,nmethod  ] Register NMethod: java.net.URI$Parser.parse (0x0000029cc2492388) [0x0000029cc2492840, 0x0000029cc2494f58] Compiler: c1, Barriers: 26, Oops: 4, ImmediateOops: 19, NonImmediateOops: No
[2024-10-26T03:26:25.481+0530][0.872s][debug][gc,nmethod  ] Register NMethod: java.lang.invoke.Invokers$Holder.linkToTargetMethod (0x0000029cc2495088) [0x0000029cc24951c0, 0x0000029cc24955f0] Compiler: c1, Barriers: 0, Oops: 0, ImmediateOops: 0, NonImmediateOops: No
[2024-10-26T03:26:25.482+0530][0.873s][debug][gc,nmethod  ] Register NMethod: java.util.Collections.emptySet (0x0000029cc2495608) [0x0000029cc2495720, 0x0000029cc2495818] Compiler: c1, Barriers: 0, Oops: 0, ImmediateOops: 1, NonImmediateOops: No
[2024-10-26T03:26:25.482+0530][0.873s][debug][gc,nmethod  ] Register NMethod: org.springframework.util.StringUtils.cleanPath (0x0000029cc2495908) [0x0000029cc2495fc0, 0x0000029cc2499a70] Compiler: c1, Barriers: 15, Oops: 7, ImmediateOops: 32, NonImmediateOops: No
[2024-10-26T03:26:25.483+0530][0.874s][debug][gc,nmethod  ] Register NMethod: org.springframework.boot.context.properties.source.ConfigurationPropertyName.elementsOf (0x0000029cc2499c08) [0x0000029cc2499d20, 0x0000029cc2499e40] Compiler: c1, Barriers: 0, Oops: 1, ImmediateOops: 0, NonImmediateOops: No
[2024-10-26T03:26:25.483+0530][0.874s][debug][gc,nmethod  ] Register NMethod: org.springframework.boot.context.properties.source.ConfigurationPropertyName.of (0x0000029cc2499f08) [0x0000029cc249a060, 0x0000029cc249a4e8] Compiler: c1, Barriers: 6, Oops: 1, ImmediateOops: 0, NonImmediateOops: No
[2024-10-26T03:26:25.483+0530][0.874s][debug][gc,nmethod  ] Register NMethod: java.lang.String.toUpperCase (0x0000029cc249a588) [0x0000029cc249a6e0, 0x0000029cc249a9f8] Compiler: c1, Barriers: 2, Oops: 0, ImmediateOops: 0, NonImmediateOops: No
[2024-10-26T03:26:25.484+0530][0.874s][debug][gc,nmethod  ] Register NMethod: java.lang.StringConcatHelper.simpleConcat (0x0000029cc9cb9388) [0x0000029cc9cb9520, 0x0000029cc9cb9d78] Compiler: c2, Barriers: 11, Oops: 0, ImmediateOops: 0, NonImmediateOops: No
[2024-10-26T03:26:25.484+0530][0.875s][debug][gc,nmethod  ] Register NMethod: org.springframework.boot.context.properties.source.SpringConfigurationPropertySources$SourcesIterator.fetchNext (0x0000029cc249aa88) [0x0000029cc249ad40, 0x0000029cc249c4b0] Compiler: c1, Barriers: 13, Oops: 1, ImmediateOops: 0, NonImmediateOops: No
[2024-10-26T03:26:25.484+0530][0.875s][debug][gc,nmethod  ] Register NMethod: java.util.Collections$SingletonList.iterator (0x0000029cc249c588) [0x0000029cc249c6c0, 0x0000029cc249c9f0] Compiler: c1, Barriers: 4, Oops: 0, ImmediateOops: 0, NonImmediateOops: No
[2024-10-26T03:26:25.484+0530][0.875s][debug][gc,nmethod  ] Register NMethod: java.util.concurrent.CopyOnWriteArrayList$COWIterator.next (0x0000029cc249ca88) [0x0000029cc249cbc0, 0x0000029cc249cf20] Compiler: c1, Barriers: 2, Oops: 0, ImmediateOops: 0, NonImmediateOops: No
[2024-10-26T03:26:25.484+0530][0.875s][debug][gc,nmethod  ] Register NMethod: java.util.stream.ReferencePipeline$2.<init> (0x0000029cc249cf88) [0x0000029cc249d0c0, 0x0000029cc249d358] Compiler: c1, Barriers: 3, Oops: 0, ImmediateOops: 0, NonImmediateOops: No
[2024-10-26T03:26:25.484+0530][0.875s][debug][gc,nmethod  ] Register NMethod: java.util.stream.ReferencePipeline.filter (0x0000029cc249d388) [0x0000029cc249d500, 0x0000029cc249d9e0] Compiler: c1, Barriers: 3, Oops: 1, ImmediateOops: 0, NonImmediateOops: No
[2024-10-26T03:26:25.485+0530][0.875s][debug][gc,nmethod  ] Register NMethod: java.util.stream.SpinedBuffer.ensureCapacity (0x0000029cc249da88) [0x0000029cc249dca0, 0x0000029cc249ed38] Compiler: c1, Barriers: 26, Oops: 0, ImmediateOops: 0, NonImmediateOops: No
[2024-10-26T03:26:25.485+0530][0.876s][debug][gc,nmethod  ] Register NMethod: java.util.stream.ReferencePipeline$2.opWrapSink (0x0000029cc249ed88) [0x0000029cc249ef00, 0x0000029cc249f4c0] Compiler: c1, Barriers: 6, Oops: 0, ImmediateOops: 0, NonImmediateOops: No
[2024-10-26T03:26:25.485+0530][0.876s][debug][gc,nmethod  ] Register NMethod: java.util.stream.ReferencePipeline$2$1.begin (0x0000029cc249f508) [0x0000029cc249f640, 0x0000029cc249f858] Compiler: c1, Barriers: 1, Oops: 0, ImmediateOops: 0, NonImmediateOops: No
[2024-10-26T03:26:25.485+0530][0.876s][debug][gc,nmethod  ] Register NMethod: java.util.stream.ReferencePipeline$2$1.<init> (0x0000029cc249f888) [0x0000029cc249f9e0, 0x0000029cc249fed8] Compiler: c1, Barriers: 6, Oops: 0, ImmediateOops: 0, NonImmediateOops: No
[2024-10-26T03:26:25.485+0530][0.876s][debug][gc,nmethod  ] Register NMethod: java.lang.invoke.MethodHandles$Lookup.resolveOrFail (0x0000029cc249ff08) [0x0000029cc24a0160, 0x0000029cc24a0e40] Compiler: c1, Barriers: 7, Oops: 1, ImmediateOops: 3, NonImmediateOops: No
[2024-10-26T03:26:25.486+0530][0.876s][debug][gc,nmethod  ] Register NMethod: java.lang.invoke.MethodHandles$Lookup.getDirectMethodForConstant (0x0000029cc24a0f08) [0x0000029cc24a11c0, 0x0000029cc24a22d8] Compiler: c1, Barriers: 0, Oops: 1, ImmediateOops: 4, NonImmediateOops: No
[2024-10-26T03:26:25.487+0530][0.878s][debug][gc,nmethod  ] Register NMethod: java.util.concurrent.CopyOnWriteArrayList.size (0x0000029cc24a2388) [0x0000029cc24a24a0, 0x0000029cc24a25f8] Compiler: c1, Barriers: 1, Oops: 0, ImmediateOops: 0, NonImmediateOops: No
[2024-10-26T03:26:25.487+0530][0.878s][debug][gc,nmethod  ] Register NMethod: java.util.ArrayDeque.peek (0x0000029cc24a2688) [0x0000029cc24a27c0, 0x0000029cc24a2a28] Compiler: c1, Barriers: 2, Oops: 0, ImmediateOops: 0, NonImmediateOops: No
[2024-10-26T03:26:25.487+0530][0.878s][debug][gc,nmethod  ] Register NMethod: org.springframework.boot.context.properties.source.DefaultPropertyMapper$LastMapping.getMapping (0x0000029cc9cb9e88) [0x0000029cc9cb9fa0, 0x0000029cc9cba098] Compiler: c1, Barriers: 1, Oops: 1, ImmediateOops: 0, NonImmediateOops: No
[2024-10-26T03:26:25.487+0530][0.878s][debug][gc,nmethod  ] Register NMethod: java.util.ArrayDeque.peekFirst (0x0000029cc24a2a88) [0x0000029cc24a2bc0, 0x0000029cc24a2db8] Compiler: c1, Barriers: 2, Oops: 0, ImmediateOops: 0, NonImmediateOops: No
[2024-10-26T03:26:25.488+0530][0.879s][debug][gc,nmethod  ] Register NMethod: java.lang.invoke.MethodHandle.linkToVirtual (0x0000029cc9cba188) [0x0000029cc9cba280, 0x0000029cc9cba2b0] Compiler: , Barriers: 0, Oops: 0, ImmediateOops: 0, NonImmediateOops: No
[2024-10-26T03:26:25.489+0530][0.879s][debug][gc,nmethod  ] Register NMethod: java.util.concurrent.ConcurrentHashMap.transfer (0x0000029cc9cba488) [0x0000029cc9cba660, 0x0000029cc9cbbae0] Compiler: c2, Barriers: 44, Oops: 0, ImmediateOops: 0, NonImmediateOops: No
[2024-10-26T03:26:25.489+0530][0.880s][debug][gc,nmethod  ] Register NMethod: java.util.HashMap.put (0x0000029cc24a2e08) [0x0000029cc24a2f40, 0x0000029cc24a3240] Compiler: c1, Barriers: 0, Oops: 0, ImmediateOops: 0, NonImmediateOops: No
[2024-10-26T03:26:25.489+0530][0.880s][debug][gc,nmethod  ] Register NMethod: java.lang.invoke.BoundMethodHandle$SpeciesData.extendWith (0x0000029cc24a3288) [0x0000029cc24a3460, 0x0000029cc24a3ed8] Compiler: c1, Barriers: 7, Oops: 1, ImmediateOops: 2, NonImmediateOops: No
[2024-10-26T03:26:25.490+0530][0.880s][debug][gc,director ] Rule Major: Warmup 10%, Used: 106MB, UsedThreshold: 204MB
[2024-10-26T03:26:25.490+0530][0.880s][debug][gc,director ] Rule Minor: High Usage, Free: 1902MB(92.9%)
[2024-10-26T03:26:25.490+0530][0.881s][debug][gc,nmethod  ] Register NMethod: java.lang.invoke.MethodHandle.linkToStatic (0x0000029cc9cbbb88) [0x0000029cc9cbbc80, 0x0000029cc9cbbd90] Compiler: , Barriers: 0, Oops: 0, ImmediateOops: 0, NonImmediateOops: No
[2024-10-26T03:26:25.490+0530][0.881s][debug][gc,nmethod  ] Register NMethod: jdk.internal.misc.Unsafe.weakCompareAndSetInt (0x0000029cc24a3f88) [0x0000029cc24a40a0, 0x0000029cc24a41c8] Compiler: c1, Barriers: 0, Oops: 0, ImmediateOops: 0, NonImmediateOops: No
[2024-10-26T03:26:25.490+0530][0.881s][debug][gc,nmethod  ] Register NMethod: java.lang.invoke.MethodHandle.linkToSpecial (0x0000029cc9cbbe88) [0x0000029cc9cbbf80, 0x0000029cc9cbc090] Compiler: , Barriers: 0, Oops: 0, ImmediateOops: 0, NonImmediateOops: No
[2024-10-26T03:26:25.492+0530][0.883s][debug][gc,nmethod  ] Register NMethod: java.util.AbstractCollection.toArray (0x0000029cc24a4288) [0x0000029cc24a4500, 0x0000029cc24a5730] Compiler: c1, Barriers: 12, Oops: 0, ImmediateOops: 0, NonImmediateOops: No
[2024-10-26T03:26:25.492+0530][0.883s][debug][gc,nmethod  ] Register NMethod: org.springframework.boot.context.properties.source.SpringIterableConfigurationPropertySource.getPropertySource (0x0000029cc24a5788) [0x0000029cc24a58c0, 0x0000029cc24a5b58] Compiler: c1, Barriers: 1, Oops: 1, ImmediateOops: 0, NonImmediateOops: No
[2024-10-26T03:26:25.493+0530][0.884s][debug][gc,nmethod  ] Register NMethod: org.springframework.core.env.MapPropertySource.getProperty (0x0000029cc24a5b88) [0x0000029cc24a5cc0, 0x0000029cc24a5fb8] Compiler: c1, Barriers: 1, Oops: 1, ImmediateOops: 0, NonImmediateOops: No
[2024-10-26T03:26:25.493+0530][0.884s][debug][gc,nmethod  ] Register NMethod: java.util.Collections$EmptySet.iterator (0x0000029cc24a6008) [0x0000029cc24a6120, 0x0000029cc24a6290] Compiler: c1, Barriers: 0, Oops: 0, ImmediateOops: 1, NonImmediateOops: No
[2024-10-26T03:26:25.493+0530][0.884s][debug][gc,nmethod  ] Register NMethod: org.springframework.boot.context.properties.source.SpringConfigurationPropertySource.getUnderlyingSource (0x0000029cc9cbc188) [0x0000029cc9cbc2a0, 0x0000029cc9cbc398] Compiler: c1, Barriers: 1, Oops: 1, ImmediateOops: 0, NonImmediateOops: No
[2024-10-26T03:26:25.493+0530][0.884s][debug][gc,nmethod  ] Register NMethod: java.util.stream.SpinedBuffer.clear (0x0000029cc24a6308) [0x0000029cc24a64a0, 0x0000029cc24a6cf0] Compiler: c1, Barriers: 19, Oops: 0, ImmediateOops: 0, NonImmediateOops: No
[2024-10-26T03:26:25.493+0530][0.884s][debug][gc,nmethod  ] Register NMethod: ch.qos.logback.classic.Logger.callTurboFilters (0x0000029cc24a6d08) [0x0000029cc24a6e40, 0x0000029cc24a6fe0] Compiler: c1, Barriers: 1, Oops: 1, ImmediateOops: 0, NonImmediateOops: No
[2024-10-26T03:26:25.493+0530][0.884s][debug][gc,nmethod  ] Register NMethod: org.springframework.boot.logging.logback.LogbackLoggingSystem$1.decide (0x0000029cc24a7008) [0x0000029cc24a7120, 0x0000029cc24a7238] Compiler: c1, Barriers: 0, Oops: 1, ImmediateOops: 1, NonImmediateOops: No
[2024-10-26T03:26:25.493+0530][0.884s][debug][gc,nmethod  ] Register NMethod: ch.qos.logback.classic.LoggerContext.getTurboFilterChainDecision_0_3OrMore (0x0000029cc24a7308) [0x0000029cc24a7460, 0x0000029cc24a77c0] Compiler: c1, Barriers: 3, Oops: 1, ImmediateOops: 1, NonImmediateOops: No
[2024-10-26T03:26:25.493+0530][0.884s][debug][gc,nmethod  ] Register NMethod: ch.qos.logback.classic.spi.TurboFilterList.getTurboFilterChainDecision (0x0000029cc24a7808) [0x0000029cc24a79c0, 0x0000029cc24a84f0] Compiler: c1, Barriers: 5, Oops: 1, ImmediateOops: 4, NonImmediateOops: No
[2024-10-26T03:26:25.493+0530][0.884s][debug][gc,nmethod  ] Register NMethod: org.springframework.boot.context.properties.source.SpringConfigurationPropertySource.getConfigurationProperty (0x0000029cc24a8588) [0x0000029cc24a8780, 0x0000029cc24a91d8] Compiler: c1, Barriers: 3, Oops: 1, ImmediateOops: 0, NonImmediateOops: No
[2024-10-26T03:26:25.494+0530][0.884s][debug][gc,nmethod  ] Register NMethod: org.springframework.boot.context.properties.source.DefaultPropertyMapper.map (0x0000029cc24a9208) [0x0000029cc24a93e0, 0x0000029cc24a9ed8] Compiler: c1, Barriers: 20, Oops: 1, ImmediateOops: 0, NonImmediateOops: No
[2024-10-26T03:26:25.494+0530][0.885s][debug][gc,nmethod  ] Register NMethod: java.util.Properties.getProperty (0x0000029cc24a9f88) [0x0000029cc24aa0e0, 0x0000029cc24aa5e0] Compiler: c1, Barriers: 2, Oops: 0, ImmediateOops: 0, NonImmediateOops: No
[2024-10-26T03:26:25.494+0530][0.885s][debug][gc,nmethod  ] Register NMethod: org.springframework.boot.context.properties.source.ConfigurationPropertyName$$Lambda/0x000002a0d4146190.test (0x0000029cc24aa608) [0x0000029cc24aa740, 0x0000029cc24aab28] Compiler: c1, Barriers: 0, Oops: 1, ImmediateOops: 0, NonImmediateOops: No
[2024-10-26T03:26:25.494+0530][0.885s][debug][gc,nmethod  ] Register NMethod: org.springframework.boot.context.properties.source.ConfigurationPropertyName.lambda$convertToUniformElement$1 (0x0000029cc24aab88) [0x0000029cc24aacc0, 0x0000029cc24ab028] Compiler: c1, Barriers: 0, Oops: 1, ImmediateOops: 0, NonImmediateOops: No
[2024-10-26T03:26:25.494+0530][0.885s][debug][gc,nmethod  ] Register NMethod: org.springframework.core.env.SystemEnvironmentPropertySource.checkPropertyName (0x0000029cc24ab088) [0x0000029cc24ab2a0, 0x0000029cc24abf10] Compiler: c1, Barriers: 4, Oops: 1, ImmediateOops: 0, NonImmediateOops: No
[2024-10-26T03:26:25.494+0530][0.885s][debug][gc,nmethod  ] Register NMethod: org.springframework.core.env.PropertiesPropertySource$$Lambda/0x000002a0d4145248.test (0x0000029cc9cbc488) [0x0000029cc9cbc580, 0x0000029cc9cbc630] Compiler: c2, Barriers: 0, Oops: 1, ImmediateOops: 0, NonImmediateOops: No
[2024-10-26T03:26:25.495+0530][0.886s][debug][gc,nmethod  ] Register NMethod: java.lang.CharacterDataLatin1.toUpperCaseEx (0x0000029cc9cbc788) [0x0000029cc9cbc880, 0x0000029cc9cbc978] Compiler: c2, Barriers: 0, Oops: 1, ImmediateOops: 1, NonImmediateOops: No
[2024-10-26T03:26:25.495+0530][0.886s][debug][gc,nmethod  ] Register NMethod: org.springframework.boot.context.properties.source.SpringIterableConfigurationPropertySource$$Lambda/0x000002a0d41449a0.<init> (0x0000029cc24abf88) [0x0000029cc24ac0a0, 0x0000029cc24ac280] Compiler: c1, Barriers: 3, Oops: 1, ImmediateOops: 0, NonImmediateOops: No
[2024-10-26T03:26:25.495+0530][0.886s][debug][gc,nmethod  ] Register NMethod: org.springframework.boot.context.properties.source.SpringIterableConfigurationPropertySource$$Lambda/0x000002a0d4144bc8.<init> (0x0000029cc24ac308) [0x0000029cc24ac420, 0x0000029cc24ac600] Compiler: c1, Barriers: 3, Oops: 1, ImmediateOops: 0, NonImmediateOops: No
[2024-10-26T03:26:25.495+0530][0.886s][debug][gc,nmethod  ] Register NMethod: org.springframework.boot.context.properties.source.SoftReferenceConfigurationPropertyCache.getValue (0x0000029cc24ac688) [0x0000029cc24ac7c0, 0x0000029cc24ac9c8] Compiler: c1, Barriers: 1, Oops: 1, ImmediateOops: 0, NonImmediateOops: No
[2024-10-26T03:26:25.495+0530][0.886s][debug][gc,nmethod  ] Register NMethod: org.springframework.boot.context.properties.source.SpringIterableConfigurationPropertySource.getMappings (0x0000029cc24aca08) [0x0000029cc24acbe0, 0x0000029cc24ad620] Compiler: c1, Barriers: 7, Oops: 3, ImmediateOops: 3, NonImmediateOops: No
[2024-10-26T03:26:25.496+0530][0.886s][debug][gc,nmethod  ] Register NMethod: org.springframework.boot.context.properties.source.SoftReferenceConfigurationPropertyCache.get (0x0000029cc24ad708) [0x0000029cc24ad920, 0x0000029cc24ae5e8] Compiler: c1, Barriers: 10, Oops: 1, ImmediateOops: 2, NonImmediateOops: No
[2024-10-26T03:26:25.497+0530][0.887s][debug][gc,nmethod  ] Register NMethod: java.util.stream.SpinedBuffer.accept (0x0000029cc9cbca88) [0x0000029cc9cbcc20, 0x0000029cc9cbd538] Compiler: c2, Barriers: 21, Oops: 0, ImmediateOops: 0, NonImmediateOops: No
[2024-10-26T03:26:25.497+0530][0.888s][debug][gc,nmethod  ] Register NMethod: java.util.stream.Nodes$SpinedNodeBuilder.accept (0x0000029cc9cbd588) [0x0000029cc9cbd720, 0x0000029cc9cbe000] Compiler: c2, Barriers: 20, Oops: 0, ImmediateOops: 0, NonImmediateOops: No
[2024-10-26T03:26:25.497+0530][0.888s][debug][gc,nmethod  ] Register NMethod: jdk.internal.loader.BuiltinClassLoader.hasClassPath (0x0000029cc24ae688) [0x0000029cc24ae7a0, 0x0000029cc24ae938] Compiler: c1, Barriers: 1, Oops: 0, ImmediateOops: 0, NonImmediateOops: No
[2024-10-26T03:26:25.498+0530][0.889s][debug][gc,nmethod  ] Register NMethod: java.lang.invoke.BoundMethodHandle.fieldCount (0x0000029cc24ae988) [0x0000029cc24aeac0, 0x0000029cc24aede8] Compiler: c1, Barriers: 1, Oops: 0, ImmediateOops: 0, NonImmediateOops: No
[2024-10-26T03:26:25.498+0530][0.889s][debug][gc,nmethod  ] Register NMethod: java.lang.invoke.BoundMethodHandle.tooComplex (0x0000029cc24aee08) [0x0000029cc24aef80, 0x0000029cc24af468] Compiler: c1, Barriers: 3, Oops: 0, ImmediateOops: 0, NonImmediateOops: No
[2024-10-26T03:26:25.498+0530][0.889s][debug][gc,nmethod  ] Register NMethod: java.lang.invoke.BoundMethodHandle.rebind (0x0000029cc24af508) [0x0000029cc24af6a0, 0x0000029cc24afc70] Compiler: c1, Barriers: 3, Oops: 0, ImmediateOops: 0, NonImmediateOops: No
[2024-10-26T03:26:25.498+0530][0.889s][debug][gc,nmethod  ] Register NMethod: java.lang.invoke.LambdaForm.expressionCount (0x0000029cc24afd08) [0x0000029cc24afe20, 0x0000029cc24aff68] Compiler: c1, Barriers: 1, Oops: 0, ImmediateOops: 0, NonImmediateOops: No
[2024-10-26T03:26:25.498+0530][0.889s][debug][gc,nmethod  ] Register NMethod: java.lang.invoke.LambdaFormEditor.bindArgumentType (0x0000029cc24b0008) [0x0000029cc24b0140, 0x0000029cc24b0390] Compiler: c1, Barriers: 1, Oops: 0, ImmediateOops: 0, NonImmediateOops: No
[2024-10-26T03:26:25.498+0530][0.889s][debug][gc,nmethod  ] Register NMethod: java.lang.invoke.LambdaForm$MH/0x000002a0d4088000.invoke (0x0000029cc24b0408) [0x0000029cc24b0540, 0x0000029cc24b0a28] Compiler: c1, Barriers: 2, Oops: 1, ImmediateOops: 0, NonImmediateOops: No
[2024-10-26T03:26:25.498+0530][0.889s][debug][gc,nmethod  ] Register NMethod: java.lang.invoke.DirectMethodHandle$Holder.invokeStatic (0x0000029cc24b0a88) [0x0000029cc24b0bc0, 0x0000029cc24b10b8] Compiler: c1, Barriers: 1, Oops: 0, ImmediateOops: 0, NonImmediateOops: No
[2024-10-26T03:26:25.498+0530][0.889s][debug][gc,nmethod  ] Register NMethod: java.lang.invoke.LambdaFormEditor$TransformKey.of (0x0000029cc24b1108) [0x0000029cc24b1280, 0x0000029cc24b1820] Compiler: c1, Barriers: 3, Oops: 0, ImmediateOops: 0, NonImmediateOops: No
[2024-10-26T03:26:25.498+0530][0.889s][debug][gc,nmethod  ] Register NMethod: java.lang.StringConcatHelper.prepend (0x0000029cc24b1888) [0x0000029cc24b19c0, 0x0000029cc24b1b18] Compiler: c1, Barriers: 0, Oops: 0, ImmediateOops: 0, NonImmediateOops: No
[2024-10-26T03:26:25.499+0530][0.889s][debug][gc,nmethod  ] Register NMethod: java.lang.invoke.LambdaFormEditor$TransformKey.bval (0x0000029cc24b1b88) [0x0000029cc24b1ca0, 0x0000029cc24b1da8] Compiler: c1, Barriers: 0, Oops: 0, ImmediateOops: 0, NonImmediateOops: No
[2024-10-26T03:26:25.499+0530][0.889s][debug][gc,nmethod  ] Register NMethod: java.util.concurrent.ConcurrentHashMap$Traverser.<init> (0x0000029cc24b1e88) [0x0000029cc24b1fc0, 0x0000029cc24b2228] Compiler: c1, Barriers: 6, Oops: 0, ImmediateOops: 0, NonImmediateOops: No
[2024-10-26T03:26:25.499+0530][0.890s][debug][gc,nmethod  ] Register NMethod: java.lang.invoke.LambdaFormEditor.bindArgumentForm (0x0000029cc24b2288) [0x0000029cc24b25e0, 0x0000029cc24b3c58] Compiler: c1, Barriers: 14, Oops: 1, ImmediateOops: 1, NonImmediateOops: No
[2024-10-26T03:26:25.499+0530][0.890s][debug][gc,nmethod  ] Register NMethod: jdk.internal.loader.BuiltinClassLoader$2.run (0x0000029cc24b3d08) [0x0000029cc24b3f40, 0x0000029cc24b4e18] Compiler: c1, Barriers: 8, Oops: 0, ImmediateOops: 2, NonImmediateOops: No
[2024-10-26T03:26:25.499+0530][0.890s][debug][gc,nmethod  ] Register NMethod: java.util.concurrent.ConcurrentHashMap.putIfAbsent (0x0000029cc9cbe088) [0x0000029cc9cbe1a0, 0x0000029cc9cbe248] Compiler: c2, Barriers: 0, Oops: 0, ImmediateOops: 0, NonImmediateOops: No
[2024-10-26T03:26:25.501+0530][0.891s][debug][gc,director ] Rule Major: Warmup 10%, Used: 106MB, UsedThreshold: 204MB
[2024-10-26T03:26:25.501+0530][0.891s][debug][gc,director ] Rule Minor: High Usage, Free: 1902MB(92.9%)
[2024-10-26T03:26:25.501+0530][0.892s][debug][gc,nmethod  ] Register NMethod: java.lang.invoke.MethodHandle.linkToVirtual (0x0000029cc9cbe388) [0x0000029cc9cbe480, 0x0000029cc9cbe4b0] Compiler: , Barriers: 0, Oops: 0, ImmediateOops: 0, NonImmediateOops: No
[2024-10-26T03:26:25.501+0530][0.892s][debug][gc,nmethod  ] Register NMethod: java.util.HashSet.add (0x0000029cc9cbe688) [0x0000029cc9cbe9a0, 0x0000029cc9cc07b8] Compiler: c2, Barriers: 74, Oops: 2, ImmediateOops: 6, NonImmediateOops: No
[2024-10-26T03:26:25.501+0530][0.892s][debug][gc,nmethod  ] Register NMethod: org.springframework.boot.context.properties.source.SpringConfigurationPropertySources$SourcesIterator.hasNext (0x0000029cc24b4e88) [0x0000029cc24b4fa0, 0x0000029cc24b5128] Compiler: c1, Barriers: 0, Oops: 1, ImmediateOops: 0, NonImmediateOops: No
[2024-10-26T03:26:25.501+0530][0.892s][debug][gc,nmethod  ] Register NMethod: java.util.HashMap$KeySet.size (0x0000029cc24b5188) [0x0000029cc24b52a0, 0x0000029cc24b53e0] Compiler: c1, Barriers: 1, Oops: 0, ImmediateOops: 0, NonImmediateOops: No
[2024-10-26T03:26:25.502+0530][0.893s][debug][gc,nmethod  ] Register NMethod: org.springframework.util.Assert.notNull (0x0000029cc9cc0908) [0x0000029cc9cc0a00, 0x0000029cc9cc0a88] Compiler: c2, Barriers: 0, Oops: 1, ImmediateOops: 0, NonImmediateOops: No
[2024-10-26T03:26:25.502+0530][0.893s][debug][gc,nmethod  ] Register NMethod: java.util.concurrent.ConcurrentHashMap$KeySpliterator.forEachRemaining (0x0000029cc24b5488) [0x0000029cc24b55e0, 0x0000029cc24b59d8] Compiler: c1, Barriers: 1, Oops: 0, ImmediateOops: 0, NonImmediateOops: No
[2024-10-26T03:26:25.502+0530][0.893s][debug][gc,nmethod  ] Register NMethod: org.springframework.boot.context.properties.source.SystemEnvironmentPropertyMapper.convertLegacyNameElement (0x0000029cc24b5a08) [0x0000029cc24b5b80, 0x0000029cc24b5f58] Compiler: c1, Barriers: 2, Oops: 2, ImmediateOops: 2, NonImmediateOops: No
[2024-10-26T03:26:25.502+0530][0.893s][debug][gc,nmethod  ] Register NMethod: java.lang.Math.floorMod (0x0000029cc24b5f88) [0x0000029cc24b60a0, 0x0000029cc24b6260] Compiler: c1, Barriers: 0, Oops: 0, ImmediateOops: 0, NonImmediateOops: No
[2024-10-26T03:26:25.502+0530][0.893s][debug][gc,nmethod  ] Register NMethod: java.lang.Math.floorDiv (0x0000029cc24b6288) [0x0000029cc24b63a0, 0x0000029cc24b6578] Compiler: c1, Barriers: 0, Oops: 0, ImmediateOops: 0, NonImmediateOops: No
[2024-10-26T03:26:25.503+0530][0.893s][debug][gc,nmethod  ] Register NMethod: ch.qos.logback.classic.Logger.isTraceEnabled (0x0000029cc24b6588) [0x0000029cc24b66a0, 0x0000029cc24b67e8] Compiler: c1, Barriers: 0, Oops: 1, ImmediateOops: 0, NonImmediateOops: No
[2024-10-26T03:26:25.503+0530][0.894s][debug][gc,nmethod  ] Register NMethod: ch.qos.logback.classic.Logger.isTraceEnabled (0x0000029cc24b6888) [0x0000029cc24b6a00, 0x0000029cc24b6f70] Compiler: c1, Barriers: 1, Oops: 1, ImmediateOops: 5, NonImmediateOops: No
[2024-10-26T03:26:25.503+0530][0.894s][debug][gc,nmethod  ] Register NMethod: org.apache.commons.logging.LogAdapter$Slf4jLog.isTraceEnabled (0x0000029cc24b7008) [0x0000029cc24b7140, 0x0000029cc24b7378] Compiler: c1, Barriers: 1, Oops: 1, ImmediateOops: 0, NonImmediateOops: No
[2024-10-26T03:26:25.503+0530][0.894s][debug][gc,nmethod  ] Register NMethod: org.apache.commons.logging.LogAdapter$Slf4jLog.isDebugEnabled (0x0000029cc24b7408) [0x0000029cc24b7540, 0x0000029cc24b7778] Compiler: c1, Barriers: 1, Oops: 1, ImmediateOops: 0, NonImmediateOops: No
[2024-10-26T03:26:25.503+0530][0.894s][debug][gc,nmethod  ] Register NMethod: ch.qos.logback.classic.Logger.isDebugEnabled (0x0000029cc24b7808) [0x0000029cc24b7920, 0x0000029cc24b7a68] Compiler: c1, Barriers: 0, Oops: 1, ImmediateOops: 0, NonImmediateOops: No
[2024-10-26T03:26:25.503+0530][0.894s][debug][gc,nmethod  ] Register NMethod: java.util.Collection.stream (0x0000029cc24b7b08) [0x0000029cc24b7c40, 0x0000029cc24b7e40] Compiler: c1, Barriers: 0, Oops: 0, ImmediateOops: 0, NonImmediateOops: No
[2024-10-26T03:26:25.503+0530][0.894s][debug][gc,nmethod  ] Register NMethod: ch.qos.logback.classic.Logger.isDebugEnabled (0x0000029cc24b7e88) [0x0000029cc24b8000, 0x0000029cc24b8570] Compiler: c1, Barriers: 1, Oops: 1, ImmediateOops: 5, NonImmediateOops: No
[2024-10-26T03:26:25.503+0530][0.894s][debug][gc,nmethod  ] Register NMethod: org.springframework.core.env.PropertySource.hashCode (0x0000029cc24b8608) [0x0000029cc24b8740, 0x0000029cc24b8a18] Compiler: c1, Barriers: 1, Oops: 1, ImmediateOops: 0, NonImmediateOops: No
[2024-10-26T03:26:25.503+0530][0.894s][debug][gc,nmethod  ] Register NMethod: org.springframework.boot.env.SystemEnvironmentPropertySourceEnvironmentPostProcessor$OriginAwareSystemEnvironmentPropertySource.getProperty (0x0000029cc24b8a88) [0x0000029cc24b8ba0, 0x0000029cc24b8ce0] Compiler: c1, Barriers: 0, Oops: 1, ImmediateOops: 0, NonImmediateOops: No
[2024-10-26T03:26:25.503+0530][0.894s][debug][gc,nmethod  ] Register NMethod: java.util.Arrays.equals (0x0000029cc9cc0c08) [0x0000029cc9cc0d20, 0x0000029cc9cc0f68] Compiler: c2, Barriers: 2, Oops: 0, ImmediateOops: 0, NonImmediateOops: No
[2024-10-26T03:26:25.503+0530][0.894s][debug][gc,nmethod  ] Register NMethod: org.springframework.core.env.SystemEnvironmentPropertySource.getProperty (0x0000029cc24b8d88) [0x0000029cc24b8f40, 0x0000029cc24b96e8] Compiler: c1, Barriers: 4, Oops: 1, ImmediateOops: 0, NonImmediateOops: No
[2024-10-26T03:26:25.504+0530][0.894s][debug][gc,nmethod  ] Register NMethod: java.lang.ProcessEnvironment.get (0x0000029cc24b9788) [0x0000029cc24b98e0, 0x0000029cc24b9e00] Compiler: c1, Barriers: 1, Oops: 0, ImmediateOops: 0, NonImmediateOops: No
[2024-10-26T03:26:25.504+0530][0.894s][debug][gc,nmethod  ] Register NMethod: org.springframework.core.env.SystemEnvironmentPropertySource.resolvePropertyName (0x0000029cc24b9e88) [0x0000029cc24ba040, 0x0000029cc24ba6b0] Compiler: c1, Barriers: 2, Oops: 3, ImmediateOops: 3, NonImmediateOops: No
[2024-10-26T03:26:25.504+0530][0.894s][debug][gc,nmethod  ] Register NMethod: java.lang.ProcessEnvironment.get (0x0000029cc24ba708) [0x0000029cc24ba880, 0x0000029cc24badf8] Compiler: c1, Barriers: 1, Oops: 0, ImmediateOops: 0, NonImmediateOops: No
[2024-10-26T03:26:25.504+0530][0.895s][debug][gc,nmethod  ] Register NMethod: org.springframework.boot.context.properties.source.SpringConfigurationPropertySources$$Lambda/0x000002a0d41429d8.apply (0x0000029cc24bae88) [0x0000029cc24bafc0, 0x0000029cc24bb210] Compiler: c1, Barriers: 1, Oops: 1, ImmediateOops: 0, NonImmediateOops: No
[2024-10-26T03:26:25.504+0530][0.895s][debug][gc,nmethod  ] Register NMethod: org.springframework.boot.context.properties.source.SpringConfigurationPropertySources.adapt (0x0000029cc24bb288) [0x0000029cc24bb440, 0x0000029cc24bbdb0] Compiler: c1, Barriers: 2, Oops: 1, ImmediateOops: 0, NonImmediateOops: No
[2024-10-26T03:26:25.504+0530][0.895s][debug][gc,nmethod  ] Register NMethod: org.springframework.boot.context.properties.source.SpringConfigurationPropertySources$SourcesIterator.next (0x0000029cc24bbe08) [0x0000029cc24bbf60, 0x0000029cc24bc238] Compiler: c1, Barriers: 3, Oops: 1, ImmediateOops: 0, NonImmediateOops: No
[2024-10-26T03:26:25.504+0530][0.895s][debug][gc,nmethod  ] Register NMethod: org.springframework.boot.context.properties.source.SpringConfigurationPropertySources$SourcesIterator.next (0x0000029cc24bc288) [0x0000029cc24bc3e0, 0x0000029cc24bc720] Compiler: c1, Barriers: 3, Oops: 1, ImmediateOops: 0, NonImmediateOops: No
[2024-10-26T03:26:25.504+0530][0.895s][debug][gc,nmethod  ] Register NMethod: org.springframework.core.env.PropertySource$StubPropertySource.getProperty (0x0000029cc9cc0f88) [0x0000029cc9cc10a0, 0x0000029cc9cc1170] Compiler: c1, Barriers: 0, Oops: 1, ImmediateOops: 0, NonImmediateOops: No
[2024-10-26T03:26:25.504+0530][0.895s][debug][gc,nmethod  ] Register NMethod: java.util.concurrent.CopyOnWriteArrayList.iterator (0x0000029cc24bc788) [0x0000029cc24bc8c0, 0x0000029cc24bcba8] Compiler: c1, Barriers: 4, Oops: 0, ImmediateOops: 0, NonImmediateOops: No
[2024-10-26T03:26:25.504+0530][0.895s][debug][gc,nmethod  ] Register NMethod: java.util.concurrent.CopyOnWriteArrayList$COWIterator.<init> (0x0000029cc24bcc08) [0x0000029cc24bcd20, 0x0000029cc24bcf00] Compiler: c1, Barriers: 3, Oops: 0, ImmediateOops: 0, NonImmediateOops: No
[2024-10-26T03:26:25.504+0530][0.895s][debug][gc,nmethod  ] Register NMethod: java.time.Instant.<init> (0x0000029cc24bcf88) [0x0000029cc24bd0a0, 0x0000029cc24bd210] Compiler: c1, Barriers: 0, Oops: 0, ImmediateOops: 0, NonImmediateOops: No
[2024-10-26T03:26:25.504+0530][0.895s][debug][gc,nmethod  ] Register NMethod: java.time.Instant.create (0x0000029cc24bd288) [0x0000029cc24bd3e0, 0x0000029cc24bd7a8] Compiler: c1, Barriers: 0, Oops: 0, ImmediateOops: 2, NonImmediateOops: No
[2024-10-26T03:26:25.504+0530][0.895s][debug][gc,nmethod  ] Register NMethod: org.springframework.boot.context.properties.source.SpringIterableConfigurationPropertySource$Mappings.getMapped (0x0000029cc24bd808) [0x0000029cc24bd940, 0x0000029cc24bdca0] Compiler: c1, Barriers: 1, Oops: 1, ImmediateOops: 1, NonImmediateOops: No
[2024-10-26T03:26:25.504+0530][0.895s][debug][gc,nmethod  ] Register NMethod: java.time.Instant.ofEpochSecond (0x0000029cc24bdd08) [0x0000029cc24bde60, 0x0000029cc24be048] Compiler: c1, Barriers: 0, Oops: 0, ImmediateOops: 0, NonImmediateOops: No
[2024-10-26T03:26:25.505+0530][0.896s][debug][gc,nmethod  ] Register NMethod: org.springframework.boot.context.properties.source.SpringIterableConfigurationPropertySource.getConfigurationProperty (0x0000029cc24be088) [0x0000029cc24be380, 0x0000029cc24bfa60] Compiler: c1, Barriers: 10, Oops: 3, ImmediateOops: 4, NonImmediateOops: No
[2024-10-26T03:26:25.505+0530][0.896s][debug][gc,nmethod  ] Register NMethod: java.util.jar.Attributes.putAll (0x0000029cc24bfb88) [0x0000029cc24bfd60, 0x0000029cc24c0908] Compiler: c1, Barriers: 1, Oops: 0, ImmediateOops: 1, NonImmediateOops: No
[2024-10-26T03:26:25.506+0530][0.897s][debug][gc,alloc    ] Mutator Allocation Rate: 122.2MB/s Predicted: 145.5MB/s, Avg: 129.7(+/-35.4)MB/s
[2024-10-26T03:26:25.506+0530][0.897s][debug][gc,director ] Rule Major: Warmup 10%, Used: 108MB, UsedThreshold: 204MB
[2024-10-26T03:26:25.506+0530][0.897s][debug][gc,director ] Rule Minor: High Usage, Free: 1900MB(92.8%)
[2024-10-26T03:26:25.508+0530][0.899s][debug][gc,nmethod  ] Register NMethod: ch.qos.logback.core.subst.Tokenizer.handleLiteralState (0x0000029cc24c0988) [0x0000029cc24c0bc0, 0x0000029cc24c1520] Compiler: c1, Barriers: 6, Oops: 1, ImmediateOops: 4, NonImmediateOops: No
[2024-10-26T03:26:25.509+0530][0.900s][debug][gc,nmethod  ] Register NMethod: ch.qos.logback.core.subst.Parser.peekAtCurentToken (0x0000029cc24c1588) [0x0000029cc24c16e0, 0x0000029cc24c1b30] Compiler: c1, Barriers: 2, Oops: 1, ImmediateOops: 0, NonImmediateOops: No
[2024-10-26T03:26:25.510+0530][0.900s][debug][gc,nmethod  ] Register NMethod: java.lang.ProcessEnvironment$NameComparator.compare (0x0000029cc24c1b88) [0x0000029cc24c1cc0, 0x0000029cc24c1fa0] Compiler: c1, Barriers: 0, Oops: 0, ImmediateOops: 0, NonImmediateOops: No
[2024-10-26T03:26:25.510+0530][0.901s][debug][gc,nmethod  ] Register NMethod: java.lang.ProcessEnvironment$NameComparator.compare (0x0000029cc24c2008) [0x0000029cc24c22a0, 0x0000029cc24c35c8] Compiler: c1, Barriers: 6, Oops: 1, ImmediateOops: 4, NonImmediateOops: No
[2024-10-26T03:26:25.511+0530][0.901s][debug][gc,nmethod  ] Register NMethod: java.lang.invoke.LambdaForm$MH/0x000002a0d408a800.invoke (0x0000029cc24c3688) [0x0000029cc24c37c0, 0x0000029cc24c3c88] Compiler: c1, Barriers: 2, Oops: 1, ImmediateOops: 0, NonImmediateOops: No
[2024-10-26T03:26:25.512+0530][0.903s][debug][gc,nmethod  ] Register NMethod: java.util.jar.Attributes.<init> (0x0000029cc24c3d08) [0x0000029cc24c3e40, 0x0000029cc24c4058] Compiler: c1, Barriers: 3, Oops: 0, ImmediateOops: 0, NonImmediateOops: No
[2024-10-26T03:26:25.512+0530][0.903s][debug][gc,nmethod  ] Register NMethod: java.util.jar.Attributes.<init> (0x0000029cc24c4088) [0x0000029cc24c41c0, 0x0000029cc24c4438] Compiler: c1, Barriers: 3, Oops: 0, ImmediateOops: 0, NonImmediateOops: No
[2024-10-26T03:26:25.512+0530][0.903s][debug][gc,nmethod  ] Register NMethod: java.util.LinkedHashMap.newLinkedHashMap (0x0000029cc24c4488) [0x0000029cc24c46a0, 0x0000029cc24c4f58] Compiler: c1, Barriers: 0, Oops: 1, ImmediateOops: 2, NonImmediateOops: No
[2024-10-26T03:26:25.516+0530][0.907s][debug][gc,nmethod  ] Register NMethod: java.lang.ClassLoader.checkName (0x0000029cc9cc1288) [0x0000029cc9cc13a0, 0x0000029cc9cc15f8] Compiler: c2, Barriers: 1, Oops: 0, ImmediateOops: 0, NonImmediateOops: No
[2024-10-26T03:26:25.517+0530][0.907s][debug][gc,director ] Rule Major: Warmup 10%, Used: 108MB, UsedThreshold: 204MB
[2024-10-26T03:26:25.517+0530][0.907s][debug][gc,director ] Rule Minor: High Usage, Free: 1900MB(92.8%)
[2024-10-26T03:26:25.517+0530][0.908s][debug][gc,nmethod  ] Register NMethod: java.util.LinkedHashMap.linkNodeAtEnd (0x0000029cc9cc1688) [0x0000029cc9cc17a0, 0x0000029cc9cc1b00] Compiler: c2, Barriers: 13, Oops: 0, ImmediateOops: 0, NonImmediateOops: No
[2024-10-26T03:26:25.518+0530][0.909s][debug][gc,nmethod  ] Register NMethod: java.lang.StringBuffer.length (0x0000029cc9cc1b88) [0x0000029cc9cc1ca0, 0x0000029cc9cc1ec8] Compiler: c1, Barriers: 0, Oops: 0, ImmediateOops: 0, NonImmediateOops: No
[2024-10-26T03:26:25.521+0530][0.912s][debug][gc,nmethod  ] Register NMethod: org.springframework.boot.context.properties.source.SpringIterableConfigurationPropertySource$$Lambda/0x000002a0d4145020.<init> (0x0000029cc24c5008) [0x0000029cc24c5120, 0x0000029cc24c5300] Compiler: c1, Barriers: 3, Oops: 1, ImmediateOops: 0, NonImmediateOops: No
[2024-10-26T03:26:25.521+0530][0.912s][debug][gc,nmethod  ] Register NMethod: org.springframework.boot.context.properties.source.SpringIterableConfigurationPropertySource$Mappings.updateMappings (0x0000029cc24c5388) [0x0000029cc24c54e0, 0x0000029cc24c5980] Compiler: c1, Barriers: 1, Oops: 1, ImmediateOops: 0, NonImmediateOops: No
[2024-10-26T03:26:25.521+0530][0.912s][debug][gc,nmethod  ] Register NMethod: org.springframework.boot.context.properties.source.SpringIterableConfigurationPropertySource.updateMappings (0x0000029cc24c5a08) [0x0000029cc24c5bc0, 0x0000029cc24c64d0] Compiler: c1, Barriers: 4, Oops: 2, ImmediateOops: 2, NonImmediateOops: No
[2024-10-26T03:26:25.521+0530][0.912s][debug][gc,nmethod  ] Register NMethod: org.springframework.boot.context.properties.source.SpringIterableConfigurationPropertySource$$Lambda/0x000002a0d4144bc8.apply (0x0000029cc24c6588) [0x0000029cc24c6760, 0x0000029cc24c71f0] Compiler: c1, Barriers: 5, Oops: 2, ImmediateOops: 2, NonImmediateOops: No
[2024-10-26T03:26:25.521+0530][0.912s][debug][gc,nmethod  ] Register NMethod: org.springframework.boot.context.properties.source.SpringIterableConfigurationPropertySource$$Lambda/0x000002a0d4145020.get (0x0000029cc24c7288) [0x0000029cc24c73c0, 0x0000029cc24c75d0] Compiler: c1, Barriers: 1, Oops: 1, ImmediateOops: 0, NonImmediateOops: No
[2024-10-26T03:26:25.522+0530][0.913s][debug][gc,nmethod  ] Register NMethod: java.lang.invoke.MethodTypeForm.canonicalize (0x0000029cc9cc1f08) [0x0000029cc9cc2000, 0x0000029cc9cc20d8] Compiler: c2, Barriers: 0, Oops: 0, ImmediateOops: 1, NonImmediateOops: No
[2024-10-26T03:26:25.522+0530][0.913s][debug][gc,nmethod  ] Register NMethod: org.springframework.boot.context.properties.source.ConfigurationPropertyName.elementsEqual (0x0000029cc24c7608) [0x0000029cc24c7760, 0x0000029cc24c7a88] Compiler: c1, Barriers: 3, Oops: 1, ImmediateOops: 0, NonImmediateOops: No
[2024-10-26T03:26:25.522+0530][0.913s][debug][gc,nmethod  ] Register NMethod: org.springframework.boot.context.properties.bind.MapBinder$$Lambda/0x000002a0d416bbf8.test (0x0000029cc24c7b08) [0x0000029cc24c7c80, 0x0000029cc24c8250] Compiler: c1, Barriers: 3, Oops: 2, ImmediateOops: 1, NonImmediateOops: No
[2024-10-26T03:26:25.522+0530][0.913s][debug][gc,nmethod  ] Register NMethod: org.springframework.boot.context.properties.source.SpringIterableConfigurationPropertySource$Mappings.updateMappings (0x0000029cc24c8308) [0x0000029cc24c86e0, 0x0000029cc24ca7e8] Compiler: c1, Barriers: 23, Oops: 3, ImmediateOops: 1, NonImmediateOops: No
[2024-10-26T03:26:25.523+0530][0.914s][debug][gc,nmethod  ] Register NMethod: java.util.concurrent.ConcurrentHashMap.sumCount (0x0000029cc24ca888) [0x0000029cc24ca9c0, 0x0000029cc24cac60] Compiler: c1, Barriers: 2, Oops: 0, ImmediateOops: 0, NonImmediateOops: No
[2024-10-26T03:26:25.523+0530][0.914s][debug][gc,nmethod  ] Register NMethod: java.lang.invoke.MethodHandle.linkToStatic (0x0000029cc9cc2208) [0x0000029cc9cc2300, 0x0000029cc9cc2410] Compiler: , Barriers: 0, Oops: 0, ImmediateOops: 0, NonImmediateOops: No
[2024-10-26T03:26:25.523+0530][0.914s][debug][gc,nmethod  ] Register NMethod: java.lang.invoke.MethodHandles$Lookup.canBeCached (0x0000029cc24cac88) [0x0000029cc24caf60, 0x0000029cc24cc348] Compiler: c1, Barriers: 8, Oops: 1, ImmediateOops: 1, NonImmediateOops: No
[2024-10-26T03:26:25.523+0530][0.914s][debug][gc,nmethod  ] Register NMethod: org.springframework.boot.context.properties.source.ConfigurationPropertyName$ElementsParser.parse (0x0000029cc9cc2508) [0x0000029cc9cc29e0, 0x0000029cc9cc65b8] Compiler: c2, Barriers: 88, Oops: 4, ImmediateOops: 22, NonImmediateOops: No
[2024-10-26T03:26:25.524+0530][0.915s][debug][gc,nmethod  ] Register NMethod: java.lang.invoke.MethodTypeForm.<init> (0x0000029cc24cc408) [0x0000029cc24cc6a0, 0x0000029cc24cde50] Compiler: c1, Barriers: 28, Oops: 1, ImmediateOops: 7, NonImmediateOops: No
[2024-10-26T03:26:25.525+0530][0.915s][debug][gc,nmethod  ] Register NMethod: sun.reflect.generics.reflectiveObjects.ParameterizedTypeImpl.hashCode (0x0000029cc24cdf08) [0x0000029cc24ce080, 0x0000029cc24ce5f8] Compiler: c1, Barriers: 3, Oops: 0, ImmediateOops: 0, NonImmediateOops: No
[2024-10-26T03:26:25.525+0530][0.916s][debug][gc,nmethod  ] Register NMethod: sun.reflect.generics.repository.ClassRepository.getSuperInterfaces (0x0000029cc24ce688) [0x0000029cc24ce7e0, 0x0000029cc24cebc8] Compiler: c1, Barriers: 4, Oops: 0, ImmediateOops: 0, NonImmediateOops: No
[2024-10-26T03:26:25.525+0530][0.916s][debug][gc,nmethod  ] Register NMethod: org.springframework.core.ResolvableType.<init> (0x0000029cc24cec08) [0x0000029cc24ceda0, 0x0000029cc24cf4a0] Compiler: c1, Barriers: 19, Oops: 1, ImmediateOops: 1, NonImmediateOops: No
[2024-10-26T03:26:25.525+0530][0.916s][debug][gc,nmethod  ] Register NMethod: org.springframework.core.ResolvableType.getInterfaces (0x0000029cc24cf508) [0x0000029cc24cf720, 0x0000029cc24d0650] Compiler: c1, Barriers: 16, Oops: 1, ImmediateOops: 2, NonImmediateOops: No
[2024-10-26T03:26:25.525+0530][0.916s][debug][gc,nmethod  ] Register NMethod: java.lang.Class.getGenericInterfaces (0x0000029cc24d0708) [0x0000029cc24d0880, 0x0000029cc24d0df0] Compiler: c1, Barriers: 4, Oops: 0, ImmediateOops: 0, NonImmediateOops: No
[2024-10-26T03:26:25.525+0530][0.916s][debug][gc,nmethod  ] Register NMethod: org.springframework.boot.context.properties.source.ConfigurationPropertyName$Elements.get (0x0000029cc9cc6788) [0x0000029cc9cc6900, 0x0000029cc9cc72c8] Compiler: c2, Barriers: 9, Oops: 2, ImmediateOops: 1, NonImmediateOops: No
[2024-10-26T03:26:25.526+0530][0.916s][debug][gc,nmethod  ] Register NMethod: java.lang.String.<init> (0x0000029cc9cc7388) [0x0000029cc9cc74c0, 0x0000029cc9cc7a40] Compiler: c2, Barriers: 4, Oops: 0, ImmediateOops: 0, NonImmediateOops: No
[2024-10-26T03:26:25.526+0530][0.917s][debug][gc,nmethod  ] Register NMethod: org.springframework.util.ConcurrentReferenceHashMap$Segment.restructureIfNecessary (0x0000029cc9cc7a88) [0x0000029cc9cc7bc0, 0x0000029cc9cc7e90] Compiler: c2, Barriers: 4, Oops: 1, ImmediateOops: 0, NonImmediateOops: No
[2024-10-26T03:26:25.526+0530][0.917s][debug][gc,nmethod  ] Register NMethod: java.util.LinkedHashMap.<init> (0x0000029cc24d0e88) [0x0000029cc24d0fc0, 0x0000029cc24d1230] Compiler: c1, Barriers: 0, Oops: 0, ImmediateOops: 0, NonImmediateOops: No
[2024-10-26T03:26:25.527+0530][0.917s][debug][gc,director ] Rule Major: Warmup 10%, Used: 112MB, UsedThreshold: 204MB
[2024-10-26T03:26:25.527+0530][0.917s][debug][gc,director ] Rule Minor: High Usage, Free: 1896MB(92.6%)
[2024-10-26T03:26:25.528+0530][0.919s][debug][gc,nmethod  ] Register NMethod: java.net.URL.<init> (0x0000029cc24d1288) [0x0000029cc24d1880, 0x0000029cc24d50a0] Compiler: c1, Barriers: 55, Oops: 4, ImmediateOops: 14, NonImmediateOops: No
[2024-10-26T03:26:25.529+0530][0.920s][debug][gc,nmethod  ] Register NMethod: jdk.internal.misc.InternalLock.unlock (0x0000029cc9cc7f08) [0x0000029cc9cc8040, 0x0000029cc9cc8418] Compiler: c2, Barriers: 9, Oops: 0, ImmediateOops: 0, NonImmediateOops: No
[2024-10-26T03:26:25.529+0530][0.920s][debug][gc,nmethod  ] Register NMethod: jdk.internal.misc.InternalLock.lock (0x0000029cc9cc8508) [0x0000029cc9cc8640, 0x0000029cc9cc89b8] Compiler: c2, Barriers: 7, Oops: 0, ImmediateOops: 1, NonImmediateOops: No
[2024-10-26T03:26:25.530+0530][0.921s][debug][gc,nmethod  ] Register NMethod: jdk.internal.jimage.ImageLocation.readValue (0x0000029cc9cc8a88) [0x0000029cc9cc8ba0, 0x0000029cc9cc8de8] Compiler: c2, Barriers: 1, Oops: 0, ImmediateOops: 0, NonImmediateOops: No
[2024-10-26T03:26:25.531+0530][0.922s][debug][gc,nmethod  ] Register NMethod: sun.nio.cs.SingleByte$Encoder.encode (0x0000029cc24d5188) [0x0000029cc24d52c0, 0x0000029cc24d54f0] Compiler: c1, Barriers: 2, Oops: 0, ImmediateOops: 0, NonImmediateOops: No
[2024-10-26T03:26:25.531+0530][0.922s][debug][gc,nmethod  ] Register NMethod: org.springframework.boot.context.properties.source.ConfigurationPropertyName.getElement (0x0000029cc9cc8e88) [0x0000029cc9cc90e0, 0x0000029cc9cca338] Compiler: c2, Barriers: 19, Oops: 5, ImmediateOops: 7, NonImmediateOops: No
[2024-10-26T03:26:25.531+0530][0.922s][debug][gc,nmethod  ] Register NMethod: java.util.LinkedHashMap.newNode (0x0000029cc24d5508) [0x0000029cc24d5640, 0x0000029cc24d5840] Compiler: c1, Barriers: 0, Oops: 0, ImmediateOops: 0, NonImmediateOops: No
[2024-10-26T03:26:25.531+0530][0.922s][debug][gc,nmethod  ] Register NMethod: java.util.LinkedHashMap.afterNodeInsertion (0x0000029cc24d5888) [0x0000029cc24d59e0, 0x0000029cc24d5e98] Compiler: c1, Barriers: 2, Oops: 0, ImmediateOops: 0, NonImmediateOops: No
[2024-10-26T03:26:25.532+0530][0.923s][debug][gc,nmethod  ] Register NMethod: sun.nio.fs.WindowsPath.<init> (0x0000029cc24d5f08) [0x0000029cc24d6040, 0x0000029cc24d6380] Compiler: c1, Barriers: 12, Oops: 0, ImmediateOops: 0, NonImmediateOops: No
[2024-10-26T03:26:25.533+0530][0.923s][debug][gc,nmethod  ] Register NMethod: java.nio.ByteBuffer.limit (0x0000029cc24d6408) [0x0000029cc24d6520, 0x0000029cc24d6670] Compiler: c1, Barriers: 0, Oops: 0, ImmediateOops: 0, NonImmediateOops: No
[2024-10-26T03:26:25.535+0530][0.926s][debug][gc,nmethod  ] Register NMethod: java.nio.ByteOrder.nativeOrder (0x0000029cc9cca488) [0x0000029cc9cca580, 0x0000029cc9cca5f0] Compiler: c2, Barriers: 0, Oops: 0, ImmediateOops: 1, NonImmediateOops: No
[2024-10-26T03:26:25.536+0530][0.927s][debug][gc,nmethod  ] Register NMethod: ch.qos.logback.classic.util.LoggerNameUtil.getSeparatorIndexOf (0x0000029cc24d6708) [0x0000029cc24d6860, 0x0000029cc24d6b48] Compiler: c1, Barriers: 0, Oops: 1, ImmediateOops: 0, NonImmediateOops: No
[2024-10-26T03:26:25.537+0530][0.927s][debug][gc,director ] Rule Major: Warmup 10%, Used: 112MB, UsedThreshold: 204MB
[2024-10-26T03:26:25.537+0530][0.927s][debug][gc,director ] Rule Minor: High Usage, Free: 1896MB(92.6%)
[2024-10-26T03:26:25.537+0530][0.928s][debug][gc,nmethod  ] Register NMethod: java.util.AbstractCollection.isEmpty (0x0000029cc24d6b88) [0x0000029cc24d6cc0, 0x0000029cc24d6ed8] Compiler: c1, Barriers: 0, Oops: 0, ImmediateOops: 0, NonImmediateOops: No
[2024-10-26T03:26:25.538+0530][0.929s][debug][gc,nmethod  ] Register NMethod: java.nio.ByteBuffer.order (0x0000029cc24d6f08) [0x0000029cc24d7020, 0x0000029cc24d7248] Compiler: c1, Barriers: 0, Oops: 0, ImmediateOops: 1, NonImmediateOops: No
[2024-10-26T03:26:25.539+0530][0.930s][debug][gc,nmethod  ] Register NMethod: java.lang.ref.Cleaner$1.apply (0x0000029cc9cca788) [0x0000029cc9cca8a0, 0x0000029cc9cca998] Compiler: c2, Barriers: 1, Oops: 0, ImmediateOops: 0, NonImmediateOops: No
[2024-10-26T03:26:25.541+0530][0.932s][debug][gc,nmethod  ] Register NMethod: jdk.internal.module.Builder.newExports (0x0000029cc24d7288) [0x0000029cc24d73a0, 0x0000029cc24d74e8] Compiler: c1, Barriers: 0, Oops: 0, ImmediateOops: 1, NonImmediateOops: No
[2024-10-26T03:26:25.541+0530][0.932s][debug][gc,nmethod  ] Register NMethod: java.lang.module.ModuleDescriptor$1.newExports (0x0000029cc24d7588) [0x0000029cc24d76e0, 0x0000029cc24d7ad0] Compiler: c1, Barriers: 9, Oops: 1, ImmediateOops: 1, NonImmediateOops: No
[2024-10-26T03:26:25.541+0530][0.932s][debug][gc,nmethod  ] Register NMethod: java.util.ImmutableCollections$SetN.hashCode (0x0000029cc24d7b08) [0x0000029cc24d7c40, 0x0000029cc24d7f80] Compiler: c1, Barriers: 2, Oops: 0, ImmediateOops: 0, NonImmediateOops: No
[2024-10-26T03:26:25.541+0530][0.932s][debug][gc,nmethod  ] Register NMethod: java.lang.module.ModuleDescriptor$Exports.hashCode (0x0000029cc24d8008) [0x0000029cc24d8160, 0x0000029cc24d8480] Compiler: c1, Barriers: 3, Oops: 0, ImmediateOops: 0, NonImmediateOops: No
[2024-10-26T03:26:25.542+0530][0.932s][debug][gc,nmethod  ] Register NMethod: java.lang.module.ModuleDescriptor$Exports.equals (0x0000029cc24d8508) [0x0000029cc24d86c0, 0x0000029cc24d9070] Compiler: c1, Barriers: 6, Oops: 0, ImmediateOops: 0, NonImmediateOops: No
[2024-10-26T03:26:25.542+0530][0.933s][debug][gc,nmethod  ] Register NMethod: java.lang.module.ModuleDescriptor$1.newExports (0x0000029cc24d9088) [0x0000029cc24d91c0, 0x0000029cc24d9550] Compiler: c1, Barriers: 9, Oops: 0, ImmediateOops: 0, NonImmediateOops: No
[2024-10-26T03:26:25.542+0530][0.933s][debug][gc,nmethod  ] Register NMethod: jdk.internal.module.Builder.newExports (0x0000029cc24d9588) [0x0000029cc24d96a0, 0x0000029cc24d97f8] Compiler: c1, Barriers: 0, Oops: 0, ImmediateOops: 1, NonImmediateOops: No
[2024-10-26T03:26:25.542+0530][0.933s][debug][gc,nmethod  ] Register NMethod: java.util.ImmutableCollections$SetN.<init> (0x0000029cc24d9888) [0x0000029cc24d9ac0, 0x0000029cc24da8b0] Compiler: c1, Barriers: 8, Oops: 1, ImmediateOops: 3, NonImmediateOops: No
[2024-10-26T03:26:25.542+0530][0.933s][debug][gc,nmethod  ] Register NMethod: jdk.internal.module.Builder.newRequires (0x0000029cc24da988) [0x0000029cc24daaa0, 0x0000029cc24dabc8] Compiler: c1, Barriers: 0, Oops: 0, ImmediateOops: 0, NonImmediateOops: No
[2024-10-26T03:26:25.542+0530][0.933s][debug][gc,nmethod  ] Register NMethod: java.util.Set.of (0x0000029cc9ccaa88) [0x0000029cc9ccab80, 0x0000029cc9ccabf0] Compiler: c2, Barriers: 0, Oops: 0, ImmediateOops: 1, NonImmediateOops: No
[2024-10-26T03:26:25.542+0530][0.933s][debug][gc,nmethod  ] Register NMethod: java.lang.module.ModuleDescriptor$1.newRequires (0x0000029cc24dac88) [0x0000029cc24dadc0, 0x0000029cc24db150] Compiler: c1, Barriers: 9, Oops: 0, ImmediateOops: 0, NonImmediateOops: No
[2024-10-26T03:26:25.542+0530][0.933s][debug][gc,nmethod  ] Register NMethod: java.lang.module.ModuleDescriptor$Requires.<init> (0x0000029cc24db188) [0x0000029cc24db2c0, 0x0000029cc24db608] Compiler: c1, Barriers: 12, Oops: 0, ImmediateOops: 0, NonImmediateOops: No
[2024-10-26T03:26:25.542+0530][0.933s][debug][gc,nmethod  ] Register NMethod: jdk.internal.module.Builder.newRequires (0x0000029cc24db688) [0x0000029cc24db800, 0x0000029cc24dbc20] Compiler: c1, Barriers: 2, Oops: 0, ImmediateOops: 2, NonImmediateOops: No
[2024-10-26T03:26:25.542+0530][0.933s][debug][gc,nmethod  ] Register NMethod: java.net.URI.toLower (0x0000029cc24dbc88) [0x0000029cc24dbda0, 0x0000029cc24dbf18] Compiler: c1, Barriers: 0, Oops: 0, ImmediateOops: 0, NonImmediateOops: No
[2024-10-26T03:26:25.542+0530][0.933s][debug][gc,nmethod  ] Register NMethod: java.util.ImmutableCollections$Set12.<init> (0x0000029cc24dbf88) [0x0000029cc24dc0e0, 0x0000029cc24dc5a8] Compiler: c1, Barriers: 6, Oops: 0, ImmediateOops: 1, NonImmediateOops: No
[2024-10-26T03:26:25.543+0530][0.933s][debug][gc,nmethod  ] Register NMethod: java.net.URI.hash (0x0000029cc24dc608) [0x0000029cc24dc760, 0x0000029cc24dc9c0] Compiler: c1, Barriers: 0, Oops: 0, ImmediateOops: 0, NonImmediateOops: No
[2024-10-26T03:26:25.544+0530][0.935s][debug][gc,nmethod  ] Register NMethod: java.lang.invoke.MethodHandle.linkToStatic (0x0000029cc9ccad88) [0x0000029cc9ccae80, 0x0000029cc9ccaf90] Compiler: , Barriers: 0, Oops: 0, ImmediateOops: 0, NonImmediateOops: No
[2024-10-26T03:26:25.545+0530][0.936s][debug][gc,nmethod  ] Register NMethod: java.util.ImmutableCollections$SetN.probe (0x0000029cc9ccb088) [0x0000029cc9ccb1e0, 0x0000029cc9ccba48] Compiler: c2, Barriers: 9, Oops: 0, ImmediateOops: 0, NonImmediateOops: No
[2024-10-26T03:26:25.545+0530][0.936s][debug][gc,nmethod  ] Register NMethod: org.springframework.boot.loader.jar.NestedJarFile.hasEntry (0x0000029cc9ccba88) [0x0000029cc9ccbbe0, 0x0000029cc9ccc268] Compiler: c2, Barriers: 6, Oops: 1, ImmediateOops: 0, NonImmediateOops: No
[2024-10-26T03:26:25.545+0530][0.936s][debug][gc,nmethod  ] Register NMethod: jdk.internal.access.SharedSecrets.javaUtilJarAccess (0x0000029cc24dca08) [0x0000029cc24dcba0, 0x0000029cc24dd090] Compiler: c1, Barriers: 2, Oops: 1, ImmediateOops: 4, NonImmediateOops: No
[2024-10-26T03:26:25.546+0530][0.937s][debug][gc,nmethod  ] Register NMethod: org.springframework.boot.loader.zip.ZipContent.hasEntry (0x0000029cc24dd108) [0x0000029cc24dd2c0, 0x0000029cc24dd918] Compiler: c1, Barriers: 3, Oops: 1, ImmediateOops: 0, NonImmediateOops: No
[2024-10-26T03:26:25.548+0530][0.938s][debug][gc,director ] Rule Major: Warmup 10%, Used: 116MB, UsedThreshold: 204MB
[2024-10-26T03:26:25.548+0530][0.938s][debug][gc,director ] Rule Minor: High Usage, Free: 1892MB(92.4%)
[2024-10-26T03:26:25.549+0530][0.940s][debug][gc,nmethod  ] Register NMethod: java.util.concurrent.atomic.AtomicLong.incrementAndGet (0x0000029cc9ccc308) [0x0000029cc9ccc400, 0x0000029cc9ccc488] Compiler: c2, Barriers: 0, Oops: 0, ImmediateOops: 0, NonImmediateOops: No
[2024-10-26T03:26:25.552+0530][0.943s][debug][gc,nmethod  ] Register NMethod: java.lang.ClassLoader.getUnnamedModule (0x0000029cc9ccc608) [0x0000029cc9ccc720, 0x0000029cc9ccc818] Compiler: c1, Barriers: 1, Oops: 0, ImmediateOops: 0, NonImmediateOops: No
[2024-10-26T03:26:25.552+0530][0.943s][debug][gc,nmethod  ] Register NMethod: java.util.LinkedHashMap.entrySet (0x0000029cc24dd988) [0x0000029cc24ddaa0, 0x0000029cc24ddc60] Compiler: c1, Barriers: 0, Oops: 0, ImmediateOops: 0, NonImmediateOops: No
[2024-10-26T03:26:25.552+0530][0.943s][debug][gc,nmethod  ] Register NMethod: java.util.LinkedHashMap.newNode (0x0000029cc9ccc908) [0x0000029cc9ccca40, 0x0000029cc9cccdf8] Compiler: c2, Barriers: 18, Oops: 0, ImmediateOops: 0, NonImmediateOops: No
[2024-10-26T03:26:25.553+0530][0.944s][debug][gc,nmethod  ] Register NMethod: jdk.internal.loader.URLClassPath.getResource (0x0000029cc9ccce88) [0x0000029cc9cccfe0, 0x0000029cc9ccd248] Compiler: c2, Barriers: 1, Oops: 0, ImmediateOops: 0, NonImmediateOops: No
[2024-10-26T03:26:25.555+0530][0.946s][debug][gc,nmethod  ] Register NMethod: java.util.concurrent.ConcurrentHashMap.containsKey (0x0000029cc24ddc88) [0x0000029cc24ddda0, 0x0000029cc24ddf30] Compiler: c1, Barriers: 0, Oops: 0, ImmediateOops: 0, NonImmediateOops: No
[2024-10-26T03:26:25.556+0530][0.947s][debug][gc,nmethod  ] Register NMethod: java.net.URLStreamHandler.parseURL (0x0000029cc9ccd288) [0x0000029cc9ccd500, 0x0000029cc9ccf7f0] Compiler: c2, Barriers: 41, Oops: 5, ImmediateOops: 6, NonImmediateOops: No
[2024-10-26T03:26:25.556+0530][0.948s][debug][gc,nmethod  ] Register NMethod: java.util.jar.Attributes.size (0x0000029cc24ddf88) [0x0000029cc24de0c0, 0x0000029cc24de2d0] Compiler: c1, Barriers: 1, Oops: 0, ImmediateOops: 0, NonImmediateOops: No
[2024-10-26T03:26:25.557+0530][0.948s][debug][gc,nmethod  ] Register NMethod: java.net.URL.<init> (0x0000029cc9ccfa08) [0x0000029cc9ccfd60, 0x0000029cc9cd2870] Compiler: c2, Barriers: 49, Oops: 4, ImmediateOops: 5, NonImmediateOops: No
[2024-10-26T03:26:25.558+0530][0.949s][debug][gc,director ] Rule Major: Warmup 10%, Used: 120MB, UsedThreshold: 204MB
[2024-10-26T03:26:25.558+0530][0.949s][debug][gc,director ] Rule Minor: High Usage, Free: 1888MB(92.2%)
[2024-10-26T03:26:25.558+0530][0.950s][debug][gc,nmethod  ] Register NMethod: org.springframework.boot.loader.net.protocol.jar.JarUrlClassLoader.definePackage (0x0000029cc24de308) [0x0000029cc24de800, 0x0000029cc24e1270] Compiler: c1, Barriers: 6, Oops: 7, ImmediateOops: 18, NonImmediateOops: No
[2024-10-26T03:26:25.564+0530][0.956s][debug][gc,nmethod  ] Register NMethod: org.springframework.boot.loader.net.protocol.jar.UrlNestedJarFile.getManifest (0x0000029cc24e1388) [0x0000029cc24e14c0, 0x0000029cc24e1658] Compiler: c1, Barriers: 1, Oops: 1, ImmediateOops: 0, NonImmediateOops: No
[2024-10-26T03:26:25.566+0530][0.956s][debug][gc,nmethod  ] Register NMethod: org.springframework.boot.loader.net.protocol.jar.UrlJarManifest.supply (0x0000029cc24e1688) [0x0000029cc24e1800, 0x0000029cc24e1d48] Compiler: c1, Barriers: 6, Oops: 1, ImmediateOops: 2, NonImmediateOops: No
[2024-10-26T03:26:25.566+0530][0.956s][debug][gc,nmethod  ] Register NMethod: java.util.jar.Manifest.<init> (0x0000029cc24e1e08) [0x0000029cc24e1f80, 0x0000029cc24e2608] Compiler: c1, Barriers: 12, Oops: 0, ImmediateOops: 0, NonImmediateOops: No
[2024-10-26T03:26:25.566+0530][0.956s][debug][gc,nmethod  ] Register NMethod: org.springframework.boot.loader.net.protocol.jar.UrlJarManifest$$Lambda/0x000002a0d4090f50.<init> (0x0000029cc24e2688) [0x0000029cc24e27c0, 0x0000029cc24e2a18] Compiler: c1, Barriers: 6, Oops: 1, ImmediateOops: 0, NonImmediateOops: No
[2024-10-26T03:26:25.566+0530][0.956s][debug][gc,nmethod  ] Register NMethod: java.util.jar.Attributes.clone (0x0000029cc24e2a88) [0x0000029cc24e2be0, 0x0000029cc24e30c8] Compiler: c1, Barriers: 3, Oops: 0, ImmediateOops: 0, NonImmediateOops: No
[2024-10-26T03:26:25.566+0530][0.956s][debug][gc,nmethod  ] Register NMethod: java.util.jar.Attributes.<init> (0x0000029cc24e3108) [0x0000029cc24e3260, 0x0000029cc24e3680] Compiler: c1, Barriers: 3, Oops: 0, ImmediateOops: 0, NonImmediateOops: No
[2024-10-26T03:26:25.566+0530][0.957s][debug][gc,nmethod  ] Register NMethod: java.util.HashMap.forEach (0x0000029cc24e3708) [0x0000029cc24e38a0, 0x0000029cc24e3f78] Compiler: c1, Barriers: 5, Oops: 0, ImmediateOops: 0, NonImmediateOops: No
[2024-10-26T03:26:25.566+0530][0.957s][debug][gc,nmethod  ] Register NMethod: org.springframework.boot.loader.net.protocol.jar.UrlJarManifest.get (0x0000029cc24e3f88) [0x0000029cc24e4240, 0x0000029cc24e5560] Compiler: c1, Barriers: 23, Oops: 2, ImmediateOops: 2, NonImmediateOops: No
[2024-10-26T03:26:25.566+0530][0.957s][debug][gc,alloc    ] Mutator Allocation Rate: 131.7MB/s Predicted: 141.6MB/s, Avg: 130.0(+/-32.3)MB/s
[2024-10-26T03:26:25.566+0530][0.957s][debug][gc,director ] Rule Major: Warmup 10%, Used: 124MB, UsedThreshold: 204MB
[2024-10-26T03:26:25.566+0530][0.957s][debug][gc,director ] Rule Minor: High Usage, Free: 1884MB(92.0%)
[2024-10-26T03:26:25.568+0530][0.959s][debug][gc,nmethod  ] Register NMethod: java.util.LinkedHashMap.afterNodeInsertion (0x0000029cc9cd2a08) [0x0000029cc9cd2b20, 0x0000029cc9cd2c80] Compiler: c2, Barriers: 2, Oops: 1, ImmediateOops: 0, NonImmediateOops: No
[2024-10-26T03:26:25.571+0530][0.962s][debug][gc,nmethod  ] Register NMethod: java.lang.reflect.Modifier.isFinal (0x0000029cc24e5688) [0x0000029cc24e57a0, 0x0000029cc24e58d8] Compiler: c1, Barriers: 0, Oops: 0, ImmediateOops: 0, NonImmediateOops: No
[2024-10-26T03:26:25.572+0530][0.962s][debug][gc,nmethod  ] Register NMethod: sun.net.www.ParseUtil.match (0x0000029cc9cd2d08) [0x0000029cc9cd2e00, 0x0000029cc9cd2ec0] Compiler: c2, Barriers: 0, Oops: 0, ImmediateOops: 0, NonImmediateOops: No
[2024-10-26T03:26:25.572+0530][0.963s][debug][gc,nmethod  ] Register NMethod: java.lang.Class.getPackageName (0x0000029cc9cd3008) [0x0000029cc9cd3180, 0x0000029cc9cd3b08] Compiler: c2, Barriers: 9, Oops: 1, ImmediateOops: 1, NonImmediateOops: No
[2024-10-26T03:26:25.574+0530][0.965s][debug][gc,nmethod  ] Register NMethod: jdk.internal.classfile.impl.StackMapDecoder$ObjectVerificationTypeInfoImpl.<init> (0x0000029cc24e5988) [0x0000029cc24e5ac0, 0x0000029cc24e5d00] Compiler: c1, Barriers: 3, Oops: 0, ImmediateOops: 0, NonImmediateOops: No
[2024-10-26T03:26:25.574+0530][0.965s][debug][gc,nmethod  ] Register NMethod: jdk.internal.classfile.impl.DirectMethodBuilder.with (0x0000029cc24e5d88) [0x0000029cc24e5f20, 0x0000029cc24e67b0] Compiler: c1, Barriers: 3, Oops: 0, ImmediateOops: 0, NonImmediateOops: No
[2024-10-26T03:26:25.574+0530][0.965s][debug][gc,nmethod  ] Register NMethod: jdk.internal.classfile.impl.DirectMethodBuilder.with (0x0000029cc24e6808) [0x0000029cc24e6980, 0x0000029cc24e70c0] Compiler: c1, Barriers: 3, Oops: 0, ImmediateOops: 0, NonImmediateOops: No
[2024-10-26T03:26:25.575+0530][0.965s][debug][gc,nmethod  ] Register NMethod: jdk.internal.classfile.impl.DirectCodeBuilder.receiverSlot (0x0000029cc24e7108) [0x0000029cc24e7240, 0x0000029cc24e7450] Compiler: c1, Barriers: 1, Oops: 0, ImmediateOops: 0, NonImmediateOops: No
[2024-10-26T03:26:25.575+0530][0.965s][debug][gc,nmethod  ] Register NMethod: java.lang.classfile.Attributes.stackMapTable (0x0000029cc24e7488) [0x0000029cc24e75a0, 0x0000029cc24e7698] Compiler: c1, Barriers: 0, Oops: 0, ImmediateOops: 1, NonImmediateOops: No
[2024-10-26T03:26:25.575+0530][0.965s][debug][gc,nmethod  ] Register NMethod: jdk.internal.classfile.impl.MethodInfo.receiverSlot (0x0000029cc24e7788) [0x0000029cc24e78c0, 0x0000029cc24e7b98] Compiler: c1, Barriers: 0, Oops: 0, ImmediateOops: 1, NonImmediateOops: No
[2024-10-26T03:26:25.576+0530][0.966s][debug][gc,director ] Rule Major: Warmup 10%, Used: 126MB, UsedThreshold: 204MB
[2024-10-26T03:26:25.576+0530][0.966s][debug][gc,director ] Rule Minor: High Usage, Free: 1882MB(91.9%)
[2024-10-26T03:26:25.576+0530][0.966s][debug][gc,nmethod  ] Register NMethod: java.util.AbstractCollection.addAll (0x0000029cc24e7c08) [0x0000029cc24e7d80, 0x0000029cc24e82a0] Compiler: c1, Barriers: 0, Oops: 0, ImmediateOops: 0, NonImmediateOops: No
[2024-10-26T03:26:25.576+0530][0.966s][debug][gc,nmethod  ] Register NMethod: jdk.internal.classfile.impl.AbstractPoolEntry$FieldRefEntryImpl.<init> (0x0000029cc24e8308) [0x0000029cc24e8420, 0x0000029cc24e8578] Compiler: c1, Barriers: 0, Oops: 0, ImmediateOops: 0, NonImmediateOops: No
[2024-10-26T03:26:25.576+0530][0.966s][debug][gc,nmethod  ] Register NMethod: java.lang.reflect.Proxy$ProxyBuilder.addElementTypes (0x0000029cc24e8608) [0x0000029cc24e87a0, 0x0000029cc24e8ec8] Compiler: c1, Barriers: 3, Oops: 0, ImmediateOops: 1, NonImmediateOops: No
[2024-10-26T03:26:25.576+0530][0.967s][debug][gc,nmethod  ] Register NMethod: jdk.internal.classfile.impl.DirectCodeBuilder.writeNewObject (0x0000029cc24e8f08) [0x0000029cc24e9040, 0x0000029cc24e9268] Compiler: c1, Barriers: 1, Oops: 0, ImmediateOops: 1, NonImmediateOops: No
[2024-10-26T03:26:25.576+0530][0.967s][debug][gc,nmethod  ] Register NMethod: java.lang.String.codePointAt (0x0000029cc24e9308) [0x0000029cc24e9480, 0x0000029cc24e9930] Compiler: c1, Barriers: 2, Oops: 1, ImmediateOops: 2, NonImmediateOops: No
[2024-10-26T03:26:25.576+0530][0.967s][debug][gc,nmethod  ] Register NMethod: java.util.ArrayList.isEmpty (0x0000029cc9cd3c08) [0x0000029cc9cd3d00, 0x0000029cc9cd3d88] Compiler: c2, Barriers: 0, Oops: 0, ImmediateOops: 0, NonImmediateOops: No
[2024-10-26T03:26:25.576+0530][0.967s][debug][gc,nmethod  ] Register NMethod: java.lang.Integer.compareTo (0x0000029cc24e9988) [0x0000029cc24e9ac0, 0x0000029cc24e9d08] Compiler: c1, Barriers: 0, Oops: 0, ImmediateOops: 0, NonImmediateOops: No
[2024-10-26T03:26:25.576+0530][0.967s][debug][gc,nmethod  ] Register NMethod: java.lang.Integer.compareTo (0x0000029cc24e9d88) [0x0000029cc24e9ec0, 0x0000029cc24ea240] Compiler: c1, Barriers: 0, Oops: 0, ImmediateOops: 0, NonImmediateOops: No
[2024-10-26T03:26:25.576+0530][0.967s][debug][gc,nmethod  ] Register NMethod: java.lang.Character.isSurrogate (0x0000029cc24ea288) [0x0000029cc24ea3a0, 0x0000029cc24ea510] Compiler: c1, Barriers: 0, Oops: 0, ImmediateOops: 0, NonImmediateOops: No
[2024-10-26T03:26:25.576+0530][0.967s][debug][gc,nmethod  ] Register NMethod: java.util.regex.Pattern.isSupplementary (0x0000029cc24ea588) [0x0000029cc24ea6a0, 0x0000029cc24ea8e8] Compiler: c1, Barriers: 0, Oops: 0, ImmediateOops: 0, NonImmediateOops: No
[2024-10-26T03:26:25.576+0530][0.967s][debug][gc,nmethod  ] Register NMethod: jdk.internal.classfile.impl.DirectCodeBuilder$4.writeCounters (0x0000029cc24ea908) [0x0000029cc24eab00, 0x0000029cc24eb5a0] Compiler: c1, Barriers: 7, Oops: 0, ImmediateOops: 0, NonImmediateOops: No
[2024-10-26T03:26:25.577+0530][0.967s][debug][gc,nmethod  ] Register NMethod: java.util.regex.Pattern.peek (0x0000029cc24eb608) [0x0000029cc24eb740, 0x0000029cc24eb9c0] Compiler: c1, Barriers: 1, Oops: 0, ImmediateOops: 0, NonImmediateOops: No
[2024-10-26T03:26:25.577+0530][0.967s][debug][gc,nmethod  ] Register NMethod: java.lang.invoke.DirectMethodHandle$Holder.invokeStatic (0x0000029cc24eba08) [0x0000029cc24ebb60, 0x0000029cc24ec0c0] Compiler: c1, Barriers: 1, Oops: 0, ImmediateOops: 0, NonImmediateOops: No
[2024-10-26T03:26:25.577+0530][0.968s][debug][gc,nmethod  ] Register NMethod: jdk.internal.classfile.impl.StackCounter.processLdc (0x0000029cc24ec108) [0x0000029cc24ec480, 0x0000029cc24ee040] Compiler: c1, Barriers: 19, Oops: 1, ImmediateOops: 3, NonImmediateOops: No
[2024-10-26T03:26:25.577+0530][0.968s][debug][gc,nmethod  ] Register NMethod: jdk.internal.util.ReferencedKeyMap.internKey (0x0000029cc2044d08) [0x0000029cc2044f20, 0x0000029cc2045cb8] Compiler: c1, Barriers: 5, Oops: 0, ImmediateOops: 0, NonImmediateOops: No
[2024-10-26T03:26:25.577+0530][0.968s][debug][gc,nmethod  ] Register NMethod: sun.util.locale.LocaleUtils.isUpper (0x0000029cc24ee108) [0x0000029cc24ee220, 0x0000029cc24ee388] Compiler: c1, Barriers: 0, Oops: 0, ImmediateOops: 0, NonImmediateOops: No
[2024-10-26T03:26:25.578+0530][0.969s][debug][gc,nmethod  ] Register NMethod: org.springframework.boot.loader.zip.ZipContent.getFirstLookupIndex (0x0000029cc9cd3f08) [0x0000029cc9cd4020, 0x0000029cc9cd4208] Compiler: c2, Barriers: 1, Oops: 1, ImmediateOops: 0, NonImmediateOops: No
[2024-10-26T03:26:25.579+0530][0.969s][debug][gc,nmethod  ] Register NMethod: java.lang.invoke.Invokers.callSiteForm (0x0000029cc24ee408) [0x0000029cc24ee6c0, 0x0000029cc24efc00] Compiler: c1, Barriers: 21, Oops: 0, ImmediateOops: 5, NonImmediateOops: No
[2024-10-26T03:26:25.579+0530][0.969s][debug][gc,nmethod  ] Register NMethod: java.util.regex.Pattern.lambda$Single$14 (0x0000029cc24efc88) [0x0000029cc24efda0, 0x0000029cc24efed8] Compiler: c1, Barriers: 0, Oops: 0, ImmediateOops: 0, NonImmediateOops: No
[2024-10-26T03:26:25.579+0530][0.969s][debug][gc,nmethod  ] Register NMethod: java.util.regex.Pattern$$Lambda/0x800000032.is (0x0000029cc24eff88) [0x0000029cc24f00a0, 0x0000029cc24f0258] Compiler: c1, Barriers: 0, Oops: 0, ImmediateOops: 0, NonImmediateOops: No
[2024-10-26T03:26:25.579+0530][0.970s][debug][gc,nmethod  ] Register NMethod: java.util.regex.Pattern$BmpCharPropertyGreedy.match (0x0000029cc24f0288) [0x0000029cc24f0400, 0x0000029cc24f0a78] Compiler: c1, Barriers: 2, Oops: 0, ImmediateOops: 0, NonImmediateOops: No
[2024-10-26T03:26:25.579+0530][0.970s][debug][gc,nmethod  ] Register NMethod: java.util.regex.Matcher.hasMatch (0x0000029cc24f0a88) [0x0000029cc24f0ba0, 0x0000029cc24f0cf8] Compiler: c1, Barriers: 0, Oops: 0, ImmediateOops: 0, NonImmediateOops: No
[2024-10-26T03:26:25.579+0530][0.970s][debug][gc,nmethod  ] Register NMethod: java.util.regex.Matcher.checkMatch (0x0000029cc24f0d88) [0x0000029cc24f0ec0, 0x0000029cc24f1178] Compiler: c1, Barriers: 0, Oops: 0, ImmediateOops: 1, NonImmediateOops: No
[2024-10-26T03:26:25.579+0530][0.970s][debug][gc,nmethod  ] Register NMethod: java.util.regex.Pattern$LastNode.match (0x0000029cc24f1208) [0x0000029cc24f1340, 0x0000029cc24f1568] Compiler: c1, Barriers: 1, Oops: 0, ImmediateOops: 0, NonImmediateOops: No
[2024-10-26T03:26:25.579+0530][0.970s][debug][gc,nmethod  ] Register NMethod: java.util.regex.Matcher.start (0x0000029cc24f1588) [0x0000029cc24f16c0, 0x0000029cc24f19d8] Compiler: c1, Barriers: 0, Oops: 0, ImmediateOops: 1, NonImmediateOops: No
[2024-10-26T03:26:25.579+0530][0.970s][debug][gc,nmethod  ] Register NMethod: java.util.regex.Pattern$Start.match (0x0000029cc24f1a08) [0x0000029cc24f1b60, 0x0000029cc24f1f98] Compiler: c1, Barriers: 2, Oops: 0, ImmediateOops: 0, NonImmediateOops: No
[2024-10-26T03:26:25.579+0530][0.970s][debug][gc,nmethod  ] Register NMethod: java.util.regex.Matcher.search (0x0000029cc24f2008) [0x0000029cc24f2180, 0x0000029cc24f27e8] Compiler: c1, Barriers: 6, Oops: 0, ImmediateOops: 0, NonImmediateOops: No
[2024-10-26T03:26:25.579+0530][0.970s][debug][gc,nmethod  ] Register NMethod: java.util.regex.Matcher.find (0x0000029cc24f2808) [0x0000029cc24f2940, 0x0000029cc24f2c30] Compiler: c1, Barriers: 1, Oops: 0, ImmediateOops: 0, NonImmediateOops: No
[2024-10-26T03:26:25.579+0530][0.970s][debug][gc,nmethod  ] Register NMethod: java.util.regex.Matcher.end (0x0000029cc24f2c88) [0x0000029cc24f2dc0, 0x0000029cc24f30d8] Compiler: c1, Barriers: 0, Oops: 0, ImmediateOops: 1, NonImmediateOops: No
[2024-10-26T03:26:25.580+0530][0.970s][debug][gc,nmethod  ] Register NMethod: java.util.regex.Pattern$$Lambda/0x800000032.is (0x0000029cc9cd4288) [0x0000029cc9cd4380, 0x0000029cc9cd4408] Compiler: c2, Barriers: 0, Oops: 0, ImmediateOops: 0, NonImmediateOops: No
[2024-10-26T03:26:25.581+0530][0.972s][debug][gc,nmethod  ] Register NMethod: org.springframework.boot.context.properties.source.SoftReferenceConfigurationPropertyCache.hasExpired (0x0000029cc24f3108) [0x0000029cc24f32c0, 0x0000029cc24f3968] Compiler: c1, Barriers: 2, Oops: 1, ImmediateOops: 1, NonImmediateOops: No
[2024-10-26T03:26:25.581+0530][0.972s][debug][gc,nmethod  ] Register NMethod: jdk.internal.util.StrongReferenceKey.hashCode (0x0000029cc9cd4588) [0x0000029cc9cd46a0, 0x0000029cc9cd47e0] Compiler: c2, Barriers: 1, Oops: 0, ImmediateOops: 0, NonImmediateOops: No
[2024-10-26T03:26:25.581+0530][0.972s][debug][gc,nmethod  ] Register NMethod: sun.util.locale.LocaleUtils.toLower (0x0000029cc24f3a08) [0x0000029cc24f3b20, 0x0000029cc24f3d30] Compiler: c1, Barriers: 0, Oops: 0, ImmediateOops: 0, NonImmediateOops: No
[2024-10-26T03:26:25.581+0530][0.972s][debug][gc,nmethod  ] Register NMethod: java.util.stream.AbstractPipeline.isParallel (0x0000029cc9cd4888) [0x0000029cc9cd4980, 0x0000029cc9cd4a50] Compiler: c2, Barriers: 1, Oops: 0, ImmediateOops: 0, NonImmediateOops: No
[2024-10-26T03:26:25.581+0530][0.972s][debug][gc,nmethod  ] Register NMethod: sun.util.locale.StringTokenIterator.isDone (0x0000029cc9cd4b88) [0x0000029cc9cd4ca0, 0x0000029cc9cd4d70] Compiler: c1, Barriers: 0, Oops: 0, ImmediateOops: 0, NonImmediateOops: No
[2024-10-26T03:26:25.582+0530][0.972s][debug][gc,nmethod  ] Register NMethod: java.lang.ref.SoftReference.<init> (0x0000029cc24f3d88) [0x0000029cc24f3ec0, 0x0000029cc24f41d0] Compiler: c1, Barriers: 6, Oops: 0, ImmediateOops: 2, NonImmediateOops: No
[2024-10-26T03:26:25.582+0530][0.972s][debug][gc,nmethod  ] Register NMethod: sun.util.locale.StringTokenIterator.current (0x0000029cc9cd4e88) [0x0000029cc9cd4fa0, 0x0000029cc9cd5098] Compiler: c1, Barriers: 1, Oops: 0, ImmediateOops: 0, NonImmediateOops: No
[2024-10-26T03:26:25.582+0530][0.973s][debug][gc,nmethod  ] Register NMethod: sun.reflect.generics.reflectiveObjects.ParameterizedTypeImpl.getActualTypeArguments (0x0000029cc24f4208) [0x0000029cc24f4340, 0x0000029cc24f4638] Compiler: c1, Barriers: 1, Oops: 0, ImmediateOops: 0, NonImmediateOops: No
[2024-10-26T03:26:25.582+0530][0.973s][debug][gc,nmethod  ] Register NMethod: sun.util.locale.LocaleUtils.isAlpha (0x0000029cc24f4688) [0x0000029cc24f47a0, 0x0000029cc24f4960] Compiler: c1, Barriers: 0, Oops: 0, ImmediateOops: 0, NonImmediateOops: No
[2024-10-26T03:26:25.582+0530][0.973s][debug][gc,nmethod  ] Register NMethod: sun.util.locale.StringTokenIterator.currentEnd (0x0000029cc9cd5188) [0x0000029cc9cd52a0, 0x0000029cc9cd5368] Compiler: c1, Barriers: 0, Oops: 0, ImmediateOops: 0, NonImmediateOops: No
[2024-10-26T03:26:25.582+0530][0.973s][debug][gc,nmethod  ] Register NMethod: jdk.internal.util.SoftReferenceKey.hashCode (0x0000029cc9cd5488) [0x0000029cc9cd55a0, 0x0000029cc9cd5668] Compiler: c1, Barriers: 0, Oops: 0, ImmediateOops: 0, NonImmediateOops: No
[2024-10-26T03:26:25.582+0530][0.973s][debug][gc,nmethod  ] Register NMethod: sun.util.locale.LocaleUtils.isLower (0x0000029cc24f4988) [0x0000029cc24f4aa0, 0x0000029cc24f4c08] Compiler: c1, Barriers: 0, Oops: 0, ImmediateOops: 0, NonImmediateOops: No
[2024-10-26T03:26:25.582+0530][0.973s][debug][gc,nmethod  ] Register NMethod: java.lang.String.subSequence (0x0000029cc9cd5788) [0x0000029cc9cd58e0, 0x0000029cc9cd5fd0] Compiler: c2, Barriers: 4, Oops: 1, ImmediateOops: 1, NonImmediateOops: No
[2024-10-26T03:26:25.582+0530][0.973s][debug][gc,nmethod  ] Register NMethod: sun.util.locale.ParseStatus.isError (0x0000029cc24f4c88) [0x0000029cc24f4da0, 0x0000029cc24f4ef8] Compiler: c1, Barriers: 0, Oops: 0, ImmediateOops: 0, NonImmediateOops: No
[2024-10-26T03:26:25.583+0530][0.974s][debug][gc,nmethod  ] Register NMethod: java.util.Collections.emptyList (0x0000029cc9cd6088) [0x0000029cc9cd6180, 0x0000029cc9cd61f0] Compiler: c2, Barriers: 0, Oops: 0, ImmediateOops: 1, NonImmediateOops: No
[2024-10-26T03:26:25.583+0530][0.974s][debug][gc,nmethod  ] Register NMethod: sun.util.locale.LocaleUtils.toLowerString (0x0000029cc24f4f88) [0x0000029cc24f5200, 0x0000029cc24f6368] Compiler: c1, Barriers: 5, Oops: 1, ImmediateOops: 4, NonImmediateOops: No
[2024-10-26T03:26:25.583+0530][0.974s][debug][gc,nmethod  ] Register NMethod: sun.util.locale.BaseLocale.hashCode (0x0000029cc24f6408) [0x0000029cc24f67c0, 0x0000029cc24f8ab0] Compiler: c1, Barriers: 20, Oops: 1, ImmediateOops: 8, NonImmediateOops: No
[2024-10-26T03:26:25.583+0530][0.974s][debug][gc,nmethod  ] Register NMethod: sun.util.locale.StringTokenIterator.hasNext (0x0000029cc24f8b88) [0x0000029cc24f8cc0, 0x0000029cc24f8f80] Compiler: c1, Barriers: 2, Oops: 0, ImmediateOops: 0, NonImmediateOops: No
[2024-10-26T03:26:25.584+0530][0.974s][debug][gc,nmethod  ] Register NMethod: sun.util.locale.StringTokenIterator.next (0x0000029cc24f9008) [0x0000029cc24f9180, 0x0000029cc24f96f0] Compiler: c1, Barriers: 10, Oops: 0, ImmediateOops: 0, NonImmediateOops: No
[2024-10-26T03:26:25.584+0530][0.974s][debug][gc,nmethod  ] Register NMethod: java.util.regex.Pattern$BmpCharPropertyGreedy.match (0x0000029cc9cd6388) [0x0000029cc9cd64e0, 0x0000029cc9cd6a50] Compiler: c2, Barriers: 3, Oops: 1, ImmediateOops: 0, NonImmediateOops: No
[2024-10-26T03:26:25.584+0530][0.974s][debug][gc,nmethod  ] Register NMethod: sun.util.locale.LocaleUtils.isAlphaString (0x0000029cc24f9788) [0x0000029cc24f9940, 0x0000029cc24fa258] Compiler: c1, Barriers: 3, Oops: 1, ImmediateOops: 2, NonImmediateOops: No
[2024-10-26T03:26:25.584+0530][0.975s][debug][gc,nmethod  ] Register NMethod: sun.util.locale.BaseLocale.<init> (0x0000029cc24fa308) [0x0000029cc24fa440, 0x0000029cc24fa780] Compiler: c1, Barriers: 12, Oops: 0, ImmediateOops: 0, NonImmediateOops: No
[2024-10-26T03:26:25.584+0530][0.975s][debug][gc,nmethod  ] Register NMethod: sun.util.locale.BaseLocale.getVariant (0x0000029cc9cd6b08) [0x0000029cc9cd6c20, 0x0000029cc9cd6d18] Compiler: c1, Barriers: 1, Oops: 0, ImmediateOops: 0, NonImmediateOops: No
[2024-10-26T03:26:25.584+0530][0.975s][debug][gc,nmethod  ] Register NMethod: sun.util.locale.StringTokenIterator.nextDelimiter (0x0000029cc24fa808) [0x0000029cc24faae0, 0x0000029cc24fc0c8] Compiler: c1, Barriers: 13, Oops: 1, ImmediateOops: 6, NonImmediateOops: No
[2024-10-26T03:26:25.584+0530][0.975s][debug][gc,nmethod  ] Register NMethod: sun.util.locale.LanguageTag.getLanguage (0x0000029cc9cd6e08) [0x0000029cc9cd6f20, 0x0000029cc9cd7018] Compiler: c1, Barriers: 1, Oops: 0, ImmediateOops: 0, NonImmediateOops: No
[2024-10-26T03:26:25.584+0530][0.975s][debug][gc,nmethod  ] Register NMethod: sun.util.locale.LanguageTag.getScript (0x0000029cc9cd7108) [0x0000029cc9cd7220, 0x0000029cc9cd7318] Compiler: c1, Barriers: 1, Oops: 0, ImmediateOops: 0, NonImmediateOops: No
[2024-10-26T03:26:25.584+0530][0.975s][debug][gc,nmethod  ] Register NMethod: sun.util.locale.LanguageTag.getRegion (0x0000029cc9cd7408) [0x0000029cc9cd7520, 0x0000029cc9cd7618] Compiler: c1, Barriers: 1, Oops: 0, ImmediateOops: 0, NonImmediateOops: No
[2024-10-26T03:26:25.584+0530][0.975s][debug][gc,nmethod  ] Register NMethod: sun.util.locale.LanguageTag.getPrivateuse (0x0000029cc9cd7708) [0x0000029cc9cd7820, 0x0000029cc9cd7918] Compiler: c1, Barriers: 1, Oops: 0, ImmediateOops: 0, NonImmediateOops: No
[2024-10-26T03:26:25.584+0530][0.975s][debug][gc,nmethod  ] Register NMethod: sun.util.locale.InternalLocaleBuilder.clearExtensions (0x0000029cc24fc188) [0x0000029cc24fc2e0, 0x0000029cc24fc780] Compiler: c1, Barriers: 3, Oops: 0, ImmediateOops: 0, NonImmediateOops: No
[2024-10-26T03:26:25.584+0530][0.975s][debug][gc,nmethod  ] Register NMethod: sun.util.locale.LocaleUtils.isEmpty (0x0000029cc24fc808) [0x0000029cc24fc940, 0x0000029cc24fcb68] Compiler: c1, Barriers: 0, Oops: 0, ImmediateOops: 0, NonImmediateOops: No
[2024-10-26T03:26:25.585+0530][0.975s][debug][gc,nmethod  ] Register NMethod: sun.util.locale.LocaleUtils.toUpperString (0x0000029cc24fcb88) [0x0000029cc24fce00, 0x0000029cc24fdf68] Compiler: c1, Barriers: 5, Oops: 1, ImmediateOops: 4, NonImmediateOops: No
[2024-10-26T03:26:25.585+0530][0.975s][debug][gc,nmethod  ] Register NMethod: jdk.internal.util.ReferencedKeyMap.removeStaleReferences (0x0000029cc9cd7a08) [0x0000029cc9cd7b20, 0x0000029cc9cd7d08] Compiler: c2, Barriers: 3, Oops: 0, ImmediateOops: 0, NonImmediateOops: No
[2024-10-26T03:26:25.585+0530][0.975s][debug][gc,nmethod  ] Register NMethod: org.springframework.util.ConcurrentReferenceHashMap$SoftEntryReference.getHash (0x0000029cc9cd7d88) [0x0000029cc9cd7ea0, 0x0000029cc9cd7f68] Compiler: c1, Barriers: 0, Oops: 1, ImmediateOops: 0, NonImmediateOops: No
[2024-10-26T03:26:25.585+0530][0.975s][debug][gc,nmethod  ] Register NMethod: java.util.stream.DistinctOps$1$2.accept (0x0000029cc24fe008) [0x0000029cc24fe140, 0x0000029cc24fe490] Compiler: c1, Barriers: 2, Oops: 0, ImmediateOops: 0, NonImmediateOops: No
[2024-10-26T03:26:25.585+0530][0.975s][debug][gc,nmethod  ] Register NMethod: java.util.Objects.hashCode (0x0000029cc9cd8088) [0x0000029cc9cd8180, 0x0000029cc9cd8260] Compiler: c2, Barriers: 0, Oops: 0, ImmediateOops: 0, NonImmediateOops: No
[2024-10-26T03:26:25.585+0530][0.976s][debug][gc,nmethod  ] Register NMethod: jdk.internal.util.SoftReferenceKey.<init> (0x0000029cc24fe508) [0x0000029cc24fe660, 0x0000029cc24feb48] Compiler: c1, Barriers: 6, Oops: 0, ImmediateOops: 2, NonImmediateOops: No
[2024-10-26T03:26:25.585+0530][0.976s][debug][gc,nmethod  ] Register NMethod: java.lang.String.<init> (0x0000029cc24feb88) [0x0000029cc24feca0, 0x0000029cc24fedf0] Compiler: c1, Barriers: 0, Oops: 0, ImmediateOops: 0, NonImmediateOops: No
[2024-10-26T03:26:25.585+0530][0.976s][debug][gc,nmethod  ] Register NMethod: sun.util.locale.BaseLocale.getInstance (0x0000029cc24fee88) [0x0000029cc24ff100, 0x0000029cc2500000] Compiler: c1, Barriers: 19, Oops: 3, ImmediateOops: 7, NonImmediateOops: No
[2024-10-26T03:26:25.585+0530][0.976s][debug][gc,nmethod  ] Register NMethod: java.util.Map.computeIfAbsent (0x0000029cc2500088) [0x0000029cc2500200, 0x0000029cc2500770] Compiler: c1, Barriers: 0, Oops: 0, ImmediateOops: 0, NonImmediateOops: No
[2024-10-26T03:26:25.585+0530][0.976s][debug][gc,nmethod  ] Register NMethod: java.util.Locale.<init> (0x0000029cc2500788) [0x0000029cc25008c0, 0x0000029cc2500b18] Compiler: c1, Barriers: 6, Oops: 0, ImmediateOops: 0, NonImmediateOops: No
[2024-10-26T03:26:25.586+0530][0.976s][debug][gc,director ] Rule Major: Warmup 10%, Used: 128MB, UsedThreshold: 204MB
[2024-10-26T03:26:25.586+0530][0.976s][debug][gc,director ] Rule Minor: High Usage, Free: 1880MB(91.8%)
[2024-10-26T03:26:25.586+0530][0.976s][debug][gc,nmethod  ] Register NMethod: java.util.Locale.hashCode (0x0000029cc2500b88) [0x0000029cc2500cc0, 0x0000029cc2500f20] Compiler: c1, Barriers: 2, Oops: 0, ImmediateOops: 0, NonImmediateOops: No
[2024-10-26T03:26:25.586+0530][0.976s][debug][gc,nmethod  ] Register NMethod: sun.util.locale.InternalLocaleBuilder.<init> (0x0000029cc2500f88) [0x0000029cc25010c0, 0x0000029cc2501430] Compiler: c1, Barriers: 12, Oops: 0, ImmediateOops: 5, NonImmediateOops: No
[2024-10-26T03:26:25.586+0530][0.976s][debug][gc,nmethod  ] Register NMethod: java.util.Locale.getInstance (0x0000029cc2501488) [0x0000029cc2501620, 0x0000029cc2501e00] Compiler: c1, Barriers: 1, Oops: 1, ImmediateOops: 5, NonImmediateOops: No
[2024-10-26T03:26:25.586+0530][0.977s][debug][gc,nmethod  ] Register NMethod: sun.util.locale.ParseStatus.<init> (0x0000029cc2501e88) [0x0000029cc2501fc0, 0x0000029cc2502228] Compiler: c1, Barriers: 3, Oops: 0, ImmediateOops: 0, NonImmediateOops: No
[2024-10-26T03:26:25.586+0530][0.977s][debug][gc,nmethod  ] Register NMethod: java.util.Locale.forLanguageTag (0x0000029cc2502288) [0x0000029cc2502460, 0x0000029cc2502c88] Compiler: c1, Barriers: 17, Oops: 0, ImmediateOops: 5, NonImmediateOops: No
[2024-10-26T03:26:25.586+0530][0.977s][debug][gc,nmethod  ] Register NMethod: sun.util.locale.StringTokenIterator.setStart (0x0000029cc2502d08) [0x0000029cc2502e80, 0x0000029cc2503340] Compiler: c1, Barriers: 6, Oops: 0, ImmediateOops: 0, NonImmediateOops: No
[2024-10-26T03:26:25.586+0530][0.977s][debug][gc,nmethod  ] Register NMethod: sun.util.locale.InternalLocaleBuilder.clear (0x0000029cc2503388) [0x0000029cc25034e0, 0x0000029cc2503838] Compiler: c1, Barriers: 12, Oops: 0, ImmediateOops: 5, NonImmediateOops: No
[2024-10-26T03:26:25.586+0530][0.977s][debug][gc,nmethod  ] Register NMethod: sun.util.locale.LanguageTag.getExtlangs (0x0000029cc2503888) [0x0000029cc25039e0, 0x0000029cc2503d20] Compiler: c1, Barriers: 2, Oops: 0, ImmediateOops: 1, NonImmediateOops: No
[2024-10-26T03:26:25.586+0530][0.977s][debug][gc,nmethod  ] Register NMethod: sun.util.locale.StringTokenIterator.<init> (0x0000029cc2503d88) [0x0000029cc2503f40, 0x0000029cc2504838] Compiler: c1, Barriers: 10, Oops: 1, ImmediateOops: 2, NonImmediateOops: No
[2024-10-26T03:26:25.586+0530][0.977s][debug][gc,nmethod  ] Register NMethod: sun.util.locale.LanguageTag.parse (0x0000029cc2504908) [0x0000029cc2504c20, 0x0000029cc2506010] Compiler: c1, Barriers: 13, Oops: 2, ImmediateOops: 6, NonImmediateOops: No
[2024-10-26T03:26:25.586+0530][0.977s][debug][gc,nmethod  ] Register NMethod: sun.util.locale.LanguageTag.getVariants (0x0000029cc2506108) [0x0000029cc2506260, 0x0000029cc25065a0] Compiler: c1, Barriers: 2, Oops: 0, ImmediateOops: 1, NonImmediateOops: No
[2024-10-26T03:26:25.587+0530][0.977s][debug][gc,nmethod  ] Register NMethod: sun.util.locale.LanguageTag.getExtensions (0x0000029cc2506608) [0x0000029cc2506760, 0x0000029cc2506aa0] Compiler: c1, Barriers: 2, Oops: 0, ImmediateOops: 1, NonImmediateOops: No
[2024-10-26T03:26:25.587+0530][0.977s][debug][gc,nmethod  ] Register NMethod: sun.util.locale.LanguageTag.isLanguage (0x0000029cc2506b08) [0x0000029cc2506ce0, 0x0000029cc25077a8] Compiler: c1, Barriers: 3, Oops: 1, ImmediateOops: 2, NonImmediateOops: No
[2024-10-26T03:26:25.587+0530][0.977s][debug][gc,nmethod  ] Register NMethod: sun.util.locale.LocaleUtils.isEmpty (0x0000029cc2507888) [0x0000029cc25079c0, 0x0000029cc2507be8] Compiler: c1, Barriers: 0, Oops: 0, ImmediateOops: 0, NonImmediateOops: No
[2024-10-26T03:26:25.587+0530][0.978s][debug][gc,nmethod  ] Register NMethod: sun.util.locale.LocaleUtils.isEmpty (0x0000029cc2507c08) [0x0000029cc2507d40, 0x0000029cc2507f68] Compiler: c1, Barriers: 0, Oops: 0, ImmediateOops: 0, NonImmediateOops: No
[2024-10-26T03:26:25.587+0530][0.978s][debug][gc,nmethod  ] Register NMethod: java.util.Locale$1.apply (0x0000029cc2507f88) [0x0000029cc25080a0, 0x0000029cc25081f8] Compiler: c1, Barriers: 0, Oops: 0, ImmediateOops: 0, NonImmediateOops: No
[2024-10-26T03:26:25.587+0530][0.978s][debug][gc,nmethod  ] Register NMethod: sun.util.locale.provider.LocaleProviderAdapter$$Lambda/0x80000006d.apply (0x0000029cc2508288) [0x0000029cc25083c0, 0x0000029cc25085d0] Compiler: c1, Barriers: 0, Oops: 0, ImmediateOops: 0, NonImmediateOops: No
[2024-10-26T03:26:25.587+0530][0.978s][debug][gc,nmethod  ] Register NMethod: sun.util.locale.provider.LocaleProviderAdapter.lambda$toLocaleArray$0 (0x0000029cc2508608) [0x0000029cc25087c0, 0x0000029cc2508f08] Compiler: c1, Barriers: 3, Oops: 0, ImmediateOops: 3, NonImmediateOops: No
[2024-10-26T03:26:25.587+0530][0.978s][debug][gc,nmethod  ] Register NMethod: sun.util.locale.LocaleUtils.toTitleString (0x0000029cc2508f88) [0x0000029cc2509280, 0x0000029cc250aba8] Compiler: c1, Barriers: 5, Oops: 1, ImmediateOops: 6, NonImmediateOops: No
[2024-10-26T03:26:25.587+0530][0.978s][debug][gc,nmethod  ] Register NMethod: jdk.internal.util.ReferencedKeyMap.put (0x0000029cc250ac88) [0x0000029cc250aee0, 0x0000029cc250bf00] Compiler: c1, Barriers: 5, Oops: 2, ImmediateOops: 3, NonImmediateOops: No
[2024-10-26T03:26:25.588+0530][0.979s][debug][gc,nmethod  ] Register NMethod: jdk.internal.util.ReferencedKeyMap.entryKey (0x0000029cc250bf88) [0x0000029cc250c160, 0x0000029cc250cc78] Compiler: c1, Barriers: 14, Oops: 0, ImmediateOops: 3, NonImmediateOops: No
[2024-10-26T03:26:25.588+0530][0.979s][debug][gc,nmethod  ] Register NMethod: sun.util.locale.LanguageTag.isExtlang (0x0000029cc250cd08) [0x0000029cc250cee0, 0x0000029cc250d978] Compiler: c1, Barriers: 3, Oops: 1, ImmediateOops: 2, NonImmediateOops: No
[2024-10-26T03:26:25.588+0530][0.979s][debug][gc,nmethod  ] Register NMethod: sun.util.locale.BaseLocale.convertOldISOCodes (0x0000029cc250da08) [0x0000029cc250dba0, 0x0000029cc250e218] Compiler: c1, Barriers: 0, Oops: 0, ImmediateOops: 9, NonImmediateOops: No
[2024-10-26T03:26:25.588+0530][0.979s][debug][gc,nmethod  ] Register NMethod: sun.util.locale.InternalLocaleBuilder.setExtensions (0x0000029cc250e288) [0x0000029cc250e740, 0x0000029cc25111b0] Compiler: c1, Barriers: 20, Oops: 1, ImmediateOops: 5, NonImmediateOops: No
[2024-10-26T03:26:25.588+0530][0.979s][debug][gc,nmethod  ] Register NMethod: ch.qos.logback.classic.Logger.getChildByName (0x0000029cc2511308) [0x0000029cc2511480, 0x0000029cc2511a90] Compiler: c1, Barriers: 3, Oops: 1, ImmediateOops: 0, NonImmediateOops: No
[2024-10-26T03:26:25.589+0530][0.979s][debug][gc,nmethod  ] Register NMethod: sun.util.locale.LanguageTag.parseVariants (0x0000029cc2511b08) [0x0000029cc2511cc0, 0x0000029cc2512498] Compiler: c1, Barriers: 6, Oops: 0, ImmediateOops: 0, NonImmediateOops: No
[2024-10-26T03:26:25.589+0530][0.979s][debug][gc,nmethod  ] Register NMethod: sun.util.locale.LanguageTag.isScript (0x0000029cc2512508) [0x0000029cc25126e0, 0x0000029cc2513178] Compiler: c1, Barriers: 3, Oops: 1, ImmediateOops: 2, NonImmediateOops: No
[2024-10-26T03:26:25.589+0530][0.979s][debug][gc,nmethod  ] Register NMethod: sun.util.locale.BaseLocale$1.apply (0x0000029cc2513208) [0x0000029cc25133c0, 0x0000029cc2513a40] Compiler: c1, Barriers: 16, Oops: 0, ImmediateOops: 0, NonImmediateOops: No
[2024-10-26T03:26:25.589+0530][0.979s][debug][gc,nmethod  ] Register NMethod: sun.util.locale.LanguageTag.isRegion (0x0000029cc2513a88) [0x0000029cc2513d20, 0x0000029cc25150c0] Compiler: c1, Barriers: 6, Oops: 1, ImmediateOops: 4, NonImmediateOops: No
[2024-10-26T03:26:25.589+0530][0.979s][debug][gc,nmethod  ] Register NMethod: sun.util.locale.LanguageTag.<init> (0x0000029cc2515188) [0x0000029cc2515300, 0x0000029cc2515908] Compiler: c1, Barriers: 21, Oops: 0, ImmediateOops: 9, NonImmediateOops: No
[2024-10-26T03:26:25.589+0530][0.980s][debug][gc,nmethod  ] Register NMethod: sun.util.locale.LanguageTag.parseLanguage (0x0000029cc2515988) [0x0000029cc2515b20, 0x0000029cc25161a0] Compiler: c1, Barriers: 5, Oops: 0, ImmediateOops: 0, NonImmediateOops: No
[2024-10-26T03:26:25.590+0530][0.980s][debug][gc,nmethod  ] Register NMethod: sun.util.locale.LanguageTag.parseExtlangs (0x0000029cc2516208) [0x0000029cc2516400, 0x0000029cc2516f78] Compiler: c1, Barriers: 8, Oops: 0, ImmediateOops: 0, NonImmediateOops: No
[2024-10-26T03:26:25.590+0530][0.980s][debug][gc,nmethod  ] Register NMethod: sun.util.locale.InternalLocaleBuilder.getBaseLocale (0x0000029cc2517008) [0x0000029cc25172c0, 0x0000029cc2518400] Compiler: c1, Barriers: 7, Oops: 2, ImmediateOops: 7, NonImmediateOops: No
[2024-10-26T03:26:25.590+0530][0.981s][debug][gc,nmethod  ] Register NMethod: sun.util.locale.LanguageTag.parseRegion (0x0000029cc2518508) [0x0000029cc2518660, 0x0000029cc2518a80] Compiler: c1, Barriers: 4, Oops: 0, ImmediateOops: 0, NonImmediateOops: No
[2024-10-26T03:26:25.590+0530][0.981s][debug][gc,nmethod  ] Register NMethod: sun.util.locale.InternalLocaleBuilder.setLanguageTag (0x0000029cc2518b08) [0x0000029cc2518ec0, 0x0000029cc251ace0] Compiler: c1, Barriers: 39, Oops: 1, ImmediateOops: 12, NonImmediateOops: No
[2024-10-26T03:26:25.590+0530][0.981s][debug][gc,nmethod  ] Register NMethod: sun.util.locale.LanguageTag.parsePrivateuse (0x0000029cc251ad88) [0x0000029cc251b020, 0x0000029cc251c000] Compiler: c1, Barriers: 10, Oops: 1, ImmediateOops: 4, NonImmediateOops: No
[2024-10-26T03:26:25.590+0530][0.981s][debug][gc,nmethod  ] Register NMethod: sun.util.locale.LanguageTag.parseScript (0x0000029cc251c108) [0x0000029cc251c2a0, 0x0000029cc251c8e0] Compiler: c1, Barriers: 5, Oops: 0, ImmediateOops: 0, NonImmediateOops: No
[2024-10-26T03:26:25.590+0530][0.981s][debug][gc,nmethod  ] Register NMethod: java.util.Locale$1.apply (0x0000029cc251c988) [0x0000029cc251cb00, 0x0000029cc251d388] Compiler: c1, Barriers: 11, Oops: 0, ImmediateOops: 0, NonImmediateOops: No
[2024-10-26T03:26:25.590+0530][0.981s][debug][gc,nmethod  ] Register NMethod: sun.util.locale.InternalLocaleBuilder.getLocaleExtensions (0x0000029cc251d408) [0x0000029cc251d5e0, 0x0000029cc251dee0] Compiler: c1, Barriers: 6, Oops: 0, ImmediateOops: 0, NonImmediateOops: No
[2024-10-26T03:26:25.591+0530][0.982s][debug][gc,nmethod  ] Register NMethod: sun.util.locale.LanguageTag.parseExtensions (0x0000029cc251df08) [0x0000029cc251e280, 0x0000029cc251fb50] Compiler: c1, Barriers: 12, Oops: 3, ImmediateOops: 6, NonImmediateOops: No
[2024-10-26T03:26:25.591+0530][0.982s][debug][gc,nmethod  ] Register NMethod: java.lang.invoke.BoundMethodHandle.bindArgumentL (0x0000029cc251fc08) [0x0000029cc251fd80, 0x0000029cc25202b0] Compiler: c1, Barriers: 4, Oops: 0, ImmediateOops: 0, NonImmediateOops: No
[2024-10-26T03:26:25.591+0530][0.982s][debug][gc,nmethod  ] Register NMethod: java.lang.invoke.LambdaFormEditor.bindArgumentL (0x0000029cc2520308) [0x0000029cc2520460, 0x0000029cc2520710] Compiler: c1, Barriers: 0, Oops: 0, ImmediateOops: 1, NonImmediateOops: No
[2024-10-26T03:26:25.592+0530][0.982s][debug][gc,nmethod  ] Register NMethod: java.util.Locale.hasExtensions (0x0000029cc2520788) [0x0000029cc25208a0, 0x0000029cc2520a30] Compiler: c1, Barriers: 1, Oops: 0, ImmediateOops: 0, NonImmediateOops: No
[2024-10-26T03:26:25.592+0530][0.983s][debug][gc,nmethod  ] Register NMethod: sun.util.locale.BaseLocale.equals (0x0000029cc2520a88) [0x0000029cc2520c20, 0x0000029cc25212f0] Compiler: c1, Barriers: 8, Oops: 0, ImmediateOops: 0, NonImmediateOops: No
[2024-10-26T03:26:25.592+0530][0.983s][debug][gc,nmethod  ] Register NMethod: java.util.Locale.equals (0x0000029cc2521308) [0x0000029cc25214a0, 0x0000029cc2521c58] Compiler: c1, Barriers: 5, Oops: 0, ImmediateOops: 0, NonImmediateOops: No
[2024-10-26T03:26:25.592+0530][0.983s][debug][gc,nmethod  ] Register NMethod: java.util.Locale.stripExtensions (0x0000029cc2521c88) [0x0000029cc2521dc0, 0x0000029cc2522090] Compiler: c1, Barriers: 2, Oops: 0, ImmediateOops: 0, NonImmediateOops: No
[2024-10-26T03:26:25.593+0530][0.983s][debug][gc,nmethod  ] Register NMethod: sun.util.locale.LocaleUtils.toLower (0x0000029cc9cd8388) [0x0000029cc9cd8480, 0x0000029cc9cd8500] Compiler: c2, Barriers: 0, Oops: 0, ImmediateOops: 0, NonImmediateOops: No
[2024-10-26T03:26:25.593+0530][0.983s][debug][gc,nmethod  ] Register NMethod: sun.util.locale.LocaleUtils.caseIgnoreMatch (0x0000029cc2522108) [0x0000029cc2522380, 0x0000029cc2523568] Compiler: c1, Barriers: 6, Oops: 1, ImmediateOops: 4, NonImmediateOops: No
[2024-10-26T03:26:25.593+0530][0.983s][debug][gc,nmethod  ] Register NMethod: java.util.HashSet.add (0x0000029cc9cd8688) [0x0000029cc9cd89a0, 0x0000029cc9cda7b0] Compiler: c2, Barriers: 74, Oops: 2, ImmediateOops: 6, NonImmediateOops: No
[2024-10-26T03:26:25.593+0530][0.984s][debug][gc,nmethod  ] Register NMethod: java.io.WinNTFileSystem.getBooleanAttributes0 (0x0000029cc9cda888) [0x0000029cc9cda9a0, 0x0000029cc9cdabc8] Compiler: , Barriers: 0, Oops: 0, ImmediateOops: 0, NonImmediateOops: No
[2024-10-26T03:26:25.593+0530][0.984s][debug][gc,nmethod  ] Register NMethod: java.util.HashMap.putVal (0x0000029cc9cdac08) [0x0000029cc9cdade0, 0x0000029cc9cdb7b0] Compiler: c2, Barriers: 16, Oops: 1, ImmediateOops: 0, NonImmediateOops: No
[2024-10-26T03:26:25.594+0530][0.985s][debug][gc,nmethod  ] Register NMethod: java.lang.Character.charCount (0x0000029cc9cdb808) [0x0000029cc9cdb900, 0x0000029cc9cdb988] Compiler: c2, Barriers: 0, Oops: 0, ImmediateOops: 0, NonImmediateOops: No
[2024-10-26T03:26:25.597+0530][0.987s][debug][gc,director ] Rule Major: Warmup 10%, Used: 128MB, UsedThreshold: 204MB
[2024-10-26T03:26:25.597+0530][0.987s][debug][gc,director ] Rule Minor: High Usage, Free: 1880MB(91.8%)
[2024-10-26T03:26:25.597+0530][0.988s][debug][gc,nmethod  ] Register NMethod: java.lang.CharacterData.of (0x0000029cc2523608) [0x0000029cc25237c0, 0x0000029cc2524140] Compiler: c1, Barriers: 7, Oops: 0, ImmediateOops: 1, NonImmediateOops: No
[2024-10-26T03:26:25.598+0530][0.988s][debug][gc,nmethod  ] Register NMethod: jdk.internal.util.ReferencedKeyMap.get (0x0000029cc9cdbb08) [0x0000029cc9cdbce0, 0x0000029cc9cdc808] Compiler: c2, Barriers: 20, Oops: 2, ImmediateOops: 2, NonImmediateOops: No
[2024-10-26T03:26:25.598+0530][0.989s][debug][gc,nmethod  ] Register NMethod: java.lang.StringUTF16.getChar (0x0000029cc9cdc908) [0x0000029cc9cdca00, 0x0000029cc9cdcae8] Compiler: c2, Barriers: 0, Oops: 0, ImmediateOops: 0, NonImmediateOops: No
[2024-10-26T03:26:25.598+0530][0.989s][debug][gc,nmethod  ] Register NMethod: java.lang.StringBuilder.append (0x0000029cc2524188) [0x0000029cc25242a0, 0x0000029cc25243f0] Compiler: c1, Barriers: 0, Oops: 0, ImmediateOops: 0, NonImmediateOops: No
[2024-10-26T03:26:25.598+0530][0.989s][debug][gc,nmethod  ] Register NMethod: sun.util.locale.BaseLocale.hashCode (0x0000029cc9cdcc08) [0x0000029cc9cdcdc0, 0x0000029cc9cdd898] Compiler: c2, Barriers: 16, Oops: 1, ImmediateOops: 0, NonImmediateOops: No
[2024-10-26T03:26:25.599+0530][0.989s][debug][gc,nmethod  ] Register NMethod: sun.util.locale.LocaleUtils.toLowerString (0x0000029cc9cdd908) [0x0000029cc9cdda80, 0x0000029cc9cde2a0] Compiler: c2, Barriers: 8, Oops: 1, ImmediateOops: 1, NonImmediateOops: No
[2024-10-26T03:26:25.599+0530][0.990s][debug][gc,nmethod  ] Register NMethod: java.lang.invoke.BoundMethodHandle$Species_LL.make (0x0000029cc2524488) [0x0000029cc25245c0, 0x0000029cc25248c8] Compiler: c1, Barriers: 6, Oops: 0, ImmediateOops: 0, NonImmediateOops: No
[2024-10-26T03:26:25.599+0530][0.990s][debug][gc,nmethod  ] Register NMethod: java.lang.invoke.BoundMethodHandle$Species_LL.<init> (0x0000029cc2524908) [0x0000029cc2524a40, 0x0000029cc2524d00] Compiler: c1, Barriers: 6, Oops: 0, ImmediateOops: 0, NonImmediateOops: No
[2024-10-26T03:26:25.600+0530][0.990s][debug][gc,nmethod  ] Register NMethod: java.lang.AbstractStringBuilder.append (0x0000029cc2524d88) [0x0000029cc2524f20, 0x0000029cc2525608] Compiler: c1, Barriers: 2, Oops: 1, ImmediateOops: 1, NonImmediateOops: No
[2024-10-26T03:26:25.601+0530][0.992s][debug][gc,nmethod  ] Register NMethod: java.lang.Character.isLetterOrDigit (0x0000029cc9cde388) [0x0000029cc9cde4a0, 0x0000029cc9cde610] Compiler: c2, Barriers: 0, Oops: 1, ImmediateOops: 3, NonImmediateOops: No
[2024-10-26T03:26:25.603+0530][0.993s][debug][gc,nmethod  ] Register NMethod: java.net.URL.isValidProtocol (0x0000029cc9cde688) [0x0000029cc9cde800, 0x0000029cc9cdecd8] Compiler: c2, Barriers: 2, Oops: 2, ImmediateOops: 6, NonImmediateOops: No
[2024-10-26T03:26:25.606+0530][0.997s][debug][gc,nmethod  ] Register NMethod: org.springframework.boot.loader.zip.ZipContent.hasEntry (0x0000029cc9cded88) [0x0000029cc9cdef80, 0x0000029cc9cdfb70] Compiler: c2, Barriers: 6, Oops: 2, ImmediateOops: 0, NonImmediateOops: No
[2024-10-26T03:26:25.607+0530][0.997s][debug][gc,director ] Rule Major: Warmup 10%, Used: 130MB, UsedThreshold: 204MB
[2024-10-26T03:26:25.607+0530][0.997s][debug][gc,director ] Rule Minor: High Usage, Free: 1878MB(91.7%)
[2024-10-26T03:26:25.608+0530][0.998s][debug][gc,nmethod  ] Register NMethod: java.util.concurrent.ConcurrentHashMap.putVal (0x0000029cc2525688) [0x0000029cc25259c0, 0x0000029cc2527660] Compiler: c1, Barriers: 28, Oops: 0, ImmediateOops: 1, NonImmediateOops: No
[2024-10-26T03:26:25.611+0530][1.001s][debug][gc,nmethod  ] Register NMethod: java.lang.Character.isJavaIdentifierPart (0x0000029cc2527688) [0x0000029cc25277c0, 0x0000029cc2527a18] Compiler: c1, Barriers: 0, Oops: 0, ImmediateOops: 0, NonImmediateOops: No
[2024-10-26T03:26:25.611+0530][1.001s][debug][gc,nmethod  ] Register NMethod: java.lang.PublicMethods$Key.hashCode (0x0000029cc2527a88) [0x0000029cc2527bc0, 0x0000029cc2527e68] Compiler: c1, Barriers: 2, Oops: 0, ImmediateOops: 0, NonImmediateOops: No
[2024-10-26T03:26:25.611+0530][1.002s][debug][gc,nmethod  ] Register NMethod: java.lang.classfile.instruction.NewObjectInstruction.of (0x0000029cc2527e88) [0x0000029cc2527fe0, 0x0000029cc2528428] Compiler: c1, Barriers: 6, Oops: 1, ImmediateOops: 2, NonImmediateOops: No
[2024-10-26T03:26:25.611+0530][1.002s][debug][gc,nmethod  ] Register NMethod: java.lang.classfile.CodeBuilder.new_ (0x0000029cc2528488) [0x0000029cc2528600, 0x0000029cc2528c70] Compiler: c1, Barriers: 6, Oops: 1, ImmediateOops: 2, NonImmediateOops: No
[2024-10-26T03:26:25.611+0530][1.002s][debug][gc,nmethod  ] Register NMethod: jdk.internal.classfile.impl.AbstractInstruction$UnboundNewObjectInstruction.writeTo (0x0000029cc2528d08) [0x0000029cc2528e60, 0x0000029cc2529128] Compiler: c1, Barriers: 2, Oops: 0, ImmediateOops: 1, NonImmediateOops: No
[2024-10-26T03:26:25.611+0530][1.002s][debug][gc,nmethod  ] Register NMethod: jdk.internal.classfile.impl.AbstractInstruction$UnboundNewObjectInstruction.<init> (0x0000029cc2529188) [0x0000029cc25292e0, 0x0000029cc2529678] Compiler: c1, Barriers: 6, Oops: 1, ImmediateOops: 2, NonImmediateOops: No
[2024-10-26T03:26:25.612+0530][1.002s][debug][gc,nmethod  ] Register NMethod: java.lang.reflect.Executable.isVarArgs (0x0000029cc2529708) [0x0000029cc2529840, 0x0000029cc2529a58] Compiler: c1, Barriers: 0, Oops: 0, ImmediateOops: 0, NonImmediateOops: No
[2024-10-26T03:26:25.612+0530][1.002s][debug][gc,nmethod  ] Register NMethod: java.lang.classfile.CodeBuilder.invokespecial (0x0000029cc2529a88) [0x0000029cc2529ba0, 0x0000029cc2529d78] Compiler: c1, Barriers: 0, Oops: 0, ImmediateOops: 1, NonImmediateOops: No
[2024-10-26T03:26:25.612+0530][1.003s][debug][gc,nmethod  ] Register NMethod: java.lang.classfile.CodeBuilder.loadConstant (0x0000029cc2529d88) [0x0000029cc252a260, 0x0000029cc252ccb8] Compiler: c1, Barriers: 0, Oops: 0, ImmediateOops: 1, NonImmediateOops: No
[2024-10-26T03:26:25.613+0530][1.004s][debug][gc,nmethod  ] Register NMethod: sun.reflect.generics.parser.SignatureParser.skipIdentifier (0x0000029cc9cdfc88) [0x0000029cc9cdfde0, 0x0000029cc9ce0288] Compiler: c2, Barriers: 4, Oops: 2, ImmediateOops: 3, NonImmediateOops: No
[2024-10-26T03:26:25.613+0530][1.004s][debug][gc,nmethod  ] Register NMethod: jdk.internal.classfile.impl.StackMapDecoder$$TypeSwitch/0x000002a0d407c2e0.typeSwitch (0x0000029cc252cd08) [0x0000029cc252ce60, 0x0000029cc252d480] Compiler: c1, Barriers: 0, Oops: 0, ImmediateOops: 0, NonImmediateOops: No
[2024-10-26T03:26:25.614+0530][1.004s][debug][gc,nmethod  ] Register NMethod: jdk.internal.classfile.impl.StackMapDecoder.writeTypeInfo (0x0000029cc252d508) [0x0000029cc252d760, 0x0000029cc252e6d8] Compiler: c1, Barriers: 2, Oops: 5, ImmediateOops: 3, NonImmediateOops: No
[2024-10-26T03:26:25.614+0530][1.005s][debug][gc,nmethod  ] Register NMethod: java.util.BitSet.set (0x0000029cc9ce0388) [0x0000029cc9ce04a0, 0x0000029cc9ce0628] Compiler: c2, Barriers: 1, Oops: 0, ImmediateOops: 0, NonImmediateOops: No
[2024-10-26T03:26:25.614+0530][1.005s][debug][gc,nmethod  ] Register NMethod: jdk.internal.classfile.impl.StackMapDecoder.writeFrame (0x0000029cc252e788) [0x0000029cc252ec40, 0x0000029cc2531410] Compiler: c1, Barriers: 13, Oops: 0, ImmediateOops: 1, NonImmediateOops: No
[2024-10-26T03:26:25.614+0530][1.005s][debug][gc,nmethod  ] Register NMethod: java.nio.ByteBuffer.wrap (0x0000029cc2531488) [0x0000029cc25315a0, 0x0000029cc25316c8] Compiler: c1, Barriers: 0, Oops: 0, ImmediateOops: 0, NonImmediateOops: No
[2024-10-26T03:26:25.615+0530][1.005s][debug][gc,nmethod  ] Register NMethod: java.util.StringJoiner.<init> (0x0000029cc2531788) [0x0000029cc2531960, 0x0000029cc25322f8] Compiler: c1, Barriers: 9, Oops: 3, ImmediateOops: 3, NonImmediateOops: No
[2024-10-26T03:26:25.615+0530][1.006s][debug][gc,nmethod  ] Register NMethod: jdk.internal.classfile.impl.AbstractPoolEntry$StringEntryImpl.writeTo (0x0000029cc2532388) [0x0000029cc2532500, 0x0000029cc2532940] Compiler: c1, Barriers: 1, Oops: 0, ImmediateOops: 0, NonImmediateOops: No
[2024-10-26T03:26:25.615+0530][1.006s][debug][gc,nmethod  ] Register NMethod: java.lang.invoke.ClassSpecializer$SpeciesData.factory (0x0000029cc2532988) [0x0000029cc2532ac0, 0x0000029cc2532da8] Compiler: c1, Barriers: 1, Oops: 0, ImmediateOops: 0, NonImmediateOops: No
[2024-10-26T03:26:25.615+0530][1.006s][debug][gc,nmethod  ] Register NMethod: java.lang.String.join (0x0000029cc2532e08) [0x0000029cc2533100, 0x0000029cc25347e8] Compiler: c1, Barriers: 14, Oops: 0, ImmediateOops: 4, NonImmediateOops: No
[2024-10-26T03:26:25.616+0530][1.007s][debug][gc,nmethod  ] Register NMethod: java.util.LinkedHashMap.<init> (0x0000029cc2534888) [0x0000029cc25349c0, 0x0000029cc2534bf8] Compiler: c1, Barriers: 0, Oops: 0, ImmediateOops: 0, NonImmediateOops: No
[2024-10-26T03:26:25.617+0530][1.007s][debug][gc,nmethod  ] Register NMethod: java.lang.Class.getDeclaredMethods (0x0000029cc2534c88) [0x0000029cc2534de0, 0x0000029cc2535048] Compiler: c1, Barriers: 0, Oops: 0, ImmediateOops: 0, NonImmediateOops: No
[2024-10-26T03:26:25.617+0530][1.007s][debug][gc,nmethod  ] Register NMethod: jdk.internal.loader.URLClassPath$Loader$1.getCodeSourceURL (0x0000029cc9ce0688) [0x0000029cc9ce0780, 0x0000029cc9ce0890] Compiler: c2, Barriers: 2, Oops: 0, ImmediateOops: 0, NonImmediateOops: No
[2024-10-26T03:26:25.617+0530][1.008s][debug][gc,nmethod  ] Register NMethod: java.util.LinkedHashMap.afterNodeAccess (0x0000029cc2535088) [0x0000029cc2535280, 0x0000029cc25360e0] Compiler: c1, Barriers: 54, Oops: 0, ImmediateOops: 0, NonImmediateOops: No
[2024-10-26T03:26:25.617+0530][1.008s][debug][gc,nmethod  ] Register NMethod: java.util.TreeMap.addEntry (0x0000029cc2536108) [0x0000029cc2536260, 0x0000029cc2536780] Compiler: c1, Barriers: 15, Oops: 0, ImmediateOops: 0, NonImmediateOops: No
[2024-10-26T03:26:25.617+0530][1.008s][debug][gc,nmethod  ] Register NMethod: java.util.BitSet.<init> (0x0000029cc2536808) [0x0000029cc25369e0, 0x0000029cc2537210] Compiler: c1, Barriers: 3, Oops: 1, ImmediateOops: 2, NonImmediateOops: No
[2024-10-26T03:26:25.618+0530][1.008s][debug][gc,director ] Rule Major: Warmup 10%, Used: 134MB, UsedThreshold: 204MB
[2024-10-26T03:26:25.618+0530][1.008s][debug][gc,director ] Rule Minor: High Usage, Free: 1874MB(91.5%)
[2024-10-26T03:26:25.618+0530][1.008s][debug][gc,nmethod  ] Register NMethod: java.util.StringJoiner.toString (0x0000029cc2537288) [0x0000029cc25373e0, 0x0000029cc25376e0] Compiler: c1, Barriers: 5, Oops: 0, ImmediateOops: 2, NonImmediateOops: No
[2024-10-26T03:26:25.618+0530][1.009s][debug][gc,nmethod  ] Register NMethod: java.lang.reflect.Method.toShortSignature (0x0000029cc2537708) [0x0000029cc2537900, 0x0000029cc2538188] Compiler: c1, Barriers: 3, Oops: 2, ImmediateOops: 4, NonImmediateOops: No
[2024-10-26T03:26:25.618+0530][1.009s][debug][gc,nmethod  ] Register NMethod: jdk.internal.classfile.impl.BufWriterImpl.writeListIndices (0x0000029cc2538208) [0x0000029cc25383a0, 0x0000029cc2538a40] Compiler: c1, Barriers: 0, Oops: 0, ImmediateOops: 0, NonImmediateOops: No
[2024-10-26T03:26:25.618+0530][1.009s][debug][gc,nmethod  ] Register NMethod: java.util.TreeMap.getFirstEntry (0x0000029cc2538a88) [0x0000029cc2538bc0, 0x0000029cc2538df8] Compiler: c1, Barriers: 2, Oops: 0, ImmediateOops: 0, NonImmediateOops: No
[2024-10-26T03:26:25.618+0530][1.009s][debug][gc,nmethod  ] Register NMethod: java.net.URL.<init> (0x0000029cc9ce0988) [0x0000029cc9ce0ce0, 0x0000029cc9ce3650] Compiler: c2, Barriers: 42, Oops: 3, ImmediateOops: 10, NonImmediateOops: No
[2024-10-26T03:26:25.618+0530][1.009s][debug][gc,nmethod  ] Register NMethod: java.lang.System$2.join (0x0000029cc2538e08) [0x0000029cc2539120, 0x0000029cc253a8a0] Compiler: c1, Barriers: 14, Oops: 0, ImmediateOops: 4, NonImmediateOops: No
[2024-10-26T03:26:25.619+0530][1.009s][debug][gc,nmethod  ] Register NMethod: java.lang.Class$Atomic.casReflectionData (0x0000029cc253a908) [0x0000029cc253aa20, 0x0000029cc253ab88] Compiler: c1, Barriers: 5, Oops: 0, ImmediateOops: 0, NonImmediateOops: No
[2024-10-26T03:26:25.619+0530][1.009s][debug][gc,nmethod  ] Register NMethod: java.lang.Class$ReflectionData.<init> (0x0000029cc253ac08) [0x0000029cc253ad20, 0x0000029cc253ae88] Compiler: c1, Barriers: 0, Oops: 0, ImmediateOops: 0, NonImmediateOops: No
[2024-10-26T03:26:25.619+0530][1.010s][debug][gc,nmethod  ] Register NMethod: jdk.internal.misc.VM.isJavaLangInvokeInited (0x0000029cc253af08) [0x0000029cc253b020, 0x0000029cc253b110] Compiler: c1, Barriers: 0, Oops: 0, ImmediateOops: 0, NonImmediateOops: No
[2024-10-26T03:26:25.620+0530][1.010s][debug][gc,nmethod  ] Register NMethod: java.util.ArrayList.subList (0x0000029cc253b208) [0x0000029cc253b360, 0x0000029cc253b740] Compiler: c1, Barriers: 3, Oops: 0, ImmediateOops: 0, NonImmediateOops: No
[2024-10-26T03:26:25.620+0530][1.010s][debug][gc,nmethod  ] Register NMethod: java.util.ArrayList$SubList.checkForComodification (0x0000029cc253b788) [0x0000029cc253b8c0, 0x0000029cc253bb18] Compiler: c1, Barriers: 1, Oops: 0, ImmediateOops: 0, NonImmediateOops: No
[2024-10-26T03:26:25.620+0530][1.011s][debug][gc,nmethod  ] Register NMethod: java.util.ArrayList$SubList.<init> (0x0000029cc253bb88) [0x0000029cc253bcc0, 0x0000029cc253bff8] Compiler: c1, Barriers: 6, Oops: 0, ImmediateOops: 0, NonImmediateOops: No
[2024-10-26T03:26:25.620+0530][1.011s][debug][gc,nmethod  ] Register NMethod: java.util.ArrayList$SubList.toArray (0x0000029cc253c088) [0x0000029cc253c220, 0x0000029cc253c9d8] Compiler: c1, Barriers: 7, Oops: 0, ImmediateOops: 0, NonImmediateOops: No
[2024-10-26T03:26:25.620+0530][1.011s][debug][gc,nmethod  ] Register NMethod: java.util.AbstractList.subListRangeCheck (0x0000029cc253ca08) [0x0000029cc253cd20, 0x0000029cc253dfc0] Compiler: c1, Barriers: 0, Oops: 5, ImmediateOops: 8, NonImmediateOops: No
[2024-10-26T03:26:25.620+0530][1.011s][debug][gc,nmethod  ] Register NMethod: jdk.internal.classfile.impl.AbstractPoolEntry$StringEntryImpl.<init> (0x0000029cc253e088) [0x0000029cc253e1a0, 0x0000029cc253e2f0] Compiler: c1, Barriers: 0, Oops: 0, ImmediateOops: 0, NonImmediateOops: No
[2024-10-26T03:26:25.620+0530][1.011s][debug][gc,nmethod  ] Register NMethod: java.util.TreeMap.compare (0x0000029cc253e388) [0x0000029cc253e4e0, 0x0000029cc253e910] Compiler: c1, Barriers: 1, Oops: 0, ImmediateOops: 0, NonImmediateOops: No
[2024-10-26T03:26:25.620+0530][1.011s][debug][gc,nmethod  ] Register NMethod: java.util.TreeMap.<init> (0x0000029cc253e988) [0x0000029cc253eac0, 0x0000029cc253ed18] Compiler: c1, Barriers: 3, Oops: 0, ImmediateOops: 0, NonImmediateOops: No
[2024-10-26T03:26:25.621+0530][1.011s][debug][gc,nmethod  ] Register NMethod: java.lang.AbstractStringBuilder.<init> (0x0000029cc253ed88) [0x0000029cc253ef00, 0x0000029cc253f5a8] Compiler: c1, Barriers: 4, Oops: 0, ImmediateOops: 0, NonImmediateOops: No
[2024-10-26T03:26:25.621+0530][1.012s][debug][gc,nmethod  ] Register NMethod: java.lang.PublicMethods$MethodList.merge (0x0000029cc253f608) [0x0000029cc253f840, 0x0000029cc2540508] Compiler: c1, Barriers: 25, Oops: 0, ImmediateOops: 0, NonImmediateOops: No
[2024-10-26T03:26:25.621+0530][1.012s][debug][gc,nmethod  ] Register NMethod: java.lang.classfile.CodeBuilder.dup_x1 (0x0000029cc2540588) [0x0000029cc2540700, 0x0000029cc2540d68] Compiler: c1, Barriers: 3, Oops: 1, ImmediateOops: 3, NonImmediateOops: No
[2024-10-26T03:26:25.621+0530][1.012s][debug][gc,nmethod  ] Register NMethod: java.lang.classfile.attribute.StackMapTableAttribute.of (0x0000029cc2540e08) [0x0000029cc2540f60, 0x0000029cc2541418] Compiler: c1, Barriers: 6, Oops: 1, ImmediateOops: 1, NonImmediateOops: No
[2024-10-26T03:26:25.621+0530][1.012s][debug][gc,nmethod  ] Register NMethod: jdk.internal.classfile.impl.UnboundAttribute$UnboundStackMapTableAttribute.<init> (0x0000029cc2541488) [0x0000029cc25415e0, 0x0000029cc25419e8] Compiler: c1, Barriers: 6, Oops: 1, ImmediateOops: 1, NonImmediateOops: No
[2024-10-26T03:26:25.622+0530][1.012s][debug][gc,nmethod  ] Register NMethod: java.lang.classfile.CodeBuilder.swap (0x0000029cc2541a88) [0x0000029cc2541c00, 0x0000029cc2542268] Compiler: c1, Barriers: 3, Oops: 1, ImmediateOops: 3, NonImmediateOops: No
[2024-10-26T03:26:25.622+0530][1.012s][debug][gc,nmethod  ] Register NMethod: jdk.internal.classfile.impl.UnboundAttribute.writeTo (0x0000029cc2542308) [0x0000029cc2542460, 0x0000029cc25427d0] Compiler: c1, Barriers: 3, Oops: 0, ImmediateOops: 0, NonImmediateOops: No
[2024-10-26T03:26:25.622+0530][1.012s][debug][gc,nmethod  ] Register NMethod: java.util.TreeMap.addEntryToEmptyMap (0x0000029cc2542808) [0x0000029cc2542980, 0x0000029cc25430c0] Compiler: c1, Barriers: 10, Oops: 0, ImmediateOops: 0, NonImmediateOops: No
[2024-10-26T03:26:25.622+0530][1.012s][debug][gc,nmethod  ] Register NMethod: java.util.TreeMap.entrySet (0x0000029cc2543108) [0x0000029cc2543260, 0x0000029cc25436a8] Compiler: c1, Barriers: 7, Oops: 0, ImmediateOops: 0, NonImmediateOops: No
[2024-10-26T03:26:25.622+0530][1.012s][debug][gc,nmethod  ] Register NMethod: java.util.TreeMap$EntrySet.<init> (0x0000029cc2543708) [0x0000029cc2543840, 0x0000029cc2543ad8] Compiler: c1, Barriers: 3, Oops: 0, ImmediateOops: 0, NonImmediateOops: No
[2024-10-26T03:26:25.622+0530][1.013s][debug][gc,nmethod  ] Register NMethod: jdk.internal.classfile.impl.AbstractAttributeMapper$StackMapTableMapper.writeAttribute (0x0000029cc2543b08) [0x0000029cc2543c40, 0x0000029cc2543e68] Compiler: c1, Barriers: 0, Oops: 0, ImmediateOops: 0, NonImmediateOops: No
[2024-10-26T03:26:25.622+0530][1.013s][debug][gc,nmethod  ] Register NMethod: java.util.TreeMap$EntrySet.iterator (0x0000029cc2543e88) [0x0000029cc2544000, 0x0000029cc25445c8] Compiler: c1, Barriers: 12, Oops: 0, ImmediateOops: 0, NonImmediateOops: No
[2024-10-26T03:26:25.622+0530][1.013s][debug][gc,nmethod  ] Register NMethod: java.util.TreeMap$EntryIterator.<init> (0x0000029cc2544608) [0x0000029cc2544740, 0x0000029cc2544a80] Compiler: c1, Barriers: 9, Oops: 0, ImmediateOops: 0, NonImmediateOops: No
[2024-10-26T03:26:25.622+0530][1.013s][debug][gc,nmethod  ] Register NMethod: java.util.TreeMap$PrivateEntryIterator.<init> (0x0000029cc2544b08) [0x0000029cc2544c40, 0x0000029cc2544f20] Compiler: c1, Barriers: 9, Oops: 0, ImmediateOops: 0, NonImmediateOops: No
[2024-10-26T03:26:25.622+0530][1.013s][debug][gc,nmethod  ] Register NMethod: jdk.internal.classfile.impl.AbstractAttributeMapper$StackMapTableMapper.writeBody (0x0000029cc2544f88) [0x0000029cc25450c0, 0x0000029cc2545420] Compiler: c1, Barriers: 0, Oops: 0, ImmediateOops: 0, NonImmediateOops: No
[2024-10-26T03:26:25.622+0530][1.013s][debug][gc,nmethod  ] Register NMethod: jdk.internal.classfile.impl.AbstractAttributeMapper$StackMapTableMapper.writeBody (0x0000029cc2545488) [0x0000029cc25455c0, 0x0000029cc25457d8] Compiler: c1, Barriers: 0, Oops: 0, ImmediateOops: 0, NonImmediateOops: No
[2024-10-26T03:26:25.623+0530][1.013s][debug][gc,nmethod  ] Register NMethod: jdk.internal.classfile.impl.StackMapDecoder.writeFrames (0x0000029cc2545808) [0x0000029cc2545b60, 0x0000029cc25476f8] Compiler: c1, Barriers: 6, Oops: 0, ImmediateOops: 1, NonImmediateOops: No
[2024-10-26T03:26:25.623+0530][1.013s][debug][gc,nmethod  ] Register NMethod: org.springframework.util.Assert.state (0x0000029cc2547808) [0x0000029cc2547940, 0x0000029cc2547b20] Compiler: c1, Barriers: 0, Oops: 1, ImmediateOops: 0, NonImmediateOops: No
[2024-10-26T03:26:25.623+0530][1.014s][debug][gc,nmethod  ] Register NMethod: java.util.ArrayList.indexOf (0x0000029cc2547b88) [0x0000029cc2547ca0, 0x0000029cc2547e00] Compiler: c1, Barriers: 0, Oops: 0, ImmediateOops: 0, NonImmediateOops: No
[2024-10-26T03:26:25.624+0530][1.014s][debug][gc,nmethod  ] Register NMethod: java.util.ArrayList.contains (0x0000029cc2547e88) [0x0000029cc2547fc0, 0x0000029cc25481e0] Compiler: c1, Barriers: 0, Oops: 0, ImmediateOops: 0, NonImmediateOops: No
[2024-10-26T03:26:25.624+0530][1.014s][debug][gc,nmethod  ] Register NMethod: jdk.internal.classfile.impl.StackMapDecoder.initFrameLocals (0x0000029cc2548208) [0x0000029cc2548740, 0x0000029cc254bb78] Compiler: c1, Barriers: 37, Oops: 3, ImmediateOops: 11, NonImmediateOops: No
[2024-10-26T03:26:25.624+0530][1.015s][debug][gc,nmethod  ] Register NMethod: org.springframework.core.annotation.AttributeMethods.size (0x0000029cc254bd08) [0x0000029cc254be20, 0x0000029cc254bf60] Compiler: c1, Barriers: 1, Oops: 1, ImmediateOops: 0, NonImmediateOops: No
[2024-10-26T03:26:25.624+0530][1.015s][debug][gc,nmethod  ] Register NMethod: org.springframework.core.annotation.AttributeMethods.get (0x0000029cc254c008) [0x0000029cc254c120, 0x0000029cc254c2b8] Compiler: c1, Barriers: 2, Oops: 1, ImmediateOops: 0, NonImmediateOops: No
[2024-10-26T03:26:25.624+0530][1.015s][debug][gc,nmethod  ] Register NMethod: java.lang.reflect.Method.equals (0x0000029cc254c308) [0x0000029cc254c480, 0x0000029cc254cc50] Compiler: c1, Barriers: 8, Oops: 0, ImmediateOops: 0, NonImmediateOops: No
[2024-10-26T03:26:25.624+0530][1.015s][debug][gc,nmethod  ] Register NMethod: java.util.ArrayList.indexOfRange (0x0000029cc254cc88) [0x0000029cc254ce00, 0x0000029cc254d318] Compiler: c1, Barriers: 3, Oops: 0, ImmediateOops: 0, NonImmediateOops: No
[2024-10-26T03:26:25.624+0530][1.015s][debug][gc,nmethod  ] Register NMethod: jdk.internal.reflect.ReflectionFactory.getExecutableSharedParameterTypes (0x0000029cc254d388) [0x0000029cc254d4c0, 0x0000029cc254d768] Compiler: c1, Barriers: 1, Oops: 0, ImmediateOops: 0, NonImmediateOops: No
[2024-10-26T03:26:25.625+0530][1.015s][debug][gc,nmethod  ] Register NMethod: java.lang.reflect.ReflectAccess.getExecutableSharedParameterTypes (0x0000029cc254d808) [0x0000029cc254d920, 0x0000029cc254daf8] Compiler: c1, Barriers: 0, Oops: 0, ImmediateOops: 0, NonImmediateOops: No
[2024-10-26T03:26:25.625+0530][1.016s][debug][gc,nmethod  ] Register NMethod: java.util.ImmutableCollections$List12.size (0x0000029cc9ce3808) [0x0000029cc9ce3900, 0x0000029cc9ce39f0] Compiler: c2, Barriers: 1, Oops: 0, ImmediateOops: 1, NonImmediateOops: No
[2024-10-26T03:26:25.626+0530][1.016s][debug][gc,nmethod  ] Register NMethod: jdk.internal.classfile.impl.ClassReaderImpl.checkType (0x0000029cc9ce3b08) [0x0000029cc9ce3c20, 0x0000029cc9ce3dd0] Compiler: c2, Barriers: 0, Oops: 0, ImmediateOops: 0, NonImmediateOops: No
[2024-10-26T03:26:25.626+0530][1.017s][debug][gc,nmethod  ] Register NMethod: java.util.List.of (0x0000029cc254db08) [0x0000029cc254dca0, 0x0000029cc254e358] Compiler: c1, Barriers: 6, Oops: 0, ImmediateOops: 0, NonImmediateOops: No
[2024-10-26T03:26:25.628+0530][1.018s][debug][gc,director ] Rule Major: Warmup 10%, Used: 134MB, UsedThreshold: 204MB
[2024-10-26T03:26:25.628+0530][1.018s][debug][gc,director ] Rule Minor: High Usage, Free: 1874MB(91.5%)
[2024-10-26T03:26:25.628+0530][1.019s][debug][gc,nmethod  ] Register NMethod: jdk.internal.constant.MethodTypeDescImpl.ofTrusted (0x0000029cc254e408) [0x0000029cc254e640, 0x0000029cc254f588] Compiler: c1, Barriers: 15, Oops: 2, ImmediateOops: 4, NonImmediateOops: No
[2024-10-26T03:26:25.629+0530][1.020s][debug][gc,nmethod  ] Register NMethod: org.springframework.util.ConcurrentReferenceHashMap$SoftEntryReference.<init> (0x0000029cc254f688) [0x0000029cc254f7e0, 0x0000029cc254fbc8] Compiler: c1, Barriers: 9, Oops: 1, ImmediateOops: 2, NonImmediateOops: No
[2024-10-26T03:26:25.629+0530][1.020s][debug][gc,nmethod  ] Register NMethod: org.springframework.util.ConcurrentReferenceHashMap$ReferenceManager.createReference (0x0000029cc254fc08) [0x0000029cc254fda0, 0x0000029cc2550420] Compiler: c1, Barriers: 13, Oops: 1, ImmediateOops: 3, NonImmediateOops: No
[2024-10-26T03:26:25.629+0530][1.020s][debug][gc,nmethod  ] Register NMethod: jdk.internal.classfile.impl.UnboundAttribute$UnboundExceptionsAttribute.<init> (0x0000029cc2550488) [0x0000029cc25505e0, 0x0000029cc25509e8] Compiler: c1, Barriers: 6, Oops: 1, ImmediateOops: 1, NonImmediateOops: No
[2024-10-26T03:26:25.630+0530][1.020s][debug][gc,nmethod  ] Register NMethod: jdk.internal.classfile.impl.UnboundAttribute.writeTo (0x0000029cc2550a88) [0x0000029cc2550be0, 0x0000029cc2550f50] Compiler: c1, Barriers: 3, Oops: 0, ImmediateOops: 0, NonImmediateOops: No
[2024-10-26T03:26:25.630+0530][1.020s][debug][gc,nmethod  ] Register NMethod: java.lang.classfile.attribute.ExceptionsAttribute.of (0x0000029cc2550f88) [0x0000029cc25510e0, 0x0000029cc2551598] Compiler: c1, Barriers: 6, Oops: 1, ImmediateOops: 1, NonImmediateOops: No
[2024-10-26T03:26:25.630+0530][1.020s][debug][gc,nmethod  ] Register NMethod: java.lang.reflect.ProxyGenerator.toClassEntries (0x0000029cc2551608) [0x0000029cc25518e0, 0x0000029cc2552ce0] Compiler: c1, Barriers: 8, Oops: 2, ImmediateOops: 3, NonImmediateOops: No
[2024-10-26T03:26:25.630+0530][1.021s][debug][gc,nmethod  ] Register NMethod: java.lang.classfile.CodeBuilder.invokestatic (0x0000029cc2552d88) [0x0000029cc2552ea0, 0x0000029cc2553078] Compiler: c1, Barriers: 0, Oops: 0, ImmediateOops: 1, NonImmediateOops: No
[2024-10-26T03:26:25.630+0530][1.021s][debug][gc,nmethod  ] Register NMethod: java.lang.reflect.ProxyGenerator$ProxyMethod.codeClassForName (0x0000029cc2553088) [0x0000029cc2553220, 0x0000029cc25537f8] Compiler: c1, Barriers: 3, Oops: 0, ImmediateOops: 0, NonImmediateOops: No
[2024-10-26T03:26:25.630+0530][1.021s][debug][gc,nmethod  ] Register NMethod: java.lang.classfile.instruction.NewReferenceArrayInstruction.of (0x0000029cc2553888) [0x0000029cc25539e0, 0x0000029cc2553e28] Compiler: c1, Barriers: 6, Oops: 1, ImmediateOops: 2, NonImmediateOops: No
[2024-10-26T03:26:25.630+0530][1.021s][debug][gc,nmethod  ] Register NMethod: jdk.internal.classfile.impl.AbstractInstruction$UnboundNewReferenceArrayInstruction.<init> (0x0000029cc2553e88) [0x0000029cc2553fe0, 0x0000029cc2554378] Compiler: c1, Barriers: 6, Oops: 1, ImmediateOops: 2, NonImmediateOops: No
[2024-10-26T03:26:25.630+0530][1.021s][debug][gc,nmethod  ] Register NMethod: java.lang.classfile.CodeBuilder.anewarray (0x0000029cc2554408) [0x0000029cc2554580, 0x0000029cc2554bf0] Compiler: c1, Barriers: 6, Oops: 1, ImmediateOops: 2, NonImmediateOops: No
[2024-10-26T03:26:25.630+0530][1.021s][debug][gc,nmethod  ] Register NMethod: jdk.internal.classfile.impl.AbstractInstruction$UnboundNewReferenceArrayInstruction.writeTo (0x0000029cc2554c88) [0x0000029cc2554de0, 0x0000029cc25550b8] Compiler: c1, Barriers: 2, Oops: 0, ImmediateOops: 1, NonImmediateOops: No
[2024-10-26T03:26:25.630+0530][1.021s][debug][gc,nmethod  ] Register NMethod: jdk.internal.classfile.impl.DirectCodeBuilder.writeNewReferenceArray (0x0000029cc2555108) [0x0000029cc2555240, 0x0000029cc2555468] Compiler: c1, Barriers: 1, Oops: 0, ImmediateOops: 1, NonImmediateOops: No
[2024-10-26T03:26:25.630+0530][1.021s][debug][gc,nmethod  ] Register NMethod: jdk.internal.classfile.impl.AbstractAttributeMapper$ExceptionsMapper.writeAttribute (0x0000029cc2555508) [0x0000029cc2555640, 0x0000029cc2555868] Compiler: c1, Barriers: 0, Oops: 0, ImmediateOops: 0, NonImmediateOops: No
[2024-10-26T03:26:25.630+0530][1.021s][debug][gc,nmethod  ] Register NMethod: jdk.internal.classfile.impl.AbstractAttributeMapper$ExceptionsMapper.writeBody (0x0000029cc2555888) [0x0000029cc25559e0, 0x0000029cc2555d70] Compiler: c1, Barriers: 1, Oops: 0, ImmediateOops: 0, NonImmediateOops: No
[2024-10-26T03:26:25.630+0530][1.021s][debug][gc,nmethod  ] Register NMethod: jdk.internal.classfile.impl.AbstractAttributeMapper$ExceptionsMapper.writeBody (0x0000029cc2555e08) [0x0000029cc2555f40, 0x0000029cc2556180] Compiler: c1, Barriers: 1, Oops: 0, ImmediateOops: 0, NonImmediateOops: No
[2024-10-26T03:26:25.633+0530][1.023s][debug][gc,nmethod  ] Register NMethod: java.lang.Class.getEnumConstantsShared (0x0000029cc2556208) [0x0000029cc2556520, 0x0000029cc2557aa8] Compiler: c1, Barriers: 12, Oops: 1, ImmediateOops: 2, NonImmediateOops: No
[2024-10-26T03:26:25.633+0530][1.024s][debug][gc,nmethod  ] Register NMethod: java.lang.invoke.LambdaFormEditor$TransformKey.ival (0x0000029cc2557b88) [0x0000029cc2557ca0, 0x0000029cc2557da0] Compiler: c1, Barriers: 0, Oops: 0, ImmediateOops: 0, NonImmediateOops: No
[2024-10-26T03:26:25.633+0530][1.024s][debug][gc,nmethod  ] Register NMethod: jdk.internal.perf.PerfCounter.add (0x0000029cc9ce3e08) [0x0000029cc9ce3f40, 0x0000029cc9ce4360] Compiler: c2, Barriers: 3, Oops: 2, ImmediateOops: 0, NonImmediateOops: No
[2024-10-26T03:26:25.634+0530][1.025s][debug][gc,nmethod  ] Register NMethod: java.lang.reflect.Method.hashCode (0x0000029cc2557e88) [0x0000029cc2557fe0, 0x0000029cc2558318] Compiler: c1, Barriers: 3, Oops: 0, ImmediateOops: 0, NonImmediateOops: No
[2024-10-26T03:26:25.634+0530][1.025s][debug][gc,nmethod  ] Register NMethod: org.springframework.core.annotation.AnnotationTypeMapping.getAttributes (0x0000029cc9ce4408) [0x0000029cc9ce4520, 0x0000029cc9ce4618] Compiler: c1, Barriers: 1, Oops: 1, ImmediateOops: 0, NonImmediateOops: No
[2024-10-26T03:26:25.636+0530][1.027s][debug][gc,nmethod  ] Register NMethod: org.springframework.core.annotation.AnnotationTypeMapping.getAnnotationType (0x0000029cc9ce4708) [0x0000029cc9ce4820, 0x0000029cc9ce4918] Compiler: c1, Barriers: 1, Oops: 1, ImmediateOops: 0, NonImmediateOops: No
[2024-10-26T03:26:25.637+0530][1.028s][debug][gc,nmethod  ] Register NMethod: org.springframework.util.ConcurrentReferenceHashMap.put (0x0000029cc2558388) [0x0000029cc2558500, 0x0000029cc2558c08] Compiler: c1, Barriers: 12, Oops: 1, ImmediateOops: 2, NonImmediateOops: No
[2024-10-26T03:26:25.637+0530][1.028s][debug][gc,nmethod  ] Register NMethod: org.springframework.core.annotation.AttributeMethods.size (0x0000029cc9ce4a08) [0x0000029cc9ce4b00, 0x0000029cc9ce4bd0] Compiler: c2, Barriers: 1, Oops: 1, ImmediateOops: 0, NonImmediateOops: No
[2024-10-26T03:26:25.637+0530][1.028s][debug][gc,nmethod  ] Register NMethod: java.util.HashSet.isEmpty (0x0000029cc2558c88) [0x0000029cc2558da0, 0x0000029cc2559018] Compiler: c1, Barriers: 1, Oops: 0, ImmediateOops: 0, NonImmediateOops: No
[2024-10-26T03:26:25.638+0530][1.028s][debug][gc,director ] Rule Major: Warmup 10%, Used: 138MB, UsedThreshold: 204MB
[2024-10-26T03:26:25.638+0530][1.028s][debug][gc,director ] Rule Minor: High Usage, Free: 1870MB(91.3%)
[2024-10-26T03:26:25.638+0530][1.028s][debug][gc,nmethod  ] Register NMethod: sun.reflect.annotation.AnnotationParser.toArray (0x0000029cc2559088) [0x0000029cc25591c0, 0x0000029cc2559538] Compiler: c1, Barriers: 0, Oops: 0, ImmediateOops: 1, NonImmediateOops: No
[2024-10-26T03:26:25.638+0530][1.028s][debug][gc,nmethod  ] Register NMethod: java.lang.System$2.getEnumConstantsShared (0x0000029cc2559588) [0x0000029cc25596c0, 0x0000029cc25598d8] Compiler: c1, Barriers: 0, Oops: 0, ImmediateOops: 0, NonImmediateOops: No
[2024-10-26T03:26:25.638+0530][1.028s][debug][gc,nmethod  ] Register NMethod: jdk.internal.misc.Unsafe.getAndAddInt (0x0000029cc2559908) [0x0000029cc2559a40, 0x0000029cc2559c68] Compiler: c1, Barriers: 0, Oops: 0, ImmediateOops: 0, NonImmediateOops: No
[2024-10-26T03:26:25.638+0530][1.029s][debug][gc,nmethod  ] Register NMethod: org.springframework.core.annotation.AnnotationsScanner.getDeclaredAnnotations (0x0000029cc2559c88) [0x0000029cc2559f00, 0x0000029cc255b350] Compiler: c1, Barriers: 5, Oops: 6, ImmediateOops: 8, NonImmediateOops: No
[2024-10-26T03:26:25.638+0530][1.029s][debug][gc,nmethod  ] Register NMethod: org.springframework.core.annotation.AnnotationTypeMapping.getDistance (0x0000029cc9ce4d08) [0x0000029cc9ce4e20, 0x0000029cc9ce4ee8] Compiler: c1, Barriers: 0, Oops: 1, ImmediateOops: 0, NonImmediateOops: No
[2024-10-26T03:26:25.640+0530][1.031s][debug][gc,nmethod  ] Register NMethod: ch.qos.logback.classic.spi.LogbackServiceProvider.getLoggerFactory (0x0000029cc9ce5008) [0x0000029cc9ce5120, 0x0000029cc9ce5218] Compiler: c1, Barriers: 1, Oops: 1, ImmediateOops: 0, NonImmediateOops: No
[2024-10-26T03:26:25.642+0530][1.032s][debug][gc,nmethod  ] Register NMethod: java.net.URL.<init> (0x0000029cc9ce5308) [0x0000029cc9ce56a0, 0x0000029cc9ce8380] Compiler: c2, Barriers: 49, Oops: 4, ImmediateOops: 9, NonImmediateOops: No
[2024-10-26T03:26:25.642+0530][1.032s][debug][gc,nmethod  ] Register NMethod: java.util.LinkedHashMap.afterNodeInsertion (0x0000029cc9ce8508) [0x0000029cc9ce8620, 0x0000029cc9ce8750] Compiler: c2, Barriers: 1, Oops: 0, ImmediateOops: 0, NonImmediateOops: No
[2024-10-26T03:26:25.644+0530][1.035s][debug][gc,alloc    ] Mutator Allocation Rate: 137.5MB/s Predicted: 142.5MB/s, Avg: 131.1(+/-30.0)MB/s
[2024-10-26T03:26:25.644+0530][1.035s][debug][gc,director ] Rule Major: Warmup 10%, Used: 140MB, UsedThreshold: 204MB
[2024-10-26T03:26:25.644+0530][1.035s][debug][gc,director ] Rule Minor: High Usage, Free: 1868MB(91.2%)
[2024-10-26T03:26:25.646+0530][1.037s][debug][gc,nmethod  ] Register NMethod: java.util.HashMap.put (0x0000029cc9ce8808) [0x0000029cc9ce89e0, 0x0000029cc9ce9408] Compiler: c2, Barriers: 16, Oops: 1, ImmediateOops: 0, NonImmediateOops: No
[2024-10-26T03:26:25.648+0530][1.039s][debug][gc,nmethod  ] Register NMethod: java.util.Arrays.copyOf (0x0000029cc9ce9488) [0x0000029cc9ce95a0, 0x0000029cc9ce9988] Compiler: c2, Barriers: 0, Oops: 0, ImmediateOops: 0, NonImmediateOops: No
[2024-10-26T03:26:25.650+0530][1.040s][debug][gc,nmethod  ] Register NMethod: java.util.zip.Inflater.ensureOpen (0x0000029cc9ce9a08) [0x0000029cc9ce9b00, 0x0000029cc9ce9c00] Compiler: c2, Barriers: 1, Oops: 0, ImmediateOops: 0, NonImmediateOops: No
[2024-10-26T03:26:25.650+0530][1.041s][debug][gc,nmethod  ] Register NMethod: java.lang.ClassLoader.getClassLoadingLock (0x0000029cc9ce9d08) [0x0000029cc9ce9e20, 0x0000029cc9ce9fb0] Compiler: c2, Barriers: 1, Oops: 0, ImmediateOops: 0, NonImmediateOops: No
[2024-10-26T03:26:25.654+0530][1.044s][debug][gc,director ] Rule Major: Warmup 10%, Used: 142MB, UsedThreshold: 204MB
[2024-10-26T03:26:25.654+0530][1.044s][debug][gc,director ] Rule Minor: High Usage, Free: 1866MB(91.1%)
[2024-10-26T03:26:25.654+0530][1.044s][debug][gc,nmethod  ] Register NMethod: java.util.Objects.equals (0x0000029cc9cea008) [0x0000029cc9cea100, 0x0000029cc9cea1a8] Compiler: c2, Barriers: 0, Oops: 0, ImmediateOops: 0, NonImmediateOops: No
[2024-10-26T03:26:25.654+0530][1.045s][debug][gc,nmethod  ] Register NMethod: java.lang.reflect.Array.getLength (0x0000029cc9cea308) [0x0000029cc9cea420, 0x0000029cc9cea648] Compiler: , Barriers: 0, Oops: 0, ImmediateOops: 1, NonImmediateOops: No
[2024-10-26T03:26:25.657+0530][1.048s][debug][gc,nmethod  ] Register NMethod: java.lang.Short.<init> (0x0000029cc255b408) [0x0000029cc255b520, 0x0000029cc255b6e8] Compiler: c1, Barriers: 0, Oops: 0, ImmediateOops: 0, NonImmediateOops: No
[2024-10-26T03:26:25.665+0530][1.055s][debug][gc,director ] Rule Major: Warmup 10%, Used: 148MB, UsedThreshold: 204MB
[2024-10-26T03:26:25.665+0530][1.055s][debug][gc,director ] Rule Minor: High Usage, Free: 1860MB(90.8%)
[2024-10-26T03:26:25.671+0530][1.062s][debug][gc,nmethod  ] Register NMethod: java.lang.PublicMethods$MethodList.length (0x0000029cc255b708) [0x0000029cc255b840, 0x0000029cc255ba58] Compiler: c1, Barriers: 2, Oops: 0, ImmediateOops: 0, NonImmediateOops: No
[2024-10-26T03:26:25.671+0530][1.062s][debug][gc,nmethod  ] Register NMethod: java.lang.PublicMethods$Key.<init> (0x0000029cc255ba88) [0x0000029cc255bbe0, 0x0000029cc255bf98] Compiler: c1, Barriers: 8, Oops: 1, ImmediateOops: 2, NonImmediateOops: No
[2024-10-26T03:26:25.671+0530][1.062s][debug][gc,nmethod  ] Register NMethod: java.lang.PublicMethods.merge (0x0000029cc255c008) [0x0000029cc255c1e0, 0x0000029cc255cd30] Compiler: c1, Barriers: 14, Oops: 1, ImmediateOops: 2, NonImmediateOops: No
[2024-10-26T03:26:25.672+0530][1.062s][debug][gc,nmethod  ] Register NMethod: java.lang.StringLatin1.getChar (0x0000029cc255ce08) [0x0000029cc255cf20, 0x0000029cc255d040] Compiler: c1, Barriers: 0, Oops: 0, ImmediateOops: 0, NonImmediateOops: No
[2024-10-26T03:26:25.672+0530][1.063s][debug][gc,nmethod  ] Register NMethod: java.util.WeakHashMap.hash (0x0000029cc9cea688) [0x0000029cc9cea780, 0x0000029cc9cea8a8] Compiler: c2, Barriers: 0, Oops: 0, ImmediateOops: 0, NonImmediateOops: No
[2024-10-26T03:26:25.672+0530][1.063s][debug][gc,nmethod  ] Register NMethod: java.util.WeakHashMap.expungeStaleEntries (0x0000029cc9cea988) [0x0000029cc9ceaaa0, 0x0000029cc9ceac10] Compiler: c2, Barriers: 2, Oops: 0, ImmediateOops: 0, NonImmediateOops: No
[2024-10-26T03:26:25.673+0530][1.064s][debug][gc,nmethod  ] Register NMethod: java.lang.invoke.BoundMethodHandle$Species_L.copyWithExtendL (0x0000029cc255d108) [0x0000029cc255d280, 0x0000029cc255d860] Compiler: c1, Barriers: 2, Oops: 0, ImmediateOops: 2, NonImmediateOops: No
[2024-10-26T03:26:25.673+0530][1.064s][debug][gc,nmethod  ] Register NMethod: sun.reflect.generics.repository.AbstractRepository.getFactory (0x0000029cc9ceac88) [0x0000029cc9ceada0, 0x0000029cc9ceae98] Compiler: c1, Barriers: 1, Oops: 0, ImmediateOops: 0, NonImmediateOops: No
[2024-10-26T03:26:25.673+0530][1.064s][debug][gc,nmethod  ] Register NMethod: java.lang.invoke.Invokers$Holder.linkToTargetMethod (0x0000029cc255d888) [0x0000029cc255d9c0, 0x0000029cc255dcb0] Compiler: c1, Barriers: 0, Oops: 0, ImmediateOops: 0, NonImmediateOops: No
[2024-10-26T03:26:25.673+0530][1.064s][debug][gc,nmethod  ] Register NMethod: java.lang.invoke.DirectMethodHandle$Holder.newInvokeSpecial (0x0000029cc255dd08) [0x0000029cc255de80, 0x0000029cc255e578] Compiler: c1, Barriers: 2, Oops: 0, ImmediateOops: 1, NonImmediateOops: No
[2024-10-26T03:26:25.674+0530][1.065s][debug][gc,nmethod  ] Register NMethod: org.springframework.core.ResolvableType.asVariableResolver (0x0000029cc255e608) [0x0000029cc255e740, 0x0000029cc255ea48] Compiler: c1, Barriers: 3, Oops: 1, ImmediateOops: 1, NonImmediateOops: No
[2024-10-26T03:26:25.674+0530][1.065s][debug][gc,nmethod  ] Register NMethod: org.springframework.core.ResolvableType$DefaultVariableResolver.<init> (0x0000029cc255ea88) [0x0000029cc255eba0, 0x0000029cc255ed80] Compiler: c1, Barriers: 3, Oops: 1, ImmediateOops: 0, NonImmediateOops: No
[2024-10-26T03:26:25.674+0530][1.065s][debug][gc,nmethod  ] Register NMethod: java.lang.reflect.AccessibleObject.isAccessible (0x0000029cc9ceaf88) [0x0000029cc9ceb0a0, 0x0000029cc9ceb170] Compiler: c1, Barriers: 0, Oops: 0, ImmediateOops: 0, NonImmediateOops: No
[2024-10-26T03:26:25.675+0530][1.065s][debug][gc,nmethod  ] Register NMethod: java.util.EnumSet.<init> (0x0000029cc255ee08) [0x0000029cc255ef40, 0x0000029cc255f250] Compiler: c1, Barriers: 6, Oops: 0, ImmediateOops: 0, NonImmediateOops: No
[2024-10-26T03:26:25.675+0530][1.065s][debug][gc,nmethod  ] Register NMethod: java.util.EnumSet.getUniverse (0x0000029cc255f288) [0x0000029cc255f3c0, 0x0000029cc255f6f0] Compiler: c1, Barriers: 1, Oops: 0, ImmediateOops: 1, NonImmediateOops: No
[2024-10-26T03:26:25.675+0530][1.065s][debug][gc,nmethod  ] Register NMethod: java.util.RegularEnumSet.<init> (0x0000029cc255f788) [0x0000029cc255f8c0, 0x0000029cc255fc38] Compiler: c1, Barriers: 6, Oops: 0, ImmediateOops: 0, NonImmediateOops: No
[2024-10-26T03:26:25.675+0530][1.066s][debug][gc,nmethod  ] Register NMethod: java.util.EnumSet.noneOf (0x0000029cc255fc88) [0x0000029cc255ff00, 0x0000029cc2560d48] Compiler: c1, Barriers: 7, Oops: 1, ImmediateOops: 4, NonImmediateOops: No
[2024-10-26T03:26:25.676+0530][1.066s][debug][gc,director ] Rule Major: Warmup 10%, Used: 152MB, UsedThreshold: 204MB
[2024-10-26T03:26:25.676+0530][1.066s][debug][gc,director ] Rule Minor: High Usage, Free: 1856MB(90.6%)
[2024-10-26T03:26:25.676+0530][1.067s][debug][gc,nmethod  ] Register NMethod: java.lang.invoke.MethodHandle.invokeBasic (0x0000029cc9ceb288) [0x0000029cc9ceb3a0, 0x0000029cc9ceb690] Compiler: , Barriers: 0, Oops: 0, ImmediateOops: 0, NonImmediateOops: No
[2024-10-26T03:26:25.677+0530][1.068s][debug][gc,nmethod  ] Register NMethod: jdk.internal.org.objectweb.asm.ByteVector.put12 (0x0000029cc9ceb708) [0x0000029cc9ceb820, 0x0000029cc9ceba78] Compiler: c2, Barriers: 2, Oops: 0, ImmediateOops: 0, NonImmediateOops: No
[2024-10-26T03:26:25.678+0530][1.068s][debug][gc,nmethod  ] Register NMethod: sun.invoke.util.VerifyAccess.isModuleAccessible (0x0000029cc2560e08) [0x0000029cc2561060, 0x0000029cc2561cd0] Compiler: c1, Barriers: 1, Oops: 0, ImmediateOops: 0, NonImmediateOops: No
[2024-10-26T03:26:25.678+0530][1.068s][debug][gc,nmethod  ] Register NMethod: org.springframework.core.annotation.PackagesAnnotationFilter.matches (0x0000029cc2561d88) [0x0000029cc2561ee0, 0x0000029cc2562230] Compiler: c1, Barriers: 2, Oops: 1, ImmediateOops: 0, NonImmediateOops: No
[2024-10-26T03:26:25.678+0530][1.068s][debug][gc,nmethod  ] Register NMethod: org.springframework.core.annotation.AnnotationFilter.matches (0x0000029cc2562288) [0x0000029cc25623c0, 0x0000029cc25626b8] Compiler: c1, Barriers: 1, Oops: 1, ImmediateOops: 0, NonImmediateOops: No
[2024-10-26T03:26:25.680+0530][1.070s][debug][gc,nmethod  ] Register NMethod: java.lang.invoke.MethodType.leadingReferenceParameter (0x0000029cc2562708) [0x0000029cc2562860, 0x0000029cc2562ba0] Compiler: c1, Barriers: 2, Oops: 1, ImmediateOops: 1, NonImmediateOops: No
[2024-10-26T03:26:25.680+0530][1.070s][debug][gc,nmethod  ] Register NMethod: java.lang.invoke.MethodHandle.bindArgumentL (0x0000029cc2562c08) [0x0000029cc2562da0, 0x0000029cc2563478] Compiler: c1, Barriers: 4, Oops: 0, ImmediateOops: 0, NonImmediateOops: No
[2024-10-26T03:26:25.680+0530][1.070s][debug][gc,nmethod  ] Register NMethod: java.lang.invoke.MethodHandle.bindTo (0x0000029cc2563508) [0x0000029cc25636a0, 0x0000029cc2563d50] Compiler: c1, Barriers: 3, Oops: 1, ImmediateOops: 1, NonImmediateOops: No
[2024-10-26T03:26:25.680+0530][1.071s][debug][gc,nmethod  ] Register NMethod: java.lang.invoke.InnerClassLambdaMetafactory.spinInnerClass (0x0000029cc2563e08) [0x0000029cc2563f80, 0x0000029cc2564480] Compiler: c1, Barriers: 8, Oops: 0, ImmediateOops: 0, NonImmediateOops: No
[2024-10-26T03:26:25.681+0530][1.071s][debug][gc,nmethod  ] Register NMethod: java.lang.invoke.LambdaProxyClassArchive.loadedByBuiltinLoader (0x0000029cc2564508) [0x0000029cc2564640, 0x0000029cc2564a30] Compiler: c1, Barriers: 1, Oops: 0, ImmediateOops: 0, NonImmediateOops: No
[2024-10-26T03:26:25.681+0530][1.071s][debug][gc,nmethod  ] Register NMethod: java.lang.invoke.MethodHandles$Lookup.getDirectConstructor (0x0000029cc2564a88) [0x0000029cc2564ba0, 0x0000029cc2564ce0] Compiler: c1, Barriers: 0, Oops: 0, ImmediateOops: 0, NonImmediateOops: No
[2024-10-26T03:26:25.681+0530][1.071s][debug][gc,nmethod  ] Register NMethod: java.lang.invoke.LambdaProxyClassArchive.find (0x0000029cc2564d88) [0x0000029cc2564f20, 0x0000029cc2565660] Compiler: c1, Barriers: 1, Oops: 0, ImmediateOops: 0, NonImmediateOops: No
[2024-10-26T03:26:25.681+0530][1.071s][debug][gc,nmethod  ] Register NMethod: java.lang.invoke.MethodHandles$Lookup.findConstructor (0x0000029cc2565708) [0x0000029cc2565900, 0x0000029cc2566150] Compiler: c1, Barriers: 1, Oops: 1, ImmediateOops: 3, NonImmediateOops: No
[2024-10-26T03:26:25.681+0530][1.072s][debug][gc,nmethod  ] Register NMethod: java.lang.invoke.LambdaForm$DMH/0x000002a0d4094000.invokeStatic (0x0000029cc2566208) [0x0000029cc2566340, 0x0000029cc2566790] Compiler: c1, Barriers: 0, Oops: 2, ImmediateOops: 3, NonImmediateOops: No
[2024-10-26T03:26:25.681+0530][1.072s][debug][gc,nmethod  ] Register NMethod: java.lang.invoke.AbstractValidatingLambdaMetafactory.checkDescriptor (0x0000029cc2566808) [0x0000029cc2566c00, 0x0000029cc25691b0] Compiler: c1, Barriers: 37, Oops: 3, ImmediateOops: 7, NonImmediateOops: No
[2024-10-26T03:26:25.682+0530][1.073s][debug][gc,nmethod  ] Register NMethod: java.lang.invoke.InnerClassLambdaMetafactory.buildCallSite (0x0000029cc2569288) [0x0000029cc2569640, 0x0000029cc256b440] Compiler: c1, Barriers: 26, Oops: 2, ImmediateOops: 8, NonImmediateOops: No
[2024-10-26T03:26:25.682+0530][1.073s][debug][gc,nmethod  ] Register NMethod: sun.invoke.util.VerifyAccess$1.<init> (0x0000029cc256b508) [0x0000029cc256b640, 0x0000029cc256b898] Compiler: c1, Barriers: 6, Oops: 0, ImmediateOops: 0, NonImmediateOops: No
[2024-10-26T03:26:25.682+0530][1.073s][debug][gc,nmethod  ] Register NMethod: sun.invoke.util.VerifyAccess$1.run (0x0000029cc256b908) [0x0000029cc256ba40, 0x0000029cc256bc40] Compiler: c1, Barriers: 2, Oops: 0, ImmediateOops: 0, NonImmediateOops: No
[2024-10-26T03:26:25.682+0530][1.073s][debug][gc,nmethod  ] Register NMethod: sun.invoke.util.VerifyAccess$1.run (0x0000029cc256bc88) [0x0000029cc256bdc0, 0x0000029cc256c038] Compiler: c1, Barriers: 2, Oops: 0, ImmediateOops: 0, NonImmediateOops: No
[2024-10-26T03:26:25.683+0530][1.073s][debug][gc,nmethod  ] Register NMethod: java.lang.invoke.DirectMethodHandle$Holder.newInvokeSpecial (0x0000029cc256c088) [0x0000029cc256c200, 0x0000029cc256c8f0] Compiler: c1, Barriers: 2, Oops: 0, ImmediateOops: 1, NonImmediateOops: No
[2024-10-26T03:26:25.684+0530][1.074s][debug][gc,nmethod  ] Register NMethod: java.util.ArrayList.add (0x0000029cc256c988) [0x0000029cc256cae0, 0x0000029cc256cf30] Compiler: c1, Barriers: 4, Oops: 0, ImmediateOops: 0, NonImmediateOops: No
[2024-10-26T03:26:25.685+0530][1.076s][debug][gc,nmethod  ] Register NMethod: java.lang.invoke.MethodHandle.linkToStatic (0x0000029cc9ceba88) [0x0000029cc9cebb80, 0x0000029cc9cebc90] Compiler: , Barriers: 0, Oops: 0, ImmediateOops: 0, NonImmediateOops: No
[2024-10-26T03:26:25.686+0530][1.076s][debug][gc,director ] Rule Major: Warmup 10%, Used: 154MB, UsedThreshold: 204MB
[2024-10-26T03:26:25.686+0530][1.076s][debug][gc,director ] Rule Minor: High Usage, Free: 1854MB(90.5%)
[2024-10-26T03:26:25.686+0530][1.076s][debug][gc,nmethod  ] Register NMethod: java.lang.invoke.MemberName.getFactory (0x0000029cc256cf88) [0x0000029cc256d0a0, 0x0000029cc256d198] Compiler: c1, Barriers: 0, Oops: 0, ImmediateOops: 1, NonImmediateOops: No
[2024-10-26T03:26:25.686+0530][1.077s][debug][gc,nmethod  ] Register NMethod: org.springframework.core.annotation.AnnotationTypeMappings.size (0x0000029cc256d288) [0x0000029cc256d3c0, 0x0000029cc256d5d0] Compiler: c1, Barriers: 1, Oops: 1, ImmediateOops: 0, NonImmediateOops: No
[2024-10-26T03:26:25.686+0530][1.077s][debug][gc,nmethod  ] Register NMethod: org.springframework.core.annotation.AnnotationTypeMappings.get (0x0000029cc256d608) [0x0000029cc256d740, 0x0000029cc256da20] Compiler: c1, Barriers: 1, Oops: 1, ImmediateOops: 0, NonImmediateOops: No
[2024-10-26T03:26:25.686+0530][1.077s][debug][gc,nmethod  ] Register NMethod: java.lang.ClassLoader.createOrGetClassLoaderValueMap (0x0000029cc256da88) [0x0000029cc256dbe0, 0x0000029cc256dfa8] Compiler: c1, Barriers: 2, Oops: 0, ImmediateOops: 1, NonImmediateOops: No
[2024-10-26T03:26:25.686+0530][1.077s][debug][gc,nmethod  ] Register NMethod: java.lang.invoke.DelegatingMethodHandle.chooseDelegatingForm (0x0000029cc256e008) [0x0000029cc256e140, 0x0000029cc256e470] Compiler: c1, Barriers: 1, Oops: 0, ImmediateOops: 2, NonImmediateOops: No
[2024-10-26T03:26:25.686+0530][1.077s][debug][gc,nmethod  ] Register NMethod: java.lang.invoke.DelegatingMethodHandle.<init> (0x0000029cc256e508) [0x0000029cc256e660, 0x0000029cc256ea38] Compiler: c1, Barriers: 1, Oops: 0, ImmediateOops: 2, NonImmediateOops: No
[2024-10-26T03:26:25.687+0530][1.077s][debug][gc,nmethod  ] Register NMethod: java.lang.invoke.MethodHandle.linkToInterface (0x0000029cc9cebd88) [0x0000029cc9cebe80, 0x0000029cc9cebfe0] Compiler: , Barriers: 0, Oops: 0, ImmediateOops: 0, NonImmediateOops: No
[2024-10-26T03:26:25.687+0530][1.078s][debug][gc,nmethod  ] Register NMethod: java.lang.invoke.DirectMethodHandle$Holder.newInvokeSpecial (0x0000029cc256ea88) [0x0000029cc256ec00, 0x0000029cc256f3c0] Compiler: c1, Barriers: 2, Oops: 0, ImmediateOops: 1, NonImmediateOops: No
[2024-10-26T03:26:25.687+0530][1.078s][debug][gc,nmethod  ] Register NMethod: org.springframework.core.annotation.AnnotationTypeMapping.getMirrorSets (0x0000029cc9cec088) [0x0000029cc9cec1a0, 0x0000029cc9cec298] Compiler: c1, Barriers: 1, Oops: 1, ImmediateOops: 0, NonImmediateOops: No
[2024-10-26T03:26:25.687+0530][1.078s][debug][gc,alloc    ] Mutator Allocation Rate: 147.3MB/s Predicted: 147.8MB/s, Avg: 133.1(+/-28.6)MB/s
[2024-10-26T03:26:25.687+0530][1.078s][debug][gc,director ] Rule Major: Warmup 10%, Used: 156MB, UsedThreshold: 204MB
[2024-10-26T03:26:25.687+0530][1.078s][debug][gc,director ] Rule Minor: High Usage, Free: 1852MB(90.4%)
[2024-10-26T03:26:25.687+0530][1.078s][debug][gc,nmethod  ] Register NMethod: org.springframework.core.annotation.TypeMappedAnnotations.isMappingForType (0x0000029cc256f408) [0x0000029cc256f580, 0x0000029cc256f9c8] Compiler: c1, Barriers: 2, Oops: 1, ImmediateOops: 0, NonImmediateOops: No
[2024-10-26T03:26:25.687+0530][1.078s][debug][gc,nmethod  ] Register NMethod: java.lang.invoke.MemberName.equals (0x0000029cc256fa08) [0x0000029cc256fc20, 0x0000029cc25707b0] Compiler: c1, Barriers: 4, Oops: 0, ImmediateOops: 0, NonImmediateOops: No
[2024-10-26T03:26:25.688+0530][1.078s][debug][gc,nmethod  ] Register NMethod: java.lang.reflect.Constructor.getParameterTypes (0x0000029cc2570808) [0x0000029cc2570940, 0x0000029cc2570c60] Compiler: c1, Barriers: 1, Oops: 0, ImmediateOops: 0, NonImmediateOops: No
[2024-10-26T03:26:25.688+0530][1.078s][debug][gc,nmethod  ] Register NMethod: java.lang.Class.newReflectionData (0x0000029cc2570c88) [0x0000029cc2570e40, 0x0000029cc2571750] Compiler: c1, Barriers: 7, Oops: 0, ImmediateOops: 2, NonImmediateOops: No
[2024-10-26T03:26:25.689+0530][1.080s][debug][gc,nmethod  ] Register NMethod: java.lang.invoke.MethodHandle.linkToVirtual (0x0000029cc9cec388) [0x0000029cc9cec480, 0x0000029cc9cec4b0] Compiler: , Barriers: 0, Oops: 0, ImmediateOops: 0, NonImmediateOops: No
[2024-10-26T03:26:25.689+0530][1.080s][debug][gc,nmethod  ] Register NMethod: jdk.internal.org.objectweb.asm.MethodWriter.visitFrameStart (0x0000029cc2571808) [0x0000029cc2571940, 0x0000029cc2571cb8] Compiler: c1, Barriers: 5, Oops: 0, ImmediateOops: 0, NonImmediateOops: No
[2024-10-26T03:26:25.689+0530][1.080s][debug][gc,nmethod  ] Register NMethod: jdk.internal.org.objectweb.asm.MethodWriter.visitFrameEnd (0x0000029cc2571d08) [0x0000029cc2571e80, 0x0000029cc2572498] Compiler: c1, Barriers: 15, Oops: 0, ImmediateOops: 0, NonImmediateOops: No
[2024-10-26T03:26:25.690+0530][1.080s][debug][gc,nmethod  ] Register NMethod: java.util.ArrayDeque.addFirst (0x0000029cc2572508) [0x0000029cc2572660, 0x0000029cc2572b30] Compiler: c1, Barriers: 4, Oops: 0, ImmediateOops: 0, NonImmediateOops: No
[2024-10-26T03:26:25.692+0530][1.082s][debug][gc,nmethod  ] Register NMethod: java.util.LinkedHashMap.keySet (0x0000029cc2572b88) [0x0000029cc2572ca0, 0x0000029cc2572e60] Compiler: c1, Barriers: 0, Oops: 0, ImmediateOops: 0, NonImmediateOops: No
[2024-10-26T03:26:25.693+0530][1.083s][debug][gc,nmethod  ] Register NMethod: org.springframework.boot.loader.net.protocol.jar.Handler.extractPath (0x0000029cc2572e88) [0x0000029cc2573000, 0x0000029cc25734e8] Compiler: c1, Barriers: 2, Oops: 1, ImmediateOops: 1, NonImmediateOops: No
[2024-10-26T03:26:25.693+0530][1.083s][debug][gc,nmethod  ] Register NMethod: org.springframework.boot.loader.net.protocol.jar.Handler.parseURL (0x0000029cc2573588) [0x0000029cc2573740, 0x0000029cc2573dd8] Compiler: c1, Barriers: 1, Oops: 1, ImmediateOops: 4, NonImmediateOops: No
[2024-10-26T03:26:25.693+0530][1.084s][debug][gc,nmethod  ] Register NMethod: java.util.HashSet.contains (0x0000029cc9cec688) [0x0000029cc9cec820, 0x0000029cc9ced220] Compiler: c2, Barriers: 13, Oops: 0, ImmediateOops: 0, NonImmediateOops: No
[2024-10-26T03:26:25.694+0530][1.084s][debug][gc,nmethod  ] Register NMethod: java.net.URL.<init> (0x0000029cc2573e88) [0x0000029cc2574480, 0x0000029cc2577ca0] Compiler: c1, Barriers: 55, Oops: 4, ImmediateOops: 14, NonImmediateOops: No
[2024-10-26T03:26:25.694+0530][1.085s][debug][gc,nmethod  ] Register NMethod: java.lang.Class.getDeclaredConstructors0 (0x0000029cc9ced288) [0x0000029cc9ced3c0, 0x0000029cc9ced7e0] Compiler: , Barriers: 0, Oops: 0, ImmediateOops: 0, NonImmediateOops: No
[2024-10-26T03:26:25.697+0530][1.088s][debug][gc,nmethod  ] Register NMethod: java.util.regex.Pattern$Start.match (0x0000029cc9ced808) [0x0000029cc9ced9a0, 0x0000029cc9cee3d8] Compiler: c2, Barriers: 7, Oops: 1, ImmediateOops: 0, NonImmediateOops: No
[2024-10-26T03:26:25.698+0530][1.088s][debug][gc,nmethod  ] Register NMethod: java.lang.Enum.getDeclaringClass (0x0000029cc2577d88) [0x0000029cc2577ec0, 0x0000029cc25780c0] Compiler: c1, Barriers: 1, Oops: 0, ImmediateOops: 1, NonImmediateOops: No
[2024-10-26T03:26:25.698+0530][1.088s][debug][gc,director ] Rule Major: Warmup 10%, Used: 158MB, UsedThreshold: 204MB
[2024-10-26T03:26:25.698+0530][1.088s][debug][gc,director ] Rule Minor: High Usage, Free: 1850MB(90.3%)
[2024-10-26T03:26:25.698+0530][1.089s][debug][gc,nmethod  ] Register NMethod: java.util.LinkedHashMap.values (0x0000029cc2578108) [0x0000029cc2578220, 0x0000029cc25783e0] Compiler: c1, Barriers: 0, Oops: 0, ImmediateOops: 0, NonImmediateOops: No
[2024-10-26T03:26:25.698+0530][1.089s][debug][gc,nmethod  ] Register NMethod: sun.reflect.annotation.AnnotationParser.parseConst (0x0000029cc2578408) [0x0000029cc2578800, 0x0000029cc257a408] Compiler: c1, Barriers: 12, Oops: 1, ImmediateOops: 7, NonImmediateOops: No
[2024-10-26T03:26:25.698+0530][1.089s][debug][gc,nmethod  ] Register NMethod: java.util.logging.LogManager$LoggerContext.getOwner (0x0000029cc9cee488) [0x0000029cc9cee5a0, 0x0000029cc9cee698] Compiler: c1, Barriers: 1, Oops: 0, ImmediateOops: 0, NonImmediateOops: No
[2024-10-26T03:26:25.699+0530][1.089s][debug][gc,nmethod  ] Register NMethod: java.lang.invoke.MethodHandleNatives.init (0x0000029cc9cee788) [0x0000029cc9cee8a0, 0x0000029cc9ceeac8] Compiler: , Barriers: 0, Oops: 0, ImmediateOops: 1, NonImmediateOops: No
[2024-10-26T03:26:25.699+0530][1.090s][debug][gc,nmethod  ] Register NMethod: java.lang.reflect.Method.isVarArgs (0x0000029cc257a508) [0x0000029cc257a620, 0x0000029cc257a7f8] Compiler: c1, Barriers: 0, Oops: 0, ImmediateOops: 0, NonImmediateOops: No
[2024-10-26T03:26:25.699+0530][1.090s][debug][gc,nmethod  ] Register NMethod: jdk.internal.loader.AbstractClassLoaderValue.get (0x0000029cc257a888) [0x0000029cc257aa00, 0x0000029cc257b058] Compiler: c1, Barriers: 0, Oops: 0, ImmediateOops: 2, NonImmediateOops: No
[2024-10-26T03:26:25.700+0530][1.090s][debug][gc,nmethod  ] Register NMethod: jdk.internal.classfile.impl.BufWriterImpl.writeList (0x0000029cc257b108) [0x0000029cc257b2a0, 0x0000029cc257b9d8] Compiler: c1, Barriers: 0, Oops: 0, ImmediateOops: 0, NonImmediateOops: No
[2024-10-26T03:26:25.700+0530][1.090s][debug][gc,nmethod  ] Register NMethod: java.lang.invoke.DelegatingMethodHandle.whichKind (0x0000029cc257ba08) [0x0000029cc257bb40, 0x0000029cc257bd10] Compiler: c1, Barriers: 0, Oops: 0, ImmediateOops: 3, NonImmediateOops: No
[2024-10-26T03:26:25.700+0530][1.091s][debug][gc,nmethod  ] Register NMethod: jdk.internal.classfile.impl.StackCounter.of (0x0000029cc257bd88) [0x0000029cc257c0a0, 0x0000029cc257d6a8] Compiler: c1, Barriers: 17, Oops: 1, ImmediateOops: 2, NonImmediateOops: No
[2024-10-26T03:26:25.700+0530][1.091s][debug][gc,nmethod  ] Register NMethod: java.lang.invoke.DelegatingMethodHandle$Holder.reinvoke_L (0x0000029cc257d808) [0x0000029cc257d940, 0x0000029cc257dd98] Compiler: c1, Barriers: 1, Oops: 0, ImmediateOops: 0, NonImmediateOops: No
[2024-10-26T03:26:25.700+0530][1.091s][debug][gc,nmethod  ] Register NMethod: java.util.concurrent.atomic.AtomicInteger.incrementAndGet (0x0000029cc257de08) [0x0000029cc257df20, 0x0000029cc257e040] Compiler: c1, Barriers: 0, Oops: 0, ImmediateOops: 0, NonImmediateOops: No
[2024-10-26T03:26:25.701+0530][1.091s][debug][gc,nmethod  ] Register NMethod: java.lang.invoke.DelegatingMethodHandle.makeReinvokerForm (0x0000029cc257e108) [0x0000029cc257e480, 0x0000029cc2580570] Compiler: c1, Barriers: 38, Oops: 0, ImmediateOops: 3, NonImmediateOops: No
[2024-10-26T03:26:25.701+0530][1.092s][debug][gc,nmethod  ] Register NMethod: java.util.concurrent.ConcurrentHashMap$MapEntry.getKey (0x0000029cc9ceeb08) [0x0000029cc9ceec20, 0x0000029cc9ceed18] Compiler: c1, Barriers: 1, Oops: 0, ImmediateOops: 0, NonImmediateOops: No
[2024-10-26T03:26:25.702+0530][1.092s][debug][gc,nmethod  ] Register NMethod: java.util.concurrent.ConcurrentHashMap$MapEntry.getValue (0x0000029cc9ceee08) [0x0000029cc9ceef20, 0x0000029cc9cef018] Compiler: c1, Barriers: 1, Oops: 0, ImmediateOops: 0, NonImmediateOops: No
[2024-10-26T03:26:25.702+0530][1.092s][debug][gc,nmethod  ] Register NMethod: java.util.EnumSet.of (0x0000029cc2580688) [0x0000029cc2580820, 0x0000029cc2580cd0] Compiler: c1, Barriers: 2, Oops: 0, ImmediateOops: 1, NonImmediateOops: No
[2024-10-26T03:26:25.702+0530][1.092s][debug][gc,nmethod  ] Register NMethod: java.lang.invoke.LambdaForm$MH/0x000002a0d40bd000.linkToTargetMethod (0x0000029cc2580d08) [0x0000029cc2580e40, 0x0000029cc2581278] Compiler: c1, Barriers: 0, Oops: 1, ImmediateOops: 0, NonImmediateOops: No
[2024-10-26T03:26:25.702+0530][1.093s][debug][gc,nmethod  ] Register NMethod: org.springframework.util.ConcurrentReferenceHashMap$Segment$$Lambda/0x000002a0d40be640.<init> (0x0000029cc2581308) [0x0000029cc2581440, 0x0000029cc2581710] Compiler: c1, Barriers: 9, Oops: 1, ImmediateOops: 0, NonImmediateOops: No
[2024-10-26T03:26:25.702+0530][1.093s][debug][gc,nmethod  ] Register NMethod: java.lang.invoke.LambdaForm$DMH/0x000002a0d40bc800.newInvokeSpecial (0x0000029cc2581788) [0x0000029cc2581900, 0x0000029cc25820d0] Compiler: c1, Barriers: 2, Oops: 1, ImmediateOops: 1, NonImmediateOops: No
[2024-10-26T03:26:25.702+0530][1.093s][debug][gc,nmethod  ] Register NMethod: org.springframework.util.ConcurrentReferenceHashMap$Segment$$Lambda/0x000002a0d40be640.add (0x0000029cc2582108) [0x0000029cc2582240, 0x0000029cc2582438] Compiler: c1, Barriers: 3, Oops: 1, ImmediateOops: 0, NonImmediateOops: No
[2024-10-26T03:26:25.702+0530][1.093s][debug][gc,nmethod  ] Register NMethod: org.springframework.util.ConcurrentReferenceHashMap$1.execute (0x0000029cc2582488) [0x0000029cc2582600, 0x0000029cc2582ba8] Compiler: c1, Barriers: 7, Oops: 2, ImmediateOops: 1, NonImmediateOops: No
[2024-10-26T03:26:25.703+0530][1.093s][debug][gc,nmethod  ] Register NMethod: org.springframework.util.ConcurrentReferenceHashMap$Segment.lambda$doTask$0 (0x0000029cc2582c08) [0x0000029cc2582d80, 0x0000029cc2583390] Compiler: c1, Barriers: 12, Oops: 1, ImmediateOops: 0, NonImmediateOops: No
[2024-10-26T03:26:25.703+0530][1.093s][debug][gc,nmethod  ] Register NMethod: jdk.internal.classfile.impl.DirectCodeBuilder.writeTypeCheck (0x0000029cc2583408) [0x0000029cc2583540, 0x0000029cc2583758] Compiler: c1, Barriers: 1, Oops: 0, ImmediateOops: 0, NonImmediateOops: No
[2024-10-26T03:26:25.703+0530][1.094s][debug][gc,nmethod  ] Register NMethod: org.springframework.util.ConcurrentReferenceHashMap$Segment.doTask (0x0000029cc2583788) [0x0000029cc2583b20, 0x0000029cc2585a60] Compiler: c1, Barriers: 14, Oops: 8, ImmediateOops: 10, NonImmediateOops: No
[2024-10-26T03:26:25.704+0530][1.095s][debug][gc,nmethod  ] Register NMethod: jdk.internal.classfile.impl.Util.slotSize (0x0000029cc9cef108) [0x0000029cc9cef240, 0x0000029cc9cef498] Compiler: c2, Barriers: 3, Oops: 1, ImmediateOops: 0, NonImmediateOops: No
[2024-10-26T03:26:25.705+0530][1.095s][debug][gc,nmethod  ] Register NMethod: java.lang.classfile.CodeBuilder.exceptionCatchAll (0x0000029cc2585b88) [0x0000029cc2585cc0, 0x0000029cc2585fc0] Compiler: c1, Barriers: 0, Oops: 0, ImmediateOops: 0, NonImmediateOops: No
[2024-10-26T03:26:25.705+0530][1.095s][debug][gc,nmethod  ] Register NMethod: java.lang.reflect.ProxyGenerator.collectCompatibleTypes (0x0000029cc2586008) [0x0000029cc2586180, 0x0000029cc25866c8] Compiler: c1, Barriers: 2, Oops: 0, ImmediateOops: 0, NonImmediateOops: No
[2024-10-26T03:26:25.705+0530][1.095s][debug][gc,nmethod  ] Register NMethod: java.lang.classfile.instruction.ExceptionCatch.of (0x0000029cc2586708) [0x0000029cc2586860, 0x0000029cc2586c98] Compiler: c1, Barriers: 9, Oops: 0, ImmediateOops: 0, NonImmediateOops: No
[2024-10-26T03:26:25.705+0530][1.096s][debug][gc,nmethod  ] Register NMethod: org.springframework.core.annotation.AnnotationTypeMapping.getRoot (0x0000029cc9cef508) [0x0000029cc9cef620, 0x0000029cc9cef718] Compiler: c1, Barriers: 1, Oops: 1, ImmediateOops: 0, NonImmediateOops: No
[2024-10-26T03:26:25.706+0530][1.096s][debug][gc,nmethod  ] Register NMethod: jdk.internal.misc.Unsafe.getShortUnaligned (0x0000029cc9cef808) [0x0000029cc9cef900, 0x0000029cc9cef9b0] Compiler: c2, Barriers: 0, Oops: 0, ImmediateOops: 0, NonImmediateOops: No
[2024-10-26T03:26:25.706+0530][1.097s][debug][gc,nmethod  ] Register NMethod: java.lang.System$2.getConstantPool (0x0000029cc2586d08) [0x0000029cc2586e20, 0x0000029cc2586f60] Compiler: c1, Barriers: 0, Oops: 0, ImmediateOops: 0, NonImmediateOops: No
[2024-10-26T03:26:25.706+0530][1.097s][debug][gc,nmethod  ] Register NMethod: java.lang.reflect.Proxy.newProxyInstance (0x0000029cc2587008) [0x0000029cc2587200, 0x0000029cc2587dd8] Compiler: c1, Barriers: 4, Oops: 0, ImmediateOops: 0, NonImmediateOops: No
[2024-10-26T03:26:25.706+0530][1.097s][debug][gc,nmethod  ] Register NMethod: org.springframework.core.annotation.AttributeMethods.get (0x0000029cc9cefb08) [0x0000029cc9cefc20, 0x0000029cc9cefd68] Compiler: c2, Barriers: 2, Oops: 1, ImmediateOops: 0, NonImmediateOops: No
[2024-10-26T03:26:25.709+0530][1.099s][debug][gc,director ] Rule Major: Warmup 10%, Used: 158MB, UsedThreshold: 204MB
[2024-10-26T03:26:25.709+0530][1.099s][debug][gc,director ] Rule Minor: High Usage, Free: 1850MB(90.3%)
[2024-10-26T03:26:25.709+0530][1.099s][debug][gc,nmethod  ] Register NMethod: java.util.LinkedHashMap.<init> (0x0000029cc2587e08) [0x0000029cc2587f60, 0x0000029cc2588118] Compiler: c1, Barriers: 0, Oops: 0, ImmediateOops: 0, NonImmediateOops: No
[2024-10-26T03:26:25.709+0530][1.100s][debug][gc,nmethod  ] Register NMethod: java.util.LinkedHashMap.get (0x0000029cc2588188) [0x0000029cc25882c0, 0x0000029cc25885a0] Compiler: c1, Barriers: 1, Oops: 0, ImmediateOops: 0, NonImmediateOops: No
[2024-10-26T03:26:25.709+0530][1.100s][debug][gc,nmethod  ] Register NMethod: java.util.concurrent.ConcurrentMap.computeIfAbsent (0x0000029cc2588608) [0x0000029cc2588780, 0x0000029cc2588d28] Compiler: c1, Barriers: 0, Oops: 0, ImmediateOops: 0, NonImmediateOops: No
[2024-10-26T03:26:25.709+0530][1.100s][debug][gc,nmethod  ] Register NMethod: java.lang.reflect.Proxy.isProxyClass (0x0000029cc2588d88) [0x0000029cc2588fc0, 0x0000029cc2589ed0] Compiler: c1, Barriers: 7, Oops: 2, ImmediateOops: 7, NonImmediateOops: No
[2024-10-26T03:26:25.709+0530][1.100s][debug][gc,nmethod  ] Register NMethod: java.lang.reflect.Proxy$ProxyBuilder.isProxyClass (0x0000029cc2589f88) [0x0000029cc258a1a0, 0x0000029cc258af80] Compiler: c1, Barriers: 7, Oops: 2, ImmediateOops: 6, NonImmediateOops: No
[2024-10-26T03:26:25.710+0530][1.101s][debug][gc,nmethod  ] Register NMethod: jdk.internal.classfile.impl.AbstractInstruction$UnboundTypeCheckInstruction.<init> (0x0000029cc258b088) [0x0000029cc258b1c0, 0x0000029cc258b550] Compiler: c1, Barriers: 6, Oops: 0, ImmediateOops: 0, NonImmediateOops: No
[2024-10-26T03:26:25.710+0530][1.101s][debug][gc,nmethod  ] Register NMethod: java.lang.classfile.instruction.TypeCheckInstruction.of (0x0000029cc258b588) [0x0000029cc258b6e0, 0x0000029cc258bb78] Compiler: c1, Barriers: 6, Oops: 0, ImmediateOops: 1, NonImmediateOops: No
[2024-10-26T03:26:25.711+0530][1.101s][debug][gc,nmethod  ] Register NMethod: jdk.internal.classfile.impl.AbstractInstruction$UnboundTypeCheckInstruction.writeTo (0x0000029cc258bc08) [0x0000029cc258bd60, 0x0000029cc258c058] Compiler: c1, Barriers: 3, Oops: 0, ImmediateOops: 0, NonImmediateOops: No
[2024-10-26T03:26:25.711+0530][1.102s][debug][gc,nmethod  ] Register NMethod: java.util.Collections$EmptySet.contains (0x0000029cc9cefe08) [0x0000029cc9ceff20, 0x0000029cc9ceffe8] Compiler: c1, Barriers: 0, Oops: 0, ImmediateOops: 0, NonImmediateOops: No
[2024-10-26T03:26:25.711+0530][1.102s][debug][gc,nmethod  ] Register NMethod: jdk.internal.classfile.impl.DirectCodeBuilder.labelToBci (0x0000029cc9cf0108) [0x0000029cc9cf0220, 0x0000029cc9cf0450] Compiler: c2, Barriers: 3, Oops: 0, ImmediateOops: 0, NonImmediateOops: No
[2024-10-26T03:26:25.712+0530][1.102s][debug][gc,nmethod  ] Register NMethod: org.springframework.core.annotation.AttributeMethods.indexOf (0x0000029cc258c108) [0x0000029cc258c260, 0x0000029cc258c588] Compiler: c1, Barriers: 3, Oops: 1, ImmediateOops: 0, NonImmediateOops: No
[2024-10-26T03:26:25.712+0530][1.102s][debug][gc,nmethod  ] Register NMethod: org.springframework.core.annotation.AnnotationTypeMapping$MirrorSets.size (0x0000029cc258c608) [0x0000029cc258c720, 0x0000029cc258c860] Compiler: c1, Barriers: 1, Oops: 1, ImmediateOops: 0, NonImmediateOops: No
[2024-10-26T03:26:25.712+0530][1.103s][debug][gc,nmethod  ] Register NMethod: sun.reflect.annotation.AnnotationParser.parseArray (0x0000029cc258c908) [0x0000029cc258cc80, 0x0000029cc258de38] Compiler: c1, Barriers: 1, Oops: 0, ImmediateOops: 11, NonImmediateOops: No
[2024-10-26T03:26:25.712+0530][1.103s][debug][gc,nmethod  ] Register NMethod: java.util.Properties.put (0x0000029cc258de88) [0x0000029cc258dfc0, 0x0000029cc258e318] Compiler: c1, Barriers: 1, Oops: 0, ImmediateOops: 0, NonImmediateOops: No
[2024-10-26T03:26:25.713+0530][1.103s][debug][gc,nmethod  ] Register NMethod: java.util.concurrent.ConcurrentHashMap$EntryIterator.next (0x0000029cc258e388) [0x0000029cc258e4a0, 0x0000029cc258e5d8] Compiler: c1, Barriers: 0, Oops: 0, ImmediateOops: 0, NonImmediateOops: No
[2024-10-26T03:26:25.713+0530][1.104s][debug][gc,nmethod  ] Register NMethod: java.util.concurrent.ConcurrentHashMap$MapEntry.<init> (0x0000029cc258e688) [0x0000029cc258e7c0, 0x0000029cc258ea88] Compiler: c1, Barriers: 9, Oops: 0, ImmediateOops: 0, NonImmediateOops: No
[2024-10-26T03:26:25.713+0530][1.104s][debug][gc,nmethod  ] Register NMethod: java.util.concurrent.ConcurrentHashMap$EntryIterator.next (0x0000029cc258eb08) [0x0000029cc258ec80, 0x0000029cc258f2c8] Compiler: c1, Barriers: 16, Oops: 0, ImmediateOops: 0, NonImmediateOops: No
[2024-10-26T03:26:25.714+0530][1.104s][debug][gc,nmethod  ] Register NMethod: java.util.Calendar.internalSet (0x0000029cc258f308) [0x0000029cc258f420, 0x0000029cc258f588] Compiler: c1, Barriers: 1, Oops: 0, ImmediateOops: 0, NonImmediateOops: No
[2024-10-26T03:26:25.714+0530][1.104s][debug][gc,nmethod  ] Register NMethod: java.util.ArrayDeque.<init> (0x0000029cc258f608) [0x0000029cc258f740, 0x0000029cc258faa8] Compiler: c1, Barriers: 3, Oops: 0, ImmediateOops: 0, NonImmediateOops: No
[2024-10-26T03:26:25.714+0530][1.105s][debug][gc,nmethod  ] Register NMethod: org.springframework.asm.ClassReader.readUnsignedShort (0x0000029cc258fb08) [0x0000029cc258fc20, 0x0000029cc258fdc0] Compiler: c1, Barriers: 1, Oops: 1, ImmediateOops: 0, NonImmediateOops: No
[2024-10-26T03:26:25.714+0530][1.105s][debug][gc,nmethod  ] Register NMethod: java.lang.String.lastIndexOf (0x0000029cc258fe08) [0x0000029cc258ffa0, 0x0000029cc25904f0] Compiler: c1, Barriers: 1, Oops: 0, ImmediateOops: 0, NonImmediateOops: No
[2024-10-26T03:26:25.715+0530][1.106s][debug][gc,nmethod  ] Register NMethod: java.util.HashMap.prepareArray (0x0000029cc2590588) [0x0000029cc2590700, 0x0000029cc2590d28] Compiler: c1, Barriers: 5, Oops: 0, ImmediateOops: 0, NonImmediateOops: No
[2024-10-26T03:26:25.715+0530][1.106s][debug][gc,nmethod  ] Register NMethod: org.springframework.util.StringUtils.hasText (0x0000029cc2590d88) [0x0000029cc2590f00, 0x0000029cc2591468] Compiler: c1, Barriers: 3, Oops: 1, ImmediateOops: 0, NonImmediateOops: No
[2024-10-26T03:26:25.716+0530][1.106s][debug][gc,nmethod  ] Register NMethod: org.springframework.core.annotation.AnnotationsScanner.getDeclaredAnnotation (0x0000029cc2591508) [0x0000029cc2591660, 0x0000029cc25919f0] Compiler: c1, Barriers: 1, Oops: 1, ImmediateOops: 0, NonImmediateOops: No
[2024-10-26T03:26:25.719+0530][1.109s][debug][gc,director ] Rule Major: Warmup 10%, Used: 162MB, UsedThreshold: 204MB
[2024-10-26T03:26:25.719+0530][1.109s][debug][gc,director ] Rule Minor: High Usage, Free: 1846MB(90.1%)
[2024-10-26T03:26:25.720+0530][1.110s][debug][gc,nmethod  ] Register NMethod: java.util.Arrays.equals (0x0000029cc2591a08) [0x0000029cc2591b80, 0x0000029cc2592130] Compiler: c1, Barriers: 2, Oops: 0, ImmediateOops: 0, NonImmediateOops: No
[2024-10-26T03:26:25.720+0530][1.111s][debug][gc,nmethod  ] Register NMethod: org.springframework.core.annotation.AnnotationTypeMapping$MirrorSets.resolve (0x0000029cc2592188) [0x0000029cc2592320, 0x0000029cc2592a40] Compiler: c1, Barriers: 6, Oops: 1, ImmediateOops: 0, NonImmediateOops: No
[2024-10-26T03:26:25.721+0530][1.112s][debug][gc,nmethod  ] Register NMethod: java.lang.String.<init> (0x0000029cc2592a88) [0x0000029cc2592c20, 0x0000029cc25932e8] Compiler: c1, Barriers: 10, Oops: 0, ImmediateOops: 0, NonImmediateOops: No
[2024-10-26T03:26:25.722+0530][1.113s][debug][gc,nmethod  ] Register NMethod: org.springframework.asm.ClassReader.readUtf (0x0000029cc2593388) [0x0000029cc25934e0, 0x0000029cc2593958] Compiler: c1, Barriers: 1, Oops: 1, ImmediateOops: 0, NonImmediateOops: No
[2024-10-26T03:26:25.723+0530][1.113s][debug][gc,nmethod  ] Register NMethod: java.util.AbstractSet.<init> (0x0000029cc9cf0488) [0x0000029cc9cf0580, 0x0000029cc9cf05f8] Compiler: c2, Barriers: 0, Oops: 0, ImmediateOops: 0, NonImmediateOops: No
[2024-10-26T03:26:25.723+0530][1.114s][debug][gc,nmethod  ] Register NMethod: java.lang.Enum.name (0x0000029cc9cf0788) [0x0000029cc9cf08a0, 0x0000029cc9cf0998] Compiler: c1, Barriers: 1, Oops: 0, ImmediateOops: 0, NonImmediateOops: No
[2024-10-26T03:26:25.723+0530][1.114s][debug][gc,nmethod  ] Register NMethod: jdk.internal.loader.BuiltinClassLoader$2.run (0x0000029cc2593988) [0x0000029cc2593bc0, 0x0000029cc2594ad0] Compiler: c1, Barriers: 8, Oops: 0, ImmediateOops: 2, NonImmediateOops: No
[2024-10-26T03:26:25.724+0530][1.114s][debug][gc,nmethod  ] Register NMethod: java.lang.StringLatin1.inflate (0x0000029cc9cf0a88) [0x0000029cc9cf0ba0, 0x0000029cc9cf1048] Compiler: c2, Barriers: 0, Oops: 0, ImmediateOops: 0, NonImmediateOops: No
[2024-10-26T03:26:25.724+0530][1.114s][debug][gc,nmethod  ] Register NMethod: org.springframework.asm.ClassReader.readUtf (0x0000029cc2594b88) [0x0000029cc2594ce0, 0x0000029cc2595178] Compiler: c1, Barriers: 6, Oops: 1, ImmediateOops: 0, NonImmediateOops: No
[2024-10-26T03:26:25.724+0530][1.115s][debug][gc,nmethod  ] Register NMethod: org.springframework.asm.ClassReader.readUTF8 (0x0000029cc2595208) [0x0000029cc2595340, 0x0000029cc2595588] Compiler: c1, Barriers: 0, Oops: 1, ImmediateOops: 0, NonImmediateOops: No
[2024-10-26T03:26:25.724+0530][1.115s][debug][gc,nmethod  ] Register NMethod: java.util.LinkedHashMap.<init> (0x0000029cc2595608) [0x0000029cc2595720, 0x0000029cc2595878] Compiler: c1, Barriers: 0, Oops: 0, ImmediateOops: 0, NonImmediateOops: No
[2024-10-26T03:26:25.724+0530][1.115s][debug][gc,nmethod  ] Register NMethod: org.springframework.core.annotation.TypeMappedAnnotation.getDistance (0x0000029cc2595908) [0x0000029cc2595a20, 0x0000029cc2595b78] Compiler: c1, Barriers: 1, Oops: 1, ImmediateOops: 0, NonImmediateOops: No
[2024-10-26T03:26:25.724+0530][1.115s][debug][gc,nmethod  ] Register NMethod: java.util.HashSet.<init> (0x0000029cc2595c08) [0x0000029cc2595d60, 0x0000029cc2596108] Compiler: c1, Barriers: 3, Oops: 0, ImmediateOops: 0, NonImmediateOops: No
[2024-10-26T03:26:25.724+0530][1.115s][debug][gc,nmethod  ] Register NMethod: org.springframework.core.annotation.MergedAnnotations$Search.lambda$static$1 (0x0000029cc9cf1088) [0x0000029cc9cf11a0, 0x0000029cc9cf1248] Compiler: c1, Barriers: 0, Oops: 1, ImmediateOops: 0, NonImmediateOops: No
[2024-10-26T03:26:25.724+0530][1.115s][debug][gc,nmethod  ] Register NMethod: org.springframework.core.annotation.MergedAnnotationsCollection.isMappingForType (0x0000029cc2596188) [0x0000029cc25962e0, 0x0000029cc2596648] Compiler: c1, Barriers: 2, Oops: 1, ImmediateOops: 0, NonImmediateOops: No
[2024-10-26T03:26:25.725+0530][1.115s][debug][gc,nmethod  ] Register NMethod: org.springframework.core.annotation.AttributeMethods.forAnnotationType (0x0000029cc2596688) [0x0000029cc25967c0, 0x0000029cc2596b70] Compiler: c1, Barriers: 0, Oops: 4, ImmediateOops: 3, NonImmediateOops: No
[2024-10-26T03:26:25.725+0530][1.115s][debug][gc,nmethod  ] Register NMethod: java.util.Arrays.fill (0x0000029cc2596c08) [0x0000029cc2596d20, 0x0000029cc2596eb0] Compiler: c1, Barriers: 0, Oops: 0, ImmediateOops: 0, NonImmediateOops: No
[2024-10-26T03:26:25.725+0530][1.116s][debug][gc,nmethod  ] Register NMethod: java.util.Collections$EmptyMap.values (0x0000029cc2596f08) [0x0000029cc2597020, 0x0000029cc2597190] Compiler: c1, Barriers: 0, Oops: 0, ImmediateOops: 1, NonImmediateOops: No
[2024-10-26T03:26:25.725+0530][1.116s][debug][gc,nmethod  ] Register NMethod: java.util.Collections$EmptySet.toArray (0x0000029cc2597208) [0x0000029cc2597340, 0x0000029cc2597628] Compiler: c1, Barriers: 3, Oops: 0, ImmediateOops: 0, NonImmediateOops: No
[2024-10-26T03:26:25.725+0530][1.116s][debug][gc,nmethod  ] Register NMethod: java.lang.reflect.Executable.equalParamTypes (0x0000029cc2597688) [0x0000029cc25977c0, 0x0000029cc2597ac8] Compiler: c1, Barriers: 2, Oops: 0, ImmediateOops: 0, NonImmediateOops: No
[2024-10-26T03:26:25.725+0530][1.116s][debug][gc,nmethod  ] Register NMethod: java.lang.reflect.Executable.getDeclaredAnnotations (0x0000029cc2597b08) [0x0000029cc2597c60, 0x0000029cc2598088] Compiler: c1, Barriers: 0, Oops: 0, ImmediateOops: 1, NonImmediateOops: No
[2024-10-26T03:26:25.725+0530][1.116s][debug][gc,nmethod  ] Register NMethod: java.lang.reflect.Method.getDeclaredAnnotations (0x0000029cc2598108) [0x0000029cc2598260, 0x0000029cc25986e8] Compiler: c1, Barriers: 0, Oops: 0, ImmediateOops: 1, NonImmediateOops: No
[2024-10-26T03:26:25.725+0530][1.116s][debug][gc,nmethod  ] Register NMethod: sun.reflect.annotation.AnnotationType.invocationHandlerReturnType (0x0000029cc2598708) [0x0000029cc2598880, 0x0000029cc2598cb0] Compiler: c1, Barriers: 0, Oops: 0, ImmediateOops: 16, NonImmediateOops: No
[2024-10-26T03:26:25.727+0530][1.117s][debug][gc,nmethod  ] Register NMethod: java.lang.reflect.Constructor.getParameterCount (0x0000029cc2598d08) [0x0000029cc2598e20, 0x0000029cc2598f60] Compiler: c1, Barriers: 1, Oops: 0, ImmediateOops: 0, NonImmediateOops: No
[2024-10-26T03:26:25.727+0530][1.118s][debug][gc,nmethod  ] Register NMethod: java.lang.reflect.Constructor.getRoot (0x0000029cc9cf1388) [0x0000029cc9cf14a0, 0x0000029cc9cf1598] Compiler: c1, Barriers: 1, Oops: 0, ImmediateOops: 0, NonImmediateOops: No
[2024-10-26T03:26:25.728+0530][1.119s][debug][gc,nmethod  ] Register NMethod: org.springframework.core.annotation.AnnotationTypeMapping.filledIntArray (0x0000029cc2599008) [0x0000029cc2599120, 0x0000029cc25992e0] Compiler: c1, Barriers: 0, Oops: 1, ImmediateOops: 0, NonImmediateOops: No
[2024-10-26T03:26:25.729+0530][1.119s][debug][gc,nmethod  ] Register NMethod: java.lang.invoke.DelegatingMethodHandle$Holder.reinvoke_L (0x0000029cc2599308) [0x0000029cc2599440, 0x0000029cc25998f0] Compiler: c1, Barriers: 1, Oops: 0, ImmediateOops: 0, NonImmediateOops: No
[2024-10-26T03:26:25.729+0530][1.119s][debug][gc,nmethod  ] Register NMethod: java.lang.invoke.DirectMethodHandle$Holder.invokeStatic (0x0000029cc2599908) [0x0000029cc2599a40, 0x0000029cc2599f48] Compiler: c1, Barriers: 1, Oops: 0, ImmediateOops: 0, NonImmediateOops: No
[2024-10-26T03:26:25.730+0530][1.120s][debug][gc,director ] Rule Major: Warmup 10%, Used: 162MB, UsedThreshold: 204MB
[2024-10-26T03:26:25.730+0530][1.120s][debug][gc,director ] Rule Minor: High Usage, Free: 1846MB(90.1%)
[2024-10-26T03:26:25.731+0530][1.121s][debug][gc,nmethod  ] Register NMethod: sun.security.util.KnownOIDs.registerNames (0x0000029cc9cf1688) [0x0000029cc9cf17a0, 0x0000029cc9cf1868] Compiler: c1, Barriers: 0, Oops: 0, ImmediateOops: 0, NonImmediateOops: No
[2024-10-26T03:26:25.732+0530][1.123s][debug][gc,nmethod  ] Register NMethod: java.lang.reflect.Constructor.getConstructorAccessor (0x0000029cc9cf1988) [0x0000029cc9cf1aa0, 0x0000029cc9cf1b98] Compiler: c1, Barriers: 1, Oops: 0, ImmediateOops: 0, NonImmediateOops: No
[2024-10-26T03:26:25.733+0530][1.124s][debug][gc,nmethod  ] Register NMethod: java.util.LinkedHashMap.valuesToArray (0x0000029cc2599f88) [0x0000029cc259a100, 0x0000029cc259a830] Compiler: c1, Barriers: 12, Oops: 0, ImmediateOops: 0, NonImmediateOops: No
[2024-10-26T03:26:25.735+0530][1.126s][debug][gc,nmethod  ] Register NMethod: java.util.ArrayList.<init> (0x0000029cc259a888) [0x0000029cc259aa20, 0x0000029cc259b090] Compiler: c1, Barriers: 9, Oops: 0, ImmediateOops: 3, NonImmediateOops: No
[2024-10-26T03:26:25.735+0530][1.126s][debug][gc,nmethod  ] Register NMethod: java.util.HashMap$EntrySet.iterator (0x0000029cc259b108) [0x0000029cc259b240, 0x0000029cc259b488] Compiler: c1, Barriers: 1, Oops: 0, ImmediateOops: 0, NonImmediateOops: No
[2024-10-26T03:26:25.736+0530][1.126s][debug][gc,nmethod  ] Register NMethod: sun.security.util.KnownOIDs.register (0x0000029cc259b508) [0x0000029cc259bc40, 0x0000029cc259f968] Compiler: c1, Barriers: 24, Oops: 6, ImmediateOops: 22, NonImmediateOops: No
[2024-10-26T03:26:25.736+0530][1.126s][debug][gc,nmethod  ] Register NMethod: java.util.HashMap.entrySet (0x0000029cc259fa88) [0x0000029cc259fbe0, 0x0000029cc25a0048] Compiler: c1, Barriers: 7, Oops: 0, ImmediateOops: 0, NonImmediateOops: No
[2024-10-26T03:26:25.736+0530][1.126s][debug][gc,nmethod  ] Register NMethod: java.util.HashMap$EntryIterator.<init> (0x0000029cc25a0088) [0x0000029cc25a01a0, 0x0000029cc25a02d8] Compiler: c1, Barriers: 0, Oops: 0, ImmediateOops: 0, NonImmediateOops: No
[2024-10-26T03:26:25.737+0530][1.128s][debug][gc,nmethod  ] Register NMethod: java.security.Provider$Service.getType (0x0000029cc9cf1c88) [0x0000029cc9cf1da0, 0x0000029cc9cf1e98] Compiler: c1, Barriers: 1, Oops: 0, ImmediateOops: 0, NonImmediateOops: No
[2024-10-26T03:26:25.737+0530][1.128s][debug][gc,nmethod  ] Register NMethod: java.util.Properties.load0 (0x0000029cc25a0388) [0x0000029cc25a0560, 0x0000029cc25a1118] Compiler: c1, Barriers: 4, Oops: 0, ImmediateOops: 0, NonImmediateOops: No
[2024-10-26T03:26:25.737+0530][1.128s][debug][gc,nmethod  ] Register NMethod: java.security.Provider$Service.getAliases (0x0000029cc9cf1f88) [0x0000029cc9cf20a0, 0x0000029cc9cf2198] Compiler: c1, Barriers: 1, Oops: 0, ImmediateOops: 0, NonImmediateOops: No
[2024-10-26T03:26:25.737+0530][1.128s][debug][gc,nmethod  ] Register NMethod: java.security.Provider$Service.getAlgorithm (0x0000029cc9cf2288) [0x0000029cc9cf23a0, 0x0000029cc9cf2498] Compiler: c1, Barriers: 1, Oops: 0, ImmediateOops: 0, NonImmediateOops: No
[2024-10-26T03:26:25.737+0530][1.128s][debug][gc,nmethod  ] Register NMethod: java.security.Provider$ServiceKey.hashCode (0x0000029cc25a1188) [0x0000029cc25a12c0, 0x0000029cc25a14c0] Compiler: c1, Barriers: 2, Oops: 0, ImmediateOops: 0, NonImmediateOops: No
[2024-10-26T03:26:25.738+0530][1.129s][debug][gc,nmethod  ] Register NMethod: java.util.Properties.load0 (0x0000029cc25a1508) [0x0000029cc25a16e0, 0x0000029cc25a20e8] Compiler: c1, Barriers: 4, Oops: 0, ImmediateOops: 0, NonImmediateOops: No
[2024-10-26T03:26:25.739+0530][1.130s][debug][gc,nmethod  ] Register NMethod: java.lang.Character.digit (0x0000029cc25a2108) [0x0000029cc25a2240, 0x0000029cc25a24a0] Compiler: c1, Barriers: 0, Oops: 0, ImmediateOops: 0, NonImmediateOops: No
[2024-10-26T03:26:25.739+0530][1.130s][debug][gc,nmethod  ] Register NMethod: java.lang.Character.digit (0x0000029cc25a2508) [0x0000029cc25a2640, 0x0000029cc25a2848] Compiler: c1, Barriers: 0, Oops: 0, ImmediateOops: 0, NonImmediateOops: No
[2024-10-26T03:26:25.739+0530][1.130s][debug][gc,nmethod  ] Register NMethod: java.lang.CharacterDataLatin1.digit (0x0000029cc25a2888) [0x0000029cc25a29c0, 0x0000029cc25a2be8] Compiler: c1, Barriers: 0, Oops: 0, ImmediateOops: 1, NonImmediateOops: No
[2024-10-26T03:26:25.740+0530][1.130s][debug][gc,director ] Rule Major: Warmup 10%, Used: 162MB, UsedThreshold: 204MB
[2024-10-26T03:26:25.740+0530][1.130s][debug][gc,director ] Rule Minor: High Usage, Free: 1846MB(90.1%)
[2024-10-26T03:26:25.740+0530][1.131s][debug][gc,nmethod  ] Register NMethod: java.util.Properties$LineReader.readLine (0x0000029cc9cf2588) [0x0000029cc9cf2800, 0x0000029cc9cf4120] Compiler: c2, Barriers: 8, Oops: 1, ImmediateOops: 1, NonImmediateOops: No
[2024-10-26T03:26:25.742+0530][1.133s][debug][gc,nmethod  ] Register NMethod: java.math.BigInteger.destructiveMulAdd (0x0000029cc25a2c08) [0x0000029cc25a2d40, 0x0000029cc25a3058] Compiler: c1, Barriers: 0, Oops: 0, ImmediateOops: 0, NonImmediateOops: No
[2024-10-26T03:26:25.743+0530][1.133s][debug][gc,nmethod  ] Register NMethod: sun.security.util.KnownOIDs.value (0x0000029cc9cf4208) [0x0000029cc9cf4320, 0x0000029cc9cf4418] Compiler: c1, Barriers: 1, Oops: 0, ImmediateOops: 0, NonImmediateOops: No
[2024-10-26T03:26:25.743+0530][1.134s][debug][gc,nmethod  ] Register NMethod: java.nio.Buffer.position (0x0000029cc25a3088) [0x0000029cc25a31c0, 0x0000029cc25a3408] Compiler: c1, Barriers: 0, Oops: 0, ImmediateOops: 0, NonImmediateOops: No
[2024-10-26T03:26:25.744+0530][1.134s][debug][gc,nmethod  ] Register NMethod: java.util.HashMap.put (0x0000029cc25a3488) [0x0000029cc25a35c0, 0x0000029cc25a38c0] Compiler: c1, Barriers: 0, Oops: 0, ImmediateOops: 0, NonImmediateOops: No
[2024-10-26T03:26:25.744+0530][1.135s][debug][gc,nmethod  ] Register NMethod: java.util.HashMap.putVal (0x0000029cc25a3908) [0x0000029cc25a3b60, 0x0000029cc25a4dc8] Compiler: c1, Barriers: 15, Oops: 0, ImmediateOops: 0, NonImmediateOops: No
[2024-10-26T03:26:25.744+0530][1.135s][debug][gc,nmethod  ] Register NMethod: java.lang.Integer.parseInt (0x0000029cc25a4e08) [0x0000029cc25a52e0, 0x0000029cc25a8288] Compiler: c1, Barriers: 25, Oops: 3, ImmediateOops: 12, NonImmediateOops: No
[2024-10-26T03:26:25.745+0530][1.135s][debug][gc,nmethod  ] Register NMethod: java.math.BigInteger.getInt (0x0000029cc25a8388) [0x0000029cc25a84e0, 0x0000029cc25a88c0] Compiler: c1, Barriers: 1, Oops: 0, ImmediateOops: 0, NonImmediateOops: No
[2024-10-26T03:26:25.745+0530][1.136s][debug][gc,nmethod  ] Register NMethod: java.math.BigInteger.trustedStripLeadingZeroInts (0x0000029cc25a8908) [0x0000029cc25a8a40, 0x0000029cc25a8c80] Compiler: c1, Barriers: 0, Oops: 0, ImmediateOops: 0, NonImmediateOops: No
[2024-10-26T03:26:25.745+0530][1.136s][debug][gc,nmethod  ] Register NMethod: java.lang.Integer.parseInt (0x0000029cc25a8d08) [0x0000029cc25a8e20, 0x0000029cc25a8f40] Compiler: c1, Barriers: 0, Oops: 0, ImmediateOops: 0, NonImmediateOops: No
[2024-10-26T03:26:25.746+0530][1.136s][debug][gc,nmethod  ] Register NMethod: sun.security.util.ObjectIdentifier.pack (0x0000029cc25a9008) [0x0000029cc25a9160, 0x0000029cc25a9688] Compiler: c1, Barriers: 0, Oops: 0, ImmediateOops: 0, NonImmediateOops: No
[2024-10-26T03:26:25.746+0530][1.136s][debug][gc,nmethod  ] Register NMethod: sun.security.util.ObjectIdentifier.pack7Oid (0x0000029cc25a9708) [0x0000029cc25a9840, 0x0000029cc25a9b68] Compiler: c1, Barriers: 0, Oops: 0, ImmediateOops: 0, NonImmediateOops: No
[2024-10-26T03:26:25.746+0530][1.137s][debug][gc,nmethod  ] Register NMethod: sun.security.util.CurveDB.bi (0x0000029cc25a9b88) [0x0000029cc25a9ca0, 0x0000029cc25a9e38] Compiler: c1, Barriers: 0, Oops: 0, ImmediateOops: 0, NonImmediateOops: No
[2024-10-26T03:26:25.746+0530][1.137s][debug][gc,nmethod  ] Register NMethod: java.math.BigInteger.<init> (0x0000029cc25a9e88) [0x0000029cc25aa2e0, 0x0000029cc25ac730] Compiler: c1, Barriers: 16, Oops: 1, ImmediateOops: 16, NonImmediateOops: No
[2024-10-26T03:26:25.746+0530][1.137s][debug][gc,nmethod  ] Register NMethod: java.security.Provider$ServiceKey.<init> (0x0000029cc25ac808) [0x0000029cc25ac9a0, 0x0000029cc25acf48] Compiler: c1, Barriers: 11, Oops: 1, ImmediateOops: 2, NonImmediateOops: No
[2024-10-26T03:26:25.746+0530][1.137s][debug][gc,nmethod  ] Register NMethod: sun.security.util.ObjectIdentifier.pack7Oid (0x0000029cc25acf88) [0x0000029cc25ad0a0, 0x0000029cc25ad288] Compiler: c1, Barriers: 0, Oops: 0, ImmediateOops: 0, NonImmediateOops: No
[2024-10-26T03:26:25.747+0530][1.137s][debug][gc,nmethod  ] Register NMethod: sun.security.util.ObjectIdentifier.checkOidSize (0x0000029cc25ad308) [0x0000029cc25ad580, 0x0000029cc25ae300] Compiler: c1, Barriers: 0, Oops: 4, ImmediateOops: 6, NonImmediateOops: No
[2024-10-26T03:26:25.747+0530][1.138s][debug][gc,nmethod  ] Register NMethod: java.security.Provider$UString.toString (0x0000029cc9cf4508) [0x0000029cc9cf4620, 0x0000029cc9cf4718] Compiler: c1, Barriers: 1, Oops: 0, ImmediateOops: 0, NonImmediateOops: No
[2024-10-26T03:26:25.747+0530][1.138s][debug][gc,nmethod  ] Register NMethod: java.math.BigInteger.signum (0x0000029cc9cf4808) [0x0000029cc9cf4920, 0x0000029cc9cf49e8] Compiler: c1, Barriers: 0, Oops: 0, ImmediateOops: 0, NonImmediateOops: No
[2024-10-26T03:26:25.747+0530][1.138s][debug][gc,nmethod  ] Register NMethod: java.security.Provider$Service.getProvider (0x0000029cc9cf4b08) [0x0000029cc9cf4c20, 0x0000029cc9cf4d18] Compiler: c1, Barriers: 1, Oops: 0, ImmediateOops: 0, NonImmediateOops: No
[2024-10-26T03:26:25.747+0530][1.138s][debug][gc,nmethod  ] Register NMethod: java.security.Provider$Service.getClassName (0x0000029cc9cf4e08) [0x0000029cc9cf4f20, 0x0000029cc9cf5018] Compiler: c1, Barriers: 1, Oops: 0, ImmediateOops: 0, NonImmediateOops: No
[2024-10-26T03:26:25.747+0530][1.138s][debug][gc,nmethod  ] Register NMethod: java.util.LinkedHashMap$LinkedValues.toArray (0x0000029cc25ae388) [0x0000029cc25ae4c0, 0x0000029cc25ae690] Compiler: c1, Barriers: 1, Oops: 0, ImmediateOops: 0, NonImmediateOops: No
[2024-10-26T03:26:25.748+0530][1.138s][debug][gc,nmethod  ] Register NMethod: org.springframework.core.annotation.TypeMappedAnnotation.isPresent (0x0000029cc9cf5108) [0x0000029cc9cf5220, 0x0000029cc9cf52e8] Compiler: c1, Barriers: 0, Oops: 1, ImmediateOops: 0, NonImmediateOops: No
[2024-10-26T03:26:25.748+0530][1.138s][debug][gc,nmethod  ] Register NMethod: org.springframework.core.annotation.RepeatableContainers.standardRepeatables (0x0000029cc25ae708) [0x0000029cc25ae820, 0x0000029cc25ae918] Compiler: c1, Barriers: 0, Oops: 1, ImmediateOops: 1, NonImmediateOops: No
[2024-10-26T03:26:25.748+0530][1.138s][debug][gc,nmethod  ] Register NMethod: java.util.Collections.emptyMap (0x0000029cc25aea08) [0x0000029cc25aeb20, 0x0000029cc25aec18] Compiler: c1, Barriers: 0, Oops: 0, ImmediateOops: 1, NonImmediateOops: No
[2024-10-26T03:26:25.748+0530][1.139s][debug][gc,nmethod  ] Register NMethod: java.util.Arrays.asList (0x0000029cc25aed08) [0x0000029cc25aee60, 0x0000029cc25af2f0] Compiler: c1, Barriers: 3, Oops: 0, ImmediateOops: 0, NonImmediateOops: No
[2024-10-26T03:26:25.748+0530][1.139s][debug][gc,nmethod  ] Register NMethod: java.util.Arrays$ArrayList.<init> (0x0000029cc25af388) [0x0000029cc25af4e0, 0x0000029cc25af8d0] Compiler: c1, Barriers: 3, Oops: 0, ImmediateOops: 0, NonImmediateOops: No
[2024-10-26T03:26:25.749+0530][1.139s][debug][gc,nmethod  ] Register NMethod: java.net.URL.<init> (0x0000029cc9cf5408) [0x0000029cc9cf57c0, 0x0000029cc9cf87e8] Compiler: c2, Barriers: 53, Oops: 4, ImmediateOops: 9, NonImmediateOops: No
[2024-10-26T03:26:25.749+0530][1.140s][debug][gc,nmethod  ] Register NMethod: java.security.Provider$Service.<init> (0x0000029cc25af908) [0x0000029cc25afc20, 0x0000029cc25b1748] Compiler: c1, Barriers: 37, Oops: 2, ImmediateOops: 5, NonImmediateOops: No
[2024-10-26T03:26:25.749+0530][1.140s][debug][gc,nmethod  ] Register NMethod: sun.security.util.KnownOIDs.aliases (0x0000029cc9cf8988) [0x0000029cc9cf8aa0, 0x0000029cc9cf8b98] Compiler: c1, Barriers: 1, Oops: 0, ImmediateOops: 0, NonImmediateOops: No
[2024-10-26T03:26:25.749+0530][1.140s][debug][gc,nmethod  ] Register NMethod: java.security.Provider.putService (0x0000029cc25b1808) [0x0000029cc25b1b20, 0x0000029cc25b32d8] Compiler: c1, Barriers: 8, Oops: 1, ImmediateOops: 3, NonImmediateOops: No
[2024-10-26T03:26:25.749+0530][1.140s][debug][gc,nmethod  ] Register NMethod: java.security.Provider.getEngineName (0x0000029cc25b3388) [0x0000029cc25b3540, 0x0000029cc25b3e30] Compiler: c1, Barriers: 5, Oops: 2, ImmediateOops: 4, NonImmediateOops: No
[2024-10-26T03:26:25.751+0530][1.141s][debug][gc,director ] Rule Major: Warmup 10%, Used: 164MB, UsedThreshold: 204MB
[2024-10-26T03:26:25.751+0530][1.141s][debug][gc,director ] Rule Minor: High Usage, Free: 1844MB(90.0%)
[2024-10-26T03:26:25.752+0530][1.142s][debug][gc,nmethod  ] Register NMethod: jdk.internal.classfile.impl.AbstractPoolEntry$InterfaceMethodRefEntryImpl.clone (0x0000029cc25b3e88) [0x0000029cc25b3fa0, 0x0000029cc25b40d8] Compiler: c1, Barriers: 0, Oops: 0, ImmediateOops: 0, NonImmediateOops: No
[2024-10-26T03:26:25.752+0530][1.142s][debug][gc,nmethod  ] Register NMethod: java.lang.reflect.ProxyGenerator$ProxyMethod.<init> (0x0000029cc25b4188) [0x0000029cc25b4320, 0x0000029cc25b4af0] Compiler: c1, Barriers: 29, Oops: 0, ImmediateOops: 1, NonImmediateOops: No
[2024-10-26T03:26:25.752+0530][1.143s][debug][gc,nmethod  ] Register NMethod: jdk.internal.classfile.impl.AbstractPoolEntry$InterfaceMethodRefEntryImpl.clone (0x0000029cc25b4b88) [0x0000029cc25b4ce0, 0x0000029cc25b5260] Compiler: c1, Barriers: 3, Oops: 0, ImmediateOops: 0, NonImmediateOops: No
[2024-10-26T03:26:25.752+0530][1.143s][debug][gc,nmethod  ] Register NMethod: java.lang.reflect.ProxyGenerator.addProxyMethod (0x0000029cc25b5288) [0x0000029cc25b5560, 0x0000029cc25b6a90] Compiler: c1, Barriers: 13, Oops: 3, ImmediateOops: 5, NonImmediateOops: No
[2024-10-26T03:26:25.753+0530][1.143s][debug][gc,nmethod  ] Register NMethod: java.lang.classfile.ClassBuilder$$Lambda/0x000002a0d4075d08.<init> (0x0000029cc25b6b88) [0x0000029cc25b6ca0, 0x0000029cc25b6e08] Compiler: c1, Barriers: 0, Oops: 0, ImmediateOops: 0, NonImmediateOops: No
[2024-10-26T03:26:25.753+0530][1.144s][debug][gc,nmethod  ] Register NMethod: java.lang.classfile.ClassBuilder.withField (0x0000029cc25b6e88) [0x0000029cc25b7080, 0x0000029cc25b7bc0] Compiler: c1, Barriers: 2, Oops: 1, ImmediateOops: 2, NonImmediateOops: No
[2024-10-26T03:26:25.753+0530][1.144s][debug][gc,nmethod  ] Register NMethod: java.lang.reflect.ProxyGenerator.checkReturnTypes (0x0000029cc25b7c88) [0x0000029cc25b8120, 0x0000029cc25ba628] Compiler: c1, Barriers: 8, Oops: 3, ImmediateOops: 7, NonImmediateOops: No
[2024-10-26T03:26:25.753+0530][1.144s][debug][gc,nmethod  ] Register NMethod: java.lang.classfile.constantpool.ConstantPoolBuilder.utf8Entry (0x0000029cc25ba708) [0x0000029cc25ba840, 0x0000029cc25baae8] Compiler: c1, Barriers: 0, Oops: 0, ImmediateOops: 0, NonImmediateOops: No
[2024-10-26T03:26:25.754+0530][1.144s][debug][gc,nmethod  ] Register NMethod: java.lang.classfile.ClassBuilder.withField (0x0000029cc25bab08) [0x0000029cc25baca0, 0x0000029cc25bb350] Compiler: c1, Barriers: 2, Oops: 0, ImmediateOops: 0, NonImmediateOops: No
[2024-10-26T03:26:25.754+0530][1.145s][debug][gc,nmethod  ] Register NMethod: java.lang.reflect.Constructor.setConstructorAccessor (0x0000029cc25bb408) [0x0000029cc25bb560, 0x0000029cc25bb8b8] Compiler: c1, Barriers: 8, Oops: 0, ImmediateOops: 0, NonImmediateOops: No
[2024-10-26T03:26:25.754+0530][1.145s][debug][gc,nmethod  ] Register NMethod: java.lang.classfile.ClassBuilder$$Lambda/0x000002a0d4075d08.accept (0x0000029cc25bb908) [0x0000029cc25bba80, 0x0000029cc25bc228] Compiler: c1, Barriers: 3, Oops: 1, ImmediateOops: 1, NonImmediateOops: No
[2024-10-26T03:26:25.755+0530][1.146s][debug][gc,nmethod  ] Register NMethod: java.lang.StringLatin1.toUpperCase (0x0000029cc9cf8c88) [0x0000029cc9cf8de0, 0x0000029cc9cf96d0] Compiler: c2, Barriers: 4, Oops: 3, ImmediateOops: 4, NonImmediateOops: No
[2024-10-26T03:26:25.756+0530][1.147s][debug][gc,nmethod  ] Register NMethod: java.lang.CharacterData.of (0x0000029cc9cf9788) [0x0000029cc9cf9880, 0x0000029cc9cf9928] Compiler: c2, Barriers: 0, Oops: 0, ImmediateOops: 2, NonImmediateOops: No
[2024-10-26T03:26:25.761+0530][1.151s][debug][gc,director ] Rule Major: Warmup 10%, Used: 164MB, UsedThreshold: 204MB
[2024-10-26T03:26:25.761+0530][1.151s][debug][gc,director ] Rule Minor: High Usage, Free: 1844MB(90.0%)
[2024-10-26T03:26:25.761+0530][1.151s][debug][gc,nmethod  ] Register NMethod: java.lang.Integer.hashCode (0x0000029cc25bc308) [0x0000029cc25bc420, 0x0000029cc25bc510] Compiler: c1, Barriers: 0, Oops: 0, ImmediateOops: 0, NonImmediateOops: No
[2024-10-26T03:26:25.761+0530][1.151s][debug][gc,nmethod  ] Register NMethod: java.lang.Integer.hashCode (0x0000029cc25bc608) [0x0000029cc25bc720, 0x0000029cc25bc888] Compiler: c1, Barriers: 0, Oops: 0, ImmediateOops: 0, NonImmediateOops: No
[2024-10-26T03:26:25.761+0530][1.152s][debug][gc,nmethod  ] Register NMethod: sun.security.util.SecurityProviderConstants.getAliases (0x0000029cc25bc908) [0x0000029cc25bcb00, 0x0000029cc25bd3e0] Compiler: c1, Barriers: 0, Oops: 1, ImmediateOops: 3, NonImmediateOops: No
[2024-10-26T03:26:25.762+0530][1.153s][debug][gc,nmethod  ] Register NMethod: java.util.Properties.loadConvert (0x0000029cc9cf9a88) [0x0000029cc9cf9c80, 0x0000029cc9cfab90] Compiler: c2, Barriers: 10, Oops: 1, ImmediateOops: 1, NonImmediateOops: No
[2024-10-26T03:26:25.763+0530][1.154s][debug][gc,nmethod  ] Register NMethod: java.util.concurrent.ConcurrentHashMap.initTable (0x0000029cc25bd488) [0x0000029cc25bd620, 0x0000029cc25bdf00] Compiler: c1, Barriers: 6, Oops: 0, ImmediateOops: 0, NonImmediateOops: No
[2024-10-26T03:26:25.765+0530][1.156s][debug][gc,nmethod  ] Register NMethod: java.util.concurrent.ConcurrentHashMap.putVal (0x0000029cc9cfac88) [0x0000029cc9cfaec0, 0x0000029cc9cfc088] Compiler: c2, Barriers: 29, Oops: 0, ImmediateOops: 0, NonImmediateOops: No
[2024-10-26T03:26:25.766+0530][1.157s][debug][gc,nmethod  ] Register NMethod: java.nio.Buffer.limit (0x0000029cc25bdf88) [0x0000029cc25be0c0, 0x0000029cc25be338] Compiler: c1, Barriers: 0, Oops: 0, ImmediateOops: 0, NonImmediateOops: No
[2024-10-26T03:26:25.766+0530][1.157s][debug][gc,nmethod  ] Register NMethod: java.math.BigInteger.destructiveMulAdd (0x0000029cc9cfc108) [0x0000029cc9cfc220, 0x0000029cc9cfc580] Compiler: c2, Barriers: 0, Oops: 0, ImmediateOops: 0, NonImmediateOops: No
[2024-10-26T03:26:25.767+0530][1.158s][debug][gc,nmethod  ] Register NMethod: java.lang.Character.digit (0x0000029cc9cfc608) [0x0000029cc9cfc720, 0x0000029cc9cfc898] Compiler: c2, Barriers: 0, Oops: 1, ImmediateOops: 3, NonImmediateOops: No
[2024-10-26T03:26:25.768+0530][1.159s][debug][gc,nmethod  ] Register NMethod: java.io.BufferedReader.readLine (0x0000029cc25be388) [0x0000029cc25be4a0, 0x0000029cc25be678] Compiler: c1, Barriers: 0, Oops: 0, ImmediateOops: 0, NonImmediateOops: No
[2024-10-26T03:26:25.768+0530][1.159s][debug][gc,nmethod  ] Register NMethod: org.springframework.boot.context.annotation.ImportCandidates.stripComment (0x0000029cc25be708) [0x0000029cc25be840, 0x0000029cc25bea18] Compiler: c1, Barriers: 0, Oops: 1, ImmediateOops: 1, NonImmediateOops: No
[2024-10-26T03:26:25.769+0530][1.159s][debug][gc,nmethod  ] Register NMethod: java.util.HashSet.add (0x0000029cc25bea88) [0x0000029cc25bebc0, 0x0000029cc25bee28] Compiler: c1, Barriers: 1, Oops: 0, ImmediateOops: 1, NonImmediateOops: No
[2024-10-26T03:26:25.769+0530][1.159s][debug][gc,nmethod  ] Register NMethod: java.util.Collections$UnmodifiableCollection$1.next (0x0000029cc25bee88) [0x0000029cc25befc0, 0x0000029cc25bf1d0] Compiler: c1, Barriers: 1, Oops: 0, ImmediateOops: 0, NonImmediateOops: No
[2024-10-26T03:26:25.769+0530][1.160s][debug][gc,nmethod  ] Register NMethod: java.io.BufferedReader.implReadLine (0x0000029cc25bf208) [0x0000029cc25bf4a0, 0x0000029cc25c0620] Compiler: c1, Barriers: 6, Oops: 0, ImmediateOops: 3, NonImmediateOops: No
[2024-10-26T03:26:25.769+0530][1.160s][debug][gc,nmethod  ] Register NMethod: java.io.BufferedReader.readLine (0x0000029cc25c0688) [0x0000029cc25c08c0, 0x0000029cc25c1918] Compiler: c1, Barriers: 9, Oops: 0, ImmediateOops: 0, NonImmediateOops: No
[2024-10-26T03:26:25.769+0530][1.160s][debug][gc,nmethod  ] Register NMethod: java.util.Collections$UnmodifiableCollection$1.hasNext (0x0000029cc25c1988) [0x0000029cc25c1ac0, 0x0000029cc25c1cd0] Compiler: c1, Barriers: 1, Oops: 0, ImmediateOops: 0, NonImmediateOops: No
[2024-10-26T03:26:25.769+0530][1.160s][debug][gc,nmethod  ] Register NMethod: java.security.Provider$UString.hashCode (0x0000029cc25c1d08) [0x0000029cc25c1e40, 0x0000029cc25c1fb8] Compiler: c1, Barriers: 1, Oops: 0, ImmediateOops: 0, NonImmediateOops: No
[2024-10-26T03:26:25.770+0530][1.161s][debug][gc,nmethod  ] Register NMethod: java.lang.CharacterDataLatin1.digit (0x0000029cc9cfc908) [0x0000029cc9cfca20, 0x0000029cc9cfcb30] Compiler: c2, Barriers: 0, Oops: 1, ImmediateOops: 1, NonImmediateOops: No
[2024-10-26T03:26:25.771+0530][1.161s][debug][gc,director ] Rule Major: Warmup 10%, Used: 166MB, UsedThreshold: 204MB
[2024-10-26T03:26:25.771+0530][1.161s][debug][gc,nmethod  ] Register NMethod: java.util.Collections$3.hasMoreElements (0x0000029cc25c2008) [0x0000029cc25c2140, 0x0000029cc25c2350] Compiler: c1, Barriers: 1, Oops: 0, ImmediateOops: 0, NonImmediateOops: No
[2024-10-26T03:26:25.771+0530][1.161s][debug][gc,director ] Rule Minor: High Usage, Free: 1842MB(89.9%)
[2024-10-26T03:26:25.771+0530][1.161s][debug][gc,nmethod  ] Register NMethod: java.util.Collections$3.nextElement (0x0000029cc25c2388) [0x0000029cc25c24c0, 0x0000029cc25c26d0] Compiler: c1, Barriers: 1, Oops: 0, ImmediateOops: 0, NonImmediateOops: No
[2024-10-26T03:26:25.771+0530][1.162s][debug][gc,nmethod  ] Register NMethod: org.springframework.boot.context.properties.source.ConfigurationPropertyName$ElementsParser.updateType (0x0000029cc9cfcc08) [0x0000029cc9cfcd40, 0x0000029cc9cfd070] Compiler: c2, Barriers: 0, Oops: 3, ImmediateOops: 12, NonImmediateOops: No
[2024-10-26T03:26:25.773+0530][1.163s][debug][gc,nmethod  ] Register NMethod: java.util.Properties.load0 (0x0000029cc9cfd108) [0x0000029cc9cfd2a0, 0x0000029cc9cfdef8] Compiler: c2, Barriers: 3, Oops: 0, ImmediateOops: 0, NonImmediateOops: No
[2024-10-26T03:26:25.773+0530][1.164s][debug][gc,nmethod  ] Register NMethod: java.util.concurrent.ConcurrentHashMap$BaseIterator.hasNext (0x0000029cc9cfdf88) [0x0000029cc9cfe080, 0x0000029cc9cfe148] Compiler: c2, Barriers: 1, Oops: 0, ImmediateOops: 0, NonImmediateOops: No
[2024-10-26T03:26:25.775+0530][1.166s][debug][gc,nmethod  ] Register NMethod: java.lang.invoke.LambdaFormEditor$TransformKey.packedBytes (0x0000029cc25c2708) [0x0000029cc25c2820, 0x0000029cc25c2930] Compiler: c1, Barriers: 0, Oops: 0, ImmediateOops: 0, NonImmediateOops: No
[2024-10-26T03:26:25.776+0530][1.167s][debug][gc,nmethod  ] Register NMethod: java.util.jar.Manifest.getAttributes (0x0000029cc25c2a08) [0x0000029cc25c2b40, 0x0000029cc25c2e48] Compiler: c1, Barriers: 1, Oops: 0, ImmediateOops: 0, NonImmediateOops: No
[2024-10-26T03:26:25.777+0530][1.168s][debug][gc,nmethod  ] Register NMethod: java.util.concurrent.ConcurrentHashMap$KeySetView.contains (0x0000029cc25c2e88) [0x0000029cc25c2fc0, 0x0000029cc25c3208] Compiler: c1, Barriers: 1, Oops: 0, ImmediateOops: 0, NonImmediateOops: No
[2024-10-26T03:26:25.778+0530][1.168s][debug][gc,nmethod  ] Register NMethod: java.lang.invoke.LambdaForm$MH/0x000002a0d4088800.invoke (0x0000029cc25c3288) [0x0000029cc25c33e0, 0x0000029cc25c3ac0] Compiler: c1, Barriers: 2, Oops: 1, ImmediateOops: 0, NonImmediateOops: No
[2024-10-26T03:26:25.778+0530][1.168s][debug][gc,nmethod  ] Register NMethod: java.lang.StringLatin1.inflate (0x0000029cc9cfe288) [0x0000029cc9cfe380, 0x0000029cc9cfe698] Compiler: c2, Barriers: 0, Oops: 0, ImmediateOops: 0, NonImmediateOops: No
[2024-10-26T03:26:25.778+0530][1.168s][debug][gc,nmethod  ] Register NMethod: java.lang.invoke.DirectMethodHandle$Holder.invokeStatic (0x0000029cc25c3b08) [0x0000029cc25c3c60, 0x0000029cc25c40c0] Compiler: c1, Barriers: 1, Oops: 0, ImmediateOops: 0, NonImmediateOops: No
[2024-10-26T03:26:25.779+0530][1.170s][debug][gc,nmethod  ] Register NMethod: java.util.concurrent.ConcurrentHashMap.putVal (0x0000029cc25c4108) [0x0000029cc25c4440, 0x0000029cc25c60e0] Compiler: c1, Barriers: 28, Oops: 0, ImmediateOops: 1, NonImmediateOops: No
[2024-10-26T03:26:25.779+0530][1.170s][debug][gc,nmethod  ] Register NMethod: java.util.Properties.getProperty (0x0000029cc25c6108) [0x0000029cc25c6260, 0x0000029cc25c6758] Compiler: c1, Barriers: 2, Oops: 0, ImmediateOops: 0, NonImmediateOops: No
[2024-10-26T03:26:25.781+0530][1.171s][debug][gc,director ] Rule Major: Warmup 10%, Used: 168MB, UsedThreshold: 204MB
[2024-10-26T03:26:25.781+0530][1.171s][debug][gc,director ] Rule Minor: High Usage, Free: 1840MB(89.8%)
[2024-10-26T03:26:25.781+0530][1.171s][debug][gc,nmethod  ] Register NMethod: java.lang.invoke.LambdaForm$MH/0x000002a0d4089c00.invoke (0x0000029cc25c6788) [0x0000029cc25c68e0, 0x0000029cc25c6f00] Compiler: c1, Barriers: 2, Oops: 1, ImmediateOops: 0, NonImmediateOops: No
[2024-10-26T03:26:25.781+0530][1.172s][debug][gc,nmethod  ] Register NMethod: java.lang.invoke.LambdaForm$MH/0x000002a0d408a400.invoke (0x0000029cc25c6f88) [0x0000029cc25c7160, 0x0000029cc25c7fa8] Compiler: c1, Barriers: 5, Oops: 1, ImmediateOops: 0, NonImmediateOops: No
[2024-10-26T03:26:25.784+0530][1.174s][debug][gc,nmethod  ] Register NMethod: java.lang.StringConcatHelper.stringOf (0x0000029cc9cfe708) [0x0000029cc9cfe800, 0x0000029cc9cfe8c8] Compiler: c2, Barriers: 0, Oops: 0, ImmediateOops: 0, NonImmediateOops: No
[2024-10-26T03:26:25.785+0530][1.176s][debug][gc,nmethod  ] Register NMethod: org.springframework.boot.context.properties.source.ConfigurationPropertyName.getElement (0x0000029cc9cfea08) [0x0000029cc9cfec60, 0x0000029cc9cfff78] Compiler: c2, Barriers: 21, Oops: 4, ImmediateOops: 7, NonImmediateOops: No
[2024-10-26T03:26:25.787+0530][1.178s][debug][gc,nmethod  ] Register NMethod: java.util.Arrays$ArrayItr.<init> (0x0000029cc25c8008) [0x0000029cc25c8120, 0x0000029cc25c8300] Compiler: c1, Barriers: 3, Oops: 0, ImmediateOops: 0, NonImmediateOops: No
[2024-10-26T03:26:25.787+0530][1.178s][debug][gc,nmethod  ] Register NMethod: java.util.Arrays$ArrayList.iterator (0x0000029cc25c8388) [0x0000029cc25c84c0, 0x0000029cc25c8790] Compiler: c1, Barriers: 4, Oops: 0, ImmediateOops: 0, NonImmediateOops: No
[2024-10-26T03:26:25.789+0530][1.180s][debug][gc,nmethod  ] Register NMethod: org.springframework.boot.loader.net.protocol.jar.JarUrlClassLoader.getJarFile (0x0000029cc9d00088) [0x0000029cc9d00260, 0x0000029cc9d00bc0] Compiler: c2, Barriers: 11, Oops: 1, ImmediateOops: 0, NonImmediateOops: No
[2024-10-26T03:26:25.790+0530][1.181s][debug][gc,nmethod  ] Register NMethod: org.springframework.boot.loader.net.protocol.jar.Handler.extractPath (0x0000029cc9d00c88) [0x0000029cc9d00dc0, 0x0000029cc9d01178] Compiler: c2, Barriers: 1, Oops: 2, ImmediateOops: 0, NonImmediateOops: No
[2024-10-26T03:26:25.790+0530][1.181s][debug][gc,alloc    ] Mutator Allocation Rate: 148.0MB/s Predicted: 151.1MB/s, Avg: 134.8(+/-27.4)MB/s
[2024-10-26T03:26:25.790+0530][1.181s][debug][gc,director ] Rule Major: Warmup 10%, Used: 172MB, UsedThreshold: 204MB
[2024-10-26T03:26:25.790+0530][1.181s][debug][gc,director ] Rule Minor: High Usage, Free: 1836MB(89.6%)
[2024-10-26T03:26:25.791+0530][1.182s][debug][gc,nmethod  ] Register NMethod: org.springframework.util.StringUtils.collectionToDelimitedString (0x0000029cc25c8808) [0x0000029cc25c8920, 0x0000029cc25c8a48] Compiler: c1, Barriers: 0, Oops: 1, ImmediateOops: 1, NonImmediateOops: No
[2024-10-26T03:26:25.791+0530][1.182s][debug][gc,nmethod  ] Register NMethod: java.lang.invoke.LambdaForm$MH/0x000002a0d4096c00.invoke (0x0000029cc25c8b08) [0x0000029cc25c8c40, 0x0000029cc25c90e8] Compiler: c1, Barriers: 2, Oops: 1, ImmediateOops: 0, NonImmediateOops: No
[2024-10-26T03:26:25.791+0530][1.182s][debug][gc,nmethod  ] Register NMethod: java.lang.StringConcatHelper.newArrayWithSuffix (0x0000029cc25c9108) [0x0000029cc25c9280, 0x0000029cc25c9828] Compiler: c1, Barriers: 1, Oops: 0, ImmediateOops: 3, NonImmediateOops: No
[2024-10-26T03:26:25.792+0530][1.182s][debug][gc,nmethod  ] Register NMethod: java.util.jar.JavaUtilJarAccessImpl.getTrustedAttributes (0x0000029cc25c9888) [0x0000029cc25c99a0, 0x0000029cc25c9b00] Compiler: c1, Barriers: 0, Oops: 0, ImmediateOops: 0, NonImmediateOops: No
[2024-10-26T03:26:25.792+0530][1.183s][debug][gc,nmethod  ] Register NMethod: org.springframework.util.StringUtils.collectionToDelimitedString (0x0000029cc25c9b88) [0x0000029cc25c9f00, 0x0000029cc25cb8c8] Compiler: c1, Barriers: 4, Oops: 1, ImmediateOops: 4, NonImmediateOops: No
[2024-10-26T03:26:25.792+0530][1.183s][debug][gc,nmethod  ] Register NMethod: java.util.jar.Manifest.getTrustedAttributes (0x0000029cc25cb988) [0x0000029cc25cbb80, 0x0000029cc25cc548] Compiler: c1, Barriers: 2, Oops: 1, ImmediateOops: 2, NonImmediateOops: No
[2024-10-26T03:26:25.794+0530][1.185s][debug][gc,nmethod  ] Register NMethod: org.springframework.util.StringUtils.delimitedListToStringArray (0x0000029cc25cc608) [0x0000029cc25cc720, 0x0000029cc25cc848] Compiler: c1, Barriers: 0, Oops: 1, ImmediateOops: 0, NonImmediateOops: No
[2024-10-26T03:26:25.795+0530][1.186s][debug][gc,nmethod  ] Register NMethod: org.springframework.util.StringUtils.delimitedListToStringArray (0x0000029cc25cc908) [0x0000029cc25ccca0, 0x0000029cc25ceba8] Compiler: c1, Barriers: 22, Oops: 1, ImmediateOops: 4, NonImmediateOops: No
[2024-10-26T03:26:25.799+0530][1.189s][debug][gc,nmethod  ] Register NMethod: java.lang.invoke.LambdaForm$MH/0x000002a0d4097400.invoke (0x0000029cc25cec88) [0x0000029cc25cedc0, 0x0000029cc25cf230] Compiler: c1, Barriers: 1, Oops: 1, ImmediateOops: 0, NonImmediateOops: No
[2024-10-26T03:26:25.799+0530][1.190s][debug][gc,nmethod  ] Register NMethod: java.lang.invoke.LambdaForm$MH/0x000002a0d4097c00.invoke (0x0000029cc25cf288) [0x0000029cc25cf440, 0x0000029cc25d00f0] Compiler: c1, Barriers: 5, Oops: 1, ImmediateOops: 0, NonImmediateOops: No
[2024-10-26T03:26:25.800+0530][1.190s][debug][gc,director ] Rule Major: Warmup 10%, Used: 174MB, UsedThreshold: 204MB
[2024-10-26T03:26:25.800+0530][1.190s][debug][gc,director ] Rule Minor: High Usage, Free: 1834MB(89.6%)
[2024-10-26T03:26:25.803+0530][1.193s][debug][gc,nmethod  ] Register NMethod: org.springframework.boot.loader.net.protocol.jar.Handler.parseURL (0x0000029cc9d01208) [0x0000029cc9d01400, 0x0000029cc9d02780] Compiler: c2, Barriers: 27, Oops: 7, ImmediateOops: 6, NonImmediateOops: No
[2024-10-26T03:26:25.807+0530][1.198s][debug][gc,nmethod  ] Register NMethod: org.springframework.util.Assert.hasLength (0x0000029cc25d0108) [0x0000029cc25d0260, 0x0000029cc25d0600] Compiler: c1, Barriers: 1, Oops: 1, ImmediateOops: 0, NonImmediateOops: No
[2024-10-26T03:26:25.809+0530][1.199s][debug][gc,nmethod  ] Register NMethod: org.springframework.boot.autoconfigure.AutoConfigurationMetadataLoader$PropertiesAutoConfigurationMetadata.get (0x0000029cc25d0688) [0x0000029cc25d09a0, 0x0000029cc25d24b8] Compiler: c1, Barriers: 1, Oops: 18, ImmediateOops: 10, NonImmediateOops: No
[2024-10-26T03:26:25.809+0530][1.199s][debug][gc,nmethod  ] Register NMethod: org.springframework.boot.autoconfigure.AutoConfigurationMetadataLoader$PropertiesAutoConfigurationMetadata.get (0x0000029cc25d2688) [0x0000029cc25d29c0, 0x0000029cc25d44b8] Compiler: c1, Barriers: 1, Oops: 18, ImmediateOops: 9, NonImmediateOops: No
[2024-10-26T03:26:25.809+0530][1.200s][debug][gc,nmethod  ] Register NMethod: org.springframework.boot.autoconfigure.condition.FilteringSpringBootCondition$ClassNameFilter.isPresent (0x0000029cc25d4688) [0x0000029cc25d4800, 0x0000029cc25d4b38] Compiler: c1, Barriers: 0, Oops: 1, ImmediateOops: 0, NonImmediateOops: No
[2024-10-26T03:26:25.809+0530][1.200s][debug][gc,nmethod  ] Register NMethod: org.springframework.boot.autoconfigure.condition.FilteringSpringBootCondition$ClassNameFilter$2.matches (0x0000029cc25d4b88) [0x0000029cc25d4d00, 0x0000029cc25d50d8] Compiler: c1, Barriers: 0, Oops: 1, ImmediateOops: 0, NonImmediateOops: No
[2024-10-26T03:26:25.809+0530][1.200s][debug][gc,nmethod  ] Register NMethod: org.springframework.boot.autoconfigure.condition.FilteringSpringBootCondition.resolve (0x0000029cc25d5108) [0x0000029cc25d5260, 0x0000029cc25d54a0] Compiler: c1, Barriers: 0, Oops: 1, ImmediateOops: 0, NonImmediateOops: No
[2024-10-26T03:26:25.810+0530][1.200s][debug][gc,director ] Rule Major: Warmup 10%, Used: 176MB, UsedThreshold: 204MB
[2024-10-26T03:26:25.810+0530][1.200s][debug][gc,director ] Rule Minor: High Usage, Free: 1832MB(89.5%)
[2024-10-26T03:26:25.810+0530][1.201s][debug][gc,nmethod  ] Register NMethod: org.springframework.boot.autoconfigure.condition.OnClassCondition$StandardOutcomesResolver.getOutcome (0x0000029cc25d5508) [0x0000029cc25d5920, 0x0000029cc25d7828] Compiler: c1, Barriers: 11, Oops: 11, ImmediateOops: 9, NonImmediateOops: No
[2024-10-26T03:26:25.810+0530][1.201s][debug][gc,nmethod  ] Register NMethod: java.lang.StringLatin1.compareTo (0x0000029cc25d7a08) [0x0000029cc25d7b20, 0x0000029cc25d7c48] Compiler: c1, Barriers: 0, Oops: 0, ImmediateOops: 0, NonImmediateOops: No
[2024-10-26T03:26:25.811+0530][1.201s][debug][gc,nmethod  ] Register NMethod: java.lang.String.compareTo (0x0000029cc25d7d08) [0x0000029cc25d7ea0, 0x0000029cc25d8378] Compiler: c1, Barriers: 2, Oops: 0, ImmediateOops: 0, NonImmediateOops: No
[2024-10-26T03:26:25.811+0530][1.201s][debug][gc,nmethod  ] Register NMethod: java.lang.String.compareTo (0x0000029cc25d8408) [0x0000029cc25d8540, 0x0000029cc25d8750] Compiler: c1, Barriers: 0, Oops: 0, ImmediateOops: 0, NonImmediateOops: No
[2024-10-26T03:26:25.811+0530][1.201s][debug][gc,nmethod  ] Register NMethod: java.lang.StringLatin1.compareTo (0x0000029cc25d8788) [0x0000029cc25d88e0, 0x0000029cc25d8c38] Compiler: c1, Barriers: 0, Oops: 0, ImmediateOops: 0, NonImmediateOops: No
[2024-10-26T03:26:25.811+0530][1.202s][debug][gc,nmethod  ] Register NMethod: java.util.TreeMap.leftOf (0x0000029cc25d8c88) [0x0000029cc25d8da0, 0x0000029cc25d8f30] Compiler: c1, Barriers: 1, Oops: 0, ImmediateOops: 0, NonImmediateOops: No
[2024-10-26T03:26:25.811+0530][1.202s][debug][gc,nmethod  ] Register NMethod: java.util.TreeMap.setColor (0x0000029cc25d8f88) [0x0000029cc25d90a0, 0x0000029cc25d91c0] Compiler: c1, Barriers: 0, Oops: 0, ImmediateOops: 0, NonImmediateOops: No
[2024-10-26T03:26:25.811+0530][1.202s][debug][gc,nmethod  ] Register NMethod: java.util.HashMap.remove (0x0000029cc25d9288) [0x0000029cc25d93e0, 0x0000029cc25d9770] Compiler: c1, Barriers: 1, Oops: 0, ImmediateOops: 0, NonImmediateOops: No
[2024-10-26T03:26:25.811+0530][1.202s][debug][gc,nmethod  ] Register NMethod: java.util.LinkedHashSet.<init> (0x0000029cc25d9788) [0x0000029cc25d98c0, 0x0000029cc25d9a18] Compiler: c1, Barriers: 0, Oops: 0, ImmediateOops: 0, NonImmediateOops: No
[2024-10-26T03:26:25.811+0530][1.202s][debug][gc,nmethod  ] Register NMethod: java.lang.StringLatin1.getChar (0x0000029cc9d02908) [0x0000029cc9d02a00, 0x0000029cc9d02aa8] Compiler: c2, Barriers: 0, Oops: 0, ImmediateOops: 0, NonImmediateOops: No
[2024-10-26T03:26:25.811+0530][1.202s][debug][gc,nmethod  ] Register NMethod: org.springframework.boot.autoconfigure.condition.ConditionOutcome.isMatch (0x0000029cc9d02c08) [0x0000029cc9d02d20, 0x0000029cc9d02df0] Compiler: c1, Barriers: 0, Oops: 1, ImmediateOops: 0, NonImmediateOops: No
[2024-10-26T03:26:25.811+0530][1.202s][debug][gc,nmethod  ] Register NMethod: java.util.TreeMap.colorOf (0x0000029cc25d9a88) [0x0000029cc25d9ba0, 0x0000029cc25d9ce0] Compiler: c1, Barriers: 0, Oops: 0, ImmediateOops: 0, NonImmediateOops: No
[2024-10-26T03:26:25.812+0530][1.202s][debug][gc,nmethod  ] Register NMethod: java.util.HashSet.remove (0x0000029cc25d9d88) [0x0000029cc25d9ec0, 0x0000029cc25da128] Compiler: c1, Barriers: 1, Oops: 0, ImmediateOops: 1, NonImmediateOops: No
[2024-10-26T03:26:25.812+0530][1.202s][debug][gc,nmethod  ] Register NMethod: java.util.TreeMap.fixAfterInsertion (0x0000029cc25da188) [0x0000029cc25da620, 0x0000029cc25dce88] Compiler: c1, Barriers: 25, Oops: 0, ImmediateOops: 0, NonImmediateOops: No
[2024-10-26T03:26:25.812+0530][1.202s][debug][gc,nmethod  ] Register NMethod: java.util.HashMap.removeNode (0x0000029cc25dcf08) [0x0000029cc25dd140, 0x0000029cc25de4a0] Compiler: c1, Barriers: 15, Oops: 0, ImmediateOops: 0, NonImmediateOops: No
[2024-10-26T03:26:25.814+0530][1.205s][debug][gc,nmethod  ] Register NMethod: org.springframework.boot.autoconfigure.condition.FilteringSpringBootCondition.getBeanClassLoader (0x0000029cc9d02f08) [0x0000029cc9d03020, 0x0000029cc9d03118] Compiler: c1, Barriers: 1, Oops: 1, ImmediateOops: 0, NonImmediateOops: No
[2024-10-26T03:26:25.814+0530][1.205s][debug][gc,nmethod  ] Register NMethod: java.util.Arrays$ArrayList.size (0x0000029cc25de508) [0x0000029cc25de620, 0x0000029cc25de760] Compiler: c1, Barriers: 1, Oops: 0, ImmediateOops: 0, NonImmediateOops: No
[2024-10-26T03:26:25.815+0530][1.206s][debug][gc,nmethod  ] Register NMethod: org.springframework.boot.loader.net.protocol.jar.JarUrlConnection.getUseCaches (0x0000029cc9d03208) [0x0000029cc9d03320, 0x0000029cc9d03418] Compiler: c2, Barriers: 1, Oops: 1, ImmediateOops: 0, NonImmediateOops: No
[2024-10-26T03:26:25.816+0530][1.207s][debug][gc,nmethod  ] Register NMethod: java.lang.invoke.MethodHandles$Lookup.restrictProtectedReceiver (0x0000029cc25de808) [0x0000029cc25de980, 0x0000029cc25deea8] Compiler: c1, Barriers: 2, Oops: 0, ImmediateOops: 0, NonImmediateOops: No
[2024-10-26T03:26:25.816+0530][1.207s][debug][gc,nmethod  ] Register NMethod: java.lang.invoke.MethodType.methodType (0x0000029cc25def08) [0x0000029cc25df080, 0x0000029cc25df510] Compiler: c1, Barriers: 3, Oops: 0, ImmediateOops: 3, NonImmediateOops: No
[2024-10-26T03:26:25.816+0530][1.207s][debug][gc,nmethod  ] Register NMethod: java.util.stream.ReduceOps$3ReducingSink.accept (0x0000029cc25df588) [0x0000029cc25df6c0, 0x0000029cc25df908] Compiler: c1, Barriers: 2, Oops: 0, ImmediateOops: 0, NonImmediateOops: No
[2024-10-26T03:26:25.820+0530][1.210s][debug][gc,director ] Rule Major: Warmup 10%, Used: 176MB, UsedThreshold: 204MB
[2024-10-26T03:26:25.820+0530][1.210s][debug][gc,director ] Rule Minor: High Usage, Free: 1832MB(89.5%)
[2024-10-26T03:26:25.823+0530][1.213s][debug][gc,nmethod  ] Register NMethod: java.util.Properties.load0 (0x0000029cc9d03508) [0x0000029cc9d036c0, 0x0000029cc9d042e0] Compiler: c2, Barriers: 6, Oops: 0, ImmediateOops: 0, NonImmediateOops: No
[2024-10-26T03:26:25.824+0530][1.215s][debug][gc,nmethod  ] Register NMethod: java.util.Properties.containsKey (0x0000029cc25df988) [0x0000029cc25dfac0, 0x0000029cc25dfd08] Compiler: c1, Barriers: 1, Oops: 0, ImmediateOops: 0, NonImmediateOops: No
[2024-10-26T03:26:25.824+0530][1.215s][debug][gc,nmethod  ] Register NMethod: org.springframework.boot.autoconfigure.AutoConfigurationMetadataLoader$PropertiesAutoConfigurationMetadata.wasProcessed (0x0000029cc25dfd88) [0x0000029cc25dfec0, 0x0000029cc25e0220] Compiler: c1, Barriers: 2, Oops: 1, ImmediateOops: 0, NonImmediateOops: No
[2024-10-26T03:26:25.824+0530][1.215s][debug][gc,nmethod  ] Register NMethod: org.springframework.boot.autoconfigure.AutoConfigurationSorter$AutoConfigurationClass.wasProcessed (0x0000029cc25e0288) [0x0000029cc25e03e0, 0x0000029cc25e08e0] Compiler: c1, Barriers: 4, Oops: 1, ImmediateOops: 0, NonImmediateOops: No
[2024-10-26T03:26:25.825+0530][1.216s][debug][gc,nmethod  ] Register NMethod: org.springframework.boot.autoconfigure.AutoConfigurationSorter$AutoConfigurationClasses.get (0x0000029cc25e0988) [0x0000029cc25e0ac0, 0x0000029cc25e0da0] Compiler: c1, Barriers: 1, Oops: 1, ImmediateOops: 0, NonImmediateOops: No
[2024-10-26T03:26:25.826+0530][1.216s][debug][gc,nmethod  ] Register NMethod: org.springframework.boot.autoconfigure.AutoConfigurationSorter$AutoConfigurationClass.getOrder (0x0000029cc25e0e08) [0x0000029cc25e1060, 0x0000029cc25e1eb0] Compiler: c1, Barriers: 7, Oops: 3, ImmediateOops: 3, NonImmediateOops: No
[2024-10-26T03:26:25.826+0530][1.216s][debug][gc,nmethod  ] Register NMethod: org.springframework.boot.autoconfigure.AutoConfigurationMetadataLoader$PropertiesAutoConfigurationMetadata.getSet (0x0000029cc25e1f88) [0x0000029cc25e23c0, 0x0000029cc25e4780] Compiler: c1, Barriers: 5, Oops: 19, ImmediateOops: 10, NonImmediateOops: No
[2024-10-26T03:26:25.826+0530][1.217s][debug][gc,nmethod  ] Register NMethod: org.springframework.boot.autoconfigure.AutoConfigurationMetadataLoader$PropertiesAutoConfigurationMetadata.getInteger (0x0000029cc25e4988) [0x0000029cc25e4cc0, 0x0000029cc25e67b8] Compiler: c1, Barriers: 1, Oops: 18, ImmediateOops: 9, NonImmediateOops: No
[2024-10-26T03:26:25.826+0530][1.217s][debug][gc,nmethod  ] Register NMethod: org.springframework.boot.autoconfigure.AutoConfigurationSorter$AutoConfigurationClasses$$Lambda/0x000002a0d42991f0.accept (0x0000029cc25e6988) [0x0000029cc25e6b00, 0x0000029cc25e70a8] Compiler: c1, Barriers: 2, Oops: 1, ImmediateOops: 0, NonImmediateOops: No
[2024-10-26T03:26:25.827+0530][1.217s][debug][gc,nmethod  ] Register NMethod: org.springframework.boot.autoconfigure.AutoConfigurationSorter$AutoConfigurationClasses.lambda$getClassesRequestedAfter$0 (0x0000029cc25e7108) [0x0000029cc25e7260, 0x0000029cc25e7568] Compiler: c1, Barriers: 0, Oops: 1, ImmediateOops: 0, NonImmediateOops: No
[2024-10-26T03:26:25.827+0530][1.217s][debug][gc,nmethod  ] Register NMethod: java.lang.invoke.MethodHandle.isSafeToCache (0x0000029cc25e7588) [0x0000029cc25e76c0, 0x0000029cc25e7870] Compiler: c1, Barriers: 1, Oops: 0, ImmediateOops: 0, NonImmediateOops: No
[2024-10-26T03:26:25.827+0530][1.217s][debug][gc,nmethod  ] Register NMethod: org.springframework.boot.autoconfigure.AutoConfigurationSorter$AutoConfigurationClass.getBefore (0x0000029cc25e7888) [0x0000029cc25e7b00, 0x0000029cc25e8b18] Compiler: c1, Barriers: 14, Oops: 4, ImmediateOops: 3, NonImmediateOops: No
[2024-10-26T03:26:25.827+0530][1.218s][debug][gc,nmethod  ] Register NMethod: org.springframework.util.Assert.state (0x0000029cc25e8c88) [0x0000029cc25e8de0, 0x0000029cc25e9210] Compiler: c1, Barriers: 0, Oops: 1, ImmediateOops: 0, NonImmediateOops: No
[2024-10-26T03:26:25.827+0530][1.218s][debug][gc,nmethod  ] Register NMethod: java.util.LinkedHashMap.forEach (0x0000029cc25e9288) [0x0000029cc25e9400, 0x0000029cc25e9980] Compiler: c1, Barriers: 4, Oops: 0, ImmediateOops: 0, NonImmediateOops: No
[2024-10-26T03:26:25.828+0530][1.218s][debug][gc,nmethod  ] Register NMethod: java.util.Collections$EmptySet.size (0x0000029cc9d04388) [0x0000029cc9d044a0, 0x0000029cc9d04568] Compiler: c1, Barriers: 0, Oops: 0, ImmediateOops: 0, NonImmediateOops: No
[2024-10-26T03:26:25.828+0530][1.218s][debug][gc,nmethod  ] Register NMethod: org.springframework.boot.autoconfigure.AutoConfigurationSorter$$Lambda/0x000002a0d4298fa8.apply (0x0000029cc25e9a08) [0x0000029cc25e9b60, 0x0000029cc25ea0d8] Compiler: c1, Barriers: 2, Oops: 1, ImmediateOops: 1, NonImmediateOops: No
[2024-10-26T03:26:25.828+0530][1.219s][debug][gc,nmethod  ] Register NMethod: java.util.LinkedHashSet.<init> (0x0000029cc25ea188) [0x0000029cc25ea320, 0x0000029cc25ea7c8] Compiler: c1, Barriers: 0, Oops: 0, ImmediateOops: 0, NonImmediateOops: No
[2024-10-26T03:26:25.828+0530][1.219s][debug][gc,nmethod  ] Register NMethod: java.util.LinkedHashMap.afterNodeRemoval (0x0000029cc25ea808) [0x0000029cc25ea980, 0x0000029cc25eaf58] Compiler: c1, Barriers: 20, Oops: 0, ImmediateOops: 0, NonImmediateOops: No
[2024-10-26T03:26:25.828+0530][1.219s][debug][gc,nmethod  ] Register NMethod: org.springframework.boot.autoconfigure.AutoConfigurationSorter$AutoConfigurationClass.getBefore (0x0000029cc9d04688) [0x0000029cc9d04780, 0x0000029cc9d04860] Compiler: c2, Barriers: 2, Oops: 1, ImmediateOops: 0, NonImmediateOops: No
[2024-10-26T03:26:25.829+0530][1.219s][debug][gc,nmethod  ] Register NMethod: org.springframework.boot.autoconfigure.AutoConfigurationSorter$AutoConfigurationClass.getAfter (0x0000029cc25eaf88) [0x0000029cc25eb200, 0x0000029cc25ec218] Compiler: c1, Barriers: 14, Oops: 4, ImmediateOops: 3, NonImmediateOops: No
[2024-10-26T03:26:25.830+0530][1.221s][debug][gc,nmethod  ] Register NMethod: java.util.ArrayList.indexOfRange (0x0000029cc9d04988) [0x0000029cc9d04aa0, 0x0000029cc9d04c80] Compiler: c2, Barriers: 2, Oops: 0, ImmediateOops: 0, NonImmediateOops: No
[2024-10-26T03:26:25.831+0530][1.221s][debug][gc,director ] Rule Major: Warmup 10%, Used: 178MB, UsedThreshold: 204MB
[2024-10-26T03:26:25.831+0530][1.221s][debug][gc,director ] Rule Minor: High Usage, Free: 1830MB(89.4%)
[2024-10-26T03:26:25.831+0530][1.222s][debug][gc,nmethod  ] Register NMethod: org.springframework.util.ConcurrentReferenceHashMap$SoftEntryReference.getNext (0x0000029cc9d04d08) [0x0000029cc9d04e20, 0x0000029cc9d04f18] Compiler: c1, Barriers: 1, Oops: 1, ImmediateOops: 0, NonImmediateOops: No
[2024-10-26T03:26:25.831+0530][1.222s][debug][gc,nmethod  ] Register NMethod: java.util.LinkedHashMap$LinkedKeyIterator.next (0x0000029cc9d05008) [0x0000029cc9d05140, 0x0000029cc9d054a0] Compiler: c2, Barriers: 10, Oops: 0, ImmediateOops: 0, NonImmediateOops: No
[2024-10-26T03:26:25.832+0530][1.223s][debug][gc,nmethod  ] Register NMethod: java.util.Properties.loadConvert (0x0000029cc9d05508) [0x0000029cc9d05700, 0x0000029cc9d06598] Compiler: c2, Barriers: 10, Oops: 1, ImmediateOops: 1, NonImmediateOops: No
[2024-10-26T03:26:25.834+0530][1.225s][debug][gc,nmethod  ] Register NMethod: java.util.ArrayList.clear (0x0000029cc25ec388) [0x0000029cc25ec4c0, 0x0000029cc25ec860] Compiler: c1, Barriers: 4, Oops: 0, ImmediateOops: 0, NonImmediateOops: No
[2024-10-26T03:26:25.835+0530][1.226s][debug][gc,nmethod  ] Register NMethod: java.lang.Class.isEnum (0x0000029cc25ec888) [0x0000029cc25ec9c0, 0x0000029cc25ecbb0] Compiler: c1, Barriers: 0, Oops: 0, ImmediateOops: 1, NonImmediateOops: No
[2024-10-26T03:26:25.836+0530][1.226s][debug][gc,nmethod  ] Register NMethod: org.springframework.boot.autoconfigure.AutoConfigurationSorter$AutoConfigurationClasses$$Lambda/0x000002a0d42991f0.accept (0x0000029cc9d06688) [0x0000029cc9d06920, 0x0000029cc9d07fe0] Compiler: c2, Barriers: 23, Oops: 1, ImmediateOops: 0, NonImmediateOops: No
[2024-10-26T03:26:25.836+0530][1.227s][debug][gc,nmethod  ] Register NMethod: org.springframework.util.ConcurrentReferenceHashMap$Task.<init> (0x0000029cc25ecc08) [0x0000029cc25ecd60, 0x0000029cc25ed0c0] Compiler: c1, Barriers: 7, Oops: 1, ImmediateOops: 1, NonImmediateOops: No
[2024-10-26T03:26:25.836+0530][1.227s][debug][gc,nmethod  ] Register NMethod: org.springframework.util.ConcurrentReferenceHashMap.doTask (0x0000029cc25ed108) [0x0000029cc25ed260, 0x0000029cc25ed518] Compiler: c1, Barriers: 2, Oops: 1, ImmediateOops: 0, NonImmediateOops: No
[2024-10-26T03:26:25.836+0530][1.227s][debug][gc,nmethod  ] Register NMethod: java.util.Properties$LineReader.readLine (0x0000029cc9d08108) [0x0000029cc9d08360, 0x0000029cc9d09e18] Compiler: c2, Barriers: 12, Oops: 1, ImmediateOops: 1, NonImmediateOops: No
[2024-10-26T03:26:25.837+0530][1.228s][debug][gc,nmethod  ] Register NMethod: org.springframework.asm.ClassReader.readUnsignedShort (0x0000029cc9d09e88) [0x0000029cc9d09fa0, 0x0000029cc9d0a0e0] Compiler: c2, Barriers: 1, Oops: 1, ImmediateOops: 0, NonImmediateOops: No
[2024-10-26T03:26:25.837+0530][1.228s][debug][gc,nmethod  ] Register NMethod: jdk.proxy2.$Proxy30.annotationType (0x0000029cc25ed588) [0x0000029cc25ed6e0, 0x0000029cc25edaf8] Compiler: c1, Barriers: 1, Oops: 1, ImmediateOops: 1, NonImmediateOops: No
[2024-10-26T03:26:25.837+0530][1.228s][debug][gc,nmethod  ] Register NMethod: org.springframework.core.annotation.PackagesAnnotationFilter.hashCode (0x0000029cc9d0a188) [0x0000029cc9d0a2a0, 0x0000029cc9d0a368] Compiler: c1, Barriers: 0, Oops: 1, ImmediateOops: 0, NonImmediateOops: No
[2024-10-26T03:26:25.837+0530][1.228s][debug][gc,nmethod  ] Register NMethod: java.lang.ref.SoftReference.get (0x0000029cc9d0a488) [0x0000029cc9d0a580, 0x0000029cc9d0a690] Compiler: c2, Barriers: 2, Oops: 0, ImmediateOops: 1, NonImmediateOops: No
[2024-10-26T03:26:25.838+0530][1.228s][debug][gc,nmethod  ] Register NMethod: java.lang.invoke.Invokers$Holder.linkToTargetMethod (0x0000029cc9d0a788) [0x0000029cc9d0a8a0, 0x0000029cc9d0a9a0] Compiler: c2, Barriers: 0, Oops: 0, ImmediateOops: 0, NonImmediateOops: No
[2024-10-26T03:26:25.840+0530][1.230s][debug][gc,nmethod  ] Register NMethod: java.lang.Class.protectionDomain (0x0000029cc25edb88) [0x0000029cc25edd60, 0x0000029cc25ee4d8] Compiler: c1, Barriers: 11, Oops: 0, ImmediateOops: 4, NonImmediateOops: No
[2024-10-26T03:26:25.841+0530][1.231s][debug][gc,nmethod  ] Register NMethod: org.springframework.core.annotation.AttributeMethods.canThrowTypeNotPresentException (0x0000029cc25ee508) [0x0000029cc25ee620, 0x0000029cc25ee788] Compiler: c1, Barriers: 1, Oops: 1, ImmediateOops: 0, NonImmediateOops: No
[2024-10-26T03:26:25.842+0530][1.232s][debug][gc,director ] Rule Major: Warmup 10%, Used: 178MB, UsedThreshold: 204MB
[2024-10-26T03:26:25.842+0530][1.232s][debug][gc,director ] Rule Minor: High Usage, Free: 1830MB(89.4%)
[2024-10-26T03:26:25.842+0530][1.233s][debug][gc,nmethod  ] Register NMethod: org.springframework.util.Assert.isTrue (0x0000029cc25ee808) [0x0000029cc25ee940, 0x0000029cc25eeb20] Compiler: c1, Barriers: 0, Oops: 1, ImmediateOops: 0, NonImmediateOops: No
[2024-10-26T03:26:25.843+0530][1.233s][debug][gc,nmethod  ] Register NMethod: org.springframework.asm.ClassReader.readInt (0x0000029cc25eeb88) [0x0000029cc25eeca0, 0x0000029cc25eeea0] Compiler: c1, Barriers: 1, Oops: 1, ImmediateOops: 0, NonImmediateOops: No
[2024-10-26T03:26:25.843+0530][1.234s][debug][gc,nmethod  ] Register NMethod: org.springframework.core.annotation.MergedAnnotationsCollection$AnnotationsSpliterator.getMapping (0x0000029cc25eef08) [0x0000029cc25ef080, 0x0000029cc25ef678] Compiler: c1, Barriers: 5, Oops: 1, ImmediateOops: 0, NonImmediateOops: No
[2024-10-26T03:26:25.843+0530][1.234s][debug][gc,nmethod  ] Register NMethod: org.springframework.core.io.DefaultResourceLoader.getProtocolResolvers (0x0000029cc9d0aa88) [0x0000029cc9d0aba0, 0x0000029cc9d0ac98] Compiler: c1, Barriers: 1, Oops: 1, ImmediateOops: 0, NonImmediateOops: No
[2024-10-26T03:26:25.843+0530][1.234s][debug][gc,nmethod  ] Register NMethod: org.springframework.core.annotation.MergedAnnotationsCollection$AnnotationsSpliterator.getNextSuitableMapping (0x0000029cc25ef708) [0x0000029cc25ef900, 0x0000029cc25f0440] Compiler: c1, Barriers: 10, Oops: 1, ImmediateOops: 0, NonImmediateOops: No
[2024-10-26T03:26:25.844+0530][1.234s][debug][gc,nmethod  ] Register NMethod: java.lang.AbstractStringBuilder.append (0x0000029cc9d0ad88) [0x0000029cc9d0aee0, 0x0000029cc9d0b238] Compiler: c2, Barriers: 5, Oops: 0, ImmediateOops: 0, NonImmediateOops: No
[2024-10-26T03:26:25.844+0530][1.234s][debug][gc,nmethod  ] Register NMethod: java.util.concurrent.ConcurrentHashMap$BaseIterator.<init> (0x0000029cc25f0508) [0x0000029cc25f0640, 0x0000029cc25f0840] Compiler: c1, Barriers: 3, Oops: 0, ImmediateOops: 0, NonImmediateOops: No
[2024-10-26T03:26:25.844+0530][1.235s][debug][gc,nmethod  ] Register NMethod: org.springframework.core.annotation.AbstractMergedAnnotation.<init> (0x0000029cc25f0888) [0x0000029cc25f09a0, 0x0000029cc25f0b08] Compiler: c1, Barriers: 0, Oops: 1, ImmediateOops: 0, NonImmediateOops: No
[2024-10-26T03:26:25.844+0530][1.235s][debug][gc,nmethod  ] Register NMethod: java.nio.DirectIntBufferU.get (0x0000029cc9d0b288) [0x0000029cc9d0b3a0, 0x0000029cc9d0b4e0] Compiler: c2, Barriers: 1, Oops: 2, ImmediateOops: 0, NonImmediateOops: No
[2024-10-26T03:26:25.845+0530][1.236s][debug][gc,nmethod  ] Register NMethod: jdk.internal.module.Resources.toPackageName (0x0000029cc25f0b88) [0x0000029cc25f0d40, 0x0000029cc25f1410] Compiler: c1, Barriers: 2, Oops: 0, ImmediateOops: 1, NonImmediateOops: No
[2024-10-26T03:26:25.845+0530][1.236s][debug][gc,nmethod  ] Register NMethod: java.lang.reflect.Method.getAnnotationBytes (0x0000029cc9d0b588) [0x0000029cc9d0b6a0, 0x0000029cc9d0b798] Compiler: c1, Barriers: 1, Oops: 0, ImmediateOops: 0, NonImmediateOops: No
[2024-10-26T03:26:25.845+0530][1.236s][debug][gc,nmethod  ] Register NMethod: org.springframework.core.annotation.TypeMappedAnnotation.<init> (0x0000029cc25f1488) [0x0000029cc25f15a0, 0x0000029cc25f16e8] Compiler: c1, Barriers: 0, Oops: 1, ImmediateOops: 0, NonImmediateOops: No
[2024-10-26T03:26:25.846+0530][1.236s][debug][gc,nmethod  ] Register NMethod: sun.reflect.annotation.AnnotationParser.parseEnumValue (0x0000029cc25f1788) [0x0000029cc25f1a40, 0x0000029cc25f2970] Compiler: c1, Barriers: 3, Oops: 1, ImmediateOops: 3, NonImmediateOops: No
[2024-10-26T03:26:25.846+0530][1.237s][debug][gc,nmethod  ] Register NMethod: org.springframework.core.annotation.TypeMappedAnnotation.<init> (0x0000029cc25f2a08) [0x0000029cc25f2c20, 0x0000029cc25f3918] Compiler: c1, Barriers: 33, Oops: 2, ImmediateOops: 2, NonImmediateOops: No
[2024-10-26T03:26:25.846+0530][1.237s][debug][gc,nmethod  ] Register NMethod: jdk.internal.access.SharedSecrets.getJavaLangAccess (0x0000029cc9d0b888) [0x0000029cc9d0b980, 0x0000029cc9d0ba38] Compiler: c2, Barriers: 1, Oops: 0, ImmediateOops: 1, NonImmediateOops: No
[2024-10-26T03:26:25.847+0530][1.237s][debug][gc,nmethod  ] Register NMethod: jdk.internal.loader.BuiltinClassLoader.findMiscResource (0x0000029cc25f3a08) [0x0000029cc25f3c40, 0x0000029cc25f4e38] Compiler: c1, Barriers: 16, Oops: 0, ImmediateOops: 3, NonImmediateOops: No
[2024-10-26T03:26:25.847+0530][1.237s][debug][gc,nmethod  ] Register NMethod: org.springframework.core.annotation.TypeMappedAnnotation.getType (0x0000029cc25f4f08) [0x0000029cc25f5020, 0x0000029cc25f51a8] Compiler: c1, Barriers: 2, Oops: 1, ImmediateOops: 0, NonImmediateOops: No
[2024-10-26T03:26:25.847+0530][1.238s][debug][gc,nmethod  ] Register NMethod: java.lang.ref.Reference.refersTo (0x0000029cc9d0bb88) [0x0000029cc9d0bc80, 0x0000029cc9d0bd20] Compiler: c2, Barriers: 0, Oops: 0, ImmediateOops: 0, NonImmediateOops: No
[2024-10-26T03:26:25.847+0530][1.238s][debug][gc,nmethod  ] Register NMethod: jdk.internal.loader.URLClassPath.checkURL (0x0000029cc25f5208) [0x0000029cc25f5340, 0x0000029cc25f54f8] Compiler: c1, Barriers: 0, Oops: 0, ImmediateOops: 0, NonImmediateOops: No
[2024-10-26T03:26:25.848+0530][1.239s][debug][gc,nmethod  ] Register NMethod: java.util.stream.Collectors$CollectorImpl.characteristics (0x0000029cc9d0be88) [0x0000029cc9d0bfa0, 0x0000029cc9d0c098] Compiler: c1, Barriers: 1, Oops: 0, ImmediateOops: 0, NonImmediateOops: No
[2024-10-26T03:26:25.848+0530][1.239s][debug][gc,nmethod  ] Register NMethod: java.lang.reflect.Constructor.getSharedParameterTypes (0x0000029cc9d0c188) [0x0000029cc9d0c2a0, 0x0000029cc9d0c398] Compiler: c1, Barriers: 1, Oops: 0, ImmediateOops: 0, NonImmediateOops: No
[2024-10-26T03:26:25.849+0530][1.240s][debug][gc,nmethod  ] Register NMethod: jdk.internal.module.ModuleReferenceImpl.hashCode (0x0000029cc9d0c488) [0x0000029cc9d0c640, 0x0000029cc9d0cc08] Compiler: c2, Barriers: 12, Oops: 0, ImmediateOops: 0, NonImmediateOops: No
[2024-10-26T03:26:25.851+0530][1.242s][debug][gc,nmethod  ] Register NMethod: org.springframework.core.type.classreading.SimpleAnnotationMetadata.getAnnotations (0x0000029cc9d0cc88) [0x0000029cc9d0cda0, 0x0000029cc9d0ce98] Compiler: c1, Barriers: 1, Oops: 1, ImmediateOops: 0, NonImmediateOops: No
[2024-10-26T03:26:25.851+0530][1.242s][debug][gc,nmethod  ] Register NMethod: org.springframework.core.type.classreading.SimpleAnnotationMetadata.getClassName (0x0000029cc9d0cf88) [0x0000029cc9d0d0a0, 0x0000029cc9d0d198] Compiler: c1, Barriers: 1, Oops: 1, ImmediateOops: 0, NonImmediateOops: No
[2024-10-26T03:26:25.851+0530][1.242s][debug][gc,nmethod  ] Register NMethod: java.util.concurrent.ConcurrentHashMap$ValueIterator.<init> (0x0000029cc25f5508) [0x0000029cc25f5620, 0x0000029cc25f5758] Compiler: c1, Barriers: 0, Oops: 0, ImmediateOops: 0, NonImmediateOops: No
[2024-10-26T03:26:25.851+0530][1.242s][debug][gc,nmethod  ] Register NMethod: java.util.concurrent.ConcurrentHashMap$ValuesView.iterator (0x0000029cc25f5808) [0x0000029cc25f5940, 0x0000029cc25f5bc8] Compiler: c1, Barriers: 2, Oops: 0, ImmediateOops: 0, NonImmediateOops: No
[2024-10-26T03:26:25.851+0530][1.242s][debug][gc,nmethod  ] Register NMethod: java.util.concurrent.ConcurrentHashMap.values (0x0000029cc25f5c08) [0x0000029cc25f5d60, 0x0000029cc25f6158] Compiler: c1, Barriers: 7, Oops: 0, ImmediateOops: 0, NonImmediateOops: No
[2024-10-26T03:26:25.852+0530][1.242s][debug][gc,director ] Rule Major: Warmup 10%, Used: 180MB, UsedThreshold: 204MB
[2024-10-26T03:26:25.852+0530][1.242s][debug][gc,director ] Rule Minor: High Usage, Free: 1828MB(89.3%)
[2024-10-26T03:26:25.852+0530][1.242s][debug][gc,nmethod  ] Register NMethod: java.lang.invoke.MethodType.makeImpl (0x0000029cc9d0d288) [0x0000029cc9d0ddc0, 0x0000029cc9d15b58] Compiler: c2, Barriers: 232, Oops: 5, ImmediateOops: 47, NonImmediateOops: No
[2024-10-26T03:26:25.852+0530][1.243s][debug][gc,nmethod  ] Register NMethod: java.lang.Class.componentType (0x0000029cc25f6188) [0x0000029cc25f62c0, 0x0000029cc25f64a8] Compiler: c1, Barriers: 1, Oops: 0, ImmediateOops: 0, NonImmediateOops: No
[2024-10-26T03:26:25.852+0530][1.243s][debug][gc,nmethod  ] Register NMethod: org.springframework.core.annotation.MergedAnnotationsCollection$AnnotationsSpliterator.tryAdvance (0x0000029cc25f6508) [0x0000029cc25f66a0, 0x0000029cc25f6d10] Compiler: c1, Barriers: 4, Oops: 1, ImmediateOops: 0, NonImmediateOops: No
[2024-10-26T03:26:25.853+0530][1.243s][debug][gc,nmethod  ] Register NMethod: jdk.internal.loader.ClassLoaders.bootLoader (0x0000029cc25f6d88) [0x0000029cc25f6ea0, 0x0000029cc25f6f98] Compiler: c1, Barriers: 0, Oops: 0, ImmediateOops: 1, NonImmediateOops: No
[2024-10-26T03:26:25.853+0530][1.244s][debug][gc,nmethod  ] Register NMethod: java.lang.Class.getTypeName (0x0000029cc25f7088) [0x0000029cc25f7420, 0x0000029cc25f8de8] Compiler: c1, Barriers: 6, Oops: 0, ImmediateOops: 8, NonImmediateOops: No
[2024-10-26T03:26:25.854+0530][1.245s][debug][gc,nmethod  ] Register NMethod: java.lang.invoke.MethodType.methodType (0x0000029cc9d15e08) [0x0000029cc9d16940, 0x0000029cc9d1e950] Compiler: c2, Barriers: 232, Oops: 5, ImmediateOops: 49, NonImmediateOops: No
[2024-10-26T03:26:25.856+0530][1.246s][debug][gc,nmethod  ] Register NMethod: jdk.internal.classfile.impl.DirectCodeBuilder.writeInvokeInterface (0x0000029cc25f8e88) [0x0000029cc25f9000, 0x0000029cc25f9450] Compiler: c1, Barriers: 3, Oops: 0, ImmediateOops: 0, NonImmediateOops: No
[2024-10-26T03:26:25.856+0530][1.247s][debug][gc,nmethod  ] Register NMethod: org.springframework.context.annotation.ConfigurationClassParser$SourceClass.getMetadata (0x0000029cc9d1ec08) [0x0000029cc9d1ed20, 0x0000029cc9d1ee18] Compiler: c1, Barriers: 1, Oops: 1, ImmediateOops: 0, NonImmediateOops: No
[2024-10-26T03:26:25.857+0530][1.247s][debug][gc,nmethod  ] Register NMethod: org.springframework.asm.Type.getTypeInternal (0x0000029cc25f9508) [0x0000029cc25f9780, 0x0000029cc25fa6f8] Compiler: c1, Barriers: 11, Oops: 2, ImmediateOops: 11, NonImmediateOops: No
[2024-10-26T03:26:25.857+0530][1.248s][debug][gc,nmethod  ] Register NMethod: org.springframework.asm.Type.getClassName (0x0000029cc25fa788) [0x0000029cc25fab00, 0x0000029cc25fc258] Compiler: c1, Barriers: 7, Oops: 3, ImmediateOops: 15, NonImmediateOops: No
[2024-10-26T03:26:25.857+0530][1.248s][debug][gc,nmethod  ] Register NMethod: java.lang.invoke.MethodHandle.setAsTypeCache (0x0000029cc25fc308) [0x0000029cc25fc4a0, 0x0000029cc25fcb60] Compiler: c1, Barriers: 14, Oops: 0, ImmediateOops: 2, NonImmediateOops: No
[2024-10-26T03:26:25.857+0530][1.248s][debug][gc,nmethod  ] Register NMethod: java.lang.reflect.Method.getDefaultValue (0x0000029cc25fcc08) [0x0000029cc25fcec0, 0x0000029cc25fded8] Compiler: c1, Barriers: 6, Oops: 1, ImmediateOops: 3, NonImmediateOops: No
[2024-10-26T03:26:25.858+0530][1.248s][debug][gc,nmethod  ] Register NMethod: java.lang.invoke.SimpleMethodHandle.speciesData (0x0000029cc25fdf88) [0x0000029cc25fe0a0, 0x0000029cc25fe1b8] Compiler: c1, Barriers: 0, Oops: 0, ImmediateOops: 1, NonImmediateOops: No
[2024-10-26T03:26:25.858+0530][1.249s][debug][gc,nmethod  ] Register NMethod: org.springframework.core.annotation.TypeMappedAnnotation.createIfPossible (0x0000029cc25fe288) [0x0000029cc25fe4a0, 0x0000029cc25fefd0] Compiler: c1, Barriers: 5, Oops: 1, ImmediateOops: 0, NonImmediateOops: No
[2024-10-26T03:26:25.859+0530][1.249s][debug][gc,nmethod  ] Register NMethod: org.springframework.core.annotation.AbstractMergedAnnotation.isDirectlyPresent (0x0000029cc25ff088) [0x0000029cc25ff1c0, 0x0000029cc25ff4d8] Compiler: c1, Barriers: 0, Oops: 1, ImmediateOops: 0, NonImmediateOops: No
[2024-10-26T03:26:25.859+0530][1.249s][debug][gc,nmethod  ] Register NMethod: org.springframework.core.annotation.AnnotationTypeMappings$Cache$$Lambda/0x000002a0d411ad78.<init> (0x0000029cc25ff508) [0x0000029cc25ff640, 0x0000029cc25ff898] Compiler: c1, Barriers: 6, Oops: 1, ImmediateOops: 0, NonImmediateOops: No
[2024-10-26T03:26:25.859+0530][1.249s][debug][gc,nmethod  ] Register NMethod: org.springframework.core.annotation.AnnotationTypeMappings$Cache.get (0x0000029cc25ff908) [0x0000029cc25ffaa0, 0x0000029cc2600298] Compiler: c1, Barriers: 7, Oops: 2, ImmediateOops: 2, NonImmediateOops: No
[2024-10-26T03:26:25.859+0530][1.250s][debug][gc,nmethod  ] Register NMethod: org.springframework.core.annotation.AnnotationTypeMappings.forAnnotationType (0x0000029cc2600308) [0x0000029cc2600640, 0x0000029cc2602408] Compiler: c1, Barriers: 20, Oops: 6, ImmediateOops: 10, NonImmediateOops: No
[2024-10-26T03:26:25.860+0530][1.250s][debug][gc,nmethod  ] Register NMethod: org.springframework.util.StringUtils.cleanPath (0x0000029cc2602508) [0x0000029cc2602ba0, 0x0000029cc2606840] Compiler: c1, Barriers: 15, Oops: 7, ImmediateOops: 31, NonImmediateOops: No
[2024-10-26T03:26:25.861+0530][1.251s][debug][gc,nmethod  ] Register NMethod: java.io.ByteArrayOutputStream.write (0x0000029cc2606988) [0x0000029cc2606b00, 0x0000029cc2607068] Compiler: c1, Barriers: 1, Oops: 0, ImmediateOops: 0, NonImmediateOops: No
[2024-10-26T03:26:25.861+0530][1.252s][debug][gc,nmethod  ] Register NMethod: org.springframework.core.annotation.MergedAnnotationsCollection$AnnotationsSpliterator.characteristics (0x0000029cc9d1ef08) [0x0000029cc9d1f020, 0x0000029cc9d1f0e8] Compiler: c1, Barriers: 0, Oops: 1, ImmediateOops: 0, NonImmediateOops: No
[2024-10-26T03:26:25.861+0530][1.252s][debug][gc,nmethod  ] Register NMethod: jdk.internal.jimage.ImageStringsReader.hashCode (0x0000029cc9d1f208) [0x0000029cc9d1f360, 0x0000029cc9d1f828] Compiler: c2, Barriers: 4, Oops: 1, ImmediateOops: 0, NonImmediateOops: No
[2024-10-26T03:26:25.862+0530][1.253s][debug][gc,nmethod  ] Register NMethod: java.lang.reflect.Proxy.getInvocationHandler (0x0000029cc2607108) [0x0000029cc2607380, 0x0000029cc2608658] Compiler: c1, Barriers: 9, Oops: 2, ImmediateOops: 8, NonImmediateOops: No
[2024-10-26T03:26:25.862+0530][1.253s][debug][gc,nmethod  ] Register NMethod: org.springframework.core.annotation.AnnotationUtils.invokeAnnotationMethod (0x0000029cc2608788) [0x0000029cc2608b00, 0x0000029cc260a538] Compiler: c1, Barriers: 11, Oops: 4, ImmediateOops: 10, NonImmediateOops: No
[2024-10-26T03:26:25.862+0530][1.253s][debug][gc,nmethod  ] Register NMethod: java.lang.ClassLoader.getResource (0x0000029cc260a688) [0x0000029cc260a800, 0x0000029cc260ae20] Compiler: c1, Barriers: 1, Oops: 0, ImmediateOops: 1, NonImmediateOops: No
[2024-10-26T03:26:25.863+0530][1.253s][debug][gc,director ] Rule Major: Warmup 10%, Used: 180MB, UsedThreshold: 204MB
[2024-10-26T03:26:25.863+0530][1.253s][debug][gc,director ] Rule Minor: High Usage, Free: 1828MB(89.3%)
[2024-10-26T03:26:25.863+0530][1.253s][debug][gc,nmethod  ] Register NMethod: jdk.internal.loader.BuiltinClassLoader.checkURL (0x0000029cc260ae88) [0x0000029cc260afc0, 0x0000029cc260b1a8] Compiler: c1, Barriers: 0, Oops: 0, ImmediateOops: 0, NonImmediateOops: No
[2024-10-26T03:26:25.863+0530][1.253s][debug][gc,nmethod  ] Register NMethod: jdk.internal.loader.BuiltinClassLoader.findResourceOnClassPath (0x0000029cc260b208) [0x0000029cc260b360, 0x0000029cc260b780] Compiler: c1, Barriers: 1, Oops: 0, ImmediateOops: 0, NonImmediateOops: No
[2024-10-26T03:26:25.863+0530][1.253s][debug][gc,nmethod  ] Register NMethod: jdk.internal.loader.BuiltinClassLoader$2.run (0x0000029cc260b808) [0x0000029cc260b920, 0x0000029cc260ba78] Compiler: c1, Barriers: 0, Oops: 0, ImmediateOops: 0, NonImmediateOops: No
[2024-10-26T03:26:25.863+0530][1.254s][debug][gc,nmethod  ] Register NMethod: org.springframework.asm.ClassReader.readUtf (0x0000029cc9d1f888) [0x0000029cc9d1f9c0, 0x0000029cc9d200f0] Compiler: c2, Barriers: 6, Oops: 2, ImmediateOops: 1, NonImmediateOops: No
[2024-10-26T03:26:25.863+0530][1.254s][debug][gc,nmethod  ] Register NMethod: jdk.internal.loader.BuiltinClassLoader.findResource (0x0000029cc260bb08) [0x0000029cc260be40, 0x0000029cc260d3c0] Compiler: c1, Barriers: 8, Oops: 2, ImmediateOops: 5, NonImmediateOops: No
[2024-10-26T03:26:25.864+0530][1.254s][debug][gc,nmethod  ] Register NMethod: org.springframework.core.annotation.AnnotationTypeMappings.forAnnotationType (0x0000029cc260d488) [0x0000029cc260d5c0, 0x0000029cc260d750] Compiler: c1, Barriers: 0, Oops: 1, ImmediateOops: 2, NonImmediateOops: No
[2024-10-26T03:26:25.864+0530][1.254s][debug][gc,nmethod  ] Register NMethod: java.util.LinkedHashSet.<init> (0x0000029cc260d788) [0x0000029cc260d8c0, 0x0000029cc260da08] Compiler: c1, Barriers: 0, Oops: 0, ImmediateOops: 0, NonImmediateOops: No
[2024-10-26T03:26:25.864+0530][1.254s][debug][gc,nmethod  ] Register NMethod: org.springframework.core.annotation.AnnotationTypeMappings.forAnnotationType (0x0000029cc260da88) [0x0000029cc260dc00, 0x0000029cc260e1e0] Compiler: c1, Barriers: 3, Oops: 1, ImmediateOops: 2, NonImmediateOops: No
[2024-10-26T03:26:25.864+0530][1.255s][debug][gc,nmethod  ] Register NMethod: org.springframework.asm.ClassReader.readElementValues (0x0000029cc260e288) [0x0000029cc260e420, 0x0000029cc260ea38] Compiler: c1, Barriers: 0, Oops: 1, ImmediateOops: 0, NonImmediateOops: No
[2024-10-26T03:26:25.865+0530][1.256s][debug][gc,nmethod  ] Register NMethod: org.springframework.util.ClassUtils.resolvePrimitiveClassName (0x0000029cc260ea88) [0x0000029cc260ebe0, 0x0000029cc260f0f0] Compiler: c1, Barriers: 2, Oops: 2, ImmediateOops: 1, NonImmediateOops: No
[2024-10-26T03:26:25.866+0530][1.256s][debug][gc,nmethod  ] Register NMethod: org.springframework.util.ObjectUtils.isEmpty (0x0000029cc260f188) [0x0000029cc260f2a0, 0x0000029cc260f410] Compiler: c1, Barriers: 0, Oops: 1, ImmediateOops: 0, NonImmediateOops: No
[2024-10-26T03:26:25.866+0530][1.257s][debug][gc,nmethod  ] Register NMethod: java.util.IdentityHashMap.maskNull (0x0000029cc260f488) [0x0000029cc260f5a0, 0x0000029cc260f6d0] Compiler: c1, Barriers: 0, Oops: 0, ImmediateOops: 1, NonImmediateOops: No
[2024-10-26T03:26:25.866+0530][1.257s][debug][gc,nmethod  ] Register NMethod: java.util.IdentityHashMap.hash (0x0000029cc260f788) [0x0000029cc260f8a0, 0x0000029cc260f9d8] Compiler: c1, Barriers: 0, Oops: 0, ImmediateOops: 0, NonImmediateOops: No
[2024-10-26T03:26:25.867+0530][1.257s][debug][gc,nmethod  ] Register NMethod: org.springframework.core.annotation.MergedAnnotationsCollection$AnnotationsSpliterator.createMergedAnnotationIfPossible (0x0000029cc260fa88) [0x0000029cc260fc00, 0x0000029cc26101c8] Compiler: c1, Barriers: 7, Oops: 1, ImmediateOops: 2, NonImmediateOops: No
[2024-10-26T03:26:25.867+0530][1.258s][debug][gc,nmethod  ] Register NMethod: org.springframework.beans.factory.support.AbstractBeanFactory.getParentBeanFactory (0x0000029cc9d20188) [0x0000029cc9d202a0, 0x0000029cc9d203a0] Compiler: c1, Barriers: 1, Oops: 1, ImmediateOops: 0, NonImmediateOops: No
[2024-10-26T03:26:25.868+0530][1.258s][debug][gc,nmethod  ] Register NMethod: org.springframework.util.ClassUtils.forName (0x0000029cc2610208) [0x0000029cc2610a00, 0x0000029cc26154f8] Compiler: c1, Barriers: 17, Oops: 26, ImmediateOops: 23, NonImmediateOops: No
[2024-10-26T03:26:25.868+0530][1.258s][debug][gc,nmethod  ] Register NMethod: org.springframework.core.annotation.MissingMergedAnnotation.isPresent (0x0000029cc9d20488) [0x0000029cc9d205a0, 0x0000029cc9d20668] Compiler: c1, Barriers: 0, Oops: 1, ImmediateOops: 0, NonImmediateOops: No
[2024-10-26T03:26:25.868+0530][1.258s][debug][gc,nmethod  ] Register NMethod: org.springframework.util.ClassUtils.getDefaultClassLoader (0x0000029cc2615788) [0x0000029cc26158e0, 0x0000029cc2615cb0] Compiler: c1, Barriers: 1, Oops: 3, ImmediateOops: 2, NonImmediateOops: No
[2024-10-26T03:26:25.868+0530][1.259s][debug][gc,nmethod  ] Register NMethod: java.util.IdentityHashMap.nextKeyIndex (0x0000029cc2615d08) [0x0000029cc2615e20, 0x0000029cc2615f58] Compiler: c1, Barriers: 0, Oops: 0, ImmediateOops: 0, NonImmediateOops: No
[2024-10-26T03:26:25.868+0530][1.259s][debug][gc,nmethod  ] Register NMethod: java.util.LinkedHashMap$LinkedHashIterator.<init> (0x0000029cc9d20788) [0x0000029cc9d208a0, 0x0000029cc9d20b80] Compiler: c2, Barriers: 9, Oops: 0, ImmediateOops: 0, NonImmediateOops: No
[2024-10-26T03:26:25.868+0530][1.259s][debug][gc,nmethod  ] Register NMethod: org.springframework.core.SimpleAliasRegistry.canonicalName (0x0000029cc2616008) [0x0000029cc2616140, 0x0000029cc2616510] Compiler: c1, Barriers: 1, Oops: 1, ImmediateOops: 0, NonImmediateOops: No
[2024-10-26T03:26:25.869+0530][1.259s][debug][gc,nmethod  ] Register NMethod: org.springframework.beans.factory.BeanFactoryUtils.transformedBeanName (0x0000029cc2616588) [0x0000029cc2616720, 0x0000029cc2616cc8] Compiler: c1, Barriers: 0, Oops: 6, ImmediateOops: 4, NonImmediateOops: No
[2024-10-26T03:26:25.869+0530][1.259s][debug][gc,nmethod  ] Register NMethod: org.springframework.beans.factory.support.AbstractBeanFactory.transformedBeanName (0x0000029cc2616d88) [0x0000029cc2616f40, 0x0000029cc26178e8] Compiler: c1, Barriers: 1, Oops: 6, ImmediateOops: 4, NonImmediateOops: No
[2024-10-26T03:26:25.869+0530][1.259s][debug][gc,nmethod  ] Register NMethod: org.springframework.context.annotation.ConfigurationClass.getMetadata (0x0000029cc9d20c08) [0x0000029cc9d20d20, 0x0000029cc9d20e18] Compiler: c1, Barriers: 1, Oops: 1, ImmediateOops: 0, NonImmediateOops: No
[2024-10-26T03:26:25.869+0530][1.259s][debug][gc,nmethod  ] Register NMethod: org.springframework.beans.factory.support.DefaultSingletonBeanRegistry.getSingleton (0x0000029cc2617988) [0x0000029cc2617ba0, 0x0000029cc2618b18] Compiler: c1, Barriers: 9, Oops: 1, ImmediateOops: 0, NonImmediateOops: No
[2024-10-26T03:26:25.869+0530][1.260s][debug][gc,nmethod  ] Register NMethod: org.springframework.core.type.classreading.SimpleMetadataReader.getAnnotationMetadata (0x0000029cc9d20f08) [0x0000029cc9d21020, 0x0000029cc9d21118] Compiler: c1, Barriers: 1, Oops: 1, ImmediateOops: 0, NonImmediateOops: No
[2024-10-26T03:26:25.869+0530][1.260s][debug][gc,nmethod  ] Register NMethod: org.springframework.asm.ClassReader.readClass (0x0000029cc2618b88) [0x0000029cc2618ce0, 0x0000029cc2619088] Compiler: c1, Barriers: 1, Oops: 1, ImmediateOops: 0, NonImmediateOops: No
[2024-10-26T03:26:25.869+0530][1.260s][debug][gc,nmethod  ] Register NMethod: org.springframework.asm.ClassReader.readStringish (0x0000029cc2619108) [0x0000029cc2619260, 0x0000029cc2619598] Compiler: c1, Barriers: 1, Oops: 1, ImmediateOops: 0, NonImmediateOops: No
[2024-10-26T03:26:25.869+0530][1.260s][debug][gc,nmethod  ] Register NMethod: java.util.stream.Collectors$CollectorImpl.supplier (0x0000029cc9d21208) [0x0000029cc9d21320, 0x0000029cc9d21418] Compiler: c1, Barriers: 1, Oops: 0, ImmediateOops: 0, NonImmediateOops: No
[2024-10-26T03:26:25.869+0530][1.260s][debug][gc,nmethod  ] Register NMethod: java.util.stream.Collectors$CollectorImpl.accumulator (0x0000029cc9d21508) [0x0000029cc9d21620, 0x0000029cc9d21718] Compiler: c1, Barriers: 1, Oops: 0, ImmediateOops: 0, NonImmediateOops: No
[2024-10-26T03:26:25.870+0530][1.260s][debug][gc,nmethod  ] Register NMethod: java.util.Collections$UnmodifiableCollection.contains (0x0000029cc2619608) [0x0000029cc2619740, 0x0000029cc2619950] Compiler: c1, Barriers: 1, Oops: 0, ImmediateOops: 0, NonImmediateOops: No
[2024-10-26T03:26:25.870+0530][1.260s][debug][gc,nmethod  ] Register NMethod: org.springframework.core.io.AbstractResource.<init> (0x0000029cc2619988) [0x0000029cc2619aa0, 0x0000029cc2619c08] Compiler: c1, Barriers: 0, Oops: 1, ImmediateOops: 0, NonImmediateOops: No
[2024-10-26T03:26:25.870+0530][1.260s][debug][gc,nmethod  ] Register NMethod: java.util.RegularEnumSet$EnumSetIterator.hasNext (0x0000029cc2619c88) [0x0000029cc2619da0, 0x0000029cc2619f00] Compiler: c1, Barriers: 0, Oops: 0, ImmediateOops: 0, NonImmediateOops: No
[2024-10-26T03:26:25.870+0530][1.260s][debug][gc,nmethod  ] Register NMethod: jdk.internal.loader.BuiltinClassLoader.moduleReaderFor (0x0000029cc9d21808) [0x0000029cc9d21a60, 0x0000029cc9d22730] Compiler: c2, Barriers: 27, Oops: 0, ImmediateOops: 0, NonImmediateOops: No
[2024-10-26T03:26:25.870+0530][1.260s][debug][gc,nmethod  ] Register NMethod: java.util.stream.Collectors$CollectorImpl.combiner (0x0000029cc9d22808) [0x0000029cc9d22920, 0x0000029cc9d22a18] Compiler: c1, Barriers: 1, Oops: 0, ImmediateOops: 0, NonImmediateOops: No
[2024-10-26T03:26:25.870+0530][1.261s][debug][gc,nmethod  ] Register NMethod: java.util.stream.ReduceOps$Box.get (0x0000029cc9d22b08) [0x0000029cc9d22c20, 0x0000029cc9d22d18] Compiler: c1, Barriers: 1, Oops: 0, ImmediateOops: 0, NonImmediateOops: No
[2024-10-26T03:26:25.870+0530][1.261s][debug][gc,nmethod  ] Register NMethod: org.springframework.core.annotation.TypeMappedAnnotation.getAggregateIndex (0x0000029cc9d22e08) [0x0000029cc9d22f20, 0x0000029cc9d22fe8] Compiler: c1, Barriers: 0, Oops: 1, ImmediateOops: 0, NonImmediateOops: No
[2024-10-26T03:26:25.870+0530][1.261s][debug][gc,nmethod  ] Register NMethod: org.springframework.core.io.AbstractFileResolvingResource.<init> (0x0000029cc2619f88) [0x0000029cc261a0a0, 0x0000029cc261a268] Compiler: c1, Barriers: 0, Oops: 1, ImmediateOops: 0, NonImmediateOops: No
[2024-10-26T03:26:25.870+0530][1.261s][debug][gc,nmethod  ] Register NMethod: org.springframework.asm.Type.getType (0x0000029cc261a308) [0x0000029cc261a440, 0x0000029cc261a6a0] Compiler: c1, Barriers: 1, Oops: 1, ImmediateOops: 0, NonImmediateOops: No
[2024-10-26T03:26:25.870+0530][1.261s][debug][gc,nmethod  ] Register NMethod: java.util.zip.InflaterInputStream.read (0x0000029cc9d23108) [0x0000029cc9d233a0, 0x0000029cc9d250c0] Compiler: c2, Barriers: 28, Oops: 2, ImmediateOops: 0, NonImmediateOops: No
[2024-10-26T03:26:25.871+0530][1.262s][debug][gc,nmethod  ] Register NMethod: java.util.Collections.singletonList (0x0000029cc261a708) [0x0000029cc261a840, 0x0000029cc261ab78] Compiler: c1, Barriers: 3, Oops: 0, ImmediateOops: 0, NonImmediateOops: No
[2024-10-26T03:26:25.871+0530][1.262s][debug][gc,nmethod  ] Register NMethod: java.util.Collections$SingletonList.<init> (0x0000029cc261ac08) [0x0000029cc261ad40, 0x0000029cc261afe0] Compiler: c1, Barriers: 3, Oops: 0, ImmediateOops: 0, NonImmediateOops: No
[2024-10-26T03:26:25.872+0530][1.263s][debug][gc,nmethod  ] Register NMethod: org.springframework.util.ConcurrentReferenceHashMap.getLoadFactor (0x0000029cc9d25208) [0x0000029cc9d25320, 0x0000029cc9d253e8] Compiler: c1, Barriers: 0, Oops: 1, ImmediateOops: 0, NonImmediateOops: No
[2024-10-26T03:26:25.872+0530][1.263s][debug][gc,nmethod  ] Register NMethod: java.lang.Class.enumConstantDirectory (0x0000029cc261b088) [0x0000029cc261b2c0, 0x0000029cc261be70] Compiler: c1, Barriers: 7, Oops: 1, ImmediateOops: 2, NonImmediateOops: No
[2024-10-26T03:26:25.873+0530][1.263s][debug][gc,director ] Rule Major: Warmup 10%, Used: 182MB, UsedThreshold: 204MB
[2024-10-26T03:26:25.873+0530][1.263s][debug][gc,director ] Rule Minor: High Usage, Free: 1826MB(89.2%)
[2024-10-26T03:26:25.873+0530][1.263s][debug][gc,nmethod  ] Register NMethod: org.springframework.context.annotation.ConfigurationClassParser$SourceClass.hashCode (0x0000029cc261bf08) [0x0000029cc261c040, 0x0000029cc261c288] Compiler: c1, Barriers: 1, Oops: 1, ImmediateOops: 0, NonImmediateOops: No
[2024-10-26T03:26:25.873+0530][1.263s][debug][gc,nmethod  ] Register NMethod: java.util.stream.Sink$ChainedReference.begin (0x0000029cc261c308) [0x0000029cc261c440, 0x0000029cc261c650] Compiler: c1, Barriers: 1, Oops: 0, ImmediateOops: 0, NonImmediateOops: No
[2024-10-26T03:26:25.873+0530][1.264s][debug][gc,nmethod  ] Register NMethod: org.springframework.util.ObjectUtils.containsElement (0x0000029cc261c688) [0x0000029cc261c7c0, 0x0000029cc261ca98] Compiler: c1, Barriers: 1, Oops: 1, ImmediateOops: 0, NonImmediateOops: No
[2024-10-26T03:26:25.873+0530][1.264s][debug][gc,nmethod  ] Register NMethod: ch.qos.logback.classic.LoggerContext.getLogger (0x0000029cc261cb08) [0x0000029cc261cd00, 0x0000029cc261d828] Compiler: c1, Barriers: 4, Oops: 1, ImmediateOops: 2, NonImmediateOops: No
[2024-10-26T03:26:25.873+0530][1.264s][debug][gc,nmethod  ] Register NMethod: org.springframework.core.type.AnnotatedTypeMetadata.lambda$getMergedRepeatableAnnotationAttributes$1 (0x0000029cc9d25508) [0x0000029cc9d25620, 0x0000029cc9d256c8] Compiler: c1, Barriers: 0, Oops: 1, ImmediateOops: 0, NonImmediateOops: No
[2024-10-26T03:26:25.873+0530][1.264s][debug][gc,nmethod  ] Register NMethod: org.springframework.core.annotation.MergedAnnotationPredicates.lambda$typeIn$1 (0x0000029cc261d888) [0x0000029cc261d9c0, 0x0000029cc261dbb8] Compiler: c1, Barriers: 0, Oops: 1, ImmediateOops: 0, NonImmediateOops: No
[2024-10-26T03:26:25.873+0530][1.264s][debug][gc,nmethod  ] Register NMethod: org.springframework.core.annotation.MergedAnnotationPredicates$$Lambda/0x000002a0d42495a0.test (0x0000029cc261dc08) [0x0000029cc261dd60, 0x0000029cc261e0f8] Compiler: c1, Barriers: 1, Oops: 1, ImmediateOops: 0, NonImmediateOops: No
[2024-10-26T03:26:25.873+0530][1.264s][debug][gc,nmethod  ] Register NMethod: java.util.ArrayDeque.removeFirst (0x0000029cc261e188) [0x0000029cc261e2c0, 0x0000029cc261e588] Compiler: c1, Barriers: 0, Oops: 0, ImmediateOops: 0, NonImmediateOops: No
[2024-10-26T03:26:25.874+0530][1.264s][debug][gc,nmethod  ] Register NMethod: org.springframework.core.type.classreading.SimpleAnnotationMetadataReadingVisitor.toClassName (0x0000029cc261e608) [0x0000029cc261e760, 0x0000029cc261ea78] Compiler: c1, Barriers: 0, Oops: 2, ImmediateOops: 1, NonImmediateOops: No
[2024-10-26T03:26:25.874+0530][1.264s][debug][gc,nmethod  ] Register NMethod: org.springframework.util.ClassUtils.convertResourcePathToClassName (0x0000029cc261eb08) [0x0000029cc261ec40, 0x0000029cc261eed8] Compiler: c1, Barriers: 0, Oops: 2, ImmediateOops: 1, NonImmediateOops: No
[2024-10-26T03:26:25.874+0530][1.265s][debug][gc,nmethod  ] Register NMethod: org.slf4j.LoggerFactory.getILoggerFactory (0x0000029cc261ef08) [0x0000029cc261f040, 0x0000029cc261f228] Compiler: c1, Barriers: 0, Oops: 1, ImmediateOops: 0, NonImmediateOops: No
[2024-10-26T03:26:25.874+0530][1.265s][debug][gc,nmethod  ] Register NMethod: org.slf4j.LoggerFactory.getProvider (0x0000029cc261f288) [0x0000029cc261f420, 0x0000029cc261fb18] Compiler: c1, Barriers: 1, Oops: 2, ImmediateOops: 12, NonImmediateOops: No
[2024-10-26T03:26:25.874+0530][1.265s][debug][gc,nmethod  ] Register NMethod: java.lang.Long.bitCount (0x0000029cc261fb88) [0x0000029cc261fca0, 0x0000029cc261fe10] Compiler: c1, Barriers: 0, Oops: 0, ImmediateOops: 0, NonImmediateOops: No
[2024-10-26T03:26:25.874+0530][1.265s][debug][gc,nmethod  ] Register NMethod: org.springframework.beans.factory.BeanFactoryUtils.isFactoryDereference (0x0000029cc261fe88) [0x0000029cc261ffc0, 0x0000029cc26201d8] Compiler: c1, Barriers: 0, Oops: 2, ImmediateOops: 1, NonImmediateOops: No
[2024-10-26T03:26:25.876+0530][1.266s][debug][gc,nmethod  ] Register NMethod: java.util.stream.ReferencePipeline.map (0x0000029cc2620208) [0x0000029cc2620380, 0x0000029cc2620860] Compiler: c1, Barriers: 3, Oops: 1, ImmediateOops: 0, NonImmediateOops: No
[2024-10-26T03:26:25.876+0530][1.266s][debug][gc,nmethod  ] Register NMethod: java.util.stream.ReferencePipeline$3.<init> (0x0000029cc2620908) [0x0000029cc2620a40, 0x0000029cc2620cd8] Compiler: c1, Barriers: 3, Oops: 0, ImmediateOops: 0, NonImmediateOops: No
[2024-10-26T03:26:25.876+0530][1.266s][debug][gc,nmethod  ] Register NMethod: java.util.stream.ReferencePipeline$3.opWrapSink (0x0000029cc2620d08) [0x0000029cc2620e80, 0x0000029cc2621440] Compiler: c1, Barriers: 6, Oops: 0, ImmediateOops: 0, NonImmediateOops: No
[2024-10-26T03:26:25.876+0530][1.266s][debug][gc,nmethod  ] Register NMethod: java.util.stream.ReferencePipeline$3$1.<init> (0x0000029cc2621488) [0x0000029cc26215e0, 0x0000029cc2621ad8] Compiler: c1, Barriers: 6, Oops: 0, ImmediateOops: 0, NonImmediateOops: No
[2024-10-26T03:26:25.876+0530][1.267s][debug][gc,nmethod  ] Register NMethod: java.util.ArrayDeque.peek (0x0000029cc2621b08) [0x0000029cc2621c40, 0x0000029cc2621f18] Compiler: c1, Barriers: 2, Oops: 0, ImmediateOops: 0, NonImmediateOops: No
[2024-10-26T03:26:25.876+0530][1.267s][debug][gc,nmethod  ] Register NMethod: org.springframework.util.ClassUtils.resolvePrimitiveIfNecessary (0x0000029cc2621f88) [0x0000029cc26220e0, 0x0000029cc2622508] Compiler: c1, Barriers: 0, Oops: 2, ImmediateOops: 3, NonImmediateOops: No
[2024-10-26T03:26:25.878+0530][1.269s][debug][gc,nmethod  ] Register NMethod: org.springframework.core.OrderComparator.getOrder (0x0000029cc2622588) [0x0000029cc26226c0, 0x0000029cc2622930] Compiler: c1, Barriers: 0, Oops: 1, ImmediateOops: 0, NonImmediateOops: No
[2024-10-26T03:26:25.879+0530][1.269s][debug][gc,nmethod  ] Register NMethod: org.springframework.core.OrderComparator.findOrder (0x0000029cc2622988) [0x0000029cc2622b00, 0x0000029cc2623198] Compiler: c1, Barriers: 1, Oops: 1, ImmediateOops: 1, NonImmediateOops: No
[2024-10-26T03:26:25.879+0530][1.269s][debug][gc,nmethod  ] Register NMethod: org.springframework.core.OrderComparator.getOrder (0x0000029cc2623208) [0x0000029cc26233e0, 0x0000029cc2623d58] Compiler: c1, Barriers: 2, Oops: 1, ImmediateOops: 0, NonImmediateOops: No
[2024-10-26T03:26:25.879+0530][1.270s][debug][gc,nmethod  ] Register NMethod: org.springframework.core.io.DefaultResourceLoader.getClassLoader (0x0000029cc2623e08) [0x0000029cc2623f40, 0x0000029cc26240f8] Compiler: c1, Barriers: 1, Oops: 1, ImmediateOops: 0, NonImmediateOops: No
[2024-10-26T03:26:25.880+0530][1.270s][debug][gc,nmethod  ] Register NMethod: org.springframework.core.annotation.TypeMappedAnnotation.createIfPossible (0x0000029cc2624188) [0x0000029cc2624320, 0x0000029cc26249e0] Compiler: c1, Barriers: 3, Oops: 1, ImmediateOops: 0, NonImmediateOops: No
[2024-10-26T03:26:25.880+0530][1.271s][debug][gc,nmethod  ] Register NMethod: org.springframework.core.io.DefaultResourceLoader.getResource (0x0000029cc2624a88) [0x0000029cc2624e60, 0x0000029cc2626ba0] Compiler: c1, Barriers: 14, Oops: 5, ImmediateOops: 6, NonImmediateOops: No
[2024-10-26T03:26:25.880+0530][1.271s][debug][gc,nmethod  ] Register NMethod: org.apache.commons.logging.LogFactory.getLog (0x0000029cc2626c88) [0x0000029cc2626dc0, 0x0000029cc2627098] Compiler: c1, Barriers: 0, Oops: 1, ImmediateOops: 1, NonImmediateOops: No
[2024-10-26T03:26:25.880+0530][1.271s][debug][gc,nmethod  ] Register NMethod: org.apache.commons.logging.LogAdapter.createLog (0x0000029cc2627108) [0x0000029cc2627240, 0x0000029cc26274c0] Compiler: c1, Barriers: 0, Oops: 1, ImmediateOops: 1, NonImmediateOops: No
[2024-10-26T03:26:25.880+0530][1.271s][debug][gc,nmethod  ] Register NMethod: org.apache.commons.logging.LogAdapter$$Lambda/0x000002a0d409d9e0.apply (0x0000029cc2627508) [0x0000029cc2627640, 0x0000029cc2627850] Compiler: c1, Barriers: 0, Oops: 1, ImmediateOops: 0, NonImmediateOops: No
[2024-10-26T03:26:25.881+0530][1.271s][debug][gc,nmethod  ] Register NMethod: ch.qos.logback.classic.LoggerContext.getLogger (0x0000029cc2627888) [0x0000029cc26279a0, 0x0000029cc2627af8] Compiler: c1, Barriers: 0, Oops: 1, ImmediateOops: 0, NonImmediateOops: No
[2024-10-26T03:26:25.881+0530][1.271s][debug][gc,nmethod  ] Register NMethod: org.slf4j.LoggerFactory.getLogger (0x0000029cc2627b88) [0x0000029cc2627ce0, 0x0000029cc2627ff0] Compiler: c1, Barriers: 0, Oops: 1, ImmediateOops: 0, NonImmediateOops: No
[2024-10-26T03:26:25.881+0530][1.271s][debug][gc,nmethod  ] Register NMethod: org.apache.commons.logging.LogAdapter$Slf4jAdapter.createLocationAwareLog (0x0000029cc2628088) [0x0000029cc2628260, 0x0000029cc2628dc8] Compiler: c1, Barriers: 14, Oops: 1, ImmediateOops: 0, NonImmediateOops: No
[2024-10-26T03:26:25.881+0530][1.272s][debug][gc,nmethod  ] Register NMethod: java.util.HashMap.putVal (0x0000029cc9d25808) [0x0000029cc9d259c0, 0x0000029cc9d26280] Compiler: c2, Barriers: 16, Oops: 0, ImmediateOops: 0, NonImmediateOops: No
[2024-10-26T03:26:25.881+0530][1.272s][debug][gc,nmethod  ] Register NMethod: org.apache.commons.logging.LogAdapter$Slf4jLog.<init> (0x0000029cc2628e88) [0x0000029cc2628fc0, 0x0000029cc26292b0] Compiler: c1, Barriers: 7, Oops: 1, ImmediateOops: 0, NonImmediateOops: No
[2024-10-26T03:26:25.881+0530][1.272s][debug][gc,nmethod  ] Register NMethod: org.apache.commons.logging.LogAdapter$Slf4jLocationAwareLog.<init> (0x0000029cc2629308) [0x0000029cc2629440, 0x0000029cc2629790] Compiler: c1, Barriers: 7, Oops: 1, ImmediateOops: 0, NonImmediateOops: No
[2024-10-26T03:26:25.882+0530][1.272s][debug][gc,nmethod  ] Register NMethod: org.springframework.asm.AnnotationVisitor.<init> (0x0000029cc2629808) [0x0000029cc2629920, 0x0000029cc2629a68] Compiler: c1, Barriers: 0, Oops: 1, ImmediateOops: 0, NonImmediateOops: No
[2024-10-26T03:26:25.882+0530][1.272s][debug][gc,nmethod  ] Register NMethod: org.springframework.util.ObjectUtils.nullSafeEquals (0x0000029cc9d26308) [0x0000029cc9d26420, 0x0000029cc9d26578] Compiler: c2, Barriers: 0, Oops: 1, ImmediateOops: 0, NonImmediateOops: No
[2024-10-26T03:26:25.882+0530][1.272s][debug][gc,nmethod  ] Register NMethod: org.springframework.asm.AnnotationVisitor.<init> (0x0000029cc2629b08) [0x0000029cc2629c60, 0x0000029cc262a0d0] Compiler: c1, Barriers: 3, Oops: 1, ImmediateOops: 0, NonImmediateOops: No
[2024-10-26T03:26:25.882+0530][1.273s][debug][gc,nmethod  ] Register NMethod: org.springframework.core.annotation.AnnotationAwareOrderComparator.findOrder (0x0000029cc262a108) [0x0000029cc262a280, 0x0000029cc262a7c0] Compiler: c1, Barriers: 0, Oops: 1, ImmediateOops: 0, NonImmediateOops: No
[2024-10-26T03:26:25.883+0530][1.273s][debug][gc,nmethod  ] Register NMethod: org.springframework.boot.autoconfigure.condition.FilteringSpringBootCondition.filter (0x0000029cc262a808) [0x0000029cc262aa20, 0x0000029cc262b7f0] Compiler: c1, Barriers: 4, Oops: 1, ImmediateOops: 1, NonImmediateOops: No
[2024-10-26T03:26:25.883+0530][1.274s][debug][gc,nmethod  ] Register NMethod: org.springframework.context.support.GenericApplicationContext.getClassLoader (0x0000029cc262b888) [0x0000029cc262b9e0, 0x0000029cc262bd88] Compiler: c1, Barriers: 2, Oops: 1, ImmediateOops: 0, NonImmediateOops: No
[2024-10-26T03:26:25.884+0530][1.274s][debug][gc,director ] Rule Major: Warmup 10%, Used: 182MB, UsedThreshold: 204MB
[2024-10-26T03:26:25.884+0530][1.274s][debug][gc,director ] Rule Minor: High Usage, Free: 1826MB(89.2%)
[2024-10-26T03:26:25.884+0530][1.274s][debug][gc,nmethod  ] Register NMethod: java.lang.String.substring (0x0000029cc9d26608) [0x0000029cc9d26740, 0x0000029cc9d26c70] Compiler: c2, Barriers: 4, Oops: 1, ImmediateOops: 1, NonImmediateOops: No
[2024-10-26T03:26:25.885+0530][1.275s][debug][gc,nmethod  ] Register NMethod: org.springframework.core.annotation.AnnotationTypeMappings.isMappable (0x0000029cc262be08) [0x0000029cc262bfa0, 0x0000029cc262c568] Compiler: c1, Barriers: 3, Oops: 2, ImmediateOops: 2, NonImmediateOops: No
[2024-10-26T03:26:25.885+0530][1.276s][debug][gc,nmethod  ] Register NMethod: org.springframework.core.type.classreading.MergedAnnotationReadingVisitor.get (0x0000029cc262c608) [0x0000029cc262c7c0, 0x0000029cc262cd50] Compiler: c1, Barriers: 1, Oops: 1, ImmediateOops: 1, NonImmediateOops: No
[2024-10-26T03:26:25.885+0530][1.276s][debug][gc,nmethod  ] Register NMethod: java.util.concurrent.ConcurrentHashMap$ValueIterator.next (0x0000029cc9d26d08) [0x0000029cc9d26e60, 0x0000029cc9d27448] Compiler: c2, Barriers: 15, Oops: 0, ImmediateOops: 0, NonImmediateOops: No
[2024-10-26T03:26:25.885+0530][1.276s][debug][gc,nmethod  ] Register NMethod: org.springframework.core.type.classreading.SimpleMethodMetadataReadingVisitor.getSource (0x0000029cc262cd88) [0x0000029cc262cee0, 0x0000029cc262d3f8] Compiler: c1, Barriers: 16, Oops: 1, ImmediateOops: 0, NonImmediateOops: No
[2024-10-26T03:26:25.886+0530][1.277s][debug][gc,nmethod  ] Register NMethod: java.security.AccessController.doPrivileged (0x0000029cc262d488) [0x0000029cc262d600, 0x0000029cc262dae0] Compiler: c1, Barriers: 0, Oops: 0, ImmediateOops: 0, NonImmediateOops: No
[2024-10-26T03:26:25.886+0530][1.277s][debug][gc,nmethod  ] Register NMethod: org.springframework.util.ConcurrentReferenceHashMap.put (0x0000029cc262db08) [0x0000029cc262dc20, 0x0000029cc262dd60] Compiler: c1, Barriers: 0, Oops: 1, ImmediateOops: 0, NonImmediateOops: No
[2024-10-26T03:26:25.887+0530][1.277s][debug][gc,nmethod  ] Register NMethod: org.springframework.core.io.ClassPathResource.hashCode (0x0000029cc262de08) [0x0000029cc262df40, 0x0000029cc262e0b8] Compiler: c1, Barriers: 1, Oops: 1, ImmediateOops: 0, NonImmediateOops: No
[2024-10-26T03:26:25.887+0530][1.278s][debug][gc,nmethod  ] Register NMethod: org.springframework.core.io.ClassPathResource.getClassLoader (0x0000029cc262e108) [0x0000029cc262e240, 0x0000029cc262e5b0] Compiler: c1, Barriers: 3, Oops: 1, ImmediateOops: 0, NonImmediateOops: No
[2024-10-26T03:26:25.887+0530][1.278s][debug][gc,nmethod  ] Register NMethod: org.springframework.core.annotation.MergedAnnotations.of (0x0000029cc262e608) [0x0000029cc262e780, 0x0000029cc262ebd8] Compiler: c1, Barriers: 0, Oops: 2, ImmediateOops: 2, NonImmediateOops: No
[2024-10-26T03:26:25.887+0530][1.278s][debug][gc,nmethod  ] Register NMethod: jdk.internal.jimage.ImageLocation.verify (0x0000029cc9d27488) [0x0000029cc9d277a0, 0x0000029cc9d2a3b8] Compiler: c2, Barriers: 24, Oops: 3, ImmediateOops: 0, NonImmediateOops: No
[2024-10-26T03:26:25.888+0530][1.279s][debug][gc,nmethod  ] Register NMethod: org.springframework.asm.ClassReader.readElementValue (0x0000029cc262ec08) [0x0000029cc262f460, 0x0000029cc2633e38] Compiler: c1, Barriers: 18, Oops: 1, ImmediateOops: 4, NonImmediateOops: No
[2024-10-26T03:26:25.888+0530][1.279s][debug][gc,nmethod  ] Register NMethod: org.springframework.core.type.classreading.SimpleMethodMetadata.hashCode (0x0000029cc2633f08) [0x0000029cc2634040, 0x0000029cc2634250] Compiler: c1, Barriers: 1, Oops: 1, ImmediateOops: 0, NonImmediateOops: No
[2024-10-26T03:26:25.888+0530][1.279s][debug][gc,nmethod  ] Register NMethod: org.springframework.core.type.classreading.SimpleMethodMetadataReadingVisitor$Source.hashCode (0x0000029cc2634288) [0x0000029cc26343e0, 0x0000029cc2634668] Compiler: c1, Barriers: 3, Oops: 1, ImmediateOops: 0, NonImmediateOops: No
[2024-10-26T03:26:25.889+0530][1.279s][debug][gc,nmethod  ] Register NMethod: org.springframework.core.type.classreading.SimpleAnnotationMetadataReadingVisitor.isBridge (0x0000029cc2634688) [0x0000029cc26347a0, 0x0000029cc2634900] Compiler: c1, Barriers: 0, Oops: 1, ImmediateOops: 0, NonImmediateOops: No
[2024-10-26T03:26:25.889+0530][1.280s][debug][gc,nmethod  ] Register NMethod: org.springframework.core.type.classreading.SimpleAnnotationMetadataReadingVisitor.visitMethod (0x0000029cc2634988) [0x0000029cc2634b60, 0x0000029cc26355c8] Compiler: c1, Barriers: 6, Oops: 2, ImmediateOops: 3, NonImmediateOops: No
[2024-10-26T03:26:25.889+0530][1.280s][debug][gc,nmethod  ] Register NMethod: org.springframework.core.annotation.TypeMappedAnnotation$$Lambda/0x000002a0d4253ce0.extract (0x0000029cc2635688) [0x0000029cc26357e0, 0x0000029cc2635bc8] Compiler: c1, Barriers: 1, Oops: 1, ImmediateOops: 0, NonImmediateOops: No
[2024-10-26T03:26:25.890+0530][1.280s][debug][gc,nmethod  ] Register NMethod: org.springframework.core.annotation.TypeMappedAnnotation.extractFromMap (0x0000029cc2635c08) [0x0000029cc2635d40, 0x0000029cc26360a8] Compiler: c1, Barriers: 1, Oops: 1, ImmediateOops: 0, NonImmediateOops: No
[2024-10-26T03:26:25.890+0530][1.280s][debug][gc,nmethod  ] Register NMethod: org.springframework.core.type.classreading.SimpleAnnotationMetadataReadingVisitor$$Lambda/0x000002a0d4256c38.<init> (0x0000029cc2636108) [0x0000029cc2636220, 0x0000029cc2636400] Compiler: c1, Barriers: 3, Oops: 1, ImmediateOops: 0, NonImmediateOops: No
[2024-10-26T03:26:25.890+0530][1.281s][debug][gc,nmethod  ] Register NMethod: org.springframework.core.type.classreading.SimpleMethodMetadataReadingVisitor.<init> (0x0000029cc2636488) [0x0000029cc2636600, 0x0000029cc2636b68] Compiler: c1, Barriers: 18, Oops: 1, ImmediateOops: 0, NonImmediateOops: No
[2024-10-26T03:26:25.890+0530][1.281s][debug][gc,nmethod  ] Register NMethod: java.lang.Thread.getContextClassLoader (0x0000029cc2636b88) [0x0000029cc2636cc0, 0x0000029cc2636f40] Compiler: c1, Barriers: 1, Oops: 0, ImmediateOops: 0, NonImmediateOops: No
[2024-10-26T03:26:25.890+0530][1.281s][debug][gc,nmethod  ] Register NMethod: org.springframework.asm.MethodVisitor.<init> (0x0000029cc2636f88) [0x0000029cc26370a0, 0x0000029cc26371e8] Compiler: c1, Barriers: 0, Oops: 1, ImmediateOops: 0, NonImmediateOops: No
[2024-10-26T03:26:25.890+0530][1.281s][debug][gc,nmethod  ] Register NMethod: org.springframework.asm.MethodVisitor.<init> (0x0000029cc2637288) [0x0000029cc26373e0, 0x0000029cc2637850] Compiler: c1, Barriers: 3, Oops: 1, ImmediateOops: 0, NonImmediateOops: No
[2024-10-26T03:26:25.890+0530][1.281s][debug][gc,nmethod  ] Register NMethod: jdk.internal.jimage.ImageStringsReader.stringFromByteBufferMatches (0x0000029cc9d2a508) [0x0000029cc9d2a660, 0x0000029cc9d2abf8] Compiler: c2, Barriers: 3, Oops: 3, ImmediateOops: 0, NonImmediateOops: No
[2024-10-26T03:26:25.891+0530][1.281s][debug][gc,nmethod  ] Register NMethod: org.springframework.core.annotation.AnnotationFilter$1.matches (0x0000029cc9d2ad08) [0x0000029cc9d2ae20, 0x0000029cc9d2aee8] Compiler: c1, Barriers: 0, Oops: 1, ImmediateOops: 0, NonImmediateOops: No
[2024-10-26T03:26:25.891+0530][1.281s][debug][gc,nmethod  ] Register NMethod: org.springframework.core.type.classreading.SimpleAnnotationMetadata.getSuperClassName (0x0000029cc9d2b008) [0x0000029cc9d2b120, 0x0000029cc9d2b218] Compiler: c1, Barriers: 1, Oops: 1, ImmediateOops: 0, NonImmediateOops: No
[2024-10-26T03:26:25.891+0530][1.282s][debug][gc,nmethod  ] Register NMethod: org.springframework.core.type.classreading.SimpleMethodMetadata.getAnnotations (0x0000029cc9d2b308) [0x0000029cc9d2b420, 0x0000029cc9d2b518] Compiler: c1, Barriers: 1, Oops: 1, ImmediateOops: 0, NonImmediateOops: No
[2024-10-26T03:26:25.891+0530][1.282s][debug][gc,nmethod  ] Register NMethod: org.springframework.core.type.AnnotatedTypeMetadata.isAnnotated (0x0000029cc2637888) [0x0000029cc26379c0, 0x0000029cc2637c60] Compiler: c1, Barriers: 0, Oops: 1, ImmediateOops: 0, NonImmediateOops: No
[2024-10-26T03:26:25.891+0530][1.282s][debug][gc,nmethod  ] Register NMethod: org.springframework.asm.ClassReader.readInt (0x0000029cc9d2b608) [0x0000029cc9d2b720, 0x0000029cc9d2b880] Compiler: c2, Barriers: 1, Oops: 1, ImmediateOops: 0, NonImmediateOops: No
[2024-10-26T03:26:25.892+0530][1.282s][debug][gc,nmethod  ] Register NMethod: jdk.internal.jimage.BasicImageReader.getLocationIndex (0x0000029cc9d2b908) [0x0000029cc9d2bac0, 0x0000029cc9d2c6e8] Compiler: c2, Barriers: 11, Oops: 3, ImmediateOops: 0, NonImmediateOops: No
[2024-10-26T03:26:25.892+0530][1.283s][debug][gc,nmethod  ] Register NMethod: org.springframework.core.annotation.AnnotationTypeMapping.getMetaTypes (0x0000029cc9d2c808) [0x0000029cc9d2c920, 0x0000029cc9d2ca18] Compiler: c1, Barriers: 1, Oops: 1, ImmediateOops: 0, NonImmediateOops: No
[2024-10-26T03:26:25.892+0530][1.283s][debug][gc,nmethod  ] Register NMethod: org.springframework.asm.ClassReader.readMethod (0x0000029cc2637c88) [0x0000029cc2638420, 0x0000029cc263d110] Compiler: c1, Barriers: 30, Oops: 1, ImmediateOops: 13, NonImmediateOops: No
[2024-10-26T03:26:25.893+0530][1.284s][debug][gc,nmethod  ] Register NMethod: org.springframework.context.annotation.ConfigurationClassParser.lambda$static$0 (0x0000029cc263d208) [0x0000029cc263d360, 0x0000029cc263d620] Compiler: c1, Barriers: 0, Oops: 3, ImmediateOops: 2, NonImmediateOops: No
[2024-10-26T03:26:25.893+0530][1.284s][debug][gc,nmethod  ] Register NMethod: org.springframework.context.annotation.ConfigurationClassParser$$Lambda/0x000002a0d4245918.test (0x0000029cc263d688) [0x0000029cc263d7e0, 0x0000029cc263dbf8] Compiler: c1, Barriers: 0, Oops: 3, ImmediateOops: 2, NonImmediateOops: No
[2024-10-26T03:26:25.894+0530][1.284s][debug][gc,director ] Rule Major: Warmup 10%, Used: 184MB, UsedThreshold: 204MB
[2024-10-26T03:26:25.894+0530][1.284s][debug][gc,director ] Rule Minor: High Usage, Free: 1824MB(89.1%)
[2024-10-26T03:26:25.894+0530][1.284s][debug][gc,nmethod  ] Register NMethod: org.springframework.boot.loader.zip.FileDataBlock$FileAccess.fillBuffer (0x0000029cc9d2cb08) [0x0000029cc9d2ce00, 0x0000029cc9d2ed40] Compiler: c2, Barriers: 24, Oops: 2, ImmediateOops: 7, NonImmediateOops: No
[2024-10-26T03:26:25.894+0530][1.285s][debug][gc,nmethod  ] Register NMethod: org.springframework.core.annotation.AnnotationsScanner.hasPlainJavaAnnotationsOnly (0x0000029cc263dc88) [0x0000029cc263dde0, 0x0000029cc263e128] Compiler: c1, Barriers: 1, Oops: 2, ImmediateOops: 2, NonImmediateOops: No
[2024-10-26T03:26:25.894+0530][1.285s][debug][gc,nmethod  ] Register NMethod: org.springframework.core.annotation.MergedAnnotation.of (0x0000029cc263e188) [0x0000029cc263e2a0, 0x0000029cc263e3b8] Compiler: c1, Barriers: 0, Oops: 1, ImmediateOops: 0, NonImmediateOops: No
[2024-10-26T03:26:25.894+0530][1.285s][debug][gc,nmethod  ] Register NMethod: org.springframework.core.type.classreading.MergedAnnotationReadingVisitor.visitEnd (0x0000029cc263e488) [0x0000029cc263e600, 0x0000029cc263eb40] Compiler: c1, Barriers: 6, Oops: 1, ImmediateOops: 1, NonImmediateOops: No
[2024-10-26T03:26:25.895+0530][1.285s][debug][gc,nmethod  ] Register NMethod: org.springframework.core.annotation.MergedAnnotations$Search$$Lambda/0x000002a0d410c8f0.test (0x0000029cc263eb88) [0x0000029cc263eca0, 0x0000029cc263eee0] Compiler: c1, Barriers: 0, Oops: 1, ImmediateOops: 0, NonImmediateOops: No
[2024-10-26T03:26:25.895+0530][1.285s][debug][gc,nmethod  ] Register NMethod: org.springframework.core.annotation.TypeMappedAnnotation.of (0x0000029cc263ef08) [0x0000029cc263f100, 0x0000029cc263fcd0] Compiler: c1, Barriers: 4, Oops: 4, ImmediateOops: 4, NonImmediateOops: No
[2024-10-26T03:26:25.895+0530][1.286s][debug][gc,nmethod  ] Register NMethod: java.util.ArrayList.add (0x0000029cc9d2f008) [0x0000029cc9d2f160, 0x0000029cc9d2f908] Compiler: c2, Barriers: 11, Oops: 0, ImmediateOops: 1, NonImmediateOops: No
[2024-10-26T03:26:25.895+0530][1.286s][debug][gc,nmethod  ] Register NMethod: org.springframework.beans.factory.support.DefaultSingletonBeanRegistry.containsSingleton (0x0000029cc263fd88) [0x0000029cc263fec0, 0x0000029cc26400d0] Compiler: c1, Barriers: 1, Oops: 1, ImmediateOops: 0, NonImmediateOops: No
[2024-10-26T03:26:25.896+0530][1.286s][debug][gc,nmethod  ] Register NMethod: java.lang.Integer.numberOfLeadingZeros (0x0000029cc9d2f988) [0x0000029cc9d2fa80, 0x0000029cc9d2fb40] Compiler: c2, Barriers: 0, Oops: 0, ImmediateOops: 0, NonImmediateOops: No
[2024-10-26T03:26:25.897+0530][1.288s][debug][gc,nmethod  ] Register NMethod: java.util.concurrent.ConcurrentHashMap$KeySetView.add (0x0000029cc2640108) [0x0000029cc2640260, 0x0000029cc2640578] Compiler: c1, Barriers: 2, Oops: 0, ImmediateOops: 0, NonImmediateOops: No
[2024-10-26T03:26:25.897+0530][1.288s][debug][gc,nmethod  ] Register NMethod: org.springframework.core.type.classreading.SimpleMetadataReader.getClassMetadata (0x0000029cc9d2fc88) [0x0000029cc9d2fda0, 0x0000029cc9d2fe98] Compiler: c1, Barriers: 1, Oops: 1, ImmediateOops: 0, NonImmediateOops: No
[2024-10-26T03:26:25.897+0530][1.288s][debug][gc,nmethod  ] Register NMethod: java.lang.invoke.MethodHandle.asFixedArity (0x0000029cc2640588) [0x0000029cc26406a0, 0x0000029cc26407c0] Compiler: c1, Barriers: 0, Oops: 0, ImmediateOops: 0, NonImmediateOops: No
[2024-10-26T03:26:25.899+0530][1.290s][debug][gc,nmethod  ] Register NMethod: jdk.internal.module.SystemModuleFinders$SystemModuleReader.containsImageLocation (0x0000029cc9d2ff88) [0x0000029cc9d301a0, 0x0000029cc9d312d0] Compiler: c2, Barriers: 17, Oops: 4, ImmediateOops: 1, NonImmediateOops: No
[2024-10-26T03:26:25.899+0530][1.290s][debug][gc,nmethod  ] Register NMethod: jdk.internal.jimage.BasicImageReader.verifyLocation (0x0000029cc9d31408) [0x0000029cc9d317e0, 0x0000029cc9d34f68] Compiler: c2, Barriers: 39, Oops: 3, ImmediateOops: 0, NonImmediateOops: No
[2024-10-26T03:26:25.899+0530][1.290s][debug][gc,nmethod  ] Register NMethod: org.springframework.core.annotation.AnnotationTypeMapping.collectAliases (0x0000029cc2640888) [0x0000029cc2640a20, 0x0000029cc2641150] Compiler: c1, Barriers: 2, Oops: 1, ImmediateOops: 0, NonImmediateOops: No
[2024-10-26T03:26:25.900+0530][1.291s][debug][gc,nmethod  ] Register NMethod: java.lang.String.equals (0x0000029cc9d35108) [0x0000029cc9d35220, 0x0000029cc9d35470] Compiler: c2, Barriers: 2, Oops: 0, ImmediateOops: 0, NonImmediateOops: No
[2024-10-26T03:26:25.900+0530][1.291s][debug][gc,nmethod  ] Register NMethod: java.util.regex.Pattern.lambda$union$3 (0x0000029cc2641188) [0x0000029cc26412c0, 0x0000029cc26415c8] Compiler: c1, Barriers: 0, Oops: 0, ImmediateOops: 0, NonImmediateOops: No
[2024-10-26T03:26:25.900+0530][1.291s][debug][gc,nmethod  ] Register NMethod: java.util.regex.Pattern$$Lambda/0x800000039.is (0x0000029cc2641608) [0x0000029cc2641760, 0x0000029cc2641b58] Compiler: c1, Barriers: 2, Oops: 0, ImmediateOops: 0, NonImmediateOops: No
[2024-10-26T03:26:25.901+0530][1.291s][debug][gc,nmethod  ] Register NMethod: java.util.stream.AbstractSpinedBuffer.<init> (0x0000029cc2641b88) [0x0000029cc2641ca0, 0x0000029cc2641e10] Compiler: c1, Barriers: 0, Oops: 0, ImmediateOops: 0, NonImmediateOops: No
[2024-10-26T03:26:25.901+0530][1.292s][debug][gc,nmethod  ] Register NMethod: java.util.stream.SpinedBuffer.<init> (0x0000029cc2641e88) [0x0000029cc2641fc0, 0x0000029cc26422a0] Compiler: c1, Barriers: 3, Oops: 0, ImmediateOops: 0, NonImmediateOops: No
[2024-10-26T03:26:25.901+0530][1.292s][debug][gc,nmethod  ] Register NMethod: java.lang.invoke.MethodHandle.linkToStatic (0x0000029cc9d35488) [0x0000029cc9d35580, 0x0000029cc9d35690] Compiler: , Barriers: 0, Oops: 0, ImmediateOops: 0, NonImmediateOops: No
[2024-10-26T03:26:25.901+0530][1.292s][debug][gc,nmethod  ] Register NMethod: java.lang.invoke.MethodHandle.invokeBasic (0x0000029cc9d35788) [0x0000029cc9d358a0, 0x0000029cc9d35b90] Compiler: , Barriers: 0, Oops: 0, ImmediateOops: 0, NonImmediateOops: No
[2024-10-26T03:26:25.901+0530][1.292s][debug][gc,nmethod  ] Register NMethod: java.lang.invoke.MethodHandle.linkToSpecial (0x0000029cc9d35c08) [0x0000029cc9d35d00, 0x0000029cc9d35e10] Compiler: , Barriers: 0, Oops: 0, ImmediateOops: 0, NonImmediateOops: No
[2024-10-26T03:26:25.902+0530][1.292s][debug][gc,nmethod  ] Register NMethod: java.lang.invoke.MethodHandle.invokeBasic (0x0000029cc9d35f08) [0x0000029cc9d36020, 0x0000029cc9d36310] Compiler: , Barriers: 0, Oops: 0, ImmediateOops: 0, NonImmediateOops: No
[2024-10-26T03:26:25.902+0530][1.292s][debug][gc,nmethod  ] Register NMethod: java.lang.invoke.MethodHandle.linkToSpecial (0x0000029cc9d36388) [0x0000029cc9d36480, 0x0000029cc9d36590] Compiler: , Barriers: 0, Oops: 0, ImmediateOops: 0, NonImmediateOops: No
[2024-10-26T03:26:25.902+0530][1.292s][debug][gc,nmethod  ] Register NMethod: java.lang.invoke.LambdaForm.compileToBytecode (0x0000029cc2642308) [0x0000029cc2642500, 0x0000029cc2642f10] Compiler: c1, Barriers: 9, Oops: 1, ImmediateOops: 4, NonImmediateOops: No
[2024-10-26T03:26:25.902+0530][1.293s][debug][gc,nmethod  ] Register NMethod: java.lang.invoke.MethodHandle.invokeBasic (0x0000029cc9d36688) [0x0000029cc9d367a0, 0x0000029cc9d36a90] Compiler: , Barriers: 0, Oops: 0, ImmediateOops: 0, NonImmediateOops: No
[2024-10-26T03:26:25.902+0530][1.293s][debug][gc,nmethod  ] Register NMethod: java.lang.invoke.MethodHandle.linkToSpecial (0x0000029cc9d36b08) [0x0000029cc9d36c00, 0x0000029cc9d36d10] Compiler: , Barriers: 0, Oops: 0, ImmediateOops: 0, NonImmediateOops: No
[2024-10-26T03:26:25.902+0530][1.293s][debug][gc,nmethod  ] Register NMethod: java.lang.invoke.ClassSpecializer$SpeciesData.getterFunctions (0x0000029cc9d36e08) [0x0000029cc9d36f20, 0x0000029cc9d37018] Compiler: c1, Barriers: 1, Oops: 0, ImmediateOops: 0, NonImmediateOops: No
[2024-10-26T03:26:25.902+0530][1.293s][debug][gc,nmethod  ] Register NMethod: java.lang.invoke.MethodHandle.linkToStatic (0x0000029cc9d37108) [0x0000029cc9d37200, 0x0000029cc9d37310] Compiler: , Barriers: 0, Oops: 0, ImmediateOops: 0, NonImmediateOops: No
[2024-10-26T03:26:25.902+0530][1.293s][debug][gc,nmethod  ] Register NMethod: java.lang.invoke.MethodHandle.invokeBasic (0x0000029cc9d37408) [0x0000029cc9d37520, 0x0000029cc9d37810] Compiler: , Barriers: 0, Oops: 0, ImmediateOops: 0, NonImmediateOops: No
[2024-10-26T03:26:25.902+0530][1.293s][debug][gc,nmethod  ] Register NMethod: java.lang.invoke.MethodHandle.linkToSpecial (0x0000029cc9d37888) [0x0000029cc9d37980, 0x0000029cc9d37a90] Compiler: , Barriers: 0, Oops: 0, ImmediateOops: 0, NonImmediateOops: No
[2024-10-26T03:26:25.903+0530][1.293s][debug][gc,nmethod  ] Register NMethod: java.lang.invoke.MethodHandle.invokeBasic (0x0000029cc9d37b88) [0x0000029cc9d37ca0, 0x0000029cc9d37f90] Compiler: , Barriers: 0, Oops: 0, ImmediateOops: 0, NonImmediateOops: No
[2024-10-26T03:26:25.903+0530][1.293s][debug][gc,nmethod  ] Register NMethod: java.lang.invoke.MethodHandle.linkToSpecial (0x0000029cc9d38008) [0x0000029cc9d38100, 0x0000029cc9d38210] Compiler: , Barriers: 0, Oops: 0, ImmediateOops: 0, NonImmediateOops: No
[2024-10-26T03:26:25.903+0530][1.293s][debug][gc,nmethod  ] Register NMethod: java.lang.invoke.LambdaForm.methodType (0x0000029cc2642f88) [0x0000029cc2643120, 0x0000029cc2643828] Compiler: c1, Barriers: 9, Oops: 0, ImmediateOops: 1, NonImmediateOops: No
[2024-10-26T03:26:25.903+0530][1.294s][debug][gc,nmethod  ] Register NMethod: java.util.LinkedHashMap.getOrDefault (0x0000029cc2643888) [0x0000029cc26439c0, 0x0000029cc2643ca0] Compiler: c1, Barriers: 1, Oops: 0, ImmediateOops: 0, NonImmediateOops: No
[2024-10-26T03:26:25.903+0530][1.294s][debug][gc,nmethod  ] Register NMethod: java.time.Clock.currentInstant (0x0000029cc2643d08) [0x0000029cc2643f00, 0x0000029cc2644770] Compiler: c1, Barriers: 0, Oops: 2, ImmediateOops: 5, NonImmediateOops: No
[2024-10-26T03:26:25.905+0530][1.295s][debug][gc,director ] Rule Major: Warmup 10%, Used: 184MB, UsedThreshold: 204MB
[2024-10-26T03:26:25.905+0530][1.295s][debug][gc,director ] Rule Minor: High Usage, Free: 1824MB(89.1%)
[2024-10-26T03:26:25.905+0530][1.296s][debug][gc,nmethod  ] Register NMethod: java.util.stream.AbstractPipeline.evaluateToArrayNode (0x0000029cc2644808) [0x0000029cc26449c0, 0x0000029cc2645100] Compiler: c1, Barriers: 3, Oops: 0, ImmediateOops: 1, NonImmediateOops: No
[2024-10-26T03:26:25.905+0530][1.296s][debug][gc,nmethod  ] Register NMethod: java.util.stream.AbstractPipeline.evaluate (0x0000029cc2645188) [0x0000029cc2645360, 0x0000029cc2645c60] Compiler: c1, Barriers: 1, Oops: 0, ImmediateOops: 0, NonImmediateOops: No
[2024-10-26T03:26:25.905+0530][1.296s][debug][gc,nmethod  ] Register NMethod: java.util.stream.AbstractPipeline.exactOutputSizeIfKnown (0x0000029cc2645c88) [0x0000029cc2645e00, 0x0000029cc26464d0] Compiler: c1, Barriers: 3, Oops: 2, ImmediateOops: 2, NonImmediateOops: No
[2024-10-26T03:26:25.906+0530][1.297s][debug][gc,nmethod  ] Register NMethod: org.springframework.util.ClassUtils.convertClassNameToResourcePath (0x0000029cc2646588) [0x0000029cc26466c0, 0x0000029cc2646958] Compiler: c1, Barriers: 0, Oops: 2, ImmediateOops: 1, NonImmediateOops: No
[2024-10-26T03:26:25.906+0530][1.297s][debug][gc,nmethod  ] Register NMethod: org.springframework.context.annotation.ConfigurationClassParser$SourceClass.<init> (0x0000029cc2646988) [0x0000029cc2646b60, 0x0000029cc26477e8] Compiler: c1, Barriers: 19, Oops: 4, ImmediateOops: 4, NonImmediateOops: No
[2024-10-26T03:26:25.906+0530][1.297s][debug][gc,nmethod  ] Register NMethod: org.springframework.boot.type.classreading.ConcurrentReferenceCachingMetadataReaderFactory.getMetadataReader (0x0000029cc2647888) [0x0000029cc2647a20, 0x0000029cc26480f0] Compiler: c1, Barriers: 3, Oops: 1, ImmediateOops: 0, NonImmediateOops: No
[2024-10-26T03:26:25.906+0530][1.297s][debug][gc,nmethod  ] Register NMethod: org.springframework.context.support.GenericApplicationContext.getResource (0x0000029cc2648188) [0x0000029cc2648340, 0x0000029cc2648b98] Compiler: c1, Barriers: 3, Oops: 1, ImmediateOops: 0, NonImmediateOops: No
[2024-10-26T03:26:25.907+0530][1.298s][debug][gc,nmethod  ] Register NMethod: org.springframework.boot.autoconfigure.AutoConfigurationMetadataLoader$PropertiesAutoConfigurationMetadata.getSet (0x0000029cc2648c08) [0x0000029cc2648de0, 0x0000029cc2649690] Compiler: c1, Barriers: 3, Oops: 2, ImmediateOops: 1, NonImmediateOops: No
[2024-10-26T03:26:25.907+0530][1.298s][debug][gc,nmethod  ] Register NMethod: org.springframework.core.annotation.MergedAnnotation.missing (0x0000029cc2649788) [0x0000029cc26498a0, 0x0000029cc26499f0] Compiler: c1, Barriers: 0, Oops: 1, ImmediateOops: 1, NonImmediateOops: No
[2024-10-26T03:26:25.907+0530][1.298s][debug][gc,nmethod  ] Register NMethod: org.springframework.core.annotation.MissingMergedAnnotation.getInstance (0x0000029cc2649a88) [0x0000029cc2649ba0, 0x0000029cc2649c98] Compiler: c1, Barriers: 0, Oops: 1, ImmediateOops: 1, NonImmediateOops: No
[2024-10-26T03:26:25.907+0530][1.298s][debug][gc,nmethod  ] Register NMethod: org.springframework.context.annotation.ConfigurationClassParser.asSourceClass (0x0000029cc2649d88) [0x0000029cc2649f80, 0x0000029cc264a878] Compiler: c1, Barriers: 3, Oops: 2, ImmediateOops: 1, NonImmediateOops: No
[2024-10-26T03:26:25.907+0530][1.298s][debug][gc,nmethod  ] Register NMethod: java.util.Collections$UnmodifiableCollection.iterator (0x0000029cc9d38308) [0x0000029cc9d38440, 0x0000029cc9d38700] Compiler: c2, Barriers: 8, Oops: 0, ImmediateOops: 0, NonImmediateOops: No
[2024-10-26T03:26:25.907+0530][1.298s][debug][gc,nmethod  ] Register NMethod: org.springframework.core.type.classreading.SimpleMetadataReaderFactory.getMetadataReader (0x0000029cc264a908) [0x0000029cc264ad60, 0x0000029cc264d0b0] Compiler: c1, Barriers: 4, Oops: 17, ImmediateOops: 12, NonImmediateOops: No
[2024-10-26T03:26:25.908+0530][1.298s][debug][gc,nmethod  ] Register NMethod: org.springframework.boot.autoconfigure.condition.OnBeanCondition.getOutcome (0x0000029cc264d288) [0x0000029cc264d640, 0x0000029cc264ef50] Compiler: c1, Barriers: 6, Oops: 8, ImmediateOops: 11, NonImmediateOops: No
[2024-10-26T03:26:25.909+0530][1.300s][debug][gc,nmethod  ] Register NMethod: org.springframework.boot.autoconfigure.condition.ConditionMessage$Builder.<init> (0x0000029cc264f088) [0x0000029cc264f1c0, 0x0000029cc264f418] Compiler: c1, Barriers: 6, Oops: 1, ImmediateOops: 0, NonImmediateOops: No
[2024-10-26T03:26:25.909+0530][1.300s][debug][gc,nmethod  ] Register NMethod: java.util.stream.ReferencePipeline.toArray (0x0000029cc264f488) [0x0000029cc264f5c0, 0x0000029cc264f818] Compiler: c1, Barriers: 0, Oops: 0, ImmediateOops: 0, NonImmediateOops: No
[2024-10-26T03:26:25.909+0530][1.300s][debug][gc,nmethod  ] Register NMethod: org.springframework.util.StringUtils.arrayToDelimitedString (0x0000029cc264f888) [0x0000029cc264fa40, 0x0000029cc2650098] Compiler: c1, Barriers: 2, Oops: 1, ImmediateOops: 2, NonImmediateOops: No
[2024-10-26T03:26:25.909+0530][1.300s][debug][gc,nmethod  ] Register NMethod: java.util.stream.ReferencePipeline.makeNodeBuilder (0x0000029cc2650108) [0x0000029cc2650220, 0x0000029cc2650360] Compiler: c1, Barriers: 0, Oops: 0, ImmediateOops: 0, NonImmediateOops: No
[2024-10-26T03:26:25.910+0530][1.300s][debug][gc,nmethod  ] Register NMethod: java.util.stream.Nodes.builder (0x0000029cc2650408) [0x0000029cc2650580, 0x0000029cc2650b88] Compiler: c1, Barriers: 3, Oops: 0, ImmediateOops: 0, NonImmediateOops: No
[2024-10-26T03:26:25.910+0530][1.301s][debug][gc,nmethod  ] Register NMethod: java.lang.Class.privateGetDeclaredConstructors (0x0000029cc2650c08) [0x0000029cc2650da0, 0x0000029cc2651310] Compiler: c1, Barriers: 8, Oops: 0, ImmediateOops: 0, NonImmediateOops: No
[2024-10-26T03:26:25.911+0530][1.302s][debug][gc,nmethod  ] Register NMethod: java.util.HashMap.put (0x0000029cc9d38788) [0x0000029cc9d38940, 0x0000029cc9d39260] Compiler: c2, Barriers: 16, Oops: 0, ImmediateOops: 0, NonImmediateOops: No
[2024-10-26T03:26:25.911+0530][1.302s][debug][gc,nmethod  ] Register NMethod: jdk.internal.module.SystemModuleFinders$SystemModuleReader.find (0x0000029cc9d39308) [0x0000029cc9d39660, 0x0000029cc9d3c048] Compiler: c2, Barriers: 30, Oops: 4, ImmediateOops: 2, NonImmediateOops: No
[2024-10-26T03:26:25.912+0530][1.302s][debug][gc,nmethod  ] Register NMethod: java.lang.invoke.MethodHandleNatives.refKindIsGetter (0x0000029cc2651388) [0x0000029cc26514a0, 0x0000029cc26515e8] Compiler: c1, Barriers: 0, Oops: 0, ImmediateOops: 0, NonImmediateOops: No
[2024-10-26T03:26:25.912+0530][1.302s][debug][gc,nmethod  ] Register NMethod: org.springframework.boot.loader.jar.ZipInflaterInputStream.read (0x0000029cc9d3c208) [0x0000029cc9d3c320, 0x0000029cc9d3c3d0] Compiler: c2, Barriers: 0, Oops: 1, ImmediateOops: 0, NonImmediateOops: No
[2024-10-26T03:26:25.912+0530][1.303s][debug][gc,nmethod  ] Register NMethod: sun.reflect.annotation.AnnotationParser.parseAnnotations2 (0x0000029cc2651688) [0x0000029cc2651960, 0x0000029cc2652ae8] Compiler: c1, Barriers: 1, Oops: 2, ImmediateOops: 6, NonImmediateOops: No
[2024-10-26T03:26:25.912+0530][1.303s][debug][gc,nmethod  ] Register NMethod: org.springframework.core.annotation.MergedAnnotationSelectors.firstDirectlyDeclared (0x0000029cc2652b88) [0x0000029cc2652ca0, 0x0000029cc2652d98] Compiler: c1, Barriers: 0, Oops: 1, ImmediateOops: 1, NonImmediateOops: No
[2024-10-26T03:26:25.912+0530][1.303s][debug][gc,nmethod  ] Register NMethod: java.util.RegularEnumSet$EnumSetIterator.next (0x0000029cc2652e88) [0x0000029cc2652fa0, 0x0000029cc26530f8] Compiler: c1, Barriers: 0, Oops: 0, ImmediateOops: 0, NonImmediateOops: No
[2024-10-26T03:26:25.912+0530][1.303s][debug][gc,nmethod  ] Register NMethod: java.util.RegularEnumSet$EnumSetIterator.next (0x0000029cc2653188) [0x0000029cc26532e0, 0x0000029cc2653628] Compiler: c1, Barriers: 3, Oops: 0, ImmediateOops: 0, NonImmediateOops: No
[2024-10-26T03:26:25.912+0530][1.303s][debug][gc,nmethod  ] Register NMethod: org.springframework.core.type.AnnotatedTypeMetadata.getAnnotationAttributes (0x0000029cc2653688) [0x0000029cc2653880, 0x0000029cc26542d0] Compiler: c1, Barriers: 0, Oops: 3, ImmediateOops: 4, NonImmediateOops: No
[2024-10-26T03:26:25.913+0530][1.304s][debug][gc,nmethod  ] Register NMethod: jdk.internal.ref.PhantomCleanable.insert (0x0000029cc9d3c508) [0x0000029cc9d3c640, 0x0000029cc9d3cbd0] Compiler: c2, Barriers: 15, Oops: 0, ImmediateOops: 0, NonImmediateOops: No
[2024-10-26T03:26:25.913+0530][1.304s][debug][gc,nmethod  ] Register NMethod: org.springframework.core.io.ClassPathResource.<init> (0x0000029cc2654388) [0x0000029cc2654560, 0x0000029cc2654e48] Compiler: c1, Barriers: 13, Oops: 3, ImmediateOops: 2, NonImmediateOops: No
[2024-10-26T03:26:25.914+0530][1.304s][debug][gc,nmethod  ] Register NMethod: org.springframework.core.annotation.AnnotationTypeMappings.size (0x0000029cc9d3cc08) [0x0000029cc9d3cd20, 0x0000029cc9d3ce18] Compiler: c2, Barriers: 1, Oops: 1, ImmediateOops: 0, NonImmediateOops: No
[2024-10-26T03:26:25.914+0530][1.305s][debug][gc,nmethod  ] Register NMethod: jdk.internal.ref.PhantomCleanable.<init> (0x0000029cc9d3cf08) [0x0000029cc9d3d0a0, 0x0000029cc9d3db50] Compiler: c2, Barriers: 34, Oops: 0, ImmediateOops: 2, NonImmediateOops: No
[2024-10-26T03:26:25.915+0530][1.305s][debug][gc,director ] Rule Major: Warmup 10%, Used: 186MB, UsedThreshold: 204MB
[2024-10-26T03:26:25.915+0530][1.305s][debug][gc,director ] Rule Minor: High Usage, Free: 1822MB(89.0%)
[2024-10-26T03:26:25.915+0530][1.305s][debug][gc,nmethod  ] Register NMethod: java.util.Collections$UnmodifiableCollection.isEmpty (0x0000029cc2654f08) [0x0000029cc2655040, 0x0000029cc2655250] Compiler: c1, Barriers: 1, Oops: 0, ImmediateOops: 0, NonImmediateOops: No
[2024-10-26T03:26:25.915+0530][1.306s][debug][gc,nmethod  ] Register NMethod: org.springframework.core.annotation.AbstractMergedAnnotation.isMetaPresent (0x0000029cc2655288) [0x0000029cc26553c0, 0x0000029cc26556d8] Compiler: c1, Barriers: 0, Oops: 1, ImmediateOops: 0, NonImmediateOops: No
[2024-10-26T03:26:25.915+0530][1.306s][debug][gc,nmethod  ] Register NMethod: java.util.stream.Collectors$CollectorImpl.<init> (0x0000029cc2655708) [0x0000029cc2655860, 0x0000029cc2655c70] Compiler: c1, Barriers: 15, Oops: 0, ImmediateOops: 0, NonImmediateOops: No
[2024-10-26T03:26:25.915+0530][1.306s][debug][gc,nmethod  ] Register NMethod: java.util.stream.ReduceOps$ReduceOp.<init> (0x0000029cc2655d08) [0x0000029cc2655e20, 0x0000029cc2656000] Compiler: c1, Barriers: 3, Oops: 0, ImmediateOops: 0, NonImmediateOops: No
[2024-10-26T03:26:25.915+0530][1.306s][debug][gc,nmethod  ] Register NMethod: java.util.stream.ReduceOps$3.<init> (0x0000029cc2656088) [0x0000029cc26561e0, 0x0000029cc26565f0] Compiler: c1, Barriers: 15, Oops: 0, ImmediateOops: 0, NonImmediateOops: No
[2024-10-26T03:26:25.915+0530][1.306s][debug][gc,nmethod  ] Register NMethod: java.util.stream.ReduceOps.makeRef (0x0000029cc2656688) [0x0000029cc2656840, 0x0000029cc2657120] Compiler: c1, Barriers: 18, Oops: 1, ImmediateOops: 1, NonImmediateOops: No
[2024-10-26T03:26:25.915+0530][1.306s][debug][gc,nmethod  ] Register NMethod: java.util.stream.ReduceOps$3.getOpFlags (0x0000029cc2657208) [0x0000029cc2657340, 0x0000029cc2657668] Compiler: c1, Barriers: 2, Oops: 0, ImmediateOops: 1, NonImmediateOops: No
[2024-10-26T03:26:25.915+0530][1.306s][debug][gc,nmethod  ] Register NMethod: java.util.stream.ReduceOps$ReduceOp.evaluateSequential (0x0000029cc2657708) [0x0000029cc2657860, 0x0000029cc2657cf8] Compiler: c1, Barriers: 1, Oops: 0, ImmediateOops: 0, NonImmediateOops: No
[2024-10-26T03:26:25.915+0530][1.306s][debug][gc,nmethod  ] Register NMethod: java.util.stream.ReduceOps$3.makeSink (0x0000029cc2657d88) [0x0000029cc2657ea0, 0x0000029cc2657ff8] Compiler: c1, Barriers: 0, Oops: 0, ImmediateOops: 0, NonImmediateOops: No
[2024-10-26T03:26:25.915+0530][1.306s][debug][gc,nmethod  ] Register NMethod: java.util.stream.ReferencePipeline.collect (0x0000029cc2658088) [0x0000029cc26582e0, 0x0000029cc26590b8] Compiler: c1, Barriers: 7, Oops: 1, ImmediateOops: 4, NonImmediateOops: No
[2024-10-26T03:26:25.915+0530][1.306s][debug][gc,nmethod  ] Register NMethod: java.util.stream.ReduceOps$3.makeSink (0x0000029cc2659188) [0x0000029cc26592e0, 0x0000029cc2659770] Compiler: c1, Barriers: 12, Oops: 0, ImmediateOops: 0, NonImmediateOops: No
[2024-10-26T03:26:25.916+0530][1.306s][debug][gc,nmethod  ] Register NMethod: java.util.stream.ReduceOps$3ReducingSink.<init> (0x0000029cc2659808) [0x0000029cc2659940, 0x0000029cc2659c68] Compiler: c1, Barriers: 9, Oops: 0, ImmediateOops: 0, NonImmediateOops: No
[2024-10-26T03:26:25.916+0530][1.306s][debug][gc,nmethod  ] Register NMethod: java.util.stream.ReduceOps$Box.<init> (0x0000029cc2659d08) [0x0000029cc2659e20, 0x0000029cc2659f88] Compiler: c1, Barriers: 0, Oops: 0, ImmediateOops: 0, NonImmediateOops: No
[2024-10-26T03:26:25.916+0530][1.306s][debug][gc,nmethod  ] Register NMethod: java.util.stream.ReduceOps$3ReducingSink.begin (0x0000029cc265a008) [0x0000029cc265a140, 0x0000029cc265a3d0] Compiler: c1, Barriers: 4, Oops: 0, ImmediateOops: 0, NonImmediateOops: No
[2024-10-26T03:26:25.916+0530][1.307s][debug][gc,nmethod  ] Register NMethod: org.springframework.core.type.AnnotationMetadata$$Lambda/0x000002a0d425d2d0.test (0x0000029cc265a408) [0x0000029cc265a560, 0x0000029cc265aa80] Compiler: c1, Barriers: 0, Oops: 1, ImmediateOops: 0, NonImmediateOops: No
[2024-10-26T03:26:25.917+0530][1.308s][debug][gc,nmethod  ] Register NMethod: java.lang.ref.Cleaner.register (0x0000029cc9d3dc08) [0x0000029cc9d3dda0, 0x0000029cc9d3e738] Compiler: c2, Barriers: 32, Oops: 2, ImmediateOops: 2, NonImmediateOops: No
[2024-10-26T03:26:25.917+0530][1.308s][debug][gc,nmethod  ] Register NMethod: org.springframework.boot.context.properties.source.ConfigurationPropertyName$ElementsParser.parse (0x0000029cc9d3e808) [0x0000029cc9d3ed20, 0x0000029cc9d42430] Compiler: c2, Barriers: 112, Oops: 4, ImmediateOops: 22, NonImmediateOops: No
[2024-10-26T03:26:25.919+0530][1.310s][debug][gc,nmethod  ] Register NMethod: org.springframework.beans.factory.support.DefaultSingletonBeanRegistry.getSingleton (0x0000029cc265ab08) [0x0000029cc265ac20, 0x0000029cc265ade8] Compiler: c1, Barriers: 0, Oops: 1, ImmediateOops: 0, NonImmediateOops: No
[2024-10-26T03:26:25.920+0530][1.310s][debug][gc,nmethod  ] Register NMethod: org.springframework.beans.factory.support.AbstractAutowireCapableBeanFactory.getObjectForBeanInstance (0x0000029cc265ae88) [0x0000029cc265afe0, 0x0000029cc265b4c8] Compiler: c1, Barriers: 2, Oops: 1, ImmediateOops: 0, NonImmediateOops: No
[2024-10-26T03:26:25.920+0530][1.310s][debug][gc,nmethod  ] Register NMethod: org.springframework.boot.autoconfigure.condition.FilteringSpringBootCondition.match (0x0000029cc265b508) [0x0000029cc265b700, 0x0000029cc265c360] Compiler: c1, Barriers: 7, Oops: 1, ImmediateOops: 0, NonImmediateOops: No
[2024-10-26T03:26:25.920+0530][1.310s][debug][gc,nmethod  ] Register NMethod: org.springframework.boot.autoconfigure.condition.OnClassCondition$StandardOutcomesResolver.getOutcome (0x0000029cc265c408) [0x0000029cc265c5c0, 0x0000029cc265cc10] Compiler: c1, Barriers: 3, Oops: 2, ImmediateOops: 2, NonImmediateOops: No
[2024-10-26T03:26:25.920+0530][1.311s][debug][gc,nmethod  ] Register NMethod: org.springframework.beans.factory.support.AbstractBeanFactory.getBean (0x0000029cc265cc88) [0x0000029cc265cda0, 0x0000029cc265cf70] Compiler: c1, Barriers: 0, Oops: 1, ImmediateOops: 0, NonImmediateOops: No
[2024-10-26T03:26:25.920+0530][1.311s][debug][gc,nmethod  ] Register NMethod: org.springframework.boot.autoconfigure.condition.ConditionEvaluationReport.locateParent (0x0000029cc265d008) [0x0000029cc265d160, 0x0000029cc265d618] Compiler: c1, Barriers: 4, Oops: 1, ImmediateOops: 3, NonImmediateOops: No
[2024-10-26T03:26:25.920+0530][1.311s][debug][gc,nmethod  ] Register NMethod: org.springframework.beans.factory.support.AbstractBeanFactory.getObjectForBeanInstance (0x0000029cc265d688) [0x0000029cc265d900, 0x0000029cc265ed18] Compiler: c1, Barriers: 9, Oops: 3, ImmediateOops: 4, NonImmediateOops: No
[2024-10-26T03:26:25.920+0530][1.311s][debug][gc,nmethod  ] Register NMethod: org.springframework.beans.factory.support.AbstractBeanFactory.adaptBeanInstance (0x0000029cc265ee08) [0x0000029cc265f0a0, 0x0000029cc2660550] Compiler: c1, Barriers: 15, Oops: 2, ImmediateOops: 1, NonImmediateOops: No
[2024-10-26T03:26:25.921+0530][1.311s][debug][gc,nmethod  ] Register NMethod: org.springframework.core.type.classreading.MergedAnnotationReadingVisitor.<init> (0x0000029cc2660688) [0x0000029cc2660820, 0x0000029cc2660de0] Compiler: c1, Barriers: 15, Oops: 1, ImmediateOops: 0, NonImmediateOops: No
[2024-10-26T03:26:25.921+0530][1.312s][debug][gc,nmethod  ] Register NMethod: org.springframework.core.type.AnnotatedTypeMetadata$$Lambda/0x000002a0d4248bf0.test (0x0000029cc2660e88) [0x0000029cc2660fa0, 0x0000029cc2661200] Compiler: c1, Barriers: 0, Oops: 1, ImmediateOops: 0, NonImmediateOops: No
[2024-10-26T03:26:25.921+0530][1.312s][debug][gc,nmethod  ] Register NMethod: org.springframework.context.annotation.ConfigurationClassParser$$Lambda/0x000002a0d424ad88.test (0x0000029cc2661288) [0x0000029cc26613e0, 0x0000029cc2661900] Compiler: c1, Barriers: 0, Oops: 1, ImmediateOops: 0, NonImmediateOops: No
[2024-10-26T03:26:25.921+0530][1.312s][debug][gc,nmethod  ] Register NMethod: org.springframework.context.annotation.ConfigurationClassParser$$Lambda/0x000002a0d424afd8.test (0x0000029cc2661988) [0x0000029cc2661ae0, 0x0000029cc2662000] Compiler: c1, Barriers: 0, Oops: 1, ImmediateOops: 0, NonImmediateOops: No
[2024-10-26T03:26:25.922+0530][1.313s][debug][gc,nmethod  ] Register NMethod: org.springframework.core.annotation.AnnotationTypeMappings.get (0x0000029cc9d42608) [0x0000029cc9d42740, 0x0000029cc9d42998] Compiler: c2, Barriers: 3, Oops: 1, ImmediateOops: 0, NonImmediateOops: No
[2024-10-26T03:26:25.922+0530][1.313s][debug][gc,nmethod  ] Register NMethod: org.springframework.beans.factory.support.AbstractBeanFactory.doGetBean (0x0000029cc2662088) [0x0000029cc2662aa0, 0x0000029cc2669cc8] Compiler: c1, Barriers: 41, Oops: 10, ImmediateOops: 18, NonImmediateOops: No
[2024-10-26T03:26:25.922+0530][1.313s][debug][gc,nmethod  ] Register NMethod: jdk.internal.reflect.ReflectionFactory.copyConstructor (0x0000029cc2669f88) [0x0000029cc266a0c0, 0x0000029cc266a2e8] Compiler: c1, Barriers: 1, Oops: 0, ImmediateOops: 0, NonImmediateOops: No
[2024-10-26T03:26:25.922+0530][1.313s][debug][gc,nmethod  ] Register NMethod: java.lang.reflect.ReflectAccess.copyConstructor (0x0000029cc266a388) [0x0000029cc266a4a0, 0x0000029cc266a5e0] Compiler: c1, Barriers: 0, Oops: 0, ImmediateOops: 0, NonImmediateOops: No
[2024-10-26T03:26:25.923+0530][1.313s][debug][gc,nmethod  ] Register NMethod: java.lang.reflect.Constructor.copy (0x0000029cc266a688) [0x0000029cc266a800, 0x0000029cc266ad78] Compiler: c1, Barriers: 14, Oops: 0, ImmediateOops: 1, NonImmediateOops: No
[2024-10-26T03:26:25.923+0530][1.313s][debug][gc,nmethod  ] Register NMethod: java.util.ArrayDeque.push (0x0000029cc266ad88) [0x0000029cc266aea0, 0x0000029cc266b060] Compiler: c1, Barriers: 0, Oops: 0, ImmediateOops: 0, NonImmediateOops: No
[2024-10-26T03:26:25.923+0530][1.313s][debug][gc,nmethod  ] Register NMethod: java.lang.reflect.Constructor.<init> (0x0000029cc266b088) [0x0000029cc266b1e0, 0x0000029cc266b6e8] Compiler: c1, Barriers: 18, Oops: 0, ImmediateOops: 0, NonImmediateOops: No
[2024-10-26T03:26:25.923+0530][1.314s][debug][gc,nmethod  ] Register NMethod: java.util.concurrent.atomic.AtomicInteger.set (0x0000029cc9d42a08) [0x0000029cc9d42b20, 0x0000029cc9d42bf0] Compiler: c1, Barriers: 0, Oops: 0, ImmediateOops: 0, NonImmediateOops: No
[2024-10-26T03:26:25.923+0530][1.314s][debug][gc,nmethod  ] Register NMethod: java.util.TreeMap.computeIfAbsent (0x0000029cc266b788) [0x0000029cc266bac0, 0x0000029cc266d3b0] Compiler: c1, Barriers: 18, Oops: 0, ImmediateOops: 0, NonImmediateOops: No
[2024-10-26T03:26:25.924+0530][1.315s][debug][gc,nmethod  ] Register NMethod: org.springframework.core.io.ClassPathResource.equals (0x0000029cc266d408) [0x0000029cc266d5e0, 0x0000029cc266e008] Compiler: c1, Barriers: 8, Oops: 1, ImmediateOops: 0, NonImmediateOops: No
[2024-10-26T03:26:25.924+0530][1.315s][debug][gc,nmethod  ] Register NMethod: org.springframework.core.annotation.TypeMappedAnnotation.getValue (0x0000029cc266e088) [0x0000029cc266e260, 0x0000029cc266eb80] Compiler: c1, Barriers: 11, Oops: 1, ImmediateOops: 0, NonImmediateOops: No
[2024-10-26T03:26:25.924+0530][1.315s][debug][gc,nmethod  ] Register NMethod: java.lang.ThreadLocal.initialValue (0x0000029cc9d42d08) [0x0000029cc9d42e20, 0x0000029cc9d42ef0] Compiler: c1, Barriers: 0, Oops: 0, ImmediateOops: 0, NonImmediateOops: No
[2024-10-26T03:26:25.925+0530][1.315s][debug][gc,director ] Rule Major: Warmup 10%, Used: 186MB, UsedThreshold: 204MB
[2024-10-26T03:26:25.925+0530][1.315s][debug][gc,director ] Rule Minor: High Usage, Free: 1822MB(89.0%)
[2024-10-26T03:26:25.925+0530][1.315s][debug][gc,nmethod  ] Register NMethod: org.springframework.core.type.filter.AbstractTypeHierarchyTraversingFilter.matchSelf (0x0000029cc9d43008) [0x0000029cc9d43120, 0x0000029cc9d431e8] Compiler: c1, Barriers: 0, Oops: 1, ImmediateOops: 0, NonImmediateOops: No
[2024-10-26T03:26:25.926+0530][1.316s][debug][gc,nmethod  ] Register NMethod: java.lang.StringLatin1.indexOfNonWhitespace (0x0000029cc266ec08) [0x0000029cc266ed60, 0x0000029cc266f140] Compiler: c1, Barriers: 0, Oops: 1, ImmediateOops: 2, NonImmediateOops: No
[2024-10-26T03:26:25.926+0530][1.316s][debug][gc,nmethod  ] Register NMethod: org.springframework.boot.autoconfigure.condition.ConditionMessage.<init> (0x0000029cc266f188) [0x0000029cc266f300, 0x0000029cc266f840] Compiler: c1, Barriers: 5, Oops: 1, ImmediateOops: 0, NonImmediateOops: No
[2024-10-26T03:26:25.926+0530][1.316s][debug][gc,nmethod  ] Register NMethod: org.springframework.boot.autoconfigure.condition.ConditionMessage.isEmpty (0x0000029cc266f888) [0x0000029cc266f9c0, 0x0000029cc266fd08] Compiler: c1, Barriers: 2, Oops: 1, ImmediateOops: 0, NonImmediateOops: No
[2024-10-26T03:26:25.926+0530][1.317s][debug][gc,nmethod  ] Register NMethod: org.springframework.boot.loader.net.protocol.jar.JarUrlConnection.getInputStream (0x0000029cc9d43308) [0x0000029cc9d43500, 0x0000029cc9d43d88] Compiler: c2, Barriers: 17, Oops: 3, ImmediateOops: 8, NonImmediateOops: No
[2024-10-26T03:26:25.926+0530][1.317s][debug][gc,alloc    ] Mutator Allocation Rate: 144.7MB/s Predicted: 151.8MB/s, Avg: 135.8(+/-26.1)MB/s
[2024-10-26T03:26:25.926+0530][1.317s][debug][gc,director ] Rule Major: Warmup 10%, Used: 188MB, UsedThreshold: 204MB
[2024-10-26T03:26:25.926+0530][1.317s][debug][gc,director ] Rule Minor: High Usage, Free: 1820MB(88.9%)
[2024-10-26T03:26:25.927+0530][1.318s][debug][gc,nmethod  ] Register NMethod: java.util.Spliterator.forEachRemaining (0x0000029cc266fd88) [0x0000029cc266fec0, 0x0000029cc2670148] Compiler: c1, Barriers: 0, Oops: 0, ImmediateOops: 0, NonImmediateOops: No
[2024-10-26T03:26:25.927+0530][1.318s][debug][gc,nmethod  ] Register NMethod: org.springframework.context.annotation.ConfigurationClassParser.collectImports (0x0000029cc2670188) [0x0000029cc26703c0, 0x0000029cc2670f48] Compiler: c1, Barriers: 3, Oops: 2, ImmediateOops: 5, NonImmediateOops: No
[2024-10-26T03:26:25.928+0530][1.318s][debug][gc,nmethod  ] Register NMethod: jdk.internal.loader.URLClassPath.findResource (0x0000029cc2670f88) [0x0000029cc26710e0, 0x0000029cc2671418] Compiler: c1, Barriers: 0, Oops: 0, ImmediateOops: 0, NonImmediateOops: No
[2024-10-26T03:26:25.928+0530][1.318s][debug][gc,nmethod  ] Register NMethod: org.springframework.context.annotation.ConfigurationClassParser$SourceClass.getRelated (0x0000029cc2671488) [0x0000029cc26716a0, 0x0000029cc2672210] Compiler: c1, Barriers: 6, Oops: 2, ImmediateOops: 3, NonImmediateOops: No
[2024-10-26T03:26:25.928+0530][1.319s][debug][gc,nmethod  ] Register NMethod: java.lang.StringBuilder.append (0x0000029cc9d43f08) [0x0000029cc9d44060, 0x0000029cc9d443c0] Compiler: c2, Barriers: 5, Oops: 0, ImmediateOops: 0, NonImmediateOops: No
[2024-10-26T03:26:25.928+0530][1.319s][debug][gc,nmethod  ] Register NMethod: org.springframework.asm.ClassReader.<init> (0x0000029cc2672288) [0x0000029cc26724c0, 0x0000029cc2673458] Compiler: c1, Barriers: 19, Oops: 1, ImmediateOops: 0, NonImmediateOops: No
[2024-10-26T03:26:25.928+0530][1.319s][debug][gc,nmethod  ] Register NMethod: org.springframework.asm.ClassReader.getFirstAttributeOffset (0x0000029cc2673488) [0x0000029cc2673640, 0x0000029cc2673cc0] Compiler: c1, Barriers: 0, Oops: 1, ImmediateOops: 0, NonImmediateOops: No
[2024-10-26T03:26:25.929+0530][1.320s][debug][gc,nmethod  ] Register NMethod: org.springframework.core.type.StandardClassMetadata.getClassName (0x0000029cc2673d08) [0x0000029cc2673e40, 0x0000029cc2674098] Compiler: c1, Barriers: 2, Oops: 1, ImmediateOops: 0, NonImmediateOops: No
[2024-10-26T03:26:25.929+0530][1.320s][debug][gc,nmethod  ] Register NMethod: java.util.Collections$UnmodifiableMap.<init> (0x0000029cc2674108) [0x0000029cc2674240, 0x0000029cc2674518] Compiler: c1, Barriers: 3, Oops: 0, ImmediateOops: 0, NonImmediateOops: No
[2024-10-26T03:26:25.929+0530][1.320s][debug][gc,nmethod  ] Register NMethod: java.util.Collections.unmodifiableMap (0x0000029cc2674588) [0x0000029cc26746e0, 0x0000029cc2674b90] Compiler: c1, Barriers: 3, Oops: 0, ImmediateOops: 1, NonImmediateOops: No
[2024-10-26T03:26:25.929+0530][1.320s][debug][gc,nmethod  ] Register NMethod: org.springframework.core.annotation.TypeMappedAnnotation.isFiltered (0x0000029cc2674c08) [0x0000029cc2674d40, 0x0000029cc2674ff0] Compiler: c1, Barriers: 1, Oops: 1, ImmediateOops: 0, NonImmediateOops: No
[2024-10-26T03:26:25.929+0530][1.320s][debug][gc,nmethod  ] Register NMethod: org.springframework.core.annotation.TypeMappedAnnotation.getValue (0x0000029cc2675008) [0x0000029cc2675180, 0x0000029cc2675510] Compiler: c1, Barriers: 4, Oops: 1, ImmediateOops: 0, NonImmediateOops: No
[2024-10-26T03:26:25.929+0530][1.320s][debug][gc,nmethod  ] Register NMethod: org.springframework.core.annotation.TypeMappedAnnotation.getAdaptType (0x0000029cc2675588) [0x0000029cc2675720, 0x0000029cc2675d10] Compiler: c1, Barriers: 2, Oops: 1, ImmediateOops: 3, NonImmediateOops: No
[2024-10-26T03:26:25.930+0530][1.320s][debug][gc,nmethod  ] Register NMethod: java.lang.Boolean.hashCode (0x0000029cc2675d88) [0x0000029cc2675ea0, 0x0000029cc2675ff8] Compiler: c1, Barriers: 0, Oops: 0, ImmediateOops: 0, NonImmediateOops: No
[2024-10-26T03:26:25.930+0530][1.321s][debug][gc,nmethod  ] Register NMethod: org.springframework.core.annotation.TypeMappedAnnotation.adapt (0x0000029cc2676088) [0x0000029cc2676460, 0x0000029cc26789d0] Compiler: c1, Barriers: 16, Oops: 1, ImmediateOops: 4, NonImmediateOops: No
[2024-10-26T03:26:25.930+0530][1.321s][debug][gc,nmethod  ] Register NMethod: org.springframework.core.annotation.TypeMappedAnnotation.adaptForAttribute (0x0000029cc2678a88) [0x0000029cc2678e80, 0x0000029cc267add0] Compiler: c1, Barriers: 16, Oops: 1, ImmediateOops: 5, NonImmediateOops: No
[2024-10-26T03:26:25.930+0530][1.321s][debug][gc,nmethod  ] Register NMethod: org.springframework.boot.autoconfigure.condition.ConditionMessage$Builder.because (0x0000029cc267ae88) [0x0000029cc267b2c0, 0x0000029cc267dbc0] Compiler: c1, Barriers: 16, Oops: 18, ImmediateOops: 9, NonImmediateOops: No
[2024-10-26T03:26:25.931+0530][1.321s][debug][gc,nmethod  ] Register NMethod: jdk.internal.reflect.Reflection.filter (0x0000029cc267dd88) [0x0000029cc267dfa0, 0x0000029cc267edc0] Compiler: c1, Barriers: 6, Oops: 0, ImmediateOops: 1, NonImmediateOops: No
[2024-10-26T03:26:25.931+0530][1.321s][debug][gc,nmethod  ] Register NMethod: org.springframework.core.annotation.TypeMappedAnnotations.isPresent (0x0000029cc267ee08) [0x0000029cc267ef80, 0x0000029cc267f5a8] Compiler: c1, Barriers: 3, Oops: 2, ImmediateOops: 1, NonImmediateOops: No
[2024-10-26T03:26:25.931+0530][1.322s][debug][gc,nmethod  ] Register NMethod: org.springframework.boot.autoconfigure.condition.ConditionEvaluationReport$ConditionAndOutcomes.add (0x0000029cc267f608) [0x0000029cc267f760, 0x0000029cc267fb78] Compiler: c1, Barriers: 7, Oops: 1, ImmediateOops: 0, NonImmediateOops: No
[2024-10-26T03:26:25.931+0530][1.322s][debug][gc,nmethod  ] Register NMethod: org.springframework.boot.autoconfigure.condition.ConditionEvaluationReport$ConditionAndOutcome.<init> (0x0000029cc267fc08) [0x0000029cc267fd40, 0x0000029cc267ff98] Compiler: c1, Barriers: 6, Oops: 1, ImmediateOops: 0, NonImmediateOops: No
[2024-10-26T03:26:25.931+0530][1.322s][debug][gc,nmethod  ] Register NMethod: org.springframework.boot.autoconfigure.condition.ConditionOutcome.hashCode (0x0000029cc2680008) [0x0000029cc2680140, 0x0000029cc2680368] Compiler: c1, Barriers: 1, Oops: 1, ImmediateOops: 0, NonImmediateOops: No
[2024-10-26T03:26:25.932+0530][1.322s][debug][gc,nmethod  ] Register NMethod: org.springframework.core.annotation.MergedAnnotationsCollection.spliterator (0x0000029cc2680388) [0x0000029cc26804e0, 0x0000029cc2680948] Compiler: c1, Barriers: 10, Oops: 1, ImmediateOops: 0, NonImmediateOops: No
[2024-10-26T03:26:25.932+0530][1.322s][debug][gc,nmethod  ] Register NMethod: org.springframework.core.annotation.MergedAnnotationsCollection$AnnotationsSpliterator.<init> (0x0000029cc2680988) [0x0000029cc2680ac0, 0x0000029cc2680e68] Compiler: c1, Barriers: 10, Oops: 1, ImmediateOops: 0, NonImmediateOops: No
[2024-10-26T03:26:25.932+0530][1.322s][debug][gc,nmethod  ] Register NMethod: org.springframework.boot.autoconfigure.condition.ConditionEvaluationReport$ConditionAndOutcome.hashCode (0x0000029cc2680f08) [0x0000029cc2681060, 0x0000029cc26814c0] Compiler: c1, Barriers: 4, Oops: 1, ImmediateOops: 0, NonImmediateOops: No
[2024-10-26T03:26:25.932+0530][1.322s][debug][gc,nmethod  ] Register NMethod: java.util.RegularEnumSet.size (0x0000029cc2681508) [0x0000029cc2681620, 0x0000029cc2681760] Compiler: c1, Barriers: 0, Oops: 0, ImmediateOops: 0, NonImmediateOops: No
[2024-10-26T03:26:25.932+0530][1.322s][debug][gc,nmethod  ] Register NMethod: java.util.RegularEnumSet$EnumSetIterator.<init> (0x0000029cc2681808) [0x0000029cc2681920, 0x0000029cc2681b18] Compiler: c1, Barriers: 3, Oops: 0, ImmediateOops: 0, NonImmediateOops: No
[2024-10-26T03:26:25.932+0530][1.322s][debug][gc,nmethod  ] Register NMethod: java.util.RegularEnumSet.iterator (0x0000029cc2681b88) [0x0000029cc2681cc0, 0x0000029cc2681f70] Compiler: c1, Barriers: 3, Oops: 0, ImmediateOops: 0, NonImmediateOops: No
[2024-10-26T03:26:25.932+0530][1.323s][debug][gc,nmethod  ] Register NMethod: java.util.stream.Collectors$$Lambda/0x000002a0d40c47b8.accept (0x0000029cc2682008) [0x0000029cc2682140, 0x0000029cc2682408] Compiler: c1, Barriers: 0, Oops: 0, ImmediateOops: 0, NonImmediateOops: No
[2024-10-26T03:26:25.932+0530][1.323s][debug][gc,nmethod  ] Register NMethod: org.springframework.boot.autoconfigure.condition.ConditionMessage.hashCode (0x0000029cc2682488) [0x0000029cc26825a0, 0x0000029cc2682708] Compiler: c1, Barriers: 1, Oops: 1, ImmediateOops: 0, NonImmediateOops: No
[2024-10-26T03:26:25.932+0530][1.323s][debug][gc,nmethod  ] Register NMethod: org.springframework.asm.Type.getReturnType (0x0000029cc2682788) [0x0000029cc26828e0, 0x0000029cc2682b78] Compiler: c1, Barriers: 1, Oops: 1, ImmediateOops: 0, NonImmediateOops: No
[2024-10-26T03:26:25.932+0530][1.323s][debug][gc,nmethod  ] Register NMethod: org.springframework.core.type.classreading.SimpleMethodMetadata.<init> (0x0000029cc2682c08) [0x0000029cc2682d40, 0x0000029cc2683100] Compiler: c1, Barriers: 15, Oops: 1, ImmediateOops: 0, NonImmediateOops: No
[2024-10-26T03:26:25.932+0530][1.323s][debug][gc,nmethod  ] Register NMethod: org.springframework.core.type.classreading.SimpleAnnotationMetadataReadingVisitor$$Lambda/0x000002a0d4256c38.accept (0x0000029cc2683188) [0x0000029cc26832c0, 0x0000029cc26835a0] Compiler: c1, Barriers: 1, Oops: 1, ImmediateOops: 0, NonImmediateOops: No
[2024-10-26T03:26:25.933+0530][1.323s][debug][gc,nmethod  ] Register NMethod: org.springframework.asm.Type.getReturnTypeOffset (0x0000029cc2683608) [0x0000029cc2683880, 0x0000029cc2684b20] Compiler: c1, Barriers: 6, Oops: 2, ImmediateOops: 6, NonImmediateOops: No
[2024-10-26T03:26:25.933+0530][1.323s][debug][gc,nmethod  ] Register NMethod: java.lang.Class$Atomic.casAnnotationData (0x0000029cc2684c08) [0x0000029cc2684d20, 0x0000029cc2684e90] Compiler: c1, Barriers: 5, Oops: 0, ImmediateOops: 0, NonImmediateOops: No
[2024-10-26T03:26:25.933+0530][1.324s][debug][gc,nmethod  ] Register NMethod: jdk.proxy1.$Proxy1.annotationType (0x0000029cc2684f08) [0x0000029cc2685060, 0x0000029cc2685478] Compiler: c1, Barriers: 1, Oops: 0, ImmediateOops: 1, NonImmediateOops: No
[2024-10-26T03:26:25.933+0530][1.324s][debug][gc,nmethod  ] Register NMethod: org.springframework.core.type.classreading.SimpleMethodMetadataReadingVisitor.visitEnd (0x0000029cc2685488) [0x0000029cc26856a0, 0x0000029cc2686118] Compiler: c1, Barriers: 6, Oops: 2, ImmediateOops: 2, NonImmediateOops: No
[2024-10-26T03:26:25.934+0530][1.325s][debug][gc,nmethod  ] Register NMethod: java.lang.Class.createAnnotationData (0x0000029cc2686188) [0x0000029cc2686460, 0x0000029cc2687820] Compiler: c1, Barriers: 7, Oops: 0, ImmediateOops: 0, NonImmediateOops: No
[2024-10-26T03:26:25.935+0530][1.326s][debug][gc,nmethod  ] Register NMethod: org.springframework.util.ConcurrentReferenceHashMap.getHash (0x0000029cc9d44408) [0x0000029cc9d44500, 0x0000029cc9d44640] Compiler: c2, Barriers: 0, Oops: 1, ImmediateOops: 0, NonImmediateOops: No
[2024-10-26T03:26:25.935+0530][1.326s][debug][gc,nmethod  ] Register NMethod: org.springframework.core.annotation.MergedAnnotationsCollection.isPresent (0x0000029cc2687888) [0x0000029cc2687ac0, 0x0000029cc2688878] Compiler: c1, Barriers: 9, Oops: 1, ImmediateOops: 0, NonImmediateOops: No
[2024-10-26T03:26:25.936+0530][1.327s][debug][gc,nmethod  ] Register NMethod: org.springframework.core.annotation.MergedAnnotationsCollection.isPresent (0x0000029cc2688908) [0x0000029cc2688a20, 0x0000029cc2688b60] Compiler: c1, Barriers: 0, Oops: 1, ImmediateOops: 0, NonImmediateOops: No
[2024-10-26T03:26:25.936+0530][1.327s][debug][gc,nmethod  ] Register NMethod: org.springframework.core.annotation.MergedAnnotation$Adapt.isIn (0x0000029cc2688c08) [0x0000029cc2688d40, 0x0000029cc2688f90] Compiler: c1, Barriers: 1, Oops: 1, ImmediateOops: 0, NonImmediateOops: No
[2024-10-26T03:26:25.936+0530][1.327s][debug][gc,nmethod  ] Register NMethod: org.springframework.context.annotation.ConditionEvaluator$ConditionContextImpl.getBeanFactory (0x0000029cc9d44708) [0x0000029cc9d44820, 0x0000029cc9d44918] Compiler: c1, Barriers: 1, Oops: 1, ImmediateOops: 0, NonImmediateOops: No
[2024-10-26T03:26:25.936+0530][1.327s][debug][gc,nmethod  ] Register NMethod: org.springframework.core.annotation.TypeMappedAnnotation.getTypeForMapOptions (0x0000029cc2689008) [0x0000029cc26891a0, 0x0000029cc2689620] Compiler: c1, Barriers: 2, Oops: 1, ImmediateOops: 5, NonImmediateOops: No
[2024-10-26T03:26:25.937+0530][1.327s][debug][gc,director ] Rule Major: Warmup 10%, Used: 188MB, UsedThreshold: 204MB
[2024-10-26T03:26:25.937+0530][1.327s][debug][gc,director ] Rule Minor: High Usage, Free: 1820MB(88.9%)
[2024-10-26T03:26:25.937+0530][1.327s][debug][gc,nmethod  ] Register NMethod: org.springframework.core.annotation.TypeMappedAnnotation.adaptValueForMapOptions (0x0000029cc2689688) [0x0000029cc26898e0, 0x0000029cc268a8b0] Compiler: c1, Barriers: 4, Oops: 1, ImmediateOops: 2, NonImmediateOops: No
[2024-10-26T03:26:25.937+0530][1.327s][debug][gc,nmethod  ] Register NMethod: org.springframework.core.type.classreading.SimpleAnnotationMetadataReadingVisitor$$Lambda/0x000002a0d4251668.<init> (0x0000029cc268a908) [0x0000029cc268aa20, 0x0000029cc268ac00] Compiler: c1, Barriers: 3, Oops: 1, ImmediateOops: 0, NonImmediateOops: No
[2024-10-26T03:26:25.937+0530][1.328s][debug][gc,nmethod  ] Register NMethod: org.springframework.core.type.classreading.SimpleAnnotationMetadataReadingVisitor.getSource (0x0000029cc268ac88) [0x0000029cc268adc0, 0x0000029cc268b170] Compiler: c1, Barriers: 8, Oops: 1, ImmediateOops: 0, NonImmediateOops: No
[2024-10-26T03:26:25.937+0530][1.328s][debug][gc,nmethod  ] Register NMethod: org.springframework.core.annotation.MergedAnnotationsCollection.find (0x0000029cc268b208) [0x0000029cc268b460, 0x0000029cc268c430] Compiler: c1, Barriers: 8, Oops: 1, ImmediateOops: 2, NonImmediateOops: No
[2024-10-26T03:26:25.937+0530][1.328s][debug][gc,nmethod  ] Register NMethod: org.springframework.core.type.classreading.SimpleAnnotationMetadataReadingVisitor.visitAnnotation (0x0000029cc268c488) [0x0000029cc268c660, 0x0000029cc268d148] Compiler: c1, Barriers: 13, Oops: 2, ImmediateOops: 2, NonImmediateOops: No
[2024-10-26T03:26:25.937+0530][1.328s][debug][gc,nmethod  ] Register NMethod: org.springframework.core.type.classreading.SimpleMethodMetadataReadingVisitor$$Lambda/0x000002a0d4258cb0.<init> (0x0000029cc268d208) [0x0000029cc268d320, 0x0000029cc268d500] Compiler: c1, Barriers: 3, Oops: 1, ImmediateOops: 0, NonImmediateOops: No
[2024-10-26T03:26:25.939+0530][1.330s][debug][gc,nmethod  ] Register NMethod: org.springframework.core.type.classreading.SimpleMethodMetadataReadingVisitor$$Lambda/0x000002a0d4258cb0.accept (0x0000029cc268d588) [0x0000029cc268d6c0, 0x0000029cc268d9c0] Compiler: c1, Barriers: 1, Oops: 1, ImmediateOops: 0, NonImmediateOops: No
[2024-10-26T03:26:25.940+0530][1.330s][debug][gc,nmethod  ] Register NMethod: org.springframework.util.ConcurrentReferenceHashMap$Segment.findInChain (0x0000029cc9d44a08) [0x0000029cc9d44b40, 0x0000029cc9d44f50] Compiler: c2, Barriers: 4, Oops: 1, ImmediateOops: 1, NonImmediateOops: No
[2024-10-26T03:26:25.940+0530][1.330s][debug][gc,nmethod  ] Register NMethod: org.apache.commons.logging.LogFactory.getLog (0x0000029cc268da08) [0x0000029cc268db80, 0x0000029cc268e088] Compiler: c1, Barriers: 1, Oops: 1, ImmediateOops: 1, NonImmediateOops: No
[2024-10-26T03:26:25.940+0530][1.330s][debug][gc,nmethod  ] Register NMethod: org.springframework.boot.autoconfigure.condition.ConditionEvaluationReport.get (0x0000029cc268e108) [0x0000029cc268e3c0, 0x0000029cc268f8d0] Compiler: c1, Barriers: 13, Oops: 4, ImmediateOops: 9, NonImmediateOops: No
[2024-10-26T03:26:25.940+0530][1.331s][info ][gc          ] GC(0) Major Collection (Metadata GC Threshold)
[2024-10-26T03:26:25.940+0530][1.331s][info ][gc,task     ] GC(0) Using 1 Workers for Young Generation
[2024-10-26T03:26:25.940+0530][1.331s][info ][gc,task     ] GC(0) Using 1 Workers for Old Generation
[2024-10-26T03:26:25.940+0530][1.331s][debug][gc,heap     ] GC(0) Y: Heap before GC invocations=0 (full 0):
[2024-10-26T03:26:25.940+0530][1.331s][debug][gc,heap     ] GC(0) Y:  ZHeap           used 188M, capacity 2048M, max capacity 2048M
[2024-10-26T03:26:25.940+0530][1.331s][debug][gc,heap     ] GC(0) Y:  Metaspace       used 21155K, committed 21568K, reserved 1114112K
[2024-10-26T03:26:25.940+0530][1.331s][debug][gc,heap     ] GC(0) Y:   class space    used 2595K, committed 2752K, reserved 1048576K
[2024-10-26T03:26:25.940+0530][1.331s][info ][gc,phases   ] GC(0) Y: Young Generation
[2024-10-26T03:26:25.940+0530][1.331s][debug][gc,reloc    ] Synchronize all workers 1 _nworkers: 0 _nsynchronized: 0
[2024-10-26T03:26:25.940+0530][1.331s][debug][gc,reloc    ] Synchronize all workers 1 _nworkers: 0 _nsynchronized: 0
[2024-10-26T03:26:25.940+0530][1.331s][debug][gc,phases,start] GC(0) Y: Pause Mark Start (Major)
[2024-10-26T03:26:25.940+0530][1.331s][debug][gc,marking     ] GC(0) Y: Using 1 mark stripes
[2024-10-26T03:26:25.940+0530][1.331s][debug][gc,marking     ] GC(0) Y: Mark Worker/Stripe Distribution
[2024-10-26T03:26:25.940+0530][1.331s][debug][gc,marking     ] GC(0) Y:   Worker 0(1) -> Stripe 0(1)
[2024-10-26T03:26:25.940+0530][1.331s][debug][gc,marking     ] GC(0) Y: Using 1 mark stripes
[2024-10-26T03:26:25.940+0530][1.331s][debug][gc,marking     ] GC(0) Y: Mark Worker/Stripe Distribution
[2024-10-26T03:26:25.940+0530][1.331s][debug][gc,marking     ] GC(0) Y:   Worker 0(1) -> Stripe 0(1)
[2024-10-26T03:26:25.940+0530][1.331s][info ][gc,phases      ] GC(0) Y: Pause Mark Start (Major) 0.048ms
[2024-10-26T03:26:25.940+0530][1.331s][debug][gc,reloc       ] Desynchronize all workers _nworkers: 0 _nsynchronized: 0
[2024-10-26T03:26:25.940+0530][1.331s][debug][gc,reloc       ] Desynchronize all workers _nworkers: 0 _nsynchronized: 0
[2024-10-26T03:26:25.940+0530][1.331s][debug][gc,phases,start] GC(0) Y: Concurrent Mark
[2024-10-26T03:26:25.940+0530][1.331s][debug][gc,phases,start] GC(0) Y: Concurrent Mark Roots
[2024-10-26T03:26:25.940+0530][1.331s][debug][gc,task        ] GC(0) Y: Executing ZMarkYoungRootsTask using ZWorkerYoung with 1 workers
[2024-10-26T03:26:25.940+0530][1.331s][debug][gc,marking     ] Resurrection broke termination
[2024-10-26T03:26:25.941+0530][1.332s][debug][gc,nmethod     ] Register NMethod: java.util.regex.Pattern$BmpCharPropertyGreedy.match (0x0000029cc268fa08) [0x0000029cc268fb80, 0x0000029cc26901f8] Compiler: c1, Barriers: 2, Oops: 0, ImmediateOops: 0, NonImmediateOops: No
[2024-10-26T03:26:25.942+0530][1.333s][debug][gc,nmethod     ] Register NMethod: org.springframework.core.type.classreading.SimpleMethodMetadataReadingVisitor.visitAnnotation (0x0000029cc2690208) [0x0000029cc26903c0, 0x0000029cc2690bd0] Compiler: c1, Barriers: 5, Oops: 2, ImmediateOops: 2, NonImmediateOops: No
[2024-10-26T03:26:25.942+0530][1.333s][debug][gc,nmethod     ] Register NMethod: org.springframework.core.annotation.MergedAnnotationsCollection.get (0x0000029cc2690c88) [0x0000029cc2690dc0, 0x0000029cc2691018] Compiler: c1, Barriers: 0, Oops: 1, ImmediateOops: 1, NonImmediateOops: No
[2024-10-26T03:26:25.943+0530][1.333s][debug][gc,nmethod     ] Register NMethod: java.lang.Class.getDeclaredAnnotations (0x0000029cc2691088) [0x0000029cc26911e0, 0x0000029cc2691640] Compiler: c1, Barriers: 1, Oops: 0, ImmediateOops: 1, NonImmediateOops: No
[2024-10-26T03:26:25.943+0530][1.334s][debug][gc,nmethod     ] Register NMethod: java.util.LinkedHashMap.keysToArray (0x0000029cc2691688) [0x0000029cc2691800, 0x0000029cc2691f30] Compiler: c1, Barriers: 12, Oops: 0, ImmediateOops: 0, NonImmediateOops: No
[2024-10-26T03:26:25.943+0530][1.334s][debug][gc,nmethod     ] Register NMethod: java.util.stream.Nodes$SpinedNodeBuilder.begin (0x0000029cc2691f88) [0x0000029cc26920c0, 0x0000029cc26922e8] Compiler: c1, Barriers: 0, Oops: 0, ImmediateOops: 0, NonImmediateOops: No
[2024-10-26T03:26:25.943+0530][1.334s][debug][gc,nmethod     ] Register NMethod: java.util.stream.Nodes$SpinedNodeBuilder.build (0x0000029cc2692308) [0x0000029cc2692420, 0x0000029cc2692540] Compiler: c1, Barriers: 0, Oops: 0, ImmediateOops: 0, NonImmediateOops: No
[2024-10-26T03:26:25.943+0530][1.334s][debug][gc,nmethod     ] Register NMethod: java.util.stream.Nodes$SpinedNodeBuilder.end (0x0000029cc2692608) [0x0000029cc2692720, 0x0000029cc2692840] Compiler: c1, Barriers: 0, Oops: 0, ImmediateOops: 0, NonImmediateOops: No
[2024-10-26T03:26:25.943+0530][1.334s][debug][gc,nmethod     ] Register NMethod: java.util.stream.Nodes$SpinedNodeBuilder.asArray (0x0000029cc2692908) [0x0000029cc2692a20, 0x0000029cc2692b70] Compiler: c1, Barriers: 0, Oops: 0, ImmediateOops: 0, NonImmediateOops: No
[2024-10-26T03:26:25.943+0530][1.334s][debug][gc,nmethod     ] Register NMethod: java.util.stream.Nodes$SpinedNodeBuilder.copyInto (0x0000029cc2692c08) [0x0000029cc2692d20, 0x0000029cc2692e70] Compiler: c1, Barriers: 0, Oops: 0, ImmediateOops: 0, NonImmediateOops: No
[2024-10-26T03:26:25.943+0530][1.334s][debug][gc,nmethod     ] Register NMethod: java.util.stream.SpinedBuffer.asArray (0x0000029cc2692f08) [0x0000029cc2693080, 0x0000029cc26936b8] Compiler: c1, Barriers: 1, Oops: 0, ImmediateOops: 1, NonImmediateOops: No
[2024-10-26T03:26:25.944+0530][1.334s][debug][gc,nmethod     ] Register NMethod: java.util.Collections$UnmodifiableMap.keySet (0x0000029cc2693708) [0x0000029cc26938a0, 0x0000029cc2694018] Compiler: c1, Barriers: 9, Oops: 0, ImmediateOops: 1, NonImmediateOops: No
[2024-10-26T03:26:25.944+0530][1.335s][debug][gc,nmethod     ] Register NMethod: java.util.stream.SpinedBuffer.copyInto (0x0000029cc2694088) [0x0000029cc2694260, 0x0000029cc2694e08] Compiler: c1, Barriers: 7, Oops: 0, ImmediateOops: 1, NonImmediateOops: No
[2024-10-26T03:26:25.944+0530][1.335s][debug][gc,nmethod     ] Register NMethod: java.util.Collections$UnmodifiableCollection.toArray (0x0000029cc2694e88) [0x0000029cc2694fc0, 0x0000029cc26951d0] Compiler: c1, Barriers: 1, Oops: 0, ImmediateOops: 0, NonImmediateOops: No
[2024-10-26T03:26:25.944+0530][1.335s][debug][gc,nmethod     ] Register NMethod: org.springframework.boot.loader.net.protocol.jar.LazyDelegatingInputStream.in (0x0000029cc9d45008) [0x0000029cc9d45520, 0x0000029cc9d4a1a8] Compiler: c2, Barriers: 137, Oops: 8, ImmediateOops: 10, NonImmediateOops: No
[2024-10-26T03:26:25.944+0530][1.335s][debug][gc,nmethod     ] Register NMethod: org.springframework.context.annotation.ConditionEvaluator$ConditionContextImpl.getClassLoader (0x0000029cc9d4a688) [0x0000029cc9d4a7a0, 0x0000029cc9d4a898] Compiler: c1, Barriers: 1, Oops: 1, ImmediateOops: 0, NonImmediateOops: No
[2024-10-26T03:26:25.945+0530][1.336s][debug][gc,nmethod     ] Register NMethod: org.springframework.core.annotation.MergedAnnotationsCollection.<init> (0x0000029cc2695208) [0x0000029cc26954e0, 0x0000029cc2696d10] Compiler: c1, Barriers: 15, Oops: 5, ImmediateOops: 6, NonImmediateOops: No
[2024-10-26T03:26:25.945+0530][1.336s][debug][gc,nmethod     ] Register NMethod: org.springframework.boot.autoconfigure.condition.ConditionMessage.<init> (0x0000029cc2696e08) [0x0000029cc2696f40, 0x0000029cc2697188] Compiler: c1, Barriers: 3, Oops: 1, ImmediateOops: 0, NonImmediateOops: No
[2024-10-26T03:26:25.945+0530][1.336s][debug][gc,nmethod     ] Register NMethod: org.springframework.boot.autoconfigure.condition.ConditionMessage.<init> (0x0000029cc2697208) [0x0000029cc2697320, 0x0000029cc2697500] Compiler: c1, Barriers: 3, Oops: 1, ImmediateOops: 0, NonImmediateOops: No
[2024-10-26T03:26:25.946+0530][1.337s][debug][gc,nmethod     ] Register NMethod: org.springframework.boot.autoconfigure.condition.ConditionMessage$ItemsBuilder.<init> (0x0000029cc2697588) [0x0000029cc26976c0, 0x0000029cc2697a70] Compiler: c1, Barriers: 15, Oops: 1, ImmediateOops: 0, NonImmediateOops: No
[2024-10-26T03:26:25.946+0530][1.337s][debug][gc,nmethod     ] Register NMethod: org.springframework.boot.autoconfigure.condition.ConditionEvaluationReport.lambda$recordConditionEvaluation$0 (0x0000029cc2697b08) [0x0000029cc2697c80, 0x0000029cc2698018] Compiler: c1, Barriers: 3, Oops: 1, ImmediateOops: 0, NonImmediateOops: No
[2024-10-26T03:26:25.946+0530][1.337s][debug][gc,nmethod     ] Register NMethod: org.springframework.boot.autoconfigure.condition.ConditionEvaluationReport$$Lambda/0x000002a0d4296070.apply (0x0000029cc2698088) [0x0000029cc2698200, 0x0000029cc26986f0] Compiler: c1, Barriers: 3, Oops: 1, ImmediateOops: 0, NonImmediateOops: No
[2024-10-26T03:26:25.946+0530][1.337s][debug][gc,nmethod     ] Register NMethod: org.springframework.boot.autoconfigure.condition.ConditionMessage$Style.applyTo (0x0000029cc2698788) [0x0000029cc2698960, 0x0000029cc2699408] Compiler: c1, Barriers: 4, Oops: 1, ImmediateOops: 0, NonImmediateOops: No
[2024-10-26T03:26:25.946+0530][1.337s][debug][gc,nmethod     ] Register NMethod: org.springframework.core.annotation.MergedAnnotation$Adapt.addIfTrue (0x0000029cc2699488) [0x0000029cc26995a0, 0x0000029cc2699780] Compiler: c1, Barriers: 0, Oops: 1, ImmediateOops: 0, NonImmediateOops: No
[2024-10-26T03:26:25.946+0530][1.337s][debug][gc,nmethod     ] Register NMethod: org.springframework.boot.autoconfigure.condition.ConditionEvaluationReport$ConditionAndOutcomes.<init> (0x0000029cc2699808) [0x0000029cc2699960, 0x0000029cc2699c58] Compiler: c1, Barriers: 3, Oops: 1, ImmediateOops: 0, NonImmediateOops: No
[2024-10-26T03:26:25.946+0530][1.337s][debug][gc,nmethod     ] Register NMethod: org.springframework.core.annotation.MergedAnnotation$Adapt.values (0x0000029cc2699c88) [0x0000029cc2699e00, 0x0000029cc269a3c0] Compiler: c1, Barriers: 0, Oops: 3, ImmediateOops: 3, NonImmediateOops: No
[2024-10-26T03:26:25.947+0530][1.338s][debug][gc,nmethod     ] Register NMethod: java.lang.ClassLoader.definePackage (0x0000029cc269a488) [0x0000029cc269a600, 0x0000029cc269aba8] Compiler: c1, Barriers: 1, Oops: 0, ImmediateOops: 0, NonImmediateOops: No
[2024-10-26T03:26:25.947+0530][1.338s][debug][gc,nmethod     ] Register NMethod: java.lang.Package.<init> (0x0000029cc269ac08) [0x0000029cc269ad80, 0x0000029cc269b218] Compiler: c1, Barriers: 4, Oops: 0, ImmediateOops: 1, NonImmediateOops: No
[2024-10-26T03:26:25.947+0530][1.338s][debug][gc,nmethod     ] Register NMethod: java.lang.Package$VersionInfo.getInstance (0x0000029cc269b288) [0x0000029cc269b3c0, 0x0000029cc269b718] Compiler: c1, Barriers: 0, Oops: 0, ImmediateOops: 1, NonImmediateOops: No
[2024-10-26T03:26:25.947+0530][1.338s][debug][gc,nmethod     ] Register NMethod: org.springframework.boot.loader.net.protocol.jar.LazyDelegatingInputStream.read (0x0000029cc9d4a988) [0x0000029cc9d4aaa0, 0x0000029cc9d4abc8] Compiler: c2, Barriers: 0, Oops: 1, ImmediateOops: 0, NonImmediateOops: No
[2024-10-26T03:26:25.948+0530][1.339s][debug][gc,nmethod     ] Register NMethod: org.springframework.boot.context.properties.source.ConfigurationPropertyName$Elements.getSource (0x0000029cc9d4ac88) [0x0000029cc9d4ada0, 0x0000029cc9d4ae98] Compiler: c1, Barriers: 1, Oops: 1, ImmediateOops: 0, NonImmediateOops: No
[2024-10-26T03:26:25.949+0530][1.340s][debug][gc,nmethod     ] Register NMethod: org.springframework.core.env.MapPropertySource.getPropertyNames (0x0000029cc269b788) [0x0000029cc269b900, 0x0000029cc269c018] Compiler: c1, Barriers: 1, Oops: 1, ImmediateOops: 2, NonImmediateOops: No
[2024-10-26T03:26:25.949+0530][1.340s][debug][gc,nmethod     ] Register NMethod: jdk.internal.module.SystemModuleFinders$SystemModuleReader.find (0x0000029cc269c088) [0x0000029cc269c2c0, 0x0000029cc269ce38] Compiler: c1, Barriers: 4, Oops: 3, ImmediateOops: 5, NonImmediateOops: No
[2024-10-26T03:26:25.950+0530][1.341s][debug][gc,nmethod     ] Register NMethod: org.springframework.util.ConcurrentReferenceHashMap$Segment.getReference (0x0000029cc9d4af88) [0x0000029cc9d4b120, 0x0000029cc9d4b8a0] Compiler: c2, Barriers: 11, Oops: 2, ImmediateOops: 2, NonImmediateOops: No
[2024-10-26T03:26:25.951+0530][1.342s][debug][gc,nmethod     ] Register NMethod: org.springframework.util.ConcurrentReferenceHashMap.get (0x0000029cc9d4b988) [0x0000029cc9d4bb40, 0x0000029cc9d4c538] Compiler: c2, Barriers: 16, Oops: 2, ImmediateOops: 2, NonImmediateOops: No
[2024-10-26T03:26:25.952+0530][1.342s][debug][gc,nmethod     ] Register NMethod: org.springframework.util.ConcurrentReferenceHashMap.getReference (0x0000029cc9d4c688) [0x0000029cc9d4c820, 0x0000029cc9d4d158] Compiler: c2, Barriers: 13, Oops: 2, ImmediateOops: 2, NonImmediateOops: No
[2024-10-26T03:26:25.952+0530][1.342s][debug][gc,nmethod     ] Register NMethod: org.springframework.asm.ClassReader.readUtf (0x0000029cc9d4d288) [0x0000029cc9d4d400, 0x0000029cc9d4df70] Compiler: c2, Barriers: 12, Oops: 2, ImmediateOops: 1, NonImmediateOops: No
[2024-10-26T03:26:25.952+0530][1.342s][debug][gc,nmethod     ] Register NMethod: org.springframework.core.type.classreading.SimpleAnnotationMetadata.getAnnotationTypes (0x0000029cc269cf08) [0x0000029cc269d0a0, 0x0000029cc269d728] Compiler: c1, Barriers: 7, Oops: 1, ImmediateOops: 1, NonImmediateOops: No
[2024-10-26T03:26:25.952+0530][1.343s][debug][gc,nmethod     ] Register NMethod: java.lang.Class.getInterfaces0 (0x0000029cc9d4e008) [0x0000029cc9d4e140, 0x0000029cc9d4e558] Compiler: , Barriers: 0, Oops: 0, ImmediateOops: 0, NonImmediateOops: No
[2024-10-26T03:26:25.954+0530][1.345s][debug][gc,tlab        ] GC(0) Y: TLAB totals: thrds: 11  refills: 460 max: 450 slow allocs: 4 max 4 waste:  2.8% gc: 2554496B max: 262088B slow: 768792B max: 768792B
[2024-10-26T03:26:25.954+0530][1.345s][debug][gc,phases      ] GC(0) Y: Concurrent Mark Roots 14.029ms
[2024-10-26T03:26:25.954+0530][1.345s][debug][gc,phases,start] GC(0) Y: Concurrent Mark Follow
[2024-10-26T03:26:25.954+0530][1.345s][debug][gc,marking     ] GC(0) Y: Using 1 mark stripes
[2024-10-26T03:26:25.954+0530][1.345s][debug][gc,task        ] GC(0) Y: Executing ZRememberedScanMarkFollowTask using ZWorkerYoung with 1 workers
[2024-10-26T03:26:25.955+0530][1.346s][debug][gc,nmethod     ] Register NMethod: org.springframework.core.annotation.AnnotationTypeMapping.getSource (0x0000029cc9d4e588) [0x0000029cc9d4e6a0, 0x0000029cc9d4e798] Compiler: c1, Barriers: 1, Oops: 1, ImmediateOops: 0, NonImmediateOops: No
[2024-10-26T03:26:25.956+0530][1.346s][debug][gc,nmethod     ] Register NMethod: java.lang.ProcessEnvironment$CheckedKeySet.size (0x0000029cc269d788) [0x0000029cc269d8c0, 0x0000029cc269dad0] Compiler: c1, Barriers: 1, Oops: 0, ImmediateOops: 0, NonImmediateOops: No
[2024-10-26T03:26:25.956+0530][1.346s][debug][gc,nmethod     ] Register NMethod: java.lang.ProcessEnvironment$CheckedKeySet.iterator (0x0000029cc269db08) [0x0000029cc269dc40, 0x0000029cc269de50] Compiler: c1, Barriers: 1, Oops: 0, ImmediateOops: 0, NonImmediateOops: No
[2024-10-26T03:26:25.956+0530][1.346s][debug][gc,nmethod     ] Register NMethod: java.lang.ProcessEnvironment$CheckedKeySet.isEmpty (0x0000029cc269de88) [0x0000029cc269dfc0, 0x0000029cc269e1d0] Compiler: c1, Barriers: 1, Oops: 0, ImmediateOops: 0, NonImmediateOops: No
[2024-10-26T03:26:25.956+0530][1.347s][debug][gc,nmethod     ] Register NMethod: java.util.ArrayDeque.pop (0x0000029cc269e208) [0x0000029cc269e340, 0x0000029cc269e6e0] Compiler: c1, Barriers: 0, Oops: 0, ImmediateOops: 0, NonImmediateOops: No
[2024-10-26T03:26:25.956+0530][1.347s][debug][gc,nmethod     ] Register NMethod: org.springframework.core.annotation.AnnotationsScanner.isWithoutHierarchy (0x0000029cc269e708) [0x0000029cc269e8e0, 0x0000029cc269f348] Compiler: c1, Barriers: 1, Oops: 1, ImmediateOops: 2, NonImmediateOops: No
[2024-10-26T03:26:25.958+0530][1.348s][debug][gc,nmethod     ] Register NMethod: java.lang.classfile.CodeBuilder.aconst_null (0x0000029cc269f388) [0x0000029cc269f4c0, 0x0000029cc269f7c8] Compiler: c1, Barriers: 0, Oops: 0, ImmediateOops: 1, NonImmediateOops: No
[2024-10-26T03:26:25.958+0530][1.349s][debug][gc,nmethod     ] Register NMethod: java.util.Collections$EmptyMap.entrySet (0x0000029cc269f808) [0x0000029cc269f920, 0x0000029cc269fa90] Compiler: c1, Barriers: 0, Oops: 0, ImmediateOops: 1, NonImmediateOops: No
[2024-10-26T03:26:25.959+0530][1.349s][debug][gc,nmethod     ] Register NMethod: java.io.OutputStream.<init> (0x0000029cc269fb08) [0x0000029cc269fc20, 0x0000029cc269fd88] Compiler: c1, Barriers: 0, Oops: 0, ImmediateOops: 0, NonImmediateOops: No
[2024-10-26T03:26:25.960+0530][1.350s][debug][gc,nmethod     ] Register NMethod: java.lang.reflect.Modifier.isPublic (0x0000029cc9d4e888) [0x0000029cc9d4e980, 0x0000029cc9d4e9f0] Compiler: c2, Barriers: 0, Oops: 0, ImmediateOops: 0, NonImmediateOops: No
[2024-10-26T03:26:25.961+0530][1.351s][debug][gc,nmethod     ] Register NMethod: java.util.stream.Collectors.castingIdentity (0x0000029cc269fe08) [0x0000029cc269ff20, 0x0000029cc26a0120] Compiler: c1, Barriers: 0, Oops: 2, ImmediateOops: 1, NonImmediateOops: No
[2024-10-26T03:26:25.961+0530][1.351s][debug][gc,nmethod     ] Register NMethod: java.util.stream.Collectors$CollectorImpl.<init> (0x0000029cc26a0188) [0x0000029cc26a0300, 0x0000029cc26a08d8] Compiler: c1, Barriers: 15, Oops: 3, ImmediateOops: 2, NonImmediateOops: No
[2024-10-26T03:26:25.962+0530][1.352s][debug][gc,nmethod     ] Register NMethod: org.springframework.core.type.classreading.SimpleAnnotationMetadata.getInterfaceNames (0x0000029cc26a0988) [0x0000029cc26a0b00, 0x0000029cc26a1060] Compiler: c1, Barriers: 1, Oops: 1, ImmediateOops: 2, NonImmediateOops: No
[2024-10-26T03:26:25.962+0530][1.352s][debug][gc,nmethod     ] Register NMethod: org.springframework.core.annotation.AttributeMethods.assertAnnotation (0x0000029cc26a1088) [0x0000029cc26a1220, 0x0000029cc26a17d0] Compiler: c1, Barriers: 1, Oops: 4, ImmediateOops: 3, NonImmediateOops: No
[2024-10-26T03:26:25.962+0530][1.352s][debug][gc,nmethod     ] Register NMethod: sun.reflect.annotation.AnnotationInvocationHandler.cloneArray (0x0000029cc26a1888) [0x0000029cc26a1aa0, 0x0000029cc26a2e80] Compiler: c1, Barriers: 1, Oops: 0, ImmediateOops: 8, NonImmediateOops: No
[2024-10-26T03:26:25.962+0530][1.353s][debug][gc,nmethod     ] Register NMethod: java.util.concurrent.ConcurrentHashMap.keySet (0x0000029cc26a2f08) [0x0000029cc26a3060, 0x0000029cc26a3458] Compiler: c1, Barriers: 7, Oops: 0, ImmediateOops: 0, NonImmediateOops: No
[2024-10-26T03:26:25.963+0530][1.354s][debug][gc,nmethod     ] Register NMethod: java.lang.invoke.MethodHandle.invokeBasic (0x0000029cc9d4eb88) [0x0000029cc9d4eca0, 0x0000029cc9d4ef90] Compiler: , Barriers: 0, Oops: 0, ImmediateOops: 0, NonImmediateOops: No
[2024-10-26T03:26:25.963+0530][1.354s][debug][gc,nmethod     ] Register NMethod: java.lang.invoke.MethodHandle.linkToSpecial (0x0000029cc9d4f008) [0x0000029cc9d4f100, 0x0000029cc9d4f210] Compiler: , Barriers: 0, Oops: 0, ImmediateOops: 0, NonImmediateOops: No
[2024-10-26T03:26:25.964+0530][1.354s][debug][gc,nmethod     ] Register NMethod: java.lang.invoke.ClassSpecializer$SpeciesData.transformHelper (0x0000029cc26a3488) [0x0000029cc26a3660, 0x0000029cc26a3f58] Compiler: c1, Barriers: 9, Oops: 0, ImmediateOops: 0, NonImmediateOops: No
[2024-10-26T03:26:25.964+0530][1.354s][debug][gc,nmethod     ] Register NMethod: java.util.stream.Collectors.toCollection (0x0000029cc26a4008) [0x0000029cc26a4160, 0x0000029cc26a4528] Compiler: c1, Barriers: 0, Oops: 4, ImmediateOops: 3, NonImmediateOops: No
[2024-10-26T03:26:25.965+0530][1.356s][debug][gc,nmethod     ] Register NMethod: java.lang.Class.arrayContentsEq (0x0000029cc26a4588) [0x0000029cc26a46e0, 0x0000029cc26a4b50] Compiler: c1, Barriers: 2, Oops: 0, ImmediateOops: 0, NonImmediateOops: No
[2024-10-26T03:26:25.966+0530][1.357s][debug][gc,nmethod     ] Register NMethod: org.springframework.core.annotation.MergedAnnotationsCollection$AnnotationsSpliterator.getNextSuitableMapping (0x0000029cc9d4f308) [0x0000029cc9d4f4a0, 0x0000029cc9d4feb8] Compiler: c2, Barriers: 13, Oops: 1, ImmediateOops: 0, NonImmediateOops: No
[2024-10-26T03:26:25.967+0530][1.357s][debug][gc,nmethod     ] Register NMethod: org.springframework.core.annotation.TypeMappedAnnotations.from (0x0000029cc26a4b88) [0x0000029cc26a4cc0, 0x0000029cc26a4f40] Compiler: c1, Barriers: 0, Oops: 1, ImmediateOops: 1, NonImmediateOops: No
[2024-10-26T03:26:25.967+0530][1.357s][debug][gc,nmethod     ] Register NMethod: org.springframework.core.annotation.MergedAnnotations.from (0x0000029cc26a4f88) [0x0000029cc26a5140, 0x0000029cc26a5920] Compiler: c1, Barriers: 0, Oops: 6, ImmediateOops: 5, NonImmediateOops: No
[2024-10-26T03:26:25.967+0530][1.357s][debug][gc,nmethod     ] Register NMethod: org.springframework.core.annotation.AnnotationsScanner.hasPlainJavaAnnotationsOnly (0x0000029cc26a5988) [0x0000029cc26a5b60, 0x0000029cc26a66a0] Compiler: c1, Barriers: 2, Oops: 2, ImmediateOops: 4, NonImmediateOops: No
[2024-10-26T03:26:25.967+0530][1.357s][debug][gc,nmethod     ] Register NMethod: org.springframework.core.annotation.AnnotationsScanner.isKnownEmpty (0x0000029cc26a6708) [0x0000029cc26a6880, 0x0000029cc26a6e78] Compiler: c1, Barriers: 0, Oops: 1, ImmediateOops: 1, NonImmediateOops: No
[2024-10-26T03:26:25.967+0530][1.358s][debug][gc,nmethod     ] Register NMethod: org.springframework.core.type.classreading.MergedAnnotationReadingVisitor$ArrayVisitor.visit (0x0000029cc26a6f08) [0x0000029cc26a7060, 0x0000029cc26a7490] Compiler: c1, Barriers: 1, Oops: 1, ImmediateOops: 0, NonImmediateOops: No
[2024-10-26T03:26:25.967+0530][1.358s][debug][gc,nmethod     ] Register NMethod: org.springframework.util.MultiValueMapAdapter.add (0x0000029cc26a7508) [0x0000029cc26a7660, 0x0000029cc26a7b40] Compiler: c1, Barriers: 1, Oops: 3, ImmediateOops: 1, NonImmediateOops: No
[2024-10-26T03:26:25.968+0530][1.358s][debug][gc,nmethod     ] Register NMethod: org.springframework.context.annotation.ConfigurationClassParser$SourceClass.getAnnotationAttributes (0x0000029cc26a7b88) [0x0000029cc26a7d80, 0x0000029cc26a8798] Compiler: c1, Barriers: 3, Oops: 1, ImmediateOops: 2, NonImmediateOops: No
[2024-10-26T03:26:25.968+0530][1.359s][debug][gc,nmethod     ] Register NMethod: org.springframework.context.annotation.ConfigurationClassParser$SourceClass.getAnnotations (0x0000029cc26a8808) [0x0000029cc26a8b20, 0x0000029cc26aa240] Compiler: c1, Barriers: 8, Oops: 2, ImmediateOops: 6, NonImmediateOops: No
[2024-10-26T03:26:25.968+0530][1.359s][debug][gc,nmethod     ] Register NMethod: java.io.ByteArrayOutputStream.<init> (0x0000029cc26aa308) [0x0000029cc26aa4c0, 0x0000029cc26aacc8] Compiler: c1, Barriers: 3, Oops: 1, ImmediateOops: 2, NonImmediateOops: No
[2024-10-26T03:26:25.969+0530][1.359s][debug][gc,nmethod     ] Register NMethod: org.springframework.boot.autoconfigure.condition.ConditionOutcome.<init> (0x0000029cc26aad88) [0x0000029cc26aaec0, 0x0000029cc26ab210] Compiler: c1, Barriers: 3, Oops: 2, ImmediateOops: 1, NonImmediateOops: No
[2024-10-26T03:26:25.969+0530][1.360s][debug][gc,nmethod     ] Register NMethod: java.lang.Class.getConstructor0 (0x0000029cc26ab288) [0x0000029cc26ab4c0, 0x0000029cc26ac070] Compiler: c1, Barriers: 7, Oops: 0, ImmediateOops: 3, NonImmediateOops: No
[2024-10-26T03:26:25.969+0530][1.360s][debug][gc,nmethod     ] Register NMethod: java.io.ByteArrayOutputStream.<init> (0x0000029cc26ac108) [0x0000029cc26ac220, 0x0000029cc26ac360] Compiler: c1, Barriers: 0, Oops: 0, ImmediateOops: 0, NonImmediateOops: No
[2024-10-26T03:26:25.970+0530][1.360s][debug][gc,nmethod     ] Register NMethod: org.springframework.core.type.classreading.SimpleAnnotationMetadataReadingVisitor$$Lambda/0x000002a0d4251668.accept (0x0000029cc26ac408) [0x0000029cc26ac540, 0x0000029cc26ac840] Compiler: c1, Barriers: 1, Oops: 1, ImmediateOops: 0, NonImmediateOops: No
[2024-10-26T03:26:25.971+0530][1.362s][debug][gc,nmethod     ] Register NMethod: org.springframework.boot.autoconfigure.condition.ConditionMessage.andCondition (0x0000029cc26ac888) [0x0000029cc26acc40, 0x0000029cc26aee38] Compiler: c1, Barriers: 13, Oops: 19, ImmediateOops: 11, NonImmediateOops: No
[2024-10-26T03:26:25.972+0530][1.362s][debug][gc,nmethod     ] Register NMethod: org.springframework.boot.autoconfigure.AutoConfigurationImportSelector$ConfigurationClassFilter.filter (0x0000029cc26af008) [0x0000029cc26af300, 0x0000029cc26b0b40] Compiler: c1, Barriers: 11, Oops: 2, ImmediateOops: 5, NonImmediateOops: No
[2024-10-26T03:26:25.972+0530][1.363s][debug][gc,nmethod     ] Register NMethod: java.util.concurrent.ConcurrentHashMap.putVal (0x0000029cc9d4ff88) [0x0000029cc9d501c0, 0x0000029cc9d51438] Compiler: c2, Barriers: 30, Oops: 0, ImmediateOops: 0, NonImmediateOops: No
[2024-10-26T03:26:25.973+0530][1.364s][debug][gc,nmethod     ] Register NMethod: org.springframework.core.type.classreading.SimpleAnnotationMetadataReadingVisitor.visitInnerClass (0x0000029cc26b0c08) [0x0000029cc26b0e00, 0x0000029cc26b1798] Compiler: c1, Barriers: 6, Oops: 2, ImmediateOops: 2, NonImmediateOops: No
[2024-10-26T03:26:25.974+0530][1.364s][debug][gc,nmethod     ] Register NMethod: org.springframework.boot.loader.net.protocol.jar.LazyDelegatingInputStream.in (0x0000029cc26b1808) [0x0000029cc26b1960, 0x0000029cc26b1f20] Compiler: c1, Barriers: 8, Oops: 1, ImmediateOops: 0, NonImmediateOops: No
[2024-10-26T03:26:25.975+0530][1.366s][debug][gc,nmethod     ] Register NMethod: org.springframework.boot.autoconfigure.condition.ConditionMessage$Style$2.applyToItem (0x0000029cc26b1f88) [0x0000029cc26b2240, 0x0000029cc26b3728] Compiler: c1, Barriers: 0, Oops: 16, ImmediateOops: 10, NonImmediateOops: No
[2024-10-26T03:26:25.975+0530][1.366s][debug][gc,remset      ] GC(0) Y: Remset forwarding retained: 0.000ms count: 0 ZWorkerYoung#1
[2024-10-26T03:26:25.975+0530][1.366s][debug][gc,remset      ] GC(0) Y: Remset forwarding released: 0.000ms count: 0 ZWorkerYoung#1
[2024-10-26T03:26:25.975+0530][1.366s][debug][gc,marking     ] GC(0) Y: Try terminate after resurrection
[2024-10-26T03:26:25.975+0530][1.366s][debug][gc,nmethod     ] Register NMethod: org.springframework.boot.autoconfigure.condition.ConditionMessage$Style$2.applyToItem (0x0000029cc26b3888) [0x0000029cc26b3b60, 0x0000029cc26b5048] Compiler: c1, Barriers: 0, Oops: 16, ImmediateOops: 10, NonImmediateOops: No
[2024-10-26T03:26:25.976+0530][1.366s][debug][gc,phases      ] GC(0) Y: Concurrent Mark Follow 21.101ms
[2024-10-26T03:26:25.976+0530][1.366s][info ][gc,phases      ] GC(0) Y: Concurrent Mark 35.165ms
[2024-10-26T03:26:25.976+0530][1.366s][debug][gc,reloc       ] Synchronize all workers 1 _nworkers: 0 _nsynchronized: 0
[2024-10-26T03:26:25.976+0530][1.366s][debug][gc,reloc       ] Synchronize all workers 1 _nworkers: 0 _nsynchronized: 0
[2024-10-26T03:26:25.976+0530][1.366s][debug][gc,phases,start] GC(0) Y: Pause Mark End
[2024-10-26T03:26:25.976+0530][1.366s][info ][gc,phases      ] GC(0) Y: Pause Mark End 0.018ms
[2024-10-26T03:26:25.976+0530][1.366s][debug][gc,reloc       ] Desynchronize all workers _nworkers: 0 _nsynchronized: 0
[2024-10-26T03:26:25.976+0530][1.366s][debug][gc,reloc       ] Desynchronize all workers _nworkers: 0 _nsynchronized: 0
[2024-10-26T03:26:25.976+0530][1.366s][debug][gc,phases,start] GC(0) Y: Concurrent Mark Free
[2024-10-26T03:26:25.976+0530][1.366s][info ][gc,phases      ] GC(0) Y: Concurrent Mark Free 0.008ms
[2024-10-26T03:26:25.976+0530][1.366s][debug][gc,phases,start] GC(0) Y: Concurrent Reset Relocation Set
[2024-10-26T03:26:25.976+0530][1.366s][info ][gc,phases      ] GC(0) Y: Concurrent Reset Relocation Set 0.007ms
[2024-10-26T03:26:25.976+0530][1.366s][debug][gc,phases,start] GC(0) Y: Concurrent Select Relocation Set
[2024-10-26T03:26:25.976+0530][1.367s][debug][gc,nmethod     ] Register NMethod: java.util.HashMap.<init> (0x0000029cc9d51508) [0x0000029cc9d51620, 0x0000029cc9d51798] Compiler: c2, Barriers: 0, Oops: 0, ImmediateOops: 0, NonImmediateOops: No
[2024-10-26T03:26:25.977+0530][1.367s][debug][gc,nmethod     ] Register NMethod: java.util.LinkedHashMap.keysToArray (0x0000029cc26b5208) [0x0000029cc26b5320, 0x0000029cc26b5460] Compiler: c1, Barriers: 0, Oops: 0, ImmediateOops: 0, NonImmediateOops: No
[2024-10-26T03:26:25.977+0530][1.367s][debug][gc,nmethod     ] Register NMethod: org.springframework.core.annotation.MergedAnnotationsCollection.spliterator (0x0000029cc26b5508) [0x0000029cc26b5660, 0x0000029cc26b5ab0] Compiler: c1, Barriers: 7, Oops: 1, ImmediateOops: 0, NonImmediateOops: No
[2024-10-26T03:26:25.977+0530][1.368s][debug][gc,nmethod     ] Register NMethod: org.springframework.core.annotation.MergedAnnotationsCollection.stream (0x0000029cc26b5b08) [0x0000029cc26b5c60, 0x0000029cc26b6140] Compiler: c1, Barriers: 7, Oops: 1, ImmediateOops: 0, NonImmediateOops: No
[2024-10-26T03:26:25.977+0530][1.368s][debug][gc,nmethod     ] Register NMethod: org.springframework.core.KotlinDetector.isKotlinReflectPresent (0x0000029cc26b6188) [0x0000029cc26b62a0, 0x0000029cc26b6390] Compiler: c1, Barriers: 0, Oops: 1, ImmediateOops: 0, NonImmediateOops: No
[2024-10-26T03:26:25.977+0530][1.368s][debug][gc,nmethod     ] Register NMethod: org.springframework.core.annotation.MergedAnnotations.from (0x0000029cc26b6488) [0x0000029cc26b65a0, 0x0000029cc26b66c0] Compiler: c1, Barriers: 0, Oops: 1, ImmediateOops: 1, NonImmediateOops: No
[2024-10-26T03:26:25.977+0530][1.368s][debug][gc,nmethod     ] Register NMethod: org.springframework.core.annotation.MergedAnnotations.from (0x0000029cc26b6788) [0x0000029cc26b68a0, 0x0000029cc26b69d0] Compiler: c1, Barriers: 0, Oops: 1, ImmediateOops: 1, NonImmediateOops: No
[2024-10-26T03:26:25.979+0530][1.369s][debug][gc,nmethod     ] Register NMethod: org.springframework.boot.loader.launch.LaunchedClassLoader.definePackage (0x0000029cc26b6a88) [0x0000029cc26b6be0, 0x0000029cc26b6ed8] Compiler: c1, Barriers: 0, Oops: 1, ImmediateOops: 0, NonImmediateOops: No
[2024-10-26T03:26:25.981+0530][1.371s][debug][gc,nmethod     ] Register NMethod: org.springframework.core.annotation.TypeMappedAnnotation.asMap (0x0000029cc26b6f08) [0x0000029cc26b7120, 0x0000029cc26b7d88] Compiler: c1, Barriers: 8, Oops: 2, ImmediateOops: 1, NonImmediateOops: No
[2024-10-26T03:26:25.981+0530][1.371s][debug][gc,nmethod     ] Register NMethod: org.springframework.core.type.classreading.MergedAnnotationReadingVisitor$$Lambda/0x000002a0d4254100.<init> (0x0000029cc26b7e08) [0x0000029cc26b7f40, 0x0000029cc26b8198] Compiler: c1, Barriers: 6, Oops: 1, ImmediateOops: 0, NonImmediateOops: No
[2024-10-26T03:26:25.981+0530][1.372s][debug][gc,nmethod     ] Register NMethod: org.springframework.core.type.classreading.MergedAnnotationReadingVisitor$ArrayVisitor.visitEnd (0x0000029cc26b8208) [0x0000029cc26b83a0, 0x0000029cc26b8978] Compiler: c1, Barriers: 3, Oops: 1, ImmediateOops: 0, NonImmediateOops: No
[2024-10-26T03:26:25.981+0530][1.372s][debug][gc,reloc       ] GC(0) Y: Relocation Set (Medium Pages): 0->0, 1 skipped, 0 forwarding entries
[2024-10-26T03:26:25.981+0530][1.372s][debug][gc,reloc       ] GC(0) Y: Relocation Set (Small Pages): 77->9, 1 skipped, 737096 forwarding entries
[2024-10-26T03:26:25.981+0530][1.372s][debug][gc,reloc       ] GC(0) Y: Allocated To Garbage: 6291456.0
[2024-10-26T03:26:25.981+0530][1.372s][debug][gc,reloc       ] GC(0) Y: Young Log Residency: 1.7
[2024-10-26T03:26:25.981+0530][1.372s][debug][gc,reloc       ] GC(0) Y: Life Decay Factor: 1.0
[2024-10-26T03:26:25.981+0530][1.372s][debug][gc,nmethod     ] Register NMethod: org.springframework.core.type.classreading.MergedAnnotationReadingVisitor$ArrayVisitor.getComponentType (0x0000029cc26b8a08) [0x0000029cc26b8ba0, 0x0000029cc26b92d8] Compiler: c1, Barriers: 4, Oops: 1, ImmediateOops: 2, NonImmediateOops: No
[2024-10-26T03:26:25.981+0530][1.372s][info ][gc,reloc       ] GC(0) Y: Using tenuring threshold: 1 (Computed)
[2024-10-26T03:26:25.981+0530][1.372s][debug][gc,nmethod     ] Register NMethod: org.springframework.core.type.classreading.MergedAnnotationReadingVisitor$ArrayVisitor.<init> (0x0000029cc26b9308) [0x0000029cc26b9480, 0x0000029cc26b9a08] Compiler: c1, Barriers: 12, Oops: 1, ImmediateOops: 1, NonImmediateOops: No
[2024-10-26T03:26:25.981+0530][1.372s][debug][gc,task        ] GC(0) Y: Executing ZRelocationSetInstallTask using ZWorkerYoung with 1 workers
[2024-10-26T03:26:25.981+0530][1.372s][debug][gc,nmethod     ] Register NMethod: org.springframework.core.type.classreading.MergedAnnotationReadingVisitor.visitArray (0x0000029cc26b9a88) [0x0000029cc26b9c60, 0x0000029cc26ba760] Compiler: c1, Barriers: 18, Oops: 2, ImmediateOops: 3, NonImmediateOops: No
[2024-10-26T03:26:25.981+0530][1.372s][debug][gc,nmethod     ] Register NMethod: org.springframework.core.type.classreading.MergedAnnotationReadingVisitor.lambda$visitArray$2 (0x0000029cc26ba808) [0x0000029cc26ba940, 0x0000029cc26bab50] Compiler: c1, Barriers: 1, Oops: 1, ImmediateOops: 0, NonImmediateOops: No
[2024-10-26T03:26:25.981+0530][1.372s][debug][gc,nmethod     ] Register NMethod: org.springframework.core.type.classreading.MergedAnnotationReadingVisitor$$Lambda/0x000002a0d4254100.accept (0x0000029cc26bab88) [0x0000029cc26bacc0, 0x0000029cc26bb088] Compiler: c1, Barriers: 3, Oops: 1, ImmediateOops: 0, NonImmediateOops: No
[2024-10-26T03:26:25.982+0530][1.372s][debug][gc,nmethod     ] Register NMethod: java.util.HashSet.toArray (0x0000029cc26bb108) [0x0000029cc26bb240, 0x0000029cc26bb498] Compiler: c1, Barriers: 1, Oops: 0, ImmediateOops: 0, NonImmediateOops: No
[2024-10-26T03:26:25.982+0530][1.372s][debug][gc,nmethod     ] Register NMethod: org.springframework.context.annotation.ConfigurationClass.hashCode (0x0000029cc26bb508) [0x0000029cc26bb640, 0x0000029cc26bb8a0] Compiler: c1, Barriers: 1, Oops: 1, ImmediateOops: 0, NonImmediateOops: No
[2024-10-26T03:26:25.982+0530][1.372s][debug][gc,nmethod     ] Register NMethod: org.springframework.core.type.filter.AssignableTypeFilter.matchTargetType (0x0000029cc26bb908) [0x0000029cc26bbb40, 0x0000029cc26bc5a0] Compiler: c1, Barriers: 6, Oops: 3, ImmediateOops: 7, NonImmediateOops: No
[2024-10-26T03:26:25.982+0530][1.373s][debug][gc,nmethod     ] Register NMethod: org.springframework.core.annotation.AnnotationTypeMapping.getAnnotation (0x0000029cc9d51808) [0x0000029cc9d51920, 0x0000029cc9d51a18] Compiler: c1, Barriers: 1, Oops: 1, ImmediateOops: 0, NonImmediateOops: No
[2024-10-26T03:26:25.983+0530][1.373s][debug][gc,task        ] GC(0) Y: Executing ZPromotePagesTask using ZWorkerYoung with 1 workers
[2024-10-26T03:26:25.983+0530][1.373s][debug][gc,task        ] GC(0) Y: Executing ZPromotePagesTask using ZWorkerYoung with 1 workers
[2024-10-26T03:26:25.983+0530][1.373s][debug][gc,task        ] GC(0) Y: Executing ZPromotePagesTask using ZWorkerYoung with 1 workers
[2024-10-26T03:26:25.983+0530][1.373s][info ][gc,phases      ] GC(0) Y: Concurrent Select Relocation Set 7.164ms
[2024-10-26T03:26:25.983+0530][1.373s][debug][gc,reloc       ] Synchronize all workers 1 _nworkers: 0 _nsynchronized: 0
[2024-10-26T03:26:25.983+0530][1.373s][debug][gc,reloc       ] Synchronize all workers 1 _nworkers: 0 _nsynchronized: 0
[2024-10-26T03:26:25.983+0530][1.373s][debug][gc,phases,start] GC(0) Y: Pause Relocate Start
[2024-10-26T03:26:25.983+0530][1.373s][debug][gc,reloc       ] GC(0) Y: Joining workers: 1
[2024-10-26T03:26:25.983+0530][1.373s][info ][gc,phases      ] GC(0) Y: Pause Relocate Start 0.019ms
[2024-10-26T03:26:25.983+0530][1.373s][debug][gc,reloc       ] Desynchronize all workers _nworkers: 0 _nsynchronized: 0
[2024-10-26T03:26:25.983+0530][1.373s][debug][gc,reloc       ] Desynchronize all workers _nworkers: 1 _nsynchronized: 0
[2024-10-26T03:26:25.983+0530][1.373s][debug][gc,alloc       ] Mutator Allocation Rate: 150.6MB/s Predicted: 154.3MB/s, Avg: 137.1(+/-25.3)MB/s
[2024-10-26T03:26:25.983+0530][1.373s][debug][gc,phases,start] GC(0) Y: Concurrent Relocate
[2024-10-26T03:26:25.983+0530][1.373s][debug][gc,task        ] GC(0) Y: Executing ZRelocateStoreBufferInstallBasePointersTask using ZWorkerYoung with 1 workers
[2024-10-26T03:26:25.983+0530][1.374s][debug][gc,task        ] GC(0) Y: Executing ZRelocateTask using ZWorkerYoung with 1 workers
[2024-10-26T03:26:25.983+0530][1.374s][debug][gc,nmethod     ] Register NMethod: org.springframework.util.MultiValueMapAdapter$$Lambda/0x000002a0d4110bb0.apply (0x0000029cc26bc608) [0x0000029cc26bc740, 0x0000029cc26bc948] Compiler: c1, Barriers: 0, Oops: 1, ImmediateOops: 0, NonImmediateOops: No
[2024-10-26T03:26:25.983+0530][1.374s][debug][gc,nmethod     ] Register NMethod: org.springframework.util.MultiValueMapAdapter.lambda$add$0 (0x0000029cc26bc988) [0x0000029cc26bcaa0, 0x0000029cc26bcc30] Compiler: c1, Barriers: 0, Oops: 1, ImmediateOops: 0, NonImmediateOops: No
[2024-10-26T03:26:25.984+0530][1.375s][debug][gc,nmethod     ] Register NMethod: org.springframework.boot.autoconfigure.condition.OnWebApplicationCondition.getOutcome (0x0000029cc26bcc88) [0x0000029cc26bd2a0, 0x0000029cc26bfff8] Compiler: c1, Barriers: 15, Oops: 15, ImmediateOops: 28, NonImmediateOops: No
[2024-10-26T03:26:25.985+0530][1.376s][debug][gc,nmethod     ] Register NMethod: org.springframework.asm.ClassReader.accept (0x0000029cc26c0188) [0x0000029cc26c0e60, 0x0000029cc26c8f10] Compiler: c1, Barriers: 42, Oops: 2, ImmediateOops: 23, NonImmediateOops: No
[2024-10-26T03:26:25.986+0530][1.377s][debug][gc,nmethod     ] Register NMethod: java.lang.Math.clamp (0x0000029cc9d51b08) [0x0000029cc9d51c00, 0x0000029cc9d51ca8] Compiler: c2, Barriers: 0, Oops: 0, ImmediateOops: 0, NonImmediateOops: No
[2024-10-26T03:26:25.988+0530][1.378s][debug][gc,nmethod     ] Register NMethod: org.springframework.boot.loader.zip.ZipString.endsWith (0x0000029cc9d51e08) [0x0000029cc9d51f20, 0x0000029cc9d520d0] Compiler: c2, Barriers: 1, Oops: 2, ImmediateOops: 0, NonImmediateOops: No
[2024-10-26T03:26:25.988+0530][1.379s][debug][gc,nmethod     ] Register NMethod: java.lang.reflect.Constructor.checkCanSetAccessible (0x0000029cc26c9008) [0x0000029cc26c9160, 0x0000029cc26c9488] Compiler: c1, Barriers: 2, Oops: 0, ImmediateOops: 2, NonImmediateOops: No
[2024-10-26T03:26:25.988+0530][1.379s][debug][gc,nmethod     ] Register NMethod: java.lang.reflect.Constructor.setAccessible (0x0000029cc26c9508) [0x0000029cc26c96a0, 0x0000029cc26c9cd0] Compiler: c1, Barriers: 2, Oops: 0, ImmediateOops: 2, NonImmediateOops: No
[2024-10-26T03:26:25.989+0530][1.379s][debug][gc,nmethod     ] Register NMethod: org.springframework.core.type.StandardAnnotationMetadata.getAnnotations (0x0000029cc9d52188) [0x0000029cc9d522a0, 0x0000029cc9d52398] Compiler: c1, Barriers: 1, Oops: 1, ImmediateOops: 0, NonImmediateOops: No
[2024-10-26T03:26:25.989+0530][1.380s][debug][gc,nmethod     ] Register NMethod: org.springframework.util.ClassUtils.getShortName (0x0000029cc26c9d88) [0x0000029cc26c9ee0, 0x0000029cc26ca1f8] Compiler: c1, Barriers: 0, Oops: 2, ImmediateOops: 1, NonImmediateOops: No
[2024-10-26T03:26:25.989+0530][1.380s][debug][gc,nmethod     ] Register NMethod: org.springframework.util.ClassUtils.getQualifiedName (0x0000029cc26ca288) [0x0000029cc26ca3c0, 0x0000029cc26ca640] Compiler: c1, Barriers: 0, Oops: 2, ImmediateOops: 1, NonImmediateOops: No
[2024-10-26T03:26:25.990+0530][1.380s][debug][gc,nmethod     ] Register NMethod: org.springframework.boot.autoconfigure.condition.ConditionMessage.andCondition (0x0000029cc26ca688) [0x0000029cc26ca960, 0x0000029cc26cba60] Compiler: c1, Barriers: 1, Oops: 7, ImmediateOops: 11, NonImmediateOops: No
[2024-10-26T03:26:25.990+0530][1.380s][debug][gc,nmethod     ] Register NMethod: org.springframework.boot.autoconfigure.condition.ConditionMessage$Builder.because (0x0000029cc267ae88) [0x0000029cc267b2c0, 0x0000029cc267dbc0] Compiler: c1, Barriers: 16, Oops: 18, ImmediateOops: 10, NonImmediateOops: No
[2024-10-26T03:26:25.990+0530][1.381s][debug][gc,nmethod     ] Register NMethod: org.springframework.util.ClassUtils.getShortName (0x0000029cc26cbb88) [0x0000029cc26cbd80, 0x0000029cc26cc788] Compiler: c1, Barriers: 3, Oops: 2, ImmediateOops: 2, NonImmediateOops: No
[2024-10-26T03:26:25.991+0530][1.381s][debug][gc,nmethod     ] Register NMethod: java.util.stream.AbstractPipeline.isShortCircuitingPipeline (0x0000029cc26cc808) [0x0000029cc26cc940, 0x0000029cc26ccca0] Compiler: c1, Barriers: 3, Oops: 1, ImmediateOops: 1, NonImmediateOops: No
[2024-10-26T03:26:25.991+0530][1.381s][debug][gc,nmethod     ] Register NMethod: org.springframework.core.annotation.TypeMappedAnnotations.get (0x0000029cc26ccd08) [0x0000029cc26ccea0, 0x0000029cc26cd518] Compiler: c1, Barriers: 1, Oops: 1, ImmediateOops: 2, NonImmediateOops: No
[2024-10-26T03:26:25.992+0530][1.382s][debug][gc,nmethod     ] Register NMethod: org.springframework.util.StringUtils.deleteAny (0x0000029cc9d52488) [0x0000029cc9d525a0, 0x0000029cc9d52718] Compiler: c2, Barriers: 2, Oops: 1, ImmediateOops: 0, NonImmediateOops: No
[2024-10-26T03:26:25.992+0530][1.382s][debug][gc,nmethod     ] Register NMethod: org.springframework.core.type.filter.AbstractTypeHierarchyTraversingFilter.match (0x0000029cc26cd588) [0x0000029cc26cd8a0, 0x0000029cc26ceff8] Compiler: c1, Barriers: 6, Oops: 1, ImmediateOops: 0, NonImmediateOops: No
[2024-10-26T03:26:25.993+0530][1.384s][debug][gc,nmethod     ] Register NMethod: org.springframework.core.annotation.MergedAnnotationCollectors$$Lambda/0x000002a0d429d120.accept (0x0000029cc26cf088) [0x0000029cc26cf200, 0x0000029cc26cf8b0] Compiler: c1, Barriers: 2, Oops: 3, ImmediateOops: 1, NonImmediateOops: No
[2024-10-26T03:26:25.995+0530][1.385s][debug][gc,reloc       ] GC(0) Y: Leaving workers: left: 0 _synchronize: 0 _nsynchronized: 0
[2024-10-26T03:26:25.995+0530][1.385s][debug][gc,phases,start] GC(0) Y: Concurrent Relocate Remset FP
[2024-10-26T03:26:25.995+0530][1.385s][debug][gc,task        ] GC(0) Y: Executing ZRelocateAddRemsetForFlipPromoted using ZWorkerYoung with 1 workers
[2024-10-26T03:26:25.995+0530][1.385s][debug][gc,phases      ] GC(0) Y: Concurrent Relocate Remset FP 0.049ms
[2024-10-26T03:26:25.995+0530][1.385s][info ][gc,phases      ] GC(0) Y: Concurrent Relocate 11.881ms
[2024-10-26T03:26:25.995+0530][1.385s][debug][gc,heap        ] GC(0) Y: Heap after GC invocations=1 (full 1):
[2024-10-26T03:26:25.995+0530][1.385s][debug][gc,heap        ] GC(0) Y:  ZHeap           used 78M, capacity 2048M, max capacity 2048M
[2024-10-26T03:26:25.995+0530][1.385s][debug][gc,heap        ] GC(0) Y:  Metaspace       used 21341K, committed 21760K, reserved 1114112K
[2024-10-26T03:26:25.995+0530][1.385s][debug][gc,heap        ] GC(0) Y:   class space    used 2617K, committed 2816K, reserved 1048576K
[2024-10-26T03:26:25.995+0530][1.385s][info ][gc,alloc       ] GC(0) Y:                         Mark Start        Mark End      Relocate Start    Relocate End   
[2024-10-26T03:26:25.995+0530][1.385s][info ][gc,alloc       ] GC(0) Y: Allocation Stalls:          0                0                0                0         
[2024-10-26T03:26:25.995+0530][1.385s][info ][gc,load        ] GC(0) Y: Load: 0.00 (0%) / 0.00 (0%) / 0.00 (0%)
[2024-10-26T03:26:25.995+0530][1.385s][info ][gc,mmu         ] GC(0) Y: MMU: 2ms/97.6%, 5ms/99.0%, 10ms/99.5%, 20ms/99.8%, 50ms/99.8%, 100ms/99.9%
[2024-10-26T03:26:25.995+0530][1.385s][info ][gc,marking     ] GC(0) Y: Mark: 1 stripe(s), 2 proactive flush(es), 1 terminate flush(es), 0 completion(s), 0 continuation(s) 
[2024-10-26T03:26:25.995+0530][1.385s][info ][gc,marking     ] GC(0) Y: Mark Stack Usage: 32M
[2024-10-26T03:26:25.995+0530][1.385s][info ][gc,nmethod     ] GC(0) Y: NMethods: 4379 registered, 0 unregistered
[2024-10-26T03:26:25.995+0530][1.385s][info ][gc,metaspace   ] GC(0) Y: Metaspace: 20M used, 21M committed, 1088M reserved
[2024-10-26T03:26:25.995+0530][1.385s][info ][gc,reloc       ] GC(0) Y:                        Candidates     Selected     In-Place         Size        Empty    Relocated 
[2024-10-26T03:26:25.995+0530][1.385s][info ][gc,reloc       ] GC(0) Y: Small Pages:                   78           68            0         156M           0M          12M 
[2024-10-26T03:26:25.995+0530][1.385s][info ][gc,reloc       ] GC(0) Y: Medium Pages:                   1            0            0          32M           0M           0M 
[2024-10-26T03:26:25.995+0530][1.385s][info ][gc,reloc       ] GC(0) Y: Large Pages:                    0            0            0           0M           0M           0M 
[2024-10-26T03:26:25.995+0530][1.385s][info ][gc,reloc       ] GC(0) Y: Forwarding Usage: 5M
[2024-10-26T03:26:25.995+0530][1.385s][info ][gc,reloc       ] GC(0) Y: Age Table:
[2024-10-26T03:26:25.995+0530][1.386s][info ][gc,reloc       ] GC(0) Y:                    Live             Garbage             Small              Medium             Large        
[2024-10-26T03:26:25.995+0530][1.386s][info ][gc,reloc       ] GC(0) Y: Eden              16M (1%)          171M (8%)          78 / 68             1 / 0              0 / 0        
[2024-10-26T03:26:25.995+0530][1.386s][info ][gc,heap        ] GC(0) Y: Min Capacity: 2048M(100%)
[2024-10-26T03:26:25.995+0530][1.386s][info ][gc,heap        ] GC(0) Y: Max Capacity: 2048M(100%)
[2024-10-26T03:26:25.995+0530][1.386s][info ][gc,heap        ] GC(0) Y: Soft Max Capacity: 2048M(100%)
[2024-10-26T03:26:25.995+0530][1.386s][info ][gc,heap        ] GC(0) Y: Heap Statistics:
[2024-10-26T03:26:25.995+0530][1.386s][info ][gc,heap        ] GC(0) Y:                Mark Start          Mark End        Relocate Start      Relocate End           High               Low         
[2024-10-26T03:26:25.995+0530][1.386s][info ][gc,heap        ] GC(0) Y:  Capacity:     2048M (100%)       2048M (100%)       2048M (100%)       2048M (100%)       2048M (100%)       2048M (100%)   
[2024-10-26T03:26:25.995+0530][1.386s][info ][gc,heap        ] GC(0) Y:      Free:     1860M (91%)        1854M (91%)        1848M (90%)        1970M (96%)        1970M (96%)        1834M (90%)    
[2024-10-26T03:26:25.995+0530][1.386s][info ][gc,heap        ] GC(0) Y:      Used:      188M (9%)          194M (9%)          200M (10%)          78M (4%)          214M (10%)          78M (4%)     
[2024-10-26T03:26:25.995+0530][1.386s][info ][gc,heap        ] GC(0) Y: Young Generation Statistics:
[2024-10-26T03:26:25.995+0530][1.386s][info ][gc,heap        ] GC(0) Y:                Mark Start          Mark End        Relocate Start      Relocate End    
[2024-10-26T03:26:25.995+0530][1.386s][info ][gc,heap        ] GC(0) Y:      Used:      188M (9%)          194M (9%)          200M (10%)          78M (4%)     
[2024-10-26T03:26:25.995+0530][1.386s][info ][gc,heap        ] GC(0) Y:      Live:         -                16M (1%)           16M (1%)           16M (1%)     
[2024-10-26T03:26:25.995+0530][1.386s][info ][gc,heap        ] GC(0) Y:   Garbage:         -               171M (8%)          171M (8%)           32M (2%)     
[2024-10-26T03:26:25.995+0530][1.386s][info ][gc,heap        ] GC(0) Y: Allocated:         -                 6M (0%)           12M (1%)           29M (1%)     
[2024-10-26T03:26:25.995+0530][1.386s][info ][gc,heap        ] GC(0) Y: Reclaimed:         -                  -                 0M (0%)          139M (7%)     
[2024-10-26T03:26:25.995+0530][1.386s][info ][gc,heap        ] GC(0) Y:  Promoted:         -                  -                 0M (0%)            0M (0%)     
[2024-10-26T03:26:25.995+0530][1.386s][info ][gc,heap        ] GC(0) Y: Compacted:         -                  -                  -                14M (1%)     
[2024-10-26T03:26:25.995+0530][1.386s][info ][gc,phases      ] GC(0) Y: Young Generation 188M(9%)->78M(4%) 0.055s
[2024-10-26T03:26:25.995+0530][1.386s][debug][gc,heap        ] GC(0) O: Heap before GC invocations=1 (full 1):
[2024-10-26T03:26:25.995+0530][1.386s][debug][gc,heap        ] GC(0) O:  ZHeap           used 78M, capacity 2048M, max capacity 2048M
[2024-10-26T03:26:25.995+0530][1.386s][debug][gc,heap        ] GC(0) O:  Metaspace       used 21342K, committed 21760K, reserved 1114112K
[2024-10-26T03:26:25.995+0530][1.386s][debug][gc,heap        ] GC(0) O:   class space    used 2617K, committed 2816K, reserved 1048576K
[2024-10-26T03:26:25.995+0530][1.386s][info ][gc,phases      ] GC(0) O: Old Generation
[2024-10-26T03:26:25.995+0530][1.386s][debug][gc,phases,start] GC(0) O: Concurrent Mark
[2024-10-26T03:26:25.995+0530][1.386s][debug][gc,phases,start] GC(0) O: Concurrent Mark Roots
[2024-10-26T03:26:25.995+0530][1.386s][debug][gc,task        ] GC(0) O: Executing ZMarkOldRootsTask using ZWorkerOld with 1 workers
[2024-10-26T03:26:25.995+0530][1.386s][debug][gc,nmethod     ] Register NMethod: java.lang.invoke.MethodHandle.linkToStatic (0x0000029cc9d52788) [0x0000029cc9d52880, 0x0000029cc9d52990] Compiler: , Barriers: 0, Oops: 0, ImmediateOops: 0, NonImmediateOops: No
[2024-10-26T03:26:25.995+0530][1.386s][debug][gc,tlab        ] GC(0) O: TLAB totals: thrds: 4  refills: 22 max: 19 slow allocs: 0 max 0 waste: 18.2% gc: 1031624B max: 262080B slow: 20560B max: 20560B
[2024-10-26T03:26:25.995+0530][1.386s][debug][gc,phases      ] GC(0) O: Concurrent Mark Roots 0.188ms
[2024-10-26T03:26:25.995+0530][1.386s][debug][gc,phases,start] GC(0) O: Concurrent Mark Follow
[2024-10-26T03:26:25.995+0530][1.386s][debug][gc,marking     ] GC(0) O: Using 1 mark stripes
[2024-10-26T03:26:25.995+0530][1.386s][debug][gc,task        ] GC(0) O: Executing ZMarkTask using ZWorkerOld with 1 workers
[2024-10-26T03:26:25.996+0530][1.386s][debug][gc,nmethod     ] Register NMethod: jdk.internal.org.objectweb.asm.Frame.setInputFrameFromDescriptor (0x0000029cc26cf988) [0x0000029cc26cfb40, 0x0000029cc26d0438] Compiler: c1, Barriers: 12, Oops: 0, ImmediateOops: 0, NonImmediateOops: No
[2024-10-26T03:26:25.996+0530][1.386s][debug][gc,phases      ] GC(0) O: Concurrent Mark Follow 0.218ms
[2024-10-26T03:26:25.996+0530][1.386s][info ][gc,phases      ] GC(0) O: Concurrent Mark 0.432ms
[2024-10-26T03:26:25.996+0530][1.386s][debug][gc,reloc       ] Synchronize all workers 1 _nworkers: 0 _nsynchronized: 0
[2024-10-26T03:26:25.996+0530][1.386s][debug][gc,reloc       ] Synchronize all workers 1 _nworkers: 0 _nsynchronized: 0
[2024-10-26T03:26:25.996+0530][1.386s][debug][gc,phases,start] GC(0) O: Pause Mark End
[2024-10-26T03:26:25.996+0530][1.386s][info ][gc,phases      ] GC(0) O: Pause Mark End 0.015ms
[2024-10-26T03:26:25.996+0530][1.386s][debug][gc,reloc       ] Desynchronize all workers _nworkers: 0 _nsynchronized: 0
[2024-10-26T03:26:25.996+0530][1.386s][debug][gc,reloc       ] Desynchronize all workers _nworkers: 0 _nsynchronized: 0
[2024-10-26T03:26:25.996+0530][1.386s][debug][gc,phases,start] GC(0) O: Concurrent Mark Free
[2024-10-26T03:26:25.996+0530][1.386s][debug][gc,marking     ] GC(0) O: Shrinking mark stack space: 32M->0M
[2024-10-26T03:26:25.996+0530][1.386s][info ][gc,phases      ] GC(0) O: Concurrent Mark Free 0.162ms
[2024-10-26T03:26:25.996+0530][1.386s][debug][gc,phases,start] GC(0) O: Concurrent Process Non-Strong
[2024-10-26T03:26:25.996+0530][1.386s][debug][gc,phases,start] GC(0) O: Concurrent References Process
[2024-10-26T03:26:25.996+0530][1.386s][debug][gc,task        ] GC(0) O: Executing ZReferenceProcessorTask using ZWorkerOld with 1 workers
[2024-10-26T03:26:25.996+0530][1.386s][debug][gc,phases      ] GC(0) O: Concurrent References Process 0.033ms
[2024-10-26T03:26:25.996+0530][1.386s][debug][gc,task        ] GC(0) O: Executing ZProcessWeakRootsTask using ZWorkerOld with 1 workers
[2024-10-26T03:26:25.996+0530][1.386s][debug][gc,nmethod     ] Register NMethod: java.lang.invoke.MethodHandle.invokeBasic (0x0000029cc9d52a88) [0x0000029cc9d52ba0, 0x0000029cc9d52e90] Compiler: , Barriers: 0, Oops: 0, ImmediateOops: 0, NonImmediateOops: No
[2024-10-26T03:26:25.996+0530][1.386s][debug][gc,nmethod     ] Register NMethod: java.lang.invoke.MethodHandle.linkToSpecial (0x0000029cc9d52f08) [0x0000029cc9d53000, 0x0000029cc9d53110] Compiler: , Barriers: 0, Oops: 0, ImmediateOops: 0, NonImmediateOops: No
[2024-10-26T03:26:25.996+0530][1.387s][debug][gc,nmethod     ] Register NMethod: java.util.Arrays.copyOf (0x0000029cc9d53208) [0x0000029cc9d53320, 0x0000029cc9d53638] Compiler: c2, Barriers: 1, Oops: 0, ImmediateOops: 0, NonImmediateOops: No
[2024-10-26T03:26:25.997+0530][1.387s][debug][gc,nmethod     ] Register NMethod: java.lang.invoke.MethodHandle.invokeBasic (0x0000029cc9d53688) [0x0000029cc9d537a0, 0x0000029cc9d53a90] Compiler: , Barriers: 0, Oops: 0, ImmediateOops: 0, NonImmediateOops: No
[2024-10-26T03:26:25.997+0530][1.387s][debug][gc,nmethod     ] Register NMethod: java.lang.invoke.MethodHandle.linkToSpecial (0x0000029cc9d53b08) [0x0000029cc9d53c00, 0x0000029cc9d53d10] Compiler: , Barriers: 0, Oops: 0, ImmediateOops: 0, NonImmediateOops: No
[2024-10-26T03:26:25.997+0530][1.387s][debug][gc,nmethod     ] Register NMethod: java.lang.invoke.LambdaFormBuffer.indexOf (0x0000029cc26d0488) [0x0000029cc26d05e0, 0x0000029cc26d0980] Compiler: c1, Barriers: 0, Oops: 0, ImmediateOops: 0, NonImmediateOops: No
[2024-10-26T03:26:25.997+0530][1.388s][debug][gc,nmethod     ] Register NMethod: org.springframework.boot.autoconfigure.condition.ConditionMessage.<init> (0x0000029cc266f188) [0x0000029cc266f300, 0x0000029cc266f840] Compiler: c1, Barriers: 5, Oops: 1, ImmediateOops: 1, NonImmediateOops: No
[2024-10-26T03:26:25.998+0530][1.388s][debug][gc,phases,start] GC(0) O: Concurrent Classes Unlink
[2024-10-26T03:26:25.998+0530][1.388s][debug][gc,phases,start] GC(0) O: ClassLoaderData
[2024-10-26T03:26:25.998+0530][1.388s][debug][gc,phases      ] GC(0) O: ClassLoaderData 0.030ms
[2024-10-26T03:26:25.998+0530][1.388s][debug][gc,phases,start] GC(0) O: Trigger cleanups
[2024-10-26T03:26:25.998+0530][1.388s][debug][gc,phases      ] GC(0) O: Trigger cleanups 0.005ms
[2024-10-26T03:26:25.998+0530][1.388s][debug][gc,task        ] GC(0) O: Executing ZNMethodUnlinkTask using ZWorkerOld with 1 workers
[2024-10-26T03:26:25.998+0530][1.388s][debug][gc,nmethod     ] GC(0) O: Unregister NMethod: java.net.URLStreamHandler.parseURL (0x0000029cc22ffc08) [0x0000029cc2300fc0, 0x0000029cc230da10] 
[2024-10-26T03:26:25.998+0530][1.388s][debug][gc,nmethod     ] GC(0) O: Unregister NMethod: java.util.ImmutableCollections$ListItr.hasNext (0x0000029cc2078b08) [0x0000029cc2078c20, 0x0000029cc2078d80] 
[2024-10-26T03:26:25.998+0530][1.388s][debug][gc,nmethod     ] GC(0) O: Unregister NMethod: java.util.concurrent.ConcurrentHashMap.putVal (0x0000029cc2525688) [0x0000029cc25259c0, 0x0000029cc2527660] 
[2024-10-26T03:26:25.998+0530][1.388s][debug][gc,nmethod     ] GC(0) O: Unregister NMethod: java.net.URL.getURLStreamHandler (0x0000029cc22e6a08) [0x0000029cc22e6c40, 0x0000029cc22e7b00] 
[2024-10-26T03:26:25.998+0530][1.388s][debug][gc,nmethod     ] GC(0) O: Unregister NMethod: jdk.internal.org.objectweb.asm.ByteVector.putShort (0x0000029cc2003a88) [0x0000029cc2003bc0, 0x0000029cc2003e20] 
[2024-10-26T03:26:25.998+0530][1.388s][debug][gc,nmethod     ] GC(0) O: Unregister NMethod: jdk.internal.classfile.impl.ClassReaderImpl.checkType (0x0000029cc20a8a88) [0x0000029cc20a8cc0, 0x0000029cc20a9788] 
[2024-10-26T03:26:25.998+0530][1.388s][debug][gc,nmethod     ] GC(0) O: Unregister NMethod: java.lang.String.indexOf (0x0000029cc9c8c888) [0x0000029cc9c8c9a0, 0x0000029cc9c8cdf8] 
[2024-10-26T03:26:25.998+0530][1.388s][debug][gc,nmethod     ] GC(0) O: Unregister NMethod: java.net.URLStreamHandler.sameFile (0x0000029cc22e1608) [0x0000029cc22e17e0, 0x0000029cc22e2150] 
[2024-10-26T03:26:25.998+0530][1.388s][debug][gc,nmethod     ] GC(0) O: Unregister NMethod: org.springframework.core.env.PropertiesPropertySource$$Lambda/0x000002a0d4145248.test (0x0000029cc242df88) [0x0000029cc242e0a0, 0x0000029cc242e2e0] 
[2024-10-26T03:26:25.998+0530][1.388s][debug][gc,nmethod     ] GC(0) O: Unregister NMethod: java.util.Collections$UnmodifiableCollection.iterator (0x0000029cc210bc08) [0x0000029cc210bd60, 0x0000029cc210c180] 
[2024-10-26T03:26:25.998+0530][1.388s][debug][gc,nmethod     ] GC(0) O: Unregister NMethod: java.util.ImmutableCollections$ListN.size (0x0000029cc207ca88) [0x0000029cc207cba0, 0x0000029cc207cce0] 
[2024-10-26T03:26:25.998+0530][1.388s][debug][gc,nmethod     ] GC(0) O: Unregister NMethod: org.springframework.boot.loader.zip.FileDataBlock$FileAccess.read (0x0000029cc2280d08) [0x0000029cc2280e80, 0x0000029cc2281660] 
[2024-10-26T03:26:25.998+0530][1.389s][debug][gc,nmethod     ] GC(0) O: Unregister NMethod: java.util.concurrent.ConcurrentHashMap$BaseIterator.hasNext (0x0000029cc2037e88) [0x0000029cc2037fa0, 0x0000029cc2038130] 
[2024-10-26T03:26:25.998+0530][1.389s][debug][gc,nmethod     ] GC(0) O: Unregister NMethod: org.springframework.boot.loader.zip.FileDataBlock.read (0x0000029cc227f808) [0x0000029cc227f9c0, 0x0000029cc2280248] 
[2024-10-26T03:26:25.998+0530][1.389s][debug][gc,nmethod     ] GC(0) O: Unregister NMethod: java.util.concurrent.ConcurrentHashMap.putVal (0x0000029cc1fd9c88) [0x0000029cc1fd9fc0, 0x0000029cc1fdbc18] 
[2024-10-26T03:26:25.998+0530][1.389s][debug][gc,nmethod     ] Register NMethod: java.lang.ref.SoftReference.get (0x0000029cc26d0a08) [0x0000029cc26d0b20, 0x0000029cc26d0ce8] Compiler: c1, Barriers: 2, Oops: 0, ImmediateOops: 1, NonImmediateOops: No
[2024-10-26T03:26:25.998+0530][1.389s][debug][gc,nmethod     ] GC(0) O: Unregister NMethod: java.util.ArrayDeque.poll (0x0000029cc207b008) [0x0000029cc207b120, 0x0000029cc207b278] 
[2024-10-26T03:26:25.998+0530][1.389s][debug][gc,nmethod     ] GC(0) O: Unregister NMethod: org.springframework.boot.loader.zip.ZipContent$Loader.swap (0x0000029cc2294b88) [0x0000029cc2294ce0, 0x0000029cc2294fc8] 
[2024-10-26T03:26:25.998+0530][1.389s][debug][gc,nmethod     ] GC(0) O: Unregister NMethod: java.lang.AbstractStringBuilder.append (0x0000029cc2524d88) [0x0000029cc2524f20, 0x0000029cc2525608] 
[2024-10-26T03:26:25.998+0530][1.389s][debug][gc,nmethod     ] GC(0) O: Unregister NMethod: org.springframework.boot.loader.net.protocol.jar.Handler.parseURL (0x0000029cc9c9a188) [0x0000029cc9c9a500, 0x0000029cc9c9d678] 
[2024-10-26T03:26:25.998+0530][1.389s][debug][gc,nmethod     ] GC(0) O: Unregister NMethod: org.springframework.boot.loader.net.protocol.jar.Handler.extractContextPath (0x0000029cc22f0808) [0x0000029cc22f0ac0, 0x0000029cc22f1bb8] 
[2024-10-26T03:26:25.998+0530][1.389s][debug][gc,nmethod     ] GC(0) O: Unregister NMethod: java.util.ArrayDeque.addFirst (0x0000029cc2478388) [0x0000029cc24784e0, 0x0000029cc24789b0] 
[2024-10-26T03:26:25.998+0530][1.389s][debug][gc,nmethod     ] GC(0) O: Unregister NMethod: java.util.stream.Nodes$SpinedNodeBuilder.accept (0x0000029cc2423d88) [0x0000029cc2423ea0, 0x0000029cc2423ff0] 
[2024-10-26T03:26:25.998+0530][1.389s][debug][gc,nmethod     ] GC(0) O: Unregister NMethod: java.lang.String.equals (0x0000029cc9b6d208) [0x0000029cc9b6d320, 0x0000029cc9b6d590] 
[2024-10-26T03:26:25.998+0530][1.389s][debug][gc,nmethod     ] GC(0) O: Unregister NMethod: java.util.concurrent.locks.AbstractQueuedSynchronizer.compareAndSetState (0x0000029cc9b75688) [0x0000029cc9b75780, 0x0000029cc9b75810] 
[2024-10-26T03:26:25.998+0530][1.389s][debug][gc,nmethod     ] GC(0) O: Unregister NMethod: java.lang.Object.equals (0x0000029cc1fef108) [0x0000029cc1fef220, 0x0000029cc1fef378] 
[2024-10-26T03:26:25.998+0530][1.389s][debug][gc,nmethod     ] GC(0) O: Unregister NMethod: java.lang.AbstractStringBuilder.append (0x0000029cc9c3fe08) [0x0000029cc9c3ff60, 0x0000029cc9c405c0] 
[2024-10-26T03:26:25.998+0530][1.389s][debug][gc,nmethod     ] GC(0) O: Unregister NMethod: java.util.Collections.emptyList (0x0000029cc21cd708) [0x0000029cc21cd820, 0x0000029cc21cd918] 
[2024-10-26T03:26:25.998+0530][1.389s][debug][gc,nmethod     ] GC(0) O: Unregister NMethod: java.lang.String.indexOf (0x0000029cc1ffbc88) [0x0000029cc1ffbe20, 0x0000029cc1ffc460] 
[2024-10-26T03:26:25.998+0530][1.389s][debug][gc,nmethod     ] GC(0) O: Unregister NMethod: jdk.internal.misc.Unsafe.checkNativeAddress (0x0000029cc2281f88) [0x0000029cc22820a0, 0x0000029cc22821b8] 
[2024-10-26T03:26:25.998+0530][1.389s][debug][gc,nmethod     ] GC(0) O: Unregister NMethod: java.lang.String.indexOf (0x0000029cc22e8888) [0x0000029cc22e89e0, 0x0000029cc22e8cd8] 
[2024-10-26T03:26:25.998+0530][1.389s][debug][gc,nmethod     ] GC(0) O: Unregister NMethod: java.util.Properties.loadConvert (0x0000029cc2372008) [0x0000029cc2372280, 0x0000029cc2373530] 
[2024-10-26T03:26:25.998+0530][1.389s][debug][gc,nmethod     ] GC(0) O: Unregister NMethod: java.lang.Class.getName (0x0000029cc2047f08) [0x0000029cc2048040, 0x0000029cc20481f8] 
[2024-10-26T03:26:25.998+0530][1.389s][debug][gc,nmethod     ] GC(0) O: Unregister NMethod: java.lang.StringLatin1.indexOf (0x0000029cc9be5788) [0x0000029cc9be58c0, 0x0000029cc9be5f10] 
[2024-10-26T03:26:25.998+0530][1.389s][debug][gc,nmethod     ] GC(0) O: Unregister NMethod: org.springframework.boot.loader.zip.ZipCentralDirectoryFileHeaderRecord.load (0x0000029cc2285f88) [0x0000029cc22862c0, 0x0000029cc2287a68] 
[2024-10-26T03:26:25.998+0530][1.389s][debug][gc,nmethod     ] GC(0) O: Unregister NMethod: java.util.LinkedHashMap.get (0x0000029cc9bdaa08) [0x0000029cc9bdab60, 0x0000029cc9bdb048] 
[2024-10-26T03:26:25.998+0530][1.389s][debug][gc,nmethod     ] GC(0) O: Unregister NMethod: org.springframework.boot.loader.zip.ZipString.hash (0x0000029cc22cf208) [0x0000029cc22cf400, 0x0000029cc22d0178] 
[2024-10-26T03:26:25.998+0530][1.389s][debug][gc,nmethod     ] GC(0) O: Unregister NMethod: java.lang.String.isLatin1 (0x0000029cc1fd0688) [0x0000029cc1fd07a0, 0x0000029cc1fd0910] 
[2024-10-26T03:26:25.998+0530][1.389s][debug][gc,nmethod     ] GC(0) O: Unregister NMethod: java.nio.ByteBuffer.position (0x0000029cc20ebd88) [0x0000029cc20ebea0, 0x0000029cc20ec068] 
[2024-10-26T03:26:25.999+0530][1.389s][debug][gc,nmethod     ] GC(0) O: Unregister NMethod: java.lang.StringConcatHelper.simpleConcat (0x0000029cc229db08) [0x0000029cc229ddc0, 0x0000029cc229f050] 
[2024-10-26T03:26:25.999+0530][1.389s][debug][gc,nmethod     ] GC(0) O: Unregister NMethod: java.util.ArrayList.add (0x0000029cc256c988) [0x0000029cc256cae0, 0x0000029cc256cf30] 
[2024-10-26T03:26:25.999+0530][1.389s][debug][gc,nmethod     ] GC(0) O: Unregister NMethod: jdk.internal.org.objectweb.asm.ByteVector.putUTF8 (0x0000029cc2001e88) [0x0000029cc2002080, 0x0000029cc2002be8] 
[2024-10-26T03:26:25.999+0530][1.389s][debug][gc,nmethod     ] GC(0) O: Unregister NMethod: jdk.internal.classfile.impl.BufWriterImpl.writeU1 (0x0000029cc204c108) [0x0000029cc204c220, 0x0000029cc204c368] 
[2024-10-26T03:26:25.999+0530][1.389s][debug][gc,nmethod     ] GC(0) O: Unregister NMethod: org.springframework.asm.ClassReader.readInt (0x0000029cc25eeb88) [0x0000029cc25eeca0, 0x0000029cc25eeea0] 
[2024-10-26T03:26:25.999+0530][1.389s][debug][gc,nmethod     ] GC(0) O: Unregister NMethod: jdk.internal.classfile.impl.SplitConstantPool.tryFindUtf8 (0x0000029cc206a708) [0x0000029cc206a940, 0x0000029cc206b6b0] 
[2024-10-26T03:26:25.999+0530][1.389s][debug][gc,nmethod     ] GC(0) O: Unregister NMethod: java.net.URL.<init> (0x0000029cc9ce5308) [0x0000029cc9ce56a0, 0x0000029cc9ce8380] 
[2024-10-26T03:26:25.999+0530][1.389s][debug][gc,nmethod     ] GC(0) O: Unregister NMethod: java.lang.invoke.MethodType.hashCode (0x0000029cc1fdf688) [0x0000029cc1fdf7e0, 0x0000029cc1fdfbf0] 
[2024-10-26T03:26:25.999+0530][1.389s][debug][gc,nmethod     ] GC(0) O: Unregister NMethod: java.util.HashMap.afterNodeInsertion (0x0000029cc1fe6188) [0x0000029cc1fe62a0, 0x0000029cc1fe63a8] 
[2024-10-26T03:26:25.999+0530][1.389s][debug][gc,nmethod     ] GC(0) O: Unregister NMethod: jdk.internal.classfile.impl.RawBytecodeHelper.rawNext (0x0000029cc205a788) [0x0000029cc205a980, 0x0000029cc205b7a0] 
[2024-10-26T03:26:25.999+0530][1.389s][debug][gc,nmethod     ] GC(0) O: Unregister NMethod: sun.net.www.ParseUtil.firstEncodeIndex (0x0000029cc9c14a08) [0x0000029cc9c14b40, 0x0000029cc9c14e48] 
[2024-10-26T03:26:25.999+0530][1.389s][debug][gc,nmethod     ] GC(0) O: Unregister NMethod: java.net.URLStreamHandler.parseURL (0x0000029cc9c73688) [0x0000029cc9c73900, 0x0000029cc9c75d10] 
[2024-10-26T03:26:25.999+0530][1.389s][debug][gc,nmethod     ] GC(0) O: Unregister NMethod: java.io.ByteArrayInputStream.read (0x0000029cc9bac888) [0x0000029cc9bac9a0, 0x0000029cc9bace28] 
[2024-10-26T03:26:25.999+0530][1.389s][debug][gc,nmethod     ] GC(0) O: Unregister NMethod: java.lang.String.<init> (0x0000029cc2009288) [0x0000029cc2009420, 0x0000029cc2009a70] 
[2024-10-26T03:26:25.999+0530][1.389s][debug][gc,nmethod     ] GC(0) O: Unregister NMethod: java.nio.ByteOrder.nativeOrder (0x0000029cc20e3988) [0x0000029cc20e3aa0, 0x0000029cc20e3b98] 
[2024-10-26T03:26:25.999+0530][1.389s][debug][gc,nmethod     ] GC(0) O: Unregister NMethod: sun.reflect.generics.parser.SignatureParser.current (0x0000029cc23b8088) [0x0000029cc23b8220, 0x0000029cc23b8950] 
[2024-10-26T03:26:25.999+0530][1.389s][debug][gc,nmethod     ] GC(0) O: Unregister NMethod: java.lang.CharacterDataLatin1.isJavaIdentifierPart (0x0000029cc9bb7988) [0x0000029cc9bb7a80, 0x0000029cc9bb7b48] 
[2024-10-26T03:26:25.999+0530][1.389s][debug][gc,nmethod     ] GC(0) O: Unregister NMethod: java.nio.DirectByteBuffer.get (0x0000029cc203b788) [0x0000029cc203b960, 0x0000029cc203c2b8] 
[2024-10-26T03:26:25.999+0530][1.389s][debug][gc,nmethod     ] GC(0) O: Unregister NMethod: java.lang.CharacterDataLatin1.toUpperCaseEx (0x0000029cc2424d08) [0x0000029cc2424e40, 0x0000029cc24250d8] 
[2024-10-26T03:26:25.999+0530][1.389s][debug][gc,nmethod     ] GC(0) O: Unregister NMethod: java.lang.invoke.VarHandle.checkAccessModeThenIsDirect (0x0000029cc2030b08) [0x0000029cc2030ca0, 0x0000029cc2031638] 
[2024-10-26T03:26:25.999+0530][1.389s][debug][gc,nmethod     ] GC(0) O: Unregister NMethod: java.util.concurrent.locks.AbstractQueuedSynchronizer.release (0x0000029cc2027a88) [0x0000029cc2027c20, 0x0000029cc2028290] 
[2024-10-26T03:26:25.999+0530][1.389s][debug][gc,nmethod     ] Register NMethod: org.springframework.boot.loader.net.protocol.jar.UrlJarFiles$Cache.get (0x0000029cc26d0d08) [0x0000029cc26d0e40, 0x0000029cc26d12e0] Compiler: c1, Barriers: 1, Oops: 1, ImmediateOops: 0, NonImmediateOops: No
[2024-10-26T03:26:25.999+0530][1.389s][debug][gc,nmethod     ] GC(0) O: Unregister NMethod: java.lang.Boolean.valueOf (0x0000029cc221a488) [0x0000029cc221a5a0, 0x0000029cc221a708] 
[2024-10-26T03:26:25.999+0530][1.389s][debug][gc,nmethod     ] GC(0) O: Unregister NMethod: java.util.ArrayDeque.add (0x0000029cc20e3c88) [0x0000029cc20e3da0, 0x0000029cc20e3ef8] 
[2024-10-26T03:26:25.999+0530][1.389s][debug][gc,nmethod     ] GC(0) O: Unregister NMethod: java.util.ImmutableCollections$List12.size (0x0000029cc2072b88) [0x0000029cc2072ca0, 0x0000029cc2072e58] 
[2024-10-26T03:26:25.999+0530][1.389s][debug][gc,nmethod     ] GC(0) O: Unregister NMethod: java.lang.reflect.Proxy.newProxyInstance (0x0000029cc21f4a08) [0x0000029cc21f4c00, 0x0000029cc21f5738] 
[2024-10-26T03:26:25.999+0530][1.389s][debug][gc,nmethod     ] GC(0) O: Unregister NMethod: java.util.concurrent.ConcurrentHashMap.putIfAbsent (0x0000029cc1fdcc08) [0x0000029cc1fdcd20, 0x0000029cc1fdce60] 
[2024-10-26T03:26:25.999+0530][1.390s][debug][gc,nmethod     ] GC(0) O: Unregister NMethod: sun.util.locale.LocaleUtils.toLower (0x0000029cc24f3a08) [0x0000029cc24f3b20, 0x0000029cc24f3d30] 
[2024-10-26T03:26:25.999+0530][1.390s][debug][gc,nmethod     ] GC(0) O: Unregister NMethod: jdk.internal.classfile.impl.SplitConstantPool.internalAdd (0x0000029cc2061f08) [0x0000029cc20620a0, 0x0000029cc2062880] 
[2024-10-26T03:26:25.999+0530][1.390s][debug][gc,nmethod     ] GC(0) O: Unregister NMethod: java.lang.StringLatin1.toUpperCase (0x0000029cc2478a08) [0x0000029cc2478c00, 0x0000029cc2479830] 
[2024-10-26T03:26:25.999+0530][1.390s][debug][gc,nmethod     ] GC(0) O: Unregister NMethod: java.lang.StringLatin1.regionMatchesCI (0x0000029cc9c14008) [0x0000029cc9c14100, 0x0000029cc9c14368] 
[2024-10-26T03:26:25.999+0530][1.390s][debug][gc,nmethod     ] GC(0) O: Unregister NMethod: java.lang.CharacterDataLatin1.equalsIgnoreCase (0x0000029cc2253808) [0x0000029cc2253940, 0x0000029cc2253bf0] 
[2024-10-26T03:26:25.999+0530][1.390s][debug][gc,nmethod     ] GC(0) O: Unregister NMethod: org.springframework.boot.loader.net.protocol.jar.Handler.extractPath (0x0000029cc9c92308) [0x0000029cc9c925e0, 0x0000029cc9c943c0] 
[2024-10-26T03:26:25.999+0530][1.390s][debug][gc,nmethod     ] GC(0) O: Unregister NMethod: java.util.ArrayList.get (0x0000029cc2058a08) [0x0000029cc2058b40, 0x0000029cc2058df8] 
[2024-10-26T03:26:25.999+0530][1.390s][debug][gc,nmethod     ] GC(0) O: Unregister NMethod: jdk.internal.classfile.impl.SplitConstantPool.map (0x0000029cc2054a08) [0x0000029cc2054c60, 0x0000029cc2055b40] 
[2024-10-26T03:26:25.999+0530][1.390s][debug][gc,nmethod     ] GC(0) O: Unregister NMethod: java.util.regex.Pattern$Start.match (0x0000029cc24f1a08) [0x0000029cc24f1b60, 0x0000029cc24f1f98] 
[2024-10-26T03:26:25.999+0530][1.390s][debug][gc,nmethod     ] GC(0) O: Unregister NMethod: java.lang.invoke.MethodHandleImpl.makePairwiseConvertByEditor (0x0000029cc23c3e08) [0x0000029cc23c4600, 0x0000029cc23c9ad0] 
[2024-10-26T03:26:25.999+0530][1.390s][debug][gc,nmethod     ] GC(0) O: Unregister NMethod: java.lang.invoke.MethodType.parameterType (0x0000029cc1ff8608) [0x0000029cc1ff8720, 0x0000029cc1ff88b8] 
[2024-10-26T03:26:25.999+0530][1.390s][debug][gc,nmethod     ] GC(0) O: Unregister NMethod: java.lang.Character.codePointAt (0x0000029cc2178a08) [0x0000029cc2178b80, 0x0000029cc21791a8] 
[2024-10-26T03:26:25.999+0530][1.390s][debug][gc,nmethod     ] GC(0) O: Unregister NMethod: java.util.LinkedHashMap.<init> (0x0000029cc224f208) [0x0000029cc224f360, 0x0000029cc224f518] 
[2024-10-26T03:26:25.999+0530][1.390s][debug][gc,nmethod     ] GC(0) O: Unregister NMethod: org.springframework.boot.loader.zip.ZipContent.loadZipCentralDirectoryFileHeaderRecord (0x0000029cc22a6808) [0x0000029cc22a6980, 0x0000029cc22a6e00] 
[2024-10-26T03:26:25.999+0530][1.390s][debug][gc,nmethod     ] GC(0) O: Unregister NMethod: java.nio.ByteBuffer.position (0x0000029cc20bf108) [0x0000029cc20bf220, 0x0000029cc20bf370] 
[2024-10-26T03:26:25.999+0530][1.390s][debug][gc,nmethod     ] GC(0) O: Unregister NMethod: java.util.Comparator.lambda$comparingLong$6043328a$1 (0x0000029cc219e088) [0x0000029cc219e1e0, 0x0000029cc219e838] 
[2024-10-26T03:26:25.999+0530][1.390s][debug][gc,nmethod     ] GC(0) O: Unregister NMethod: java.util.regex.Pattern$$Lambda/0x800000032.is (0x0000029cc24eff88) [0x0000029cc24f00a0, 0x0000029cc24f0258] 
[2024-10-26T03:26:25.999+0530][1.390s][debug][gc,nmethod     ] GC(0) O: Unregister NMethod: java.util.Collections$UnmodifiableCollection$1.hasNext (0x0000029cc20ea808) [0x0000029cc20ea940, 0x0000029cc20eab50] 
[2024-10-26T03:26:25.999+0530][1.390s][debug][gc,nmethod     ] GC(0) O: Unregister NMethod: java.io.BufferedReader.implRead (0x0000029cc2325c88) [0x0000029cc2325e00, 0x0000029cc23262f8] 
[2024-10-26T03:26:25.999+0530][1.390s][debug][gc,nmethod     ] GC(0) O: Unregister NMethod: java.nio.HeapByteBuffer.<init> (0x0000029cc2284908) [0x0000029cc2284a20, 0x0000029cc2284c30] 
[2024-10-26T03:26:25.999+0530][1.390s][debug][gc,nmethod     ] GC(0) O: Unregister NMethod: java.util.Properties$LineReader.readLine (0x0000029cc237ae08) [0x0000029cc237b1a0, 0x0000029cc237dc58] 
[2024-10-26T03:26:25.999+0530][1.390s][debug][gc,nmethod     ] GC(0) O: Unregister NMethod: java.lang.String.regionMatches (0x0000029cc2270d08) [0x0000029cc2270ee0, 0x0000029cc22716d8] 
[2024-10-26T03:26:26.000+0530][1.390s][debug][gc,nmethod     ] GC(0) O: Unregister NMethod: java.util.concurrent.ConcurrentHashMap.casTabAt (0x0000029cc1ff3a08) [0x0000029cc1ff3b20, 0x0000029cc1ff3ca0] 
[2024-10-26T03:26:26.000+0530][1.390s][debug][gc,nmethod     ] GC(0) O: Unregister NMethod: java.lang.ThreadLocal.getMap (0x0000029cc228f508) [0x0000029cc228f620, 0x0000029cc228f760] 
[2024-10-26T03:26:26.000+0530][1.390s][debug][gc,nmethod     ] GC(0) O: Unregister NMethod: java.nio.ByteBuffer.limit (0x0000029cc20c7908) [0x0000029cc20c7a20, 0x0000029cc20c7b70] 
[2024-10-26T03:26:26.000+0530][1.390s][debug][gc,nmethod     ] Register NMethod: org.springframework.util.ConcurrentReferenceHashMap$Segment.findInChain (0x0000029cc26d1308) [0x0000029cc26d1480, 0x0000029cc26d1a08] Compiler: c1, Barriers: 2, Oops: 1, ImmediateOops: 0, NonImmediateOops: No
[2024-10-26T03:26:26.000+0530][1.390s][debug][gc,nmethod     ] GC(0) O: Unregister NMethod: java.lang.AbstractStringBuilder.append (0x0000029cc1ff7b88) [0x0000029cc1ff7d20, 0x0000029cc1ff82a8] 
[2024-10-26T03:26:26.000+0530][1.390s][debug][gc,nmethod     ] GC(0) O: Unregister NMethod: org.springframework.boot.loader.zip.ZipContent$Loader.add (0x0000029cc2293d88) [0x0000029cc2293f20, 0x0000029cc22946b8] 
[2024-10-26T03:26:26.000+0530][1.390s][debug][gc,nmethod     ] Register NMethod: org.springframework.util.ConcurrentReferenceHashMap$Entry.getKey (0x0000029cc9d53e08) [0x0000029cc9d53f20, 0x0000029cc9d54018] Compiler: c1, Barriers: 1, Oops: 1, ImmediateOops: 0, NonImmediateOops: No
[2024-10-26T03:26:26.000+0530][1.390s][debug][gc,nmethod     ] GC(0) O: Unregister NMethod: java.util.ArrayList.isEmpty (0x0000029cc2076608) [0x0000029cc2076720, 0x0000029cc2076878] 
[2024-10-26T03:26:26.000+0530][1.390s][debug][gc,nmethod     ] GC(0) O: Unregister NMethod: java.io.DataInputStream.readFully (0x0000029cc2029188) [0x0000029cc2029300, 0x0000029cc2029828] 
[2024-10-26T03:26:26.000+0530][1.390s][debug][gc,nmethod     ] GC(0) O: Unregister NMethod: java.math.BigInteger.destructiveMulAdd (0x0000029cc25a2c08) [0x0000029cc25a2d40, 0x0000029cc25a3058] 
[2024-10-26T03:26:26.000+0530][1.390s][debug][gc,nmethod     ] Register NMethod: org.springframework.util.ConcurrentReferenceHashMap.getReference (0x0000029cc26d1a88) [0x0000029cc26d1be0, 0x0000029cc26d1e98] Compiler: c1, Barriers: 2, Oops: 1, ImmediateOops: 0, NonImmediateOops: No
[2024-10-26T03:26:26.000+0530][1.390s][debug][gc,nmethod     ] GC(0) O: Unregister NMethod: java.lang.ref.Reference.refersTo (0x0000029cc2267a88) [0x0000029cc2267ba0, 0x0000029cc2267d68] 
[2024-10-26T03:26:26.000+0530][1.390s][debug][gc,nmethod     ] GC(0) O: Unregister NMethod: org.springframework.boot.context.properties.source.ConfigurationPropertyName.getNumberOfElements (0x0000029cc23fdb08) [0x0000029cc23fdc20, 0x0000029cc23fdd88] 
[2024-10-26T03:26:26.000+0530][1.390s][debug][gc,nmethod     ] GC(0) O: Unregister NMethod: java.util.HashSet.add (0x0000029cc9cbe688) [0x0000029cc9cbe9a0, 0x0000029cc9cc07b8] 
[2024-10-26T03:26:26.000+0530][1.390s][debug][gc,nmethod     ] GC(0) O: Unregister NMethod: org.springframework.boot.loader.net.protocol.jar.Handler.extractPath (0x0000029cc2572e88) [0x0000029cc2573000, 0x0000029cc25734e8] 
[2024-10-26T03:26:26.000+0530][1.390s][debug][gc,nmethod     ] GC(0) O: Unregister NMethod: java.util.concurrent.locks.ReentrantLock$NonfairSync.initialTryLock (0x0000029cc9c1e208) [0x0000029cc9c1e320, 0x0000029cc9c1e5d8] 
[2024-10-26T03:26:26.000+0530][1.390s][debug][gc,nmethod     ] GC(0) O: Unregister NMethod: java.lang.Integer.numberOfLeadingZeros (0x0000029cc2138a88) [0x0000029cc2138bc0, 0x0000029cc2138e50] 
[2024-10-26T03:26:26.000+0530][1.390s][debug][gc,nmethod     ] GC(0) O: Unregister NMethod: java.lang.ref.Reference.refersTo (0x0000029cc9c3b208) [0x0000029cc9c3b320, 0x0000029cc9c3b490] 
[2024-10-26T03:26:26.000+0530][1.390s][debug][gc,nmethod     ] GC(0) O: Unregister NMethod: jdk.internal.constant.MethodTypeDescImpl.parameterCount (0x0000029cc206c708) [0x0000029cc206c820, 0x0000029cc206c960] 
[2024-10-26T03:26:26.000+0530][1.390s][debug][gc,nmethod     ] GC(0) O: Unregister NMethod: java.lang.CharacterDataLatin1.isWhitespace (0x0000029cc2076288) [0x0000029cc20763a0, 0x0000029cc20765a0] 
[2024-10-26T03:26:26.000+0530][1.390s][debug][gc,nmethod     ] GC(0) O: Unregister NMethod: java.nio.HeapByteBuffer.getInt (0x0000029cc2279408) [0x0000029cc22795e0, 0x0000029cc2279f60] 
[2024-10-26T03:26:26.000+0530][1.390s][debug][gc,nmethod     ] GC(0) O: Unregister NMethod: java.lang.StringLatin1.replace (0x0000029cc2024788) [0x0000029cc20249c0, 0x0000029cc2025870] 
[2024-10-26T03:26:26.000+0530][1.390s][debug][gc,nmethod     ] GC(0) O: Unregister NMethod: java.util.Arrays.copyOf (0x0000029cc2009b08) [0x0000029cc2009c40, 0x0000029cc200a048] 
[2024-10-26T03:26:26.000+0530][1.390s][debug][gc,nmethod     ] GC(0) O: Unregister NMethod: org.springframework.boot.context.properties.source.ConfigurationPropertyName$ElementsParser.parse (0x0000029cc2426208) [0x0000029cc24263e0, 0x0000029cc2426d58] 
[2024-10-26T03:26:26.000+0530][1.391s][debug][gc,nmethod     ] GC(0) O: Unregister NMethod: java.util.jar.Manifest$FastInputStream.readLine (0x0000029cc229fd88) [0x0000029cc229ff20, 0x0000029cc22a0788] 
[2024-10-26T03:26:26.000+0530][1.391s][debug][gc,nmethod     ] GC(0) O: Unregister NMethod: java.util.Objects.requireNonNull (0x0000029cc1fe1588) [0x0000029cc1fe16c0, 0x0000029cc1fe18a8] 
[2024-10-26T03:26:26.000+0530][1.391s][debug][gc,nmethod     ] GC(0) O: Unregister NMethod: java.lang.System.getSecurityManager (0x0000029cc2039788) [0x0000029cc20398a0, 0x0000029cc2039a10] 
[2024-10-26T03:26:26.000+0530][1.391s][debug][gc,nmethod     ] GC(0) O: Unregister NMethod: java.lang.Object.<init> (0x0000029cc1fd0388) [0x0000029cc1fd04a0, 0x0000029cc1fd05a8] 
[2024-10-26T03:26:26.000+0530][1.391s][debug][gc,nmethod     ] GC(0) O: Unregister NMethod: java.nio.ByteBuffer.put (0x0000029cc2281708) [0x0000029cc22818a0, 0x0000029cc2281f40] 
[2024-10-26T03:26:26.000+0530][1.391s][debug][gc,nmethod     ] GC(0) O: Unregister NMethod: jdk.internal.classfile.impl.SplitConstantPool.canWriteDirect (0x0000029cc2061508) [0x0000029cc2061620, 0x0000029cc20617d8] 
[2024-10-26T03:26:26.000+0530][1.391s][debug][gc,nmethod     ] GC(0) O: Unregister NMethod: org.springframework.boot.loader.net.protocol.jar.Handler.parseURL (0x0000029cc22ed508) [0x0000029cc22ed6c0, 0x0000029cc22edd58] 
[2024-10-26T03:26:26.000+0530][1.391s][debug][gc,nmethod     ] GC(0) O: Unregister NMethod: java.lang.invoke.Invokers$Holder.linkToTargetMethod (0x0000029cc20ef788) [0x0000029cc20ef8c0, 0x0000029cc20efba0] 
[2024-10-26T03:26:26.000+0530][1.391s][debug][gc,nmethod     ] GC(0) O: Unregister NMethod: java.lang.Class.getPackageName (0x0000029cc203e208) [0x0000029cc203e440, 0x0000029cc203ef40] 
[2024-10-26T03:26:26.000+0530][1.391s][debug][gc,nmethod     ] GC(0) O: Unregister NMethod: java.lang.StringBuilder.append (0x0000029cc2000208) [0x0000029cc2000320, 0x0000029cc2000470] 
[2024-10-26T03:26:26.000+0530][1.391s][debug][gc,nmethod     ] GC(0) O: Unregister NMethod: java.util.concurrent.locks.ReentrantLock$Sync.tryRelease (0x0000029cc2027508) [0x0000029cc2027660, 0x0000029cc2027a20] 
[2024-10-26T03:26:26.000+0530][1.391s][debug][gc,nmethod     ] GC(0) O: Unregister NMethod: java.util.ArrayDeque.addAll (0x0000029cc21a1588) [0x0000029cc21a1760, 0x0000029cc21a2180] 
[2024-10-26T03:26:26.000+0530][1.391s][debug][gc,nmethod     ] GC(0) O: Unregister NMethod: org.springframework.boot.loader.zip.ZipString.hash (0x0000029cc2282288) [0x0000029cc2282500, 0x0000029cc22835a8] 
[2024-10-26T03:26:26.000+0530][1.391s][debug][gc,nmethod     ] GC(0) O: Unregister NMethod: java.io.ByteArrayOutputStream.write (0x0000029cc22acb08) [0x0000029cc22acc80, 0x0000029cc22ad1e8] 
[2024-10-26T03:26:26.000+0530][1.391s][debug][gc,nmethod     ] Register NMethod: java.lang.invoke.Invokers$Holder.invokeExact_MT (0x0000029cc26d1f08) [0x0000029cc26d20a0, 0x0000029cc26d27f8] Compiler: c1, Barriers: 3, Oops: 0, ImmediateOops: 0, NonImmediateOops: No
[2024-10-26T03:26:26.000+0530][1.391s][debug][gc,nmethod     ] GC(0) O: Unregister NMethod: java.util.ArrayList.<init> (0x0000029cc206da88) [0x0000029cc206dbc0, 0x0000029cc206de68] 
[2024-10-26T03:26:26.000+0530][1.391s][debug][gc,nmethod     ] Register NMethod: org.springframework.util.ConcurrentReferenceHashMap$Segment.getReference (0x0000029cc26d2888) [0x0000029cc26d29e0, 0x0000029cc26d2d58] Compiler: c1, Barriers: 3, Oops: 1, ImmediateOops: 1, NonImmediateOops: No
[2024-10-26T03:26:26.000+0530][1.391s][debug][gc,nmethod     ] GC(0) O: Unregister NMethod: java.net.URL.<init> (0x0000029cc9ccfa08) [0x0000029cc9ccfd60, 0x0000029cc9cd2870] 
[2024-10-26T03:26:26.000+0530][1.391s][debug][gc,nmethod     ] GC(0) O: Unregister NMethod: java.lang.String.<init> (0x0000029cc200ae08) [0x0000029cc200af80, 0x0000029cc200b560] 
[2024-10-26T03:26:26.000+0530][1.391s][debug][gc,nmethod     ] GC(0) O: Unregister NMethod: jdk.jfr.internal.TypeLibrary.defineType (0x0000029cc220de08) [0x0000029cc220e140, 0x0000029cc220f930] 
[2024-10-26T03:26:26.000+0530][1.391s][debug][gc,nmethod     ] GC(0) O: Unregister NMethod: java.util.HashMap.putVal (0x0000029cc9b6f308) [0x0000029cc9b6f4e0, 0x0000029cc9b6fed8] 
[2024-10-26T03:26:26.000+0530][1.391s][debug][gc,nmethod     ] GC(0) O: Unregister NMethod: java.util.ImmutableCollections$SetN.probe (0x0000029cc1fd1608) [0x0000029cc1fd1780, 0x0000029cc1fd1d58] 
[2024-10-26T03:26:26.000+0530][1.391s][debug][gc,nmethod     ] GC(0) O: Unregister NMethod: java.util.HashMap.getNode (0x0000029cc1fe6488) [0x0000029cc1fe6660, 0x0000029cc1fe7240] 
[2024-10-26T03:26:26.000+0530][1.391s][debug][gc,nmethod     ] GC(0) O: Unregister NMethod: java.lang.String.substring (0x0000029cc21b1788) [0x0000029cc21b18c0, 0x0000029cc21b1b30] 
[2024-10-26T03:26:26.000+0530][1.391s][debug][gc,nmethod     ] GC(0) O: Unregister NMethod: java.lang.String.hashCode (0x0000029cc1fd0c88) [0x0000029cc1fd0e00, 0x0000029cc1fd1288] 
[2024-10-26T03:26:26.000+0530][1.391s][debug][gc,nmethod     ] GC(0) O: Unregister NMethod: org.springframework.boot.loader.net.protocol.jar.JarUrlConnection.getInputStream (0x0000029cc2336c88) [0x0000029cc2336f40, 0x0000029cc2338458] 
[2024-10-26T03:26:26.000+0530][1.391s][debug][gc,nmethod     ] GC(0) O: Unregister NMethod: java.lang.String.substring (0x0000029cc2001688) [0x0000029cc2001820, 0x0000029cc2001e10] 
[2024-10-26T03:26:26.000+0530][1.391s][debug][gc,nmethod     ] GC(0) O: Unregister NMethod: java.util.ArrayDeque.<init> (0x0000029cc21a3c08) [0x0000029cc21a3d40, 0x0000029cc21a40a8] 
[2024-10-26T03:26:26.000+0530][1.391s][debug][gc,nmethod     ] GC(0) O: Unregister NMethod: java.util.HashMap.hash (0x0000029cc1fe3988) [0x0000029cc1fe3ac0, 0x0000029cc1fe3cc0] 
[2024-10-26T03:26:26.000+0530][1.391s][debug][gc,nmethod     ] GC(0) O: Unregister NMethod: jdk.internal.misc.Unsafe.allocateUninitializedArray0 (0x0000029cc2041288) [0x0000029cc2041420, 0x0000029cc2041cc8] 
[2024-10-26T03:26:26.001+0530][1.391s][debug][gc,nmethod     ] GC(0) O: Unregister NMethod: java.io.BufferedInputStream.getBufIfOpen (0x0000029cc202c088) [0x0000029cc202c1e0, 0x0000029cc202c5c0] 
[2024-10-26T03:26:26.001+0530][1.391s][debug][gc,nmethod     ] GC(0) O: Unregister NMethod: java.lang.StringLatin1.canEncode (0x0000029cc1ffb488) [0x0000029cc1ffb5a0, 0x0000029cc1ffb708] 
[2024-10-26T03:26:26.001+0530][1.391s][debug][gc,nmethod     ] GC(0) O: Unregister NMethod: java.util.HashMap$HashIterator.hasNext (0x0000029cc1fe9d08) [0x0000029cc1fe9e20, 0x0000029cc1fe9fb0] 
[2024-10-26T03:26:26.001+0530][1.391s][debug][gc,nmethod     ] GC(0) O: Unregister NMethod: java.util.LinkedHashMap$LinkedKeyIterator.next (0x0000029cc218fe88) [0x0000029cc218ffc0, 0x0000029cc2190148] 
[2024-10-26T03:26:26.001+0530][1.391s][debug][gc,nmethod     ] GC(0) O: Unregister NMethod: org.springframework.boot.loader.jar.ZipInflaterInputStream.read (0x0000029cc2321c88) [0x0000029cc2321da0, 0x0000029cc2321f28] 
[2024-10-26T03:26:26.001+0530][1.391s][debug][gc,nmethod     ] GC(0) O: Unregister NMethod: java.util.HashSet.add (0x0000029cc9c9df88) [0x0000029cc9c9e280, 0x0000029cc9c9ff70] 
[2024-10-26T03:26:26.001+0530][1.391s][debug][gc,nmethod     ] GC(0) O: Unregister NMethod: sun.reflect.generics.parser.SignatureParser.advance (0x0000029cc2075688) [0x0000029cc20757c0, 0x0000029cc2075a70] 
[2024-10-26T03:26:26.001+0530][1.391s][debug][gc,nmethod     ] GC(0) O: Unregister NMethod: sun.reflect.generics.parser.SignatureParser.skipIdentifier (0x0000029cc2103408) [0x0000029cc21035a0, 0x0000029cc2103ae8] 
[2024-10-26T03:26:26.001+0530][1.391s][debug][gc,nmethod     ] GC(0) O: Unregister NMethod: java.lang.StringCoding.countPositives (0x0000029cc203d188) [0x0000029cc203d2c0, 0x0000029cc203d4d8] 
[2024-10-26T03:26:26.001+0530][1.391s][debug][gc,nmethod     ] GC(0) O: Unregister NMethod: java.lang.Class.getClassLoader (0x0000029cc1fe2b88) [0x0000029cc1fe2d60, 0x0000029cc1fe3918] 
[2024-10-26T03:26:26.001+0530][1.391s][debug][gc,nmethod     ] GC(0) O: Unregister NMethod: java.util.HashMap.putVal (0x0000029cc205eb08) [0x0000029cc205ed60, 0x0000029cc205ffc8] 
[2024-10-26T03:26:26.001+0530][1.391s][debug][gc,nmethod     ] GC(0) O: Unregister NMethod: java.util.HashSet.add (0x0000029cc1fec508) [0x0000029cc1fec640, 0x0000029cc1fec898] 
[2024-10-26T03:26:26.001+0530][1.391s][debug][gc,nmethod     ] GC(0) O: Unregister NMethod: java.lang.String.substring (0x0000029cc9be1e88) [0x0000029cc9be1fe0, 0x0000029cc9be26d8] 
[2024-10-26T03:26:26.001+0530][1.391s][debug][gc,nmethod     ] GC(0) O: Unregister NMethod: java.util.ArrayDeque.<init> (0x0000029cc21a4408) [0x0000029cc21a45c0, 0x0000029cc21a4f30] 
[2024-10-26T03:26:26.001+0530][1.391s][debug][gc,nmethod     ] GC(0) O: Unregister NMethod: java.util.LinkedHashMap$LinkedHashIterator.hasNext (0x0000029cc2022588) [0x0000029cc20226a0, 0x0000029cc2022830] 
[2024-10-26T03:26:26.001+0530][1.391s][debug][gc,nmethod     ] GC(0) O: Unregister NMethod: jdk.internal.classfile.impl.DirectCodeBuilder.with (0x0000029cc2057988) [0x0000029cc2057b20, 0x0000029cc20583c0] 
[2024-10-26T03:26:26.001+0530][1.391s][debug][gc,nmethod     ] GC(0) O: Unregister NMethod: java.util.concurrent.locks.ReentrantLock$NonfairSync.initialTryLock (0x0000029cc2324708) [0x0000029cc2324880, 0x0000029cc2324cd0] 
[2024-10-26T03:26:26.001+0530][1.391s][debug][gc,nmethod     ] GC(0) O: Unregister NMethod: java.util.zip.InflaterInputStream.read (0x0000029cc22bdb08) [0x0000029cc22bdd80, 0x0000029cc22bed78] 
[2024-10-26T03:26:26.001+0530][1.391s][debug][gc,nmethod     ] GC(0) O: Unregister NMethod: java.util.Collections$UnmodifiableCollection$1.hasNext (0x0000029cc9bcdf08) [0x0000029cc9bce020, 0x0000029cc9bce178] 
[2024-10-26T03:26:26.001+0530][1.391s][debug][gc,nmethod     ] GC(0) O: Unregister NMethod: java.util.HashMap.resize (0x0000029cc1ff0088) [0x0000029cc1ff02e0, 0x0000029cc1ff17c8] 
[2024-10-26T03:26:26.001+0530][1.391s][debug][gc,nmethod     ] GC(0) O: Unregister NMethod: java.util.Collections$UnmodifiableCollection$1.next (0x0000029cc9be4788) [0x0000029cc9be4920, 0x0000029cc9be5400] 
[2024-10-26T03:26:26.001+0530][1.391s][debug][gc,nmethod     ] GC(0) O: Unregister NMethod: java.lang.String.regionMatches (0x0000029cc9c18288) [0x0000029cc9c183c0, 0x0000029cc9c188c8] 
[2024-10-26T03:26:26.001+0530][1.391s][debug][gc,nmethod     ] GC(0) O: Unregister NMethod: jdk.internal.loader.URLClassPath.getLoader (0x0000029cc22dfc88) [0x0000029cc22dff20, 0x0000029cc22e1580] 
[2024-10-26T03:26:26.001+0530][1.391s][debug][gc,nmethod     ] GC(0) O: Unregister NMethod: java.util.ImmutableCollections$ListN.get (0x0000029cc2097a88) [0x0000029cc2097ba0, 0x0000029cc2097d38] 
[2024-10-26T03:26:26.001+0530][1.391s][debug][gc,nmethod     ] GC(0) O: Unregister NMethod: java.io.DataOutputStream.write (0x0000029cc224e008) [0x0000029cc224e140, 0x0000029cc224e548] 
[2024-10-26T03:26:26.001+0530][1.391s][debug][gc,nmethod     ] GC(0) O: Unregister NMethod: java.lang.StringBuilder.append (0x0000029cc2524188) [0x0000029cc25242a0, 0x0000029cc25243f0] 
[2024-10-26T03:26:26.001+0530][1.391s][debug][gc,nmethod     ] GC(0) O: Unregister NMethod: java.util.AbstractSet.<init> (0x0000029cc206a388) [0x0000029cc206a4a0, 0x0000029cc206a668] 
[2024-10-26T03:26:26.001+0530][1.391s][debug][gc,nmethod     ] GC(0) O: Unregister NMethod: jdk.internal.misc.Unsafe.getIntUnaligned (0x0000029cc2184608) [0x0000029cc2184740, 0x0000029cc2184998] 
[2024-10-26T03:26:26.001+0530][1.391s][debug][gc,nmethod     ] GC(0) O: Unregister NMethod: java.lang.StringBuilder.length (0x0000029cc1ff5708) [0x0000029cc1ff5820, 0x0000029cc1ff5940] 
[2024-10-26T03:26:26.001+0530][1.391s][debug][gc,nmethod     ] GC(0) O: Unregister NMethod: java.util.HashMap.putVal (0x0000029cc9cdac08) [0x0000029cc9cdade0, 0x0000029cc9cdb7b0] 
[2024-10-26T03:26:26.001+0530][1.391s][debug][gc,nmethod     ] GC(0) O: Unregister NMethod: jdk.internal.util.xml.impl.Parser.bappend (0x0000029cc2007c88) [0x0000029cc2007e20, 0x0000029cc20084a8] 
[2024-10-26T03:26:26.001+0530][1.391s][debug][gc,nmethod     ] GC(0) O: Unregister NMethod: java.lang.AbstractStringBuilder.ensureCapacityInternal (0x0000029cc1ff4d08) [0x0000029cc1ff4e40, 0x0000029cc1ff50c0] 
[2024-10-26T03:26:26.001+0530][1.391s][debug][gc,nmethod     ] Register NMethod: org.springframework.util.ConcurrentReferenceHashMap.get (0x0000029cc26d2d88) [0x0000029cc26d2ee0, 0x0000029cc26d32c0] Compiler: c1, Barriers: 1, Oops: 1, ImmediateOops: 1, NonImmediateOops: No
[2024-10-26T03:26:26.001+0530][1.391s][debug][gc,nmethod     ] GC(0) O: Unregister NMethod: java.lang.String.equalsIgnoreCase (0x0000029cc2299a08) [0x0000029cc2299b80, 0x0000029cc229a108] 
[2024-10-26T03:26:26.001+0530][1.392s][debug][gc,nmethod     ] GC(0) O: Unregister NMethod: java.lang.Record.<init> (0x0000029cc205e808) [0x0000029cc205e920, 0x0000029cc205ea88] 
[2024-10-26T03:26:26.001+0530][1.392s][debug][gc,nmethod     ] GC(0) O: Unregister NMethod: java.net.URI.match (0x0000029cc226eb08) [0x0000029cc226ec40, 0x0000029cc226eef8] 
[2024-10-26T03:26:26.001+0530][1.392s][debug][gc,nmethod     ] GC(0) O: Unregister NMethod: java.lang.ref.ReferenceQueue.poll (0x0000029cc21d0508) [0x0000029cc21d0700, 0x0000029cc21d1308] 
[2024-10-26T03:26:26.001+0530][1.392s][debug][gc,nmethod     ] GC(0) O: Unregister NMethod: java.util.concurrent.locks.AbstractQueuedSynchronizer.compareAndSetState (0x0000029cc2026c08) [0x0000029cc2026d20, 0x0000029cc2026e48] 
[2024-10-26T03:26:26.001+0530][1.392s][debug][gc,nmethod     ] GC(0) O: Unregister NMethod: org.springframework.boot.loader.zip.ZipString.getCodePointSize (0x0000029cc2276f08) [0x0000029cc2277040, 0x0000029cc22772e0] 
[2024-10-26T03:26:26.001+0530][1.392s][debug][gc,nmethod     ] GC(0) O: Unregister NMethod: java.lang.StringCoding.countPositives (0x0000029cc2006d88) [0x0000029cc2006ec0, 0x0000029cc2007180] 
[2024-10-26T03:26:26.001+0530][1.392s][debug][gc,nmethod     ] GC(0) O: Unregister NMethod: java.util.LinkedHashMap.<init> (0x0000029cc23aae08) [0x0000029cc23aaf40, 0x0000029cc23ab1b0] 
[2024-10-26T03:26:26.001+0530][1.392s][debug][gc,nmethod     ] Register NMethod: java.util.stream.ReferencePipeline$7.<init> (0x0000029cc26d3308) [0x0000029cc26d3440, 0x0000029cc26d36d8] Compiler: c1, Barriers: 3, Oops: 0, ImmediateOops: 0, NonImmediateOops: No
[2024-10-26T03:26:26.001+0530][1.392s][debug][gc,nmethod     ] GC(0) O: Unregister NMethod: jdk.internal.classfile.impl.DirectCodeBuilder.writeBytecode (0x0000029cc2063488) [0x0000029cc2063600, 0x0000029cc2063a70] 
[2024-10-26T03:26:26.001+0530][1.392s][debug][gc,nmethod     ] Register NMethod: java.util.stream.ReferencePipeline$7.opWrapSink (0x0000029cc26d3708) [0x0000029cc26d3840, 0x0000029cc26d3ba0] Compiler: c1, Barriers: 6, Oops: 0, ImmediateOops: 0, NonImmediateOops: No
[2024-10-26T03:26:26.001+0530][1.392s][debug][gc,nmethod     ] GC(0) O: Unregister NMethod: java.lang.String.startsWith (0x0000029cc2236408) [0x0000029cc2236520, 0x0000029cc2236660] 
[2024-10-26T03:26:26.001+0530][1.392s][debug][gc,nmethod     ] Register NMethod: java.util.stream.ReferencePipeline.flatMap (0x0000029cc26d3c08) [0x0000029cc26d3d80, 0x0000029cc26d4260] Compiler: c1, Barriers: 3, Oops: 1, ImmediateOops: 0, NonImmediateOops: No
[2024-10-26T03:26:26.001+0530][1.392s][debug][gc,nmethod     ] GC(0) O: Unregister NMethod: java.lang.StringLatin1.regionMatchesCI (0x0000029cc2327a88) [0x0000029cc2327bc0, 0x0000029cc2327e70] 
[2024-10-26T03:26:26.001+0530][1.392s][debug][gc,nmethod     ] GC(0) O: Unregister NMethod: java.lang.StringLatin1.getChar (0x0000029cc255ce08) [0x0000029cc255cf20, 0x0000029cc255d040] 
[2024-10-26T03:26:26.001+0530][1.392s][debug][gc,nmethod     ] Register NMethod: java.util.stream.ReferencePipeline$7$1FlatMap.<init> (0x0000029cc26d4308) [0x0000029cc26d4440, 0x0000029cc26d46a0] Compiler: c1, Barriers: 6, Oops: 0, ImmediateOops: 0, NonImmediateOops: No
[2024-10-26T03:26:26.001+0530][1.392s][debug][gc,nmethod     ] GC(0) O: Unregister NMethod: java.lang.String.<init> (0x0000029cc200a908) [0x0000029cc200aa60, 0x0000029cc200ada0] 
[2024-10-26T03:26:26.001+0530][1.392s][debug][gc,nmethod     ] GC(0) O: Unregister NMethod: java.lang.Character.digit (0x0000029cc25a2108) [0x0000029cc25a2240, 0x0000029cc25a24a0] 
[2024-10-26T03:26:26.001+0530][1.392s][debug][gc,nmethod     ] GC(0) O: Unregister NMethod: java.util.Arrays.copyOf (0x0000029cc204ad88) [0x0000029cc204af00, 0x0000029cc204b5c0] 
[2024-10-26T03:26:26.001+0530][1.392s][debug][gc,nmethod     ] GC(0) O: Unregister NMethod: java.lang.ref.SoftReference.get (0x0000029cc9c18908) [0x0000029cc9c18a20, 0x0000029cc9c18b48] 
[2024-10-26T03:26:26.001+0530][1.392s][debug][gc,nmethod     ] Register NMethod: java.util.stream.ReferencePipeline$7$1FlatMap.end (0x0000029cc26d4708) [0x0000029cc26d4840, 0x0000029cc26d4a50] Compiler: c1, Barriers: 1, Oops: 0, ImmediateOops: 0, NonImmediateOops: No
[2024-10-26T03:26:26.001+0530][1.392s][debug][gc,nmethod     ] GC(0) O: Unregister NMethod: jdk.internal.util.ArraysSupport.mismatch (0x0000029cc2125b88) [0x0000029cc2125ce0, 0x0000029cc21260d8] 
[2024-10-26T03:26:26.001+0530][1.392s][debug][gc,nmethod     ] GC(0) O: Unregister NMethod: java.util.HashMap.put (0x0000029cc9ce8808) [0x0000029cc9ce89e0, 0x0000029cc9ce9408] 
[2024-10-26T03:26:26.001+0530][1.392s][debug][gc,nmethod     ] Register NMethod: java.util.stream.ReferencePipeline$7$1FlatMap.begin (0x0000029cc26d4a88) [0x0000029cc26d4bc0, 0x0000029cc26d4dd8] Compiler: c1, Barriers: 1, Oops: 0, ImmediateOops: 0, NonImmediateOops: No
[2024-10-26T03:26:26.001+0530][1.392s][debug][gc,nmethod     ] GC(0) O: Unregister NMethod: java.util.concurrent.ConcurrentHashMap.tabAt (0x0000029cc1fd9088) [0x0000029cc1fd91a0, 0x0000029cc1fd9458] 
[2024-10-26T03:26:26.001+0530][1.392s][debug][gc,nmethod     ] GC(0) O: Unregister NMethod: java.nio.Buffer.checkIndex (0x0000029cc203a808) [0x0000029cc203a920, 0x0000029cc203aa80] 
[2024-10-26T03:26:26.001+0530][1.392s][debug][gc,nmethod     ] GC(0) O: Unregister NMethod: java.lang.StringLatin1.newString (0x0000029cc2271708) [0x0000029cc2271860, 0x0000029cc2271b88] 
[2024-10-26T03:26:26.001+0530][1.392s][debug][gc,nmethod     ] GC(0) O: Unregister NMethod: java.nio.Buffer.limit (0x0000029cc20c1c88) [0x0000029cc20c1dc0, 0x0000029cc20c2038] 
[2024-10-26T03:26:26.001+0530][1.392s][debug][gc,nmethod     ] GC(0) O: Unregister NMethod: java.util.regex.Pattern$BmpCharPropertyGreedy.match (0x0000029cc24f0288) [0x0000029cc24f0400, 0x0000029cc24f0a78] 
[2024-10-26T03:26:26.001+0530][1.392s][debug][gc,nmethod     ] GC(0) O: Unregister NMethod: java.lang.String.<init> (0x0000029cc9bf0808) [0x0000029cc9bf0940, 0x0000029cc9bf0ee8] 
[2024-10-26T03:26:26.001+0530][1.392s][debug][gc,nmethod     ] GC(0) O: Unregister NMethod: java.net.URL.<init> (0x0000029cc2573e88) [0x0000029cc2574480, 0x0000029cc2577ca0] 
[2024-10-26T03:26:26.001+0530][1.392s][debug][gc,nmethod     ] GC(0) O: Unregister NMethod: java.util.ArrayDeque.peek (0x0000029cc24a2688) [0x0000029cc24a27c0, 0x0000029cc24a2a28] 
[2024-10-26T03:26:26.001+0530][1.392s][debug][gc,nmethod     ] Register NMethod: org.springframework.core.type.filter.AssignableTypeFilter.matchClassName (0x0000029cc26d4e08) [0x0000029cc26d4f60, 0x0000029cc26d5200] Compiler: c1, Barriers: 2, Oops: 1, ImmediateOops: 0, NonImmediateOops: No
[2024-10-26T03:26:26.002+0530][1.392s][debug][gc,nmethod     ] GC(0) O: Unregister NMethod: jdk.jfr.internal.MetadataWriter.buildStringPool (0x0000029cc9be2788) [0x0000029cc9be2a40, 0x0000029cc9be4058] 
[2024-10-26T03:26:26.002+0530][1.392s][debug][gc,nmethod     ] GC(0) O: Unregister NMethod: jdk.internal.jimage.ImageLocation.verify (0x0000029cc2370108) [0x0000029cc2370340, 0x0000029cc23710a0] 
[2024-10-26T03:26:26.002+0530][1.392s][debug][gc,nmethod     ] GC(0) O: Unregister NMethod: java.lang.Math.min (0x0000029cc1fe1908) [0x0000029cc1fe1a20, 0x0000029cc1fe1b50] 
[2024-10-26T03:26:26.002+0530][1.392s][debug][gc,nmethod     ] GC(0) O: Unregister NMethod: jdk.internal.misc.InternalLock.unlock (0x0000029cc202cb88) [0x0000029cc202cce0, 0x0000029cc202d138] 
[2024-10-26T03:26:26.002+0530][1.392s][debug][gc,nmethod     ] GC(0) O: Unregister NMethod: java.io.DataInputStream.readUnsignedShort (0x0000029cc9bb2b08) [0x0000029cc9bb2da0, 0x0000029cc9bb4aa8] 
[2024-10-26T03:26:26.002+0530][1.392s][debug][gc,nmethod     ] GC(0) O: Unregister NMethod: java.util.Properties.getProperty (0x0000029cc24a9f88) [0x0000029cc24aa0e0, 0x0000029cc24aa5e0] 
[2024-10-26T03:26:26.002+0530][1.392s][debug][gc,nmethod     ] GC(0) O: Unregister NMethod: jdk.internal.loader.BuiltinClassLoader.moduleReaderFor (0x0000029cc233c108) [0x0000029cc233c280, 0x0000029cc233c950] 
[2024-10-26T03:26:26.002+0530][1.392s][debug][gc,nmethod     ] GC(0) O: Unregister NMethod: org.springframework.boot.context.properties.source.ConfigurationPropertyName$ElementsParser.updateType (0x0000029cc9cb3888) [0x0000029cc9cb39c0, 0x0000029cc9cb3c98] 
[2024-10-26T03:26:26.002+0530][1.392s][debug][gc,nmethod     ] GC(0) O: Unregister NMethod: java.util.Collections$UnmodifiableCollection$1.hasNext (0x0000029cc9cab108) [0x0000029cc9cab220, 0x0000029cc9cab3e0] 
[2024-10-26T03:26:26.002+0530][1.392s][debug][gc,nmethod     ] GC(0) O: Unregister NMethod: jdk.internal.util.ReferencedKeyMap.get (0x0000029cc1fe1c08) [0x0000029cc1fe1dc0, 0x0000029cc1fe2640] 
[2024-10-26T03:26:26.002+0530][1.392s][debug][gc,nmethod     ] GC(0) O: Unregister NMethod: java.lang.invoke.LambdaForm$MH/0x000002a0d4000800.invoke (0x0000029cc20ef388) [0x0000029cc20ef4a0, 0x0000029cc20ef708] 
[2024-10-26T03:26:26.002+0530][1.392s][debug][gc,nmethod     ] GC(0) O: Unregister NMethod: java.lang.invoke.MethodTypeForm.canonicalize (0x0000029cc1fde108) [0x0000029cc1fde2c0, 0x0000029cc1fde870] 
[2024-10-26T03:26:26.002+0530][1.392s][debug][gc,nmethod     ] GC(0) O: Unregister NMethod: jdk.internal.util.ReferencedKeyMap.removeStaleReferences (0x0000029cc1fdd588) [0x0000029cc1fdd6e0, 0x0000029cc1fddaa8] 
[2024-10-26T03:26:26.002+0530][1.392s][debug][gc,nmethod     ] GC(0) O: Unregister NMethod: java.util.Objects.equals (0x0000029cc1fd3e08) [0x0000029cc1fd3f40, 0x0000029cc1fd4198] 
[2024-10-26T03:26:26.002+0530][1.392s][debug][gc,nmethod     ] GC(0) O: Unregister NMethod: org.springframework.boot.loader.net.protocol.jar.JarUrlConnection.getUseCaches (0x0000029cc230fb88) [0x0000029cc230fcc0, 0x0000029cc230ff40] 
[2024-10-26T03:26:26.002+0530][1.392s][debug][gc,nmethod     ] GC(0) O: Unregister NMethod: jdk.jfr.internal.MetadataDescriptor$Element.addAttribute (0x0000029cc223e608) [0x0000029cc223e780, 0x0000029cc223ed98] 
[2024-10-26T03:26:26.002+0530][1.392s][debug][gc,nmethod     ] GC(0) O: Unregister NMethod: org.springframework.boot.loader.net.protocol.jar.UrlJarFiles$Cache.putIfAbsent (0x0000029cc22ec888) [0x0000029cc22eca00, 0x0000029cc22ed1a8] 
[2024-10-26T03:26:26.002+0530][1.392s][debug][gc,nmethod     ] GC(0) O: Unregister NMethod: org.springframework.boot.loader.net.protocol.jar.Handler.openConnection (0x0000029cc22ed208) [0x0000029cc22ed320, 0x0000029cc22ed458] 
[2024-10-26T03:26:26.002+0530][1.392s][debug][gc,nmethod     ] GC(0) O: Unregister NMethod: java.net.URL.isValidProtocol (0x0000029cc9c86a08) [0x0000029cc9c86b60, 0x0000029cc9c86f48] 
[2024-10-26T03:26:26.002+0530][1.392s][debug][gc,nmethod     ] GC(0) O: Unregister NMethod: jdk.internal.access.SharedSecrets.getJavaLangAccess (0x0000029cc20e5e08) [0x0000029cc20e5f20, 0x0000029cc20e6050] 
[2024-10-26T03:26:26.002+0530][1.392s][debug][gc,nmethod     ] Register NMethod: org.springframework.util.ClassUtils.resolveClassName (0x0000029cc26d5288) [0x0000029cc26d5440, 0x0000029cc26d5a60] Compiler: c1, Barriers: 0, Oops: 1, ImmediateOops: 0, NonImmediateOops: No
[2024-10-26T03:26:26.002+0530][1.392s][debug][gc,nmethod     ] GC(0) O: Unregister NMethod: java.util.concurrent.atomic.AtomicLong.incrementAndGet (0x0000029cc231fb88) [0x0000029cc231fca0, 0x0000029cc231fdc0] 
[2024-10-26T03:26:26.002+0530][1.392s][debug][gc,nmethod     ] GC(0) O: Unregister NMethod: java.net.URL.getHostAddress (0x0000029cc22d2a88) [0x0000029cc22d2c00, 0x0000029cc22d3330] 
[2024-10-26T03:26:26.002+0530][1.392s][debug][gc,nmethod     ] GC(0) O: Unregister NMethod: java.util.LinkedHashMap.getOrDefault (0x0000029cc2474488) [0x0000029cc24745c0, 0x0000029cc2474830] 
[2024-10-26T03:26:26.002+0530][1.392s][debug][gc,nmethod     ] GC(0) O: Unregister NMethod: java.util.ArrayList.indexOfRange (0x0000029cc254cc88) [0x0000029cc254ce00, 0x0000029cc254d318] 
[2024-10-26T03:26:26.002+0530][1.392s][debug][gc,nmethod     ] GC(0) O: Unregister NMethod: java.nio.ByteBuffer.rewind (0x0000029cc2284608) [0x0000029cc2284720, 0x0000029cc2284898] 
[2024-10-26T03:26:26.002+0530][1.392s][debug][gc,nmethod     ] GC(0) O: Unregister NMethod: jdk.internal.loader.URLClassPath.getLoader (0x0000029cc9c40f08) [0x0000029cc9c41100, 0x0000029cc9c41e60] 
[2024-10-26T03:26:26.002+0530][1.392s][debug][gc,nmethod     ] GC(0) O: Unregister NMethod: jdk.internal.util.StrongReferenceKey.hashCode (0x0000029cc1fe0388) [0x0000029cc1fe04c0, 0x0000029cc1fe06e8] 
[2024-10-26T03:26:26.002+0530][1.392s][debug][gc,nmethod     ] GC(0) O: Unregister NMethod: java.net.URLStreamHandler.parseURL (0x0000029cc2450e08) [0x0000029cc24521c0, 0x0000029cc245ec10] 
[2024-10-26T03:26:26.002+0530][1.393s][debug][gc,nmethod     ] GC(0) O: Unregister NMethod: java.lang.String.equals (0x0000029cc1fd3808) [0x0000029cc1fd3960, 0x0000029cc1fd3dc8] 
[2024-10-26T03:26:26.002+0530][1.393s][debug][gc,nmethod     ] GC(0) O: Unregister NMethod: jdk.internal.classfile.impl.AbstractPoolEntry.width (0x0000029cc205a488) [0x0000029cc205a5a0, 0x0000029cc205a748] 
[2024-10-26T03:26:26.002+0530][1.393s][debug][gc,nmethod     ] GC(0) O: Unregister NMethod: jdk.internal.ref.PhantomCleanable.<init> (0x0000029cc2297708) [0x0000029cc2297900, 0x0000029cc2298528] 
[2024-10-26T03:26:26.002+0530][1.393s][debug][gc,nmethod     ] GC(0) O: Unregister NMethod: org.springframework.boot.loader.zip.DataBlock.readFully (0x0000029cc2284f88) [0x0000029cc22850e0, 0x0000029cc2285508] 
[2024-10-26T03:26:26.002+0530][1.393s][debug][gc,nmethod     ] GC(0) O: Unregister NMethod: java.lang.ref.Reference.refersToImpl (0x0000029cc2267d88) [0x0000029cc2267ea0, 0x0000029cc2267fd8] 
[2024-10-26T03:26:26.002+0530][1.393s][debug][gc,nmethod     ] GC(0) O: Unregister NMethod: org.springframework.util.ConcurrentReferenceHashMap.getHash (0x0000029cc23ec008) [0x0000029cc23ec140, 0x0000029cc23ec3a0] 
[2024-10-26T03:26:26.002+0530][1.393s][debug][gc,nmethod     ] GC(0) O: Unregister NMethod: org.springframework.asm.ClassReader.readUnsignedShort (0x0000029cc258fb08) [0x0000029cc258fc20, 0x0000029cc258fdc0] 
[2024-10-26T03:26:26.002+0530][1.393s][debug][gc,nmethod     ] GC(0) O: Unregister NMethod: java.util.concurrent.ConcurrentHashMap$Traverser.advance (0x0000029cc2038608) [0x0000029cc20387e0, 0x0000029cc2039448] 
[2024-10-26T03:26:26.002+0530][1.393s][debug][gc,nmethod     ] GC(0) O: Unregister NMethod: sun.net.www.ParseUtil.firstEncodeIndex (0x0000029cc22c5108) [0x0000029cc22c52e0, 0x0000029cc22c5cc8] 
[2024-10-26T03:26:26.002+0530][1.393s][debug][gc,nmethod     ] GC(0) O: Unregister NMethod: jdk.jfr.AnnotationElement.getTypeId (0x0000029cc21bd288) [0x0000029cc21bd3a0, 0x0000029cc21bd580] 
[2024-10-26T03:26:26.002+0530][1.393s][debug][gc,nmethod     ] GC(0) O: Unregister NMethod: java.util.Collections$UnmodifiableCollection$1.next (0x0000029cc2100308) [0x0000029cc2100440, 0x0000029cc2100650] 
[2024-10-26T03:26:26.002+0530][1.393s][debug][gc,nmethod     ] GC(0) O: Unregister NMethod: java.lang.String.toLowerCase (0x0000029cc2012108) [0x0000029cc2012260, 0x0000029cc2012578] 
[2024-10-26T03:26:26.002+0530][1.393s][debug][gc,nmethod     ] GC(0) O: Unregister NMethod: java.util.HashMap$HashIterator.nextNode (0x0000029cc1fe7a08) [0x0000029cc1fe7ba0, 0x0000029cc1fe81c8] 
[2024-10-26T03:26:26.002+0530][1.393s][debug][gc,nmethod     ] GC(0) O: Unregister NMethod: org.springframework.util.Assert.notNull (0x0000029cc23dc988) [0x0000029cc23dcac0, 0x0000029cc23dcca0] 
[2024-10-26T03:26:26.002+0530][1.393s][debug][gc,nmethod     ] GC(0) O: Unregister NMethod: java.util.ArrayDeque.addLast (0x0000029cc20e3f88) [0x0000029cc20e40e0, 0x0000029cc20e45b8] 
[2024-10-26T03:26:26.002+0530][1.393s][debug][gc,nmethod     ] GC(0) O: Unregister NMethod: java.lang.StringConcatHelper.newArray (0x0000029cc20bc208) [0x0000029cc20bc340, 0x0000029cc20bc650] 
[2024-10-26T03:26:26.002+0530][1.393s][debug][gc,nmethod     ] GC(0) O: Unregister NMethod: java.nio.Buffer.position (0x0000029cc20be108) [0x0000029cc20be240, 0x0000029cc20be488] 
[2024-10-26T03:26:26.002+0530][1.393s][debug][gc,nmethod     ] GC(0) O: Unregister NMethod: java.lang.String.toString (0x0000029cc2060008) [0x0000029cc2060120, 0x0000029cc2060230] 
[2024-10-26T03:26:26.002+0530][1.393s][debug][gc,nmethod     ] GC(0) O: Unregister NMethod: jdk.internal.classfile.impl.SplitConstantPool.utf8Entry (0x0000029cc2064c08) [0x0000029cc2064d20, 0x0000029cc2064e58] 
[2024-10-26T03:26:26.002+0530][1.393s][debug][gc,nmethod     ] GC(0) O: Unregister NMethod: java.lang.Class.getComponentType (0x0000029cc20a1488) [0x0000029cc20a15c0, 0x0000029cc20a1798] 
[2024-10-26T03:26:26.002+0530][1.393s][debug][gc,nmethod     ] GC(0) O: Unregister NMethod: java.lang.StringLatin1.newString (0x0000029cc2001188) [0x0000029cc20012e0, 0x0000029cc2001608] 
[2024-10-26T03:26:26.002+0530][1.393s][debug][gc,nmethod     ] GC(0) O: Unregister NMethod: java.lang.String.replace (0x0000029cc2049c88) [0x0000029cc2049de0, 0x0000029cc204a148] 
[2024-10-26T03:26:26.002+0530][1.393s][debug][gc,nmethod     ] GC(0) O: Unregister NMethod: org.springframework.boot.loader.jar.NestedJarFile.hasEntry (0x0000029cc22e4108) [0x0000029cc22e42a0, 0x0000029cc22e4878] 
[2024-10-26T03:26:26.002+0530][1.393s][debug][gc,nmethod     ] GC(0) O: Unregister NMethod: org.springframework.core.annotation.AnnotationTypeMappings.get (0x0000029cc256d608) [0x0000029cc256d740, 0x0000029cc256da20] 
[2024-10-26T03:26:26.002+0530][1.393s][debug][gc,nmethod     ] GC(0) O: Unregister NMethod: java.util.LinkedHashMap.newNode (0x0000029cc20e9708) [0x0000029cc20e9840, 0x0000029cc20e9a40] 
[2024-10-26T03:26:26.002+0530][1.393s][debug][gc,nmethod     ] GC(0) O: Unregister NMethod: java.lang.invoke.DirectMethodHandle$Holder.newInvokeSpecial (0x0000029cc20f9388) [0x0000029cc20f9500, 0x0000029cc20f9ca8] 
[2024-10-26T03:26:26.002+0530][1.393s][debug][gc,nmethod     ] GC(0) O: Unregister NMethod: java.lang.String.regionMatches (0x0000029cc2328608) [0x0000029cc23287e0, 0x0000029cc2328fd8] 
[2024-10-26T03:26:26.002+0530][1.393s][debug][gc,nmethod     ] GC(0) O: Unregister NMethod: java.util.HashMap.put (0x0000029cc9ba5088) [0x0000029cc9ba52a0, 0x0000029cc9ba6020] 
[2024-10-26T03:26:26.002+0530][1.393s][debug][gc,nmethod     ] GC(0) O: Unregister NMethod: java.lang.String.indexOf (0x0000029cc22ea608) [0x0000029cc22ea7c0, 0x0000029cc22ead80] 
[2024-10-26T03:26:26.002+0530][1.393s][debug][gc,nmethod     ] GC(0) O: Unregister NMethod: java.io.DataOutputStream.incCount (0x0000029cc2249608) [0x0000029cc2249720, 0x0000029cc2249860] 
[2024-10-26T03:26:26.002+0530][1.393s][debug][gc,nmethod     ] GC(0) O: Unregister NMethod: java.lang.String.charAt (0x0000029cc9b73908) [0x0000029cc9b73a20, 0x0000029cc9b73b70] 
[2024-10-26T03:26:26.002+0530][1.393s][debug][gc,nmethod     ] GC(0) O: Unregister NMethod: java.util.ArrayDeque.isEmpty (0x0000029cc21a0488) [0x0000029cc21a05a0, 0x0000029cc21a0700] 
[2024-10-26T03:26:26.002+0530][1.393s][debug][gc,nmethod     ] GC(0) O: Unregister NMethod: java.lang.StringLatin1.indexOf (0x0000029cc21c0788) [0x0000029cc21c08c0, 0x0000029cc21c0ab0] 
[2024-10-26T03:26:26.002+0530][1.393s][debug][gc,nmethod     ] GC(0) O: Unregister NMethod: org.springframework.boot.context.properties.source.ConfigurationPropertyName$Elements.charAt (0x0000029cc23f8888) [0x0000029cc23f89e0, 0x0000029cc23f8e38] 
[2024-10-26T03:26:26.002+0530][1.393s][debug][gc,nmethod     ] GC(0) O: Unregister NMethod: jdk.internal.misc.Unsafe.putReferenceRelease (0x0000029cc2036e08) [0x0000029cc2036f20, 0x0000029cc20370a8] 
[2024-10-26T03:26:26.002+0530][1.393s][debug][gc,nmethod     ] GC(0) O: Unregister NMethod: java.nio.ByteBuffer.order (0x0000029cc2283f88) [0x0000029cc22840a0, 0x0000029cc22842c8] 
[2024-10-26T03:26:26.002+0530][1.393s][debug][gc,nmethod     ] GC(0) O: Unregister NMethod: jdk.internal.org.objectweb.asm.SymbolTable.get (0x0000029cc1ffff08) [0x0000029cc2000020, 0x0000029cc20001d8] 
[2024-10-26T03:26:26.002+0530][1.393s][debug][gc,nmethod     ] GC(0) O: Unregister NMethod: java.lang.StringLatin1.lastIndexOf (0x0000029cc2051408) [0x0000029cc2051560, 0x0000029cc2051940] 
[2024-10-26T03:26:26.003+0530][1.393s][debug][gc,nmethod     ] GC(0) O: Unregister NMethod: java.io.DataInputStream.readUTF (0x0000029cc202d708) [0x0000029cc202db60, 0x0000029cc2030148] 
[2024-10-26T03:26:26.003+0530][1.393s][debug][gc,nmethod     ] GC(0) O: Unregister NMethod: java.lang.String.substring (0x0000029cc226ef08) [0x0000029cc226f0a0, 0x0000029cc226f690] 
[2024-10-26T03:26:26.003+0530][1.393s][debug][gc,nmethod     ] GC(0) O: Unregister NMethod: org.springframework.boot.loader.net.protocol.jar.JarUrlClassLoader.getJarFile (0x0000029cc22fcc88) [0x0000029cc22fce60, 0x0000029cc22fdbc8] 
[2024-10-26T03:26:26.003+0530][1.393s][debug][gc,nmethod     ] GC(0) O: Unregister NMethod: java.lang.Number.<init> (0x0000029cc2025908) [0x0000029cc2025a20, 0x0000029cc2025b88] 
[2024-10-26T03:26:26.003+0530][1.393s][debug][gc,nmethod     ] GC(0) O: Unregister NMethod: jdk.internal.classfile.impl.RawBytecodeHelper.isLastBytecode (0x0000029cc205a188) [0x0000029cc205a2a0, 0x0000029cc205a400] 
[2024-10-26T03:26:26.003+0530][1.393s][debug][gc,nmethod     ] GC(0) O: Unregister NMethod: jdk.internal.classfile.impl.SplitConstantPool.maybeCloneUtf8Entry (0x0000029cc2070d88) [0x0000029cc2070f40, 0x0000029cc20716d0] 
[2024-10-26T03:26:26.003+0530][1.393s][debug][gc,nmethod     ] GC(0) O: Unregister NMethod: java.util.Arrays.equals (0x0000029cc9cc0c08) [0x0000029cc9cc0d20, 0x0000029cc9cc0f68] 
[2024-10-26T03:26:26.003+0530][1.393s][debug][gc,nmethod     ] GC(0) O: Unregister NMethod: org.springframework.boot.loader.net.protocol.jar.JarUrlConnection.open (0x0000029cc22ee508) [0x0000029cc22ee8e0, 0x0000029cc22f06b0] 
[2024-10-26T03:26:26.003+0530][1.393s][debug][gc,nmethod     ] GC(0) O: Unregister NMethod: org.springframework.boot.loader.zip.ZipCentralDirectoryFileHeaderRecord.<init> (0x0000029cc2285588) [0x0000029cc22856a0, 0x0000029cc22858e8] 
[2024-10-26T03:26:26.003+0530][1.393s][debug][gc,nmethod     ] GC(0) O: Unregister NMethod: java.lang.Character.charCount (0x0000029cc2178408) [0x0000029cc2178520, 0x0000029cc2178680] 
[2024-10-26T03:26:26.003+0530][1.393s][debug][gc,nmethod     ] GC(0) O: Unregister NMethod: org.springframework.boot.loader.zip.ZipContent.getFirstLookupIndex (0x0000029cc22d5e08) [0x0000029cc22d5f60, 0x0000029cc22d6328] 
[2024-10-26T03:26:26.003+0530][1.393s][debug][gc,nmethod     ] GC(0) O: Unregister NMethod: org.springframework.util.ConcurrentReferenceHashMap$Segment.findInChain (0x0000029cc23f0c08) [0x0000029cc23f0d80, 0x0000029cc23f1338] 
[2024-10-26T03:26:26.003+0530][1.393s][debug][gc,nmethod     ] GC(0) O: Unregister NMethod: java.util.ImmutableCollections$ListItr.next (0x0000029cc20a8188) [0x0000029cc20a82c0, 0x0000029cc20a8580] 
[2024-10-26T03:26:26.003+0530][1.393s][debug][gc,nmethod     ] GC(0) O: Unregister NMethod: jdk.internal.classfile.impl.BufWriterImpl.reserveSpace (0x0000029cc204c808) [0x0000029cc204c940, 0x0000029cc204cc00] 
[2024-10-26T03:26:26.003+0530][1.393s][debug][gc,nmethod     ] GC(0) O: Unregister NMethod: jdk.internal.classfile.impl.SplitConstantPool.internalAdd (0x0000029cc9bbf608) [0x0000029cc9bbf780, 0x0000029cc9bbfda8] 
[2024-10-26T03:26:26.003+0530][1.393s][debug][gc,nmethod     ] GC(0) O: Unregister NMethod: org.springframework.boot.loader.net.protocol.jar.JarFileUrlKey.get (0x0000029cc22d3688) [0x0000029cc22d3860, 0x0000029cc22d43f8] 
[2024-10-26T03:26:26.003+0530][1.393s][debug][gc,nmethod     ] GC(0) O: Unregister NMethod: java.lang.AbstractStringBuilder.charAt (0x0000029cc2425408) [0x0000029cc2425560, 0x0000029cc24258d8] 
[2024-10-26T03:26:26.003+0530][1.393s][debug][gc,nmethod     ] GC(0) O: Unregister NMethod: org.springframework.boot.loader.zip.ZipContent.hasEntry (0x0000029cc9c42408) [0x0000029cc9c42660, 0x0000029cc9c43708] 
[2024-10-26T03:26:26.003+0530][1.393s][debug][gc,nmethod     ] GC(0) O: Unregister NMethod: org.springframework.boot.loader.net.protocol.jar.Handler.extractPath (0x0000029cc22ede08) [0x0000029cc22edf80, 0x0000029cc22ee468] 
[2024-10-26T03:26:26.003+0530][1.393s][debug][gc,nmethod     ] GC(0) O: Unregister NMethod: java.util.concurrent.locks.ReentrantLock$NonfairSync.initialTryLock (0x0000029cc2026f08) [0x0000029cc2027080, 0x0000029cc20274d0] 
[2024-10-26T03:26:26.003+0530][1.393s][debug][gc,nmethod     ] GC(0) O: Unregister NMethod: org.springframework.boot.loader.net.protocol.jar.Handler.extractRelativePath (0x0000029cc22f1c88) [0x0000029cc22f1f60, 0x0000029cc22f3108] 
[2024-10-26T03:26:26.003+0530][1.393s][debug][gc,nmethod     ] GC(0) O: Unregister NMethod: java.lang.StringLatin1.newString (0x0000029cc9be0508) [0x0000029cc9be0640, 0x0000029cc9be0c18] 
[2024-10-26T03:26:26.003+0530][1.393s][debug][gc,nmethod     ] GC(0) O: Unregister NMethod: java.lang.String.indexOf (0x0000029cc21c0b08) [0x0000029cc21c0ca0, 0x0000029cc21c1278] 
[2024-10-26T03:26:26.003+0530][1.393s][debug][gc,nmethod     ] GC(0) O: Unregister NMethod: java.io.DataInputStream.readUnsignedShort (0x0000029cc2030288) [0x0000029cc2030420, 0x0000029cc2030a70] 
[2024-10-26T03:26:26.003+0530][1.393s][debug][gc,nmethod     ] GC(0) O: Unregister NMethod: java.nio.ByteBuffer.order (0x0000029cc9c04c08) [0x0000029cc9c04d00, 0x0000029cc9c04db0] 
[2024-10-26T03:26:26.003+0530][1.393s][debug][gc,nmethod     ] GC(0) O: Unregister NMethod: java.lang.ClassLoader.checkName (0x0000029cc2273e88) [0x0000029cc2274040, 0x0000029cc2274850] 
[2024-10-26T03:26:26.003+0530][1.393s][debug][gc,nmethod     ] GC(0) O: Unregister NMethod: java.util.Properties$LineReader.readLine (0x0000029cc2373588) [0x0000029cc2373940, 0x0000029cc2376648] 
[2024-10-26T03:26:26.003+0530][1.393s][debug][gc,nmethod     ] GC(0) O: Unregister NMethod: jdk.internal.util.xml.impl.Parser.getch (0x0000029cc200c688) [0x0000029cc200c840, 0x0000029cc200cfb0] 
[2024-10-26T03:26:26.003+0530][1.393s][debug][gc,nmethod     ] GC(0) O: Unregister NMethod: java.util.LinkedHashMap$LinkedHashIterator.<init> (0x0000029cc217ac88) [0x0000029cc217adc0, 0x0000029cc217b158] 
[2024-10-26T03:26:26.003+0530][1.393s][debug][gc,nmethod     ] GC(0) O: Unregister NMethod: java.lang.StringConcatHelper.mix (0x0000029cc226fa88) [0x0000029cc226fbe0, 0x0000029cc226fff0] 
[2024-10-26T03:26:26.003+0530][1.393s][debug][gc,nmethod     ] GC(0) O: Unregister NMethod: sun.util.locale.LocaleUtils.toLowerString (0x0000029cc24f4f88) [0x0000029cc24f5200, 0x0000029cc24f6368] 
[2024-10-26T03:26:26.003+0530][1.393s][debug][gc,nmethod     ] GC(0) O: Unregister NMethod: java.util.LinkedHashMap.newNode (0x0000029cc24d5508) [0x0000029cc24d5640, 0x0000029cc24d5840] 
[2024-10-26T03:26:26.003+0530][1.393s][debug][gc,nmethod     ] GC(0) O: Unregister NMethod: jdk.internal.org.objectweb.asm.ByteVector.putByte (0x0000029cc2023788) [0x0000029cc20238c0, 0x0000029cc2023b00] 
[2024-10-26T03:26:26.003+0530][1.393s][debug][gc,nmethod     ] GC(0) O: Unregister NMethod: org.springframework.boot.loader.net.protocol.jar.JarUrlConnection.connect (0x0000029cc22e8d08) [0x0000029cc22e9000, 0x0000029cc22ea4d0] 
[2024-10-26T03:26:26.003+0530][1.393s][debug][gc,nmethod     ] GC(0) O: Unregister NMethod: java.io.BufferedInputStream.read1 (0x0000029cc202b708) [0x0000029cc202b8c0, 0x0000029cc202c018] 
[2024-10-26T03:26:26.003+0530][1.393s][debug][gc,nmethod     ] GC(0) O: Unregister NMethod: jdk.internal.module.SystemModuleFinders$SystemModuleReader.containsImageLocation (0x0000029cc233de08) [0x0000029cc233dfa0, 0x0000029cc233e6a0] 
[2024-10-26T03:26:26.003+0530][1.393s][debug][gc,nmethod     ] GC(0) O: Unregister NMethod: java.lang.StringBuilder.append (0x0000029cc1ff7888) [0x0000029cc1ff79a0, 0x0000029cc1ff7af0] 
[2024-10-26T03:26:26.003+0530][1.393s][debug][gc,nmethod     ] GC(0) O: Unregister NMethod: jdk.jfr.internal.TypeLibrary.createAnnotationType (0x0000029cc21e1208) [0x0000029cc21e1660, 0x0000029cc21e3b80] 
[2024-10-26T03:26:26.003+0530][1.394s][debug][gc,nmethod     ] GC(0) O: Unregister NMethod: java.nio.Buffer.<init> (0x0000029cc20e4f88) [0x0000029cc20e51c0, 0x0000029cc20e5d48] 
[2024-10-26T03:26:26.003+0530][1.394s][debug][gc,nmethod     ] GC(0) O: Unregister NMethod: java.util.regex.Pattern$BmpCharPropertyGreedy.match (0x0000029cc9cd6388) [0x0000029cc9cd64e0, 0x0000029cc9cd6a50] 
[2024-10-26T03:26:26.003+0530][1.394s][debug][gc,nmethod     ] GC(0) O: Unregister NMethod: java.lang.ThreadLocal.get (0x0000029cc2318908) [0x0000029cc2318a60, 0x0000029cc2318d78] 
[2024-10-26T03:26:26.003+0530][1.394s][debug][gc,nmethod     ] GC(0) O: Unregister NMethod: java.nio.ByteBuffer.limit (0x0000029cc20eba88) [0x0000029cc20ebba0, 0x0000029cc20ebd68] 
[2024-10-26T03:26:26.003+0530][1.394s][debug][gc,nmethod     ] GC(0) O: Unregister NMethod: java.util.LinkedHashMap.linkNodeAtEnd (0x0000029cc201c088) [0x0000029cc201c200, 0x0000029cc201c848] 
[2024-10-26T03:26:26.003+0530][1.394s][debug][gc,nmethod     ] GC(0) O: Unregister NMethod: java.lang.ref.Cleaner.register (0x0000029cc229b888) [0x0000029cc229ba00, 0x0000029cc229bf50] 
[2024-10-26T03:26:26.003+0530][1.394s][debug][gc,nmethod     ] GC(0) O: Unregister NMethod: java.lang.AbstractStringBuilder.<init> (0x0000029cc200ba08) [0x0000029cc200bb40, 0x0000029cc200bde0] 
[2024-10-26T03:26:26.003+0530][1.394s][debug][gc,nmethod     ] GC(0) O: Unregister NMethod: org.springframework.boot.loader.zip.ZipString.compare (0x0000029cc2288688) [0x0000029cc22889e0, 0x0000029cc228a4e8] 
[2024-10-26T03:26:26.003+0530][1.394s][debug][gc,nmethod     ] GC(0) O: Unregister NMethod: jdk.internal.misc.Unsafe.copyMemory (0x0000029cc227c308) [0x0000029cc227c560, 0x0000029cc227d2c0] 
[2024-10-26T03:26:26.003+0530][1.394s][debug][gc,nmethod     ] GC(0) O: Unregister NMethod: java.util.concurrent.locks.AbstractQueuedSynchronizer.signalNext (0x0000029cc2028308) [0x0000029cc2028480, 0x0000029cc2028940] 
[2024-10-26T03:26:26.003+0530][1.394s][debug][gc,nmethod     ] GC(0) O: Unregister NMethod: java.lang.StringLatin1.indexOf (0x0000029cc21bd988) [0x0000029cc21bdae0, 0x0000029cc21bdf78] 
[2024-10-26T03:26:26.003+0530][1.394s][debug][gc,nmethod     ] GC(0) O: Unregister NMethod: java.nio.DirectIntBufferU.ix (0x0000029cc231a308) [0x0000029cc231a420, 0x0000029cc231a540] 
[2024-10-26T03:26:26.003+0530][1.394s][debug][gc,nmethod     ] GC(0) O: Unregister NMethod: java.lang.StringBuilder.toString (0x0000029cc2008b88) [0x0000029cc2008cc0, 0x0000029cc2008f48] 
[2024-10-26T03:26:26.003+0530][1.394s][debug][gc,nmethod     ] GC(0) O: Unregister NMethod: java.lang.ref.NativeReferenceQueue.poll (0x0000029cc1fddb08) [0x0000029cc1fddc60, 0x0000029cc1fde098] 
[2024-10-26T03:26:26.003+0530][1.394s][debug][gc,nmethod     ] GC(0) O: Unregister NMethod: java.util.concurrent.ConcurrentHashMap$ValueIterator.next (0x0000029cc2331f08) [0x0000029cc2332060, 0x0000029cc2332340] 
[2024-10-26T03:26:26.003+0530][1.394s][debug][gc,nmethod     ] GC(0) O: Unregister NMethod: sun.net.www.ParseUtil.encodePath (0x0000029cc22e7e88) [0x0000029cc22e7fe0, 0x0000029cc22e8240] 
[2024-10-26T03:26:26.003+0530][1.394s][debug][gc,nmethod     ] GC(0) O: Unregister NMethod: jdk.jfr.internal.event.EventWriter.putUncheckedLong (0x0000029cc2255708) [0x0000029cc2255940, 0x0000029cc2256200] 
[2024-10-26T03:26:26.003+0530][1.394s][debug][gc,nmethod     ] GC(0) O: Unregister NMethod: java.util.Properties.load0 (0x0000029cc25a0388) [0x0000029cc25a0560, 0x0000029cc25a1118] 
[2024-10-26T03:26:26.003+0530][1.394s][debug][gc,nmethod     ] GC(0) O: Unregister NMethod: java.lang.StringBuilder.append (0x0000029cc9cb6688) [0x0000029cc9cb67e0, 0x0000029cc9cb6e50] 
[2024-10-26T03:26:26.003+0530][1.394s][debug][gc,nmethod     ] GC(0) O: Unregister NMethod: java.lang.AbstractStringBuilder.<init> (0x0000029cc21b7608) [0x0000029cc21b77a0, 0x0000029cc21b7e80] 
[2024-10-26T03:26:26.003+0530][1.394s][debug][gc,nmethod     ] GC(0) O: Unregister NMethod: java.io.BufferedReader.implRead (0x0000029cc9c1d708) [0x0000029cc9c1d820, 0x0000029cc9c1d9d8] 
[2024-10-26T03:26:26.003+0530][1.394s][debug][gc,nmethod     ] GC(0) O: Unregister NMethod: jdk.internal.classfile.impl.BufWriterImpl.writeU2 (0x0000029cc2059788) [0x0000029cc20598a0, 0x0000029cc20599e8] 
[2024-10-26T03:26:26.003+0530][1.394s][debug][gc,nmethod     ] GC(0) O: Unregister NMethod: java.util.ArrayList.add (0x0000029cc9ba7088) [0x0000029cc9ba71e0, 0x0000029cc9ba79a8] 
[2024-10-26T03:26:26.003+0530][1.394s][debug][gc,nmethod     ] GC(0) O: Unregister NMethod: java.lang.String.length (0x0000029cc1fd7888) [0x0000029cc1fd79a0, 0x0000029cc1fd7b70] 
[2024-10-26T03:26:26.003+0530][1.394s][debug][gc,nmethod     ] GC(0) O: Unregister NMethod: java.io.ByteArrayOutputStream.ensureCapacity (0x0000029cc9bd7888) [0x0000029cc9bd7980, 0x0000029cc9bd7a90] 
[2024-10-26T03:26:26.003+0530][1.394s][debug][gc,nmethod     ] GC(0) O: Unregister NMethod: java.util.Arrays.rangeCheck (0x0000029cc20afe08) [0x0000029cc20b0020, 0x0000029cc20b09a0] 
[2024-10-26T03:26:26.003+0530][1.394s][debug][gc,nmethod     ] GC(0) O: Unregister NMethod: java.net.URLStreamHandler.setURL (0x0000029cc22c7e08) [0x0000029cc22c80a0, 0x0000029cc22c9138] 
[2024-10-26T03:26:26.004+0530][1.394s][debug][gc,nmethod     ] GC(0) O: Unregister NMethod: java.util.BitSet.set (0x0000029cc206d008) [0x0000029cc206d1e0, 0x0000029cc206da20] 
[2024-10-26T03:26:26.004+0530][1.394s][debug][gc,nmethod     ] GC(0) O: Unregister NMethod: java.lang.invoke.MethodType.parameterCount (0x0000029cc1ff8308) [0x0000029cc1ff8420, 0x0000029cc1ff8560] 
[2024-10-26T03:26:26.004+0530][1.394s][debug][gc,nmethod     ] Register NMethod: jdk.internal.loader.URLClassPath$JarLoader.findResource (0x0000029cc26d5a88) [0x0000029cc26d5bc0, 0x0000029cc26d5e40] Compiler: c1, Barriers: 0, Oops: 0, ImmediateOops: 0, NonImmediateOops: No
[2024-10-26T03:26:26.004+0530][1.394s][debug][gc,nmethod     ] GC(0) O: Unregister NMethod: java.util.Arrays.copyOf (0x0000029cc9bcad08) [0x0000029cc9bcae40, 0x0000029cc9bcb328] 
[2024-10-26T03:26:26.004+0530][1.394s][debug][gc,nmethod     ] GC(0) O: Unregister NMethod: jdk.internal.classfile.impl.EntryMap.firstToken (0x0000029cc2060308) [0x0000029cc2060460, 0x0000029cc2060840] 
[2024-10-26T03:26:26.004+0530][1.394s][debug][gc,nmethod     ] GC(0) O: Unregister NMethod: java.lang.Long.hashCode (0x0000029cc2186688) [0x0000029cc21867a0, 0x0000029cc2186898] 
[2024-10-26T03:26:26.004+0530][1.394s][debug][gc,nmethod     ] GC(0) O: Unregister NMethod: java.util.concurrent.ConcurrentHashMap.putVal (0x0000029cc9cfac88) [0x0000029cc9cfaec0, 0x0000029cc9cfc088] 
[2024-10-26T03:26:26.004+0530][1.394s][debug][gc,nmethod     ] GC(0) O: Unregister NMethod: org.springframework.boot.loader.net.protocol.jar.UrlJarFiles$Cache.get (0x0000029cc22f3208) [0x0000029cc22f3340, 0x0000029cc22f37e0] 
[2024-10-26T03:26:26.004+0530][1.394s][debug][gc,nmethod     ] GC(0) O: Unregister NMethod: java.lang.String.isEmpty (0x0000029cc1fd8a88) [0x0000029cc1fd8ba0, 0x0000029cc1fd8d30] 
[2024-10-26T03:26:26.004+0530][1.394s][debug][gc,nmethod     ] GC(0) O: Unregister NMethod: jdk.jfr.internal.event.EventWriter.putUncheckedByte (0x0000029cc2254988) [0x0000029cc2254aa0, 0x0000029cc2254c30] 
[2024-10-26T03:26:26.004+0530][1.394s][debug][gc,nmethod     ] GC(0) O: Unregister NMethod: jdk.internal.misc.Unsafe.getShortUnaligned (0x0000029cc9b92f08) [0x0000029cc9b93000, 0x0000029cc9b930c0] 
[2024-10-26T03:26:26.004+0530][1.394s][debug][gc,nmethod     ] GC(0) O: Unregister NMethod: org.springframework.boot.loader.net.protocol.jar.Canonicalizer.canonicalizeAfter (0x0000029cc22f4f88) [0x0000029cc22f5240, 0x0000029cc22f6370] 
[2024-10-26T03:26:26.004+0530][1.394s][debug][gc,nmethod     ] GC(0) O: Unregister NMethod: org.springframework.boot.loader.zip.ZipContent.getFirstLookupIndex (0x0000029cc9c34008) [0x0000029cc9c34120, 0x0000029cc9c34318] 
[2024-10-26T03:26:26.004+0530][1.394s][debug][gc,nmethod     ] GC(0) O: Unregister NMethod: java.util.concurrent.ConcurrentHashMap.get (0x0000029cc1fde908) [0x0000029cc1fdeb00, 0x0000029cc1fdf648] 
[2024-10-26T03:26:26.004+0530][1.394s][debug][gc,nmethod     ] GC(0) O: Unregister NMethod: org.springframework.boot.context.properties.source.ConfigurationPropertyName.getElement (0x0000029cc2426d88) [0x0000029cc2427060, 0x0000029cc2428258] 
[2024-10-26T03:26:26.004+0530][1.394s][debug][gc,nmethod     ] GC(0) O: Unregister NMethod: jdk.internal.misc.Unsafe.getShortUnaligned (0x0000029cc2276788) [0x0000029cc22768a0, 0x0000029cc2276ad0] 
[2024-10-26T03:26:26.004+0530][1.394s][debug][gc,nmethod     ] GC(0) O: Unregister NMethod: java.nio.Buffer.session (0x0000029cc203a388) [0x0000029cc203a4c0, 0x0000029cc203a7a8] 
[2024-10-26T03:26:26.004+0530][1.394s][debug][gc,nmethod     ] GC(0) O: Unregister NMethod: java.lang.String.checkIndex (0x0000029cc1fd7288) [0x0000029cc1fd73a0, 0x0000029cc1fd74d8] 
[2024-10-26T03:26:26.004+0530][1.394s][debug][gc,nmethod     ] GC(0) O: Unregister NMethod: java.util.HashMap$KeyIterator.next (0x0000029cc1febe08) [0x0000029cc1febf40, 0x0000029cc1fec0b0] 
[2024-10-26T03:26:26.004+0530][1.394s][debug][gc,nmethod     ] GC(0) O: Unregister NMethod: java.util.WeakHashMap.expungeStaleEntries (0x0000029cc229cf08) [0x0000029cc229d0a0, 0x0000029cc229dad8] 
[2024-10-26T03:26:26.004+0530][1.394s][debug][gc,nmethod     ] GC(0) O: Unregister NMethod: org.springframework.boot.loader.jar.NestedJarFile.ensureOpen (0x0000029cc22cec88) [0x0000029cc22cede0, 0x0000029cc22cf178] 
[2024-10-26T03:26:26.004+0530][1.394s][debug][gc,nmethod     ] GC(0) O: Unregister NMethod: java.util.HashMap.newNode (0x0000029cc1fe3d08) [0x0000029cc1fe3e40, 0x0000029cc1fe41d8] 
[2024-10-26T03:26:26.004+0530][1.394s][debug][gc,nmethod     ] GC(0) O: Unregister NMethod: java.util.HashSet.contains (0x0000029cc207c688) [0x0000029cc207c7c0, 0x0000029cc207ca68] 
[2024-10-26T03:26:26.004+0530][1.394s][debug][gc,nmethod     ] GC(0) O: Unregister NMethod: java.lang.StringLatin1.inflate (0x0000029cc22bcd88) [0x0000029cc22bcec0, 0x0000029cc22bd0c0] 
[2024-10-26T03:26:26.004+0530][1.394s][debug][gc,nmethod     ] GC(0) O: Unregister NMethod: jdk.internal.classfile.impl.Util.slotSize (0x0000029cc2072208) [0x0000029cc20723a0, 0x0000029cc2072b10] 
[2024-10-26T03:26:26.004+0530][1.394s][debug][gc,nmethod     ] GC(0) O: Unregister NMethod: java.util.ArrayList$Itr.hasNext (0x0000029cc2058e88) [0x0000029cc2058fa0, 0x0000029cc2059138] 
[2024-10-26T03:26:26.004+0530][1.394s][debug][gc,nmethod     ] GC(0) O: Unregister NMethod: org.springframework.boot.context.properties.source.ConfigurationPropertyName$ElementsParser.parse (0x0000029cc9cc2508) [0x0000029cc9cc29e0, 0x0000029cc9cc65b8] 
[2024-10-26T03:26:26.004+0530][1.394s][debug][gc,nmethod     ] GC(0) O: Unregister NMethod: java.lang.CharacterData.of (0x0000029cc2523608) [0x0000029cc25237c0, 0x0000029cc2524140] 
[2024-10-26T03:26:26.004+0530][1.394s][debug][gc,nmethod     ] GC(0) O: Unregister NMethod: jdk.internal.jimage.ImageLocation.readValue (0x0000029cc226d888) [0x0000029cc226d9e0, 0x0000029cc226dd98] 
[2024-10-26T03:26:26.004+0530][1.394s][debug][gc,nmethod     ] GC(0) O: Unregister NMethod: java.util.Set.of (0x0000029cc1fd4908) [0x0000029cc1fd4a20, 0x0000029cc1fd4b18] 
[2024-10-26T03:26:26.004+0530][1.394s][debug][gc,nmethod     ] GC(0) O: Unregister NMethod: java.lang.StringConcatHelper.stringOf (0x0000029cc2270488) [0x0000029cc22705c0, 0x0000029cc22707e0] 
[2024-10-26T03:26:26.004+0530][1.394s][debug][gc,nmethod     ] GC(0) O: Unregister NMethod: org.springframework.core.ResolvableType.getGenerics (0x0000029cc247a588) [0x0000029cc247a840, 0x0000029cc247c190] 
[2024-10-26T03:26:26.004+0530][1.394s][debug][gc,nmethod     ] GC(0) O: Unregister NMethod: java.util.HashMap.putVal (0x0000029cc1fe8208) [0x0000029cc1fe8460, 0x0000029cc1fe96c8] 
[2024-10-26T03:26:26.004+0530][1.394s][debug][gc,nmethod     ] GC(0) O: Unregister NMethod: jdk.internal.classfile.impl.AbstractPoolEntry$Utf8EntryImpl.toString (0x0000029cc2076f88) [0x0000029cc2077100, 0x0000029cc2077660] 
[2024-10-26T03:26:26.004+0530][1.394s][debug][gc,nmethod     ] GC(0) O: Unregister NMethod: java.util.concurrent.ConcurrentHashMap.setTabAt (0x0000029cc2037108) [0x0000029cc2037220, 0x0000029cc2037438] 
[2024-10-26T03:26:26.004+0530][1.394s][debug][gc,nmethod     ] GC(0) O: Unregister NMethod: jdk.internal.classfile.impl.StackCounter.<init> (0x0000029cc21c1308) [0x0000029cc21c21a0, 0x0000029cc21cd520] 
[2024-10-26T03:26:26.004+0530][1.395s][debug][gc,nmethod     ] Register NMethod: java.util.ArrayDeque.addFirst (0x0000029cc9d54108) [0x0000029cc9d54220, 0x0000029cc9d54460] Compiler: c2, Barriers: 4, Oops: 0, ImmediateOops: 0, NonImmediateOops: No
[2024-10-26T03:26:26.004+0530][1.395s][debug][gc,nmethod     ] GC(0) O: Unregister NMethod: java.util.LinkedHashMap$LinkedHashIterator.nextNode (0x0000029cc2022e88) [0x0000029cc2023000, 0x0000029cc2023478] 
[2024-10-26T03:26:26.004+0530][1.395s][debug][gc,nmethod     ] GC(0) O: Unregister NMethod: java.io.ByteArrayOutputStream.write (0x0000029cc9bd7b88) [0x0000029cc9bd7ca0, 0x0000029cc9bd7f78] 
[2024-10-26T03:26:26.004+0530][1.395s][debug][gc,nmethod     ] GC(0) O: Unregister NMethod: java.lang.StringUTF16.getChar (0x0000029cc225e308) [0x0000029cc225e420, 0x0000029cc225e590] 
[2024-10-26T03:26:26.004+0530][1.395s][debug][gc,nmethod     ] GC(0) O: Unregister NMethod: java.util.WeakHashMap.hash (0x0000029cc229c588) [0x0000029cc229c6a0, 0x0000029cc229c898] 
[2024-10-26T03:26:26.004+0530][1.395s][debug][gc,nmethod     ] GC(0) O: Unregister NMethod: java.util.LinkedHashMap$LinkedEntryIterator.next (0x0000029cc2022b88) [0x0000029cc2022cc0, 0x0000029cc2022e58] 
[2024-10-26T03:26:26.004+0530][1.395s][debug][gc,nmethod     ] GC(0) O: Unregister NMethod: jdk.jfr.internal.Type.getKnownType (0x0000029cc2195608) [0x0000029cc21957a0, 0x0000029cc2195e88] 
[2024-10-26T03:26:26.004+0530][1.395s][debug][gc,nmethod     ] GC(0) O: Unregister NMethod: org.springframework.boot.loader.zip.ZipContent.hasEntry (0x0000029cc22e4908) [0x0000029cc22e4ac0, 0x0000029cc22e5118] 
[2024-10-26T03:26:26.004+0530][1.395s][debug][gc,nmethod     ] GC(0) O: Unregister NMethod: org.springframework.boot.loader.zip.ZipString.readInBuffer (0x0000029cc2287b08) [0x0000029cc2287c80, 0x0000029cc2288258] 
[2024-10-26T03:26:26.004+0530][1.395s][debug][gc,nmethod     ] GC(0) O: Unregister NMethod: org.springframework.boot.loader.net.protocol.jar.Handler.indexOfSeparator (0x0000029cc22d1908) [0x0000029cc22d1b00, 0x0000029cc22d26e8] 
[2024-10-26T03:26:26.004+0530][1.395s][debug][gc,nmethod     ] GC(0) O: Unregister NMethod: java.util.HashMap.put (0x0000029cc24a2e08) [0x0000029cc24a2f40, 0x0000029cc24a3240] 
[2024-10-26T03:26:26.004+0530][1.395s][debug][gc,nmethod     ] GC(0) O: Unregister NMethod: java.lang.AbstractStringBuilder.newCapacity (0x0000029cc2018108) [0x0000029cc2018260, 0x0000029cc2018650] 
[2024-10-26T03:26:26.004+0530][1.395s][debug][gc,nmethod     ] GC(0) O: Unregister NMethod: java.nio.DirectIntBufferU.get (0x0000029cc231b088) [0x0000029cc231b260, 0x0000029cc231bbe8] 
[2024-10-26T03:26:26.004+0530][1.395s][debug][gc,nmethod     ] GC(0) O: Unregister NMethod: java.lang.AbstractStringBuilder.append (0x0000029cc2000508) [0x0000029cc20006a0, 0x0000029cc2000d88] 
[2024-10-26T03:26:26.004+0530][1.395s][debug][gc,nmethod     ] GC(0) O: Unregister NMethod: jdk.internal.loader.URLClassPath$Loader.getResource (0x0000029cc22f6488) [0x0000029cc22f66a0, 0x0000029cc22f7398] 
[2024-10-26T03:26:26.004+0530][1.395s][debug][gc,nmethod     ] GC(0) O: Unregister NMethod: java.lang.String.charAt (0x0000029cc1fd6788) [0x0000029cc1fd6900, 0x0000029cc1fd6e90] 
[2024-10-26T03:26:26.004+0530][1.395s][debug][gc,nmethod     ] GC(0) O: Unregister NMethod: org.springframework.boot.loader.jar.NestedJarFile.hasEntry (0x0000029cc9c63108) [0x0000029cc9c63580, 0x0000029cc9c66fc0] 
[2024-10-26T03:26:26.004+0530][1.395s][debug][gc,nmethod     ] GC(0) O: Unregister NMethod: java.lang.ref.SoftReference.get (0x0000029cc2402208) [0x0000029cc2402320, 0x0000029cc24024e8] 
[2024-10-26T03:26:26.004+0530][1.395s][debug][gc,nmethod     ] GC(0) O: Unregister NMethod: java.util.concurrent.locks.ReentrantLock$Sync.tryRelease (0x0000029cc2325108) [0x0000029cc2325260, 0x0000029cc2325620] 
[2024-10-26T03:26:26.004+0530][1.395s][debug][gc,nmethod     ] GC(0) O: Unregister NMethod: java.util.Collections$UnmodifiableCollection$1.next (0x0000029cc9bd5408) [0x0000029cc9bd5540, 0x0000029cc9bd57e8] 
[2024-10-26T03:26:26.004+0530][1.395s][debug][gc,nmethod     ] GC(0) O: Unregister NMethod: java.util.HashMap.put (0x0000029cc9c88088) [0x0000029cc9c88260, 0x0000029cc9c88d20] 
[2024-10-26T03:26:26.004+0530][1.395s][debug][gc,nmethod     ] GC(0) O: Unregister NMethod: java.lang.ref.Cleaner$1.apply (0x0000029cc225d008) [0x0000029cc225d140, 0x0000029cc225d3c8] 
[2024-10-26T03:26:26.004+0530][1.395s][debug][gc,nmethod     ] GC(0) O: Unregister NMethod: jdk.jfr.internal.Type.getFields (0x0000029cc2187408) [0x0000029cc2187560, 0x0000029cc21879e0] 
[2024-10-26T03:26:26.004+0530][1.395s][debug][gc,nmethod     ] GC(0) O: Unregister NMethod: java.util.HashMap.put (0x0000029cc1fe7288) [0x0000029cc1fe73c0, 0x0000029cc1fe76c0] 
[2024-10-26T03:26:26.004+0530][1.395s][debug][gc,nmethod     ] GC(0) O: Unregister NMethod: java.lang.StringUTF16.compress (0x0000029cc2006988) [0x0000029cc2006ac0, 0x0000029cc2006d08] 
[2024-10-26T03:26:26.004+0530][1.395s][debug][gc,nmethod     ] GC(0) O: Unregister NMethod: jdk.jfr.internal.MetadataWriter.writeInt (0x0000029cc224a888) [0x0000029cc224aa60, 0x0000029cc224b3d0] 
[2024-10-26T03:26:26.004+0530][1.395s][debug][gc,nmethod     ] GC(0) O: Unregister NMethod: java.lang.invoke.DirectMethodHandle.internalMemberName (0x0000029cc20a2c08) [0x0000029cc20a2d20, 0x0000029cc20a2f20] 
[2024-10-26T03:26:26.005+0530][1.395s][debug][gc,nmethod     ] GC(0) O: Unregister NMethod: jdk.internal.misc.Unsafe.getShortUnaligned (0x0000029cc2034788) [0x0000029cc20348a0, 0x0000029cc2034ad0] 
[2024-10-26T03:26:26.005+0530][1.395s][debug][gc,nmethod     ] GC(0) O: Unregister NMethod: java.util.Properties.load0 (0x0000029cc25a1508) [0x0000029cc25a16e0, 0x0000029cc25a20e8] 
[2024-10-26T03:26:26.005+0530][1.395s][debug][gc,nmethod     ] GC(0) O: Unregister NMethod: org.springframework.boot.loader.net.protocol.jar.JarUrlConnection.throwFileNotFound (0x0000029cc22f7d08) [0x0000029cc22f7ea0, 0x0000029cc22f8648] 
[2024-10-26T03:26:26.005+0530][1.395s][debug][gc,nmethod     ] GC(0) O: Unregister NMethod: jdk.jfr.internal.Type.isValidJavaFieldType (0x0000029cc2218f88) [0x0000029cc2219160, 0x0000029cc2219a68] 
[2024-10-26T03:26:26.005+0530][1.395s][debug][gc,nmethod     ] GC(0) O: Unregister NMethod: jdk.internal.org.objectweb.asm.Symbol.<init> (0x0000029cc2003e88) [0x0000029cc2003fc0, 0x0000029cc20042a0] 
[2024-10-26T03:26:26.005+0530][1.395s][debug][gc,nmethod     ] GC(0) O: Unregister NMethod: java.util.regex.Pattern$Start.match (0x0000029cc9ced808) [0x0000029cc9ced9a0, 0x0000029cc9cee3d8] 
[2024-10-26T03:26:26.005+0530][1.395s][debug][gc,nmethod     ] GC(0) O: Unregister NMethod: org.springframework.boot.context.properties.source.ConfigurationPropertyName$Elements.get (0x0000029cc2425c88) [0x0000029cc2425de0, 0x0000029cc24261c8] 
[2024-10-26T03:26:26.005+0530][1.395s][debug][gc,nmethod     ] GC(0) O: Unregister NMethod: java.lang.invoke.Invokers$Holder.linkToTargetMethod (0x0000029cc2271c08) [0x0000029cc2271d40, 0x0000029cc2272168] 
[2024-10-26T03:26:26.005+0530][1.395s][debug][gc,nmethod     ] GC(0) O: Unregister NMethod: java.util.HashSet.contains (0x0000029cc9bcf288) [0x0000029cc9bcf3e0, 0x0000029cc9bcf940] 
[2024-10-26T03:26:26.005+0530][1.395s][debug][gc,nmethod     ] GC(0) O: Unregister NMethod: java.util.ArrayDeque.pollFirst (0x0000029cc207aa08) [0x0000029cc207ab40, 0x0000029cc207af88] 
[2024-10-26T03:26:26.005+0530][1.395s][debug][gc,nmethod     ] GC(0) O: Unregister NMethod: java.nio.HeapByteBuffer.getShort (0x0000029cc20f9d08) [0x0000029cc20f9ee0, 0x0000029cc20fa838] 
[2024-10-26T03:26:26.005+0530][1.395s][debug][gc,nmethod     ] GC(0) O: Unregister NMethod: jdk.internal.classfile.impl.BufWriterImpl.writeIntBytes (0x0000029cc204c408) [0x0000029cc204c540, 0x0000029cc204c7c8] 
[2024-10-26T03:26:26.005+0530][1.395s][debug][gc,nmethod     ] GC(0) O: Unregister NMethod: java.lang.Character.isLetterOrDigit (0x0000029cc2272808) [0x0000029cc2272960, 0x0000029cc2272c68] 
[2024-10-26T03:26:26.005+0530][1.395s][debug][gc,nmethod     ] GC(0) O: Unregister NMethod: java.util.stream.SpinedBuffer.accept (0x0000029cc2424088) [0x0000029cc2424220, 0x0000029cc2424cc0] 
[2024-10-26T03:26:26.005+0530][1.395s][debug][gc,nmethod     ] GC(0) O: Unregister NMethod: org.springframework.boot.context.properties.source.ConfigurationPropertyName$ElementsParser.updateType (0x0000029cc23fc308) [0x0000029cc23fc540, 0x0000029cc23fd4f8] 
[2024-10-26T03:26:26.005+0530][1.395s][debug][gc,nmethod     ] GC(0) O: Unregister NMethod: jdk.jfr.internal.Type.getKnownType (0x0000029cc21aaf08) [0x0000029cc21ab0c0, 0x0000029cc21aba70] 
[2024-10-26T03:26:26.005+0530][1.395s][debug][gc,nmethod     ] GC(0) O: Unregister NMethod: java.util.LinkedHashMap.afterNodeInsertion (0x0000029cc20e9388) [0x0000029cc20e94a0, 0x0000029cc20e96b8] 
[2024-10-26T03:26:26.005+0530][1.395s][debug][gc,nmethod     ] GC(0) O: Unregister NMethod: java.lang.invoke.MemberName.getReferenceKind (0x0000029cc2024488) [0x0000029cc20245a0, 0x0000029cc20246b8] 
[2024-10-26T03:26:26.005+0530][1.395s][debug][gc,nmethod     ] GC(0) O: Unregister NMethod: java.util.LinkedHashMap.<init> (0x0000029cc221f208) [0x0000029cc221f340, 0x0000029cc221f578] 
[2024-10-26T03:26:26.005+0530][1.395s][debug][gc,nmethod     ] GC(0) O: Unregister NMethod: org.springframework.boot.loader.zip.ZipContent.hasEntry (0x0000029cc24dd108) [0x0000029cc24dd2c0, 0x0000029cc24dd918] 
[2024-10-26T03:26:26.005+0530][1.395s][debug][gc,nmethod     ] GC(0) O: Unregister NMethod: jdk.internal.classfile.impl.ClassReaderImpl.readU2 (0x0000029cc2095808) [0x0000029cc2095940, 0x0000029cc2095c28] 
[2024-10-26T03:26:26.005+0530][1.395s][debug][gc,nmethod     ] GC(0) O: Unregister NMethod: java.util.ArrayList$Itr.next (0x0000029cc2069d88) [0x0000029cc2069f00, 0x0000029cc206a340] 
[2024-10-26T03:26:26.005+0530][1.395s][debug][gc,nmethod     ] GC(0) O: Unregister NMethod: jdk.internal.org.objectweb.asm.SymbolTable.put (0x0000029cc2004308) [0x0000029cc20044a0, 0x0000029cc2004e58] 
[2024-10-26T03:26:26.005+0530][1.395s][debug][gc,nmethod     ] GC(0) O: Unregister NMethod: java.lang.String.indexOf (0x0000029cc9c8ce88) [0x0000029cc9c8cfa0, 0x0000029cc9c8d3a8] 
[2024-10-26T03:26:26.005+0530][1.395s][debug][gc,nmethod     ] GC(0) O: Unregister NMethod: jdk.jfr.internal.TypeLibrary.visitAnnotations (0x0000029cc21a5a08) [0x0000029cc21a5d20, 0x0000029cc21a75f8] 
[2024-10-26T03:26:26.005+0530][1.395s][debug][gc,nmethod     ] GC(0) O: Unregister NMethod: java.lang.ref.SoftReference.get (0x0000029cc207f688) [0x0000029cc207f7a0, 0x0000029cc207f968] 
[2024-10-26T03:26:26.005+0530][1.396s][debug][gc,nmethod     ] GC(0) O: Unregister NMethod: java.util.zip.ZipUtils.SH (0x0000029cc203d508) [0x0000029cc203d620, 0x0000029cc203d768] 
[2024-10-26T03:26:26.005+0530][1.396s][debug][gc,nmethod     ] GC(0) O: Unregister NMethod: org.springframework.core.annotation.AttributeMethods.get (0x0000029cc254c008) [0x0000029cc254c120, 0x0000029cc254c2b8] 
[2024-10-26T03:26:26.005+0530][1.396s][debug][gc,nmethod     ] GC(0) O: Unregister NMethod: jdk.internal.misc.Unsafe.allocateUninitializedArray (0x0000029cc204a188) [0x0000029cc204a300, 0x0000029cc204a750] 
[2024-10-26T03:26:26.005+0530][1.396s][debug][gc,nmethod     ] GC(0) O: Unregister NMethod: java.util.LinkedHashMap.keySet (0x0000029cc2192788) [0x0000029cc21928a0, 0x0000029cc21929f8] 
[2024-10-26T03:26:26.005+0530][1.396s][debug][gc,nmethod     ] GC(0) O: Unregister NMethod: org.springframework.boot.loader.zip.ZipCentralDirectoryFileHeaderRecord.size (0x0000029cc2293408) [0x0000029cc2293520, 0x0000029cc2293698] 
[2024-10-26T03:26:26.005+0530][1.396s][debug][gc,nmethod     ] GC(0) O: Unregister NMethod: jdk.internal.ref.PhantomCleanable.insert (0x0000029cc2296308) [0x0000029cc2296460, 0x0000029cc2296980] 
[2024-10-26T03:26:26.005+0530][1.396s][debug][gc,nmethod     ] GC(0) O: Unregister NMethod: java.io.StreamTokenizer.read (0x0000029cc2325688) [0x0000029cc23257e0, 0x0000029cc2325c38] 
[2024-10-26T03:26:26.005+0530][1.396s][debug][gc,nmethod     ] GC(0) O: Unregister NMethod: jdk.jfr.FlightRecorderPermission$InternalAccess.getType (0x0000029cc21a2688) [0x0000029cc21a28e0, 0x0000029cc21a3b30] 
[2024-10-26T03:26:26.005+0530][1.396s][debug][gc,nmethod     ] GC(0) O: Unregister NMethod: jdk.internal.misc.Unsafe.allocateUninitializedArray (0x0000029cc9c1a408) [0x0000029cc9c1a520, 0x0000029cc9c1a6d8] 
[2024-10-26T03:26:26.005+0530][1.396s][debug][gc,nmethod     ] GC(0) O: Unregister NMethod: java.util.Arrays.copyOfRange (0x0000029cc1ff2d08) [0x0000029cc1ff2f00, 0x0000029cc1ff3990] 
[2024-10-26T03:26:26.005+0530][1.396s][debug][gc,nmethod     ] GC(0) O: Unregister NMethod: org.springframework.core.annotation.AnnotationTypeMappings.size (0x0000029cc256d288) [0x0000029cc256d3c0, 0x0000029cc256d5d0] 
[2024-10-26T03:26:26.005+0530][1.396s][debug][gc,nmethod     ] GC(0) O: Unregister NMethod: java.lang.String.<init> (0x0000029cc2120508) [0x0000029cc2120a00, 0x0000029cc2123338] 
[2024-10-26T03:26:26.005+0530][1.396s][debug][gc,nmethod     ] GC(0) O: Unregister NMethod: java.net.URL.lowerCaseProtocol (0x0000029cc22d6688) [0x0000029cc22d6840, 0x0000029cc22d6d88] 
[2024-10-26T03:26:26.005+0530][1.396s][debug][gc,nmethod     ] GC(0) O: Unregister NMethod: java.util.Objects.hashCode (0x0000029cc1fdd208) [0x0000029cc1fdd340, 0x0000029cc1fdd558] 
[2024-10-26T03:26:26.005+0530][1.396s][debug][gc,nmethod     ] GC(0) O: Unregister NMethod: java.util.Hashtable.get (0x0000029cc22e5d88) [0x0000029cc22e5f00, 0x0000029cc22e6608] 
[2024-10-26T03:26:26.005+0530][1.396s][debug][gc,nmethod     ] GC(0) O: Unregister NMethod: java.lang.String.subSequence (0x0000029cc2425988) [0x0000029cc2425aa0, 0x0000029cc2425bd8] 
[2024-10-26T03:26:26.005+0530][1.396s][debug][gc,nmethod     ] GC(0) O: Unregister NMethod: java.util.ArrayDeque$$Lambda/0x000002a0d40121e0.accept (0x0000029cc219f308) [0x0000029cc219f440, 0x0000029cc219f5d0] 
[2024-10-26T03:26:26.005+0530][1.396s][debug][gc,nmethod     ] GC(0) O: Unregister NMethod: java.lang.String.<init> (0x0000029cc9cc7388) [0x0000029cc9cc74c0, 0x0000029cc9cc7a40] 
[2024-10-26T03:26:26.005+0530][1.396s][debug][gc,nmethod     ] GC(0) O: Unregister NMethod: java.lang.Iterable.forEach (0x0000029cc219f608) [0x0000029cc219f7a0, 0x0000029cc219fdc8] 
[2024-10-26T03:26:26.005+0530][1.396s][debug][gc,nmethod     ] GC(0) O: Unregister NMethod: java.net.URL.<init> (0x0000029cc23e1c08) [0x0000029cc23e2220, 0x0000029cc23e5b00] 
[2024-10-26T03:26:26.005+0530][1.396s][debug][gc,nmethod     ] GC(0) O: Unregister NMethod: java.lang.ref.Reference.reachabilityFence (0x0000029cc203a088) [0x0000029cc203a1a0, 0x0000029cc203a288] 
[2024-10-26T03:26:26.005+0530][1.396s][debug][gc,nmethod     ] Register NMethod: org.springframework.util.LinkedMultiValueMap.<init> (0x0000029cc26d5e88) [0x0000029cc26d5fe0, 0x0000029cc26d6470] Compiler: c1, Barriers: 3, Oops: 2, ImmediateOops: 0, NonImmediateOops: No
[2024-10-26T03:26:26.005+0530][1.396s][debug][gc,nmethod     ] Register NMethod: org.springframework.util.MultiValueMapAdapter.<init> (0x0000029cc26d6508) [0x0000029cc26d6640, 0x0000029cc26d6980] Compiler: c1, Barriers: 3, Oops: 2, ImmediateOops: 1, NonImmediateOops: No
[2024-10-26T03:26:26.005+0530][1.396s][debug][gc,nmethod     ] GC(0) O: Unregister NMethod: java.lang.String.charAt (0x0000029cc225e908) [0x0000029cc225ea80, 0x0000029cc225f010] 
[2024-10-26T03:26:26.006+0530][1.396s][debug][gc,nmethod     ] GC(0) O: Unregister NMethod: java.util.Arrays.binarySearch0 (0x0000029cc22d1508) [0x0000029cc22d1640, 0x0000029cc22d18b0] 
[2024-10-26T03:26:26.006+0530][1.396s][debug][gc,nmethod     ] GC(0) O: Unregister NMethod: sun.net.www.ParseUtil.match (0x0000029cc234e688) [0x0000029cc234e7c0, 0x0000029cc234ea20] 
[2024-10-26T03:26:26.006+0530][1.396s][debug][gc,nmethod     ] GC(0) O: Unregister NMethod: org.springframework.util.ConcurrentReferenceHashMap$Segment.restructureIfNecessary (0x0000029cc23d4288) [0x0000029cc23d43e0, 0x0000029cc23d4928] 
[2024-10-26T03:26:26.006+0530][1.396s][debug][gc,nmethod     ] Register NMethod: java.util.ArrayList.<init> (0x0000029cc9d54488) [0x0000029cc9d545a0, 0x0000029cc9d54888] Compiler: c2, Barriers: 6, Oops: 0, ImmediateOops: 1, NonImmediateOops: No
[2024-10-26T03:26:26.006+0530][1.396s][debug][gc,nmethod     ] GC(0) O: Unregister NMethod: org.springframework.boot.loader.zip.FileDataBlock$FileAccess.fillBuffer (0x0000029cc22d7508) [0x0000029cc22d76e0, 0x0000029cc22d7f78] 
[2024-10-26T03:26:26.006+0530][1.396s][debug][gc,nmethod     ] GC(0) O: Unregister NMethod: jdk.jfr.internal.PrivateAccess.getInstance (0x0000029cc2187a08) [0x0000029cc2187b40, 0x0000029cc2187d90] 
[2024-10-26T03:26:26.006+0530][1.396s][debug][gc,nmethod     ] GC(0) O: Unregister NMethod: org.springframework.boot.loader.zip.ZipContent.size (0x0000029cc22b1a88) [0x0000029cc22b1ba0, 0x0000029cc22b1ce0] 
[2024-10-26T03:26:26.006+0530][1.396s][debug][gc,nmethod     ] GC(0) O: Unregister NMethod: java.util.concurrent.locks.ReentrantLock$NonfairSync.initialTryLock (0x0000029cc9b75f88) [0x0000029cc9b760a0, 0x0000029cc9b76258] 
[2024-10-26T03:26:26.006+0530][1.396s][debug][gc,nmethod     ] GC(0) O: Unregister NMethod: jdk.jfr.internal.MetadataWriter.writeString (0x0000029cc224b408) [0x0000029cc224b600, 0x0000029cc224c0d0] 
[2024-10-26T03:26:26.006+0530][1.396s][debug][gc,nmethod     ] GC(0) O: Unregister NMethod: java.lang.String.getBytes (0x0000029cc1fe2688) [0x0000029cc1fe27e0, 0x0000029cc1fe2b50] 
[2024-10-26T03:26:26.006+0530][1.396s][debug][gc,nmethod     ] GC(0) O: Unregister NMethod: java.io.ByteArrayOutputStream.ensureCapacity (0x0000029cc224a308) [0x0000029cc224a460, 0x0000029cc224a830] 
[2024-10-26T03:26:26.006+0530][1.396s][debug][gc,nmethod     ] GC(0) O: Unregister NMethod: java.lang.StringConcatHelper.prepend (0x0000029cc226e688) [0x0000029cc226e7e0, 0x0000029cc226ead0] 
[2024-10-26T03:26:26.006+0530][1.396s][debug][gc,nmethod     ] GC(0) O: Unregister NMethod: java.net.URL.hashCode (0x0000029cc22ce388) [0x0000029cc22ce4c0, 0x0000029cc22ce918] 
[2024-10-26T03:26:26.006+0530][1.396s][debug][gc,nmethod     ] GC(0) O: Unregister NMethod: java.lang.String.equalsIgnoreCase (0x0000029cc9c19588) [0x0000029cc9c196a0, 0x0000029cc9c19a88] 
[2024-10-26T03:26:26.006+0530][1.396s][debug][gc,nmethod     ] GC(0) O: Unregister NMethod: java.util.Arrays.equals (0x0000029cc2050c88) [0x0000029cc2050e00, 0x0000029cc20513b0] 
[2024-10-26T03:26:26.006+0530][1.396s][debug][gc,nmethod     ] GC(0) O: Unregister NMethod: java.lang.CharacterDataLatin1.getType (0x0000029cc2272508) [0x0000029cc2272620, 0x0000029cc22727d0] 
[2024-10-26T03:26:26.006+0530][1.396s][debug][gc,nmethod     ] Register NMethod: org.springframework.core.annotation.MergedAnnotationPredicates$$Lambda/0x000002a0d42495a0.<init> (0x0000029cc26d6a08) [0x0000029cc26d6b20, 0x0000029cc26d6d00] Compiler: c1, Barriers: 3, Oops: 1, ImmediateOops: 0, NonImmediateOops: No
[2024-10-26T03:26:26.006+0530][1.396s][debug][gc,nmethod     ] GC(0) O: Unregister NMethod: java.util.HashMap.putVal (0x0000029cc1fe4e08) [0x0000029cc1fe5060, 0x0000029cc1fe6118] 
[2024-10-26T03:26:26.006+0530][1.396s][debug][gc,nmethod     ] GC(0) O: Unregister NMethod: java.util.Objects.hashCode (0x0000029cc22bbf08) [0x0000029cc22bc040, 0x0000029cc22bc258] 
[2024-10-26T03:26:26.006+0530][1.396s][debug][gc,nmethod     ] Register NMethod: org.springframework.core.annotation.MergedAnnotationPredicates.typeIn (0x0000029cc26d6d88) [0x0000029cc26d6f00, 0x0000029cc26d7440] Compiler: c1, Barriers: 3, Oops: 2, ImmediateOops: 2, NonImmediateOops: No
[2024-10-26T03:26:26.006+0530][1.396s][debug][gc,nmethod     ] GC(0) O: Unregister NMethod: java.util.HashMap.put (0x0000029cc9bc7e88) [0x0000029cc9bc8100, 0x0000029cc9bc9520] 
[2024-10-26T03:26:26.006+0530][1.396s][debug][gc,nmethod     ] GC(0) O: Unregister NMethod: java.nio.ByteBuffer.putBuffer (0x0000029cc227e688) [0x0000029cc227e8e0, 0x0000029cc227f7b0] 
[2024-10-26T03:26:26.006+0530][1.396s][debug][gc,nmethod     ] Register NMethod: org.springframework.core.type.AnnotatedTypeMetadata$$Lambda/0x000002a0d424a078.<init> (0x0000029cc26d7508) [0x0000029cc26d7620, 0x0000029cc26d7800] Compiler: c1, Barriers: 3, Oops: 1, ImmediateOops: 0, NonImmediateOops: No
[2024-10-26T03:26:26.006+0530][1.396s][debug][gc,nmethod     ] GC(0) O: Unregister NMethod: jdk.internal.util.ReferencedKeyMap.removeStaleReferences (0x0000029cc9c24a08) [0x0000029cc9c24b20, 0x0000029cc9c24c90] 
[2024-10-26T03:26:26.006+0530][1.396s][debug][gc,nmethod     ] GC(0) O: Unregister NMethod: org.springframework.boot.loader.zip.ZipContent$Loader.swap (0x0000029cc2280308) [0x0000029cc2280420, 0x0000029cc2280560] 
[2024-10-26T03:26:26.006+0530][1.397s][debug][gc,nmethod     ] GC(0) O: Unregister NMethod: org.springframework.boot.context.properties.source.ConfigurationPropertyName$Elements.getType (0x0000029cc23fb908) [0x0000029cc23fba20, 0x0000029cc23fbbb8] 
[2024-10-26T03:26:26.006+0530][1.397s][debug][gc,nmethod     ] GC(0) O: Unregister NMethod: java.lang.Iterable.forEach (0x0000029cc9bb6d88) [0x0000029cc9bb6f40, 0x0000029cc9bb7870] 
[2024-10-26T03:26:26.006+0530][1.397s][debug][gc,nmethod     ] Register NMethod: org.springframework.core.type.AnnotatedTypeMetadata$$Lambda/0x000002a0d424a508.get (0x0000029cc26d7888) [0x0000029cc26d79e0, 0x0000029cc26d7bf8] Compiler: c1, Barriers: 0, Oops: 1, ImmediateOops: 0, NonImmediateOops: No
[2024-10-26T03:26:26.006+0530][1.397s][debug][gc,nmethod     ] Register NMethod: org.springframework.core.type.AnnotatedTypeMetadata$$Lambda/0x000002a0d424a2c0.<init> (0x0000029cc26d7c88) [0x0000029cc26d7da0, 0x0000029cc26d7f80] Compiler: c1, Barriers: 3, Oops: 1, ImmediateOops: 0, NonImmediateOops: No
[2024-10-26T03:26:26.006+0530][1.397s][debug][gc,nmethod     ] GC(0) O: Unregister NMethod: java.lang.CharacterDataLatin1.digit (0x0000029cc25a2888) [0x0000029cc25a29c0, 0x0000029cc25a2be8] 
[2024-10-26T03:26:26.006+0530][1.397s][debug][gc,nmethod     ] GC(0) O: Unregister NMethod: org.springframework.util.ConcurrentReferenceHashMap$Segment.clear (0x0000029cc23e7c08) [0x0000029cc23e7e00, 0x0000029cc23e8b00] 
[2024-10-26T03:26:26.006+0530][1.397s][debug][gc,nmethod     ] GC(0) O: Unregister NMethod: jdk.internal.org.objectweb.asm.ByteVector.put12 (0x0000029cc204f008) [0x0000029cc204f140, 0x0000029cc204f3d0] 
[2024-10-26T03:26:26.006+0530][1.397s][debug][gc,nmethod     ] GC(0) O: Unregister NMethod: org.springframework.boot.loader.zip.ZipString.getCodePoint (0x0000029cc2276b08) [0x0000029cc2276c40, 0x0000029cc2276eb8] 
[2024-10-26T03:26:26.006+0530][1.397s][debug][gc,nmethod     ] GC(0) O: Unregister NMethod: java.lang.String.regionMatches (0x0000029cc22f4288) [0x0000029cc22f4460, 0x0000029cc22f4ee8] 
[2024-10-26T03:26:26.006+0530][1.397s][debug][gc,nmethod     ] GC(0) O: Unregister NMethod: jdk.internal.jimage.ImageStringsReader.stringFromByteBufferMatches (0x0000029cc2343588) [0x0000029cc2343800, 0x0000029cc23449b8] 
[2024-10-26T03:26:26.006+0530][1.397s][debug][gc,nmethod     ] GC(0) O: Unregister NMethod: java.lang.String.<init> (0x0000029cc1ff1808) [0x0000029cc1ff1920, 0x0000029cc1ff1b00] 
[2024-10-26T03:26:26.006+0530][1.397s][debug][gc,nmethod     ] GC(0) O: Unregister NMethod: jdk.internal.classfile.impl.SplitConstantPool.entryByIndex (0x0000029cc205b808) [0x0000029cc205ba80, 0x0000029cc205c760] 
[2024-10-26T03:26:26.006+0530][1.397s][debug][gc,nmethod     ] GC(0) O: Unregister NMethod: java.io.ByteArrayOutputStream.write (0x0000029cc2249908) [0x0000029cc2249a40, 0x0000029cc2249d60] 
[2024-10-26T03:26:26.006+0530][1.397s][debug][gc,nmethod     ] GC(0) O: Unregister NMethod: jdk.internal.loader.BuiltinClassLoader$2.run (0x0000029cc24b3d08) [0x0000029cc24b3f40, 0x0000029cc24b4e18] 
[2024-10-26T03:26:26.006+0530][1.397s][debug][gc,nmethod     ] GC(0) O: Unregister NMethod: java.lang.StringLatin1.indexOf (0x0000029cc9c14388) [0x0000029cc9c144a0, 0x0000029cc9c14990] 
[2024-10-26T03:26:26.006+0530][1.397s][debug][gc,nmethod     ] GC(0) O: Unregister NMethod: org.springframework.util.ObjectUtils.nullSafeEquals (0x0000029cc23fbc08) [0x0000029cc23fbda0, 0x0000029cc23fc2a0] 
[2024-10-26T03:26:26.006+0530][1.397s][debug][gc,nmethod     ] GC(0) O: Unregister NMethod: java.net.URL.equals (0x0000029cc22dbb08) [0x0000029cc22dbc80, 0x0000029cc22dc428] 
[2024-10-26T03:26:26.006+0530][1.397s][debug][gc,nmethod     ] GC(0) O: Unregister NMethod: java.util.concurrent.ConcurrentHashMap.putVal (0x0000029cc9c6bc08) [0x0000029cc9c6be20, 0x0000029cc9c6cfa8] 
[2024-10-26T03:26:26.006+0530][1.397s][debug][gc,nmethod     ] GC(0) O: Unregister NMethod: org.springframework.core.annotation.AttributeMethods.size (0x0000029cc254bd08) [0x0000029cc254be20, 0x0000029cc254bf60] 
[2024-10-26T03:26:26.006+0530][1.397s][debug][gc,nmethod     ] GC(0) O: Unregister NMethod: org.springframework.boot.autoconfigure.AutoConfigurationSorter$AutoConfigurationClass.getBefore (0x0000029cc25e7888) [0x0000029cc25e7b00, 0x0000029cc25e8b18] 
[2024-10-26T03:26:26.006+0530][1.397s][debug][gc,nmethod     ] GC(0) O: Unregister NMethod: java.io.DataOutputStream.write (0x0000029cc2249d88) [0x0000029cc2249ec0, 0x0000029cc224a2c8] 
[2024-10-26T03:26:26.006+0530][1.397s][debug][gc,nmethod     ] GC(0) O: Unregister NMethod: jdk.internal.classfile.impl.AbstractElement.<init> (0x0000029cc2055b88) [0x0000029cc2055ca0, 0x0000029cc2055e08] 
[2024-10-26T03:26:26.006+0530][1.397s][debug][gc,nmethod     ] Register NMethod: org.springframework.core.annotation.TypeMappedAnnotation.getDistance (0x0000029cc9d54908) [0x0000029cc9d54a00, 0x0000029cc9d54ad0] Compiler: c2, Barriers: 1, Oops: 1, ImmediateOops: 0, NonImmediateOops: No
[2024-10-26T03:26:26.007+0530][1.397s][debug][gc,nmethod     ] GC(0) O: Unregister NMethod: java.io.DataOutputStream.write (0x0000029cc9bd8008) [0x0000029cc9bd8140, 0x0000029cc9bd8680] 
[2024-10-26T03:26:26.007+0530][1.397s][debug][gc,nmethod     ] GC(0) O: Unregister NMethod: jdk.internal.module.SystemModuleFinders$SystemModuleReader.find (0x0000029cc233e708) [0x0000029cc233e940, 0x0000029cc233f4b8] 
[2024-10-26T03:26:26.007+0530][1.397s][debug][gc,nmethod     ] GC(0) O: Unregister NMethod: java.lang.String.startsWith (0x0000029cc208ab08) [0x0000029cc208acc0, 0x0000029cc208b450] 
[2024-10-26T03:26:26.007+0530][1.397s][debug][gc,nmethod     ] GC(0) O: Unregister NMethod: java.io.ByteArrayInputStream.read (0x0000029cc2181008) [0x0000029cc2181180, 0x0000029cc2181890] 
[2024-10-26T03:26:26.007+0530][1.397s][debug][gc,nmethod     ] GC(0) O: Unregister NMethod: java.lang.Integer.valueOf (0x0000029cc20baa88) [0x0000029cc20babc0, 0x0000029cc20baef0] 
[2024-10-26T03:26:26.007+0530][1.397s][debug][gc,nmethod     ] Register NMethod: org.springframework.core.type.classreading.SimpleMetadataReader.getResource (0x0000029cc9d54c08) [0x0000029cc9d54d20, 0x0000029cc9d54e18] Compiler: c1, Barriers: 1, Oops: 1, ImmediateOops: 0, NonImmediateOops: No
[2024-10-26T03:26:26.007+0530][1.397s][debug][gc,nmethod     ] GC(0) O: Unregister NMethod: java.lang.StringBuilder.charAt (0x0000029cc2425108) [0x0000029cc2425220, 0x0000029cc2425360] 
[2024-10-26T03:26:26.007+0530][1.397s][debug][gc,nmethod     ] GC(0) O: Unregister NMethod: java.lang.Math.clamp (0x0000029cc9c8b288) [0x0000029cc9c8b380, 0x0000029cc9c8b448] 
[2024-10-26T03:26:26.007+0530][1.397s][debug][gc,nmethod     ] GC(0) O: Unregister NMethod: java.lang.StringConcatHelper.newString (0x0000029cc2275488) [0x0000029cc2275680, 0x0000029cc22760d8] 
[2024-10-26T03:26:26.007+0530][1.397s][debug][gc,nmethod     ] GC(0) O: Unregister NMethod: java.util.ArrayDeque.size (0x0000029cc219fe08) [0x0000029cc219ff20, 0x0000029cc21a00f8] 
[2024-10-26T03:26:26.007+0530][1.397s][debug][gc,nmethod     ] GC(0) O: Unregister NMethod: java.lang.CharacterData.of (0x0000029cc9baad88) [0x0000029cc9baae80, 0x0000029cc9baaf18] 
[2024-10-26T03:26:26.007+0530][1.397s][debug][gc,nmethod     ] GC(0) O: Unregister NMethod: org.springframework.asm.ClassReader.readUtf (0x0000029cc2593388) [0x0000029cc25934e0, 0x0000029cc2593958] 
[2024-10-26T03:26:26.007+0530][1.397s][debug][gc,nmethod     ] GC(0) O: Unregister NMethod: java.nio.ByteBuffer.allocate (0x0000029cc2288308) [0x0000029cc2288440, 0x0000029cc2288650] 
[2024-10-26T03:26:26.007+0530][1.397s][debug][gc,nmethod     ] GC(0) O: Unregister NMethod: sun.util.locale.BaseLocale.hashCode (0x0000029cc24f6408) [0x0000029cc24f67c0, 0x0000029cc24f8ab0] 
[2024-10-26T03:26:26.007+0530][1.397s][debug][gc,nmethod     ] GC(0) O: Unregister NMethod: jdk.internal.classfile.impl.SplitConstantPool.utf8Entry (0x0000029cc2066e08) [0x0000029cc2066fa0, 0x0000029cc2067538] 
[2024-10-26T03:26:26.007+0530][1.397s][debug][gc,nmethod     ] GC(0) O: Unregister NMethod: jdk.internal.module.ModuleReferenceImpl.hashCode (0x0000029cc1fec908) [0x0000029cc1feca80, 0x0000029cc1fecf70] 
[2024-10-26T03:26:26.007+0530][1.397s][debug][gc,nmethod     ] GC(0) O: Unregister NMethod: java.util.LinkedHashMap.afterNodeInsertion (0x0000029cc24d5888) [0x0000029cc24d59e0, 0x0000029cc24d5e98] 
[2024-10-26T03:26:26.007+0530][1.397s][debug][gc,nmethod     ] GC(0) O: Unregister NMethod: java.nio.Buffer.position (0x0000029cc9bf6008) [0x0000029cc9bf6100, 0x0000029cc9bf61f0] 
[2024-10-26T03:26:26.007+0530][1.397s][debug][gc,nmethod     ] GC(0) O: Unregister NMethod: java.lang.Math.max (0x0000029cc1ff7208) [0x0000029cc1ff7320, 0x0000029cc1ff7450] 
[2024-10-26T03:26:26.007+0530][1.397s][debug][gc,nmethod     ] GC(0) O: Unregister NMethod: jdk.internal.classfile.impl.StackCounter.next (0x0000029cc20c1508) [0x0000029cc20c1680, 0x0000029cc20c1c20] 
[2024-10-26T03:26:26.007+0530][1.397s][debug][gc,nmethod     ] GC(0) O: Unregister NMethod: java.util.HashSet.add (0x0000029cc9cd8688) [0x0000029cc9cd89a0, 0x0000029cc9cda7b0] 
[2024-10-26T03:26:26.007+0530][1.397s][debug][gc,nmethod     ] GC(0) O: Unregister NMethod: sun.reflect.generics.parser.SignatureParser.current (0x0000029cc9baa408) [0x0000029cc9baa520, 0x0000029cc9baa6e8] 
[2024-10-26T03:26:26.007+0530][1.397s][debug][gc,nmethod     ] GC(0) O: Unregister NMethod: java.io.DataInputStream.readFully (0x0000029cc9bae408) [0x0000029cc9bae6a0, 0x0000029cc9bb06c8] 
[2024-10-26T03:26:26.007+0530][1.397s][debug][gc,nmethod     ] GC(0) O: Unregister NMethod: jdk.internal.misc.Unsafe.checkSize (0x0000029cc2279008) [0x0000029cc2279140, 0x0000029cc22793b0] 
[2024-10-26T03:26:26.007+0530][1.397s][debug][gc,nmethod     ] GC(0) O: Unregister NMethod: java.lang.String.checkBoundsOffCount (0x0000029cc200a088) [0x0000029cc200a1c0, 0x0000029cc200a3c0] 
[2024-10-26T03:26:26.007+0530][1.397s][debug][gc,nmethod     ] GC(0) O: Unregister NMethod: java.lang.StringLatin1.toLowerCase (0x0000029cc200f288) [0x0000029cc200f480, 0x0000029cc200ff20] 
[2024-10-26T03:26:26.007+0530][1.397s][debug][gc,nmethod     ] GC(0) O: Unregister NMethod: java.io.ByteArrayOutputStream.write (0x0000029cc224c608) [0x0000029cc224c740, 0x0000029cc224ca60] 
[2024-10-26T03:26:26.007+0530][1.398s][debug][gc,nmethod     ] Register NMethod: org.springframework.core.type.AnnotatedTypeMetadata.getMergedRepeatableAnnotationAttributes (0x0000029cc26d8008) [0x0000029cc26d8460, 0x0000029cc26daf18] Compiler: c1, Barriers: 18, Oops: 11, ImmediateOops: 14, NonImmediateOops: No
[2024-10-26T03:26:26.007+0530][1.398s][debug][gc,nmethod     ] GC(0) O: Unregister NMethod: java.lang.StringLatin1.lastIndexOf (0x0000029cc9bede88) [0x0000029cc9bedfa0, 0x0000029cc9bee1a0] 
[2024-10-26T03:26:26.007+0530][1.398s][debug][gc,nmethod     ] GC(0) O: Unregister NMethod: jdk.internal.jimage.BasicImageReader.verifyLocation (0x0000029cc233d908) [0x0000029cc233da60, 0x0000029cc233ddd0] 
[2024-10-26T03:26:26.007+0530][1.398s][debug][gc,nmethod     ] GC(0) O: Unregister NMethod: java.nio.ByteBuffer.<init> (0x0000029cc20e7f08) [0x0000029cc20e8040, 0x0000029cc20e8288] 
[2024-10-26T03:26:26.007+0530][1.398s][debug][gc,nmethod     ] GC(0) O: Unregister NMethod: org.springframework.boot.loader.zip.ZipString.hasEnoughBytes (0x0000029cc2276488) [0x0000029cc22765a0, 0x0000029cc22766e0] 
[2024-10-26T03:26:26.007+0530][1.398s][debug][gc,nmethod     ] GC(0) O: Unregister NMethod: java.util.ArrayList.add (0x0000029cc204bb08) [0x0000029cc204bc60, 0x0000029cc204c0b0] 
[2024-10-26T03:26:26.007+0530][1.398s][debug][gc,nmethod     ] GC(0) O: Unregister NMethod: org.springframework.boot.loader.jar.NestedJarFile.getManifestInfo (0x0000029cc22e2188) [0x0000029cc22e2340, 0x0000029cc22e2ce8] 
[2024-10-26T03:26:26.007+0530][1.398s][debug][gc,nmethod     ] GC(0) O: Unregister NMethod: jdk.internal.util.xml.impl.Parser.ensureCapacity (0x0000029cc2007588) [0x0000029cc2007700, 0x0000029cc2007c28] 
[2024-10-26T03:26:26.007+0530][1.398s][debug][gc,nmethod     ] GC(0) O: Unregister NMethod: java.lang.StringBuilder.<init> (0x0000029cc2017a08) [0x0000029cc2017b20, 0x0000029cc2017c60] 
[2024-10-26T03:26:26.007+0530][1.398s][debug][gc,nmethod     ] GC(0) O: Unregister NMethod: java.nio.HeapByteBuffer.put (0x0000029cc2280608) [0x0000029cc2280780, 0x0000029cc2280c68] 
[2024-10-26T03:26:26.007+0530][1.398s][debug][gc,nmethod     ] GC(0) O: Unregister NMethod: java.lang.ThreadLocal.get (0x0000029cc2291f88) [0x0000029cc22920e0, 0x0000029cc2292440] 
[2024-10-26T03:26:26.007+0530][1.398s][debug][gc,nmethod     ] Register NMethod: org.springframework.core.annotation.AnnotationTypeMapping$MirrorSets.resolve (0x0000029cc9d54f08) [0x0000029cc9d55060, 0x0000029cc9d55748] Compiler: c2, Barriers: 7, Oops: 1, ImmediateOops: 0, NonImmediateOops: No
[2024-10-26T03:26:26.007+0530][1.398s][debug][gc,nmethod     ] GC(0) O: Unregister NMethod: java.util.concurrent.ConcurrentHashMap.addCount (0x0000029cc1fdbc88) [0x0000029cc1fdbe60, 0x0000029cc1fdc7c0] 
[2024-10-26T03:26:26.007+0530][1.398s][debug][gc,nmethod     ] GC(0) O: Unregister NMethod: jdk.internal.util.StrongReferenceKey.hashCode (0x0000029cc9c77688) [0x0000029cc9c77820, 0x0000029cc9c77e10] 
[2024-10-26T03:26:26.007+0530][1.398s][debug][gc,nmethod     ] GC(0) O: Unregister NMethod: jdk.internal.classfile.impl.AbstractPoolEntry.hash1 (0x0000029cc2070a88) [0x0000029cc2070ba0, 0x0000029cc2070ca0] 
[2024-10-26T03:26:26.007+0530][1.398s][debug][gc,nmethod     ] GC(0) O: Unregister NMethod: org.springframework.boot.loader.zip.ZipString.startsWith (0x0000029cc2285988) [0x0000029cc2285b00, 0x0000029cc2285f00] 
[2024-10-26T03:26:26.007+0530][1.398s][debug][gc,nmethod     ] GC(0) O: Unregister NMethod: java.lang.String.lastIndexOf (0x0000029cc2261588) [0x0000029cc2261700, 0x0000029cc2261b20] 
[2024-10-26T03:26:26.007+0530][1.398s][debug][gc,nmethod     ] GC(0) O: Unregister NMethod: jdk.internal.org.objectweb.asm.SymbolTable.addConstantUtf8 (0x0000029cc2023b88) [0x0000029cc2023d40, 0x0000029cc2024410] 
[2024-10-26T03:26:26.007+0530][1.398s][debug][gc,nmethod     ] GC(0) O: Unregister NMethod: org.springframework.boot.loader.jar.ManifestInfo.isMultiRelease (0x0000029cc22e3908) [0x0000029cc22e3a80, 0x0000029cc22e4048] 
[2024-10-26T03:26:26.007+0530][1.398s][debug][gc,nmethod     ] GC(0) O: Unregister NMethod: java.util.HashMap.get (0x0000029cc1feba88) [0x0000029cc1febbc0, 0x0000029cc1febda0] 
[2024-10-26T03:26:26.007+0530][1.398s][debug][gc,nmethod     ] GC(0) O: Unregister NMethod: java.lang.Long.hashCode (0x0000029cc218e188) [0x0000029cc218e2a0, 0x0000029cc218e3e0] 
[2024-10-26T03:26:26.007+0530][1.398s][debug][gc,nmethod     ] GC(0) O: Unregister NMethod: java.util.LinkedHashMap.entrySet (0x0000029cc218e908) [0x0000029cc218ea20, 0x0000029cc218eb78] 
[2024-10-26T03:26:26.007+0530][1.398s][debug][gc,nmethod     ] GC(0) O: Unregister NMethod: java.lang.Long.valueOf (0x0000029cc2177f08) [0x0000029cc2178040, 0x0000029cc2178398] 
[2024-10-26T03:26:26.007+0530][1.398s][debug][gc,nmethod     ] GC(0) O: Unregister NMethod: java.lang.invoke.Invokers$Holder.linkToTargetMethod (0x0000029cc210ac88) [0x0000029cc210adc0, 0x0000029cc210b178] 
[2024-10-26T03:26:26.007+0530][1.398s][debug][gc,nmethod     ] GC(0) O: Unregister NMethod: java.util.HashMap.containsKey (0x0000029cc1fee188) [0x0000029cc1fee2a0, 0x0000029cc1fee428] 
[2024-10-26T03:26:26.007+0530][1.398s][debug][gc,nmethod     ] GC(0) O: Unregister NMethod: java.util.LinkedHashMap.afterNodeInsertion (0x0000029cc9cd2a08) [0x0000029cc9cd2b20, 0x0000029cc9cd2c80] 
[2024-10-26T03:26:26.007+0530][1.398s][debug][gc,nmethod     ] GC(0) O: Unregister NMethod: jdk.internal.classfile.impl.BufWriterImpl.writeIndex (0x0000029cc206b788) [0x0000029cc206b9c0, 0x0000029cc206c688] 
[2024-10-26T03:26:26.007+0530][1.398s][debug][gc,nmethod     ] GC(0) O: Unregister NMethod: java.lang.String.indexOf (0x0000029cc2050208) [0x0000029cc20503c0, 0x0000029cc2050bc0] 
[2024-10-26T03:26:26.007+0530][1.398s][debug][gc,nmethod     ] GC(0) O: Unregister NMethod: java.util.Objects.requireNonNull (0x0000029cc1fd6108) [0x0000029cc1fd6240, 0x0000029cc1fd6428] 
[2024-10-26T03:26:26.008+0530][1.398s][debug][gc,nmethod     ] GC(0) O: Unregister NMethod: java.util.ArrayDeque.grow (0x0000029cc21a5008) [0x0000029cc21a51a0, 0x0000029cc21a59c0] 
[2024-10-26T03:26:26.008+0530][1.398s][debug][gc,nmethod     ] GC(0) O: Unregister NMethod: jdk.internal.constant.ConstantUtils.skipOverFieldSignature (0x0000029cc2065308) [0x0000029cc2065600, 0x0000029cc2066d30] 
[2024-10-26T03:26:26.008+0530][1.398s][debug][gc,nmethod     ] GC(0) O: Unregister NMethod: java.lang.invoke.MethodType.methodType (0x0000029cc1fff808) [0x0000029cc1fff9a0, 0x0000029cc1fffe98] 
[2024-10-26T03:26:26.008+0530][1.398s][debug][gc,nmethod     ] GC(0) O: Unregister NMethod: sun.net.www.ParseUtil.firstEncodeIndex (0x0000029cc2318e08) [0x0000029cc2318fe0, 0x0000029cc23199c8] 
[2024-10-26T03:26:26.008+0530][1.398s][debug][gc,nmethod     ] GC(0) O: Unregister NMethod: jdk.jfr.internal.MetadataWriter.buildStringPool (0x0000029cc2246608) [0x0000029cc2246820, 0x0000029cc22474b8] 
[2024-10-26T03:26:26.008+0530][1.398s][debug][gc,nmethod     ] GC(0) O: Unregister NMethod: java.lang.String.coder (0x0000029cc1fd6488) [0x0000029cc1fd65a0, 0x0000029cc1fd66d8] 
[2024-10-26T03:26:26.008+0530][1.398s][debug][gc,nmethod     ] GC(0) O: Unregister NMethod: java.nio.ByteBuffer.limit (0x0000029cc9bf7b88) [0x0000029cc9bf7ca0, 0x0000029cc9bf7db8] 
[2024-10-26T03:26:26.008+0530][1.398s][debug][gc,nmethod     ] GC(0) O: Unregister NMethod: java.util.HashSet.add (0x0000029cc9bd6808) [0x0000029cc9bd6920, 0x0000029cc9bd6a40] 
[2024-10-26T03:26:26.008+0530][1.398s][debug][gc,nmethod     ] GC(0) O: Unregister NMethod: java.net.URLStreamHandler.hostsEqual (0x0000029cc22e2d88) [0x0000029cc22e2f20, 0x0000029cc22e3580] 
[2024-10-26T03:26:26.008+0530][1.398s][debug][gc,nmethod     ] GC(0) O: Unregister NMethod: jdk.internal.classfile.impl.AbstractPoolEntry$Utf8EntryImpl.writeTo (0x0000029cc206df08) [0x0000029cc206e380, 0x0000029cc2070960] 
[2024-10-26T03:26:26.008+0530][1.398s][debug][gc,nmethod     ] GC(0) O: Unregister NMethod: jdk.internal.util.ArraysSupport.unsignedHashCode (0x0000029cc1fd0008) [0x0000029cc1fd0140, 0x0000029cc1fd0360] 
[2024-10-26T03:26:26.008+0530][1.398s][debug][gc,nmethod     ] GC(0) O: Unregister NMethod: java.nio.ByteBuffer.position (0x0000029cc9bf6308) [0x0000029cc9bf6400, 0x0000029cc9bf64f0] 
[2024-10-26T03:26:26.008+0530][1.398s][debug][gc,nmethod     ] GC(0) O: Unregister NMethod: java.lang.CharacterData.of (0x0000029cc205dc88) [0x0000029cc205de40, 0x0000029cc205e7e0] 
[2024-10-26T03:26:26.008+0530][1.398s][debug][gc,nmethod     ] GC(0) O: Unregister NMethod: org.springframework.boot.loader.jar.NestedJarFile.hasEntry (0x0000029cc23f7e08) [0x0000029cc23f7fa0, 0x0000029cc23f8550] 
[2024-10-26T03:26:26.008+0530][1.398s][debug][gc,nmethod     ] GC(0) O: Unregister NMethod: jdk.internal.loader.URLClassPath.getResource (0x0000029cc2322808) [0x0000029cc2322960, 0x0000029cc2322ca8] 
[2024-10-26T03:26:26.008+0530][1.398s][debug][gc,nmethod     ] GC(0) O: Unregister NMethod: java.lang.StringLatin1.regionMatchesCI (0x0000029cc2270088) [0x0000029cc22701c0, 0x0000029cc2270470] 
[2024-10-26T03:26:26.008+0530][1.398s][debug][gc,nmethod     ] GC(0) O: Unregister NMethod: java.lang.String.isLatin1 (0x0000029cc9b70d88) [0x0000029cc9b70e80, 0x0000029cc9b70f20] 
[2024-10-26T03:26:26.008+0530][1.398s][debug][gc,nmethod     ] GC(0) O: Unregister NMethod: java.util.HashMap.put (0x0000029cc25a3488) [0x0000029cc25a35c0, 0x0000029cc25a38c0] 
[2024-10-26T03:26:26.008+0530][1.398s][debug][gc,nmethod     ] GC(0) O: Unregister NMethod: java.util.concurrent.locks.ReentrantLock$Sync.tryRelease (0x0000029cc9c1da08) [0x0000029cc9c1db20, 0x0000029cc9c1dd40] 
[2024-10-26T03:26:26.008+0530][1.398s][debug][gc,nmethod     ] GC(0) O: Unregister NMethod: sun.reflect.generics.parser.SignatureParser.current (0x0000029cc2074d08) [0x0000029cc2074ea0, 0x0000029cc20755d0] 
[2024-10-26T03:26:26.008+0530][1.398s][debug][gc,nmethod     ] GC(0) O: Unregister NMethod: java.net.URL.<init> (0x0000029cc24d1288) [0x0000029cc24d1880, 0x0000029cc24d50a0] 
[2024-10-26T03:26:26.008+0530][1.398s][debug][gc,nmethod     ] GC(0) O: Unregister NMethod: jdk.internal.jimage.ImageStringsReader.hashCode (0x0000029cc2331c08) [0x0000029cc2331d40, 0x0000029cc2331eb0] 
[2024-10-26T03:26:26.008+0530][1.398s][debug][gc,nmethod     ] GC(0) O: Unregister NMethod: java.util.stream.ReferencePipeline$2$1.accept (0x0000029cc2266688) [0x0000029cc22667e0, 0x0000029cc2266b70] 
[2024-10-26T03:26:26.008+0530][1.398s][debug][gc,nmethod     ] GC(0) O: Unregister NMethod: java.lang.ref.Reference.<init> (0x0000029cc2025c08) [0x0000029cc2025d40, 0x0000029cc2025fe0] 
[2024-10-26T03:26:26.008+0530][1.398s][debug][gc,nmethod     ] GC(0) O: Unregister NMethod: java.nio.HeapByteBuffer.get (0x0000029cc2059d88) [0x0000029cc2059ec0, 0x0000029cc205a150] 
[2024-10-26T03:26:26.008+0530][1.398s][debug][gc,nmethod     ] GC(0) O: Unregister NMethod: java.lang.invoke.VarForm.getMemberName (0x0000029cc2031988) [0x0000029cc2031ae0, 0x0000029cc2031eb0] 
[2024-10-26T03:26:26.008+0530][1.398s][debug][gc,nmethod     ] GC(0) O: Unregister NMethod: java.net.URL.<init> (0x0000029cc9c2ba88) [0x0000029cc9c2c100, 0x0000029cc9c32dd0] 
[2024-10-26T03:26:26.008+0530][1.398s][debug][gc,nmethod     ] GC(0) O: Unregister NMethod: jdk.internal.classfile.impl.DirectCodeBuilder.labelToBci (0x0000029cc2072e88) [0x0000029cc2073120, 0x0000029cc2074678] 
[2024-10-26T03:26:26.008+0530][1.398s][debug][gc,nmethod     ] GC(0) O: Unregister NMethod: java.lang.Class.cast (0x0000029cc20a3288) [0x0000029cc20a33c0, 0x0000029cc20a3660] 
[2024-10-26T03:26:26.008+0530][1.398s][debug][gc,nmethod     ] GC(0) O: Unregister NMethod: java.util.ArrayDeque.copyElements (0x0000029cc21a0b08) [0x0000029cc21a0c80, 0x0000029cc21a11f8] 
[2024-10-26T03:26:26.008+0530][1.398s][debug][gc,nmethod     ] GC(0) O: Unregister NMethod: jdk.internal.constant.MethodTypeDescImpl.parameterType (0x0000029cc2076908) [0x0000029cc2076a20, 0x0000029cc2076bb8] 
[2024-10-26T03:26:26.008+0530][1.398s][debug][gc,nmethod     ] GC(0) O: Unregister NMethod: java.util.Comparator$$Lambda/0x000002a0d4011ac0.compare (0x0000029cc219d788) [0x0000029cc219d900, 0x0000029cc219e010] 
[2024-10-26T03:26:26.008+0530][1.399s][debug][gc,nmethod     ] GC(0) O: Unregister NMethod: java.io.StreamTokenizer.read (0x0000029cc9c1f308) [0x0000029cc9c1f4e0, 0x0000029cc9c1ff10] 
[2024-10-26T03:26:26.008+0530][1.399s][debug][gc,nmethod     ] GC(0) O: Unregister NMethod: org.springframework.boot.context.properties.source.ConfigurationPropertyName.getElement (0x0000029cc9cc8e88) [0x0000029cc9cc90e0, 0x0000029cc9cca338] 
[2024-10-26T03:26:26.008+0530][1.399s][debug][gc,nmethod     ] GC(0) O: Unregister NMethod: java.lang.Long.equals (0x0000029cc21a7e08) [0x0000029cc21a7f40, 0x0000029cc21a82c8] 
[2024-10-26T03:26:26.008+0530][1.399s][debug][gc,nmethod     ] GC(0) O: Unregister NMethod: java.util.concurrent.locks.ReentrantLock$Sync.tryRelease (0x0000029cc9b78708) [0x0000029cc9b78820, 0x0000029cc9b78a40] 
[2024-10-26T03:26:26.008+0530][1.399s][debug][gc,nmethod     ] GC(0) O: Unregister NMethod: org.springframework.boot.loader.zip.FileDataBlock$FileAccess.ensureOpen (0x0000029cc227d908) [0x0000029cc227da40, 0x0000029cc227df00] 
[2024-10-26T03:26:26.008+0530][1.399s][debug][gc,nmethod     ] GC(0) O: Unregister NMethod: jdk.internal.org.objectweb.asm.SymbolTable$Entry.<init> (0x0000029cc2023488) [0x0000029cc20235a0, 0x0000029cc2023718] 
[2024-10-26T03:26:26.008+0530][1.399s][debug][gc,nmethod     ] GC(0) O: Unregister NMethod: java.util.HashMap.putVal (0x0000029cc25a3908) [0x0000029cc25a3b60, 0x0000029cc25a4dc8] 
[2024-10-26T03:26:26.008+0530][1.399s][debug][gc,nmethod     ] GC(0) O: Unregister NMethod: java.io.BufferedReader.read (0x0000029cc2326388) [0x0000029cc23265c0, 0x0000029cc23275e8] 
[2024-10-26T03:26:26.008+0530][1.399s][debug][gc,nmethod     ] GC(0) O: Unregister NMethod: java.net.URL.isValidProtocol (0x0000029cc22de688) [0x0000029cc22de920, 0x0000029cc22dfbb8] 
[2024-10-26T03:26:26.008+0530][1.399s][debug][gc,nmethod     ] GC(0) O: Unregister NMethod: sun.reflect.generics.parser.SignatureParser.skipIdentifier (0x0000029cc9c8e088) [0x0000029cc9c8e1e0, 0x0000029cc9c8e650] 
[2024-10-26T03:26:26.008+0530][1.399s][debug][gc,nmethod     ] Register NMethod: java.io.ByteArrayOutputStream.toByteArray (0x0000029cc26db108) [0x0000029cc26db240, 0x0000029cc26db520] Compiler: c1, Barriers: 1, Oops: 0, ImmediateOops: 0, NonImmediateOops: No
[2024-10-26T03:26:26.008+0530][1.399s][debug][gc,nmethod     ] GC(0) O: Unregister NMethod: java.util.ArrayList.iterator (0x0000029cc2071d88) [0x0000029cc2071ec0, 0x0000029cc2072170] 
[2024-10-26T03:26:26.008+0530][1.399s][debug][gc,nmethod     ] GC(0) O: Unregister NMethod: java.nio.DirectLongBufferU.ix (0x0000029cc22c3d08) [0x0000029cc22c3e20, 0x0000029cc22c3f40] 
[2024-10-26T03:26:26.008+0530][1.399s][debug][gc,nmethod     ] GC(0) O: Unregister NMethod: java.lang.StringLatin1.indexOfChar (0x0000029cc1ff7508) [0x0000029cc1ff7640, 0x0000029cc1ff7858] 
[2024-10-26T03:26:26.008+0530][1.399s][debug][gc,nmethod     ] GC(0) O: Unregister NMethod: java.lang.module.ModuleDescriptor$Exports.isQualified (0x0000029cc1fee788) [0x0000029cc1fee8c0, 0x0000029cc1feeb18] 
[2024-10-26T03:26:26.008+0530][1.399s][debug][gc,nmethod     ] GC(0) O: Unregister NMethod: java.io.BufferedReader.read (0x0000029cc9c1e688) [0x0000029cc9c1e840, 0x0000029cc9c1f218] 
[2024-10-26T03:26:26.008+0530][1.399s][debug][gc,nmethod     ] GC(0) O: Unregister NMethod: jdk.internal.jimage.BasicImageReader.getLocationIndex (0x0000029cc233cd08) [0x0000029cc233ce80, 0x0000029cc233d368] 
[2024-10-26T03:26:26.008+0530][1.399s][debug][gc,nmethod     ] GC(0) O: Unregister NMethod: jdk.internal.perf.PerfCounter.add (0x0000029cc2313588) [0x0000029cc23136e0, 0x0000029cc2313c78] 
[2024-10-26T03:26:26.008+0530][1.399s][debug][gc,nmethod     ] GC(0) O: Unregister NMethod: java.io.DataInputStream.readUTF (0x0000029cc9bc0c88) [0x0000029cc9bc1120, 0x0000029cc9bc61a0] 
[2024-10-26T03:26:26.008+0530][1.399s][debug][gc,nmethod     ] GC(0) O: Unregister NMethod: java.util.ArrayDeque.elementAt (0x0000029cc207a708) [0x0000029cc207a820, 0x0000029cc207a960] 
[2024-10-26T03:26:26.008+0530][1.399s][debug][gc,nmethod     ] GC(0) O: Unregister NMethod: java.lang.CharacterDataLatin1.toLowerCase (0x0000029cc2293008) [0x0000029cc2293140, 0x0000029cc2293390] 
[2024-10-26T03:26:26.008+0530][1.399s][debug][gc,nmethod     ] GC(0) O: Unregister NMethod: java.nio.Buffer.limit (0x0000029cc9bf7888) [0x0000029cc9bf79a0, 0x0000029cc9bf7ab0] 
[2024-10-26T03:26:26.008+0530][1.399s][debug][gc,nmethod     ] GC(0) O: Unregister NMethod: java.lang.String.equalsIgnoreCase (0x0000029cc2327e88) [0x0000029cc2328000, 0x0000029cc2328588] 
[2024-10-26T03:26:26.008+0530][1.399s][debug][gc,nmethod     ] GC(0) O: Unregister NMethod: java.util.ArrayDeque.<init> (0x0000029cc22c3888) [0x0000029cc22c39c0, 0x0000029cc22c3c98] 
[2024-10-26T03:26:26.008+0530][1.399s][debug][gc,nmethod     ] GC(0) O: Unregister NMethod: java.util.ImmutableCollections$List12.get (0x0000029cc2078388) [0x0000029cc20784c0, 0x0000029cc20787a8] 
[2024-10-26T03:26:26.008+0530][1.399s][debug][gc,nmethod     ] GC(0) O: Unregister NMethod: java.lang.invoke.DirectMethodHandle$Holder.invokeStatic (0x0000029cc22d4488) [0x0000029cc22d45e0, 0x0000029cc22d4b50] 
[2024-10-26T03:26:26.008+0530][1.399s][debug][gc,nmethod     ] GC(0) O: Unregister NMethod: java.util.LinkedHashMap.get (0x0000029cc2137108) [0x0000029cc2137260, 0x0000029cc21374d0] 
[2024-10-26T03:26:26.008+0530][1.399s][debug][gc,nmethod     ] GC(0) O: Unregister NMethod: org.springframework.boot.autoconfigure.AutoConfigurationSorter$AutoConfigurationClasses$$Lambda/0x000002a0d42991f0.accept (0x0000029cc25e6988) [0x0000029cc25e6b00, 0x0000029cc25e70a8] 
[2024-10-26T03:26:26.008+0530][1.399s][debug][gc,nmethod     ] GC(0) O: Unregister NMethod: java.util.ImmutableCollections$SetN$SetNIterator.hasNext (0x0000029cc1fd5788) [0x0000029cc1fd58a0, 0x0000029cc1fd59f8] 
[2024-10-26T03:26:26.008+0530][1.399s][debug][gc,nmethod     ] GC(0) O: Unregister NMethod: org.springframework.boot.loader.zip.ZipContent.getFirstLookupIndex (0x0000029cc2410f08) [0x0000029cc2411060, 0x0000029cc2411428] 
[2024-10-26T03:26:26.009+0530][1.399s][debug][gc,nmethod     ] GC(0) O: Unregister NMethod: java.util.HashMap.getNode (0x0000029cc9bb5688) [0x0000029cc9bb5860, 0x0000029cc9bb5fa8] 
[2024-10-26T03:26:26.009+0530][1.399s][debug][gc,nmethod     ] GC(0) O: Unregister NMethod: jdk.internal.classfile.impl.EntryMap.put (0x0000029cc2060c08) [0x0000029cc2060dc0, 0x0000029cc20614c0] 
[2024-10-26T03:26:26.009+0530][1.399s][debug][gc,nmethod     ] GC(0) O: Unregister NMethod: java.util.Objects.checkFromIndexSize (0x0000029cc2026008) [0x0000029cc2026140, 0x0000029cc2026340] 
[2024-10-26T03:26:26.009+0530][1.399s][debug][gc,nmethod     ] GC(0) O: Unregister NMethod: java.util.HashMap.putVal (0x0000029cc23def08) [0x0000029cc23df160, 0x0000029cc23e03c8] 
[2024-10-26T03:26:26.009+0530][1.399s][debug][gc,nmethod     ] GC(0) O: Unregister NMethod: java.lang.Math.clamp (0x0000029cc22eae08) [0x0000029cc22eafe0, 0x0000029cc22eb828] 
[2024-10-26T03:26:26.009+0530][1.399s][debug][gc,nmethod     ] GC(0) O: Unregister NMethod: java.lang.StringLatin1.writeDigitPair (0x0000029cc21cdf88) [0x0000029cc21ce0a0, 0x0000029cc21ce270] 
[2024-10-26T03:26:26.009+0530][1.399s][debug][gc,nmethod     ] GC(0) O: Unregister NMethod: jdk.internal.loader.URLClassPath$Loader$1.getCodeSourceURL (0x0000029cc23a6b88) [0x0000029cc23a6ca0, 0x0000029cc23a6e10] 
[2024-10-26T03:26:26.009+0530][1.399s][debug][gc,nmethod     ] Register NMethod: org.springframework.util.MultiValueMapAdapter.isEmpty (0x0000029cc26db588) [0x0000029cc26db6c0, 0x0000029cc26db8d0] Compiler: c1, Barriers: 1, Oops: 1, ImmediateOops: 0, NonImmediateOops: No
[2024-10-26T03:26:26.009+0530][1.399s][debug][gc,nmethod     ] GC(0) O: Unregister NMethod: java.util.LinkedHashMap.values (0x0000029cc2251e08) [0x0000029cc2251f20, 0x0000029cc2252078] 
[2024-10-26T03:26:26.009+0530][1.399s][debug][gc,nmethod     ] GC(0) O: Unregister NMethod: org.springframework.boot.loader.zip.ZipContent$Loader.sort (0x0000029cc2295b08) [0x0000029cc2295ca0, 0x0000029cc2296288] 
[2024-10-26T03:26:26.009+0530][1.399s][debug][gc,nmethod     ] GC(0) O: Unregister NMethod: jdk.internal.jimage.ImageStringsReader.unmaskedHashCode (0x0000029cc203c388) [0x0000029cc203c560, 0x0000029cc203d0b0] 
[2024-10-26T03:26:26.009+0530][1.399s][debug][gc,nmethod     ] GC(0) O: Unregister NMethod: jdk.proxy1.$Proxy6.annotationType (0x0000029cc21ea308) [0x0000029cc21ea460, 0x0000029cc21ea7d8] 
[2024-10-26T03:26:26.009+0530][1.399s][debug][gc,nmethod     ] GC(0) O: Unregister NMethod: java.lang.CharacterDataLatin1.equalsIgnoreCase (0x0000029cc2327688) [0x0000029cc23277c0, 0x0000029cc2327a70] 
[2024-10-26T03:26:26.009+0530][1.399s][debug][gc,nmethod     ] GC(0) O: Unregister NMethod: java.util.ImmutableCollections$SetN$SetNIterator.next (0x0000029cc1fd9488) [0x0000029cc1fd95e0, 0x0000029cc1fd9968] 
[2024-10-26T03:26:26.009+0530][1.399s][debug][gc,nmethod     ] GC(0) O: Unregister NMethod: java.lang.Byte.toUnsignedInt (0x0000029cc1fd0988) [0x0000029cc1fd0aa0, 0x0000029cc1fd0b98] 
[2024-10-26T03:26:26.009+0530][1.399s][debug][gc,nmethod     ] GC(0) O: Unregister NMethod: java.util.ImmutableCollections$AbstractImmutableList.iterator (0x0000029cc20aef88) [0x0000029cc20af0c0, 0x0000029cc20af448] 
[2024-10-26T03:26:26.009+0530][1.399s][debug][gc,nmethod     ] GC(0) O: Unregister NMethod: org.springframework.boot.loader.net.protocol.jar.Handler.parseURL (0x0000029cc2573588) [0x0000029cc2573740, 0x0000029cc2573dd8] 
[2024-10-26T03:26:26.009+0530][1.399s][debug][gc,nmethod     ] GC(0) O: Unregister NMethod: java.util.HashMap.putVal (0x0000029cc9bc9608) [0x0000029cc9bc9880, 0x0000029cc9bcac40] 
[2024-10-26T03:26:26.009+0530][1.399s][debug][gc,nmethod     ] GC(0) O: Unregister NMethod: java.util.concurrent.ConcurrentHashMap.computeIfAbsent (0x0000029cc228ad08) [0x0000029cc228b100, 0x0000029cc228d6b0] 
[2024-10-26T03:26:26.009+0530][1.399s][debug][gc,nmethod     ] GC(0) O: Unregister NMethod: jdk.internal.util.xml.impl.Parser.del (0x0000029cc200d408) [0x0000029cc200d560, 0x0000029cc200d9d8] 
[2024-10-26T03:26:26.009+0530][1.399s][debug][gc,nmethod     ] GC(0) O: Unregister NMethod: org.springframework.boot.loader.zip.NameOffsetLookups.swap (0x0000029cc2295008) [0x0000029cc22951c0, 0x0000029cc2295ab8] 
[2024-10-26T03:26:26.009+0530][1.399s][debug][gc,nmethod     ] GC(0) O: Unregister NMethod: jdk.jfr.internal.MetadataWriter.write (0x0000029cc224ca88) [0x0000029cc224cd20, 0x0000029cc224dfb0] 
[2024-10-26T03:26:26.009+0530][1.399s][debug][gc,nmethod     ] GC(0) O: Unregister NMethod: jdk.internal.misc.InternalLock.lock (0x0000029cc202c608) [0x0000029cc202c760, 0x0000029cc202cb58] 
[2024-10-26T03:26:26.009+0530][1.399s][debug][gc,nmethod     ] GC(0) O: Unregister NMethod: java.util.HashMap.put (0x0000029cc2191088) [0x0000029cc21911c0, 0x0000029cc21914c0] 
[2024-10-26T03:26:26.009+0530][1.399s][debug][gc,nmethod     ] GC(0) O: Unregister NMethod: java.util.Objects.hashCode (0x0000029cc9ba3388) [0x0000029cc9ba3480, 0x0000029cc9ba3570] 
[2024-10-26T03:26:26.009+0530][1.399s][debug][gc,nmethod     ] GC(0) O: Unregister NMethod: java.lang.CharacterDataLatin1.isJavaIdentifierPart (0x0000029cc217d388) [0x0000029cc217d4a0, 0x0000029cc217d6a0] 
[2024-10-26T03:26:26.009+0530][1.399s][debug][gc,nmethod     ] GC(0) O: Unregister NMethod: java.util.stream.AbstractPipeline.isParallel (0x0000029cc2376688) [0x0000029cc23767a0, 0x0000029cc23768e8] 
[2024-10-26T03:26:26.009+0530][1.399s][debug][gc,nmethod     ] GC(0) O: Unregister NMethod: java.lang.StringLatin1.indexOf (0x0000029cc2267488) [0x0000029cc22675e0, 0x0000029cc2267a78] 
[2024-10-26T03:26:26.009+0530][1.399s][debug][gc,nmethod     ] GC(0) O: Unregister NMethod: java.nio.DirectByteBuffer.ix (0x0000029cc203ab08) [0x0000029cc203ac20, 0x0000029cc203ad38] 
[2024-10-26T03:26:26.009+0530][1.399s][debug][gc,nmethod     ] GC(0) O: Unregister NMethod: java.util.BitSet.checkInvariants (0x0000029cc2069a88) [0x0000029cc2069ba0, 0x0000029cc2069cd8] 
[2024-10-26T03:26:26.009+0530][1.399s][debug][gc,nmethod     ] GC(0) O: Unregister NMethod: jdk.internal.misc.Unsafe.checkOffset (0x0000029cc227a008) [0x0000029cc227a140, 0x0000029cc227a3b0] 
[2024-10-26T03:26:26.009+0530][1.400s][debug][gc,nmethod     ] GC(0) O: Unregister NMethod: java.nio.ByteBuffer.clear (0x0000029cc2283988) [0x0000029cc2283aa0, 0x0000029cc2283c20] 
[2024-10-26T03:26:26.009+0530][1.400s][debug][gc,nmethod     ] GC(0) O: Unregister NMethod: org.springframework.boot.loader.jar.NestedJarFile.getVersionedContentEntry (0x0000029cc22db288) [0x0000029cc22db440, 0x0000029cc22dba50] 
[2024-10-26T03:26:26.009+0530][1.400s][debug][gc,nmethod     ] GC(0) O: Unregister NMethod: java.util.zip.Inflater.ensureOpen (0x0000029cc2299188) [0x0000029cc22992c0, 0x0000029cc2299540] 
[2024-10-26T03:26:26.009+0530][1.400s][debug][gc,nmethod     ] GC(0) O: Unregister NMethod: org.springframework.util.StringUtils.cleanPath (0x0000029cc2495908) [0x0000029cc2495fc0, 0x0000029cc2499a70] 
[2024-10-26T03:26:26.009+0530][1.400s][debug][gc,nmethod     ] GC(0) O: Unregister NMethod: org.springframework.boot.loader.net.util.UrlDecoder.decode (0x0000029cc22dc488) [0x0000029cc22dc840, 0x0000029cc22ddfc8] 
[2024-10-26T03:26:26.009+0530][1.400s][debug][gc,nmethod     ] GC(0) O: Unregister NMethod: java.lang.ClassLoader.getClassLoadingLock (0x0000029cc2298588) [0x0000029cc22986c0, 0x0000029cc22989d8] 
[2024-10-26T03:26:26.009+0530][1.400s][debug][gc,nmethod     ] GC(0) O: Unregister NMethod: jdk.internal.classfile.impl.Util.checkKind (0x0000029cc2063b08) [0x0000029cc2063cc0, 0x0000029cc2064570] 
[2024-10-26T03:26:26.009+0530][1.400s][debug][gc,nmethod     ] GC(0) O: Unregister NMethod: java.lang.CharacterDataLatin1.equalsIgnoreCase (0x0000029cc9c0d388) [0x0000029cc9c0d480, 0x0000029cc9c0d540] 
[2024-10-26T03:26:26.009+0530][1.400s][debug][gc,nmethod     ] GC(0) O: Unregister NMethod: java.net.URL.<init> (0x0000029cc9c94588) [0x0000029cc9c94a20, 0x0000029cc9c99298] 
[2024-10-26T03:26:26.009+0530][1.400s][debug][gc,nmethod     ] GC(0) O: Unregister NMethod: java.net.URL.<init> (0x0000029cc22ca388) [0x0000029cc22ca9a0, 0x0000029cc22ce280] 
[2024-10-26T03:26:26.009+0530][1.400s][debug][gc,nmethod     ] GC(0) O: Unregister NMethod: java.lang.invoke.MethodType.makeImpl (0x0000029cc1ff9a88) [0x0000029cc1ff9d80, 0x0000029cc1ffb3c0] 
[2024-10-26T03:26:26.009+0530][1.400s][debug][gc,phases      ] GC(0) O: Concurrent Classes Unlink 11.558ms
[2024-10-26T03:26:26.009+0530][1.400s][debug][gc,phases,start] GC(0) O: Concurrent Classes Purge
[2024-10-26T03:26:26.009+0530][1.400s][debug][gc,nmethod     ] GC(0) O: Purge NMethod: java.net.URLStreamHandler.parseURL (0x0000029cc22ffc08) [0x0000029cc2300fc0, 0x0000029cc230da10] 
[2024-10-26T03:26:26.009+0530][1.400s][debug][gc,nmethod     ] GC(0) O: Purge NMethod: java.util.ImmutableCollections$ListItr.hasNext (0x0000029cc2078b08) [0x0000029cc2078c20, 0x0000029cc2078d80] 
[2024-10-26T03:26:26.009+0530][1.400s][debug][gc,nmethod     ] GC(0) O: Purge NMethod: java.util.concurrent.ConcurrentHashMap.putVal (0x0000029cc2525688) [0x0000029cc25259c0, 0x0000029cc2527660] 
[2024-10-26T03:26:26.009+0530][1.400s][debug][gc,nmethod     ] GC(0) O: Purge NMethod: java.net.URL.getURLStreamHandler (0x0000029cc22e6a08) [0x0000029cc22e6c40, 0x0000029cc22e7b00] 
[2024-10-26T03:26:26.009+0530][1.400s][debug][gc,nmethod     ] GC(0) O: Purge NMethod: jdk.internal.org.objectweb.asm.ByteVector.putShort (0x0000029cc2003a88) [0x0000029cc2003bc0, 0x0000029cc2003e20] 
[2024-10-26T03:26:26.009+0530][1.400s][debug][gc,nmethod     ] GC(0) O: Purge NMethod: jdk.internal.classfile.impl.ClassReaderImpl.checkType (0x0000029cc20a8a88) [0x0000029cc20a8cc0, 0x0000029cc20a9788] 
[2024-10-26T03:26:26.009+0530][1.400s][debug][gc,nmethod     ] GC(0) O: Purge NMethod: java.lang.String.indexOf (0x0000029cc9c8c888) [0x0000029cc9c8c9a0, 0x0000029cc9c8cdf8] 
[2024-10-26T03:26:26.009+0530][1.400s][debug][gc,nmethod     ] GC(0) O: Purge NMethod: java.net.URLStreamHandler.sameFile (0x0000029cc22e1608) [0x0000029cc22e17e0, 0x0000029cc22e2150] 
[2024-10-26T03:26:26.009+0530][1.400s][debug][gc,nmethod     ] GC(0) O: Purge NMethod: org.springframework.core.env.PropertiesPropertySource$$Lambda/0x000002a0d4145248.test (0x0000029cc242df88) [0x0000029cc242e0a0, 0x0000029cc242e2e0] 
[2024-10-26T03:26:26.009+0530][1.400s][debug][gc,nmethod     ] GC(0) O: Purge NMethod: java.util.Collections$UnmodifiableCollection.iterator (0x0000029cc210bc08) [0x0000029cc210bd60, 0x0000029cc210c180] 
[2024-10-26T03:26:26.009+0530][1.400s][debug][gc,nmethod     ] GC(0) O: Purge NMethod: java.util.ImmutableCollections$ListN.size (0x0000029cc207ca88) [0x0000029cc207cba0, 0x0000029cc207cce0] 
[2024-10-26T03:26:26.009+0530][1.400s][debug][gc,nmethod     ] GC(0) O: Purge NMethod: org.springframework.boot.loader.zip.FileDataBlock$FileAccess.read (0x0000029cc2280d08) [0x0000029cc2280e80, 0x0000029cc2281660] 
[2024-10-26T03:26:26.009+0530][1.400s][debug][gc,nmethod     ] GC(0) O: Purge NMethod: java.util.concurrent.ConcurrentHashMap$BaseIterator.hasNext (0x0000029cc2037e88) [0x0000029cc2037fa0, 0x0000029cc2038130] 
[2024-10-26T03:26:26.009+0530][1.400s][debug][gc,nmethod     ] GC(0) O: Purge NMethod: org.springframework.boot.loader.zip.FileDataBlock.read (0x0000029cc227f808) [0x0000029cc227f9c0, 0x0000029cc2280248] 
[2024-10-26T03:26:26.009+0530][1.400s][debug][gc,nmethod     ] GC(0) O: Purge NMethod: java.util.concurrent.ConcurrentHashMap.putVal (0x0000029cc1fd9c88) [0x0000029cc1fd9fc0, 0x0000029cc1fdbc18] 
[2024-10-26T03:26:26.009+0530][1.400s][debug][gc,nmethod     ] GC(0) O: Purge NMethod: java.util.ArrayDeque.poll (0x0000029cc207b008) [0x0000029cc207b120, 0x0000029cc207b278] 
[2024-10-26T03:26:26.009+0530][1.400s][debug][gc,nmethod     ] GC(0) O: Purge NMethod: org.springframework.boot.loader.zip.ZipContent$Loader.swap (0x0000029cc2294b88) [0x0000029cc2294ce0, 0x0000029cc2294fc8] 
[2024-10-26T03:26:26.009+0530][1.400s][debug][gc,nmethod     ] GC(0) O: Purge NMethod: java.lang.AbstractStringBuilder.append (0x0000029cc2524d88) [0x0000029cc2524f20, 0x0000029cc2525608] 
[2024-10-26T03:26:26.009+0530][1.400s][debug][gc,nmethod     ] GC(0) O: Purge NMethod: org.springframework.boot.loader.net.protocol.jar.Handler.parseURL (0x0000029cc9c9a188) [0x0000029cc9c9a500, 0x0000029cc9c9d678] 
[2024-10-26T03:26:26.009+0530][1.400s][debug][gc,nmethod     ] GC(0) O: Purge NMethod: org.springframework.boot.loader.net.protocol.jar.Handler.extractContextPath (0x0000029cc22f0808) [0x0000029cc22f0ac0, 0x0000029cc22f1bb8] 
[2024-10-26T03:26:26.009+0530][1.400s][debug][gc,nmethod     ] GC(0) O: Purge NMethod: java.util.ArrayDeque.addFirst (0x0000029cc2478388) [0x0000029cc24784e0, 0x0000029cc24789b0] 
[2024-10-26T03:26:26.009+0530][1.400s][debug][gc,nmethod     ] GC(0) O: Purge NMethod: java.util.stream.Nodes$SpinedNodeBuilder.accept (0x0000029cc2423d88) [0x0000029cc2423ea0, 0x0000029cc2423ff0] 
[2024-10-26T03:26:26.010+0530][1.400s][debug][gc,nmethod     ] GC(0) O: Purge NMethod: java.lang.String.equals (0x0000029cc9b6d208) [0x0000029cc9b6d320, 0x0000029cc9b6d590] 
[2024-10-26T03:26:26.010+0530][1.400s][debug][gc,nmethod     ] GC(0) O: Purge NMethod: java.util.concurrent.locks.AbstractQueuedSynchronizer.compareAndSetState (0x0000029cc9b75688) [0x0000029cc9b75780, 0x0000029cc9b75810] 
[2024-10-26T03:26:26.010+0530][1.400s][debug][gc,nmethod     ] GC(0) O: Purge NMethod: java.lang.Object.equals (0x0000029cc1fef108) [0x0000029cc1fef220, 0x0000029cc1fef378] 
[2024-10-26T03:26:26.010+0530][1.400s][debug][gc,nmethod     ] GC(0) O: Purge NMethod: java.lang.AbstractStringBuilder.append (0x0000029cc9c3fe08) [0x0000029cc9c3ff60, 0x0000029cc9c405c0] 
[2024-10-26T03:26:26.010+0530][1.400s][debug][gc,nmethod     ] GC(0) O: Purge NMethod: java.util.Collections.emptyList (0x0000029cc21cd708) [0x0000029cc21cd820, 0x0000029cc21cd918] 
[2024-10-26T03:26:26.010+0530][1.400s][debug][gc,nmethod     ] GC(0) O: Purge NMethod: java.lang.String.indexOf (0x0000029cc1ffbc88) [0x0000029cc1ffbe20, 0x0000029cc1ffc460] 
[2024-10-26T03:26:26.010+0530][1.400s][debug][gc,nmethod     ] GC(0) O: Purge NMethod: jdk.internal.misc.Unsafe.checkNativeAddress (0x0000029cc2281f88) [0x0000029cc22820a0, 0x0000029cc22821b8] 
[2024-10-26T03:26:26.010+0530][1.400s][debug][gc,nmethod     ] GC(0) O: Purge NMethod: java.lang.String.indexOf (0x0000029cc22e8888) [0x0000029cc22e89e0, 0x0000029cc22e8cd8] 
[2024-10-26T03:26:26.010+0530][1.400s][debug][gc,nmethod     ] GC(0) O: Purge NMethod: java.util.Properties.loadConvert (0x0000029cc2372008) [0x0000029cc2372280, 0x0000029cc2373530] 
[2024-10-26T03:26:26.010+0530][1.400s][debug][gc,nmethod     ] GC(0) O: Purge NMethod: java.lang.Class.getName (0x0000029cc2047f08) [0x0000029cc2048040, 0x0000029cc20481f8] 
[2024-10-26T03:26:26.010+0530][1.400s][debug][gc,nmethod     ] GC(0) O: Purge NMethod: java.lang.StringLatin1.indexOf (0x0000029cc9be5788) [0x0000029cc9be58c0, 0x0000029cc9be5f10] 
[2024-10-26T03:26:26.010+0530][1.400s][debug][gc,nmethod     ] GC(0) O: Purge NMethod: org.springframework.boot.loader.zip.ZipCentralDirectoryFileHeaderRecord.load (0x0000029cc2285f88) [0x0000029cc22862c0, 0x0000029cc2287a68] 
[2024-10-26T03:26:26.010+0530][1.400s][debug][gc,nmethod     ] GC(0) O: Purge NMethod: java.util.LinkedHashMap.get (0x0000029cc9bdaa08) [0x0000029cc9bdab60, 0x0000029cc9bdb048] 
[2024-10-26T03:26:26.010+0530][1.400s][debug][gc,nmethod     ] GC(0) O: Purge NMethod: org.springframework.boot.loader.zip.ZipString.hash (0x0000029cc22cf208) [0x0000029cc22cf400, 0x0000029cc22d0178] 
[2024-10-26T03:26:26.010+0530][1.400s][debug][gc,nmethod     ] GC(0) O: Purge NMethod: java.lang.String.isLatin1 (0x0000029cc1fd0688) [0x0000029cc1fd07a0, 0x0000029cc1fd0910] 
[2024-10-26T03:26:26.010+0530][1.400s][debug][gc,nmethod     ] GC(0) O: Purge NMethod: java.nio.ByteBuffer.position (0x0000029cc20ebd88) [0x0000029cc20ebea0, 0x0000029cc20ec068] 
[2024-10-26T03:26:26.010+0530][1.400s][debug][gc,nmethod     ] GC(0) O: Purge NMethod: java.lang.StringConcatHelper.simpleConcat (0x0000029cc229db08) [0x0000029cc229ddc0, 0x0000029cc229f050] 
[2024-10-26T03:26:26.010+0530][1.400s][debug][gc,nmethod     ] GC(0) O: Purge NMethod: java.util.ArrayList.add (0x0000029cc256c988) [0x0000029cc256cae0, 0x0000029cc256cf30] 
[2024-10-26T03:26:26.010+0530][1.400s][debug][gc,nmethod     ] GC(0) O: Purge NMethod: jdk.internal.org.objectweb.asm.ByteVector.putUTF8 (0x0000029cc2001e88) [0x0000029cc2002080, 0x0000029cc2002be8] 
[2024-10-26T03:26:26.010+0530][1.400s][debug][gc,nmethod     ] GC(0) O: Purge NMethod: jdk.internal.classfile.impl.BufWriterImpl.writeU1 (0x0000029cc204c108) [0x0000029cc204c220, 0x0000029cc204c368] 
[2024-10-26T03:26:26.010+0530][1.400s][debug][gc,nmethod     ] GC(0) O: Purge NMethod: org.springframework.asm.ClassReader.readInt (0x0000029cc25eeb88) [0x0000029cc25eeca0, 0x0000029cc25eeea0] 
[2024-10-26T03:26:26.010+0530][1.400s][debug][gc,nmethod     ] GC(0) O: Purge NMethod: jdk.internal.classfile.impl.SplitConstantPool.tryFindUtf8 (0x0000029cc206a708) [0x0000029cc206a940, 0x0000029cc206b6b0] 
[2024-10-26T03:26:26.010+0530][1.400s][debug][gc,nmethod     ] GC(0) O: Purge NMethod: java.net.URL.<init> (0x0000029cc9ce5308) [0x0000029cc9ce56a0, 0x0000029cc9ce8380] 
[2024-10-26T03:26:26.010+0530][1.400s][debug][gc,nmethod     ] GC(0) O: Purge NMethod: java.lang.invoke.MethodType.hashCode (0x0000029cc1fdf688) [0x0000029cc1fdf7e0, 0x0000029cc1fdfbf0] 
[2024-10-26T03:26:26.010+0530][1.400s][debug][gc,nmethod     ] GC(0) O: Purge NMethod: java.util.HashMap.afterNodeInsertion (0x0000029cc1fe6188) [0x0000029cc1fe62a0, 0x0000029cc1fe63a8] 
[2024-10-26T03:26:26.010+0530][1.400s][debug][gc,nmethod     ] GC(0) O: Purge NMethod: jdk.internal.classfile.impl.RawBytecodeHelper.rawNext (0x0000029cc205a788) [0x0000029cc205a980, 0x0000029cc205b7a0] 
[2024-10-26T03:26:26.010+0530][1.400s][debug][gc,nmethod     ] GC(0) O: Purge NMethod: sun.net.www.ParseUtil.firstEncodeIndex (0x0000029cc9c14a08) [0x0000029cc9c14b40, 0x0000029cc9c14e48] 
[2024-10-26T03:26:26.010+0530][1.400s][debug][gc,nmethod     ] GC(0) O: Purge NMethod: java.net.URLStreamHandler.parseURL (0x0000029cc9c73688) [0x0000029cc9c73900, 0x0000029cc9c75d10] 
[2024-10-26T03:26:26.010+0530][1.400s][debug][gc,nmethod     ] GC(0) O: Purge NMethod: java.io.ByteArrayInputStream.read (0x0000029cc9bac888) [0x0000029cc9bac9a0, 0x0000029cc9bace28] 
[2024-10-26T03:26:26.010+0530][1.400s][debug][gc,nmethod     ] GC(0) O: Purge NMethod: java.lang.String.<init> (0x0000029cc2009288) [0x0000029cc2009420, 0x0000029cc2009a70] 
[2024-10-26T03:26:26.010+0530][1.400s][debug][gc,nmethod     ] GC(0) O: Purge NMethod: java.nio.ByteOrder.nativeOrder (0x0000029cc20e3988) [0x0000029cc20e3aa0, 0x0000029cc20e3b98] 
[2024-10-26T03:26:26.010+0530][1.400s][debug][gc,nmethod     ] GC(0) O: Purge NMethod: sun.reflect.generics.parser.SignatureParser.current (0x0000029cc23b8088) [0x0000029cc23b8220, 0x0000029cc23b8950] 
[2024-10-26T03:26:26.010+0530][1.400s][debug][gc,nmethod     ] GC(0) O: Purge NMethod: java.lang.CharacterDataLatin1.isJavaIdentifierPart (0x0000029cc9bb7988) [0x0000029cc9bb7a80, 0x0000029cc9bb7b48] 
[2024-10-26T03:26:26.010+0530][1.400s][debug][gc,nmethod     ] GC(0) O: Purge NMethod: java.nio.DirectByteBuffer.get (0x0000029cc203b788) [0x0000029cc203b960, 0x0000029cc203c2b8] 
[2024-10-26T03:26:26.010+0530][1.400s][debug][gc,nmethod     ] GC(0) O: Purge NMethod: java.lang.CharacterDataLatin1.toUpperCaseEx (0x0000029cc2424d08) [0x0000029cc2424e40, 0x0000029cc24250d8] 
[2024-10-26T03:26:26.010+0530][1.400s][debug][gc,nmethod     ] GC(0) O: Purge NMethod: java.lang.invoke.VarHandle.checkAccessModeThenIsDirect (0x0000029cc2030b08) [0x0000029cc2030ca0, 0x0000029cc2031638] 
[2024-10-26T03:26:26.010+0530][1.400s][debug][gc,nmethod     ] GC(0) O: Purge NMethod: java.util.concurrent.locks.AbstractQueuedSynchronizer.release (0x0000029cc2027a88) [0x0000029cc2027c20, 0x0000029cc2028290] 
[2024-10-26T03:26:26.010+0530][1.400s][debug][gc,nmethod     ] GC(0) O: Purge NMethod: java.lang.Boolean.valueOf (0x0000029cc221a488) [0x0000029cc221a5a0, 0x0000029cc221a708] 
[2024-10-26T03:26:26.010+0530][1.400s][debug][gc,nmethod     ] GC(0) O: Purge NMethod: java.util.ArrayDeque.add (0x0000029cc20e3c88) [0x0000029cc20e3da0, 0x0000029cc20e3ef8] 
[2024-10-26T03:26:26.010+0530][1.400s][debug][gc,nmethod     ] GC(0) O: Purge NMethod: java.util.ImmutableCollections$List12.size (0x0000029cc2072b88) [0x0000029cc2072ca0, 0x0000029cc2072e58] 
[2024-10-26T03:26:26.010+0530][1.400s][debug][gc,nmethod     ] GC(0) O: Purge NMethod: java.lang.reflect.Proxy.newProxyInstance (0x0000029cc21f4a08) [0x0000029cc21f4c00, 0x0000029cc21f5738] 
[2024-10-26T03:26:26.010+0530][1.400s][debug][gc,nmethod     ] GC(0) O: Purge NMethod: java.util.concurrent.ConcurrentHashMap.putIfAbsent (0x0000029cc1fdcc08) [0x0000029cc1fdcd20, 0x0000029cc1fdce60] 
[2024-10-26T03:26:26.010+0530][1.400s][debug][gc,nmethod     ] GC(0) O: Purge NMethod: sun.util.locale.LocaleUtils.toLower (0x0000029cc24f3a08) [0x0000029cc24f3b20, 0x0000029cc24f3d30] 
[2024-10-26T03:26:26.010+0530][1.400s][debug][gc,nmethod     ] GC(0) O: Purge NMethod: jdk.internal.classfile.impl.SplitConstantPool.internalAdd (0x0000029cc2061f08) [0x0000029cc20620a0, 0x0000029cc2062880] 
[2024-10-26T03:26:26.010+0530][1.400s][debug][gc,nmethod     ] GC(0) O: Purge NMethod: java.lang.StringLatin1.toUpperCase (0x0000029cc2478a08) [0x0000029cc2478c00, 0x0000029cc2479830] 
[2024-10-26T03:26:26.010+0530][1.400s][debug][gc,nmethod     ] GC(0) O: Purge NMethod: java.lang.StringLatin1.regionMatchesCI (0x0000029cc9c14008) [0x0000029cc9c14100, 0x0000029cc9c14368] 
[2024-10-26T03:26:26.010+0530][1.400s][debug][gc,nmethod     ] GC(0) O: Purge NMethod: java.lang.CharacterDataLatin1.equalsIgnoreCase (0x0000029cc2253808) [0x0000029cc2253940, 0x0000029cc2253bf0] 
[2024-10-26T03:26:26.010+0530][1.400s][debug][gc,nmethod     ] GC(0) O: Purge NMethod: org.springframework.boot.loader.net.protocol.jar.Handler.extractPath (0x0000029cc9c92308) [0x0000029cc9c925e0, 0x0000029cc9c943c0] 
[2024-10-26T03:26:26.010+0530][1.400s][debug][gc,nmethod     ] GC(0) O: Purge NMethod: java.util.ArrayList.get (0x0000029cc2058a08) [0x0000029cc2058b40, 0x0000029cc2058df8] 
[2024-10-26T03:26:26.010+0530][1.400s][debug][gc,nmethod     ] GC(0) O: Purge NMethod: jdk.internal.classfile.impl.SplitConstantPool.map (0x0000029cc2054a08) [0x0000029cc2054c60, 0x0000029cc2055b40] 
[2024-10-26T03:26:26.010+0530][1.401s][debug][gc,nmethod     ] GC(0) O: Purge NMethod: java.util.regex.Pattern$Start.match (0x0000029cc24f1a08) [0x0000029cc24f1b60, 0x0000029cc24f1f98] 
[2024-10-26T03:26:26.010+0530][1.401s][debug][gc,nmethod     ] GC(0) O: Purge NMethod: java.lang.invoke.MethodHandleImpl.makePairwiseConvertByEditor (0x0000029cc23c3e08) [0x0000029cc23c4600, 0x0000029cc23c9ad0] 
[2024-10-26T03:26:26.010+0530][1.401s][debug][gc,nmethod     ] GC(0) O: Purge NMethod: java.lang.invoke.MethodType.parameterType (0x0000029cc1ff8608) [0x0000029cc1ff8720, 0x0000029cc1ff88b8] 
[2024-10-26T03:26:26.010+0530][1.401s][debug][gc,nmethod     ] GC(0) O: Purge NMethod: java.lang.Character.codePointAt (0x0000029cc2178a08) [0x0000029cc2178b80, 0x0000029cc21791a8] 
[2024-10-26T03:26:26.010+0530][1.401s][debug][gc,nmethod     ] GC(0) O: Purge NMethod: java.util.LinkedHashMap.<init> (0x0000029cc224f208) [0x0000029cc224f360, 0x0000029cc224f518] 
[2024-10-26T03:26:26.010+0530][1.401s][debug][gc,nmethod     ] GC(0) O: Purge NMethod: org.springframework.boot.loader.zip.ZipContent.loadZipCentralDirectoryFileHeaderRecord (0x0000029cc22a6808) [0x0000029cc22a6980, 0x0000029cc22a6e00] 
[2024-10-26T03:26:26.010+0530][1.401s][debug][gc,nmethod     ] GC(0) O: Purge NMethod: java.nio.ByteBuffer.position (0x0000029cc20bf108) [0x0000029cc20bf220, 0x0000029cc20bf370] 
[2024-10-26T03:26:26.010+0530][1.401s][debug][gc,nmethod     ] GC(0) O: Purge NMethod: java.util.Comparator.lambda$comparingLong$6043328a$1 (0x0000029cc219e088) [0x0000029cc219e1e0, 0x0000029cc219e838] 
[2024-10-26T03:26:26.010+0530][1.401s][debug][gc,nmethod     ] GC(0) O: Purge NMethod: java.util.regex.Pattern$$Lambda/0x800000032.is (0x0000029cc24eff88) [0x0000029cc24f00a0, 0x0000029cc24f0258] 
[2024-10-26T03:26:26.010+0530][1.401s][debug][gc,nmethod     ] GC(0) O: Purge NMethod: java.util.Collections$UnmodifiableCollection$1.hasNext (0x0000029cc20ea808) [0x0000029cc20ea940, 0x0000029cc20eab50] 
[2024-10-26T03:26:26.010+0530][1.401s][debug][gc,nmethod     ] GC(0) O: Purge NMethod: java.io.BufferedReader.implRead (0x0000029cc2325c88) [0x0000029cc2325e00, 0x0000029cc23262f8] 
[2024-10-26T03:26:26.010+0530][1.401s][debug][gc,nmethod     ] GC(0) O: Purge NMethod: java.nio.HeapByteBuffer.<init> (0x0000029cc2284908) [0x0000029cc2284a20, 0x0000029cc2284c30] 
[2024-10-26T03:26:26.010+0530][1.401s][debug][gc,nmethod     ] GC(0) O: Purge NMethod: java.util.Properties$LineReader.readLine (0x0000029cc237ae08) [0x0000029cc237b1a0, 0x0000029cc237dc58] 
[2024-10-26T03:26:26.010+0530][1.401s][debug][gc,nmethod     ] GC(0) O: Purge NMethod: java.lang.String.regionMatches (0x0000029cc2270d08) [0x0000029cc2270ee0, 0x0000029cc22716d8] 
[2024-10-26T03:26:26.010+0530][1.401s][debug][gc,nmethod     ] GC(0) O: Purge NMethod: java.util.concurrent.ConcurrentHashMap.casTabAt (0x0000029cc1ff3a08) [0x0000029cc1ff3b20, 0x0000029cc1ff3ca0] 
[2024-10-26T03:26:26.010+0530][1.401s][debug][gc,nmethod     ] GC(0) O: Purge NMethod: java.lang.ThreadLocal.getMap (0x0000029cc228f508) [0x0000029cc228f620, 0x0000029cc228f760] 
[2024-10-26T03:26:26.010+0530][1.401s][debug][gc,nmethod     ] GC(0) O: Purge NMethod: java.nio.ByteBuffer.limit (0x0000029cc20c7908) [0x0000029cc20c7a20, 0x0000029cc20c7b70] 
[2024-10-26T03:26:26.010+0530][1.401s][debug][gc,nmethod     ] GC(0) O: Purge NMethod: java.lang.AbstractStringBuilder.append (0x0000029cc1ff7b88) [0x0000029cc1ff7d20, 0x0000029cc1ff82a8] 
[2024-10-26T03:26:26.010+0530][1.401s][debug][gc,nmethod     ] GC(0) O: Purge NMethod: org.springframework.boot.loader.zip.ZipContent$Loader.add (0x0000029cc2293d88) [0x0000029cc2293f20, 0x0000029cc22946b8] 
[2024-10-26T03:26:26.010+0530][1.401s][debug][gc,nmethod     ] GC(0) O: Purge NMethod: java.util.ArrayList.isEmpty (0x0000029cc2076608) [0x0000029cc2076720, 0x0000029cc2076878] 
[2024-10-26T03:26:26.010+0530][1.401s][debug][gc,nmethod     ] GC(0) O: Purge NMethod: java.io.DataInputStream.readFully (0x0000029cc2029188) [0x0000029cc2029300, 0x0000029cc2029828] 
[2024-10-26T03:26:26.010+0530][1.401s][debug][gc,nmethod     ] GC(0) O: Purge NMethod: java.math.BigInteger.destructiveMulAdd (0x0000029cc25a2c08) [0x0000029cc25a2d40, 0x0000029cc25a3058] 
[2024-10-26T03:26:26.010+0530][1.401s][debug][gc,nmethod     ] GC(0) O: Purge NMethod: java.lang.ref.Reference.refersTo (0x0000029cc2267a88) [0x0000029cc2267ba0, 0x0000029cc2267d68] 
[2024-10-26T03:26:26.010+0530][1.401s][debug][gc,nmethod     ] GC(0) O: Purge NMethod: org.springframework.boot.context.properties.source.ConfigurationPropertyName.getNumberOfElements (0x0000029cc23fdb08) [0x0000029cc23fdc20, 0x0000029cc23fdd88] 
[2024-10-26T03:26:26.010+0530][1.401s][debug][gc,nmethod     ] GC(0) O: Purge NMethod: java.util.HashSet.add (0x0000029cc9cbe688) [0x0000029cc9cbe9a0, 0x0000029cc9cc07b8] 
[2024-10-26T03:26:26.010+0530][1.401s][debug][gc,nmethod     ] GC(0) O: Purge NMethod: org.springframework.boot.loader.net.protocol.jar.Handler.extractPath (0x0000029cc2572e88) [0x0000029cc2573000, 0x0000029cc25734e8] 
[2024-10-26T03:26:26.010+0530][1.401s][debug][gc,nmethod     ] GC(0) O: Purge NMethod: java.util.concurrent.locks.ReentrantLock$NonfairSync.initialTryLock (0x0000029cc9c1e208) [0x0000029cc9c1e320, 0x0000029cc9c1e5d8] 
[2024-10-26T03:26:26.010+0530][1.401s][debug][gc,nmethod     ] Register NMethod: org.springframework.core.type.StandardClassMetadata.getIntrospectedClass (0x0000029cc9d55808) [0x0000029cc9d55920, 0x0000029cc9d55a18] Compiler: c1, Barriers: 1, Oops: 1, ImmediateOops: 0, NonImmediateOops: No
[2024-10-26T03:26:26.010+0530][1.401s][debug][gc,nmethod     ] GC(0) O: Purge NMethod: java.lang.Integer.numberOfLeadingZeros (0x0000029cc2138a88) [0x0000029cc2138bc0, 0x0000029cc2138e50] 
[2024-10-26T03:26:26.010+0530][1.401s][debug][gc,nmethod     ] GC(0) O: Purge NMethod: java.lang.ref.Reference.refersTo (0x0000029cc9c3b208) [0x0000029cc9c3b320, 0x0000029cc9c3b490] 
[2024-10-26T03:26:26.010+0530][1.401s][debug][gc,nmethod     ] GC(0) O: Purge NMethod: jdk.internal.constant.MethodTypeDescImpl.parameterCount (0x0000029cc206c708) [0x0000029cc206c820, 0x0000029cc206c960] 
[2024-10-26T03:26:26.010+0530][1.401s][debug][gc,nmethod     ] GC(0) O: Purge NMethod: java.lang.CharacterDataLatin1.isWhitespace (0x0000029cc2076288) [0x0000029cc20763a0, 0x0000029cc20765a0] 
[2024-10-26T03:26:26.010+0530][1.401s][debug][gc,nmethod     ] GC(0) O: Purge NMethod: java.nio.HeapByteBuffer.getInt (0x0000029cc2279408) [0x0000029cc22795e0, 0x0000029cc2279f60] 
[2024-10-26T03:26:26.010+0530][1.401s][debug][gc,nmethod     ] GC(0) O: Purge NMethod: java.lang.StringLatin1.replace (0x0000029cc2024788) [0x0000029cc20249c0, 0x0000029cc2025870] 
[2024-10-26T03:26:26.010+0530][1.401s][debug][gc,nmethod     ] GC(0) O: Purge NMethod: java.util.Arrays.copyOf (0x0000029cc2009b08) [0x0000029cc2009c40, 0x0000029cc200a048] 
[2024-10-26T03:26:26.010+0530][1.401s][debug][gc,nmethod     ] GC(0) O: Purge NMethod: org.springframework.boot.context.properties.source.ConfigurationPropertyName$ElementsParser.parse (0x0000029cc2426208) [0x0000029cc24263e0, 0x0000029cc2426d58] 
[2024-10-26T03:26:26.010+0530][1.401s][debug][gc,nmethod     ] GC(0) O: Purge NMethod: java.util.jar.Manifest$FastInputStream.readLine (0x0000029cc229fd88) [0x0000029cc229ff20, 0x0000029cc22a0788] 
[2024-10-26T03:26:26.010+0530][1.401s][debug][gc,nmethod     ] GC(0) O: Purge NMethod: java.util.Objects.requireNonNull (0x0000029cc1fe1588) [0x0000029cc1fe16c0, 0x0000029cc1fe18a8] 
[2024-10-26T03:26:26.010+0530][1.401s][debug][gc,nmethod     ] GC(0) O: Purge NMethod: java.lang.System.getSecurityManager (0x0000029cc2039788) [0x0000029cc20398a0, 0x0000029cc2039a10] 
[2024-10-26T03:26:26.010+0530][1.401s][debug][gc,nmethod     ] GC(0) O: Purge NMethod: java.lang.Object.<init> (0x0000029cc1fd0388) [0x0000029cc1fd04a0, 0x0000029cc1fd05a8] 
[2024-10-26T03:26:26.010+0530][1.401s][debug][gc,nmethod     ] GC(0) O: Purge NMethod: java.nio.ByteBuffer.put (0x0000029cc2281708) [0x0000029cc22818a0, 0x0000029cc2281f40] 
[2024-10-26T03:26:26.010+0530][1.401s][debug][gc,nmethod     ] GC(0) O: Purge NMethod: jdk.internal.classfile.impl.SplitConstantPool.canWriteDirect (0x0000029cc2061508) [0x0000029cc2061620, 0x0000029cc20617d8] 
[2024-10-26T03:26:26.010+0530][1.401s][debug][gc,nmethod     ] GC(0) O: Purge NMethod: org.springframework.boot.loader.net.protocol.jar.Handler.parseURL (0x0000029cc22ed508) [0x0000029cc22ed6c0, 0x0000029cc22edd58] 
[2024-10-26T03:26:26.010+0530][1.401s][debug][gc,nmethod     ] GC(0) O: Purge NMethod: java.lang.invoke.Invokers$Holder.linkToTargetMethod (0x0000029cc20ef788) [0x0000029cc20ef8c0, 0x0000029cc20efba0] 
[2024-10-26T03:26:26.010+0530][1.401s][debug][gc,nmethod     ] GC(0) O: Purge NMethod: java.lang.Class.getPackageName (0x0000029cc203e208) [0x0000029cc203e440, 0x0000029cc203ef40] 
[2024-10-26T03:26:26.010+0530][1.401s][debug][gc,nmethod     ] GC(0) O: Purge NMethod: java.lang.StringBuilder.append (0x0000029cc2000208) [0x0000029cc2000320, 0x0000029cc2000470] 
[2024-10-26T03:26:26.010+0530][1.401s][debug][gc,nmethod     ] GC(0) O: Purge NMethod: java.util.concurrent.locks.ReentrantLock$Sync.tryRelease (0x0000029cc2027508) [0x0000029cc2027660, 0x0000029cc2027a20] 
[2024-10-26T03:26:26.010+0530][1.401s][debug][gc,nmethod     ] GC(0) O: Purge NMethod: java.util.ArrayDeque.addAll (0x0000029cc21a1588) [0x0000029cc21a1760, 0x0000029cc21a2180] 
[2024-10-26T03:26:26.010+0530][1.401s][debug][gc,nmethod     ] GC(0) O: Purge NMethod: org.springframework.boot.loader.zip.ZipString.hash (0x0000029cc2282288) [0x0000029cc2282500, 0x0000029cc22835a8] 
[2024-10-26T03:26:26.010+0530][1.401s][debug][gc,nmethod     ] GC(0) O: Purge NMethod: java.io.ByteArrayOutputStream.write (0x0000029cc22acb08) [0x0000029cc22acc80, 0x0000029cc22ad1e8] 
[2024-10-26T03:26:26.010+0530][1.401s][debug][gc,nmethod     ] GC(0) O: Purge NMethod: java.util.ArrayList.<init> (0x0000029cc206da88) [0x0000029cc206dbc0, 0x0000029cc206de68] 
[2024-10-26T03:26:26.010+0530][1.401s][debug][gc,nmethod     ] GC(0) O: Purge NMethod: java.net.URL.<init> (0x0000029cc9ccfa08) [0x0000029cc9ccfd60, 0x0000029cc9cd2870] 
[2024-10-26T03:26:26.011+0530][1.401s][debug][gc,nmethod     ] GC(0) O: Purge NMethod: java.lang.String.<init> (0x0000029cc200ae08) [0x0000029cc200af80, 0x0000029cc200b560] 
[2024-10-26T03:26:26.011+0530][1.401s][debug][gc,nmethod     ] GC(0) O: Purge NMethod: jdk.jfr.internal.TypeLibrary.defineType (0x0000029cc220de08) [0x0000029cc220e140, 0x0000029cc220f930] 
[2024-10-26T03:26:26.011+0530][1.401s][debug][gc,nmethod     ] GC(0) O: Purge NMethod: java.util.HashMap.putVal (0x0000029cc9b6f308) [0x0000029cc9b6f4e0, 0x0000029cc9b6fed8] 
[2024-10-26T03:26:26.011+0530][1.401s][debug][gc,nmethod     ] GC(0) O: Purge NMethod: java.util.ImmutableCollections$SetN.probe (0x0000029cc1fd1608) [0x0000029cc1fd1780, 0x0000029cc1fd1d58] 
[2024-10-26T03:26:26.011+0530][1.401s][debug][gc,nmethod     ] GC(0) O: Purge NMethod: java.util.HashMap.getNode (0x0000029cc1fe6488) [0x0000029cc1fe6660, 0x0000029cc1fe7240] 
[2024-10-26T03:26:26.011+0530][1.401s][debug][gc,nmethod     ] GC(0) O: Purge NMethod: java.lang.String.substring (0x0000029cc21b1788) [0x0000029cc21b18c0, 0x0000029cc21b1b30] 
[2024-10-26T03:26:26.011+0530][1.401s][debug][gc,nmethod     ] GC(0) O: Purge NMethod: java.lang.String.hashCode (0x0000029cc1fd0c88) [0x0000029cc1fd0e00, 0x0000029cc1fd1288] 
[2024-10-26T03:26:26.011+0530][1.401s][debug][gc,nmethod     ] GC(0) O: Purge NMethod: org.springframework.boot.loader.net.protocol.jar.JarUrlConnection.getInputStream (0x0000029cc2336c88) [0x0000029cc2336f40, 0x0000029cc2338458] 
[2024-10-26T03:26:26.011+0530][1.401s][debug][gc,nmethod     ] GC(0) O: Purge NMethod: java.lang.String.substring (0x0000029cc2001688) [0x0000029cc2001820, 0x0000029cc2001e10] 
[2024-10-26T03:26:26.011+0530][1.401s][debug][gc,nmethod     ] GC(0) O: Purge NMethod: java.util.ArrayDeque.<init> (0x0000029cc21a3c08) [0x0000029cc21a3d40, 0x0000029cc21a40a8] 
[2024-10-26T03:26:26.011+0530][1.401s][debug][gc,nmethod     ] GC(0) O: Purge NMethod: java.util.HashMap.hash (0x0000029cc1fe3988) [0x0000029cc1fe3ac0, 0x0000029cc1fe3cc0] 
[2024-10-26T03:26:26.011+0530][1.401s][debug][gc,nmethod     ] GC(0) O: Purge NMethod: jdk.internal.misc.Unsafe.allocateUninitializedArray0 (0x0000029cc2041288) [0x0000029cc2041420, 0x0000029cc2041cc8] 
[2024-10-26T03:26:26.011+0530][1.401s][debug][gc,nmethod     ] GC(0) O: Purge NMethod: java.io.BufferedInputStream.getBufIfOpen (0x0000029cc202c088) [0x0000029cc202c1e0, 0x0000029cc202c5c0] 
[2024-10-26T03:26:26.011+0530][1.401s][debug][gc,nmethod     ] GC(0) O: Purge NMethod: java.lang.StringLatin1.canEncode (0x0000029cc1ffb488) [0x0000029cc1ffb5a0, 0x0000029cc1ffb708] 
[2024-10-26T03:26:26.011+0530][1.401s][debug][gc,nmethod     ] GC(0) O: Purge NMethod: java.util.HashMap$HashIterator.hasNext (0x0000029cc1fe9d08) [0x0000029cc1fe9e20, 0x0000029cc1fe9fb0] 
[2024-10-26T03:26:26.011+0530][1.401s][debug][gc,nmethod     ] GC(0) O: Purge NMethod: java.util.LinkedHashMap$LinkedKeyIterator.next (0x0000029cc218fe88) [0x0000029cc218ffc0, 0x0000029cc2190148] 
[2024-10-26T03:26:26.011+0530][1.401s][debug][gc,nmethod     ] GC(0) O: Purge NMethod: org.springframework.boot.loader.jar.ZipInflaterInputStream.read (0x0000029cc2321c88) [0x0000029cc2321da0, 0x0000029cc2321f28] 
[2024-10-26T03:26:26.011+0530][1.401s][debug][gc,nmethod     ] GC(0) O: Purge NMethod: java.util.HashSet.add (0x0000029cc9c9df88) [0x0000029cc9c9e280, 0x0000029cc9c9ff70] 
[2024-10-26T03:26:26.011+0530][1.401s][debug][gc,nmethod     ] GC(0) O: Purge NMethod: sun.reflect.generics.parser.SignatureParser.advance (0x0000029cc2075688) [0x0000029cc20757c0, 0x0000029cc2075a70] 
[2024-10-26T03:26:26.011+0530][1.401s][debug][gc,nmethod     ] GC(0) O: Purge NMethod: sun.reflect.generics.parser.SignatureParser.skipIdentifier (0x0000029cc2103408) [0x0000029cc21035a0, 0x0000029cc2103ae8] 
[2024-10-26T03:26:26.011+0530][1.401s][debug][gc,nmethod     ] GC(0) O: Purge NMethod: java.lang.StringCoding.countPositives (0x0000029cc203d188) [0x0000029cc203d2c0, 0x0000029cc203d4d8] 
[2024-10-26T03:26:26.011+0530][1.401s][debug][gc,nmethod     ] GC(0) O: Purge NMethod: java.lang.Class.getClassLoader (0x0000029cc1fe2b88) [0x0000029cc1fe2d60, 0x0000029cc1fe3918] 
[2024-10-26T03:26:26.011+0530][1.401s][debug][gc,nmethod     ] GC(0) O: Purge NMethod: java.util.HashMap.putVal (0x0000029cc205eb08) [0x0000029cc205ed60, 0x0000029cc205ffc8] 
[2024-10-26T03:26:26.011+0530][1.401s][debug][gc,nmethod     ] GC(0) O: Purge NMethod: java.util.HashSet.add (0x0000029cc1fec508) [0x0000029cc1fec640, 0x0000029cc1fec898] 
[2024-10-26T03:26:26.011+0530][1.401s][debug][gc,nmethod     ] GC(0) O: Purge NMethod: java.lang.String.substring (0x0000029cc9be1e88) [0x0000029cc9be1fe0, 0x0000029cc9be26d8] 
[2024-10-26T03:26:26.011+0530][1.401s][debug][gc,nmethod     ] GC(0) O: Purge NMethod: java.util.ArrayDeque.<init> (0x0000029cc21a4408) [0x0000029cc21a45c0, 0x0000029cc21a4f30] 
[2024-10-26T03:26:26.011+0530][1.401s][debug][gc,nmethod     ] GC(0) O: Purge NMethod: java.util.LinkedHashMap$LinkedHashIterator.hasNext (0x0000029cc2022588) [0x0000029cc20226a0, 0x0000029cc2022830] 
[2024-10-26T03:26:26.011+0530][1.401s][debug][gc,nmethod     ] GC(0) O: Purge NMethod: jdk.internal.classfile.impl.DirectCodeBuilder.with (0x0000029cc2057988) [0x0000029cc2057b20, 0x0000029cc20583c0] 
[2024-10-26T03:26:26.011+0530][1.401s][debug][gc,nmethod     ] GC(0) O: Purge NMethod: java.util.concurrent.locks.ReentrantLock$NonfairSync.initialTryLock (0x0000029cc2324708) [0x0000029cc2324880, 0x0000029cc2324cd0] 
[2024-10-26T03:26:26.011+0530][1.401s][debug][gc,nmethod     ] GC(0) O: Purge NMethod: java.util.zip.InflaterInputStream.read (0x0000029cc22bdb08) [0x0000029cc22bdd80, 0x0000029cc22bed78] 
[2024-10-26T03:26:26.011+0530][1.401s][debug][gc,nmethod     ] GC(0) O: Purge NMethod: java.util.Collections$UnmodifiableCollection$1.hasNext (0x0000029cc9bcdf08) [0x0000029cc9bce020, 0x0000029cc9bce178] 
[2024-10-26T03:26:26.011+0530][1.401s][debug][gc,nmethod     ] GC(0) O: Purge NMethod: java.util.HashMap.resize (0x0000029cc1ff0088) [0x0000029cc1ff02e0, 0x0000029cc1ff17c8] 
[2024-10-26T03:26:26.011+0530][1.401s][debug][gc,nmethod     ] GC(0) O: Purge NMethod: java.util.Collections$UnmodifiableCollection$1.next (0x0000029cc9be4788) [0x0000029cc9be4920, 0x0000029cc9be5400] 
[2024-10-26T03:26:26.011+0530][1.401s][debug][gc,nmethod     ] GC(0) O: Purge NMethod: java.lang.String.regionMatches (0x0000029cc9c18288) [0x0000029cc9c183c0, 0x0000029cc9c188c8] 
[2024-10-26T03:26:26.011+0530][1.401s][debug][gc,nmethod     ] GC(0) O: Purge NMethod: jdk.internal.loader.URLClassPath.getLoader (0x0000029cc22dfc88) [0x0000029cc22dff20, 0x0000029cc22e1580] 
[2024-10-26T03:26:26.011+0530][1.401s][debug][gc,nmethod     ] GC(0) O: Purge NMethod: java.util.ImmutableCollections$ListN.get (0x0000029cc2097a88) [0x0000029cc2097ba0, 0x0000029cc2097d38] 
[2024-10-26T03:26:26.011+0530][1.401s][debug][gc,nmethod     ] GC(0) O: Purge NMethod: java.io.DataOutputStream.write (0x0000029cc224e008) [0x0000029cc224e140, 0x0000029cc224e548] 
[2024-10-26T03:26:26.011+0530][1.401s][debug][gc,nmethod     ] GC(0) O: Purge NMethod: java.lang.StringBuilder.append (0x0000029cc2524188) [0x0000029cc25242a0, 0x0000029cc25243f0] 
[2024-10-26T03:26:26.011+0530][1.401s][debug][gc,nmethod     ] GC(0) O: Purge NMethod: java.util.AbstractSet.<init> (0x0000029cc206a388) [0x0000029cc206a4a0, 0x0000029cc206a668] 
[2024-10-26T03:26:26.011+0530][1.401s][debug][gc,nmethod     ] GC(0) O: Purge NMethod: jdk.internal.misc.Unsafe.getIntUnaligned (0x0000029cc2184608) [0x0000029cc2184740, 0x0000029cc2184998] 
[2024-10-26T03:26:26.011+0530][1.401s][debug][gc,nmethod     ] GC(0) O: Purge NMethod: java.lang.StringBuilder.length (0x0000029cc1ff5708) [0x0000029cc1ff5820, 0x0000029cc1ff5940] 
[2024-10-26T03:26:26.011+0530][1.401s][debug][gc,nmethod     ] Register NMethod: java.util.Collections$UnmodifiableMap.forEach (0x0000029cc26db908) [0x0000029cc26dba40, 0x0000029cc26dbc50] Compiler: c1, Barriers: 1, Oops: 0, ImmediateOops: 0, NonImmediateOops: No
[2024-10-26T03:26:26.011+0530][1.401s][debug][gc,nmethod     ] GC(0) O: Purge NMethod: java.util.HashMap.putVal (0x0000029cc9cdac08) [0x0000029cc9cdade0, 0x0000029cc9cdb7b0] 
[2024-10-26T03:26:26.011+0530][1.401s][debug][gc,nmethod     ] GC(0) O: Purge NMethod: jdk.internal.util.xml.impl.Parser.bappend (0x0000029cc2007c88) [0x0000029cc2007e20, 0x0000029cc20084a8] 
[2024-10-26T03:26:26.011+0530][1.401s][debug][gc,nmethod     ] GC(0) O: Purge NMethod: java.lang.AbstractStringBuilder.ensureCapacityInternal (0x0000029cc1ff4d08) [0x0000029cc1ff4e40, 0x0000029cc1ff50c0] 
[2024-10-26T03:26:26.011+0530][1.401s][debug][gc,nmethod     ] GC(0) O: Purge NMethod: java.lang.String.equalsIgnoreCase (0x0000029cc2299a08) [0x0000029cc2299b80, 0x0000029cc229a108] 
[2024-10-26T03:26:26.011+0530][1.401s][debug][gc,nmethod     ] GC(0) O: Purge NMethod: java.lang.Record.<init> (0x0000029cc205e808) [0x0000029cc205e920, 0x0000029cc205ea88] 
[2024-10-26T03:26:26.011+0530][1.401s][debug][gc,nmethod     ] GC(0) O: Purge NMethod: java.net.URI.match (0x0000029cc226eb08) [0x0000029cc226ec40, 0x0000029cc226eef8] 
[2024-10-26T03:26:26.011+0530][1.402s][debug][gc,nmethod     ] GC(0) O: Purge NMethod: java.lang.ref.ReferenceQueue.poll (0x0000029cc21d0508) [0x0000029cc21d0700, 0x0000029cc21d1308] 
[2024-10-26T03:26:26.011+0530][1.402s][debug][gc,nmethod     ] GC(0) O: Purge NMethod: java.util.concurrent.locks.AbstractQueuedSynchronizer.compareAndSetState (0x0000029cc2026c08) [0x0000029cc2026d20, 0x0000029cc2026e48] 
[2024-10-26T03:26:26.011+0530][1.402s][debug][gc,nmethod     ] GC(0) O: Purge NMethod: org.springframework.boot.loader.zip.ZipString.getCodePointSize (0x0000029cc2276f08) [0x0000029cc2277040, 0x0000029cc22772e0] 
[2024-10-26T03:26:26.011+0530][1.402s][debug][gc,nmethod     ] GC(0) O: Purge NMethod: java.lang.StringCoding.countPositives (0x0000029cc2006d88) [0x0000029cc2006ec0, 0x0000029cc2007180] 
[2024-10-26T03:26:26.011+0530][1.402s][debug][gc,nmethod     ] GC(0) O: Purge NMethod: java.util.LinkedHashMap.<init> (0x0000029cc23aae08) [0x0000029cc23aaf40, 0x0000029cc23ab1b0] 
[2024-10-26T03:26:26.011+0530][1.402s][debug][gc,nmethod     ] GC(0) O: Purge NMethod: jdk.internal.classfile.impl.DirectCodeBuilder.writeBytecode (0x0000029cc2063488) [0x0000029cc2063600, 0x0000029cc2063a70] 
[2024-10-26T03:26:26.011+0530][1.402s][debug][gc,nmethod     ] GC(0) O: Purge NMethod: java.lang.String.startsWith (0x0000029cc2236408) [0x0000029cc2236520, 0x0000029cc2236660] 
[2024-10-26T03:26:26.011+0530][1.402s][debug][gc,nmethod     ] GC(0) O: Purge NMethod: java.lang.StringLatin1.regionMatchesCI (0x0000029cc2327a88) [0x0000029cc2327bc0, 0x0000029cc2327e70] 
[2024-10-26T03:26:26.011+0530][1.402s][debug][gc,nmethod     ] GC(0) O: Purge NMethod: java.lang.StringLatin1.getChar (0x0000029cc255ce08) [0x0000029cc255cf20, 0x0000029cc255d040] 
[2024-10-26T03:26:26.011+0530][1.402s][debug][gc,nmethod     ] GC(0) O: Purge NMethod: java.lang.String.<init> (0x0000029cc200a908) [0x0000029cc200aa60, 0x0000029cc200ada0] 
[2024-10-26T03:26:26.011+0530][1.402s][debug][gc,nmethod     ] GC(0) O: Purge NMethod: java.lang.Character.digit (0x0000029cc25a2108) [0x0000029cc25a2240, 0x0000029cc25a24a0] 
[2024-10-26T03:26:26.011+0530][1.402s][debug][gc,nmethod     ] GC(0) O: Purge NMethod: java.util.Arrays.copyOf (0x0000029cc204ad88) [0x0000029cc204af00, 0x0000029cc204b5c0] 
[2024-10-26T03:26:26.011+0530][1.402s][debug][gc,nmethod     ] GC(0) O: Purge NMethod: java.lang.ref.SoftReference.get (0x0000029cc9c18908) [0x0000029cc9c18a20, 0x0000029cc9c18b48] 
[2024-10-26T03:26:26.011+0530][1.402s][debug][gc,nmethod     ] GC(0) O: Purge NMethod: jdk.internal.util.ArraysSupport.mismatch (0x0000029cc2125b88) [0x0000029cc2125ce0, 0x0000029cc21260d8] 
[2024-10-26T03:26:26.011+0530][1.402s][debug][gc,nmethod     ] GC(0) O: Purge NMethod: java.util.HashMap.put (0x0000029cc9ce8808) [0x0000029cc9ce89e0, 0x0000029cc9ce9408] 
[2024-10-26T03:26:26.011+0530][1.402s][debug][gc,nmethod     ] GC(0) O: Purge NMethod: java.util.concurrent.ConcurrentHashMap.tabAt (0x0000029cc1fd9088) [0x0000029cc1fd91a0, 0x0000029cc1fd9458] 
[2024-10-26T03:26:26.011+0530][1.402s][debug][gc,nmethod     ] GC(0) O: Purge NMethod: java.nio.Buffer.checkIndex (0x0000029cc203a808) [0x0000029cc203a920, 0x0000029cc203aa80] 
[2024-10-26T03:26:26.011+0530][1.402s][debug][gc,nmethod     ] GC(0) O: Purge NMethod: java.lang.StringLatin1.newString (0x0000029cc2271708) [0x0000029cc2271860, 0x0000029cc2271b88] 
[2024-10-26T03:26:26.011+0530][1.402s][debug][gc,nmethod     ] GC(0) O: Purge NMethod: java.nio.Buffer.limit (0x0000029cc20c1c88) [0x0000029cc20c1dc0, 0x0000029cc20c2038] 
[2024-10-26T03:26:26.011+0530][1.402s][debug][gc,nmethod     ] GC(0) O: Purge NMethod: java.util.regex.Pattern$BmpCharPropertyGreedy.match (0x0000029cc24f0288) [0x0000029cc24f0400, 0x0000029cc24f0a78] 
[2024-10-26T03:26:26.011+0530][1.402s][debug][gc,nmethod     ] GC(0) O: Purge NMethod: java.lang.String.<init> (0x0000029cc9bf0808) [0x0000029cc9bf0940, 0x0000029cc9bf0ee8] 
[2024-10-26T03:26:26.011+0530][1.402s][debug][gc,nmethod     ] GC(0) O: Purge NMethod: java.net.URL.<init> (0x0000029cc2573e88) [0x0000029cc2574480, 0x0000029cc2577ca0] 
[2024-10-26T03:26:26.011+0530][1.402s][debug][gc,nmethod     ] GC(0) O: Purge NMethod: java.util.ArrayDeque.peek (0x0000029cc24a2688) [0x0000029cc24a27c0, 0x0000029cc24a2a28] 
[2024-10-26T03:26:26.011+0530][1.402s][debug][gc,nmethod     ] GC(0) O: Purge NMethod: jdk.jfr.internal.MetadataWriter.buildStringPool (0x0000029cc9be2788) [0x0000029cc9be2a40, 0x0000029cc9be4058] 
[2024-10-26T03:26:26.011+0530][1.402s][debug][gc,nmethod     ] GC(0) O: Purge NMethod: jdk.internal.jimage.ImageLocation.verify (0x0000029cc2370108) [0x0000029cc2370340, 0x0000029cc23710a0] 
[2024-10-26T03:26:26.011+0530][1.402s][debug][gc,nmethod     ] GC(0) O: Purge NMethod: java.lang.Math.min (0x0000029cc1fe1908) [0x0000029cc1fe1a20, 0x0000029cc1fe1b50] 
[2024-10-26T03:26:26.011+0530][1.402s][debug][gc,nmethod     ] GC(0) O: Purge NMethod: jdk.internal.misc.InternalLock.unlock (0x0000029cc202cb88) [0x0000029cc202cce0, 0x0000029cc202d138] 
[2024-10-26T03:26:26.011+0530][1.402s][debug][gc,nmethod     ] GC(0) O: Purge NMethod: java.io.DataInputStream.readUnsignedShort (0x0000029cc9bb2b08) [0x0000029cc9bb2da0, 0x0000029cc9bb4aa8] 
[2024-10-26T03:26:26.011+0530][1.402s][debug][gc,nmethod     ] GC(0) O: Purge NMethod: java.util.Properties.getProperty (0x0000029cc24a9f88) [0x0000029cc24aa0e0, 0x0000029cc24aa5e0] 
[2024-10-26T03:26:26.011+0530][1.402s][debug][gc,nmethod     ] GC(0) O: Purge NMethod: jdk.internal.loader.BuiltinClassLoader.moduleReaderFor (0x0000029cc233c108) [0x0000029cc233c280, 0x0000029cc233c950] 
[2024-10-26T03:26:26.011+0530][1.402s][debug][gc,nmethod     ] GC(0) O: Purge NMethod: org.springframework.boot.context.properties.source.ConfigurationPropertyName$ElementsParser.updateType (0x0000029cc9cb3888) [0x0000029cc9cb39c0, 0x0000029cc9cb3c98] 
[2024-10-26T03:26:26.011+0530][1.402s][debug][gc,nmethod     ] GC(0) O: Purge NMethod: java.util.Collections$UnmodifiableCollection$1.hasNext (0x0000029cc9cab108) [0x0000029cc9cab220, 0x0000029cc9cab3e0] 
[2024-10-26T03:26:26.011+0530][1.402s][debug][gc,nmethod     ] GC(0) O: Purge NMethod: jdk.internal.util.ReferencedKeyMap.get (0x0000029cc1fe1c08) [0x0000029cc1fe1dc0, 0x0000029cc1fe2640] 
[2024-10-26T03:26:26.011+0530][1.402s][debug][gc,nmethod     ] GC(0) O: Purge NMethod: java.lang.invoke.LambdaForm$MH/0x000002a0d4000800.invoke (0x0000029cc20ef388) [0x0000029cc20ef4a0, 0x0000029cc20ef708] 
[2024-10-26T03:26:26.011+0530][1.402s][debug][gc,nmethod     ] GC(0) O: Purge NMethod: java.lang.invoke.MethodTypeForm.canonicalize (0x0000029cc1fde108) [0x0000029cc1fde2c0, 0x0000029cc1fde870] 
[2024-10-26T03:26:26.011+0530][1.402s][debug][gc,nmethod     ] GC(0) O: Purge NMethod: jdk.internal.util.ReferencedKeyMap.removeStaleReferences (0x0000029cc1fdd588) [0x0000029cc1fdd6e0, 0x0000029cc1fddaa8] 
[2024-10-26T03:26:26.011+0530][1.402s][debug][gc,nmethod     ] GC(0) O: Purge NMethod: java.util.Objects.equals (0x0000029cc1fd3e08) [0x0000029cc1fd3f40, 0x0000029cc1fd4198] 
[2024-10-26T03:26:26.011+0530][1.402s][debug][gc,nmethod     ] GC(0) O: Purge NMethod: org.springframework.boot.loader.net.protocol.jar.JarUrlConnection.getUseCaches (0x0000029cc230fb88) [0x0000029cc230fcc0, 0x0000029cc230ff40] 
[2024-10-26T03:26:26.011+0530][1.402s][debug][gc,nmethod     ] GC(0) O: Purge NMethod: jdk.jfr.internal.MetadataDescriptor$Element.addAttribute (0x0000029cc223e608) [0x0000029cc223e780, 0x0000029cc223ed98] 
[2024-10-26T03:26:26.011+0530][1.402s][debug][gc,nmethod     ] GC(0) O: Purge NMethod: org.springframework.boot.loader.net.protocol.jar.UrlJarFiles$Cache.putIfAbsent (0x0000029cc22ec888) [0x0000029cc22eca00, 0x0000029cc22ed1a8] 
[2024-10-26T03:26:26.011+0530][1.402s][debug][gc,nmethod     ] GC(0) O: Purge NMethod: org.springframework.boot.loader.net.protocol.jar.Handler.openConnection (0x0000029cc22ed208) [0x0000029cc22ed320, 0x0000029cc22ed458] 
[2024-10-26T03:26:26.011+0530][1.402s][debug][gc,nmethod     ] GC(0) O: Purge NMethod: java.net.URL.isValidProtocol (0x0000029cc9c86a08) [0x0000029cc9c86b60, 0x0000029cc9c86f48] 
[2024-10-26T03:26:26.011+0530][1.402s][debug][gc,nmethod     ] GC(0) O: Purge NMethod: jdk.internal.access.SharedSecrets.getJavaLangAccess (0x0000029cc20e5e08) [0x0000029cc20e5f20, 0x0000029cc20e6050] 
[2024-10-26T03:26:26.011+0530][1.402s][debug][gc,nmethod     ] GC(0) O: Purge NMethod: java.util.concurrent.atomic.AtomicLong.incrementAndGet (0x0000029cc231fb88) [0x0000029cc231fca0, 0x0000029cc231fdc0] 
[2024-10-26T03:26:26.011+0530][1.402s][debug][gc,nmethod     ] GC(0) O: Purge NMethod: java.net.URL.getHostAddress (0x0000029cc22d2a88) [0x0000029cc22d2c00, 0x0000029cc22d3330] 
[2024-10-26T03:26:26.011+0530][1.402s][debug][gc,nmethod     ] GC(0) O: Purge NMethod: java.util.LinkedHashMap.getOrDefault (0x0000029cc2474488) [0x0000029cc24745c0, 0x0000029cc2474830] 
[2024-10-26T03:26:26.011+0530][1.402s][debug][gc,nmethod     ] GC(0) O: Purge NMethod: java.util.ArrayList.indexOfRange (0x0000029cc254cc88) [0x0000029cc254ce00, 0x0000029cc254d318] 
[2024-10-26T03:26:26.011+0530][1.402s][debug][gc,nmethod     ] GC(0) O: Purge NMethod: java.nio.ByteBuffer.rewind (0x0000029cc2284608) [0x0000029cc2284720, 0x0000029cc2284898] 
[2024-10-26T03:26:26.011+0530][1.402s][debug][gc,nmethod     ] GC(0) O: Purge NMethod: jdk.internal.loader.URLClassPath.getLoader (0x0000029cc9c40f08) [0x0000029cc9c41100, 0x0000029cc9c41e60] 
[2024-10-26T03:26:26.011+0530][1.402s][debug][gc,nmethod     ] GC(0) O: Purge NMethod: jdk.internal.util.StrongReferenceKey.hashCode (0x0000029cc1fe0388) [0x0000029cc1fe04c0, 0x0000029cc1fe06e8] 
[2024-10-26T03:26:26.011+0530][1.402s][debug][gc,nmethod     ] GC(0) O: Purge NMethod: java.net.URLStreamHandler.parseURL (0x0000029cc2450e08) [0x0000029cc24521c0, 0x0000029cc245ec10] 
[2024-10-26T03:26:26.011+0530][1.402s][debug][gc,nmethod     ] GC(0) O: Purge NMethod: java.lang.String.equals (0x0000029cc1fd3808) [0x0000029cc1fd3960, 0x0000029cc1fd3dc8] 
[2024-10-26T03:26:26.011+0530][1.402s][debug][gc,nmethod     ] GC(0) O: Purge NMethod: jdk.internal.classfile.impl.AbstractPoolEntry.width (0x0000029cc205a488) [0x0000029cc205a5a0, 0x0000029cc205a748] 
[2024-10-26T03:26:26.011+0530][1.402s][debug][gc,nmethod     ] GC(0) O: Purge NMethod: jdk.internal.ref.PhantomCleanable.<init> (0x0000029cc2297708) [0x0000029cc2297900, 0x0000029cc2298528] 
[2024-10-26T03:26:26.012+0530][1.402s][debug][gc,nmethod     ] GC(0) O: Purge NMethod: org.springframework.boot.loader.zip.DataBlock.readFully (0x0000029cc2284f88) [0x0000029cc22850e0, 0x0000029cc2285508] 
[2024-10-26T03:26:26.012+0530][1.402s][debug][gc,nmethod     ] GC(0) O: Purge NMethod: java.lang.ref.Reference.refersToImpl (0x0000029cc2267d88) [0x0000029cc2267ea0, 0x0000029cc2267fd8] 
[2024-10-26T03:26:26.012+0530][1.402s][debug][gc,nmethod     ] GC(0) O: Purge NMethod: org.springframework.util.ConcurrentReferenceHashMap.getHash (0x0000029cc23ec008) [0x0000029cc23ec140, 0x0000029cc23ec3a0] 
[2024-10-26T03:26:26.012+0530][1.402s][debug][gc,nmethod     ] GC(0) O: Purge NMethod: org.springframework.asm.ClassReader.readUnsignedShort (0x0000029cc258fb08) [0x0000029cc258fc20, 0x0000029cc258fdc0] 
[2024-10-26T03:26:26.012+0530][1.402s][debug][gc,nmethod     ] GC(0) O: Purge NMethod: java.util.concurrent.ConcurrentHashMap$Traverser.advance (0x0000029cc2038608) [0x0000029cc20387e0, 0x0000029cc2039448] 
[2024-10-26T03:26:26.012+0530][1.402s][debug][gc,nmethod     ] GC(0) O: Purge NMethod: sun.net.www.ParseUtil.firstEncodeIndex (0x0000029cc22c5108) [0x0000029cc22c52e0, 0x0000029cc22c5cc8] 
[2024-10-26T03:26:26.012+0530][1.402s][debug][gc,nmethod     ] GC(0) O: Purge NMethod: jdk.jfr.AnnotationElement.getTypeId (0x0000029cc21bd288) [0x0000029cc21bd3a0, 0x0000029cc21bd580] 
[2024-10-26T03:26:26.012+0530][1.402s][debug][gc,nmethod     ] GC(0) O: Purge NMethod: java.util.Collections$UnmodifiableCollection$1.next (0x0000029cc2100308) [0x0000029cc2100440, 0x0000029cc2100650] 
[2024-10-26T03:26:26.012+0530][1.402s][debug][gc,nmethod     ] GC(0) O: Purge NMethod: java.lang.String.toLowerCase (0x0000029cc2012108) [0x0000029cc2012260, 0x0000029cc2012578] 
[2024-10-26T03:26:26.012+0530][1.402s][debug][gc,nmethod     ] GC(0) O: Purge NMethod: java.util.HashMap$HashIterator.nextNode (0x0000029cc1fe7a08) [0x0000029cc1fe7ba0, 0x0000029cc1fe81c8] 
[2024-10-26T03:26:26.012+0530][1.402s][debug][gc,nmethod     ] GC(0) O: Purge NMethod: org.springframework.util.Assert.notNull (0x0000029cc23dc988) [0x0000029cc23dcac0, 0x0000029cc23dcca0] 
[2024-10-26T03:26:26.012+0530][1.402s][debug][gc,nmethod     ] GC(0) O: Purge NMethod: java.util.ArrayDeque.addLast (0x0000029cc20e3f88) [0x0000029cc20e40e0, 0x0000029cc20e45b8] 
[2024-10-26T03:26:26.012+0530][1.402s][debug][gc,nmethod     ] GC(0) O: Purge NMethod: java.lang.StringConcatHelper.newArray (0x0000029cc20bc208) [0x0000029cc20bc340, 0x0000029cc20bc650] 
[2024-10-26T03:26:26.012+0530][1.402s][debug][gc,nmethod     ] GC(0) O: Purge NMethod: java.nio.Buffer.position (0x0000029cc20be108) [0x0000029cc20be240, 0x0000029cc20be488] 
[2024-10-26T03:26:26.012+0530][1.402s][debug][gc,nmethod     ] GC(0) O: Purge NMethod: java.lang.String.toString (0x0000029cc2060008) [0x0000029cc2060120, 0x0000029cc2060230] 
[2024-10-26T03:26:26.012+0530][1.402s][debug][gc,nmethod     ] GC(0) O: Purge NMethod: jdk.internal.classfile.impl.SplitConstantPool.utf8Entry (0x0000029cc2064c08) [0x0000029cc2064d20, 0x0000029cc2064e58] 
[2024-10-26T03:26:26.012+0530][1.402s][debug][gc,nmethod     ] GC(0) O: Purge NMethod: java.lang.Class.getComponentType (0x0000029cc20a1488) [0x0000029cc20a15c0, 0x0000029cc20a1798] 
[2024-10-26T03:26:26.012+0530][1.402s][debug][gc,nmethod     ] GC(0) O: Purge NMethod: java.lang.StringLatin1.newString (0x0000029cc2001188) [0x0000029cc20012e0, 0x0000029cc2001608] 
[2024-10-26T03:26:26.012+0530][1.402s][debug][gc,nmethod     ] GC(0) O: Purge NMethod: java.lang.String.replace (0x0000029cc2049c88) [0x0000029cc2049de0, 0x0000029cc204a148] 
[2024-10-26T03:26:26.012+0530][1.402s][debug][gc,nmethod     ] Register NMethod: org.springframework.core.type.AnnotationMetadata$$Lambda/0x000002a0d425d520.apply (0x0000029cc26dbc88) [0x0000029cc26dbde0, 0x0000029cc26dc218] Compiler: c1, Barriers: 1, Oops: 1, ImmediateOops: 0, NonImmediateOops: No
[2024-10-26T03:26:26.012+0530][1.402s][debug][gc,nmethod     ] GC(0) O: Purge NMethod: org.springframework.boot.loader.jar.NestedJarFile.hasEntry (0x0000029cc22e4108) [0x0000029cc22e42a0, 0x0000029cc22e4878] 
[2024-10-26T03:26:26.012+0530][1.402s][debug][gc,nmethod     ] GC(0) O: Purge NMethod: org.springframework.core.annotation.AnnotationTypeMappings.get (0x0000029cc256d608) [0x0000029cc256d740, 0x0000029cc256da20] 
[2024-10-26T03:26:26.012+0530][1.402s][debug][gc,nmethod     ] Register NMethod: org.springframework.core.type.AnnotationMetadata.lambda$getAnnotationTypes$0 (0x0000029cc26dc288) [0x0000029cc26dc3c0, 0x0000029cc26dc690] Compiler: c1, Barriers: 1, Oops: 1, ImmediateOops: 0, NonImmediateOops: No
[2024-10-26T03:26:26.012+0530][1.402s][debug][gc,nmethod     ] GC(0) O: Purge NMethod: java.util.LinkedHashMap.newNode (0x0000029cc20e9708) [0x0000029cc20e9840, 0x0000029cc20e9a40] 
[2024-10-26T03:26:26.012+0530][1.402s][debug][gc,nmethod     ] GC(0) O: Purge NMethod: java.lang.invoke.DirectMethodHandle$Holder.newInvokeSpecial (0x0000029cc20f9388) [0x0000029cc20f9500, 0x0000029cc20f9ca8] 
[2024-10-26T03:26:26.012+0530][1.402s][debug][gc,nmethod     ] GC(0) O: Purge NMethod: java.lang.String.regionMatches (0x0000029cc2328608) [0x0000029cc23287e0, 0x0000029cc2328fd8] 
[2024-10-26T03:26:26.012+0530][1.402s][debug][gc,nmethod     ] GC(0) O: Purge NMethod: java.util.HashMap.put (0x0000029cc9ba5088) [0x0000029cc9ba52a0, 0x0000029cc9ba6020] 
[2024-10-26T03:26:26.012+0530][1.402s][debug][gc,nmethod     ] GC(0) O: Purge NMethod: java.lang.String.indexOf (0x0000029cc22ea608) [0x0000029cc22ea7c0, 0x0000029cc22ead80] 
[2024-10-26T03:26:26.012+0530][1.402s][debug][gc,nmethod     ] GC(0) O: Purge NMethod: java.io.DataOutputStream.incCount (0x0000029cc2249608) [0x0000029cc2249720, 0x0000029cc2249860] 
[2024-10-26T03:26:26.012+0530][1.402s][debug][gc,nmethod     ] GC(0) O: Purge NMethod: java.lang.String.charAt (0x0000029cc9b73908) [0x0000029cc9b73a20, 0x0000029cc9b73b70] 
[2024-10-26T03:26:26.012+0530][1.402s][debug][gc,nmethod     ] GC(0) O: Purge NMethod: java.util.ArrayDeque.isEmpty (0x0000029cc21a0488) [0x0000029cc21a05a0, 0x0000029cc21a0700] 
[2024-10-26T03:26:26.012+0530][1.402s][debug][gc,nmethod     ] GC(0) O: Purge NMethod: java.lang.StringLatin1.indexOf (0x0000029cc21c0788) [0x0000029cc21c08c0, 0x0000029cc21c0ab0] 
[2024-10-26T03:26:26.012+0530][1.402s][debug][gc,nmethod     ] GC(0) O: Purge NMethod: org.springframework.boot.context.properties.source.ConfigurationPropertyName$Elements.charAt (0x0000029cc23f8888) [0x0000029cc23f89e0, 0x0000029cc23f8e38] 
[2024-10-26T03:26:26.012+0530][1.402s][debug][gc,nmethod     ] GC(0) O: Purge NMethod: jdk.internal.misc.Unsafe.putReferenceRelease (0x0000029cc2036e08) [0x0000029cc2036f20, 0x0000029cc20370a8] 
[2024-10-26T03:26:26.012+0530][1.402s][debug][gc,nmethod     ] GC(0) O: Purge NMethod: java.nio.ByteBuffer.order (0x0000029cc2283f88) [0x0000029cc22840a0, 0x0000029cc22842c8] 
[2024-10-26T03:26:26.012+0530][1.402s][debug][gc,nmethod     ] GC(0) O: Purge NMethod: jdk.internal.org.objectweb.asm.SymbolTable.get (0x0000029cc1ffff08) [0x0000029cc2000020, 0x0000029cc20001d8] 
[2024-10-26T03:26:26.012+0530][1.402s][debug][gc,nmethod     ] GC(0) O: Purge NMethod: java.lang.StringLatin1.lastIndexOf (0x0000029cc2051408) [0x0000029cc2051560, 0x0000029cc2051940] 
[2024-10-26T03:26:26.012+0530][1.402s][debug][gc,nmethod     ] GC(0) O: Purge NMethod: java.io.DataInputStream.readUTF (0x0000029cc202d708) [0x0000029cc202db60, 0x0000029cc2030148] 
[2024-10-26T03:26:26.012+0530][1.402s][debug][gc,nmethod     ] GC(0) O: Purge NMethod: java.lang.String.substring (0x0000029cc226ef08) [0x0000029cc226f0a0, 0x0000029cc226f690] 
[2024-10-26T03:26:26.012+0530][1.402s][debug][gc,nmethod     ] GC(0) O: Purge NMethod: org.springframework.boot.loader.net.protocol.jar.JarUrlClassLoader.getJarFile (0x0000029cc22fcc88) [0x0000029cc22fce60, 0x0000029cc22fdbc8] 
[2024-10-26T03:26:26.012+0530][1.402s][debug][gc,nmethod     ] GC(0) O: Purge NMethod: java.lang.Number.<init> (0x0000029cc2025908) [0x0000029cc2025a20, 0x0000029cc2025b88] 
[2024-10-26T03:26:26.012+0530][1.402s][debug][gc,nmethod     ] GC(0) O: Purge NMethod: jdk.internal.classfile.impl.RawBytecodeHelper.isLastBytecode (0x0000029cc205a188) [0x0000029cc205a2a0, 0x0000029cc205a400] 
[2024-10-26T03:26:26.012+0530][1.402s][debug][gc,nmethod     ] GC(0) O: Purge NMethod: jdk.internal.classfile.impl.SplitConstantPool.maybeCloneUtf8Entry (0x0000029cc2070d88) [0x0000029cc2070f40, 0x0000029cc20716d0] 
[2024-10-26T03:26:26.012+0530][1.402s][debug][gc,nmethod     ] GC(0) O: Purge NMethod: java.util.Arrays.equals (0x0000029cc9cc0c08) [0x0000029cc9cc0d20, 0x0000029cc9cc0f68] 
[2024-10-26T03:26:26.012+0530][1.402s][debug][gc,nmethod     ] GC(0) O: Purge NMethod: org.springframework.boot.loader.net.protocol.jar.JarUrlConnection.open (0x0000029cc22ee508) [0x0000029cc22ee8e0, 0x0000029cc22f06b0] 
[2024-10-26T03:26:26.012+0530][1.402s][debug][gc,nmethod     ] GC(0) O: Purge NMethod: org.springframework.boot.loader.zip.ZipCentralDirectoryFileHeaderRecord.<init> (0x0000029cc2285588) [0x0000029cc22856a0, 0x0000029cc22858e8] 
[2024-10-26T03:26:26.012+0530][1.402s][debug][gc,nmethod     ] GC(0) O: Purge NMethod: java.lang.Character.charCount (0x0000029cc2178408) [0x0000029cc2178520, 0x0000029cc2178680] 
[2024-10-26T03:26:26.012+0530][1.402s][debug][gc,nmethod     ] GC(0) O: Purge NMethod: org.springframework.boot.loader.zip.ZipContent.getFirstLookupIndex (0x0000029cc22d5e08) [0x0000029cc22d5f60, 0x0000029cc22d6328] 
[2024-10-26T03:26:26.012+0530][1.403s][debug][gc,nmethod     ] GC(0) O: Purge NMethod: org.springframework.util.ConcurrentReferenceHashMap$Segment.findInChain (0x0000029cc23f0c08) [0x0000029cc23f0d80, 0x0000029cc23f1338] 
[2024-10-26T03:26:26.012+0530][1.403s][debug][gc,nmethod     ] GC(0) O: Purge NMethod: java.util.ImmutableCollections$ListItr.next (0x0000029cc20a8188) [0x0000029cc20a82c0, 0x0000029cc20a8580] 
[2024-10-26T03:26:26.012+0530][1.403s][debug][gc,nmethod     ] GC(0) O: Purge NMethod: jdk.internal.classfile.impl.BufWriterImpl.reserveSpace (0x0000029cc204c808) [0x0000029cc204c940, 0x0000029cc204cc00] 
[2024-10-26T03:26:26.012+0530][1.403s][debug][gc,nmethod     ] GC(0) O: Purge NMethod: jdk.internal.classfile.impl.SplitConstantPool.internalAdd (0x0000029cc9bbf608) [0x0000029cc9bbf780, 0x0000029cc9bbfda8] 
[2024-10-26T03:26:26.012+0530][1.403s][debug][gc,nmethod     ] GC(0) O: Purge NMethod: org.springframework.boot.loader.net.protocol.jar.JarFileUrlKey.get (0x0000029cc22d3688) [0x0000029cc22d3860, 0x0000029cc22d43f8] 
[2024-10-26T03:26:26.012+0530][1.403s][debug][gc,nmethod     ] GC(0) O: Purge NMethod: java.lang.AbstractStringBuilder.charAt (0x0000029cc2425408) [0x0000029cc2425560, 0x0000029cc24258d8] 
[2024-10-26T03:26:26.012+0530][1.403s][debug][gc,nmethod     ] GC(0) O: Purge NMethod: org.springframework.boot.loader.zip.ZipContent.hasEntry (0x0000029cc9c42408) [0x0000029cc9c42660, 0x0000029cc9c43708] 
[2024-10-26T03:26:26.012+0530][1.403s][debug][gc,nmethod     ] GC(0) O: Purge NMethod: org.springframework.boot.loader.net.protocol.jar.Handler.extractPath (0x0000029cc22ede08) [0x0000029cc22edf80, 0x0000029cc22ee468] 
[2024-10-26T03:26:26.012+0530][1.403s][debug][gc,nmethod     ] GC(0) O: Purge NMethod: java.util.concurrent.locks.ReentrantLock$NonfairSync.initialTryLock (0x0000029cc2026f08) [0x0000029cc2027080, 0x0000029cc20274d0] 
[2024-10-26T03:26:26.012+0530][1.403s][debug][gc,nmethod     ] GC(0) O: Purge NMethod: org.springframework.boot.loader.net.protocol.jar.Handler.extractRelativePath (0x0000029cc22f1c88) [0x0000029cc22f1f60, 0x0000029cc22f3108] 
[2024-10-26T03:26:26.012+0530][1.403s][debug][gc,nmethod     ] GC(0) O: Purge NMethod: java.lang.StringLatin1.newString (0x0000029cc9be0508) [0x0000029cc9be0640, 0x0000029cc9be0c18] 
[2024-10-26T03:26:26.012+0530][1.403s][debug][gc,nmethod     ] GC(0) O: Purge NMethod: java.lang.String.indexOf (0x0000029cc21c0b08) [0x0000029cc21c0ca0, 0x0000029cc21c1278] 
[2024-10-26T03:26:26.012+0530][1.403s][debug][gc,nmethod     ] GC(0) O: Purge NMethod: java.io.DataInputStream.readUnsignedShort (0x0000029cc2030288) [0x0000029cc2030420, 0x0000029cc2030a70] 
[2024-10-26T03:26:26.012+0530][1.403s][debug][gc,nmethod     ] GC(0) O: Purge NMethod: java.nio.ByteBuffer.order (0x0000029cc9c04c08) [0x0000029cc9c04d00, 0x0000029cc9c04db0] 
[2024-10-26T03:26:26.012+0530][1.403s][debug][gc,nmethod     ] GC(0) O: Purge NMethod: java.lang.ClassLoader.checkName (0x0000029cc2273e88) [0x0000029cc2274040, 0x0000029cc2274850] 
[2024-10-26T03:26:26.012+0530][1.403s][debug][gc,nmethod     ] GC(0) O: Purge NMethod: java.util.Properties$LineReader.readLine (0x0000029cc2373588) [0x0000029cc2373940, 0x0000029cc2376648] 
[2024-10-26T03:26:26.012+0530][1.403s][debug][gc,nmethod     ] GC(0) O: Purge NMethod: jdk.internal.util.xml.impl.Parser.getch (0x0000029cc200c688) [0x0000029cc200c840, 0x0000029cc200cfb0] 
[2024-10-26T03:26:26.012+0530][1.403s][debug][gc,nmethod     ] GC(0) O: Purge NMethod: java.util.LinkedHashMap$LinkedHashIterator.<init> (0x0000029cc217ac88) [0x0000029cc217adc0, 0x0000029cc217b158] 
[2024-10-26T03:26:26.012+0530][1.403s][debug][gc,nmethod     ] GC(0) O: Purge NMethod: java.lang.StringConcatHelper.mix (0x0000029cc226fa88) [0x0000029cc226fbe0, 0x0000029cc226fff0] 
[2024-10-26T03:26:26.012+0530][1.403s][debug][gc,nmethod     ] GC(0) O: Purge NMethod: sun.util.locale.LocaleUtils.toLowerString (0x0000029cc24f4f88) [0x0000029cc24f5200, 0x0000029cc24f6368] 
[2024-10-26T03:26:26.012+0530][1.403s][debug][gc,nmethod     ] GC(0) O: Purge NMethod: java.util.LinkedHashMap.newNode (0x0000029cc24d5508) [0x0000029cc24d5640, 0x0000029cc24d5840] 
[2024-10-26T03:26:26.012+0530][1.403s][debug][gc,nmethod     ] GC(0) O: Purge NMethod: jdk.internal.org.objectweb.asm.ByteVector.putByte (0x0000029cc2023788) [0x0000029cc20238c0, 0x0000029cc2023b00] 
[2024-10-26T03:26:26.012+0530][1.403s][debug][gc,nmethod     ] GC(0) O: Purge NMethod: org.springframework.boot.loader.net.protocol.jar.JarUrlConnection.connect (0x0000029cc22e8d08) [0x0000029cc22e9000, 0x0000029cc22ea4d0] 
[2024-10-26T03:26:26.012+0530][1.403s][debug][gc,nmethod     ] GC(0) O: Purge NMethod: java.io.BufferedInputStream.read1 (0x0000029cc202b708) [0x0000029cc202b8c0, 0x0000029cc202c018] 
[2024-10-26T03:26:26.012+0530][1.403s][debug][gc,nmethod     ] GC(0) O: Purge NMethod: jdk.internal.module.SystemModuleFinders$SystemModuleReader.containsImageLocation (0x0000029cc233de08) [0x0000029cc233dfa0, 0x0000029cc233e6a0] 
[2024-10-26T03:26:26.012+0530][1.403s][debug][gc,nmethod     ] GC(0) O: Purge NMethod: java.lang.StringBuilder.append (0x0000029cc1ff7888) [0x0000029cc1ff79a0, 0x0000029cc1ff7af0] 
[2024-10-26T03:26:26.012+0530][1.403s][debug][gc,nmethod     ] GC(0) O: Purge NMethod: jdk.jfr.internal.TypeLibrary.createAnnotationType (0x0000029cc21e1208) [0x0000029cc21e1660, 0x0000029cc21e3b80] 
[2024-10-26T03:26:26.012+0530][1.403s][debug][gc,nmethod     ] GC(0) O: Purge NMethod: java.nio.Buffer.<init> (0x0000029cc20e4f88) [0x0000029cc20e51c0, 0x0000029cc20e5d48] 
[2024-10-26T03:26:26.012+0530][1.403s][debug][gc,nmethod     ] GC(0) O: Purge NMethod: java.util.regex.Pattern$BmpCharPropertyGreedy.match (0x0000029cc9cd6388) [0x0000029cc9cd64e0, 0x0000029cc9cd6a50] 
[2024-10-26T03:26:26.012+0530][1.403s][debug][gc,nmethod     ] GC(0) O: Purge NMethod: java.lang.ThreadLocal.get (0x0000029cc2318908) [0x0000029cc2318a60, 0x0000029cc2318d78] 
[2024-10-26T03:26:26.012+0530][1.403s][debug][gc,nmethod     ] GC(0) O: Purge NMethod: java.nio.ByteBuffer.limit (0x0000029cc20eba88) [0x0000029cc20ebba0, 0x0000029cc20ebd68] 
[2024-10-26T03:26:26.012+0530][1.403s][debug][gc,nmethod     ] GC(0) O: Purge NMethod: java.util.LinkedHashMap.linkNodeAtEnd (0x0000029cc201c088) [0x0000029cc201c200, 0x0000029cc201c848] 
[2024-10-26T03:26:26.012+0530][1.403s][debug][gc,nmethod     ] GC(0) O: Purge NMethod: java.lang.ref.Cleaner.register (0x0000029cc229b888) [0x0000029cc229ba00, 0x0000029cc229bf50] 
[2024-10-26T03:26:26.012+0530][1.403s][debug][gc,nmethod     ] GC(0) O: Purge NMethod: java.lang.AbstractStringBuilder.<init> (0x0000029cc200ba08) [0x0000029cc200bb40, 0x0000029cc200bde0] 
[2024-10-26T03:26:26.012+0530][1.403s][debug][gc,nmethod     ] GC(0) O: Purge NMethod: org.springframework.boot.loader.zip.ZipString.compare (0x0000029cc2288688) [0x0000029cc22889e0, 0x0000029cc228a4e8] 
[2024-10-26T03:26:26.012+0530][1.403s][debug][gc,nmethod     ] GC(0) O: Purge NMethod: jdk.internal.misc.Unsafe.copyMemory (0x0000029cc227c308) [0x0000029cc227c560, 0x0000029cc227d2c0] 
[2024-10-26T03:26:26.012+0530][1.403s][debug][gc,nmethod     ] GC(0) O: Purge NMethod: java.util.concurrent.locks.AbstractQueuedSynchronizer.signalNext (0x0000029cc2028308) [0x0000029cc2028480, 0x0000029cc2028940] 
[2024-10-26T03:26:26.012+0530][1.403s][debug][gc,nmethod     ] GC(0) O: Purge NMethod: java.lang.StringLatin1.indexOf (0x0000029cc21bd988) [0x0000029cc21bdae0, 0x0000029cc21bdf78] 
[2024-10-26T03:26:26.012+0530][1.403s][debug][gc,nmethod     ] GC(0) O: Purge NMethod: java.nio.DirectIntBufferU.ix (0x0000029cc231a308) [0x0000029cc231a420, 0x0000029cc231a540] 
[2024-10-26T03:26:26.012+0530][1.403s][debug][gc,nmethod     ] GC(0) O: Purge NMethod: java.lang.StringBuilder.toString (0x0000029cc2008b88) [0x0000029cc2008cc0, 0x0000029cc2008f48] 
[2024-10-26T03:26:26.012+0530][1.403s][debug][gc,nmethod     ] GC(0) O: Purge NMethod: java.lang.ref.NativeReferenceQueue.poll (0x0000029cc1fddb08) [0x0000029cc1fddc60, 0x0000029cc1fde098] 
[2024-10-26T03:26:26.012+0530][1.403s][debug][gc,nmethod     ] GC(0) O: Purge NMethod: java.util.concurrent.ConcurrentHashMap$ValueIterator.next (0x0000029cc2331f08) [0x0000029cc2332060, 0x0000029cc2332340] 
[2024-10-26T03:26:26.012+0530][1.403s][debug][gc,nmethod     ] GC(0) O: Purge NMethod: sun.net.www.ParseUtil.encodePath (0x0000029cc22e7e88) [0x0000029cc22e7fe0, 0x0000029cc22e8240] 
[2024-10-26T03:26:26.012+0530][1.403s][debug][gc,nmethod     ] GC(0) O: Purge NMethod: jdk.jfr.internal.event.EventWriter.putUncheckedLong (0x0000029cc2255708) [0x0000029cc2255940, 0x0000029cc2256200] 
[2024-10-26T03:26:26.012+0530][1.403s][debug][gc,nmethod     ] GC(0) O: Purge NMethod: java.util.Properties.load0 (0x0000029cc25a0388) [0x0000029cc25a0560, 0x0000029cc25a1118] 
[2024-10-26T03:26:26.012+0530][1.403s][debug][gc,nmethod     ] GC(0) O: Purge NMethod: java.lang.StringBuilder.append (0x0000029cc9cb6688) [0x0000029cc9cb67e0, 0x0000029cc9cb6e50] 
[2024-10-26T03:26:26.012+0530][1.403s][debug][gc,nmethod     ] GC(0) O: Purge NMethod: java.lang.AbstractStringBuilder.<init> (0x0000029cc21b7608) [0x0000029cc21b77a0, 0x0000029cc21b7e80] 
[2024-10-26T03:26:26.012+0530][1.403s][debug][gc,nmethod     ] GC(0) O: Purge NMethod: java.io.BufferedReader.implRead (0x0000029cc9c1d708) [0x0000029cc9c1d820, 0x0000029cc9c1d9d8] 
[2024-10-26T03:26:26.012+0530][1.403s][debug][gc,nmethod     ] GC(0) O: Purge NMethod: jdk.internal.classfile.impl.BufWriterImpl.writeU2 (0x0000029cc2059788) [0x0000029cc20598a0, 0x0000029cc20599e8] 
[2024-10-26T03:26:26.012+0530][1.403s][debug][gc,nmethod     ] GC(0) O: Purge NMethod: java.util.ArrayList.add (0x0000029cc9ba7088) [0x0000029cc9ba71e0, 0x0000029cc9ba79a8] 
[2024-10-26T03:26:26.012+0530][1.403s][debug][gc,nmethod     ] GC(0) O: Purge NMethod: java.lang.String.length (0x0000029cc1fd7888) [0x0000029cc1fd79a0, 0x0000029cc1fd7b70] 
[2024-10-26T03:26:26.012+0530][1.403s][debug][gc,nmethod     ] GC(0) O: Purge NMethod: java.io.ByteArrayOutputStream.ensureCapacity (0x0000029cc9bd7888) [0x0000029cc9bd7980, 0x0000029cc9bd7a90] 
[2024-10-26T03:26:26.012+0530][1.403s][debug][gc,nmethod     ] GC(0) O: Purge NMethod: java.util.Arrays.rangeCheck (0x0000029cc20afe08) [0x0000029cc20b0020, 0x0000029cc20b09a0] 
[2024-10-26T03:26:26.012+0530][1.403s][debug][gc,nmethod     ] GC(0) O: Purge NMethod: java.net.URLStreamHandler.setURL (0x0000029cc22c7e08) [0x0000029cc22c80a0, 0x0000029cc22c9138] 
[2024-10-26T03:26:26.012+0530][1.403s][debug][gc,nmethod     ] GC(0) O: Purge NMethod: java.util.BitSet.set (0x0000029cc206d008) [0x0000029cc206d1e0, 0x0000029cc206da20] 
[2024-10-26T03:26:26.013+0530][1.403s][debug][gc,nmethod     ] GC(0) O: Purge NMethod: java.lang.invoke.MethodType.parameterCount (0x0000029cc1ff8308) [0x0000029cc1ff8420, 0x0000029cc1ff8560] 
[2024-10-26T03:26:26.013+0530][1.403s][debug][gc,nmethod     ] GC(0) O: Purge NMethod: java.util.Arrays.copyOf (0x0000029cc9bcad08) [0x0000029cc9bcae40, 0x0000029cc9bcb328] 
[2024-10-26T03:26:26.013+0530][1.403s][debug][gc,nmethod     ] GC(0) O: Purge NMethod: jdk.internal.classfile.impl.EntryMap.firstToken (0x0000029cc2060308) [0x0000029cc2060460, 0x0000029cc2060840] 
[2024-10-26T03:26:26.013+0530][1.403s][debug][gc,nmethod     ] GC(0) O: Purge NMethod: java.lang.Long.hashCode (0x0000029cc2186688) [0x0000029cc21867a0, 0x0000029cc2186898] 
[2024-10-26T03:26:26.013+0530][1.403s][debug][gc,nmethod     ] GC(0) O: Purge NMethod: java.util.concurrent.ConcurrentHashMap.putVal (0x0000029cc9cfac88) [0x0000029cc9cfaec0, 0x0000029cc9cfc088] 
[2024-10-26T03:26:26.013+0530][1.403s][debug][gc,nmethod     ] GC(0) O: Purge NMethod: org.springframework.boot.loader.net.protocol.jar.UrlJarFiles$Cache.get (0x0000029cc22f3208) [0x0000029cc22f3340, 0x0000029cc22f37e0] 
[2024-10-26T03:26:26.013+0530][1.403s][debug][gc,nmethod     ] GC(0) O: Purge NMethod: java.lang.String.isEmpty (0x0000029cc1fd8a88) [0x0000029cc1fd8ba0, 0x0000029cc1fd8d30] 
[2024-10-26T03:26:26.013+0530][1.403s][debug][gc,nmethod     ] GC(0) O: Purge NMethod: jdk.jfr.internal.event.EventWriter.putUncheckedByte (0x0000029cc2254988) [0x0000029cc2254aa0, 0x0000029cc2254c30] 
[2024-10-26T03:26:26.013+0530][1.403s][debug][gc,nmethod     ] GC(0) O: Purge NMethod: jdk.internal.misc.Unsafe.getShortUnaligned (0x0000029cc9b92f08) [0x0000029cc9b93000, 0x0000029cc9b930c0] 
[2024-10-26T03:26:26.013+0530][1.403s][debug][gc,nmethod     ] GC(0) O: Purge NMethod: org.springframework.boot.loader.net.protocol.jar.Canonicalizer.canonicalizeAfter (0x0000029cc22f4f88) [0x0000029cc22f5240, 0x0000029cc22f6370] 
[2024-10-26T03:26:26.013+0530][1.403s][debug][gc,nmethod     ] GC(0) O: Purge NMethod: org.springframework.boot.loader.zip.ZipContent.getFirstLookupIndex (0x0000029cc9c34008) [0x0000029cc9c34120, 0x0000029cc9c34318] 
[2024-10-26T03:26:26.013+0530][1.403s][debug][gc,nmethod     ] GC(0) O: Purge NMethod: java.util.concurrent.ConcurrentHashMap.get (0x0000029cc1fde908) [0x0000029cc1fdeb00, 0x0000029cc1fdf648] 
[2024-10-26T03:26:26.013+0530][1.403s][debug][gc,nmethod     ] GC(0) O: Purge NMethod: org.springframework.boot.context.properties.source.ConfigurationPropertyName.getElement (0x0000029cc2426d88) [0x0000029cc2427060, 0x0000029cc2428258] 
[2024-10-26T03:26:26.013+0530][1.403s][debug][gc,nmethod     ] GC(0) O: Purge NMethod: jdk.internal.misc.Unsafe.getShortUnaligned (0x0000029cc2276788) [0x0000029cc22768a0, 0x0000029cc2276ad0] 
[2024-10-26T03:26:26.013+0530][1.403s][debug][gc,nmethod     ] GC(0) O: Purge NMethod: java.nio.Buffer.session (0x0000029cc203a388) [0x0000029cc203a4c0, 0x0000029cc203a7a8] 
[2024-10-26T03:26:26.013+0530][1.403s][debug][gc,nmethod     ] GC(0) O: Purge NMethod: java.lang.String.checkIndex (0x0000029cc1fd7288) [0x0000029cc1fd73a0, 0x0000029cc1fd74d8] 
[2024-10-26T03:26:26.013+0530][1.403s][debug][gc,nmethod     ] GC(0) O: Purge NMethod: java.util.HashMap$KeyIterator.next (0x0000029cc1febe08) [0x0000029cc1febf40, 0x0000029cc1fec0b0] 
[2024-10-26T03:26:26.013+0530][1.403s][debug][gc,nmethod     ] GC(0) O: Purge NMethod: java.util.WeakHashMap.expungeStaleEntries (0x0000029cc229cf08) [0x0000029cc229d0a0, 0x0000029cc229dad8] 
[2024-10-26T03:26:26.013+0530][1.403s][debug][gc,nmethod     ] GC(0) O: Purge NMethod: org.springframework.boot.loader.jar.NestedJarFile.ensureOpen (0x0000029cc22cec88) [0x0000029cc22cede0, 0x0000029cc22cf178] 
[2024-10-26T03:26:26.013+0530][1.403s][debug][gc,nmethod     ] GC(0) O: Purge NMethod: java.util.HashMap.newNode (0x0000029cc1fe3d08) [0x0000029cc1fe3e40, 0x0000029cc1fe41d8] 
[2024-10-26T03:26:26.013+0530][1.403s][debug][gc,nmethod     ] GC(0) O: Purge NMethod: java.util.HashSet.contains (0x0000029cc207c688) [0x0000029cc207c7c0, 0x0000029cc207ca68] 
[2024-10-26T03:26:26.013+0530][1.403s][debug][gc,nmethod     ] GC(0) O: Purge NMethod: java.lang.StringLatin1.inflate (0x0000029cc22bcd88) [0x0000029cc22bcec0, 0x0000029cc22bd0c0] 
[2024-10-26T03:26:26.013+0530][1.403s][debug][gc,nmethod     ] GC(0) O: Purge NMethod: jdk.internal.classfile.impl.Util.slotSize (0x0000029cc2072208) [0x0000029cc20723a0, 0x0000029cc2072b10] 
[2024-10-26T03:26:26.013+0530][1.403s][debug][gc,nmethod     ] GC(0) O: Purge NMethod: java.util.ArrayList$Itr.hasNext (0x0000029cc2058e88) [0x0000029cc2058fa0, 0x0000029cc2059138] 
[2024-10-26T03:26:26.013+0530][1.403s][debug][gc,nmethod     ] GC(0) O: Purge NMethod: org.springframework.boot.context.properties.source.ConfigurationPropertyName$ElementsParser.parse (0x0000029cc9cc2508) [0x0000029cc9cc29e0, 0x0000029cc9cc65b8] 
[2024-10-26T03:26:26.013+0530][1.403s][debug][gc,nmethod     ] GC(0) O: Purge NMethod: java.lang.CharacterData.of (0x0000029cc2523608) [0x0000029cc25237c0, 0x0000029cc2524140] 
[2024-10-26T03:26:26.013+0530][1.403s][debug][gc,nmethod     ] GC(0) O: Purge NMethod: jdk.internal.jimage.ImageLocation.readValue (0x0000029cc226d888) [0x0000029cc226d9e0, 0x0000029cc226dd98] 
[2024-10-26T03:26:26.013+0530][1.403s][debug][gc,nmethod     ] GC(0) O: Purge NMethod: java.util.Set.of (0x0000029cc1fd4908) [0x0000029cc1fd4a20, 0x0000029cc1fd4b18] 
[2024-10-26T03:26:26.013+0530][1.403s][debug][gc,nmethod     ] GC(0) O: Purge NMethod: java.lang.StringConcatHelper.stringOf (0x0000029cc2270488) [0x0000029cc22705c0, 0x0000029cc22707e0] 
[2024-10-26T03:26:26.013+0530][1.403s][debug][gc,nmethod     ] GC(0) O: Purge NMethod: org.springframework.core.ResolvableType.getGenerics (0x0000029cc247a588) [0x0000029cc247a840, 0x0000029cc247c190] 
[2024-10-26T03:26:26.013+0530][1.403s][debug][gc,nmethod     ] GC(0) O: Purge NMethod: java.util.HashMap.putVal (0x0000029cc1fe8208) [0x0000029cc1fe8460, 0x0000029cc1fe96c8] 
[2024-10-26T03:26:26.013+0530][1.403s][debug][gc,nmethod     ] GC(0) O: Purge NMethod: jdk.internal.classfile.impl.AbstractPoolEntry$Utf8EntryImpl.toString (0x0000029cc2076f88) [0x0000029cc2077100, 0x0000029cc2077660] 
[2024-10-26T03:26:26.013+0530][1.403s][debug][gc,nmethod     ] GC(0) O: Purge NMethod: java.util.concurrent.ConcurrentHashMap.setTabAt (0x0000029cc2037108) [0x0000029cc2037220, 0x0000029cc2037438] 
[2024-10-26T03:26:26.013+0530][1.403s][debug][gc,nmethod     ] GC(0) O: Purge NMethod: jdk.internal.classfile.impl.StackCounter.<init> (0x0000029cc21c1308) [0x0000029cc21c21a0, 0x0000029cc21cd520] 
[2024-10-26T03:26:26.013+0530][1.403s][debug][gc,nmethod     ] GC(0) O: Purge NMethod: java.util.LinkedHashMap$LinkedHashIterator.nextNode (0x0000029cc2022e88) [0x0000029cc2023000, 0x0000029cc2023478] 
[2024-10-26T03:26:26.013+0530][1.403s][debug][gc,nmethod     ] GC(0) O: Purge NMethod: java.io.ByteArrayOutputStream.write (0x0000029cc9bd7b88) [0x0000029cc9bd7ca0, 0x0000029cc9bd7f78] 
[2024-10-26T03:26:26.013+0530][1.403s][debug][gc,nmethod     ] GC(0) O: Purge NMethod: java.lang.StringUTF16.getChar (0x0000029cc225e308) [0x0000029cc225e420, 0x0000029cc225e590] 
[2024-10-26T03:26:26.013+0530][1.403s][debug][gc,nmethod     ] GC(0) O: Purge NMethod: java.util.WeakHashMap.hash (0x0000029cc229c588) [0x0000029cc229c6a0, 0x0000029cc229c898] 
[2024-10-26T03:26:26.013+0530][1.403s][debug][gc,nmethod     ] GC(0) O: Purge NMethod: java.util.LinkedHashMap$LinkedEntryIterator.next (0x0000029cc2022b88) [0x0000029cc2022cc0, 0x0000029cc2022e58] 
[2024-10-26T03:26:26.013+0530][1.403s][debug][gc,nmethod     ] GC(0) O: Purge NMethod: jdk.jfr.internal.Type.getKnownType (0x0000029cc2195608) [0x0000029cc21957a0, 0x0000029cc2195e88] 
[2024-10-26T03:26:26.013+0530][1.403s][debug][gc,nmethod     ] GC(0) O: Purge NMethod: org.springframework.boot.loader.zip.ZipContent.hasEntry (0x0000029cc22e4908) [0x0000029cc22e4ac0, 0x0000029cc22e5118] 
[2024-10-26T03:26:26.013+0530][1.403s][debug][gc,nmethod     ] GC(0) O: Purge NMethod: org.springframework.boot.loader.zip.ZipString.readInBuffer (0x0000029cc2287b08) [0x0000029cc2287c80, 0x0000029cc2288258] 
[2024-10-26T03:26:26.013+0530][1.403s][debug][gc,nmethod     ] GC(0) O: Purge NMethod: org.springframework.boot.loader.net.protocol.jar.Handler.indexOfSeparator (0x0000029cc22d1908) [0x0000029cc22d1b00, 0x0000029cc22d26e8] 
[2024-10-26T03:26:26.013+0530][1.403s][debug][gc,nmethod     ] GC(0) O: Purge NMethod: java.util.HashMap.put (0x0000029cc24a2e08) [0x0000029cc24a2f40, 0x0000029cc24a3240] 
[2024-10-26T03:26:26.013+0530][1.403s][debug][gc,nmethod     ] GC(0) O: Purge NMethod: java.lang.AbstractStringBuilder.newCapacity (0x0000029cc2018108) [0x0000029cc2018260, 0x0000029cc2018650] 
[2024-10-26T03:26:26.013+0530][1.403s][debug][gc,nmethod     ] GC(0) O: Purge NMethod: java.nio.DirectIntBufferU.get (0x0000029cc231b088) [0x0000029cc231b260, 0x0000029cc231bbe8] 
[2024-10-26T03:26:26.013+0530][1.403s][debug][gc,nmethod     ] GC(0) O: Purge NMethod: java.lang.AbstractStringBuilder.append (0x0000029cc2000508) [0x0000029cc20006a0, 0x0000029cc2000d88] 
[2024-10-26T03:26:26.013+0530][1.403s][debug][gc,nmethod     ] GC(0) O: Purge NMethod: jdk.internal.loader.URLClassPath$Loader.getResource (0x0000029cc22f6488) [0x0000029cc22f66a0, 0x0000029cc22f7398] 
[2024-10-26T03:26:26.013+0530][1.403s][debug][gc,nmethod     ] GC(0) O: Purge NMethod: java.lang.String.charAt (0x0000029cc1fd6788) [0x0000029cc1fd6900, 0x0000029cc1fd6e90] 
[2024-10-26T03:26:26.013+0530][1.403s][debug][gc,nmethod     ] GC(0) O: Purge NMethod: org.springframework.boot.loader.jar.NestedJarFile.hasEntry (0x0000029cc9c63108) [0x0000029cc9c63580, 0x0000029cc9c66fc0] 
[2024-10-26T03:26:26.013+0530][1.403s][debug][gc,nmethod     ] GC(0) O: Purge NMethod: java.lang.ref.SoftReference.get (0x0000029cc2402208) [0x0000029cc2402320, 0x0000029cc24024e8] 
[2024-10-26T03:26:26.013+0530][1.403s][debug][gc,nmethod     ] GC(0) O: Purge NMethod: java.util.concurrent.locks.ReentrantLock$Sync.tryRelease (0x0000029cc2325108) [0x0000029cc2325260, 0x0000029cc2325620] 
[2024-10-26T03:26:26.013+0530][1.403s][debug][gc,nmethod     ] GC(0) O: Purge NMethod: java.util.Collections$UnmodifiableCollection$1.next (0x0000029cc9bd5408) [0x0000029cc9bd5540, 0x0000029cc9bd57e8] 
[2024-10-26T03:26:26.013+0530][1.403s][debug][gc,nmethod     ] GC(0) O: Purge NMethod: java.util.HashMap.put (0x0000029cc9c88088) [0x0000029cc9c88260, 0x0000029cc9c88d20] 
[2024-10-26T03:26:26.013+0530][1.403s][debug][gc,nmethod     ] GC(0) O: Purge NMethod: java.lang.ref.Cleaner$1.apply (0x0000029cc225d008) [0x0000029cc225d140, 0x0000029cc225d3c8] 
[2024-10-26T03:26:26.013+0530][1.403s][debug][gc,nmethod     ] GC(0) O: Purge NMethod: jdk.jfr.internal.Type.getFields (0x0000029cc2187408) [0x0000029cc2187560, 0x0000029cc21879e0] 
[2024-10-26T03:26:26.013+0530][1.403s][debug][gc,nmethod     ] GC(0) O: Purge NMethod: java.util.HashMap.put (0x0000029cc1fe7288) [0x0000029cc1fe73c0, 0x0000029cc1fe76c0] 
[2024-10-26T03:26:26.013+0530][1.403s][debug][gc,nmethod     ] GC(0) O: Purge NMethod: java.lang.StringUTF16.compress (0x0000029cc2006988) [0x0000029cc2006ac0, 0x0000029cc2006d08] 
[2024-10-26T03:26:26.013+0530][1.403s][debug][gc,nmethod     ] GC(0) O: Purge NMethod: jdk.jfr.internal.MetadataWriter.writeInt (0x0000029cc224a888) [0x0000029cc224aa60, 0x0000029cc224b3d0] 
[2024-10-26T03:26:26.013+0530][1.404s][debug][gc,nmethod     ] GC(0) O: Purge NMethod: java.lang.invoke.DirectMethodHandle.internalMemberName (0x0000029cc20a2c08) [0x0000029cc20a2d20, 0x0000029cc20a2f20] 
[2024-10-26T03:26:26.013+0530][1.404s][debug][gc,nmethod     ] GC(0) O: Purge NMethod: jdk.internal.misc.Unsafe.getShortUnaligned (0x0000029cc2034788) [0x0000029cc20348a0, 0x0000029cc2034ad0] 
[2024-10-26T03:26:26.013+0530][1.404s][debug][gc,nmethod     ] GC(0) O: Purge NMethod: java.util.Properties.load0 (0x0000029cc25a1508) [0x0000029cc25a16e0, 0x0000029cc25a20e8] 
[2024-10-26T03:26:26.013+0530][1.404s][debug][gc,nmethod     ] GC(0) O: Purge NMethod: org.springframework.boot.loader.net.protocol.jar.JarUrlConnection.throwFileNotFound (0x0000029cc22f7d08) [0x0000029cc22f7ea0, 0x0000029cc22f8648] 
[2024-10-26T03:26:26.013+0530][1.404s][debug][gc,nmethod     ] GC(0) O: Purge NMethod: jdk.jfr.internal.Type.isValidJavaFieldType (0x0000029cc2218f88) [0x0000029cc2219160, 0x0000029cc2219a68] 
[2024-10-26T03:26:26.013+0530][1.404s][debug][gc,nmethod     ] GC(0) O: Purge NMethod: jdk.internal.org.objectweb.asm.Symbol.<init> (0x0000029cc2003e88) [0x0000029cc2003fc0, 0x0000029cc20042a0] 
[2024-10-26T03:26:26.013+0530][1.404s][debug][gc,nmethod     ] GC(0) O: Purge NMethod: java.util.regex.Pattern$Start.match (0x0000029cc9ced808) [0x0000029cc9ced9a0, 0x0000029cc9cee3d8] 
[2024-10-26T03:26:26.013+0530][1.404s][debug][gc,nmethod     ] GC(0) O: Purge NMethod: org.springframework.boot.context.properties.source.ConfigurationPropertyName$Elements.get (0x0000029cc2425c88) [0x0000029cc2425de0, 0x0000029cc24261c8] 
[2024-10-26T03:26:26.013+0530][1.404s][debug][gc,nmethod     ] GC(0) O: Purge NMethod: java.lang.invoke.Invokers$Holder.linkToTargetMethod (0x0000029cc2271c08) [0x0000029cc2271d40, 0x0000029cc2272168] 
[2024-10-26T03:26:26.013+0530][1.404s][debug][gc,nmethod     ] GC(0) O: Purge NMethod: java.util.HashSet.contains (0x0000029cc9bcf288) [0x0000029cc9bcf3e0, 0x0000029cc9bcf940] 
[2024-10-26T03:26:26.013+0530][1.404s][debug][gc,nmethod     ] GC(0) O: Purge NMethod: java.util.ArrayDeque.pollFirst (0x0000029cc207aa08) [0x0000029cc207ab40, 0x0000029cc207af88] 
[2024-10-26T03:26:26.013+0530][1.404s][debug][gc,nmethod     ] GC(0) O: Purge NMethod: java.nio.HeapByteBuffer.getShort (0x0000029cc20f9d08) [0x0000029cc20f9ee0, 0x0000029cc20fa838] 
[2024-10-26T03:26:26.013+0530][1.404s][debug][gc,nmethod     ] GC(0) O: Purge NMethod: jdk.internal.classfile.impl.BufWriterImpl.writeIntBytes (0x0000029cc204c408) [0x0000029cc204c540, 0x0000029cc204c7c8] 
[2024-10-26T03:26:26.013+0530][1.404s][debug][gc,nmethod     ] GC(0) O: Purge NMethod: java.lang.Character.isLetterOrDigit (0x0000029cc2272808) [0x0000029cc2272960, 0x0000029cc2272c68] 
[2024-10-26T03:26:26.013+0530][1.404s][debug][gc,nmethod     ] GC(0) O: Purge NMethod: java.util.stream.SpinedBuffer.accept (0x0000029cc2424088) [0x0000029cc2424220, 0x0000029cc2424cc0] 
[2024-10-26T03:26:26.013+0530][1.404s][debug][gc,nmethod     ] GC(0) O: Purge NMethod: org.springframework.boot.context.properties.source.ConfigurationPropertyName$ElementsParser.updateType (0x0000029cc23fc308) [0x0000029cc23fc540, 0x0000029cc23fd4f8] 
[2024-10-26T03:26:26.013+0530][1.404s][debug][gc,nmethod     ] GC(0) O: Purge NMethod: jdk.jfr.internal.Type.getKnownType (0x0000029cc21aaf08) [0x0000029cc21ab0c0, 0x0000029cc21aba70] 
[2024-10-26T03:26:26.013+0530][1.404s][debug][gc,nmethod     ] GC(0) O: Purge NMethod: java.util.LinkedHashMap.afterNodeInsertion (0x0000029cc20e9388) [0x0000029cc20e94a0, 0x0000029cc20e96b8] 
[2024-10-26T03:26:26.013+0530][1.404s][debug][gc,nmethod     ] GC(0) O: Purge NMethod: java.lang.invoke.MemberName.getReferenceKind (0x0000029cc2024488) [0x0000029cc20245a0, 0x0000029cc20246b8] 
[2024-10-26T03:26:26.013+0530][1.404s][debug][gc,nmethod     ] GC(0) O: Purge NMethod: java.util.LinkedHashMap.<init> (0x0000029cc221f208) [0x0000029cc221f340, 0x0000029cc221f578] 
[2024-10-26T03:26:26.013+0530][1.404s][debug][gc,nmethod     ] GC(0) O: Purge NMethod: org.springframework.boot.loader.zip.ZipContent.hasEntry (0x0000029cc24dd108) [0x0000029cc24dd2c0, 0x0000029cc24dd918] 
[2024-10-26T03:26:26.013+0530][1.404s][debug][gc,nmethod     ] GC(0) O: Purge NMethod: jdk.internal.classfile.impl.ClassReaderImpl.readU2 (0x0000029cc2095808) [0x0000029cc2095940, 0x0000029cc2095c28] 
[2024-10-26T03:26:26.013+0530][1.404s][debug][gc,nmethod     ] GC(0) O: Purge NMethod: java.util.ArrayList$Itr.next (0x0000029cc2069d88) [0x0000029cc2069f00, 0x0000029cc206a340] 
[2024-10-26T03:26:26.013+0530][1.404s][debug][gc,nmethod     ] GC(0) O: Purge NMethod: jdk.internal.org.objectweb.asm.SymbolTable.put (0x0000029cc2004308) [0x0000029cc20044a0, 0x0000029cc2004e58] 
[2024-10-26T03:26:26.013+0530][1.404s][debug][gc,nmethod     ] GC(0) O: Purge NMethod: java.lang.String.indexOf (0x0000029cc9c8ce88) [0x0000029cc9c8cfa0, 0x0000029cc9c8d3a8] 
[2024-10-26T03:26:26.013+0530][1.404s][debug][gc,nmethod     ] GC(0) O: Purge NMethod: jdk.jfr.internal.TypeLibrary.visitAnnotations (0x0000029cc21a5a08) [0x0000029cc21a5d20, 0x0000029cc21a75f8] 
[2024-10-26T03:26:26.013+0530][1.404s][debug][gc,nmethod     ] GC(0) O: Purge NMethod: java.lang.ref.SoftReference.get (0x0000029cc207f688) [0x0000029cc207f7a0, 0x0000029cc207f968] 
[2024-10-26T03:26:26.013+0530][1.404s][debug][gc,nmethod     ] GC(0) O: Purge NMethod: java.util.zip.ZipUtils.SH (0x0000029cc203d508) [0x0000029cc203d620, 0x0000029cc203d768] 
[2024-10-26T03:26:26.013+0530][1.404s][debug][gc,nmethod     ] GC(0) O: Purge NMethod: org.springframework.core.annotation.AttributeMethods.get (0x0000029cc254c008) [0x0000029cc254c120, 0x0000029cc254c2b8] 
[2024-10-26T03:26:26.013+0530][1.404s][debug][gc,nmethod     ] GC(0) O: Purge NMethod: jdk.internal.misc.Unsafe.allocateUninitializedArray (0x0000029cc204a188) [0x0000029cc204a300, 0x0000029cc204a750] 
[2024-10-26T03:26:26.013+0530][1.404s][debug][gc,nmethod     ] GC(0) O: Purge NMethod: java.util.LinkedHashMap.keySet (0x0000029cc2192788) [0x0000029cc21928a0, 0x0000029cc21929f8] 
[2024-10-26T03:26:26.013+0530][1.404s][debug][gc,nmethod     ] GC(0) O: Purge NMethod: org.springframework.boot.loader.zip.ZipCentralDirectoryFileHeaderRecord.size (0x0000029cc2293408) [0x0000029cc2293520, 0x0000029cc2293698] 
[2024-10-26T03:26:26.013+0530][1.404s][debug][gc,nmethod     ] GC(0) O: Purge NMethod: jdk.internal.ref.PhantomCleanable.insert (0x0000029cc2296308) [0x0000029cc2296460, 0x0000029cc2296980] 
[2024-10-26T03:26:26.013+0530][1.404s][debug][gc,nmethod     ] GC(0) O: Purge NMethod: java.io.StreamTokenizer.read (0x0000029cc2325688) [0x0000029cc23257e0, 0x0000029cc2325c38] 
[2024-10-26T03:26:26.013+0530][1.404s][debug][gc,nmethod     ] GC(0) O: Purge NMethod: jdk.jfr.FlightRecorderPermission$InternalAccess.getType (0x0000029cc21a2688) [0x0000029cc21a28e0, 0x0000029cc21a3b30] 
[2024-10-26T03:26:26.013+0530][1.404s][debug][gc,nmethod     ] GC(0) O: Purge NMethod: jdk.internal.misc.Unsafe.allocateUninitializedArray (0x0000029cc9c1a408) [0x0000029cc9c1a520, 0x0000029cc9c1a6d8] 
[2024-10-26T03:26:26.013+0530][1.404s][debug][gc,nmethod     ] GC(0) O: Purge NMethod: java.util.Arrays.copyOfRange (0x0000029cc1ff2d08) [0x0000029cc1ff2f00, 0x0000029cc1ff3990] 
[2024-10-26T03:26:26.013+0530][1.404s][debug][gc,nmethod     ] GC(0) O: Purge NMethod: org.springframework.core.annotation.AnnotationTypeMappings.size (0x0000029cc256d288) [0x0000029cc256d3c0, 0x0000029cc256d5d0] 
[2024-10-26T03:26:26.013+0530][1.404s][debug][gc,nmethod     ] GC(0) O: Purge NMethod: java.lang.String.<init> (0x0000029cc2120508) [0x0000029cc2120a00, 0x0000029cc2123338] 
[2024-10-26T03:26:26.013+0530][1.404s][debug][gc,nmethod     ] GC(0) O: Purge NMethod: java.net.URL.lowerCaseProtocol (0x0000029cc22d6688) [0x0000029cc22d6840, 0x0000029cc22d6d88] 
[2024-10-26T03:26:26.013+0530][1.404s][debug][gc,nmethod     ] GC(0) O: Purge NMethod: java.util.Objects.hashCode (0x0000029cc1fdd208) [0x0000029cc1fdd340, 0x0000029cc1fdd558] 
[2024-10-26T03:26:26.013+0530][1.404s][debug][gc,nmethod     ] GC(0) O: Purge NMethod: java.util.Hashtable.get (0x0000029cc22e5d88) [0x0000029cc22e5f00, 0x0000029cc22e6608] 
[2024-10-26T03:26:26.013+0530][1.404s][debug][gc,nmethod     ] GC(0) O: Purge NMethod: java.lang.String.subSequence (0x0000029cc2425988) [0x0000029cc2425aa0, 0x0000029cc2425bd8] 
[2024-10-26T03:26:26.013+0530][1.404s][debug][gc,nmethod     ] GC(0) O: Purge NMethod: java.util.ArrayDeque$$Lambda/0x000002a0d40121e0.accept (0x0000029cc219f308) [0x0000029cc219f440, 0x0000029cc219f5d0] 
[2024-10-26T03:26:26.013+0530][1.404s][debug][gc,nmethod     ] GC(0) O: Purge NMethod: java.lang.String.<init> (0x0000029cc9cc7388) [0x0000029cc9cc74c0, 0x0000029cc9cc7a40] 
[2024-10-26T03:26:26.013+0530][1.404s][debug][gc,nmethod     ] GC(0) O: Purge NMethod: java.lang.Iterable.forEach (0x0000029cc219f608) [0x0000029cc219f7a0, 0x0000029cc219fdc8] 
[2024-10-26T03:26:26.013+0530][1.404s][debug][gc,nmethod     ] GC(0) O: Purge NMethod: java.net.URL.<init> (0x0000029cc23e1c08) [0x0000029cc23e2220, 0x0000029cc23e5b00] 
[2024-10-26T03:26:26.013+0530][1.404s][debug][gc,nmethod     ] GC(0) O: Purge NMethod: java.lang.ref.Reference.reachabilityFence (0x0000029cc203a088) [0x0000029cc203a1a0, 0x0000029cc203a288] 
[2024-10-26T03:26:26.013+0530][1.404s][debug][gc,nmethod     ] GC(0) O: Purge NMethod: java.lang.String.charAt (0x0000029cc225e908) [0x0000029cc225ea80, 0x0000029cc225f010] 
[2024-10-26T03:26:26.013+0530][1.404s][debug][gc,nmethod     ] GC(0) O: Purge NMethod: java.util.Arrays.binarySearch0 (0x0000029cc22d1508) [0x0000029cc22d1640, 0x0000029cc22d18b0] 
[2024-10-26T03:26:26.013+0530][1.404s][debug][gc,nmethod     ] GC(0) O: Purge NMethod: sun.net.www.ParseUtil.match (0x0000029cc234e688) [0x0000029cc234e7c0, 0x0000029cc234ea20] 
[2024-10-26T03:26:26.013+0530][1.404s][debug][gc,nmethod     ] GC(0) O: Purge NMethod: org.springframework.util.ConcurrentReferenceHashMap$Segment.restructureIfNecessary (0x0000029cc23d4288) [0x0000029cc23d43e0, 0x0000029cc23d4928] 
[2024-10-26T03:26:26.013+0530][1.404s][debug][gc,nmethod     ] GC(0) O: Purge NMethod: org.springframework.boot.loader.zip.FileDataBlock$FileAccess.fillBuffer (0x0000029cc22d7508) [0x0000029cc22d76e0, 0x0000029cc22d7f78] 
[2024-10-26T03:26:26.013+0530][1.404s][debug][gc,nmethod     ] GC(0) O: Purge NMethod: jdk.jfr.internal.PrivateAccess.getInstance (0x0000029cc2187a08) [0x0000029cc2187b40, 0x0000029cc2187d90] 
[2024-10-26T03:26:26.013+0530][1.404s][debug][gc,nmethod     ] GC(0) O: Purge NMethod: org.springframework.boot.loader.zip.ZipContent.size (0x0000029cc22b1a88) [0x0000029cc22b1ba0, 0x0000029cc22b1ce0] 
[2024-10-26T03:26:26.014+0530][1.404s][debug][gc,nmethod     ] GC(0) O: Purge NMethod: java.util.concurrent.locks.ReentrantLock$NonfairSync.initialTryLock (0x0000029cc9b75f88) [0x0000029cc9b760a0, 0x0000029cc9b76258] 
[2024-10-26T03:26:26.014+0530][1.404s][debug][gc,nmethod     ] GC(0) O: Purge NMethod: jdk.jfr.internal.MetadataWriter.writeString (0x0000029cc224b408) [0x0000029cc224b600, 0x0000029cc224c0d0] 
[2024-10-26T03:26:26.014+0530][1.404s][debug][gc,nmethod     ] GC(0) O: Purge NMethod: java.lang.String.getBytes (0x0000029cc1fe2688) [0x0000029cc1fe27e0, 0x0000029cc1fe2b50] 
[2024-10-26T03:26:26.014+0530][1.404s][debug][gc,nmethod     ] GC(0) O: Purge NMethod: java.io.ByteArrayOutputStream.ensureCapacity (0x0000029cc224a308) [0x0000029cc224a460, 0x0000029cc224a830] 
[2024-10-26T03:26:26.014+0530][1.404s][debug][gc,nmethod     ] GC(0) O: Purge NMethod: java.lang.StringConcatHelper.prepend (0x0000029cc226e688) [0x0000029cc226e7e0, 0x0000029cc226ead0] 
[2024-10-26T03:26:26.014+0530][1.404s][debug][gc,nmethod     ] GC(0) O: Purge NMethod: java.net.URL.hashCode (0x0000029cc22ce388) [0x0000029cc22ce4c0, 0x0000029cc22ce918] 
[2024-10-26T03:26:26.014+0530][1.404s][debug][gc,nmethod     ] GC(0) O: Purge NMethod: java.lang.String.equalsIgnoreCase (0x0000029cc9c19588) [0x0000029cc9c196a0, 0x0000029cc9c19a88] 
[2024-10-26T03:26:26.014+0530][1.404s][debug][gc,nmethod     ] GC(0) O: Purge NMethod: java.util.Arrays.equals (0x0000029cc2050c88) [0x0000029cc2050e00, 0x0000029cc20513b0] 
[2024-10-26T03:26:26.014+0530][1.404s][debug][gc,nmethod     ] GC(0) O: Purge NMethod: java.lang.CharacterDataLatin1.getType (0x0000029cc2272508) [0x0000029cc2272620, 0x0000029cc22727d0] 
[2024-10-26T03:26:26.014+0530][1.404s][debug][gc,nmethod     ] GC(0) O: Purge NMethod: java.util.HashMap.putVal (0x0000029cc1fe4e08) [0x0000029cc1fe5060, 0x0000029cc1fe6118] 
[2024-10-26T03:26:26.014+0530][1.404s][debug][gc,nmethod     ] GC(0) O: Purge NMethod: java.util.Objects.hashCode (0x0000029cc22bbf08) [0x0000029cc22bc040, 0x0000029cc22bc258] 
[2024-10-26T03:26:26.014+0530][1.404s][debug][gc,nmethod     ] GC(0) O: Purge NMethod: java.util.HashMap.put (0x0000029cc9bc7e88) [0x0000029cc9bc8100, 0x0000029cc9bc9520] 
[2024-10-26T03:26:26.014+0530][1.404s][debug][gc,nmethod     ] GC(0) O: Purge NMethod: java.nio.ByteBuffer.putBuffer (0x0000029cc227e688) [0x0000029cc227e8e0, 0x0000029cc227f7b0] 
[2024-10-26T03:26:26.014+0530][1.404s][debug][gc,nmethod     ] GC(0) O: Purge NMethod: jdk.internal.util.ReferencedKeyMap.removeStaleReferences (0x0000029cc9c24a08) [0x0000029cc9c24b20, 0x0000029cc9c24c90] 
[2024-10-26T03:26:26.014+0530][1.404s][debug][gc,nmethod     ] GC(0) O: Purge NMethod: org.springframework.boot.loader.zip.ZipContent$Loader.swap (0x0000029cc2280308) [0x0000029cc2280420, 0x0000029cc2280560] 
[2024-10-26T03:26:26.014+0530][1.404s][debug][gc,nmethod     ] GC(0) O: Purge NMethod: org.springframework.boot.context.properties.source.ConfigurationPropertyName$Elements.getType (0x0000029cc23fb908) [0x0000029cc23fba20, 0x0000029cc23fbbb8] 
[2024-10-26T03:26:26.014+0530][1.404s][debug][gc,nmethod     ] GC(0) O: Purge NMethod: java.lang.Iterable.forEach (0x0000029cc9bb6d88) [0x0000029cc9bb6f40, 0x0000029cc9bb7870] 
[2024-10-26T03:26:26.014+0530][1.404s][debug][gc,nmethod     ] GC(0) O: Purge NMethod: java.lang.CharacterDataLatin1.digit (0x0000029cc25a2888) [0x0000029cc25a29c0, 0x0000029cc25a2be8] 
[2024-10-26T03:26:26.014+0530][1.404s][debug][gc,nmethod     ] GC(0) O: Purge NMethod: org.springframework.util.ConcurrentReferenceHashMap$Segment.clear (0x0000029cc23e7c08) [0x0000029cc23e7e00, 0x0000029cc23e8b00] 
[2024-10-26T03:26:26.014+0530][1.404s][debug][gc,nmethod     ] GC(0) O: Purge NMethod: jdk.internal.org.objectweb.asm.ByteVector.put12 (0x0000029cc204f008) [0x0000029cc204f140, 0x0000029cc204f3d0] 
[2024-10-26T03:26:26.014+0530][1.404s][debug][gc,nmethod     ] GC(0) O: Purge NMethod: org.springframework.boot.loader.zip.ZipString.getCodePoint (0x0000029cc2276b08) [0x0000029cc2276c40, 0x0000029cc2276eb8] 
[2024-10-26T03:26:26.014+0530][1.404s][debug][gc,nmethod     ] GC(0) O: Purge NMethod: java.lang.String.regionMatches (0x0000029cc22f4288) [0x0000029cc22f4460, 0x0000029cc22f4ee8] 
[2024-10-26T03:26:26.014+0530][1.404s][debug][gc,nmethod     ] GC(0) O: Purge NMethod: jdk.internal.jimage.ImageStringsReader.stringFromByteBufferMatches (0x0000029cc2343588) [0x0000029cc2343800, 0x0000029cc23449b8] 
[2024-10-26T03:26:26.014+0530][1.404s][debug][gc,nmethod     ] GC(0) O: Purge NMethod: java.lang.String.<init> (0x0000029cc1ff1808) [0x0000029cc1ff1920, 0x0000029cc1ff1b00] 
[2024-10-26T03:26:26.014+0530][1.404s][debug][gc,nmethod     ] GC(0) O: Purge NMethod: jdk.internal.classfile.impl.SplitConstantPool.entryByIndex (0x0000029cc205b808) [0x0000029cc205ba80, 0x0000029cc205c760] 
[2024-10-26T03:26:26.014+0530][1.404s][debug][gc,nmethod     ] GC(0) O: Purge NMethod: java.io.ByteArrayOutputStream.write (0x0000029cc2249908) [0x0000029cc2249a40, 0x0000029cc2249d60] 
[2024-10-26T03:26:26.014+0530][1.404s][debug][gc,nmethod     ] GC(0) O: Purge NMethod: jdk.internal.loader.BuiltinClassLoader$2.run (0x0000029cc24b3d08) [0x0000029cc24b3f40, 0x0000029cc24b4e18] 
[2024-10-26T03:26:26.014+0530][1.404s][debug][gc,nmethod     ] GC(0) O: Purge NMethod: java.lang.StringLatin1.indexOf (0x0000029cc9c14388) [0x0000029cc9c144a0, 0x0000029cc9c14990] 
[2024-10-26T03:26:26.014+0530][1.404s][debug][gc,nmethod     ] GC(0) O: Purge NMethod: org.springframework.util.ObjectUtils.nullSafeEquals (0x0000029cc23fbc08) [0x0000029cc23fbda0, 0x0000029cc23fc2a0] 
[2024-10-26T03:26:26.014+0530][1.404s][debug][gc,nmethod     ] GC(0) O: Purge NMethod: java.net.URL.equals (0x0000029cc22dbb08) [0x0000029cc22dbc80, 0x0000029cc22dc428] 
[2024-10-26T03:26:26.014+0530][1.404s][debug][gc,nmethod     ] GC(0) O: Purge NMethod: java.util.concurrent.ConcurrentHashMap.putVal (0x0000029cc9c6bc08) [0x0000029cc9c6be20, 0x0000029cc9c6cfa8] 
[2024-10-26T03:26:26.014+0530][1.404s][debug][gc,nmethod     ] GC(0) O: Purge NMethod: org.springframework.core.annotation.AttributeMethods.size (0x0000029cc254bd08) [0x0000029cc254be20, 0x0000029cc254bf60] 
[2024-10-26T03:26:26.014+0530][1.404s][debug][gc,nmethod     ] GC(0) O: Purge NMethod: org.springframework.boot.autoconfigure.AutoConfigurationSorter$AutoConfigurationClass.getBefore (0x0000029cc25e7888) [0x0000029cc25e7b00, 0x0000029cc25e8b18] 
[2024-10-26T03:26:26.014+0530][1.404s][debug][gc,nmethod     ] GC(0) O: Purge NMethod: java.io.DataOutputStream.write (0x0000029cc2249d88) [0x0000029cc2249ec0, 0x0000029cc224a2c8] 
[2024-10-26T03:26:26.014+0530][1.404s][debug][gc,nmethod     ] GC(0) O: Purge NMethod: jdk.internal.classfile.impl.AbstractElement.<init> (0x0000029cc2055b88) [0x0000029cc2055ca0, 0x0000029cc2055e08] 
[2024-10-26T03:26:26.014+0530][1.404s][debug][gc,nmethod     ] GC(0) O: Purge NMethod: java.io.DataOutputStream.write (0x0000029cc9bd8008) [0x0000029cc9bd8140, 0x0000029cc9bd8680] 
[2024-10-26T03:26:26.014+0530][1.404s][debug][gc,nmethod     ] GC(0) O: Purge NMethod: jdk.internal.module.SystemModuleFinders$SystemModuleReader.find (0x0000029cc233e708) [0x0000029cc233e940, 0x0000029cc233f4b8] 
[2024-10-26T03:26:26.014+0530][1.404s][debug][gc,nmethod     ] GC(0) O: Purge NMethod: java.lang.String.startsWith (0x0000029cc208ab08) [0x0000029cc208acc0, 0x0000029cc208b450] 
[2024-10-26T03:26:26.014+0530][1.404s][debug][gc,nmethod     ] GC(0) O: Purge NMethod: java.io.ByteArrayInputStream.read (0x0000029cc2181008) [0x0000029cc2181180, 0x0000029cc2181890] 
[2024-10-26T03:26:26.014+0530][1.404s][debug][gc,nmethod     ] GC(0) O: Purge NMethod: java.lang.Integer.valueOf (0x0000029cc20baa88) [0x0000029cc20babc0, 0x0000029cc20baef0] 
[2024-10-26T03:26:26.014+0530][1.404s][debug][gc,nmethod     ] GC(0) O: Purge NMethod: java.lang.StringBuilder.charAt (0x0000029cc2425108) [0x0000029cc2425220, 0x0000029cc2425360] 
[2024-10-26T03:26:26.014+0530][1.404s][debug][gc,nmethod     ] GC(0) O: Purge NMethod: java.lang.Math.clamp (0x0000029cc9c8b288) [0x0000029cc9c8b380, 0x0000029cc9c8b448] 
[2024-10-26T03:26:26.014+0530][1.404s][debug][gc,nmethod     ] GC(0) O: Purge NMethod: java.lang.StringConcatHelper.newString (0x0000029cc2275488) [0x0000029cc2275680, 0x0000029cc22760d8] 
[2024-10-26T03:26:26.014+0530][1.404s][debug][gc,nmethod     ] GC(0) O: Purge NMethod: java.util.ArrayDeque.size (0x0000029cc219fe08) [0x0000029cc219ff20, 0x0000029cc21a00f8] 
[2024-10-26T03:26:26.014+0530][1.404s][debug][gc,nmethod     ] GC(0) O: Purge NMethod: java.lang.CharacterData.of (0x0000029cc9baad88) [0x0000029cc9baae80, 0x0000029cc9baaf18] 
[2024-10-26T03:26:26.014+0530][1.404s][debug][gc,nmethod     ] GC(0) O: Purge NMethod: org.springframework.asm.ClassReader.readUtf (0x0000029cc2593388) [0x0000029cc25934e0, 0x0000029cc2593958] 
[2024-10-26T03:26:26.014+0530][1.404s][debug][gc,nmethod     ] GC(0) O: Purge NMethod: java.nio.ByteBuffer.allocate (0x0000029cc2288308) [0x0000029cc2288440, 0x0000029cc2288650] 
[2024-10-26T03:26:26.014+0530][1.404s][debug][gc,nmethod     ] GC(0) O: Purge NMethod: sun.util.locale.BaseLocale.hashCode (0x0000029cc24f6408) [0x0000029cc24f67c0, 0x0000029cc24f8ab0] 
[2024-10-26T03:26:26.014+0530][1.404s][debug][gc,nmethod     ] GC(0) O: Purge NMethod: jdk.internal.classfile.impl.SplitConstantPool.utf8Entry (0x0000029cc2066e08) [0x0000029cc2066fa0, 0x0000029cc2067538] 
[2024-10-26T03:26:26.014+0530][1.404s][debug][gc,nmethod     ] GC(0) O: Purge NMethod: jdk.internal.module.ModuleReferenceImpl.hashCode (0x0000029cc1fec908) [0x0000029cc1feca80, 0x0000029cc1fecf70] 
[2024-10-26T03:26:26.014+0530][1.404s][debug][gc,nmethod     ] GC(0) O: Purge NMethod: java.util.LinkedHashMap.afterNodeInsertion (0x0000029cc24d5888) [0x0000029cc24d59e0, 0x0000029cc24d5e98] 
[2024-10-26T03:26:26.014+0530][1.404s][debug][gc,nmethod     ] GC(0) O: Purge NMethod: java.nio.Buffer.position (0x0000029cc9bf6008) [0x0000029cc9bf6100, 0x0000029cc9bf61f0] 
[2024-10-26T03:26:26.014+0530][1.404s][debug][gc,nmethod     ] GC(0) O: Purge NMethod: java.lang.Math.max (0x0000029cc1ff7208) [0x0000029cc1ff7320, 0x0000029cc1ff7450] 
[2024-10-26T03:26:26.014+0530][1.404s][debug][gc,nmethod     ] GC(0) O: Purge NMethod: jdk.internal.classfile.impl.StackCounter.next (0x0000029cc20c1508) [0x0000029cc20c1680, 0x0000029cc20c1c20] 
[2024-10-26T03:26:26.014+0530][1.404s][debug][gc,nmethod     ] GC(0) O: Purge NMethod: java.util.HashSet.add (0x0000029cc9cd8688) [0x0000029cc9cd89a0, 0x0000029cc9cda7b0] 
[2024-10-26T03:26:26.014+0530][1.404s][debug][gc,nmethod     ] GC(0) O: Purge NMethod: sun.reflect.generics.parser.SignatureParser.current (0x0000029cc9baa408) [0x0000029cc9baa520, 0x0000029cc9baa6e8] 
[2024-10-26T03:26:26.014+0530][1.404s][debug][gc,nmethod     ] GC(0) O: Purge NMethod: java.io.DataInputStream.readFully (0x0000029cc9bae408) [0x0000029cc9bae6a0, 0x0000029cc9bb06c8] 
[2024-10-26T03:26:26.014+0530][1.404s][debug][gc,nmethod     ] GC(0) O: Purge NMethod: jdk.internal.misc.Unsafe.checkSize (0x0000029cc2279008) [0x0000029cc2279140, 0x0000029cc22793b0] 
[2024-10-26T03:26:26.014+0530][1.405s][debug][gc,nmethod     ] GC(0) O: Purge NMethod: java.lang.String.checkBoundsOffCount (0x0000029cc200a088) [0x0000029cc200a1c0, 0x0000029cc200a3c0] 
[2024-10-26T03:26:26.014+0530][1.405s][debug][gc,nmethod     ] GC(0) O: Purge NMethod: java.lang.StringLatin1.toLowerCase (0x0000029cc200f288) [0x0000029cc200f480, 0x0000029cc200ff20] 
[2024-10-26T03:26:26.014+0530][1.405s][debug][gc,nmethod     ] GC(0) O: Purge NMethod: java.io.ByteArrayOutputStream.write (0x0000029cc224c608) [0x0000029cc224c740, 0x0000029cc224ca60] 
[2024-10-26T03:26:26.014+0530][1.405s][debug][gc,nmethod     ] GC(0) O: Purge NMethod: java.lang.StringLatin1.lastIndexOf (0x0000029cc9bede88) [0x0000029cc9bedfa0, 0x0000029cc9bee1a0] 
[2024-10-26T03:26:26.014+0530][1.405s][debug][gc,nmethod     ] GC(0) O: Purge NMethod: jdk.internal.jimage.BasicImageReader.verifyLocation (0x0000029cc233d908) [0x0000029cc233da60, 0x0000029cc233ddd0] 
[2024-10-26T03:26:26.014+0530][1.405s][debug][gc,nmethod     ] GC(0) O: Purge NMethod: java.nio.ByteBuffer.<init> (0x0000029cc20e7f08) [0x0000029cc20e8040, 0x0000029cc20e8288] 
[2024-10-26T03:26:26.014+0530][1.405s][debug][gc,nmethod     ] GC(0) O: Purge NMethod: org.springframework.boot.loader.zip.ZipString.hasEnoughBytes (0x0000029cc2276488) [0x0000029cc22765a0, 0x0000029cc22766e0] 
[2024-10-26T03:26:26.014+0530][1.405s][debug][gc,nmethod     ] GC(0) O: Purge NMethod: java.util.ArrayList.add (0x0000029cc204bb08) [0x0000029cc204bc60, 0x0000029cc204c0b0] 
[2024-10-26T03:26:26.014+0530][1.405s][debug][gc,nmethod     ] GC(0) O: Purge NMethod: org.springframework.boot.loader.jar.NestedJarFile.getManifestInfo (0x0000029cc22e2188) [0x0000029cc22e2340, 0x0000029cc22e2ce8] 
[2024-10-26T03:26:26.014+0530][1.405s][debug][gc,nmethod     ] GC(0) O: Purge NMethod: jdk.internal.util.xml.impl.Parser.ensureCapacity (0x0000029cc2007588) [0x0000029cc2007700, 0x0000029cc2007c28] 
[2024-10-26T03:26:26.014+0530][1.405s][debug][gc,nmethod     ] GC(0) O: Purge NMethod: java.lang.StringBuilder.<init> (0x0000029cc2017a08) [0x0000029cc2017b20, 0x0000029cc2017c60] 
[2024-10-26T03:26:26.014+0530][1.405s][debug][gc,nmethod     ] GC(0) O: Purge NMethod: java.nio.HeapByteBuffer.put (0x0000029cc2280608) [0x0000029cc2280780, 0x0000029cc2280c68] 
[2024-10-26T03:26:26.014+0530][1.405s][debug][gc,nmethod     ] GC(0) O: Purge NMethod: java.lang.ThreadLocal.get (0x0000029cc2291f88) [0x0000029cc22920e0, 0x0000029cc2292440] 
[2024-10-26T03:26:26.014+0530][1.405s][debug][gc,nmethod     ] GC(0) O: Purge NMethod: java.util.concurrent.ConcurrentHashMap.addCount (0x0000029cc1fdbc88) [0x0000029cc1fdbe60, 0x0000029cc1fdc7c0] 
[2024-10-26T03:26:26.014+0530][1.405s][debug][gc,nmethod     ] GC(0) O: Purge NMethod: jdk.internal.util.StrongReferenceKey.hashCode (0x0000029cc9c77688) [0x0000029cc9c77820, 0x0000029cc9c77e10] 
[2024-10-26T03:26:26.014+0530][1.405s][debug][gc,nmethod     ] GC(0) O: Purge NMethod: jdk.internal.classfile.impl.AbstractPoolEntry.hash1 (0x0000029cc2070a88) [0x0000029cc2070ba0, 0x0000029cc2070ca0] 
[2024-10-26T03:26:26.014+0530][1.405s][debug][gc,nmethod     ] GC(0) O: Purge NMethod: org.springframework.boot.loader.zip.ZipString.startsWith (0x0000029cc2285988) [0x0000029cc2285b00, 0x0000029cc2285f00] 
[2024-10-26T03:26:26.014+0530][1.405s][debug][gc,nmethod     ] GC(0) O: Purge NMethod: java.lang.String.lastIndexOf (0x0000029cc2261588) [0x0000029cc2261700, 0x0000029cc2261b20] 
[2024-10-26T03:26:26.014+0530][1.405s][debug][gc,nmethod     ] GC(0) O: Purge NMethod: jdk.internal.org.objectweb.asm.SymbolTable.addConstantUtf8 (0x0000029cc2023b88) [0x0000029cc2023d40, 0x0000029cc2024410] 
[2024-10-26T03:26:26.014+0530][1.405s][debug][gc,nmethod     ] GC(0) O: Purge NMethod: org.springframework.boot.loader.jar.ManifestInfo.isMultiRelease (0x0000029cc22e3908) [0x0000029cc22e3a80, 0x0000029cc22e4048] 
[2024-10-26T03:26:26.014+0530][1.405s][debug][gc,nmethod     ] GC(0) O: Purge NMethod: java.util.HashMap.get (0x0000029cc1feba88) [0x0000029cc1febbc0, 0x0000029cc1febda0] 
[2024-10-26T03:26:26.014+0530][1.405s][debug][gc,nmethod     ] GC(0) O: Purge NMethod: java.lang.Long.hashCode (0x0000029cc218e188) [0x0000029cc218e2a0, 0x0000029cc218e3e0] 
[2024-10-26T03:26:26.014+0530][1.405s][debug][gc,nmethod     ] GC(0) O: Purge NMethod: java.util.LinkedHashMap.entrySet (0x0000029cc218e908) [0x0000029cc218ea20, 0x0000029cc218eb78] 
[2024-10-26T03:26:26.014+0530][1.405s][debug][gc,nmethod     ] GC(0) O: Purge NMethod: java.lang.Long.valueOf (0x0000029cc2177f08) [0x0000029cc2178040, 0x0000029cc2178398] 
[2024-10-26T03:26:26.014+0530][1.405s][debug][gc,nmethod     ] GC(0) O: Purge NMethod: java.lang.invoke.Invokers$Holder.linkToTargetMethod (0x0000029cc210ac88) [0x0000029cc210adc0, 0x0000029cc210b178] 
[2024-10-26T03:26:26.014+0530][1.405s][debug][gc,nmethod     ] GC(0) O: Purge NMethod: java.util.HashMap.containsKey (0x0000029cc1fee188) [0x0000029cc1fee2a0, 0x0000029cc1fee428] 
[2024-10-26T03:26:26.014+0530][1.405s][debug][gc,nmethod     ] GC(0) O: Purge NMethod: java.util.LinkedHashMap.afterNodeInsertion (0x0000029cc9cd2a08) [0x0000029cc9cd2b20, 0x0000029cc9cd2c80] 
[2024-10-26T03:26:26.014+0530][1.405s][debug][gc,nmethod     ] GC(0) O: Purge NMethod: jdk.internal.classfile.impl.BufWriterImpl.writeIndex (0x0000029cc206b788) [0x0000029cc206b9c0, 0x0000029cc206c688] 
[2024-10-26T03:26:26.014+0530][1.405s][debug][gc,nmethod     ] GC(0) O: Purge NMethod: java.lang.String.indexOf (0x0000029cc2050208) [0x0000029cc20503c0, 0x0000029cc2050bc0] 
[2024-10-26T03:26:26.014+0530][1.405s][debug][gc,nmethod     ] GC(0) O: Purge NMethod: java.util.Objects.requireNonNull (0x0000029cc1fd6108) [0x0000029cc1fd6240, 0x0000029cc1fd6428] 
[2024-10-26T03:26:26.014+0530][1.405s][debug][gc,nmethod     ] GC(0) O: Purge NMethod: java.util.ArrayDeque.grow (0x0000029cc21a5008) [0x0000029cc21a51a0, 0x0000029cc21a59c0] 
[2024-10-26T03:26:26.014+0530][1.405s][debug][gc,nmethod     ] GC(0) O: Purge NMethod: jdk.internal.constant.ConstantUtils.skipOverFieldSignature (0x0000029cc2065308) [0x0000029cc2065600, 0x0000029cc2066d30] 
[2024-10-26T03:26:26.014+0530][1.405s][debug][gc,nmethod     ] GC(0) O: Purge NMethod: java.lang.invoke.MethodType.methodType (0x0000029cc1fff808) [0x0000029cc1fff9a0, 0x0000029cc1fffe98] 
[2024-10-26T03:26:26.014+0530][1.405s][debug][gc,nmethod     ] GC(0) O: Purge NMethod: sun.net.www.ParseUtil.firstEncodeIndex (0x0000029cc2318e08) [0x0000029cc2318fe0, 0x0000029cc23199c8] 
[2024-10-26T03:26:26.014+0530][1.405s][debug][gc,nmethod     ] GC(0) O: Purge NMethod: jdk.jfr.internal.MetadataWriter.buildStringPool (0x0000029cc2246608) [0x0000029cc2246820, 0x0000029cc22474b8] 
[2024-10-26T03:26:26.014+0530][1.405s][debug][gc,nmethod     ] GC(0) O: Purge NMethod: java.lang.String.coder (0x0000029cc1fd6488) [0x0000029cc1fd65a0, 0x0000029cc1fd66d8] 
[2024-10-26T03:26:26.014+0530][1.405s][debug][gc,nmethod     ] GC(0) O: Purge NMethod: java.nio.ByteBuffer.limit (0x0000029cc9bf7b88) [0x0000029cc9bf7ca0, 0x0000029cc9bf7db8] 
[2024-10-26T03:26:26.014+0530][1.405s][debug][gc,nmethod     ] GC(0) O: Purge NMethod: java.util.HashSet.add (0x0000029cc9bd6808) [0x0000029cc9bd6920, 0x0000029cc9bd6a40] 
[2024-10-26T03:26:26.014+0530][1.405s][debug][gc,nmethod     ] GC(0) O: Purge NMethod: java.net.URLStreamHandler.hostsEqual (0x0000029cc22e2d88) [0x0000029cc22e2f20, 0x0000029cc22e3580] 
[2024-10-26T03:26:26.014+0530][1.405s][debug][gc,nmethod     ] GC(0) O: Purge NMethod: jdk.internal.classfile.impl.AbstractPoolEntry$Utf8EntryImpl.writeTo (0x0000029cc206df08) [0x0000029cc206e380, 0x0000029cc2070960] 
[2024-10-26T03:26:26.014+0530][1.405s][debug][gc,nmethod     ] GC(0) O: Purge NMethod: jdk.internal.util.ArraysSupport.unsignedHashCode (0x0000029cc1fd0008) [0x0000029cc1fd0140, 0x0000029cc1fd0360] 
[2024-10-26T03:26:26.014+0530][1.405s][debug][gc,nmethod     ] GC(0) O: Purge NMethod: java.nio.ByteBuffer.position (0x0000029cc9bf6308) [0x0000029cc9bf6400, 0x0000029cc9bf64f0] 
[2024-10-26T03:26:26.014+0530][1.405s][debug][gc,nmethod     ] GC(0) O: Purge NMethod: java.lang.CharacterData.of (0x0000029cc205dc88) [0x0000029cc205de40, 0x0000029cc205e7e0] 
[2024-10-26T03:26:26.014+0530][1.405s][debug][gc,nmethod     ] GC(0) O: Purge NMethod: org.springframework.boot.loader.jar.NestedJarFile.hasEntry (0x0000029cc23f7e08) [0x0000029cc23f7fa0, 0x0000029cc23f8550] 
[2024-10-26T03:26:26.014+0530][1.405s][debug][gc,nmethod     ] GC(0) O: Purge NMethod: jdk.internal.loader.URLClassPath.getResource (0x0000029cc2322808) [0x0000029cc2322960, 0x0000029cc2322ca8] 
[2024-10-26T03:26:26.014+0530][1.405s][debug][gc,nmethod     ] GC(0) O: Purge NMethod: java.lang.StringLatin1.regionMatchesCI (0x0000029cc2270088) [0x0000029cc22701c0, 0x0000029cc2270470] 
[2024-10-26T03:26:26.014+0530][1.405s][debug][gc,nmethod     ] GC(0) O: Purge NMethod: java.lang.String.isLatin1 (0x0000029cc9b70d88) [0x0000029cc9b70e80, 0x0000029cc9b70f20] 
[2024-10-26T03:26:26.014+0530][1.405s][debug][gc,nmethod     ] GC(0) O: Purge NMethod: java.util.HashMap.put (0x0000029cc25a3488) [0x0000029cc25a35c0, 0x0000029cc25a38c0] 
[2024-10-26T03:26:26.014+0530][1.405s][debug][gc,nmethod     ] GC(0) O: Purge NMethod: java.util.concurrent.locks.ReentrantLock$Sync.tryRelease (0x0000029cc9c1da08) [0x0000029cc9c1db20, 0x0000029cc9c1dd40] 
[2024-10-26T03:26:26.014+0530][1.405s][debug][gc,nmethod     ] GC(0) O: Purge NMethod: sun.reflect.generics.parser.SignatureParser.current (0x0000029cc2074d08) [0x0000029cc2074ea0, 0x0000029cc20755d0] 
[2024-10-26T03:26:26.014+0530][1.405s][debug][gc,nmethod     ] GC(0) O: Purge NMethod: java.net.URL.<init> (0x0000029cc24d1288) [0x0000029cc24d1880, 0x0000029cc24d50a0] 
[2024-10-26T03:26:26.014+0530][1.405s][debug][gc,nmethod     ] GC(0) O: Purge NMethod: jdk.internal.jimage.ImageStringsReader.hashCode (0x0000029cc2331c08) [0x0000029cc2331d40, 0x0000029cc2331eb0] 
[2024-10-26T03:26:26.014+0530][1.405s][debug][gc,nmethod     ] GC(0) O: Purge NMethod: java.util.stream.ReferencePipeline$2$1.accept (0x0000029cc2266688) [0x0000029cc22667e0, 0x0000029cc2266b70] 
[2024-10-26T03:26:26.014+0530][1.405s][debug][gc,nmethod     ] GC(0) O: Purge NMethod: java.lang.ref.Reference.<init> (0x0000029cc2025c08) [0x0000029cc2025d40, 0x0000029cc2025fe0] 
[2024-10-26T03:26:26.014+0530][1.405s][debug][gc,nmethod     ] GC(0) O: Purge NMethod: java.nio.HeapByteBuffer.get (0x0000029cc2059d88) [0x0000029cc2059ec0, 0x0000029cc205a150] 
[2024-10-26T03:26:26.015+0530][1.405s][debug][gc,nmethod     ] GC(0) O: Purge NMethod: java.lang.invoke.VarForm.getMemberName (0x0000029cc2031988) [0x0000029cc2031ae0, 0x0000029cc2031eb0] 
[2024-10-26T03:26:26.015+0530][1.405s][debug][gc,nmethod     ] GC(0) O: Purge NMethod: java.net.URL.<init> (0x0000029cc9c2ba88) [0x0000029cc9c2c100, 0x0000029cc9c32dd0] 
[2024-10-26T03:26:26.015+0530][1.405s][debug][gc,nmethod     ] GC(0) O: Purge NMethod: jdk.internal.classfile.impl.DirectCodeBuilder.labelToBci (0x0000029cc2072e88) [0x0000029cc2073120, 0x0000029cc2074678] 
[2024-10-26T03:26:26.015+0530][1.405s][debug][gc,nmethod     ] GC(0) O: Purge NMethod: java.lang.Class.cast (0x0000029cc20a3288) [0x0000029cc20a33c0, 0x0000029cc20a3660] 
[2024-10-26T03:26:26.015+0530][1.405s][debug][gc,nmethod     ] GC(0) O: Purge NMethod: java.util.ArrayDeque.copyElements (0x0000029cc21a0b08) [0x0000029cc21a0c80, 0x0000029cc21a11f8] 
[2024-10-26T03:26:26.015+0530][1.405s][debug][gc,nmethod     ] GC(0) O: Purge NMethod: jdk.internal.constant.MethodTypeDescImpl.parameterType (0x0000029cc2076908) [0x0000029cc2076a20, 0x0000029cc2076bb8] 
[2024-10-26T03:26:26.015+0530][1.405s][debug][gc,nmethod     ] GC(0) O: Purge NMethod: java.util.Comparator$$Lambda/0x000002a0d4011ac0.compare (0x0000029cc219d788) [0x0000029cc219d900, 0x0000029cc219e010] 
[2024-10-26T03:26:26.015+0530][1.405s][debug][gc,nmethod     ] GC(0) O: Purge NMethod: java.io.StreamTokenizer.read (0x0000029cc9c1f308) [0x0000029cc9c1f4e0, 0x0000029cc9c1ff10] 
[2024-10-26T03:26:26.015+0530][1.405s][debug][gc,nmethod     ] GC(0) O: Purge NMethod: org.springframework.boot.context.properties.source.ConfigurationPropertyName.getElement (0x0000029cc9cc8e88) [0x0000029cc9cc90e0, 0x0000029cc9cca338] 
[2024-10-26T03:26:26.015+0530][1.405s][debug][gc,nmethod     ] GC(0) O: Purge NMethod: java.lang.Long.equals (0x0000029cc21a7e08) [0x0000029cc21a7f40, 0x0000029cc21a82c8] 
[2024-10-26T03:26:26.015+0530][1.405s][debug][gc,nmethod     ] GC(0) O: Purge NMethod: java.util.concurrent.locks.ReentrantLock$Sync.tryRelease (0x0000029cc9b78708) [0x0000029cc9b78820, 0x0000029cc9b78a40] 
[2024-10-26T03:26:26.015+0530][1.405s][debug][gc,nmethod     ] GC(0) O: Purge NMethod: org.springframework.boot.loader.zip.FileDataBlock$FileAccess.ensureOpen (0x0000029cc227d908) [0x0000029cc227da40, 0x0000029cc227df00] 
[2024-10-26T03:26:26.015+0530][1.405s][debug][gc,nmethod     ] GC(0) O: Purge NMethod: jdk.internal.org.objectweb.asm.SymbolTable$Entry.<init> (0x0000029cc2023488) [0x0000029cc20235a0, 0x0000029cc2023718] 
[2024-10-26T03:26:26.015+0530][1.405s][debug][gc,nmethod     ] GC(0) O: Purge NMethod: java.util.HashMap.putVal (0x0000029cc25a3908) [0x0000029cc25a3b60, 0x0000029cc25a4dc8] 
[2024-10-26T03:26:26.015+0530][1.405s][debug][gc,nmethod     ] GC(0) O: Purge NMethod: java.io.BufferedReader.read (0x0000029cc2326388) [0x0000029cc23265c0, 0x0000029cc23275e8] 
[2024-10-26T03:26:26.015+0530][1.405s][debug][gc,nmethod     ] GC(0) O: Purge NMethod: java.net.URL.isValidProtocol (0x0000029cc22de688) [0x0000029cc22de920, 0x0000029cc22dfbb8] 
[2024-10-26T03:26:26.015+0530][1.405s][debug][gc,nmethod     ] GC(0) O: Purge NMethod: sun.reflect.generics.parser.SignatureParser.skipIdentifier (0x0000029cc9c8e088) [0x0000029cc9c8e1e0, 0x0000029cc9c8e650] 
[2024-10-26T03:26:26.015+0530][1.405s][debug][gc,nmethod     ] GC(0) O: Purge NMethod: java.util.ArrayList.iterator (0x0000029cc2071d88) [0x0000029cc2071ec0, 0x0000029cc2072170] 
[2024-10-26T03:26:26.015+0530][1.405s][debug][gc,nmethod     ] GC(0) O: Purge NMethod: java.nio.DirectLongBufferU.ix (0x0000029cc22c3d08) [0x0000029cc22c3e20, 0x0000029cc22c3f40] 
[2024-10-26T03:26:26.015+0530][1.405s][debug][gc,nmethod     ] GC(0) O: Purge NMethod: java.lang.StringLatin1.indexOfChar (0x0000029cc1ff7508) [0x0000029cc1ff7640, 0x0000029cc1ff7858] 
[2024-10-26T03:26:26.015+0530][1.405s][debug][gc,nmethod     ] GC(0) O: Purge NMethod: java.lang.module.ModuleDescriptor$Exports.isQualified (0x0000029cc1fee788) [0x0000029cc1fee8c0, 0x0000029cc1feeb18] 
[2024-10-26T03:26:26.015+0530][1.405s][debug][gc,nmethod     ] GC(0) O: Purge NMethod: java.io.BufferedReader.read (0x0000029cc9c1e688) [0x0000029cc9c1e840, 0x0000029cc9c1f218] 
[2024-10-26T03:26:26.015+0530][1.405s][debug][gc,nmethod     ] GC(0) O: Purge NMethod: jdk.internal.jimage.BasicImageReader.getLocationIndex (0x0000029cc233cd08) [0x0000029cc233ce80, 0x0000029cc233d368] 
[2024-10-26T03:26:26.015+0530][1.405s][debug][gc,nmethod     ] GC(0) O: Purge NMethod: jdk.internal.perf.PerfCounter.add (0x0000029cc2313588) [0x0000029cc23136e0, 0x0000029cc2313c78] 
[2024-10-26T03:26:26.015+0530][1.405s][debug][gc,nmethod     ] GC(0) O: Purge NMethod: java.io.DataInputStream.readUTF (0x0000029cc9bc0c88) [0x0000029cc9bc1120, 0x0000029cc9bc61a0] 
[2024-10-26T03:26:26.015+0530][1.405s][debug][gc,nmethod     ] GC(0) O: Purge NMethod: java.util.ArrayDeque.elementAt (0x0000029cc207a708) [0x0000029cc207a820, 0x0000029cc207a960] 
[2024-10-26T03:26:26.015+0530][1.405s][debug][gc,nmethod     ] GC(0) O: Purge NMethod: java.lang.CharacterDataLatin1.toLowerCase (0x0000029cc2293008) [0x0000029cc2293140, 0x0000029cc2293390] 
[2024-10-26T03:26:26.015+0530][1.405s][debug][gc,nmethod     ] GC(0) O: Purge NMethod: java.nio.Buffer.limit (0x0000029cc9bf7888) [0x0000029cc9bf79a0, 0x0000029cc9bf7ab0] 
[2024-10-26T03:26:26.015+0530][1.405s][debug][gc,nmethod     ] GC(0) O: Purge NMethod: java.lang.String.equalsIgnoreCase (0x0000029cc2327e88) [0x0000029cc2328000, 0x0000029cc2328588] 
[2024-10-26T03:26:26.015+0530][1.405s][debug][gc,nmethod     ] GC(0) O: Purge NMethod: java.util.ArrayDeque.<init> (0x0000029cc22c3888) [0x0000029cc22c39c0, 0x0000029cc22c3c98] 
[2024-10-26T03:26:26.015+0530][1.405s][debug][gc,nmethod     ] GC(0) O: Purge NMethod: java.util.ImmutableCollections$List12.get (0x0000029cc2078388) [0x0000029cc20784c0, 0x0000029cc20787a8] 
[2024-10-26T03:26:26.015+0530][1.405s][debug][gc,nmethod     ] GC(0) O: Purge NMethod: java.lang.invoke.DirectMethodHandle$Holder.invokeStatic (0x0000029cc22d4488) [0x0000029cc22d45e0, 0x0000029cc22d4b50] 
[2024-10-26T03:26:26.015+0530][1.405s][debug][gc,nmethod     ] GC(0) O: Purge NMethod: java.util.LinkedHashMap.get (0x0000029cc2137108) [0x0000029cc2137260, 0x0000029cc21374d0] 
[2024-10-26T03:26:26.015+0530][1.405s][debug][gc,nmethod     ] GC(0) O: Purge NMethod: org.springframework.boot.autoconfigure.AutoConfigurationSorter$AutoConfigurationClasses$$Lambda/0x000002a0d42991f0.accept (0x0000029cc25e6988) [0x0000029cc25e6b00, 0x0000029cc25e70a8] 
[2024-10-26T03:26:26.015+0530][1.405s][debug][gc,nmethod     ] GC(0) O: Purge NMethod: java.util.ImmutableCollections$SetN$SetNIterator.hasNext (0x0000029cc1fd5788) [0x0000029cc1fd58a0, 0x0000029cc1fd59f8] 
[2024-10-26T03:26:26.015+0530][1.405s][debug][gc,nmethod     ] GC(0) O: Purge NMethod: org.springframework.boot.loader.zip.ZipContent.getFirstLookupIndex (0x0000029cc2410f08) [0x0000029cc2411060, 0x0000029cc2411428] 
[2024-10-26T03:26:26.015+0530][1.405s][debug][gc,nmethod     ] GC(0) O: Purge NMethod: java.util.HashMap.getNode (0x0000029cc9bb5688) [0x0000029cc9bb5860, 0x0000029cc9bb5fa8] 
[2024-10-26T03:26:26.015+0530][1.405s][debug][gc,nmethod     ] GC(0) O: Purge NMethod: jdk.internal.classfile.impl.EntryMap.put (0x0000029cc2060c08) [0x0000029cc2060dc0, 0x0000029cc20614c0] 
[2024-10-26T03:26:26.015+0530][1.405s][debug][gc,nmethod     ] GC(0) O: Purge NMethod: java.util.Objects.checkFromIndexSize (0x0000029cc2026008) [0x0000029cc2026140, 0x0000029cc2026340] 
[2024-10-26T03:26:26.015+0530][1.405s][debug][gc,nmethod     ] GC(0) O: Purge NMethod: java.util.HashMap.putVal (0x0000029cc23def08) [0x0000029cc23df160, 0x0000029cc23e03c8] 
[2024-10-26T03:26:26.015+0530][1.405s][debug][gc,nmethod     ] GC(0) O: Purge NMethod: java.lang.Math.clamp (0x0000029cc22eae08) [0x0000029cc22eafe0, 0x0000029cc22eb828] 
[2024-10-26T03:26:26.015+0530][1.405s][debug][gc,nmethod     ] GC(0) O: Purge NMethod: java.lang.StringLatin1.writeDigitPair (0x0000029cc21cdf88) [0x0000029cc21ce0a0, 0x0000029cc21ce270] 
[2024-10-26T03:26:26.015+0530][1.405s][debug][gc,nmethod     ] GC(0) O: Purge NMethod: jdk.internal.loader.URLClassPath$Loader$1.getCodeSourceURL (0x0000029cc23a6b88) [0x0000029cc23a6ca0, 0x0000029cc23a6e10] 
[2024-10-26T03:26:26.015+0530][1.405s][debug][gc,nmethod     ] GC(0) O: Purge NMethod: java.util.LinkedHashMap.values (0x0000029cc2251e08) [0x0000029cc2251f20, 0x0000029cc2252078] 
[2024-10-26T03:26:26.015+0530][1.405s][debug][gc,nmethod     ] GC(0) O: Purge NMethod: org.springframework.boot.loader.zip.ZipContent$Loader.sort (0x0000029cc2295b08) [0x0000029cc2295ca0, 0x0000029cc2296288] 
[2024-10-26T03:26:26.015+0530][1.405s][debug][gc,nmethod     ] GC(0) O: Purge NMethod: jdk.internal.jimage.ImageStringsReader.unmaskedHashCode (0x0000029cc203c388) [0x0000029cc203c560, 0x0000029cc203d0b0] 
[2024-10-26T03:26:26.015+0530][1.405s][debug][gc,nmethod     ] GC(0) O: Purge NMethod: jdk.proxy1.$Proxy6.annotationType (0x0000029cc21ea308) [0x0000029cc21ea460, 0x0000029cc21ea7d8] 
[2024-10-26T03:26:26.015+0530][1.405s][debug][gc,nmethod     ] GC(0) O: Purge NMethod: java.lang.CharacterDataLatin1.equalsIgnoreCase (0x0000029cc2327688) [0x0000029cc23277c0, 0x0000029cc2327a70] 
[2024-10-26T03:26:26.015+0530][1.405s][debug][gc,nmethod     ] GC(0) O: Purge NMethod: java.util.ImmutableCollections$SetN$SetNIterator.next (0x0000029cc1fd9488) [0x0000029cc1fd95e0, 0x0000029cc1fd9968] 
[2024-10-26T03:26:26.015+0530][1.405s][debug][gc,nmethod     ] GC(0) O: Purge NMethod: java.lang.Byte.toUnsignedInt (0x0000029cc1fd0988) [0x0000029cc1fd0aa0, 0x0000029cc1fd0b98] 
[2024-10-26T03:26:26.015+0530][1.405s][debug][gc,nmethod     ] GC(0) O: Purge NMethod: java.util.ImmutableCollections$AbstractImmutableList.iterator (0x0000029cc20aef88) [0x0000029cc20af0c0, 0x0000029cc20af448] 
[2024-10-26T03:26:26.015+0530][1.405s][debug][gc,nmethod     ] GC(0) O: Purge NMethod: org.springframework.boot.loader.net.protocol.jar.Handler.parseURL (0x0000029cc2573588) [0x0000029cc2573740, 0x0000029cc2573dd8] 
[2024-10-26T03:26:26.015+0530][1.405s][debug][gc,nmethod     ] GC(0) O: Purge NMethod: java.util.HashMap.putVal (0x0000029cc9bc9608) [0x0000029cc9bc9880, 0x0000029cc9bcac40] 
[2024-10-26T03:26:26.015+0530][1.405s][debug][gc,nmethod     ] GC(0) O: Purge NMethod: java.util.concurrent.ConcurrentHashMap.computeIfAbsent (0x0000029cc228ad08) [0x0000029cc228b100, 0x0000029cc228d6b0] 
[2024-10-26T03:26:26.015+0530][1.405s][debug][gc,nmethod     ] GC(0) O: Purge NMethod: jdk.internal.util.xml.impl.Parser.del (0x0000029cc200d408) [0x0000029cc200d560, 0x0000029cc200d9d8] 
[2024-10-26T03:26:26.015+0530][1.405s][debug][gc,nmethod     ] GC(0) O: Purge NMethod: org.springframework.boot.loader.zip.NameOffsetLookups.swap (0x0000029cc2295008) [0x0000029cc22951c0, 0x0000029cc2295ab8] 
[2024-10-26T03:26:26.015+0530][1.405s][debug][gc,nmethod     ] GC(0) O: Purge NMethod: jdk.jfr.internal.MetadataWriter.write (0x0000029cc224ca88) [0x0000029cc224cd20, 0x0000029cc224dfb0] 
[2024-10-26T03:26:26.015+0530][1.405s][debug][gc,nmethod     ] GC(0) O: Purge NMethod: jdk.internal.misc.InternalLock.lock (0x0000029cc202c608) [0x0000029cc202c760, 0x0000029cc202cb58] 
[2024-10-26T03:26:26.015+0530][1.405s][debug][gc,nmethod     ] GC(0) O: Purge NMethod: java.util.HashMap.put (0x0000029cc2191088) [0x0000029cc21911c0, 0x0000029cc21914c0] 
[2024-10-26T03:26:26.015+0530][1.405s][debug][gc,nmethod     ] GC(0) O: Purge NMethod: java.util.Objects.hashCode (0x0000029cc9ba3388) [0x0000029cc9ba3480, 0x0000029cc9ba3570] 
[2024-10-26T03:26:26.015+0530][1.405s][debug][gc,nmethod     ] GC(0) O: Purge NMethod: java.lang.CharacterDataLatin1.isJavaIdentifierPart (0x0000029cc217d388) [0x0000029cc217d4a0, 0x0000029cc217d6a0] 
[2024-10-26T03:26:26.015+0530][1.405s][debug][gc,nmethod     ] GC(0) O: Purge NMethod: java.util.stream.AbstractPipeline.isParallel (0x0000029cc2376688) [0x0000029cc23767a0, 0x0000029cc23768e8] 
[2024-10-26T03:26:26.015+0530][1.405s][debug][gc,nmethod     ] GC(0) O: Purge NMethod: java.lang.StringLatin1.indexOf (0x0000029cc2267488) [0x0000029cc22675e0, 0x0000029cc2267a78] 
[2024-10-26T03:26:26.015+0530][1.405s][debug][gc,nmethod     ] GC(0) O: Purge NMethod: java.nio.DirectByteBuffer.ix (0x0000029cc203ab08) [0x0000029cc203ac20, 0x0000029cc203ad38] 
[2024-10-26T03:26:26.015+0530][1.405s][debug][gc,nmethod     ] GC(0) O: Purge NMethod: java.util.BitSet.checkInvariants (0x0000029cc2069a88) [0x0000029cc2069ba0, 0x0000029cc2069cd8] 
[2024-10-26T03:26:26.015+0530][1.405s][debug][gc,nmethod     ] GC(0) O: Purge NMethod: jdk.internal.misc.Unsafe.checkOffset (0x0000029cc227a008) [0x0000029cc227a140, 0x0000029cc227a3b0] 
[2024-10-26T03:26:26.015+0530][1.406s][debug][gc,nmethod     ] GC(0) O: Purge NMethod: java.nio.ByteBuffer.clear (0x0000029cc2283988) [0x0000029cc2283aa0, 0x0000029cc2283c20] 
[2024-10-26T03:26:26.015+0530][1.406s][debug][gc,nmethod     ] GC(0) O: Purge NMethod: org.springframework.boot.loader.jar.NestedJarFile.getVersionedContentEntry (0x0000029cc22db288) [0x0000029cc22db440, 0x0000029cc22dba50] 
[2024-10-26T03:26:26.015+0530][1.406s][debug][gc,nmethod     ] GC(0) O: Purge NMethod: java.util.zip.Inflater.ensureOpen (0x0000029cc2299188) [0x0000029cc22992c0, 0x0000029cc2299540] 
[2024-10-26T03:26:26.015+0530][1.406s][debug][gc,nmethod     ] GC(0) O: Purge NMethod: org.springframework.util.StringUtils.cleanPath (0x0000029cc2495908) [0x0000029cc2495fc0, 0x0000029cc2499a70] 
[2024-10-26T03:26:26.015+0530][1.406s][debug][gc,nmethod     ] GC(0) O: Purge NMethod: org.springframework.boot.loader.net.util.UrlDecoder.decode (0x0000029cc22dc488) [0x0000029cc22dc840, 0x0000029cc22ddfc8] 
[2024-10-26T03:26:26.015+0530][1.406s][debug][gc,nmethod     ] GC(0) O: Purge NMethod: java.lang.ClassLoader.getClassLoadingLock (0x0000029cc2298588) [0x0000029cc22986c0, 0x0000029cc22989d8] 
[2024-10-26T03:26:26.015+0530][1.406s][debug][gc,nmethod     ] GC(0) O: Purge NMethod: jdk.internal.classfile.impl.Util.checkKind (0x0000029cc2063b08) [0x0000029cc2063cc0, 0x0000029cc2064570] 
[2024-10-26T03:26:26.015+0530][1.406s][debug][gc,nmethod     ] GC(0) O: Purge NMethod: java.lang.CharacterDataLatin1.equalsIgnoreCase (0x0000029cc9c0d388) [0x0000029cc9c0d480, 0x0000029cc9c0d540] 
[2024-10-26T03:26:26.015+0530][1.406s][debug][gc,nmethod     ] GC(0) O: Purge NMethod: java.net.URL.<init> (0x0000029cc9c94588) [0x0000029cc9c94a20, 0x0000029cc9c99298] 
[2024-10-26T03:26:26.015+0530][1.406s][debug][gc,nmethod     ] GC(0) O: Purge NMethod: java.net.URL.<init> (0x0000029cc22ca388) [0x0000029cc22ca9a0, 0x0000029cc22ce280] 
[2024-10-26T03:26:26.015+0530][1.406s][debug][gc,nmethod     ] GC(0) O: Purge NMethod: java.lang.invoke.MethodType.makeImpl (0x0000029cc1ff9a88) [0x0000029cc1ff9d80, 0x0000029cc1ffb3c0] 
[2024-10-26T03:26:26.015+0530][1.406s][debug][gc,nmethod     ] Register NMethod: java.util.WeakHashMap.matchesKey (0x0000029cc2029188) [0x0000029cc20292e0, 0x0000029cc20297f0] Compiler: c1, Barriers: 2, Oops: 0, ImmediateOops: 0, NonImmediateOops: No
[2024-10-26T03:26:26.015+0530][1.406s][debug][gc,nmethod     ] Register NMethod: org.springframework.core.annotation.TypeMappedAnnotation.getMetaTypes (0x0000029cc1fd4908) [0x0000029cc1fd4a20, 0x0000029cc1fd4ba8] Compiler: c1, Barriers: 2, Oops: 1, ImmediateOops: 0, NonImmediateOops: No
[2024-10-26T03:26:26.015+0530][1.406s][debug][gc,nmethod     ] Register NMethod: org.springframework.core.annotation.MergedAnnotationPredicates$UniquePredicate.test (0x0000029cc2078388) [0x0000029cc20784c0, 0x0000029cc20787e0] Compiler: c1, Barriers: 2, Oops: 1, ImmediateOops: 0, NonImmediateOops: No
[2024-10-26T03:26:26.015+0530][1.406s][debug][gc,nmethod     ] Register NMethod: org.springframework.core.annotation.MergedAnnotationPredicates$UniquePredicate.test (0x0000029cc200d408) [0x0000029cc200d560, 0x0000029cc200d9d8] Compiler: c1, Barriers: 2, Oops: 1, ImmediateOops: 0, NonImmediateOops: No
[2024-10-26T03:26:26.015+0530][1.406s][debug][gc,phases      ] GC(0) O: Concurrent Classes Purge 6.190ms
[2024-10-26T03:26:26.015+0530][1.406s][debug][gc,phases,start] GC(0) O: Concurrent References Enqueue
[2024-10-26T03:26:26.015+0530][1.406s][debug][gc,reloc       ] Synchronize all workers 1 _nworkers: 0 _nsynchronized: 0
[2024-10-26T03:26:26.015+0530][1.406s][debug][gc,phases      ] GC(0) O: Concurrent References Enqueue 0.008ms
[2024-10-26T03:26:26.015+0530][1.406s][debug][gc,reloc       ] Synchronize all workers 1 _nworkers: 0 _nsynchronized: 0
[2024-10-26T03:26:26.016+0530][1.406s][info ][gc,phases      ] GC(0) O: Concurrent Process Non-Strong 19.652ms
[2024-10-26T03:26:26.016+0530][1.406s][debug][gc,phases,start] GC(0) O: Concurrent Reset Relocation Set
[2024-10-26T03:26:26.016+0530][1.406s][info ][gc,phases      ] GC(0) O: Concurrent Reset Relocation Set 0.005ms
[2024-10-26T03:26:26.016+0530][1.406s][debug][gc,phases,start] GC(0) O: Concurrent Select Relocation Set
[2024-10-26T03:26:26.016+0530][1.406s][debug][gc,reloc       ] Desynchronize all workers _nworkers: 0 _nsynchronized: 0
[2024-10-26T03:26:26.016+0530][1.406s][debug][gc,reloc       ] Desynchronize all workers _nworkers: 0 _nsynchronized: 0
[2024-10-26T03:26:26.017+0530][1.407s][debug][gc,alloc       ] Mutator Allocation Rate: 158.6MB/s Predicted: 158.6MB/s, Avg: 138.9(+/-24.9)MB/s
[2024-10-26T03:26:26.017+0530][1.407s][debug][gc,nmethod     ] Register NMethod: org.springframework.core.type.classreading.SimpleMetadataReader.<init> (0x0000029cc1fd9088) [0x0000029cc1fd9220, 0x0000029cc1fd9910] Compiler: c1, Barriers: 7, Oops: 2, ImmediateOops: 1, NonImmediateOops: No
[2024-10-26T03:26:26.017+0530][1.407s][debug][gc,reloc       ] GC(0) O: Relocation Set (Medium Pages): 0->0, 0 skipped, 0 forwarding entries
[2024-10-26T03:26:26.017+0530][1.407s][debug][gc,reloc       ] GC(0) O: Relocation Set (Small Pages): 0->0, 0 skipped, 0 forwarding entries
[2024-10-26T03:26:26.017+0530][1.407s][debug][gc,task        ] GC(0) O: Executing ZRelocationSetInstallTask using ZWorkerOld with 1 workers
[2024-10-26T03:26:26.017+0530][1.407s][info ][gc,phases      ] GC(0) O: Concurrent Select Relocation Set 1.432ms
[2024-10-26T03:26:26.017+0530][1.407s][debug][gc,phases,start] GC(0) O: Concurrent Remap Roots
[2024-10-26T03:26:26.017+0530][1.407s][info ][gc,task        ] GC(0) O: Using 2 Workers for Old Generation
[2024-10-26T03:26:26.017+0530][1.408s][debug][gc,task        ] GC(0) O: Executing ZRemapYoungRootsTask using ZWorkerOld with 2 workers
[2024-10-26T03:26:26.017+0530][1.408s][debug][gc,nmethod     ] Register NMethod: org.springframework.util.ReflectionUtils.makeAccessible (0x0000029cc20c1508) [0x0000029cc20c16c0, 0x0000029cc20c2008] Compiler: c1, Barriers: 3, Oops: 1, ImmediateOops: 2, NonImmediateOops: No
[2024-10-26T03:26:26.018+0530][1.409s][debug][gc,nmethod     ] Register NMethod: java.lang.Enum.valueOf (0x0000029cc203a088) [0x0000029cc203a2c0, 0x0000029cc203ad90] Compiler: c1, Barriers: 0, Oops: 2, ImmediateOops: 4, NonImmediateOops: No
[2024-10-26T03:26:26.019+0530][1.409s][debug][gc,nmethod     ] Register NMethod: java.lang.String.indexOf (0x0000029cc9c19588) [0x0000029cc9c196a0, 0x0000029cc9c19a70] Compiler: c2, Barriers: 1, Oops: 0, ImmediateOops: 0, NonImmediateOops: No
[2024-10-26T03:26:26.019+0530][1.409s][debug][gc,nmethod     ] Register NMethod: java.lang.String.indexOf (0x0000029cc9bac888) [0x0000029cc9bac9a0, 0x0000029cc9bacdc0] Compiler: c2, Barriers: 2, Oops: 0, ImmediateOops: 0, NonImmediateOops: No
[2024-10-26T03:26:26.019+0530][1.410s][debug][gc,nmethod     ] Register NMethod: org.springframework.context.annotation.ConfigurationClassParser$SourceClass.isAssignable (0x0000029cc1ff2d08) [0x0000029cc1ff2f00, 0x0000029cc1ff3c68] Compiler: c1, Barriers: 12, Oops: 1, ImmediateOops: 1, NonImmediateOops: No
[2024-10-26T03:26:26.019+0530][1.410s][debug][gc,nmethod     ] Register NMethod: org.springframework.core.annotation.TypeMappedAnnotation.getValueFromMetaAnnotation (0x0000029cc20eba88) [0x0000029cc20ebc00, 0x0000029cc20ec038] Compiler: c1, Barriers: 6, Oops: 1, ImmediateOops: 0, NonImmediateOops: No
[2024-10-26T03:26:26.020+0530][1.410s][debug][gc,nmethod     ] Register NMethod: java.net.URLClassLoader$2.<init> (0x0000029cc1fee788) [0x0000029cc1fee8c0, 0x0000029cc1feeb18] Compiler: c1, Barriers: 6, Oops: 0, ImmediateOops: 0, NonImmediateOops: No
[2024-10-26T03:26:26.020+0530][1.410s][debug][gc,nmethod     ] Register NMethod: java.net.URLClassLoader$2.run (0x0000029cc1fe0388) [0x0000029cc1fe04c0, 0x0000029cc1fe06d8] Compiler: c1, Barriers: 3, Oops: 0, ImmediateOops: 0, NonImmediateOops: No
[2024-10-26T03:26:26.020+0530][1.410s][debug][gc,nmethod     ] Register NMethod: java.net.URLClassLoader$2.run (0x0000029cc1ff4d08) [0x0000029cc1ff4e40, 0x0000029cc1ff50d0] Compiler: c1, Barriers: 3, Oops: 0, ImmediateOops: 0, NonImmediateOops: No
[2024-10-26T03:26:26.020+0530][1.410s][debug][gc,nmethod     ] Register NMethod: org.springframework.boot.loader.net.protocol.jar.JarUrlClassLoader.findResource (0x0000029cc219d788) [0x0000029cc219d9c0, 0x0000029cc219e7c0] Compiler: c1, Barriers: 6, Oops: 3, ImmediateOops: 9, NonImmediateOops: No
[2024-10-26T03:26:26.020+0530][1.411s][debug][gc,nmethod     ] Register NMethod: java.net.URLClassLoader.findResource (0x0000029cc2060c08) [0x0000029cc2060e00, 0x0000029cc2061738] Compiler: c1, Barriers: 10, Oops: 0, ImmediateOops: 0, NonImmediateOops: No
[2024-10-26T03:26:26.020+0530][1.411s][debug][gc,nmethod     ] Register NMethod: org.springframework.util.MultiValueMapAdapter.get (0x0000029cc2018108) [0x0000029cc2018240, 0x0000029cc2018610] Compiler: c1, Barriers: 1, Oops: 1, ImmediateOops: 0, NonImmediateOops: No
[2024-10-26T03:26:26.020+0530][1.411s][debug][gc,nmethod     ] Register NMethod: org.springframework.util.MultiValueMapAdapter.get (0x0000029cc2095808) [0x0000029cc2095940, 0x0000029cc2095c38] Compiler: c1, Barriers: 1, Oops: 1, ImmediateOops: 0, NonImmediateOops: No
[2024-10-26T03:26:26.022+0530][1.412s][debug][gc,nmethod     ] Register NMethod: java.lang.invoke.LambdaFormEditor$TransformKey.of (0x0000029cc2076f88) [0x0000029cc2077100, 0x0000029cc2077618] Compiler: c1, Barriers: 3, Oops: 0, ImmediateOops: 0, NonImmediateOops: No
[2024-10-26T03:26:26.022+0530][1.413s][debug][gc,nmethod     ] Register NMethod: org.springframework.core.type.AnnotatedTypeMetadata$$Lambda/0x000002a0d429bd10.apply (0x0000029cc20a8188) [0x0000029cc20a82c0, 0x0000029cc20a8588] Compiler: c1, Barriers: 0, Oops: 1, ImmediateOops: 0, NonImmediateOops: No
[2024-10-26T03:26:26.022+0530][1.413s][debug][gc,nmethod     ] Register NMethod: org.springframework.core.annotation.TypeMappedAnnotation.withNonMergedAttributes (0x0000029cc2012108) [0x0000029cc2012240, 0x0000029cc20125e0] Compiler: c1, Barriers: 8, Oops: 1, ImmediateOops: 0, NonImmediateOops: No
[2024-10-26T03:26:26.022+0530][1.413s][debug][gc,nmethod     ] Register NMethod: org.springframework.core.type.AnnotatedTypeMetadata$$Lambda/0x000002a0d429c1b8.apply (0x0000029cc20bc208) [0x0000029cc20bc340, 0x0000029cc20bc608] Compiler: c1, Barriers: 0, Oops: 1, ImmediateOops: 0, NonImmediateOops: No
[2024-10-26T03:26:26.022+0530][1.413s][debug][gc,nmethod     ] Register NMethod: org.springframework.core.annotation.TypeMappedAnnotation.<init> (0x0000029cc1fd1608) [0x0000029cc1fd1760, 0x0000029cc1fd1cf8] Compiler: c1, Barriers: 24, Oops: 1, ImmediateOops: 0, NonImmediateOops: No
[2024-10-26T03:26:26.022+0530][1.413s][debug][gc,nmethod     ] Register NMethod: org.springframework.core.annotation.TypeMappedAnnotation$$Lambda/0x000002a0d429cee0.apply (0x0000029cc210bc08) [0x0000029cc210bd40, 0x0000029cc210c188] Compiler: c1, Barriers: 0, Oops: 1, ImmediateOops: 0, NonImmediateOops: No
[2024-10-26T03:26:26.023+0530][1.413s][debug][gc,nmethod     ] Register NMethod: org.springframework.core.annotation.TypeMappedAnnotation.asMap (0x0000029cc1ffbc88) [0x0000029cc1ffbe20, 0x0000029cc1ffc498] Compiler: c1, Barriers: 3, Oops: 3, ImmediateOops: 2, NonImmediateOops: No
[2024-10-26T03:26:26.023+0530][1.413s][debug][gc,nmethod     ] Register NMethod: org.springframework.core.annotation.MergedAnnotationCollectors$$Lambda/0x000002a0d429ca60.accept (0x0000029cc1fd6108) [0x0000029cc1fd62e0, 0x0000029cc1fd6e20] Compiler: c1, Barriers: 4, Oops: 2, ImmediateOops: 2, NonImmediateOops: No
[2024-10-26T03:26:26.023+0530][1.413s][debug][gc,nmethod     ] Register NMethod: org.springframework.core.annotation.TypeMappedAnnotation.lambda$asMap$3 (0x0000029cc2191088) [0x0000029cc21911c0, 0x0000029cc2191490] Compiler: c1, Barriers: 0, Oops: 1, ImmediateOops: 0, NonImmediateOops: No
[2024-10-26T03:26:26.023+0530][1.413s][debug][gc,nmethod     ] Register NMethod: org.springframework.core.annotation.MergedAnnotationCollectors.lambda$toMultiValueMap$4 (0x0000029cc1fec508) [0x0000029cc1fec6c0, 0x0000029cc1fecf58] Compiler: c1, Barriers: 3, Oops: 2, ImmediateOops: 2, NonImmediateOops: No
[2024-10-26T03:26:26.023+0530][1.413s][debug][gc,nmethod     ] Register NMethod: org.springframework.core.annotation.MergedAnnotationCollectors$$Lambda/0x000002a0d429d120.<init> (0x0000029cc2034788) [0x0000029cc20348a0, 0x0000029cc2034a80] Compiler: c1, Barriers: 3, Oops: 1, ImmediateOops: 0, NonImmediateOops: No
[2024-10-26T03:26:26.023+0530][1.414s][debug][gc,nmethod     ] Register NMethod: java.util.Collections$SynchronizedCollection.<init> (0x0000029cc2058a08) [0x0000029cc2058b80, 0x0000029cc2059160] Compiler: c1, Barriers: 6, Oops: 0, ImmediateOops: 0, NonImmediateOops: No
[2024-10-26T03:26:26.025+0530][1.415s][debug][gc,nmethod     ] Register NMethod: java.util.Collections$SynchronizedSet.<init> (0x0000029cc201c088) [0x0000029cc201c200, 0x0000029cc201c848] Compiler: c1, Barriers: 6, Oops: 0, ImmediateOops: 0, NonImmediateOops: No
[2024-10-26T03:26:26.025+0530][1.415s][debug][gc,nmethod     ] Register NMethod: java.util.Collections.synchronizedSet (0x0000029cc2181008) [0x0000029cc2181180, 0x0000029cc2181870] Compiler: c1, Barriers: 6, Oops: 0, ImmediateOops: 0, NonImmediateOops: No
[2024-10-26T03:26:26.025+0530][1.415s][debug][gc,nmethod     ] Register NMethod: org.springframework.boot.loader.zip.ZipContent.hasName (0x0000029cc9ba7088) [0x0000029cc9ba7200, 0x0000029cc9ba78c0] Compiler: c2, Barriers: 8, Oops: 1, ImmediateOops: 1, NonImmediateOops: No
[2024-10-26T03:26:26.025+0530][1.415s][debug][gc,nmethod     ] Register NMethod: java.lang.Boolean.equals (0x0000029cc20aef88) [0x0000029cc20af0c0, 0x0000029cc20af448] Compiler: c1, Barriers: 0, Oops: 0, ImmediateOops: 0, NonImmediateOops: No
[2024-10-26T03:26:26.026+0530][1.416s][debug][gc,nmethod     ] Register NMethod: org.springframework.core.annotation.MergedAnnotations.from (0x0000029cc20a1488) [0x0000029cc20a15c0, 0x0000029cc20a17a8] Compiler: c1, Barriers: 0, Oops: 2, ImmediateOops: 2, NonImmediateOops: No
[2024-10-26T03:26:26.026+0530][1.417s][debug][gc,nmethod     ] Register NMethod: org.springframework.core.type.filter.AssignableTypeFilter.matchSuperClass (0x0000029cc1fd5788) [0x0000029cc1fd58a0, 0x0000029cc1fd59f8] Compiler: c1, Barriers: 0, Oops: 1, ImmediateOops: 0, NonImmediateOops: No
[2024-10-26T03:26:26.026+0530][1.417s][debug][gc,nmethod     ] Register NMethod: org.springframework.boot.env.RandomValuePropertySource.getProperty (0x0000029cc207a708) [0x0000029cc207a900, 0x0000029cc207b240] Compiler: c1, Barriers: 7, Oops: 5, ImmediateOops: 5, NonImmediateOops: No
[2024-10-26T03:26:26.027+0530][1.417s][debug][gc,nmethod     ] Register NMethod: jdk.internal.jimage.ImageLocation.verify (0x0000029cc2370108) [0x0000029cc2370340, 0x0000029cc23710a0] Compiler: c1, Barriers: 1, Oops: 1, ImmediateOops: 2, NonImmediateOops: No
[2024-10-26T03:26:26.027+0530][1.418s][debug][gc,nmethod     ] Register NMethod: java.util.function.Function.identity (0x0000029cc20a2c08) [0x0000029cc20a2d20, 0x0000029cc20a2f20] Compiler: c1, Barriers: 0, Oops: 2, ImmediateOops: 1, NonImmediateOops: No
[2024-10-26T03:26:26.028+0530][1.418s][debug][gc,nmethod     ] Register NMethod: org.springframework.core.annotation.AnnotationAwareOrderComparator.findOrderFromAnnotation (0x0000029cc2049c88) [0x0000029cc2049e40, 0x0000029cc204a700] Compiler: c1, Barriers: 1, Oops: 3, ImmediateOops: 3, NonImmediateOops: No
[2024-10-26T03:26:26.028+0530][1.418s][debug][gc,nmethod     ] Register NMethod: jdk.internal.module.SystemModuleFinders$SystemModuleReader.find (0x0000029cc9b70d88) [0x0000029cc9b70ea0, 0x0000029cc9b70f70] Compiler: c2, Barriers: 0, Oops: 0, ImmediateOops: 1, NonImmediateOops: No
[2024-10-26T03:26:26.028+0530][1.419s][debug][gc,nmethod     ] Register NMethod: org.springframework.core.annotation.MergedAnnotationsCollection.stream (0x0000029cc1feba88) [0x0000029cc1febbe0, 0x0000029cc1fec0d0] Compiler: c1, Barriers: 10, Oops: 1, ImmediateOops: 0, NonImmediateOops: No
[2024-10-26T03:26:26.029+0530][1.419s][debug][gc,nmethod     ] Register NMethod: org.springframework.core.annotation.MergedAnnotationPredicates.unique (0x0000029cc2041288) [0x0000029cc2041420, 0x0000029cc2041c60] Compiler: c1, Barriers: 9, Oops: 2, ImmediateOops: 1, NonImmediateOops: No
[2024-10-26T03:26:26.029+0530][1.419s][debug][gc,nmethod     ] Register NMethod: java.util.TimSort.sort (0x0000029cc200c688) [0x0000029cc200c860, 0x0000029cc200cfb0] Compiler: c1, Barriers: 2, Oops: 0, ImmediateOops: 0, NonImmediateOops: No
[2024-10-26T03:26:26.029+0530][1.419s][debug][gc,nmethod     ] Register NMethod: org.springframework.core.annotation.MergedAnnotationPredicates$UniquePredicate.<init> (0x0000029cc1fd3808) [0x0000029cc1fd39a0, 0x0000029cc1fd4138] Compiler: c1, Barriers: 9, Oops: 2, ImmediateOops: 1, NonImmediateOops: No
[2024-10-26T03:26:26.029+0530][1.419s][debug][gc,nmethod     ] Register NMethod: sun.reflect.annotation.AnnotationParser.parseStringArray (0x0000029cc2076288) [0x0000029cc2076420, 0x0000029cc2076bd8] Compiler: c1, Barriers: 4, Oops: 0, ImmediateOops: 0, NonImmediateOops: No
[2024-10-26T03:26:26.032+0530][1.422s][debug][gc,nmethod     ] Register NMethod: java.lang.ThreadLocal$ThreadLocalMap.getEntryAfterMiss (0x0000029cc2006988) [0x0000029cc2006b20, 0x0000029cc2007170] Compiler: c1, Barriers: 2, Oops: 0, ImmediateOops: 0, NonImmediateOops: No
[2024-10-26T03:26:26.032+0530][1.423s][debug][gc,nmethod     ] Register NMethod: java.net.URLClassLoader.definePackage (0x0000029cc2573388) [0x0000029cc2573a00, 0x0000029cc2577c18] Compiler: c1, Barriers: 18, Oops: 9, ImmediateOops: 32, NonImmediateOops: No
[2024-10-26T03:26:26.033+0530][1.423s][debug][gc,nmethod     ] Register NMethod: java.lang.ThreadLocal.setInitialValue (0x0000029cc20e3988) [0x0000029cc20e3b40, 0x0000029cc20e4558] Compiler: c1, Barriers: 0, Oops: 1, ImmediateOops: 2, NonImmediateOops: No
[2024-10-26T03:26:26.034+0530][1.424s][debug][gc,nmethod     ] Register NMethod: java.util.HashSet.add (0x0000029cc9c9df88) [0x0000029cc9c9e260, 0x0000029cc9c9fe60] Compiler: c2, Barriers: 74, Oops: 1, ImmediateOops: 6, NonImmediateOops: No
[2024-10-26T03:26:26.034+0530][1.424s][debug][gc,nmethod     ] Register NMethod: org.springframework.core.annotation.AnnotationTypeMapping$MirrorSets$MirrorSet.resolve (0x0000029cc1fe5188) [0x0000029cc1fe5540, 0x0000029cc1fe7608] Compiler: c1, Barriers: 44, Oops: 2, ImmediateOops: 3, NonImmediateOops: No
[2024-10-26T03:26:26.034+0530][1.425s][debug][gc,nmethod     ] Register NMethod: java.lang.Class.getDeclaredConstructor (0x0000029cc20afe08) [0x0000029cc20b0000, 0x0000029cc20b0978] Compiler: c1, Barriers: 5, Oops: 0, ImmediateOops: 2, NonImmediateOops: No
[2024-10-26T03:26:26.035+0530][1.426s][debug][gc,nmethod     ] Register NMethod: org.springframework.beans.factory.support.AbstractBeanFactory.doGetBean (0x0000029cc21c5e08) [0x0000029cc21c6800, 0x0000029cc21cd778] Compiler: c1, Barriers: 41, Oops: 8, ImmediateOops: 11, NonImmediateOops: No
[2024-10-26T03:26:26.036+0530][1.426s][debug][gc,nmethod     ] Register NMethod: java.io.ByteArrayInputStream.close (0x0000029cc1fd7288) [0x0000029cc1fd73a0, 0x0000029cc1fd74a8] Compiler: c1, Barriers: 0, Oops: 0, ImmediateOops: 0, NonImmediateOops: No
[2024-10-26T03:26:26.036+0530][1.427s][debug][gc,nmethod     ] Register NMethod: org.springframework.asm.ClassReader.readShort (0x0000029cc1fd7888) [0x0000029cc1fd79a0, 0x0000029cc1fd7b48] Compiler: c1, Barriers: 1, Oops: 1, ImmediateOops: 0, NonImmediateOops: No
[2024-10-26T03:26:26.036+0530][1.427s][debug][gc,nmethod     ] Register NMethod: org.springframework.boot.loader.jar.NestedJarFile.getEntry (0x0000029cc1fd8a88) [0x0000029cc1fd8ba0, 0x0000029cc1fd8cd8] Compiler: c1, Barriers: 0, Oops: 1, ImmediateOops: 0, NonImmediateOops: No
[2024-10-26T03:26:26.036+0530][1.427s][debug][gc,nmethod     ] Register NMethod: org.springframework.boot.loader.net.protocol.jar.UrlNestedJarFile.getEntry (0x0000029cc2036e08) [0x0000029cc2036f80, 0x0000029cc20373d8] Compiler: c1, Barriers: 4, Oops: 1, ImmediateOops: 0, NonImmediateOops: No
[2024-10-26T03:26:26.037+0530][1.427s][debug][gc,nmethod     ] Register NMethod: java.util.jar.JarEntry.<init> (0x0000029cc2031988) [0x0000029cc2031ae0, 0x0000029cc2031eb8] Compiler: c1, Barriers: 12, Oops: 0, ImmediateOops: 0, NonImmediateOops: No
[2024-10-26T03:26:26.037+0530][1.427s][debug][gc,nmethod     ] Register NMethod: org.springframework.boot.loader.net.protocol.jar.UrlJarEntry.of (0x0000029cc204ad88) [0x0000029cc204af00, 0x0000029cc204b5b0] Compiler: c1, Barriers: 15, Oops: 1, ImmediateOops: 0, NonImmediateOops: No
[2024-10-26T03:26:26.037+0530][1.427s][debug][gc,nmethod     ] Register NMethod: org.springframework.boot.loader.net.protocol.jar.UrlJarEntry.<init> (0x0000029cc227d908) [0x0000029cc227da60, 0x0000029cc227df20] Compiler: c1, Barriers: 15, Oops: 1, ImmediateOops: 0, NonImmediateOops: No
[2024-10-26T03:26:26.037+0530][1.427s][debug][gc,nmethod     ] Register NMethod: java.util.jar.JarEntry.<init> (0x0000029cc1fdcc08) [0x0000029cc1fdcd20, 0x0000029cc1fdce58] Compiler: c1, Barriers: 0, Oops: 0, ImmediateOops: 0, NonImmediateOops: No
[2024-10-26T03:26:26.037+0530][1.427s][debug][gc,nmethod     ] Register NMethod: java.util.zip.ZipEntry.<init> (0x0000029cc208ab08) [0x0000029cc208aca0, 0x0000029cc208b400] Compiler: c1, Barriers: 24, Oops: 1, ImmediateOops: 1, NonImmediateOops: No
[2024-10-26T03:26:26.037+0530][1.428s][debug][gc,nmethod     ] Register NMethod: jdk.internal.loader.BuiltinClassLoader.findLoadedModule (0x0000029cc9c42408) [0x0000029cc9c42600, 0x0000029cc9c43618] Compiler: c2, Barriers: 15, Oops: 2, ImmediateOops: 2, NonImmediateOops: No
[2024-10-26T03:26:26.038+0530][1.428s][debug][gc,nmethod     ] Register NMethod: org.springframework.core.annotation.MergedAnnotationCollectors.isSameInstance (0x0000029cc1fe9d08) [0x0000029cc1fe9e20, 0x0000029cc1fe9f58] Compiler: c1, Barriers: 0, Oops: 1, ImmediateOops: 0, NonImmediateOops: No
[2024-10-26T03:26:26.038+0530][1.428s][debug][gc,nmethod     ] Register NMethod: org.springframework.core.annotation.MergedAnnotationCollectors$$Lambda/0x000002a0d429ca60.<init> (0x0000029cc1fe4e08) [0x0000029cc1fe4f20, 0x0000029cc1fe5100] Compiler: c1, Barriers: 3, Oops: 1, ImmediateOops: 0, NonImmediateOops: No
[2024-10-26T03:26:26.038+0530][1.429s][debug][gc,nmethod     ] Register NMethod: org.springframework.core.annotation.MergedAnnotationCollectors$$Lambda/0x000002a0d429c840.get (0x0000029cc2103408) [0x0000029cc2103560, 0x0000029cc2103ab8] Compiler: c1, Barriers: 3, Oops: 2, ImmediateOops: 0, NonImmediateOops: No
[2024-10-26T03:26:26.038+0530][1.429s][debug][gc,nmethod     ] Register NMethod: org.springframework.core.annotation.MergedAnnotationCollectors.toMultiValueMap (0x0000029cc21a1588) [0x0000029cc21a1760, 0x0000029cc21a2140] Compiler: c1, Barriers: 3, Oops: 8, ImmediateOops: 7, NonImmediateOops: No
[2024-10-26T03:26:26.038+0530][1.429s][debug][gc,nmethod     ] Register NMethod: java.util.stream.Collector.of (0x0000029cc2003a88) [0x0000029cc2003ce0, 0x0000029cc2004d88] Compiler: c1, Barriers: 19, Oops: 0, ImmediateOops: 3, NonImmediateOops: No
[2024-10-26T03:26:26.038+0530][1.429s][debug][gc,nmethod     ] Register NMethod: org.springframework.core.type.AnnotatedTypeMetadata$$Lambda/0x000002a0d429c3f8.apply (0x0000029cc2284608) [0x0000029cc2284760, 0x0000029cc2284c30] Compiler: c1, Barriers: 1, Oops: 1, ImmediateOops: 0, NonImmediateOops: No
[2024-10-26T03:26:26.039+0530][1.429s][debug][gc,nmethod     ] Register NMethod: org.springframework.core.type.AnnotatedTypeMetadata.getAllAnnotationAttributes (0x0000029cc202b708) [0x0000029cc202b9e0, 0x0000029cc202cfe0] Compiler: c1, Barriers: 9, Oops: 9, ImmediateOops: 8, NonImmediateOops: No
[2024-10-26T03:26:26.039+0530][1.429s][debug][gc,nmethod     ] Register NMethod: org.springframework.boot.autoconfigure.condition.OnClassCondition$StandardOutcomesResolver.<init> (0x0000029cc24a2e08) [0x0000029cc24a2f40, 0x0000029cc24a3210] Compiler: c1, Barriers: 9, Oops: 1, ImmediateOops: 0, NonImmediateOops: No
[2024-10-26T03:26:26.039+0530][1.429s][debug][gc,nmethod     ] Register NMethod: org.springframework.boot.autoconfigure.condition.OnClassCondition$StandardOutcomesResolver.resolveOutcomes (0x0000029cc1fee188) [0x0000029cc1fee2c0, 0x0000029cc1fee470] Compiler: c1, Barriers: 2, Oops: 1, ImmediateOops: 0, NonImmediateOops: No
[2024-10-26T03:26:26.039+0530][1.429s][debug][gc,nmethod     ] Register NMethod: org.springframework.core.type.AnnotatedTypeMetadata.lambda$getAllAnnotationAttributes$0 (0x0000029cc20baa88) [0x0000029cc20babc0, 0x0000029cc20baf28] Compiler: c1, Barriers: 1, Oops: 1, ImmediateOops: 0, NonImmediateOops: No
[2024-10-26T03:26:26.039+0530][1.430s][debug][gc,nmethod     ] Register NMethod: org.springframework.boot.autoconfigure.condition.OnClassCondition.getOutcomes (0x0000029cc2177f08) [0x0000029cc21780a0, 0x0000029cc2178688] Compiler: c1, Barriers: 10, Oops: 1, ImmediateOops: 1, NonImmediateOops: No
[2024-10-26T03:26:26.039+0530][1.430s][debug][gc,nmethod     ] Register NMethod: org.springframework.boot.autoconfigure.AutoConfigurationImportSelector.getConfigurationClassFilter (0x0000029cc2038608) [0x0000029cc2038820, 0x0000029cc2039400] Compiler: c1, Barriers: 13, Oops: 2, ImmediateOops: 3, NonImmediateOops: No
[2024-10-26T03:26:26.040+0530][1.430s][debug][gc,nmethod     ] Register NMethod: java.util.function.Predicate$$Lambda/0x000002a0d426cb60.test (0x0000029cc22a6808) [0x0000029cc22a6960, 0x0000029cc22a6e30] Compiler: c1, Barriers: 2, Oops: 0, ImmediateOops: 0, NonImmediateOops: No
[2024-10-26T03:26:26.040+0530][1.430s][debug][gc,nmethod     ] Register NMethod: org.springframework.core.annotation.TypeMappedAnnotations.<init> (0x0000029cc24a9f88) [0x0000029cc24aa0e0, 0x0000029cc24aa588] Compiler: c1, Barriers: 21, Oops: 1, ImmediateOops: 0, NonImmediateOops: No
[2024-10-26T03:26:26.040+0530][1.430s][debug][gc,nmethod     ] Register NMethod: org.springframework.boot.autoconfigure.condition.OnClassCondition$StandardOutcomesResolver.getOutcomes (0x0000029cc2525388) [0x0000029cc25256e0, 0x0000029cc25274d0] Compiler: c1, Barriers: 5, Oops: 19, ImmediateOops: 10, NonImmediateOops: No
[2024-10-26T03:26:26.040+0530][1.431s][debug][gc,nmethod     ] Register NMethod: java.util.function.Predicate.lambda$or$2 (0x0000029cc210ac88) [0x0000029cc210adc0, 0x0000029cc210b0e0] Compiler: c1, Barriers: 0, Oops: 0, ImmediateOops: 0, NonImmediateOops: No
[2024-10-26T03:26:26.040+0530][1.431s][debug][gc,nmethod     ] Register NMethod: org.springframework.boot.autoconfigure.condition.OnBeanCondition.getOutcomes (0x0000029cc220de08) [0x0000029cc220e100, 0x0000029cc220f888] Compiler: c1, Barriers: 14, Oops: 4, ImmediateOops: 6, NonImmediateOops: No
[2024-10-26T03:26:26.040+0530][1.431s][debug][gc,nmethod     ] Register NMethod: org.springframework.boot.autoconfigure.AutoConfigurationImportSelector.shouldExclude (0x0000029cc207c688) [0x0000029cc207c800, 0x0000029cc207cd20] Compiler: c1, Barriers: 3, Oops: 1, ImmediateOops: 0, NonImmediateOops: No
[2024-10-26T03:26:26.041+0530][1.431s][debug][gc,nmethod     ] Register NMethod: org.springframework.boot.autoconfigure.AutoConfigurationImportSelector$$Lambda/0x000002a0d425dff8.test (0x0000029cc2195608) [0x0000029cc21957a0, 0x0000029cc2195e40] Compiler: c1, Barriers: 4, Oops: 1, ImmediateOops: 0, NonImmediateOops: No
[2024-10-26T03:26:26.041+0530][1.431s][debug][gc,nmethod     ] Register NMethod: org.springframework.boot.autoconfigure.condition.OnWebApplicationCondition.getOutcomes (0x0000029cc2065308) [0x0000029cc2065660, 0x0000029cc20673a8] Compiler: c1, Barriers: 5, Oops: 19, ImmediateOops: 10, NonImmediateOops: No
[2024-10-26T03:26:26.041+0530][1.432s][debug][gc,nmethod     ] Register NMethod: org.springframework.boot.autoconfigure.condition.ConditionMessage$ItemsBuilder.items (0x0000029cc2050208) [0x0000029cc2050500, 0x0000029cc20518e8] Compiler: c1, Barriers: 9, Oops: 4, ImmediateOops: 7, NonImmediateOops: No
[2024-10-26T03:26:26.041+0530][1.432s][debug][gc,nmethod     ] Register NMethod: org.springframework.beans.BeanUtils.instantiateClass (0x0000029cc21aaf08) [0x0000029cc21ab100, 0x0000029cc21abad0] Compiler: c1, Barriers: 0, Oops: 2, ImmediateOops: 5, NonImmediateOops: No
[2024-10-26T03:26:26.042+0530][1.432s][debug][gc,nmethod     ] Register NMethod: org.springframework.beans.BeanUtils.instantiateClass (0x0000029cc233d908) [0x0000029cc233dc20, 0x0000029cc233f428] Compiler: c1, Barriers: 10, Oops: 5, ImmediateOops: 9, NonImmediateOops: No
[2024-10-26T03:26:26.043+0530][1.433s][debug][gc,nmethod     ] Register NMethod: java.io.OutputStream.flush (0x0000029cc1fef108) [0x0000029cc1fef220, 0x0000029cc1fef328] Compiler: c1, Barriers: 0, Oops: 0, ImmediateOops: 0, NonImmediateOops: No
[2024-10-26T03:26:26.044+0530][1.434s][debug][gc,nmethod     ] Register NMethod: java.util.Collections$SynchronizedCollection.stream (0x0000029cc20ea808) [0x0000029cc20ea940, 0x0000029cc20eab50] Compiler: c1, Barriers: 1, Oops: 0, ImmediateOops: 0, NonImmediateOops: No
[2024-10-26T03:26:26.044+0530][1.435s][debug][gc,nmethod     ] Register NMethod: java.util.Properties.keySet (0x0000029cc20ef388) [0x0000029cc20ef520, 0x0000029cc20efb60] Compiler: c1, Barriers: 7, Oops: 0, ImmediateOops: 0, NonImmediateOops: No
[2024-10-26T03:26:26.044+0530][1.435s][debug][gc,nmethod     ] Register NMethod: org.springframework.core.env.PropertiesPropertySource.getPropertyNames (0x0000029cc2007588) [0x0000029cc2007760, 0x0000029cc2008428] Compiler: c1, Barriers: 2, Oops: 5, ImmediateOops: 2, NonImmediateOops: No
[2024-10-26T03:26:26.044+0530][1.435s][debug][gc,nmethod     ] Register NMethod: java.util.concurrent.ConcurrentHashMap$KeySetView.spliterator (0x0000029cc217ac88) [0x0000029cc217ade0, 0x0000029cc217b100] Compiler: c1, Barriers: 2, Oops: 0, ImmediateOops: 0, NonImmediateOops: No
[2024-10-26T03:26:26.044+0530][1.435s][debug][gc,nmethod     ] Register NMethod: java.util.concurrent.ConcurrentHashMap$KeySpliterator.<init> (0x0000029cc1ff5708) [0x0000029cc1ff5820, 0x0000029cc1ff5970] Compiler: c1, Barriers: 0, Oops: 0, ImmediateOops: 0, NonImmediateOops: No
[2024-10-26T03:26:26.044+0530][1.435s][debug][gc,nmethod     ] Register NMethod: org.springframework.core.env.PropertiesPropertySource$$Lambda/0x000002a0d4145498.apply (0x0000029cc2100308) [0x0000029cc2100420, 0x0000029cc2100618] Compiler: c1, Barriers: 0, Oops: 1, ImmediateOops: 0, NonImmediateOops: No
[2024-10-26T03:26:26.044+0530][1.435s][debug][gc,nmethod     ] Register NMethod: java.lang.invoke.BoundMethodHandle$Species_L.speciesData (0x0000029cc2017a08) [0x0000029cc2017b20, 0x0000029cc2017c38] Compiler: c1, Barriers: 0, Oops: 0, ImmediateOops: 1, NonImmediateOops: No
[2024-10-26T03:26:26.044+0530][1.435s][debug][gc,nmethod     ] Register NMethod: org.springframework.core.env.PropertiesPropertySource.lambda$getPropertyNames$1 (0x0000029cc2022588) [0x0000029cc20226a0, 0x0000029cc2022820] Compiler: c1, Barriers: 0, Oops: 1, ImmediateOops: 0, NonImmediateOops: No
[2024-10-26T03:26:26.047+0530][1.437s][debug][gc,nmethod     ] Register NMethod: org.springframework.boot.loader.net.protocol.jar.LazyDelegatingInputStream.available (0x0000029cc217d388) [0x0000029cc217d4c0, 0x0000029cc217d6c8] Compiler: c1, Barriers: 0, Oops: 1, ImmediateOops: 0, NonImmediateOops: No
[2024-10-26T03:26:26.047+0530][1.437s][debug][gc,nmethod     ] Register NMethod: java.util.WeakHashMap.containsKey (0x0000029cc2037e88) [0x0000029cc2037fc0, 0x0000029cc2038168] Compiler: c1, Barriers: 0, Oops: 0, ImmediateOops: 0, NonImmediateOops: No
[2024-10-26T03:26:26.047+0530][1.438s][debug][gc,nmethod     ] Register NMethod: org.springframework.boot.loader.jar.ZipInflaterInputStream.available (0x0000029cc2178a08) [0x0000029cc2178b60, 0x0000029cc2179158] Compiler: c1, Barriers: 2, Oops: 1, ImmediateOops: 1, NonImmediateOops: No
[2024-10-26T03:26:26.047+0530][1.438s][debug][gc,nmethod     ] Register NMethod: java.util.WeakHashMap.getEntry (0x0000029cc22d7508) [0x0000029cc22d76c0, 0x0000029cc22d7f98] Compiler: c1, Barriers: 5, Oops: 0, ImmediateOops: 1, NonImmediateOops: No
[2024-10-26T03:26:26.049+0530][1.440s][debug][gc,nmethod     ] Register NMethod: org.springframework.asm.ClassVisitor.<init> (0x0000029cc2039788) [0x0000029cc20398a0, 0x0000029cc20399e8] Compiler: c1, Barriers: 0, Oops: 1, ImmediateOops: 0, NonImmediateOops: No
[2024-10-26T03:26:26.049+0530][1.440s][debug][gc,nmethod     ] Register NMethod: org.springframework.asm.ClassVisitor.<init> (0x0000029cc21bd988) [0x0000029cc21bdae0, 0x0000029cc21bdf50] Compiler: c1, Barriers: 3, Oops: 1, ImmediateOops: 0, NonImmediateOops: No
[2024-10-26T03:26:26.049+0530][1.440s][debug][gc,nmethod     ] Register NMethod: org.springframework.asm.ClassReader.<init> (0x0000029cc2008b88) [0x0000029cc2008cc0, 0x0000029cc2008f30] Compiler: c1, Barriers: 0, Oops: 1, ImmediateOops: 0, NonImmediateOops: No
[2024-10-26T03:26:26.050+0530][1.440s][debug][gc,nmethod     ] Register NMethod: java.io.ByteArrayOutputStream.close (0x0000029cc2047f08) [0x0000029cc2048020, 0x0000029cc2048128] Compiler: c1, Barriers: 0, Oops: 0, ImmediateOops: 0, NonImmediateOops: No
[2024-10-26T03:26:26.050+0530][1.440s][debug][gc,nmethod     ] Register NMethod: org.springframework.asm.ClassReader.computeBufferSize (0x0000029cc21a7e08) [0x0000029cc21a7f40, 0x0000029cc21a8218] Compiler: c1, Barriers: 0, Oops: 1, ImmediateOops: 0, NonImmediateOops: No
[2024-10-26T03:26:26.050+0530][1.440s][debug][gc,nmethod     ] Register NMethod: org.springframework.core.type.classreading.SimpleAnnotationMetadataReadingVisitor.isInterface (0x0000029cc2059788) [0x0000029cc20598a0, 0x0000029cc2059a00] Compiler: c1, Barriers: 0, Oops: 1, ImmediateOops: 0, NonImmediateOops: No
[2024-10-26T03:26:26.050+0530][1.441s][debug][gc,nmethod     ] Register NMethod: org.springframework.asm.ClassReader.readStream (0x0000029cc1fd0008) [0x0000029cc1fd0220, 0x0000029cc1fd1298] Compiler: c1, Barriers: 1, Oops: 1, ImmediateOops: 1, NonImmediateOops: No
[2024-10-26T03:26:26.052+0530][1.443s][debug][gc,nmethod     ] Register NMethod: org.springframework.core.type.classreading.SimpleAnnotationMetadata.<init> (0x0000029cc20e9388) [0x0000029cc20e94e0, 0x0000029cc20e99a0] Compiler: c1, Barriers: 21, Oops: 1, ImmediateOops: 0, NonImmediateOops: No
[2024-10-26T03:26:26.053+0530][1.443s][debug][gc,nmethod     ] Register NMethod: java.net.URLClassLoader.getResourceAsStream (0x0000029cc2279008) [0x0000029cc2279260, 0x0000029cc227a348] Compiler: c1, Barriers: 7, Oops: 1, ImmediateOops: 0, NonImmediateOops: No
[2024-10-26T03:26:26.054+0530][1.444s][debug][gc,nmethod     ] Register NMethod: java.util.Collections$UnmodifiableSet.<init> (0x0000029cc21ea308) [0x0000029cc21ea440, 0x0000029cc21ea770] Compiler: c1, Barriers: 3, Oops: 0, ImmediateOops: 0, NonImmediateOops: No
[2024-10-26T03:26:26.054+0530][1.444s][debug][gc,nmethod     ] Register NMethod: java.util.Collections.unmodifiableSet (0x0000029cc2293008) [0x0000029cc2293180, 0x0000029cc2293680] Compiler: c1, Barriers: 3, Oops: 0, ImmediateOops: 1, NonImmediateOops: No
[2024-10-26T03:26:26.054+0530][1.444s][debug][gc,nmethod     ] Register NMethod: org.springframework.core.io.ClassPathResource.getInputStream (0x0000029cc2072488) [0x0000029cc2072820, 0x0000029cc2074560] Compiler: c1, Barriers: 7, Oops: 16, ImmediateOops: 10, NonImmediateOops: No
[2024-10-26T03:26:26.054+0530][1.445s][debug][gc,nmethod     ] Register NMethod: org.springframework.core.OrderComparator.compare (0x0000029cc2064c08) [0x0000029cc2064d20, 0x0000029cc2064e68] Compiler: c1, Barriers: 0, Oops: 1, ImmediateOops: 0, NonImmediateOops: No
[2024-10-26T03:26:26.055+0530][1.445s][debug][gc,nmethod     ] Register NMethod: org.springframework.core.OrderComparator.doCompare (0x0000029cc21a0b08) [0x0000029cc21a0c80, 0x0000029cc21a1228] Compiler: c1, Barriers: 0, Oops: 1, ImmediateOops: 0, NonImmediateOops: No
[2024-10-26T03:26:26.055+0530][1.446s][debug][gc,nmethod     ] Register NMethod: org.springframework.boot.autoconfigure.condition.SpringBootCondition.logOutcome (0x0000029cc2125b88) [0x0000029cc2125ce0, 0x0000029cc2126078] Compiler: c1, Barriers: 2, Oops: 1, ImmediateOops: 0, NonImmediateOops: No
[2024-10-26T03:26:26.056+0530][1.446s][debug][gc,nmethod     ] Register NMethod: org.springframework.boot.autoconfigure.condition.ConditionEvaluationReport.recordConditionEvaluation (0x0000029cc2218f88) [0x0000029cc2219160, 0x0000029cc2219a30] Compiler: c1, Barriers: 2, Oops: 6, ImmediateOops: 4, NonImmediateOops: No
[2024-10-26T03:26:26.056+0530][1.447s][debug][gc,nmethod     ] Register NMethod: java.lang.Class.forName (0x0000029cc9b73908) [0x0000029cc9b73a00, 0x0000029cc9b73a98] Compiler: c2, Barriers: 0, Oops: 0, ImmediateOops: 0, NonImmediateOops: No
[2024-10-26T03:26:26.057+0530][1.448s][debug][gc,nmethod     ] Register NMethod: org.springframework.core.type.AnnotatedTypeMetadata.getAnnotationAttributes (0x0000029cc21bd288) [0x0000029cc21bd3a0, 0x0000029cc21bd578] Compiler: c1, Barriers: 0, Oops: 1, ImmediateOops: 0, NonImmediateOops: No
[2024-10-26T03:26:26.057+0530][1.448s][debug][gc,nmethod     ] Register NMethod: java.util.IdentityHashMap.get (0x0000029cc2071d88) [0x0000029cc2071f00, 0x0000029cc20723d8] Compiler: c1, Barriers: 3, Oops: 0, ImmediateOops: 1, NonImmediateOops: No
[2024-10-26T03:26:26.058+0530][1.448s][debug][gc,nmethod     ] Register NMethod: org.springframework.context.annotation.ConfigurationMethod.getMetadata (0x0000029cc9b75688) [0x0000029cc9b757a0, 0x0000029cc9b75898] Compiler: c1, Barriers: 1, Oops: 1, ImmediateOops: 0, NonImmediateOops: No
[2024-10-26T03:26:26.058+0530][1.448s][debug][gc,nmethod     ] Register NMethod: org.springframework.core.type.classreading.SimpleMethodMetadata.getMethodName (0x0000029cc9b75f88) [0x0000029cc9b760a0, 0x0000029cc9b76198] Compiler: c1, Barriers: 1, Oops: 1, ImmediateOops: 0, NonImmediateOops: No
[2024-10-26T03:26:26.059+0530][1.450s][debug][gc,nmethod     ] Register NMethod: java.lang.invoke.MethodHandle.isInvokeSpecial (0x0000029cc9b92f08) [0x0000029cc9b93020, 0x0000029cc9b930e8] Compiler: c1, Barriers: 0, Oops: 0, ImmediateOops: 0, NonImmediateOops: No
[2024-10-26T03:26:26.060+0530][1.451s][debug][gc,nmethod     ] Register NMethod: org.springframework.core.annotation.AbstractMergedAnnotation$$Lambda/0x000002a0d41f8fd8.apply (0x0000029cc2261588) [0x0000029cc22616e0, 0x0000029cc2261b18] Compiler: c1, Barriers: 0, Oops: 1, ImmediateOops: 0, NonImmediateOops: No
[2024-10-26T03:26:26.060+0530][1.451s][debug][gc,nmethod     ] Register NMethod: org.springframework.core.annotation.AbstractMergedAnnotation.lambda$asAnnotationAttributes$0 (0x0000029cc2057988) [0x0000029cc2057b40, 0x0000029cc2058348] Compiler: c1, Barriers: 7, Oops: 2, ImmediateOops: 1, NonImmediateOops: No
[2024-10-26T03:26:26.060+0530][1.451s][debug][gc,nmethod     ] Register NMethod: org.springframework.core.annotation.AnnotationAttributes.<init> (0x0000029cc233c108) [0x0000029cc233c2a0, 0x0000029cc233c910] Compiler: c1, Barriers: 7, Oops: 2, ImmediateOops: 1, NonImmediateOops: No
[2024-10-26T03:26:26.060+0530][1.451s][debug][gc,nmethod     ] Register NMethod: org.springframework.core.annotation.AnnotationAttributes.<init> (0x0000029cc24dd108) [0x0000029cc24dd2a0, 0x0000029cc24dd8b8] Compiler: c1, Barriers: 7, Oops: 2, ImmediateOops: 1, NonImmediateOops: No
[2024-10-26T03:26:26.061+0530][1.451s][info ][gc,task        ] GC(0) O: Using 1 Workers for Old Generation
[2024-10-26T03:26:26.061+0530][1.451s][info ][gc,phases      ] GC(0) O: Concurrent Remap Roots 43.979ms
[2024-10-26T03:26:26.061+0530][1.451s][debug][gc,reloc       ] Synchronize all workers 1 _nworkers: 0 _nsynchronized: 0
[2024-10-26T03:26:26.061+0530][1.452s][debug][gc,reloc       ] Synchronize all workers 1 _nworkers: 0 _nsynchronized: 0
[2024-10-26T03:26:26.061+0530][1.452s][debug][gc,nmethod     ] Register NMethod: org.springframework.core.annotation.TypeMappedAnnotations$MergedAnnotationFinder.doWithAggregate (0x0000029cc2078b08) [0x0000029cc2078c20, 0x0000029cc2078d58] Compiler: c1, Barriers: 1, Oops: 1, ImmediateOops: 0, NonImmediateOops: No
[2024-10-26T03:26:26.061+0530][1.452s][debug][gc,phases,start] GC(0) O: Pause Relocate Start
[2024-10-26T03:26:26.061+0530][1.452s][debug][gc,reloc       ] GC(0) O: Joining workers: 1
[2024-10-26T03:26:26.061+0530][1.452s][info ][gc,phases      ] GC(0) O: Pause Relocate Start 0.034ms
[2024-10-26T03:26:26.061+0530][1.452s][debug][gc,reloc       ] Desynchronize all workers _nworkers: 1 _nsynchronized: 0
[2024-10-26T03:26:26.061+0530][1.452s][debug][gc,reloc       ] Desynchronize all workers _nworkers: 0 _nsynchronized: 0
[2024-10-26T03:26:26.061+0530][1.452s][debug][gc,phases,start] GC(0) O: Concurrent Relocate
[2024-10-26T03:26:26.061+0530][1.452s][debug][gc,nmethod     ] Register NMethod: org.springframework.core.annotation.TypeMappedAnnotations$MergedAnnotationFinder.doWithAggregate (0x0000029cc207f688) [0x0000029cc207f7a0, 0x0000029cc207f948] Compiler: c1, Barriers: 1, Oops: 1, ImmediateOops: 0, NonImmediateOops: No
[2024-10-26T03:26:26.061+0530][1.452s][debug][gc,task        ] GC(0) O: Executing ZRelocateStoreBufferInstallBasePointersTask using ZWorkerOld with 1 workers
[2024-10-26T03:26:26.061+0530][1.452s][debug][gc,task        ] GC(0) O: Executing ZRelocateTask using ZWorkerOld with 1 workers
[2024-10-26T03:26:26.061+0530][1.452s][debug][gc,reloc       ] GC(0) O: Leaving workers: left: 0 _synchronize: 0 _nsynchronized: 0
[2024-10-26T03:26:26.061+0530][1.452s][info ][gc,phases      ] GC(0) O: Concurrent Relocate 0.135ms
[2024-10-26T03:26:26.061+0530][1.452s][debug][gc,heap        ] GC(0) O: Heap after GC invocations=1 (full 1):
[2024-10-26T03:26:26.061+0530][1.452s][debug][gc,heap        ] GC(0) O:  ZHeap           used 88M, capacity 2048M, max capacity 2048M
[2024-10-26T03:26:26.061+0530][1.452s][debug][gc,heap        ] GC(0) O:  Metaspace       used 21541K, committed 21952K, reserved 1114112K
[2024-10-26T03:26:26.061+0530][1.452s][debug][gc,heap        ] GC(0) O:   class space    used 2646K, committed 2816K, reserved 1048576K
[2024-10-26T03:26:26.061+0530][1.452s][info ][gc,alloc       ] GC(0) O:                         Mark Start        Mark End      Relocate Start    Relocate End   
[2024-10-26T03:26:26.061+0530][1.452s][info ][gc,alloc       ] GC(0) O: Allocation Stalls:          0                0                0                0         
[2024-10-26T03:26:26.061+0530][1.452s][info ][gc,load        ] GC(0) O: Load: 0.00 (0%) / 0.00 (0%) / 0.00 (0%)
[2024-10-26T03:26:26.061+0530][1.452s][info ][gc,mmu         ] GC(0) O: MMU: 2ms/97.6%, 5ms/99.0%, 10ms/99.5%, 20ms/99.8%, 50ms/99.8%, 100ms/99.9%
[2024-10-26T03:26:26.061+0530][1.452s][info ][gc,marking     ] GC(0) O: Mark: 1 stripe(s), 1 proactive flush(es), 1 terminate flush(es), 0 completion(s), 0 continuation(s) 
[2024-10-26T03:26:26.061+0530][1.452s][info ][gc,marking     ] GC(0) O: Mark Stack Usage: 0M
[2024-10-26T03:26:26.061+0530][1.452s][info ][gc,nmethod     ] GC(0) O: NMethods: 3921 registered, 629 unregistered
[2024-10-26T03:26:26.062+0530][1.452s][info ][gc,metaspace   ] GC(0) O: Metaspace: 21M used, 21M committed, 1088M reserved
[2024-10-26T03:26:26.062+0530][1.452s][info ][gc,ref         ] GC(0) O:                       Encountered   Discovered     Enqueued 
[2024-10-26T03:26:26.062+0530][1.452s][info ][gc,ref         ] GC(0) O: Soft References:             3592            0            0 
[2024-10-26T03:26:26.062+0530][1.452s][info ][gc,ref         ] GC(0) O: Weak References:             2439            0            0 
[2024-10-26T03:26:26.062+0530][1.452s][info ][gc,ref         ] GC(0) O: Final References:               0            0            0 
[2024-10-26T03:26:26.062+0530][1.452s][info ][gc,ref         ] GC(0) O: Phantom References:          3214            0            0 
[2024-10-26T03:26:26.062+0530][1.452s][info ][gc,heap        ] GC(0) O: Min Capacity: 2048M(100%)
[2024-10-26T03:26:26.062+0530][1.452s][info ][gc,heap        ] GC(0) O: Max Capacity: 2048M(100%)
[2024-10-26T03:26:26.062+0530][1.452s][info ][gc,heap        ] GC(0) O: Soft Max Capacity: 2048M(100%)
[2024-10-26T03:26:26.062+0530][1.452s][info ][gc,heap        ] GC(0) O: Heap Statistics:
[2024-10-26T03:26:26.062+0530][1.452s][info ][gc,heap        ] GC(0) O:                Mark Start          Mark End        Relocate Start      Relocate End           High               Low         
[2024-10-26T03:26:26.062+0530][1.452s][info ][gc,heap        ] GC(0) O:  Capacity:     2048M (100%)       2048M (100%)       2048M (100%)       2048M (100%)       2048M (100%)       2048M (100%)   
[2024-10-26T03:26:26.062+0530][1.452s][info ][gc,heap        ] GC(0) O:      Free:     1860M (91%)        1970M (96%)        1960M (96%)        1960M (96%)        1970M (96%)        1834M (90%)    
[2024-10-26T03:26:26.062+0530][1.452s][info ][gc,heap        ] GC(0) O:      Used:      188M (9%)           78M (4%)           88M (4%)           88M (4%)          214M (10%)          78M (4%)     
[2024-10-26T03:26:26.062+0530][1.452s][info ][gc,heap        ] GC(0) O: Old Generation Statistics:
[2024-10-26T03:26:26.062+0530][1.452s][info ][gc,heap        ] GC(0) O:                Mark Start          Mark End        Relocate Start      Relocate End    
[2024-10-26T03:26:26.062+0530][1.452s][info ][gc,heap        ] GC(0) O:      Used:        0M (0%)            0M (0%)            0M (0%)            0M (0%)     
[2024-10-26T03:26:26.062+0530][1.452s][info ][gc,heap        ] GC(0) O:      Live:         -                 0M (0%)            0M (0%)            0M (0%)     
[2024-10-26T03:26:26.062+0530][1.452s][info ][gc,heap        ] GC(0) O:   Garbage:         -                 0M (0%)            0M (0%)            0M (0%)     
[2024-10-26T03:26:26.062+0530][1.452s][info ][gc,heap        ] GC(0) O: Allocated:         -                 0M (0%)            0M (0%)            0M (0%)     
[2024-10-26T03:26:26.062+0530][1.452s][info ][gc,heap        ] GC(0) O: Reclaimed:         -                  -                 0M (0%)            0M (0%)     
[2024-10-26T03:26:26.062+0530][1.452s][info ][gc,heap        ] GC(0) O: Compacted:         -                  -                  -                 0M (0%)     
[2024-10-26T03:26:26.062+0530][1.452s][info ][gc,phases      ] GC(0) O: Old Generation 78M(4%)->88M(4%) 0.066s
[2024-10-26T03:26:26.062+0530][1.452s][info ][gc             ] GC(0) Major Collection (Metadata GC Threshold) 188M(9%)->88M(4%) 0.122s
[2024-10-26T03:26:26.062+0530][1.453s][debug][gc,nmethod     ] Register NMethod: java.lang.ref.SoftReference.get (0x0000029cc9ba3388) [0x0000029cc9ba3480, 0x0000029cc9ba3560] Compiler: c2, Barriers: 2, Oops: 0, ImmediateOops: 1, NonImmediateOops: No
[2024-10-26T03:26:26.063+0530][1.454s][debug][gc,nmethod     ] Register NMethod: java.util.concurrent.ConcurrentMap.computeIfAbsent (0x0000029cc9bd7888) [0x0000029cc9bd7a60, 0x0000029cc9bd8548] Compiler: c2, Barriers: 16, Oops: 2, ImmediateOops: 2, NonImmediateOops: No
[2024-10-26T03:26:26.065+0530][1.455s][debug][gc,nmethod     ] Register NMethod: org.springframework.core.annotation.AbstractMergedAnnotation.asAnnotationAttributes (0x0000029cc226d888) [0x0000029cc226d9c0, 0x0000029cc226dd80] Compiler: c1, Barriers: 0, Oops: 3, ImmediateOops: 1, NonImmediateOops: No
[2024-10-26T03:26:26.065+0530][1.456s][debug][gc,nmethod     ] Register NMethod: org.springframework.util.Assert.hasText (0x0000029cc21b7608) [0x0000029cc21b77a0, 0x0000029cc21b7e80] Compiler: c1, Barriers: 3, Oops: 1, ImmediateOops: 0, NonImmediateOops: No
[2024-10-26T03:26:26.065+0530][1.456s][debug][gc,nmethod     ] Register NMethod: sun.reflect.annotation.AnnotationInvocationHandler.invoke (0x0000029cc9c40f08) [0x0000029cc9c41100, 0x0000029cc9c41e28] Compiler: c2, Barriers: 14, Oops: 2, ImmediateOops: 3, NonImmediateOops: No
[2024-10-26T03:26:26.069+0530][1.460s][debug][gc,nmethod     ] Register NMethod: jdk.internal.org.objectweb.asm.MethodVisitor.visitFieldInsn (0x0000029cc224f208) [0x0000029cc224f340, 0x0000029cc224f578] Compiler: c1, Barriers: 1, Oops: 0, ImmediateOops: 0, NonImmediateOops: No
[2024-10-26T03:26:26.070+0530][1.460s][debug][gc,director    ] Rule Major: Warmup 10%, Used: 88MB, UsedThreshold: 204MB
[2024-10-26T03:26:26.070+0530][1.461s][debug][gc,nmethod     ] Register NMethod: java.lang.invoke.SimpleMethodHandle.copyWithExtendL (0x0000029cc2097a88) [0x0000029cc2097bc0, 0x0000029cc2097d58] Compiler: c1, Barriers: 0, Oops: 0, ImmediateOops: 0, NonImmediateOops: No
[2024-10-26T03:26:26.070+0530][1.461s][debug][gc,nmethod     ] Register NMethod: java.lang.invoke.BoundMethodHandle.bindSingle (0x0000029cc20bf108) [0x0000029cc20bf220, 0x0000029cc20bf338] Compiler: c1, Barriers: 0, Oops: 0, ImmediateOops: 0, NonImmediateOops: No
[2024-10-26T03:26:26.071+0530][1.462s][debug][gc,nmethod     ] Register NMethod: org.springframework.core.annotation.TypeMappedAnnotations$MergedAnnotationFinder.doWithAnnotations (0x0000029cc20c7908) [0x0000029cc20c7a20, 0x0000029cc20c7b70] Compiler: c1, Barriers: 0, Oops: 1, ImmediateOops: 0, NonImmediateOops: No
[2024-10-26T03:26:26.071+0530][1.462s][debug][gc,nmethod     ] Register NMethod: org.springframework.core.annotation.TypeMappedAnnotations$MergedAnnotationFinder.doWithAnnotations (0x0000029cc2324708) [0x0000029cc2324860, 0x0000029cc2324cc8] Compiler: c1, Barriers: 3, Oops: 1, ImmediateOops: 0, NonImmediateOops: No
[2024-10-26T03:26:26.072+0530][1.462s][debug][gc,nmethod     ] Register NMethod: org.springframework.beans.factory.support.RootBeanDefinition.getDecoratedDefinition (0x0000029cc9baad88) [0x0000029cc9baaea0, 0x0000029cc9baafa0] Compiler: c1, Barriers: 1, Oops: 1, ImmediateOops: 0, NonImmediateOops: No
[2024-10-26T03:26:26.073+0530][1.464s][debug][gc,nmethod     ] Register NMethod: java.net.URL.openConnection (0x0000029cc9bc1608) [0x0000029cc9bc1bc0, 0x0000029cc9bc5ff0] Compiler: c2, Barriers: 113, Oops: 12, ImmediateOops: 14, NonImmediateOops: No
[2024-10-26T03:26:26.074+0530][1.464s][debug][gc,nmethod     ] Register NMethod: jdk.internal.loader.BuiltinClassLoader$2.run (0x0000029cc9bb2b08) [0x0000029cc9bb2e20, 0x0000029cc9bb4a78] Compiler: c2, Barriers: 47, Oops: 1, ImmediateOops: 2, NonImmediateOops: No
[2024-10-26T03:26:26.076+0530][1.466s][debug][gc,nmethod     ] Register NMethod: java.lang.invoke.SimpleMethodHandle.make (0x0000029cc2283f88) [0x0000029cc22840c0, 0x0000029cc22842b8] Compiler: c1, Barriers: 0, Oops: 0, ImmediateOops: 0, NonImmediateOops: No
[2024-10-26T03:26:26.076+0530][1.466s][debug][gc,nmethod     ] Register NMethod: java.lang.invoke.MethodHandles.identity (0x0000029cc229b888) [0x0000029cc229ba20, 0x0000029cc229bee8] Compiler: c1, Barriers: 4, Oops: 1, ImmediateOops: 3, NonImmediateOops: No
[2024-10-26T03:26:26.076+0530][1.466s][debug][gc,nmethod     ] Register NMethod: java.lang.invoke.SimpleMethodHandle.<init> (0x0000029cc229c588) [0x0000029cc229c6c0, 0x0000029cc229c880] Compiler: c1, Barriers: 0, Oops: 0, ImmediateOops: 0, NonImmediateOops: No
[2024-10-26T03:26:26.078+0530][1.469s][debug][gc,nmethod     ] Register NMethod: jdk.internal.org.objectweb.asm.MethodWriter.visitEnd (0x0000029cc9bcdf08) [0x0000029cc9bce000, 0x0000029cc9bce078] Compiler: c2, Barriers: 0, Oops: 0, ImmediateOops: 0, NonImmediateOops: No
[2024-10-26T03:26:26.080+0530][1.470s][debug][gc,director    ] Rule Major: Warmup 10%, Used: 90MB, UsedThreshold: 204MB
[2024-10-26T03:26:26.080+0530][1.471s][debug][gc,nmethod     ] Register NMethod: org.springframework.beans.factory.support.AbstractBeanDefinition.isSynthetic (0x0000029cc9bd6808) [0x0000029cc9bd6920, 0x0000029cc9bd69f0] Compiler: c1, Barriers: 0, Oops: 1, ImmediateOops: 0, NonImmediateOops: No
[2024-10-26T03:26:26.080+0530][1.471s][debug][gc,nmethod     ] Register NMethod: org.springframework.beans.factory.support.AbstractBeanDefinition.isAbstract (0x0000029cc9c04c08) [0x0000029cc9c04d20, 0x0000029cc9c04df0] Compiler: c1, Barriers: 0, Oops: 1, ImmediateOops: 0, NonImmediateOops: No
[2024-10-26T03:26:26.081+0530][1.471s][debug][gc,nmethod     ] Register NMethod: org.springframework.beans.factory.support.AbstractBeanFactory.getMergedLocalBeanDefinition (0x0000029cc225e908) [0x0000029cc225ea80, 0x0000029cc225f008] Compiler: c1, Barriers: 1, Oops: 1, ImmediateOops: 0, NonImmediateOops: No
[2024-10-26T03:26:26.081+0530][1.471s][debug][gc,nmethod     ] Register NMethod: org.springframework.beans.factory.support.AbstractBeanDefinition.getFactoryBeanName (0x0000029cc9c0d388) [0x0000029cc9c0d4a0, 0x0000029cc9c0d598] Compiler: c1, Barriers: 1, Oops: 1, ImmediateOops: 0, NonImmediateOops: No
[2024-10-26T03:26:26.081+0530][1.471s][debug][gc,nmethod     ] Register NMethod: org.springframework.util.ClassUtils.isAssignable (0x0000029cc2273e88) [0x0000029cc2274040, 0x0000029cc2274858] Compiler: c1, Barriers: 0, Oops: 3, ImmediateOops: 4, NonImmediateOops: No
[2024-10-26T03:26:26.083+0530][1.473s][debug][gc,nmethod     ] Register NMethod: org.springframework.core.annotation.MergedAnnotationSelectors$FirstDirectlyDeclared.isBestCandidate (0x0000029cc22bbf08) [0x0000029cc22bc040, 0x0000029cc22bc260] Compiler: c1, Barriers: 0, Oops: 1, ImmediateOops: 0, NonImmediateOops: No
[2024-10-26T03:26:26.083+0530][1.473s][debug][gc,nmethod     ] Register NMethod: sun.reflect.annotation.AnnotationParser.parseArrayElements (0x0000029cc229fd88) [0x0000029cc229ff20, 0x0000029cc22a0798] Compiler: c1, Barriers: 3, Oops: 0, ImmediateOops: 0, NonImmediateOops: No
[2024-10-26T03:26:26.085+0530][1.476s][debug][gc,nmethod     ] Register NMethod: org.springframework.beans.factory.support.AbstractBeanDefinition.hasBeanClass (0x0000029cc22bcd88) [0x0000029cc22bcea0, 0x0000029cc22bd0b8] Compiler: c1, Barriers: 1, Oops: 1, ImmediateOops: 0, NonImmediateOops: No
[2024-10-26T03:26:26.088+0530][1.479s][debug][gc,nmethod     ] Register NMethod: java.lang.classfile.CodeBuilder.areturn (0x0000029cc2186688) [0x0000029cc21867a0, 0x0000029cc2186978] Compiler: c1, Barriers: 0, Oops: 0, ImmediateOops: 1, NonImmediateOops: No
[2024-10-26T03:26:26.088+0530][1.479s][debug][gc,nmethod     ] Register NMethod: java.util.LinkedHashMap$LinkedValues.iterator (0x0000029cc200ba08) [0x0000029cc200bb40, 0x0000029cc200bd90] Compiler: c1, Barriers: 1, Oops: 0, ImmediateOops: 0, NonImmediateOops: No
[2024-10-26T03:26:26.088+0530][1.479s][debug][gc,nmethod     ] Register NMethod: java.util.LinkedHashMap$LinkedValueIterator.<init> (0x0000029cc218e188) [0x0000029cc218e2a0, 0x0000029cc218e3d8] Compiler: c1, Barriers: 0, Oops: 0, ImmediateOops: 0, NonImmediateOops: No
[2024-10-26T03:26:26.089+0530][1.480s][debug][gc,nmethod     ] Register NMethod: org.springframework.core.ResolvableType$1.isAssignableFrom (0x0000029cc23dc988) [0x0000029cc23dcac0, 0x0000029cc23dccb0] Compiler: c1, Barriers: 1, Oops: 1, ImmediateOops: 0, NonImmediateOops: No
[2024-10-26T03:26:26.089+0530][1.480s][debug][gc,nmethod     ] Register NMethod: java.util.Collections$SetFromMap.contains (0x0000029cc242df88) [0x0000029cc242e0c0, 0x0000029cc242e2d0] Compiler: c1, Barriers: 1, Oops: 0, ImmediateOops: 0, NonImmediateOops: No
[2024-10-26T03:26:26.089+0530][1.480s][debug][gc,nmethod     ] Register NMethod: org.springframework.boot.autoconfigure.condition.SpringBootCondition.<init> (0x0000029cc22d2a88) [0x0000029cc22d2c20, 0x0000029cc22d32e0] Compiler: c1, Barriers: 5, Oops: 1, ImmediateOops: 1, NonImmediateOops: No
[2024-10-26T03:26:26.090+0530][1.480s][debug][gc,nmethod     ] Register NMethod: org.springframework.beans.factory.support.AbstractBeanFactory.isTypeMatch (0x0000029cc22ecf08) [0x0000029cc22ed700, 0x0000029cc22f3660] Compiler: c1, Barriers: 45, Oops: 5, ImmediateOops: 19, NonImmediateOops: No
[2024-10-26T03:26:26.090+0530][1.480s][debug][gc,nmethod     ] Register NMethod: org.springframework.core.SimpleAliasRegistry.isAlias (0x0000029cc24f3a08) [0x0000029cc24f3b40, 0x0000029cc24f3d50] Compiler: c1, Barriers: 1, Oops: 1, ImmediateOops: 0, NonImmediateOops: No
[2024-10-26T03:26:26.090+0530][1.480s][debug][gc,nmethod     ] Register NMethod: org.springframework.beans.factory.support.AbstractBeanFactory.isFactoryBean (0x0000029cc22e5d88) [0x0000029cc22e5f00, 0x0000029cc22e6580] Compiler: c1, Barriers: 7, Oops: 1, ImmediateOops: 4, NonImmediateOops: No
[2024-10-26T03:26:26.090+0530][1.480s][debug][gc,nmethod     ] Register NMethod: org.springframework.beans.factory.support.AbstractBeanFactory.getBeanPostProcessorCache (0x0000029cc22e3908) [0x0000029cc22e3b40, 0x0000029cc22e5028] Compiler: c1, Barriers: 10, Oops: 1, ImmediateOops: 0, NonImmediateOops: No
[2024-10-26T03:26:26.090+0530][1.481s][debug][gc,nmethod     ] Register NMethod: org.springframework.beans.factory.support.AbstractBeanFactory.hasInstantiationAwareBeanPostProcessors (0x0000029cc2266688) [0x0000029cc22667c0, 0x0000029cc2266ad0] Compiler: c1, Barriers: 1, Oops: 1, ImmediateOops: 0, NonImmediateOops: No
[2024-10-26T03:26:26.091+0530][1.481s][debug][gc,director    ] Rule Major: Warmup 10%, Used: 90MB, UsedThreshold: 204MB
[2024-10-26T03:26:26.091+0530][1.481s][debug][gc,nmethod     ] Register NMethod: org.springframework.beans.factory.support.AbstractAutowireCapableBeanFactory.determineTargetType (0x0000029cc22fcc88) [0x0000029cc22fce40, 0x0000029cc22fdb90] Compiler: c1, Barriers: 11, Oops: 1, ImmediateOops: 0, NonImmediateOops: No
[2024-10-26T03:26:26.091+0530][1.482s][debug][gc,nmethod     ] Register NMethod: org.springframework.beans.factory.support.DefaultListableBeanFactory.requiresEagerInitForType (0x0000029cc23f8888) [0x0000029cc23f89e0, 0x0000029cc23f8e40] Compiler: c1, Barriers: 1, Oops: 1, ImmediateOops: 0, NonImmediateOops: No
[2024-10-26T03:26:26.091+0530][1.482s][debug][gc,nmethod     ] Register NMethod: org.springframework.beans.factory.support.AbstractAutowireCapableBeanFactory.predictBeanType (0x0000029cc226e688) [0x0000029cc226e8a0, 0x0000029cc226f6a0] Compiler: c1, Barriers: 3, Oops: 1, ImmediateOops: 2, NonImmediateOops: No
[2024-10-26T03:26:26.094+0530][1.485s][debug][gc,nmethod     ] Register NMethod: org.springframework.core.annotation.AnnotationAttributes.fromMap (0x0000029cc2293d88) [0x0000029cc2293f00, 0x0000029cc22945f0] Compiler: c1, Barriers: 6, Oops: 1, ImmediateOops: 1, NonImmediateOops: No
[2024-10-26T03:26:26.094+0530][1.485s][debug][gc,nmethod     ] Register NMethod: org.springframework.context.annotation.AnnotationConfigUtils.attributesFor (0x0000029cc2061f08) [0x0000029cc20620a0, 0x0000029cc2062870] Compiler: c1, Barriers: 6, Oops: 1, ImmediateOops: 1, NonImmediateOops: No
[2024-10-26T03:26:26.094+0530][1.485s][debug][gc,nmethod     ] Register NMethod: org.springframework.context.annotation.ConditionEvaluator.getCondition (0x0000029cc204f008) [0x0000029cc204f140, 0x0000029cc204f3a8] Compiler: c1, Barriers: 0, Oops: 1, ImmediateOops: 0, NonImmediateOops: No
[2024-10-26T03:26:26.094+0530][1.485s][debug][gc,nmethod     ] Register NMethod: org.springframework.context.annotation.AnnotationConfigUtils.attributesFor (0x0000029cc2255708) [0x0000029cc22558c0, 0x0000029cc2256218] Compiler: c1, Barriers: 7, Oops: 1, ImmediateOops: 1, NonImmediateOops: No
[2024-10-26T03:26:26.097+0530][1.487s][debug][gc,nmethod     ] Register NMethod: java.util.Collections.addAll (0x0000029cc2291f88) [0x0000029cc22920c0, 0x0000029cc2292398] Compiler: c1, Barriers: 1, Oops: 0, ImmediateOops: 0, NonImmediateOops: No
[2024-10-26T03:26:26.098+0530][1.489s][debug][gc,nmethod     ] Register NMethod: org.springframework.core.ResolvableType$1.getGenerics (0x0000029cc218e908) [0x0000029cc218ea20, 0x0000029cc218eb38] Compiler: c1, Barriers: 0, Oops: 1, ImmediateOops: 1, NonImmediateOops: No
[2024-10-26T03:26:26.099+0530][1.489s][debug][gc,nmethod     ] Register NMethod: jdk.internal.reflect.ConstantPool.getIntAt0 (0x0000029cc9b78708) [0x0000029cc9b78820, 0x0000029cc9b78a48] Compiler: , Barriers: 0, Oops: 0, ImmediateOops: 0, NonImmediateOops: No
[2024-10-26T03:26:26.099+0530][1.490s][debug][gc,nmethod     ] Register NMethod: org.springframework.beans.factory.support.AbstractBeanDefinition.getFactoryMethodName (0x0000029cc9c1a408) [0x0000029cc9c1a520, 0x0000029cc9c1a618] Compiler: c1, Barriers: 1, Oops: 1, ImmediateOops: 0, NonImmediateOops: No
[2024-10-26T03:26:26.100+0530][1.490s][debug][gc,nmethod     ] Register NMethod: org.springframework.beans.factory.support.AbstractBeanFactory.isFactoryBean (0x0000029cc22c7e08) [0x0000029cc22c8020, 0x0000029cc22c90a8] Compiler: c1, Barriers: 3, Oops: 2, ImmediateOops: 1, NonImmediateOops: No
[2024-10-26T03:26:26.101+0530][1.491s][debug][gc,director    ] Rule Major: Warmup 10%, Used: 92MB, UsedThreshold: 204MB
[2024-10-26T03:26:26.101+0530][1.491s][debug][gc,nmethod     ] Register NMethod: java.lang.invoke.DirectMethodHandle$Holder.newInvokeSpecial (0x0000029cc9bd5408) [0x0000029cc9bd5540, 0x0000029cc9bd5828] Compiler: c2, Barriers: 2, Oops: 1, ImmediateOops: 0, NonImmediateOops: No
[2024-10-26T03:26:26.102+0530][1.493s][debug][gc,nmethod     ] Register NMethod: java.util.Arrays.sort (0x0000029cc20a3288) [0x0000029cc20a33e0, 0x0000029cc20a3628] Compiler: c1, Barriers: 0, Oops: 0, ImmediateOops: 0, NonImmediateOops: No
[2024-10-26T03:26:26.103+0530][1.493s][debug][gc,nmethod     ] Register NMethod: java.util.ArrayList.sort (0x0000029cc20be108) [0x0000029cc20be240, 0x0000029cc20be4e8] Compiler: c1, Barriers: 1, Oops: 0, ImmediateOops: 0, NonImmediateOops: No
[2024-10-26T03:26:26.103+0530][1.493s][debug][gc,nmethod     ] Register NMethod: java.util.concurrent.ConcurrentHashMap.containsKey (0x0000029cc9bdaa08) [0x0000029cc9bdab60, 0x0000029cc9bdb010] Compiler: c2, Barriers: 8, Oops: 0, ImmediateOops: 0, NonImmediateOops: No
[2024-10-26T03:26:26.105+0530][1.496s][debug][gc,nmethod     ] Register NMethod: org.springframework.core.annotation.RepeatableContainers.findRepeatedAnnotations (0x0000029cc20e7f08) [0x0000029cc20e8040, 0x0000029cc20e82a8] Compiler: c1, Barriers: 1, Oops: 1, ImmediateOops: 0, NonImmediateOops: No
[2024-10-26T03:26:26.105+0530][1.496s][debug][gc,nmethod     ] Register NMethod: sun.reflect.generics.repository.AbstractRepository.getTree (0x0000029cc9c24a08) [0x0000029cc9c24b20, 0x0000029cc9c24c18] Compiler: c1, Barriers: 1, Oops: 0, ImmediateOops: 0, NonImmediateOops: No
[2024-10-26T03:26:26.107+0530][1.497s][debug][gc,nmethod     ] Register NMethod: java.util.Collections$UnmodifiableList.hashCode (0x0000029cc25eeb88) [0x0000029cc25eecc0, 0x0000029cc25eeed0] Compiler: c1, Barriers: 1, Oops: 0, ImmediateOops: 0, NonImmediateOops: No
[2024-10-26T03:26:26.107+0530][1.497s][debug][gc,nmethod     ] Register NMethod: java.util.ArrayList.hashCode (0x0000029cc2322808) [0x0000029cc2322960, 0x0000029cc2322c48] Compiler: c1, Barriers: 0, Oops: 0, ImmediateOops: 0, NonImmediateOops: No
[2024-10-26T03:26:26.107+0530][1.497s][debug][gc,nmethod     ] Register NMethod: java.util.ArrayList.checkForComodification (0x0000029cc2137108) [0x0000029cc2137240, 0x0000029cc2137458] Compiler: c1, Barriers: 0, Oops: 0, ImmediateOops: 0, NonImmediateOops: No
[2024-10-26T03:26:26.107+0530][1.497s][debug][gc,nmethod     ] Register NMethod: java.util.ArrayList.hashCodeRange (0x0000029cc24f1a08) [0x0000029cc24f1b60, 0x0000029cc24f1ff8] Compiler: c1, Barriers: 2, Oops: 0, ImmediateOops: 0, NonImmediateOops: No
[2024-10-26T03:26:26.107+0530][1.497s][debug][gc,nmethod     ] Register NMethod: org.springframework.beans.factory.support.AbstractBeanDefinition.getScope (0x0000029cc9c3b208) [0x0000029cc9c3b320, 0x0000029cc9c3b418] Compiler: c1, Barriers: 1, Oops: 1, ImmediateOops: 0, NonImmediateOops: No
[2024-10-26T03:26:26.107+0530][1.498s][debug][gc,nmethod     ] Register NMethod: org.springframework.beans.factory.support.AbstractBeanFactory.isTypeMatch (0x0000029cc2138a88) [0x0000029cc2138ba0, 0x0000029cc2138d68] Compiler: c1, Barriers: 0, Oops: 1, ImmediateOops: 0, NonImmediateOops: No
[2024-10-26T03:26:26.108+0530][1.498s][debug][gc,nmethod     ] Register NMethod: org.springframework.core.ResolvableType$1.isAssignableFrom (0x0000029cc2572e88) [0x0000029cc2572fc0, 0x0000029cc25732a8] Compiler: c1, Barriers: 2, Oops: 1, ImmediateOops: 0, NonImmediateOops: No
[2024-10-26T03:26:26.109+0530][1.500s][debug][gc,nmethod     ] Register NMethod: org.springframework.boot.loader.ref.DefaultCleaner.register (0x0000029cc9be4788) [0x0000029cc9be4920, 0x0000029cc9be53b0] Compiler: c2, Barriers: 34, Oops: 2, ImmediateOops: 3, NonImmediateOops: No
[2024-10-26T03:26:26.111+0530][1.502s][debug][gc,nmethod     ] Register NMethod: org.springframework.beans.factory.support.AbstractBeanDefinition.isLazyInit (0x0000029cc2184608) [0x0000029cc2184720, 0x0000029cc21848f8] Compiler: c1, Barriers: 1, Oops: 1, ImmediateOops: 0, NonImmediateOops: No
[2024-10-26T03:26:26.112+0530][1.502s][debug][gc,director    ] Rule Major: Warmup 10%, Used: 94MB, UsedThreshold: 204MB
[2024-10-26T03:26:26.112+0530][1.502s][debug][gc,nmethod     ] Register NMethod: org.springframework.core.annotation.TypeMappedAnnotation$$Lambda/0x000002a0d4119d70.extract (0x0000029cc218fe88) [0x0000029cc218ffa0, 0x0000029cc21900e0] Compiler: c1, Barriers: 0, Oops: 1, ImmediateOops: 0, NonImmediateOops: No
[2024-10-26T03:26:26.112+0530][1.502s][debug][gc,nmethod     ] Register NMethod: java.util.LinkedHashMap.get (0x0000029cc9bcf288) [0x0000029cc9bcf3e0, 0x0000029cc9bcf8d8] Compiler: c2, Barriers: 7, Oops: 0, ImmediateOops: 0, NonImmediateOops: No
[2024-10-26T03:26:26.112+0530][1.502s][debug][gc,nmethod     ] Register NMethod: java.util.concurrent.CopyOnWriteArrayList.<init> (0x0000029cc22d5e08) [0x0000029cc22d5f40, 0x0000029cc22d6300] Compiler: c1, Barriers: 6, Oops: 0, ImmediateOops: 0, NonImmediateOops: No
[2024-10-26T03:26:26.112+0530][1.503s][debug][gc,nmethod     ] Register NMethod: java.util.stream.Nodes.flatten (0x0000029cc24eff88) [0x0000029cc24f0160, 0x0000029cc24f09d8] Compiler: c1, Barriers: 3, Oops: 0, ImmediateOops: 1, NonImmediateOops: No
[2024-10-26T03:26:26.112+0530][1.503s][debug][gc,nmethod     ] Register NMethod: java.util.Arrays$ArrayList.toArray (0x0000029cc2192788) [0x0000029cc21928c0, 0x0000029cc2192a48] Compiler: c1, Barriers: 1, Oops: 0, ImmediateOops: 1, NonImmediateOops: No
[2024-10-26T03:26:26.113+0530][1.503s][debug][gc,nmethod     ] Register NMethod: org.springframework.beans.factory.support.AbstractBeanDefinition.setScope (0x0000029cc9c8b288) [0x0000029cc9c8b3a0, 0x0000029cc9c8b4d8] Compiler: c1, Barriers: 3, Oops: 1, ImmediateOops: 0, NonImmediateOops: No
[2024-10-26T03:26:26.113+0530][1.504s][debug][gc,nmethod     ] Register NMethod: org.springframework.context.annotation.ConditionEvaluator.shouldSkip (0x0000029cc1fdd708) [0x0000029cc1fddac0, 0x0000029cc1fdfad8] Compiler: c1, Barriers: 16, Oops: 2, ImmediateOops: 6, NonImmediateOops: No
[2024-10-26T03:26:26.114+0530][1.504s][debug][gc,nmethod     ] Register NMethod: org.springframework.core.annotation.AnnotationAttributes.getRequiredAttribute (0x0000029cc2325108) [0x0000029cc23256a0, 0x0000029cc2328f10] Compiler: c1, Barriers: 56, Oops: 5, ImmediateOops: 7, NonImmediateOops: No
[2024-10-26T03:26:26.116+0530][1.507s][debug][gc,nmethod     ] Register NMethod: java.lang.NamedPackage.<init> (0x0000029cc203e208) [0x0000029cc203e420, 0x0000029cc203ef20] Compiler: c1, Barriers: 8, Oops: 1, ImmediateOops: 3, NonImmediateOops: No
[2024-10-26T03:26:26.123+0530][1.513s][debug][gc,director    ] Rule Major: Warmup 10%, Used: 96MB, UsedThreshold: 204MB
[2024-10-26T03:26:26.123+0530][1.514s][debug][gc,nmethod     ] Register NMethod: java.lang.reflect.Modifier.isSynthetic (0x0000029cc21a0488) [0x0000029cc21a05a0, 0x0000029cc21a06e0] Compiler: c1, Barriers: 0, Oops: 0, ImmediateOops: 0, NonImmediateOops: No
[2024-10-26T03:26:26.125+0530][1.515s][debug][gc,nmethod     ] Register NMethod: java.net.URLStreamHandler.toExternalForm (0x0000029cc9c73688) [0x0000029cc9c73a20, 0x0000029cc9c75bf8] Compiler: c2, Barriers: 57, Oops: 2, ImmediateOops: 2, NonImmediateOops: No
[2024-10-26T03:26:26.127+0530][1.517s][debug][gc,nmethod     ] Register NMethod: jdk.internal.loader.BuiltinClassLoader.loadClassOrNull (0x0000029cc9d55b08) [0x0000029cc9d565c0, 0x0000029cc9d60380] Compiler: c2, Barriers: 97, Oops: 5, ImmediateOops: 15, NonImmediateOops: No
[2024-10-26T03:26:26.128+0530][1.519s][debug][gc,nmethod     ] Register NMethod: org.springframework.boot.loader.jar.NestedJarFile.getContentEntry (0x0000029cc9c1e208) [0x0000029cc9c1e4a0, 0x0000029cc9c1fb80] Compiler: c2, Barriers: 21, Oops: 2, ImmediateOops: 1, NonImmediateOops: No
[2024-10-26T03:26:26.129+0530][1.520s][debug][gc,nmethod     ] Register NMethod: org.springframework.util.ReflectionUtils.lambda$getUniqueDeclaredMethods$2 (0x0000029cc2297708) [0x0000029cc2297960, 0x0000029cc22989b8] Compiler: c1, Barriers: 7, Oops: 1, ImmediateOops: 0, NonImmediateOops: No
[2024-10-26T03:26:26.129+0530][1.520s][debug][gc,nmethod     ] Register NMethod: java.lang.reflect.Modifier.isStatic (0x0000029cc9baa408) [0x0000029cc9baa500, 0x0000029cc9baa570] Compiler: c2, Barriers: 0, Oops: 0, ImmediateOops: 0, NonImmediateOops: No
[2024-10-26T03:26:26.129+0530][1.520s][debug][gc,nmethod     ] Register NMethod: org.springframework.beans.factory.support.RootBeanDefinition.isFactoryMethod (0x0000029cc21b1788) [0x0000029cc21b18c0, 0x0000029cc21b1b28] Compiler: c1, Barriers: 2, Oops: 1, ImmediateOops: 0, NonImmediateOops: No
[2024-10-26T03:26:26.130+0530][1.520s][debug][gc,nmethod     ] Register NMethod: org.springframework.beans.BeanMetadataAttributeAccessor.setSource (0x0000029cc9bede88) [0x0000029cc9bedfa0, 0x0000029cc9bee0d8] Compiler: c1, Barriers: 3, Oops: 1, ImmediateOops: 0, NonImmediateOops: No
[2024-10-26T03:26:26.130+0530][1.520s][debug][gc,nmethod     ] Register NMethod: org.springframework.beans.factory.support.AbstractBeanDefinition.setFactoryMethodName (0x0000029cc9c34008) [0x0000029cc9c34120, 0x0000029cc9c34258] Compiler: c1, Barriers: 3, Oops: 1, ImmediateOops: 0, NonImmediateOops: No
[2024-10-26T03:26:26.130+0530][1.520s][debug][gc,nmethod     ] Register NMethod: org.springframework.context.annotation.ConfigurationClassBeanDefinitionReader$ConfigurationClassBeanDefinition.isFactoryMethod (0x0000029cc22ec888) [0x0000029cc22eca00, 0x0000029cc22ecec0] Compiler: c1, Barriers: 3, Oops: 1, ImmediateOops: 1, NonImmediateOops: No
[2024-10-26T03:26:26.130+0530][1.520s][debug][gc,nmethod     ] Register NMethod: org.springframework.core.annotation.TypeMappedAnnotations.scan (0x0000029cc233cd08) [0x0000029cc233ce80, 0x0000029cc233d350] Compiler: c1, Barriers: 5, Oops: 1, ImmediateOops: 0, NonImmediateOops: No
[2024-10-26T03:26:26.130+0530][1.520s][debug][gc,nmethod     ] Register NMethod: org.springframework.core.annotation.AnnotationFilter.matches (0x0000029cc221f208) [0x0000029cc221f340, 0x0000029cc221f5e8] Compiler: c1, Barriers: 0, Oops: 1, ImmediateOops: 0, NonImmediateOops: No
[2024-10-26T03:26:26.130+0530][1.520s][debug][gc,nmethod     ] Register NMethod: org.springframework.beans.factory.support.AbstractBeanDefinition.hasMethodOverrides (0x0000029cc1fdd208) [0x0000029cc1fdd340, 0x0000029cc1fdd650] Compiler: c1, Barriers: 2, Oops: 1, ImmediateOops: 0, NonImmediateOops: No
[2024-10-26T03:26:26.130+0530][1.521s][debug][gc,nmethod     ] Register NMethod: org.springframework.beans.factory.support.MethodOverrides.isEmpty (0x0000029cc2253808) [0x0000029cc2253940, 0x0000029cc2253b50] Compiler: c1, Barriers: 1, Oops: 1, ImmediateOops: 0, NonImmediateOops: No
[2024-10-26T03:26:26.130+0530][1.521s][debug][gc,nmethod     ] Register NMethod: java.util.concurrent.CopyOnWriteArrayList.isEmpty (0x0000029cc225d008) [0x0000029cc225d120, 0x0000029cc225d3a0] Compiler: c1, Barriers: 1, Oops: 0, ImmediateOops: 0, NonImmediateOops: No
[2024-10-26T03:26:26.130+0530][1.521s][debug][gc,nmethod     ] Register NMethod: java.util.concurrent.CopyOnWriteArraySet.isEmpty (0x0000029cc2410f08) [0x0000029cc2411040, 0x0000029cc24113e0] Compiler: c1, Barriers: 2, Oops: 0, ImmediateOops: 0, NonImmediateOops: No
[2024-10-26T03:26:26.130+0530][1.521s][debug][gc,nmethod     ] Register NMethod: org.springframework.beans.factory.support.AbstractBeanDefinition.setAutowireMode (0x0000029cc9cab108) [0x0000029cc9cab220, 0x0000029cc9cab2e8] Compiler: c1, Barriers: 0, Oops: 1, ImmediateOops: 0, NonImmediateOops: No
[2024-10-26T03:26:26.130+0530][1.521s][debug][gc,nmethod     ] Register NMethod: org.springframework.beans.factory.support.AbstractBeanDefinition.setResource (0x0000029cc9cc0c08) [0x0000029cc9cc0d20, 0x0000029cc9cc0e68] Compiler: c1, Barriers: 3, Oops: 1, ImmediateOops: 0, NonImmediateOops: No
[2024-10-26T03:26:26.130+0530][1.521s][debug][gc,nmethod     ] Register NMethod: org.springframework.util.ConcurrentReferenceHashMap$Segment.getIndex (0x0000029cc9b6d208) [0x0000029cc9b6d300, 0x0000029cc9b6d398] Compiler: c2, Barriers: 0, Oops: 1, ImmediateOops: 0, NonImmediateOops: No
[2024-10-26T03:26:26.131+0530][1.521s][debug][gc,nmethod     ] Register NMethod: sun.reflect.generics.factory.CoreReflectionFactory.makeNamedType (0x0000029cc21b8208) [0x0000029cc21b8360, 0x0000029cc21b8598] Compiler: c1, Barriers: 0, Oops: 0, ImmediateOops: 0, NonImmediateOops: No
[2024-10-26T03:26:26.131+0530][1.521s][debug][gc,nmethod     ] Register NMethod: java.lang.reflect.Proxy$ProxyBuilder.getElementType (0x0000029cc2524d88) [0x0000029cc2524ee0, 0x0000029cc25251a0] Compiler: c1, Barriers: 1, Oops: 0, ImmediateOops: 0, NonImmediateOops: No
[2024-10-26T03:26:26.131+0530][1.522s][debug][gc,nmethod     ] Register NMethod: java.lang.reflect.Proxy$ProxyBuilder.addElementType (0x0000029cc2272508) [0x0000029cc2272680, 0x0000029cc2272c48] Compiler: c1, Barriers: 2, Oops: 0, ImmediateOops: 1, NonImmediateOops: No
[2024-10-26T03:26:26.131+0530][1.522s][debug][gc,nmethod     ] Register NMethod: java.lang.reflect.Proxy$ProxyBuilder.ensureVisible (0x0000029cc2074d08) [0x0000029cc2074f40, 0x0000029cc2075a60] Compiler: c1, Barriers: 3, Oops: 1, ImmediateOops: 4, NonImmediateOops: No
[2024-10-26T03:26:26.132+0530][1.522s][debug][gc,nmethod     ] Register NMethod: org.springframework.beans.factory.support.AbstractBeanDefinition.setLenientConstructorResolution (0x0000029cc9cb3888) [0x0000029cc9cb39a0, 0x0000029cc9cb3a70] Compiler: c1, Barriers: 0, Oops: 1, ImmediateOops: 0, NonImmediateOops: No
[2024-10-26T03:26:26.132+0530][1.522s][debug][gc,nmethod     ] Register NMethod: org.springframework.core.annotation.RepeatableContainers.none (0x0000029cc21cdf88) [0x0000029cc21ce0a0, 0x0000029cc21ce198] Compiler: c1, Barriers: 0, Oops: 1, ImmediateOops: 1, NonImmediateOops: No
[2024-10-26T03:26:26.132+0530][1.522s][debug][gc,nmethod     ] Register NMethod: org.springframework.beans.factory.support.AbstractBeanDefinition.setFactoryBeanName (0x0000029cc9bf6308) [0x0000029cc9bf6420, 0x0000029cc9bf6558] Compiler: c1, Barriers: 3, Oops: 1, ImmediateOops: 0, NonImmediateOops: No
[2024-10-26T03:26:26.132+0530][1.523s][debug][gc,nmethod     ] Register NMethod: org.springframework.beans.factory.support.AbstractBeanDefinition.getInstanceSupplier (0x0000029cc9bf6008) [0x0000029cc9bf6120, 0x0000029cc9bf6218] Compiler: c1, Barriers: 1, Oops: 1, ImmediateOops: 0, NonImmediateOops: No
[2024-10-26T03:26:26.132+0530][1.523s][debug][gc,nmethod     ] Register NMethod: jdk.proxy2.$Proxy46.annotationType (0x0000029cc254bd08) [0x0000029cc254be60, 0x0000029cc254c278] Compiler: c1, Barriers: 1, Oops: 1, ImmediateOops: 1, NonImmediateOops: No
[2024-10-26T03:26:26.132+0530][1.523s][debug][gc,nmethod     ] Register NMethod: org.springframework.core.annotation.AnnotationsScanner.process (0x0000029cc2299a08) [0x0000029cc2299b80, 0x0000029cc229a0f8] Compiler: c1, Barriers: 0, Oops: 1, ImmediateOops: 0, NonImmediateOops: No
[2024-10-26T03:26:26.132+0530][1.523s][debug][gc,nmethod     ] Register NMethod: org.springframework.beans.factory.support.RootBeanDefinition.getParentName (0x0000029cc9bf7b88) [0x0000029cc9bf7ca0, 0x0000029cc9bf7d70] Compiler: c1, Barriers: 0, Oops: 1, ImmediateOops: 0, NonImmediateOops: No
[2024-10-26T03:26:26.133+0530][1.523s][debug][gc,director    ] Rule Major: Warmup 10%, Used: 96MB, UsedThreshold: 204MB
[2024-10-26T03:26:26.133+0530][1.524s][debug][gc,alloc       ] Mutator Allocation Rate: 157.0MB/s Predicted: 161.1MB/s, Avg: 140.3(+/-24.4)MB/s
[2024-10-26T03:26:26.133+0530][1.524s][debug][gc,director    ] Rule Major: Warmup 10%, Used: 98MB, UsedThreshold: 204MB
[2024-10-26T03:26:26.135+0530][1.525s][debug][gc,nmethod     ] Register NMethod: java.lang.reflect.Executable.isSynthetic (0x0000029cc2299188) [0x0000029cc22992c0, 0x0000029cc2299538] Compiler: c1, Barriers: 0, Oops: 0, ImmediateOops: 0, NonImmediateOops: No
[2024-10-26T03:26:26.135+0530][1.525s][debug][gc,nmethod     ] Register NMethod: java.lang.reflect.Method.isSynthetic (0x0000029cc22e7e88) [0x0000029cc22e7fc0, 0x0000029cc22e81f8] Compiler: c1, Barriers: 0, Oops: 0, ImmediateOops: 0, NonImmediateOops: No
[2024-10-26T03:26:26.136+0530][1.526s][debug][gc,nmethod     ] Register NMethod: java.util.Collections$EmptySet.isEmpty (0x0000029cc9bf7888) [0x0000029cc9bf79a0, 0x0000029cc9bf7a68] Compiler: c1, Barriers: 0, Oops: 0, ImmediateOops: 0, NonImmediateOops: No
[2024-10-26T03:26:26.136+0530][1.526s][debug][gc,nmethod     ] Register NMethod: org.springframework.beans.factory.support.DefaultListableBeanFactory.isConfigurationFrozen (0x0000029cc9c86d08) [0x0000029cc9c86e20, 0x0000029cc9c86ef0] Compiler: c1, Barriers: 0, Oops: 1, ImmediateOops: 0, NonImmediateOops: No
[2024-10-26T03:26:26.136+0530][1.527s][debug][gc,nmethod     ] Register NMethod: org.springframework.core.annotation.AnnotationTypeMapping.areEquivalent (0x0000029cc25a1508) [0x0000029cc25a16e0, 0x0000029cc25a2488] Compiler: c1, Barriers: 1, Oops: 1, ImmediateOops: 0, NonImmediateOops: No
[2024-10-26T03:26:26.137+0530][1.527s][debug][gc,nmethod     ] Register NMethod: org.springframework.core.ResolvableType.getType (0x0000029cc221a488) [0x0000029cc221a5a0, 0x0000029cc221a708] Compiler: c1, Barriers: 1, Oops: 1, ImmediateOops: 0, NonImmediateOops: No
[2024-10-26T03:26:26.137+0530][1.528s][debug][gc,nmethod     ] Register NMethod: org.springframework.core.ResolvableType$SyntheticParameterizedType.getRawType (0x0000029cc9c86a08) [0x0000029cc9c86b20, 0x0000029cc9c86c18] Compiler: c1, Barriers: 1, Oops: 1, ImmediateOops: 0, NonImmediateOops: No
[2024-10-26T03:26:26.137+0530][1.528s][debug][gc,nmethod     ] Register NMethod: org.springframework.core.ResolvableType.resolveType (0x0000029cc20f9388) [0x0000029cc20f9600, 0x0000029cc20fa868] Compiler: c1, Barriers: 8, Oops: 1, ImmediateOops: 4, NonImmediateOops: No
[2024-10-26T03:26:26.137+0530][1.528s][debug][gc,nmethod     ] Register NMethod: org.springframework.core.SerializableTypeWrapper.unwrap (0x0000029cc2187408) [0x0000029cc21875a0, 0x0000029cc2187d90] Compiler: c1, Barriers: 1, Oops: 1, ImmediateOops: 1, NonImmediateOops: No
[2024-10-26T03:26:26.137+0530][1.528s][debug][gc,nmethod     ] Register NMethod: org.springframework.core.ResolvableType.isArray (0x0000029cc22f7d08) [0x0000029cc22f7e80, 0x0000029cc22f8578] Compiler: c1, Barriers: 2, Oops: 1, ImmediateOops: 1, NonImmediateOops: No
[2024-10-26T03:26:26.138+0530][1.528s][debug][gc,nmethod     ] Register NMethod: org.springframework.core.ResolvableType$WildcardBounds.get (0x0000029cc22d3688) [0x0000029cc22d38e0, 0x0000029cc22d4ad0] Compiler: c1, Barriers: 15, Oops: 1, ImmediateOops: 1, NonImmediateOops: No
[2024-10-26T03:26:26.138+0530][1.529s][debug][gc,nmethod     ] Register NMethod: org.springframework.core.ResolvableType.getGenerics (0x0000029cc23fb908) [0x0000029cc23fbbc0, 0x0000029cc23fd518] Compiler: c1, Barriers: 21, Oops: 1, ImmediateOops: 3, NonImmediateOops: No
[2024-10-26T03:26:26.139+0530][1.530s][debug][gc,nmethod     ] Register NMethod: org.springframework.core.ResolvableType.isAssignableFrom (0x0000029cc22e8888) [0x0000029cc22e8ce0, 0x0000029cc22eb7e0] Compiler: c1, Barriers: 21, Oops: 3, ImmediateOops: 5, NonImmediateOops: No
[2024-10-26T03:26:26.140+0530][1.530s][debug][gc,nmethod     ] Register NMethod: org.springframework.beans.factory.BeanFactoryUtils.transformedBeanName (0x0000029cc9c1d708) [0x0000029cc9c1d840, 0x0000029cc9c1da00] Compiler: c2, Barriers: 1, Oops: 4, ImmediateOops: 2, NonImmediateOops: No
[2024-10-26T03:26:26.140+0530][1.531s][debug][gc,nmethod     ] Register NMethod: java.util.Properties.get (0x0000029cc2236408) [0x0000029cc2236540, 0x0000029cc22366d0] Compiler: c1, Barriers: 1, Oops: 0, ImmediateOops: 0, NonImmediateOops: No
[2024-10-26T03:26:26.142+0530][1.532s][debug][gc,nmethod     ] Register NMethod: sun.reflect.annotation.AnnotationParser$$Lambda/0x000002a0d40fa678.<init> (0x0000029cc256c988) [0x0000029cc256cac0, 0x0000029cc256cd88] Compiler: c1, Barriers: 9, Oops: 0, ImmediateOops: 0, NonImmediateOops: No
[2024-10-26T03:26:26.142+0530][1.533s][debug][gc,nmethod     ] Register NMethod: org.springframework.beans.factory.support.DefaultSingletonBeanRegistry.containsSingleton (0x0000029cc9cdac08) [0x0000029cc9cdadc0, 0x0000029cc9cdb770] Compiler: c2, Barriers: 12, Oops: 1, ImmediateOops: 0, NonImmediateOops: No
[2024-10-26T03:26:26.142+0530][1.533s][debug][gc,nmethod     ] Register NMethod: java.lang.reflect.Proxy$ProxyBuilder.ensureAccess (0x0000029cc2267488) [0x0000029cc2267680, 0x0000029cc2267f20] Compiler: c1, Barriers: 1, Oops: 0, ImmediateOops: 2, NonImmediateOops: No
[2024-10-26T03:26:26.143+0530][1.533s][debug][gc,nmethod     ] Register NMethod: java.lang.invoke.BoundMethodHandle.makeReinvoker (0x0000029cc2593388) [0x0000029cc25934e0, 0x0000029cc25937f8] Compiler: c1, Barriers: 1, Oops: 1, ImmediateOops: 1, NonImmediateOops: No
[2024-10-26T03:26:26.143+0530][1.533s][debug][gc,director    ] Rule Major: Warmup 10%, Used: 98MB, UsedThreshold: 204MB
[2024-10-26T03:26:26.143+0530][1.533s][debug][gc,nmethod     ] Register NMethod: org.springframework.beans.factory.support.AbstractBeanFactory.getMergedLocalBeanDefinition (0x0000029cc9c88088) [0x0000029cc9c88260, 0x0000029cc9c88d10] Compiler: c2, Barriers: 12, Oops: 1, ImmediateOops: 0, NonImmediateOops: No
[2024-10-26T03:26:26.144+0530][1.534s][debug][gc,nmethod     ] Register NMethod: java.lang.reflect.Proxy$ProxyBuilder$ProxyClassContext.packageName (0x0000029cc9c8e408) [0x0000029cc9c8e520, 0x0000029cc9c8e618] Compiler: c1, Barriers: 1, Oops: 0, ImmediateOops: 0, NonImmediateOops: No
[2024-10-26T03:26:26.144+0530][1.535s][debug][gc,nmethod     ] Register NMethod: java.lang.reflect.Proxy$ProxyBuilder$ProxyClassContext.module (0x0000029cc9c8e088) [0x0000029cc9c8e1a0, 0x0000029cc9c8e298] Compiler: c1, Barriers: 1, Oops: 0, ImmediateOops: 0, NonImmediateOops: No
[2024-10-26T03:26:26.144+0530][1.535s][debug][gc,nmethod     ] Register NMethod: jdk.internal.classfile.impl.DirectCodeBuilder.parameterSlot (0x0000029cc230fb88) [0x0000029cc230fcc0, 0x0000029cc230fed0] Compiler: c1, Barriers: 1, Oops: 0, ImmediateOops: 0, NonImmediateOops: No
[2024-10-26T03:26:26.144+0530][1.535s][debug][gc,nmethod     ] Register NMethod: jdk.internal.classfile.impl.DirectMethodBuilder.parameterSlot (0x0000029cc23d4288) [0x0000029cc23d43e0, 0x0000029cc23d46b8] Compiler: c1, Barriers: 5, Oops: 0, ImmediateOops: 0, NonImmediateOops: No
[2024-10-26T03:26:26.145+0530][1.535s][debug][gc,nmethod     ] Register NMethod: java.lang.reflect.Method.getGenericSignature (0x0000029cc9cc7788) [0x0000029cc9cc78a0, 0x0000029cc9cc7998] Compiler: c1, Barriers: 1, Oops: 0, ImmediateOops: 0, NonImmediateOops: No
[2024-10-26T03:26:26.146+0530][1.536s][debug][gc,nmethod     ] Register NMethod: org.springframework.beans.factory.support.DefaultSingletonBeanRegistry.getSingleton (0x0000029cc9cd9108) [0x0000029cc9cd9360, 0x0000029cc9cda7f0] Compiler: c2, Barriers: 25, Oops: 1, ImmediateOops: 0, NonImmediateOops: No
[2024-10-26T03:26:26.146+0530][1.536s][debug][gc,nmethod     ] Register NMethod: org.springframework.core.annotation.TypeMappedAnnotation.getType (0x0000029cc9cc7388) [0x0000029cc9cc7480, 0x0000029cc9cc7590] Compiler: c2, Barriers: 2, Oops: 1, ImmediateOops: 0, NonImmediateOops: No
[2024-10-26T03:26:26.147+0530][1.538s][debug][gc,nmethod     ] Register NMethod: jdk.internal.util.ArraysSupport.mismatch (0x0000029cc9be0908) [0x0000029cc9be0a20, 0x0000029cc9be0c50] Compiler: c2, Barriers: 0, Oops: 0, ImmediateOops: 0, NonImmediateOops: No
[2024-10-26T03:26:26.147+0530][1.538s][debug][gc,nmethod     ] Register NMethod: java.lang.invoke.DirectMethodHandle$Holder.invokeStatic (0x0000029cc9be0508) [0x0000029cc9be0620, 0x0000029cc9be0740] Compiler: c2, Barriers: 1, Oops: 0, ImmediateOops: 0, NonImmediateOops: No
[2024-10-26T03:26:26.147+0530][1.538s][debug][gc,nmethod     ] Register NMethod: java.lang.invoke.DirectMethodHandle$Holder.invokeStatic (0x0000029cc9bf0c88) [0x0000029cc9bf0da0, 0x0000029cc9bf0ed8] Compiler: c2, Barriers: 1, Oops: 0, ImmediateOops: 0, NonImmediateOops: No
[2024-10-26T03:26:26.148+0530][1.538s][debug][gc,nmethod     ] Register NMethod: java.util.concurrent.ConcurrentHashMap.isEmpty (0x0000029cc2251e08) [0x0000029cc2251f20, 0x0000029cc22520a8] Compiler: c1, Barriers: 0, Oops: 0, ImmediateOops: 0, NonImmediateOops: No
[2024-10-26T03:26:26.148+0530][1.538s][debug][gc,nmethod     ] Register NMethod: org.springframework.beans.factory.support.AbstractBeanDefinition.setBeanClassName (0x0000029cc9bf0808) [0x0000029cc9bf0920, 0x0000029cc9bf0a60] Compiler: c1, Barriers: 3, Oops: 1, ImmediateOops: 0, NonImmediateOops: No
[2024-10-26T03:26:26.149+0530][1.540s][debug][gc,nmethod     ] Register NMethod: java.util.Collections$SingletonSet.size (0x0000029cc9cd6808) [0x0000029cc9cd6920, 0x0000029cc9cd69e8] Compiler: c1, Barriers: 0, Oops: 0, ImmediateOops: 0, NonImmediateOops: No
[2024-10-26T03:26:26.149+0530][1.540s][debug][gc,nmethod     ] Register NMethod: org.springframework.boot.autoconfigure.condition.OnBeanCondition$Spec.merge (0x0000029cc2254988) [0x0000029cc2254aa0, 0x0000029cc2254be0] Compiler: c1, Barriers: 0, Oops: 1, ImmediateOops: 0, NonImmediateOops: No
[2024-10-26T03:26:26.149+0530][1.540s][debug][gc,nmethod     ] Register NMethod: java.util.Map.getOrDefault (0x0000029cc254cc88) [0x0000029cc254cdc0, 0x0000029cc254d110] Compiler: c1, Barriers: 0, Oops: 0, ImmediateOops: 0, NonImmediateOops: No
[2024-10-26T03:26:26.151+0530][1.541s][debug][gc,nmethod     ] Register NMethod: org.springframework.core.annotation.AttributeMethods.canThrowTypeNotPresentException (0x0000029cc9cd6388) [0x0000029cc9cd6480, 0x0000029cc9cd6588] Compiler: c2, Barriers: 1, Oops: 1, ImmediateOops: 0, NonImmediateOops: No
[2024-10-26T03:26:26.151+0530][1.541s][debug][gc,nmethod     ] Register NMethod: java.util.stream.ReferencePipeline.<init> (0x0000029cc225e308) [0x0000029cc225e420, 0x0000029cc225e558] Compiler: c1, Barriers: 0, Oops: 0, ImmediateOops: 0, NonImmediateOops: No
[2024-10-26T03:26:26.152+0530][1.542s][debug][gc,nmethod     ] Register NMethod: java.util.HashMap.newHashMap (0x0000029cc231b088) [0x0000029cc231b2a0, 0x0000029cc231baf0] Compiler: c1, Barriers: 0, Oops: 1, ImmediateOops: 2, NonImmediateOops: No
[2024-10-26T03:26:26.153+0530][1.544s][debug][gc,nmethod     ] Register NMethod: java.lang.String.indexOfNonWhitespace (0x0000029cc22ace08) [0x0000029cc22acf60, 0x0000029cc22ad260] Compiler: c1, Barriers: 2, Oops: 0, ImmediateOops: 0, NonImmediateOops: No
[2024-10-26T03:26:26.153+0530][1.544s][debug][gc,nmethod     ] Register NMethod: org.springframework.util.ObjectUtils.arrayEquals (0x0000029cc228ad08) [0x0000029cc228afe0, 0x0000029cc228d520] Compiler: c1, Barriers: 0, Oops: 1, ImmediateOops: 0, NonImmediateOops: No
[2024-10-26T03:26:26.154+0530][1.544s][debug][gc,director    ] Rule Major: Warmup 10%, Used: 100MB, UsedThreshold: 204MB
[2024-10-26T03:26:26.154+0530][1.544s][debug][gc,nmethod     ] Register NMethod: java.lang.reflect.Method.getParameterCount (0x0000029cc9bbfb08) [0x0000029cc9bbfc00, 0x0000029cc9bbfcd0] Compiler: c2, Barriers: 1, Oops: 0, ImmediateOops: 0, NonImmediateOops: No
[2024-10-26T03:26:26.154+0530][1.545s][debug][gc,nmethod     ] Register NMethod: java.util.regex.Pattern.lambda$Range$17 (0x0000029cc2283988) [0x0000029cc2283aa0, 0x0000029cc2283c60] Compiler: c1, Barriers: 0, Oops: 0, ImmediateOops: 0, NonImmediateOops: No
[2024-10-26T03:26:26.154+0530][1.545s][debug][gc,nmethod     ] Register NMethod: java.util.regex.Pattern$$Lambda/0x800000033.is (0x0000029cc234e688) [0x0000029cc234e7c0, 0x0000029cc234ea08] Compiler: c1, Barriers: 0, Oops: 0, ImmediateOops: 0, NonImmediateOops: No
[2024-10-26T03:26:26.154+0530][1.545s][debug][gc,nmethod     ] Register NMethod: java.util.regex.Pattern.inRange (0x0000029cc228f508) [0x0000029cc228f620, 0x0000029cc228f788] Compiler: c1, Barriers: 0, Oops: 0, ImmediateOops: 0, NonImmediateOops: No
[2024-10-26T03:26:26.155+0530][1.546s][debug][gc,nmethod     ] Register NMethod: org.springframework.beans.factory.support.AbstractBeanDefinition.setRole (0x0000029cc9bbf608) [0x0000029cc9bbf720, 0x0000029cc9bbf7e8] Compiler: c1, Barriers: 0, Oops: 1, ImmediateOops: 0, NonImmediateOops: No
[2024-10-26T03:26:26.157+0530][1.547s][debug][gc,nmethod     ] Register NMethod: org.springframework.context.annotation.ConfigurationClassBeanDefinitionReader$ConfigurationClassBeanDefinition.getMetadata (0x0000029cc9be5c88) [0x0000029cc9be5da0, 0x0000029cc9be5ea0] Compiler: c1, Barriers: 1, Oops: 1, ImmediateOops: 0, NonImmediateOops: No
[2024-10-26T03:26:26.157+0530][1.548s][debug][gc,nmethod     ] Register NMethod: org.springframework.context.annotation.ConfigurationClass.getResource (0x0000029cc9be5788) [0x0000029cc9be58a0, 0x0000029cc9be5998] Compiler: c1, Barriers: 1, Oops: 1, ImmediateOops: 0, NonImmediateOops: No
[2024-10-26T03:26:26.158+0530][1.548s][debug][gc,nmethod     ] Register NMethod: sun.reflect.annotation.AnnotationParser.parseClassArray (0x0000029cc23b8088) [0x0000029cc23b8220, 0x0000029cc23b8988] Compiler: c1, Barriers: 9, Oops: 1, ImmediateOops: 2, NonImmediateOops: No
[2024-10-26T03:26:26.158+0530][1.549s][debug][gc,nmethod     ] Register NMethod: java.util.zip.Inflater.inflate (0x0000029cc9c3fe08) [0x0000029cc9c3ff60, 0x0000029cc9c405a0] Compiler: c2, Barriers: 4, Oops: 1, ImmediateOops: 0, NonImmediateOops: No
[2024-10-26T03:26:26.158+0530][1.549s][debug][gc,nmethod     ] Register NMethod: java.util.Collections$SetFromMap.isEmpty (0x0000029cc23aae08) [0x0000029cc23aaf40, 0x0000029cc23ab150] Compiler: c1, Barriers: 1, Oops: 0, ImmediateOops: 0, NonImmediateOops: No
[2024-10-26T03:26:26.158+0530][1.549s][debug][gc,nmethod     ] Register NMethod: org.springframework.beans.BeanMetadataAttributeAccessor.getSource (0x0000029cc9c77b88) [0x0000029cc9c77ca0, 0x0000029cc9c77d98] Compiler: c1, Barriers: 1, Oops: 1, ImmediateOops: 0, NonImmediateOops: No
[2024-10-26T03:26:26.159+0530][1.549s][debug][gc,nmethod     ] Register NMethod: org.springframework.beans.factory.support.AbstractBeanDefinition.getBeanClassName (0x0000029cc22c3888) [0x0000029cc22c39e0, 0x0000029cc22c3ef0] Compiler: c1, Barriers: 2, Oops: 1, ImmediateOops: 0, NonImmediateOops: No
[2024-10-26T03:26:26.159+0530][1.550s][debug][gc,nmethod     ] Register NMethod: org.springframework.core.annotation.OrderUtils.getOrderFromAnnotations (0x0000029cc223e608) [0x0000029cc223e7a0, 0x0000029cc223edd8] Compiler: c1, Barriers: 0, Oops: 2, ImmediateOops: 3, NonImmediateOops: No
[2024-10-26T03:26:26.159+0530][1.550s][debug][gc,nmethod     ] Register NMethod: org.springframework.beans.factory.support.AbstractBeanFactory.isFactoryBean (0x0000029cc9c77688) [0x0000029cc9c777c0, 0x0000029cc9c77af0] Compiler: c2, Barriers: 6, Oops: 2, ImmediateOops: 2, NonImmediateOops: No
[2024-10-26T03:26:26.160+0530][1.550s][debug][gc,nmethod     ] Register NMethod: java.util.IdentityHashMap.get (0x0000029cc9cb6a08) [0x0000029cc9cb6b40, 0x0000029cc9cb6ec8] Compiler: c2, Barriers: 4, Oops: 0, ImmediateOops: 0, NonImmediateOops: No
[2024-10-26T03:26:26.160+0530][1.550s][debug][gc,nmethod     ] Register NMethod: org.springframework.core.annotation.TypeMappedAnnotation.createIfPossible (0x0000029cc23ec008) [0x0000029cc23ec140, 0x0000029cc23ec320] Compiler: c1, Barriers: 0, Oops: 3, ImmediateOops: 1, NonImmediateOops: No
[2024-10-26T03:26:26.160+0530][1.550s][debug][gc,nmethod     ] Register NMethod: org.springframework.beans.factory.support.AbstractBeanFactory.hasBeanCreationStarted (0x0000029cc2474488) [0x0000029cc24745c0, 0x0000029cc2474820] Compiler: c1, Barriers: 1, Oops: 1, ImmediateOops: 0, NonImmediateOops: No
[2024-10-26T03:26:26.160+0530][1.551s][debug][gc,nmethod     ] Register NMethod: org.springframework.boot.loader.net.protocol.jar.UrlJarFiles$Cache.get (0x0000029cc9ba5088) [0x0000029cc9ba5280, 0x0000029cc9ba6000] Compiler: c2, Barriers: 14, Oops: 2, ImmediateOops: 3, NonImmediateOops: No
[2024-10-26T03:26:26.162+0530][1.552s][debug][gc,nmethod     ] Register NMethod: org.springframework.beans.factory.support.AbstractBeanDefinition.getDestroyMethodNames (0x0000029cc9cb6688) [0x0000029cc9cb67a0, 0x0000029cc9cb68a0] Compiler: c1, Barriers: 1, Oops: 1, ImmediateOops: 0, NonImmediateOops: No
[2024-10-26T03:26:26.162+0530][1.553s][debug][gc,nmethod     ] Register NMethod: java.util.HashMap$Node.hashCode (0x0000029cc22d6688) [0x0000029cc22d67e0, 0x0000029cc22d6c40] Compiler: c1, Barriers: 2, Oops: 0, ImmediateOops: 0, NonImmediateOops: No
[2024-10-26T03:26:26.163+0530][1.554s][debug][gc,nmethod     ] Register NMethod: org.springframework.core.AttributeAccessorSupport.<init> (0x0000029cc2313588) [0x0000029cc23136c0, 0x0000029cc2313a88] Compiler: c1, Barriers: 3, Oops: 1, ImmediateOops: 0, NonImmediateOops: No
[2024-10-26T03:26:26.163+0530][1.554s][debug][gc,nmethod     ] Register NMethod: org.springframework.beans.BeanMetadataAttributeAccessor.<init> (0x0000029cc2331c08) [0x0000029cc2331d60, 0x0000029cc2332190] Compiler: c1, Barriers: 3, Oops: 1, ImmediateOops: 0, NonImmediateOops: No
[2024-10-26T03:26:26.163+0530][1.554s][debug][gc,nmethod     ] Register NMethod: org.springframework.context.annotation.AnnotationBeanNameGenerator$$Lambda/0x000002a0d41f8d88.test (0x0000029cc23f7e08) [0x0000029cc23f7f60, 0x0000029cc23f8480] Compiler: c1, Barriers: 0, Oops: 1, ImmediateOops: 0, NonImmediateOops: No
[2024-10-26T03:26:26.163+0530][1.554s][debug][gc,nmethod     ] Register NMethod: java.util.concurrent.CopyOnWriteArraySet.<init> (0x0000029cc23f0c08) [0x0000029cc23f0d80, 0x0000029cc23f1390] Compiler: c1, Barriers: 9, Oops: 0, ImmediateOops: 0, NonImmediateOops: No
[2024-10-26T03:26:26.164+0530][1.554s][debug][gc,director    ] Rule Major: Warmup 10%, Used: 100MB, UsedThreshold: 204MB
[2024-10-26T03:26:26.164+0530][1.555s][debug][gc,nmethod     ] Register NMethod: java.util.WeakHashMap.remove (0x0000029cc9bc0c88) [0x0000029cc9bc0de0, 0x0000029cc9bc1388] Compiler: c2, Barriers: 11, Oops: 0, ImmediateOops: 0, NonImmediateOops: No
[2024-10-26T03:26:26.164+0530][1.555s][debug][gc,nmethod     ] Register NMethod: java.util.Collections$SetFromMap.remove (0x0000029cc9c18288) [0x0000029cc9c18400, 0x0000029cc9c18a48] Compiler: c2, Barriers: 12, Oops: 0, ImmediateOops: 0, NonImmediateOops: No
[2024-10-26T03:26:26.165+0530][1.555s][debug][gc,nmethod     ] Register NMethod: org.springframework.beans.factory.support.DefaultListableBeanFactory.containsBeanDefinition (0x0000029cc25e6988) [0x0000029cc25e6ae0, 0x0000029cc25e6e60] Compiler: c1, Barriers: 1, Oops: 2, ImmediateOops: 1, NonImmediateOops: No
[2024-10-26T03:26:26.166+0530][1.556s][debug][gc,nmethod     ] Register NMethod: java.lang.String.isBlank (0x0000029cc256d288) [0x0000029cc256d400, 0x0000029cc256d8b0] Compiler: c1, Barriers: 3, Oops: 0, ImmediateOops: 0, NonImmediateOops: No
[2024-10-26T03:26:26.166+0530][1.557s][debug][gc,nmethod     ] Register NMethod: org.springframework.core.annotation.AnnotationsScanner.processClassHierarchy (0x0000029cc2009288) [0x0000029cc2009520, 0x0000029cc200a330] Compiler: c1, Barriers: 2, Oops: 2, ImmediateOops: 3, NonImmediateOops: No
[2024-10-26T03:26:26.167+0530][1.557s][debug][gc,nmethod     ] Register NMethod: org.springframework.beans.factory.support.AbstractBeanDefinition.getDependencyCheck (0x0000029cc9cd8e08) [0x0000029cc9cd8f20, 0x0000029cc9cd8fe8] Compiler: c1, Barriers: 0, Oops: 1, ImmediateOops: 0, NonImmediateOops: No
[2024-10-26T03:26:26.167+0530][1.557s][debug][gc,nmethod     ] Register NMethod: org.springframework.beans.factory.support.AbstractBeanDefinition.setInstanceSupplier (0x0000029cc9cd8b08) [0x0000029cc9cd8c20, 0x0000029cc9cd8d58] Compiler: c1, Barriers: 3, Oops: 1, ImmediateOops: 0, NonImmediateOops: No
[2024-10-26T03:26:26.167+0530][1.558s][debug][gc,nmethod     ] Register NMethod: org.springframework.beans.factory.support.AbstractBeanDefinition.setDependencyCheck (0x0000029cc9cd8688) [0x0000029cc9cd87a0, 0x0000029cc9cd8868] Compiler: c1, Barriers: 0, Oops: 1, ImmediateOops: 0, NonImmediateOops: No
[2024-10-26T03:26:26.167+0530][1.558s][debug][gc,nmethod     ] Register NMethod: org.springframework.beans.factory.support.AbstractBeanDefinition.getDependsOn (0x0000029cc9bb5e88) [0x0000029cc9bb5fa0, 0x0000029cc9bb6098] Compiler: c1, Barriers: 1, Oops: 1, ImmediateOops: 0, NonImmediateOops: No
[2024-10-26T03:26:26.167+0530][1.558s][debug][gc,nmethod     ] Register NMethod: org.springframework.beans.factory.support.AbstractBeanDefinition.getInitMethodNames (0x0000029cc9bb5b88) [0x0000029cc9bb5ca0, 0x0000029cc9bb5da0] Compiler: c1, Barriers: 1, Oops: 1, ImmediateOops: 0, NonImmediateOops: No
[2024-10-26T03:26:26.167+0530][1.558s][debug][gc,nmethod     ] Register NMethod: org.springframework.beans.factory.support.AbstractBeanDefinition.setEnforceInitMethod (0x0000029cc9bb5688) [0x0000029cc9bb57a0, 0x0000029cc9bb5870] Compiler: c1, Barriers: 0, Oops: 1, ImmediateOops: 0, NonImmediateOops: No
[2024-10-26T03:26:26.167+0530][1.558s][debug][gc,nmethod     ] Register NMethod: org.springframework.beans.factory.support.AbstractBeanDefinition.setEnforceDestroyMethod (0x0000029cc9c8d108) [0x0000029cc9c8d220, 0x0000029cc9c8d2f0] Compiler: c1, Barriers: 0, Oops: 1, ImmediateOops: 0, NonImmediateOops: No
[2024-10-26T03:26:26.167+0530][1.558s][debug][gc,nmethod     ] Register NMethod: org.springframework.beans.factory.support.AbstractBeanDefinition.setSynthetic (0x0000029cc9c8ce08) [0x0000029cc9c8cf20, 0x0000029cc9c8cff0] Compiler: c1, Barriers: 0, Oops: 1, ImmediateOops: 0, NonImmediateOops: No
[2024-10-26T03:26:26.167+0530][1.558s][debug][gc,nmethod     ] Register NMethod: org.springframework.beans.factory.support.AbstractBeanFactory.isCacheBeanMetadata (0x0000029cc9c8c888) [0x0000029cc9c8c9a0, 0x0000029cc9c8ca70] Compiler: c1, Barriers: 0, Oops: 1, ImmediateOops: 0, NonImmediateOops: No
[2024-10-26T03:26:26.168+0530][1.558s][debug][gc,nmethod     ] Register NMethod: org.springframework.beans.factory.support.AbstractBeanDefinition.isNonPublicAccessAllowed (0x0000029cc9b6fc88) [0x0000029cc9b6fda0, 0x0000029cc9b6fe70] Compiler: c1, Barriers: 0, Oops: 1, ImmediateOops: 0, NonImmediateOops: No
[2024-10-26T03:26:26.168+0530][1.558s][debug][gc,nmethod     ] Register NMethod: org.springframework.beans.factory.support.AbstractBeanDefinition.setPrimary (0x0000029cc9b6f988) [0x0000029cc9b6faa0, 0x0000029cc9b6fb70] Compiler: c1, Barriers: 0, Oops: 1, ImmediateOops: 0, NonImmediateOops: No
[2024-10-26T03:26:26.168+0530][1.558s][debug][gc,nmethod     ] Register NMethod: org.springframework.beans.factory.support.MethodOverrides.<init> (0x0000029cc24d5508) [0x0000029cc24d5680, 0x0000029cc24d5e28] Compiler: c1, Barriers: 12, Oops: 1, ImmediateOops: 0, NonImmediateOops: No
[2024-10-26T03:26:26.168+0530][1.558s][debug][gc,nmethod     ] Register NMethod: org.springframework.beans.factory.support.AbstractBeanDefinition.getRole (0x0000029cc9b6f688) [0x0000029cc9b6f7a0, 0x0000029cc9b6f868] Compiler: c1, Barriers: 0, Oops: 1, ImmediateOops: 0, NonImmediateOops: No
[2024-10-26T03:26:26.168+0530][1.558s][debug][gc,nmethod     ] Register NMethod: org.springframework.beans.factory.support.AbstractBeanDefinition.setAbstract (0x0000029cc9b6f308) [0x0000029cc9b6f420, 0x0000029cc9b6f4f0] Compiler: c1, Barriers: 0, Oops: 1, ImmediateOops: 0, NonImmediateOops: No
[2024-10-26T03:26:26.168+0530][1.558s][debug][gc,nmethod     ] Register NMethod: org.springframework.beans.factory.support.AbstractBeanDefinition.getAutowireMode (0x0000029cc9ce9188) [0x0000029cc9ce92a0, 0x0000029cc9ce9368] Compiler: c1, Barriers: 0, Oops: 1, ImmediateOops: 0, NonImmediateOops: No
[2024-10-26T03:26:26.168+0530][1.558s][debug][gc,nmethod     ] Register NMethod: org.springframework.beans.factory.support.AbstractBeanDefinition.getLazyInit (0x0000029cc9ce8e88) [0x0000029cc9ce8fa0, 0x0000029cc9ce9098] Compiler: c1, Barriers: 1, Oops: 1, ImmediateOops: 0, NonImmediateOops: No
[2024-10-26T03:26:26.168+0530][1.558s][debug][gc,nmethod     ] Register NMethod: org.springframework.beans.factory.support.AbstractBeanDefinition.setDependsOn (0x0000029cc9ce8b88) [0x0000029cc9ce8ca0, 0x0000029cc9ce8dd8] Compiler: c1, Barriers: 3, Oops: 1, ImmediateOops: 0, NonImmediateOops: No
[2024-10-26T03:26:26.168+0530][1.558s][debug][gc,nmethod     ] Register NMethod: org.springframework.beans.factory.support.AbstractBeanDefinition.isAutowireCandidate (0x0000029cc9ce8808) [0x0000029cc9ce8920, 0x0000029cc9ce89f0] Compiler: c1, Barriers: 0, Oops: 1, ImmediateOops: 0, NonImmediateOops: No
[2024-10-26T03:26:26.168+0530][1.559s][debug][gc,nmethod     ] Register NMethod: org.springframework.beans.factory.support.AbstractBeanDefinition.setAutowireCandidate (0x0000029cc9cee188) [0x0000029cc9cee2a0, 0x0000029cc9cee370] Compiler: c1, Barriers: 0, Oops: 1, ImmediateOops: 0, NonImmediateOops: No
[2024-10-26T03:26:26.168+0530][1.559s][debug][gc,nmethod     ] Register NMethod: org.springframework.beans.factory.support.AbstractBeanDefinition.isPrimary (0x0000029cc9cede88) [0x0000029cc9cedfa0, 0x0000029cc9cee070] Compiler: c1, Barriers: 0, Oops: 1, ImmediateOops: 0, NonImmediateOops: No
[2024-10-26T03:26:26.168+0530][1.559s][debug][gc,nmethod     ] Register NMethod: org.springframework.beans.factory.support.AbstractBeanDefinition.setNonPublicAccessAllowed (0x0000029cc9cedb88) [0x0000029cc9cedca0, 0x0000029cc9cedd70] Compiler: c1, Barriers: 0, Oops: 1, ImmediateOops: 0, NonImmediateOops: No
[2024-10-26T03:26:26.168+0530][1.559s][debug][gc,nmethod     ] Register NMethod: org.springframework.beans.factory.support.AbstractBeanDefinition.isLenientConstructorResolution (0x0000029cc9ced808) [0x0000029cc9ced920, 0x0000029cc9ced9f0] Compiler: c1, Barriers: 0, Oops: 1, ImmediateOops: 0, NonImmediateOops: No
[2024-10-26T03:26:26.168+0530][1.559s][debug][gc,nmethod     ] Register NMethod: org.springframework.beans.factory.support.AbstractBeanDefinition.isEnforceInitMethod (0x0000029cc9bb7988) [0x0000029cc9bb7aa0, 0x0000029cc9bb7b70] Compiler: c1, Barriers: 0, Oops: 1, ImmediateOops: 0, NonImmediateOops: No
[2024-10-26T03:26:26.168+0530][1.559s][debug][gc,nmethod     ] Register NMethod: org.springframework.beans.factory.support.AbstractBeanDefinition.setInitMethodNames (0x0000029cc9bb7688) [0x0000029cc9bb77a0, 0x0000029cc9bb78e8] Compiler: c1, Barriers: 3, Oops: 1, ImmediateOops: 0, NonImmediateOops: No
[2024-10-26T03:26:26.168+0530][1.559s][debug][gc,nmethod     ] Register NMethod: org.springframework.beans.factory.support.AbstractBeanDefinition.setDestroyMethodNames (0x0000029cc9bb7388) [0x0000029cc9bb74a0, 0x0000029cc9bb75e8] Compiler: c1, Barriers: 3, Oops: 1, ImmediateOops: 0, NonImmediateOops: No
[2024-10-26T03:26:26.168+0530][1.559s][debug][gc,nmethod     ] Register NMethod: org.springframework.beans.factory.support.AbstractBeanDefinition.isEnforceDestroyMethod (0x0000029cc9bb7088) [0x0000029cc9bb71a0, 0x0000029cc9bb7270] Compiler: c1, Barriers: 0, Oops: 1, ImmediateOops: 0, NonImmediateOops: No
[2024-10-26T03:26:26.168+0530][1.559s][debug][gc,nmethod     ] Register NMethod: org.springframework.beans.factory.support.AbstractBeanDefinition.getResource (0x0000029cc9bb6d88) [0x0000029cc9bb6ea0, 0x0000029cc9bb6fa0] Compiler: c1, Barriers: 1, Oops: 1, ImmediateOops: 0, NonImmediateOops: No
[2024-10-26T03:26:26.168+0530][1.559s][debug][gc,nmethod     ] Register NMethod: java.util.stream.Sink.end (0x0000029cc9c14c08) [0x0000029cc9c14d00, 0x0000029cc9c14d78] Compiler: c2, Barriers: 0, Oops: 0, ImmediateOops: 0, NonImmediateOops: No
[2024-10-26T03:26:26.169+0530][1.560s][debug][gc,nmethod     ] Register NMethod: org.springframework.core.env.MutablePropertySources.iterator (0x0000029cc24a2688) [0x0000029cc24a27c0, 0x0000029cc24a29d0] Compiler: c1, Barriers: 1, Oops: 1, ImmediateOops: 0, NonImmediateOops: No
[2024-10-26T03:26:26.169+0530][1.560s][debug][gc,nmethod     ] Register NMethod: org.springframework.boot.autoconfigure.condition.SpringBootCondition.recordEvaluation (0x0000029cc25a2c08) [0x0000029cc25a2d60, 0x0000029cc25a3020] Compiler: c1, Barriers: 1, Oops: 1, ImmediateOops: 0, NonImmediateOops: No
[2024-10-26T03:26:26.170+0530][1.560s][debug][gc,nmethod     ] Register NMethod: org.springframework.boot.autoconfigure.condition.SpringBootCondition.matches (0x0000029cc23e7c08) [0x0000029cc23e7e40, 0x0000029cc23e8ab0] Compiler: c1, Barriers: 4, Oops: 1, ImmediateOops: 0, NonImmediateOops: No
[2024-10-26T03:26:26.170+0530][1.560s][debug][gc,nmethod     ] Register NMethod: org.springframework.boot.autoconfigure.condition.SpringBootCondition.getClassOrMethodName (0x0000029cc205a388) [0x0000029cc205a6e0, 0x0000029cc205c638] Compiler: c1, Barriers: 0, Oops: 18, ImmediateOops: 9, NonImmediateOops: No
[2024-10-26T03:26:26.170+0530][1.561s][debug][gc,nmethod     ] Register NMethod: org.springframework.boot.autoconfigure.condition.FilteringSpringBootCondition.<init> (0x0000029cc22c5408) [0x0000029cc22c55a0, 0x0000029cc22c5cc8] Compiler: c1, Barriers: 5, Oops: 1, ImmediateOops: 1, NonImmediateOops: No
[2024-10-26T03:26:26.171+0530][1.562s][debug][gc,nmethod     ] Register NMethod: org.springframework.core.annotation.TypeMappedAnnotations$MergedAnnotationFinder.<init> (0x0000029cc2059d88) [0x0000029cc2059ee0, 0x0000029cc205a2c0] Compiler: c1, Barriers: 12, Oops: 1, ImmediateOops: 1, NonImmediateOops: No
[2024-10-26T03:26:26.172+0530][1.563s][debug][gc,nmethod     ] Register NMethod: org.springframework.boot.env.OriginTrackedMapPropertySource.getProperty (0x0000029cc200ae08) [0x0000029cc200af60, 0x0000029cc200b578] Compiler: c1, Barriers: 1, Oops: 1, ImmediateOops: 0, NonImmediateOops: No
[2024-10-26T03:26:26.173+0530][1.564s][debug][gc,nmethod     ] Register NMethod: org.springframework.boot.autoconfigure.condition.OnBeanCondition$Spec.extract (0x0000029cc1ff0088) [0x0000029cc1ff0340, 0x0000029cc1ff1ac8] Compiler: c1, Barriers: 6, Oops: 2, ImmediateOops: 3, NonImmediateOops: No
[2024-10-26T03:26:26.174+0530][1.564s][debug][gc,nmethod     ] Register NMethod: org.springframework.util.ClassUtils.isAssignable (0x0000029cc9c14588) [0x0000029cc9c146e0, 0x0000029cc9c14b78] Compiler: c2, Barriers: 4, Oops: 3, ImmediateOops: 1, NonImmediateOops: No
[2024-10-26T03:26:26.174+0530][1.564s][debug][gc,nmethod     ] Register NMethod: org.springframework.beans.factory.annotation.AnnotatedGenericBeanDefinition.getMetadata (0x0000029cc9c14008) [0x0000029cc9c14120, 0x0000029cc9c14220] Compiler: c1, Barriers: 1, Oops: 1, ImmediateOops: 0, NonImmediateOops: No
[2024-10-26T03:26:26.174+0530][1.564s][debug][gc,nmethod     ] Register NMethod: jdk.internal.access.SharedSecrets.getJavaUtilCollectionAccess (0x0000029cc25a2888) [0x0000029cc25a29c0, 0x0000029cc25a2bf8] Compiler: c1, Barriers: 2, Oops: 0, ImmediateOops: 3, NonImmediateOops: No
[2024-10-26T03:26:26.175+0530][1.565s][debug][gc,director    ] Rule Major: Warmup 10%, Used: 102MB, UsedThreshold: 204MB
[2024-10-26T03:26:26.175+0530][1.565s][debug][gc,nmethod     ] Register NMethod: org.springframework.beans.factory.support.AbstractBeanDefinition.hasBeanClass (0x0000029cc9c6cd08) [0x0000029cc9c6ce00, 0x0000029cc9c6ced8] Compiler: c2, Barriers: 1, Oops: 1, ImmediateOops: 0, NonImmediateOops: No
[2024-10-26T03:26:26.176+0530][1.566s][debug][gc,nmethod     ] Register NMethod: java.lang.Long.bitCount (0x0000029cc9c6ca08) [0x0000029cc9c6cb00, 0x0000029cc9c6cbe0] Compiler: c2, Barriers: 0, Oops: 0, ImmediateOops: 0, NonImmediateOops: No
[2024-10-26T03:26:26.177+0530][1.568s][debug][gc,nmethod     ] Register NMethod: org.springframework.core.MethodParameter.getDeclaringClass (0x0000029cc200a908) [0x0000029cc200aa40, 0x0000029cc200ac50] Compiler: c1, Barriers: 1, Oops: 1, ImmediateOops: 0, NonImmediateOops: No
[2024-10-26T03:26:26.180+0530][1.570s][debug][gc,nmethod     ] Register NMethod: org.springframework.beans.factory.support.AbstractAutowireCapableBeanFactory.determineTargetType (0x0000029cc9c6c288) [0x0000029cc9c6c400, 0x0000029cc9c6c938] Compiler: c2, Barriers: 10, Oops: 1, ImmediateOops: 0, NonImmediateOops: No
[2024-10-26T03:26:26.180+0530][1.571s][debug][gc,nmethod     ] Register NMethod: org.springframework.beans.factory.support.AbstractAutowireCapableBeanFactory.predictBeanType (0x0000029cc9cfb508) [0x0000029cc9cfb6a0, 0x0000029cc9cfbfe8] Compiler: c2, Barriers: 13, Oops: 1, ImmediateOops: 0, NonImmediateOops: No
[2024-10-26T03:26:26.181+0530][1.571s][debug][gc,nmethod     ] Register NMethod: org.springframework.core.SimpleAliasRegistry.isAlias (0x0000029cc9cc9888) [0x0000029cc9cc9a40, 0x0000029cc9cca3f0] Compiler: c2, Barriers: 12, Oops: 1, ImmediateOops: 0, NonImmediateOops: No
[2024-10-26T03:26:26.181+0530][1.572s][debug][gc,nmethod     ] Register NMethod: org.springframework.core.MethodParameter.getMethod (0x0000029cc200fa88) [0x0000029cc200fbc0, 0x0000029cc200ff10] Compiler: c1, Barriers: 1, Oops: 1, ImmediateOops: 0, NonImmediateOops: No
[2024-10-26T03:26:26.181+0530][1.572s][debug][gc,nmethod     ] Register NMethod: org.springframework.beans.factory.support.AbstractBeanFactory.getBeanPostProcessorCache (0x0000029cc9c6bc08) [0x0000029cc9c6bd20, 0x0000029cc9c6c000] Compiler: c2, Barriers: 2, Oops: 1, ImmediateOops: 0, NonImmediateOops: No
[2024-10-26T03:26:26.181+0530][1.572s][debug][gc,nmethod     ] Register NMethod: java.nio.HeapByteBuffer.<init> (0x0000029cc9cfb008) [0x0000029cc9cfb120, 0x0000029cc9cfb418] Compiler: c2, Barriers: 6, Oops: 0, ImmediateOops: 0, NonImmediateOops: No
[2024-10-26T03:26:26.182+0530][1.573s][debug][gc,nmethod     ] Register NMethod: java.nio.ByteBuffer.wrap (0x0000029cc9cc9408) [0x0000029cc9cc9520, 0x0000029cc9cc9790] Compiler: c2, Barriers: 2, Oops: 0, ImmediateOops: 0, NonImmediateOops: No
[2024-10-26T03:26:26.183+0530][1.574s][debug][gc,nmethod     ] Register NMethod: java.lang.reflect.ProxyGenerator$ProxyMethod$$Lambda/0x000002a0d4076478.<init> (0x0000029cc200f688) [0x0000029cc200f7c0, 0x0000029cc200fa18] Compiler: c1, Barriers: 6, Oops: 0, ImmediateOops: 0, NonImmediateOops: No
[2024-10-26T03:26:26.183+0530][1.574s][debug][gc,nmethod     ] Register NMethod: java.lang.reflect.ProxyGenerator$ProxyMethod$$Lambda/0x000002a0d4076478.accept (0x0000029cc200f288) [0x0000029cc200f3c0, 0x0000029cc200f670] Compiler: c1, Barriers: 2, Oops: 0, ImmediateOops: 0, NonImmediateOops: No
[2024-10-26T03:26:26.184+0530][1.574s][debug][gc,nmethod     ] Register NMethod: java.lang.reflect.ProxyGenerator.computeUniqueCatchList (0x0000029cc25a3488) [0x0000029cc25a3760, 0x0000029cc25a4d40] Compiler: c1, Barriers: 17, Oops: 3, ImmediateOops: 7, NonImmediateOops: No
[2024-10-26T03:26:26.184+0530][1.575s][debug][gc,nmethod     ] Register NMethod: java.lang.reflect.ProxyGenerator$ProxyMethod.lambda$generateMethod$1 (0x0000029cc22cec88) [0x0000029cc22cef20, 0x0000029cc22d00e8] Compiler: c1, Barriers: 18, Oops: 2, ImmediateOops: 3, NonImmediateOops: No
[2024-10-26T03:26:26.184+0530][1.575s][debug][gc,nmethod     ] Register NMethod: java.lang.reflect.ProxyGenerator$ProxyMethod.generateMethod (0x0000029cc229cf08) [0x0000029cc229d2a0, 0x0000029cc229ef38] Compiler: c1, Barriers: 21, Oops: 2, ImmediateOops: 6, NonImmediateOops: No
[2024-10-26T03:26:26.184+0530][1.575s][debug][gc,nmethod     ] Register NMethod: java.lang.reflect.ProxyGenerator$ProxyMethod$$Lambda/0x000002a0d4076dc8.<init> (0x0000029cc2275d88) [0x0000029cc2275ec0, 0x0000029cc2276118] Compiler: c1, Barriers: 6, Oops: 0, ImmediateOops: 0, NonImmediateOops: No
[2024-10-26T03:26:26.185+0530][1.575s][debug][gc,director    ] Rule Major: Warmup 10%, Used: 102MB, UsedThreshold: 204MB
[2024-10-26T03:26:26.185+0530][1.575s][debug][gc,nmethod     ] Register NMethod: java.lang.reflect.ProxyGenerator$ProxyMethod$$Lambda/0x000002a0d4076dc8.accept (0x0000029cc2275988) [0x0000029cc2275ac0, 0x0000029cc2275d70] Compiler: c1, Barriers: 2, Oops: 0, ImmediateOops: 0, NonImmediateOops: No
[2024-10-26T03:26:26.185+0530][1.575s][debug][gc,nmethod     ] Register NMethod: java.lang.classfile.CodeBuilder.getfield (0x0000029cc22acb08) [0x0000029cc22acc20, 0x0000029cc22acdf8] Compiler: c1, Barriers: 0, Oops: 0, ImmediateOops: 1, NonImmediateOops: No
[2024-10-26T03:26:26.185+0530][1.575s][debug][gc,nmethod     ] Register NMethod: java.lang.reflect.ProxyGenerator$ProxyMethod.codeFieldInitialization (0x0000029cc21e1888) [0x0000029cc21e1c60, 0x0000029cc21e3be0] Compiler: c1, Barriers: 25, Oops: 0, ImmediateOops: 4, NonImmediateOops: No
[2024-10-26T03:26:26.185+0530][1.575s][debug][gc,nmethod     ] Register NMethod: java.lang.reflect.ProxyGenerator$ProxyMethod.lambda$generateMethod$0 (0x0000029cc2423d88) [0x0000029cc24243e0, 0x0000029cc2428058] Compiler: c1, Barriers: 36, Oops: 2, ImmediateOops: 7, NonImmediateOops: No
[2024-10-26T03:26:26.185+0530][1.575s][debug][gc,nmethod     ] Register NMethod: java.lang.classfile.CodeBuilder.getstatic (0x0000029cc22b1a88) [0x0000029cc22b1ba0, 0x0000029cc22b1d78] Compiler: c1, Barriers: 0, Oops: 0, ImmediateOops: 1, NonImmediateOops: No
[2024-10-26T03:26:26.185+0530][1.576s][debug][gc,nmethod     ] Register NMethod: java.lang.classfile.CodeBuilder.invokeinterface (0x0000029cc22c5108) [0x0000029cc22c5220, 0x0000029cc22c53f8] Compiler: c1, Barriers: 0, Oops: 0, ImmediateOops: 1, NonImmediateOops: No
[2024-10-26T03:26:26.185+0530][1.576s][debug][gc,nmethod     ] Register NMethod: java.lang.classfile.CodeBuilder.checkcast (0x0000029cc2275488) [0x0000029cc22755e0, 0x0000029cc2275950] Compiler: c1, Barriers: 0, Oops: 0, ImmediateOops: 0, NonImmediateOops: No
[2024-10-26T03:26:26.185+0530][1.576s][debug][gc,nmethod     ] Register NMethod: java.lang.classfile.CodeBuilder.putstatic (0x0000029cc231a308) [0x0000029cc231a420, 0x0000029cc231a5f8] Compiler: c1, Barriers: 0, Oops: 0, ImmediateOops: 1, NonImmediateOops: No
[2024-10-26T03:26:26.185+0530][1.576s][debug][gc,nmethod     ] Register NMethod: java.lang.classfile.CodeBuilder.checkcast (0x0000029cc20a8f08) [0x0000029cc20a90a0, 0x0000029cc20a9788] Compiler: c1, Barriers: 6, Oops: 1, ImmediateOops: 3, NonImmediateOops: No
[2024-10-26T03:26:26.185+0530][1.576s][debug][gc,nmethod     ] Register NMethod: java.lang.invoke.ClassSpecializer$SpeciesData.getterFunction (0x0000029cc20a8a88) [0x0000029cc20a8bc0, 0x0000029cc20a8ed0] Compiler: c1, Barriers: 1, Oops: 0, ImmediateOops: 0, NonImmediateOops: No
[2024-10-26T03:26:26.186+0530][1.576s][debug][gc,nmethod     ] Register NMethod: org.springframework.core.annotation.AnnotationsScanner.scan (0x0000029cc21e1508) [0x0000029cc21e1640, 0x0000029cc21e1840] Compiler: c1, Barriers: 0, Oops: 1, ImmediateOops: 0, NonImmediateOops: No
[2024-10-26T03:26:26.186+0530][1.576s][debug][gc,nmethod     ] Register NMethod: java.lang.reflect.ProxyGenerator$ProxyMethod.codeUnwrapReturnValue (0x0000029cc1fff808) [0x0000029cc1fffae0, 0x0000029cc2000d00] Compiler: c1, Barriers: 8, Oops: 1, ImmediateOops: 3, NonImmediateOops: No
[2024-10-26T03:26:26.189+0530][1.579s][debug][gc,nmethod     ] Register NMethod: org.springframework.beans.factory.support.AbstractBeanDefinition.hasConstructorArgumentValues (0x0000029cc21f5108) [0x0000029cc21f5260, 0x0000029cc21f5708] Compiler: c1, Barriers: 3, Oops: 1, ImmediateOops: 0, NonImmediateOops: No
[2024-10-26T03:26:26.189+0530][1.579s][debug][gc,nmethod     ] Register NMethod: org.springframework.core.annotation.AttributeMethods.canLoad (0x0000029cc226fa88) [0x0000029cc226fc80, 0x0000029cc2270638] Compiler: c1, Barriers: 4, Oops: 4, ImmediateOops: 3, NonImmediateOops: No
[2024-10-26T03:26:26.190+0530][1.581s][debug][gc,nmethod     ] Register NMethod: org.springframework.boot.loader.jar.NestedJarFile.getNestedJarEntry (0x0000029cc9cbf088) [0x0000029cc9cbf2c0, 0x0000029cc9cc0700] Compiler: c2, Barriers: 34, Oops: 2, ImmediateOops: 1, NonImmediateOops: No
[2024-10-26T03:26:26.191+0530][1.581s][debug][gc,nmethod     ] Register NMethod: org.springframework.util.ClassUtils.resolvePrimitiveIfNecessary (0x0000029cc9cfac88) [0x0000029cc9cfada0, 0x0000029cc9cfaec8] Compiler: c2, Barriers: 0, Oops: 3, ImmediateOops: 2, NonImmediateOops: No
[2024-10-26T03:26:26.195+0530][1.585s][debug][gc,nmethod     ] Register NMethod: org.springframework.beans.factory.support.DefaultListableBeanFactory.requiresEagerInitForType (0x0000029cc9ce5988) [0x0000029cc9ce5d40, 0x0000029cc9ce8318] Compiler: c2, Barriers: 43, Oops: 4, ImmediateOops: 4, NonImmediateOops: No
[2024-10-26T03:26:26.195+0530][1.586s][debug][gc,nmethod     ] Register NMethod: org.springframework.core.annotation.TypeMappedAnnotation.getAttributeValue (0x0000029cc21f4d88) [0x0000029cc21f4ec0, 0x0000029cc21f50c0] Compiler: c1, Barriers: 0, Oops: 1, ImmediateOops: 0, NonImmediateOops: No
[2024-10-26T03:26:26.196+0530][1.586s][debug][gc,director    ] Rule Major: Warmup 10%, Used: 104MB, UsedThreshold: 204MB
[2024-10-26T03:26:26.196+0530][1.586s][debug][gc,director    ] Rule Minor: High Usage, Free: 1904MB(93.0%)
[2024-10-26T03:26:26.196+0530][1.586s][debug][gc,nmethod     ] Register NMethod: org.springframework.core.annotation.TypeMappedAnnotation.getAttributeIndex (0x0000029cc227c308) [0x0000029cc227c540, 0x0000029cc227d1b0] Compiler: c1, Barriers: 7, Oops: 2, ImmediateOops: 1, NonImmediateOops: No
[2024-10-26T03:26:26.198+0530][1.588s][debug][gc,nmethod     ] Register NMethod: org.springframework.context.annotation.ConfigurationMethod.getConfigurationClass (0x0000029cc9cc8e88) [0x0000029cc9cc8fa0, 0x0000029cc9cc9098] Compiler: c1, Barriers: 1, Oops: 1, ImmediateOops: 0, NonImmediateOops: No
[2024-10-26T03:26:26.198+0530][1.589s][debug][gc,nmethod     ] Register NMethod: java.lang.reflect.Method.getParameterTypes (0x0000029cc25a0d08) [0x0000029cc25a0e40, 0x0000029cc25a1160] Compiler: c1, Barriers: 1, Oops: 0, ImmediateOops: 0, NonImmediateOops: No
[2024-10-26T03:26:26.198+0530][1.589s][debug][gc,nmethod     ] Register NMethod: org.springframework.boot.autoconfigure.condition.ConditionMessage$Builder.didNotFind (0x0000029cc25a0688) [0x0000029cc25a07e0, 0x0000029cc25a0ca0] Compiler: c1, Barriers: 16, Oops: 2, ImmediateOops: 1, NonImmediateOops: No
[2024-10-26T03:26:26.198+0530][1.589s][debug][gc,nmethod     ] Register NMethod: org.springframework.core.annotation.AnnotationAttributes.getString (0x0000029cc21f4a08) [0x0000029cc21f4b40, 0x0000029cc21f4d58] Compiler: c1, Barriers: 0, Oops: 1, ImmediateOops: 1, NonImmediateOops: No
[2024-10-26T03:26:26.199+0530][1.589s][debug][gc,nmethod     ] Register NMethod: org.springframework.core.annotation.AnnotationsProcessor.doWithAggregate (0x0000029cc9ce5688) [0x0000029cc9ce57a0, 0x0000029cc9ce5870] Compiler: c1, Barriers: 0, Oops: 1, ImmediateOops: 0, NonImmediateOops: No
[2024-10-26T03:26:26.199+0530][1.589s][debug][gc,nmethod     ] Register NMethod: org.springframework.util.Assert.isTrue (0x0000029cc219fb88) [0x0000029cc219fce0, 0x0000029cc21a0110] Compiler: c1, Barriers: 0, Oops: 1, ImmediateOops: 0, NonImmediateOops: No
[2024-10-26T03:26:26.200+0530][1.590s][debug][gc,nmethod     ] Register NMethod: org.springframework.core.annotation.TypeMappedAnnotations$MergedAnnotationFinder.finish (0x0000029cc219f708) [0x0000029cc219f840, 0x0000029cc219fb40] Compiler: c1, Barriers: 1, Oops: 1, ImmediateOops: 0, NonImmediateOops: No
[2024-10-26T03:26:26.200+0530][1.590s][debug][gc,nmethod     ] Register NMethod: java.util.RegularEnumSet.contains (0x0000029cc9ce5308) [0x0000029cc9ce5420, 0x0000029cc9ce55f0] Compiler: c2, Barriers: 2, Oops: 0, ImmediateOops: 0, NonImmediateOops: No
[2024-10-26T03:26:26.200+0530][1.590s][debug][gc,nmethod     ] Register NMethod: org.springframework.core.annotation.TypeMappedAnnotations$MergedAnnotationFinder.finish (0x0000029cc21e1208) [0x0000029cc21e1320, 0x0000029cc21e14a0] Compiler: c1, Barriers: 1, Oops: 1, ImmediateOops: 0, NonImmediateOops: No
[2024-10-26T03:26:26.200+0530][1.591s][debug][gc,nmethod     ] Register NMethod: org.springframework.beans.factory.support.DefaultListableBeanFactory.isAllowEagerClassLoading (0x0000029cc9cbed88) [0x0000029cc9cbeea0, 0x0000029cc9cbef70] Compiler: c1, Barriers: 0, Oops: 1, ImmediateOops: 0, NonImmediateOops: No
[2024-10-26T03:26:26.201+0530][1.592s][debug][gc,nmethod     ] Register NMethod: jdk.internal.loader.AbstractClassLoaderValue$Sub.hashCode (0x0000029cc9cbea08) [0x0000029cc9cbeb20, 0x0000029cc9cbed30] Compiler: c2, Barriers: 2, Oops: 0, ImmediateOops: 0, NonImmediateOops: No
[2024-10-26T03:26:26.201+0530][1.592s][debug][gc,nmethod     ] Register NMethod: java.util.Collections$EmptyList.size (0x0000029cc9cbe688) [0x0000029cc9cbe7a0, 0x0000029cc9cbe868] Compiler: c1, Barriers: 0, Oops: 0, ImmediateOops: 0, NonImmediateOops: No
[2024-10-26T03:26:26.204+0530][1.595s][debug][gc,nmethod     ] Register NMethod: org.springframework.boot.autoconfigure.condition.ConditionOutcome.match (0x0000029cc21d0e08) [0x0000029cc21d0f60, 0x0000029cc21d1348] Compiler: c1, Barriers: 3, Oops: 2, ImmediateOops: 1, NonImmediateOops: No
[2024-10-26T03:26:26.205+0530][1.595s][debug][gc,nmethod     ] Register NMethod: org.springframework.core.ResolvableType$1.getGenerics (0x0000029cc9be3e88) [0x0000029cc9be3f80, 0x0000029cc9be4000] Compiler: c2, Barriers: 0, Oops: 1, ImmediateOops: 1, NonImmediateOops: No
[2024-10-26T03:26:26.205+0530][1.596s][debug][gc,nmethod     ] Register NMethod: org.springframework.beans.factory.support.AbstractBeanDefinition.isLazyInit (0x0000029cc9be3b88) [0x0000029cc9be3c80, 0x0000029cc9be3d60] Compiler: c2, Barriers: 1, Oops: 1, ImmediateOops: 0, NonImmediateOops: No
[2024-10-26T03:26:26.206+0530][1.596s][debug][gc,director    ] Rule Major: Warmup 10%, Used: 104MB, UsedThreshold: 204MB
[2024-10-26T03:26:26.206+0530][1.596s][debug][gc,director    ] Rule Minor: High Usage, Free: 1904MB(93.0%)
[2024-10-26T03:26:26.206+0530][1.596s][debug][gc,nmethod     ] Register NMethod: org.springframework.core.ResolvableType$1.isAssignableFrom (0x0000029cc9be3488) [0x0000029cc9be35e0, 0x0000029cc9be3ac0] Compiler: c2, Barriers: 5, Oops: 2, ImmediateOops: 1, NonImmediateOops: No
[2024-10-26T03:26:26.206+0530][1.596s][debug][gc,nmethod     ] Register NMethod: java.lang.String.compareTo (0x0000029cc9be3008) [0x0000029cc9be3120, 0x0000029cc9be3400] Compiler: c2, Barriers: 2, Oops: 0, ImmediateOops: 0, NonImmediateOops: No
[2024-10-26T03:26:26.207+0530][1.598s][debug][gc,nmethod     ] Register NMethod: org.springframework.core.annotation.TypeMappedAnnotations$MergedAnnotationFinder.process (0x0000029cc204bb08) [0x0000029cc204bd60, 0x0000029cc204cb88] Compiler: c1, Barriers: 12, Oops: 1, ImmediateOops: 1, NonImmediateOops: No
[2024-10-26T03:26:26.207+0530][1.598s][debug][gc,nmethod     ] Register NMethod: org.springframework.core.ResolvableType$1.isAssignableFrom (0x0000029cc9be2888) [0x0000029cc9be29e0, 0x0000029cc9be2f28] Compiler: c2, Barriers: 6, Oops: 1, ImmediateOops: 1, NonImmediateOops: No
[2024-10-26T03:26:26.210+0530][1.601s][debug][gc,nmethod     ] Register NMethod: java.util.Collections$SingletonList.hashCode (0x0000029cc219f308) [0x0000029cc219f440, 0x0000029cc219f6e8] Compiler: c1, Barriers: 1, Oops: 0, ImmediateOops: 0, NonImmediateOops: No
[2024-10-26T03:26:26.212+0530][1.603s][debug][gc,nmethod     ] Register NMethod: org.springframework.beans.factory.support.DefaultListableBeanFactory.doGetBeanNamesForType (0x0000029cc2306d08) [0x0000029cc2307520, 0x0000029cc230da40] Compiler: c1, Barriers: 52, Oops: 9, ImmediateOops: 24, NonImmediateOops: No
[2024-10-26T03:26:26.213+0530][1.604s][debug][gc,nmethod     ] Register NMethod: org.springframework.core.annotation.AnnotationsScanner.processMethod (0x0000029cc21d0508) [0x0000029cc21d06a0, 0x0000029cc21d0c40] Compiler: c1, Barriers: 2, Oops: 1, ImmediateOops: 1, NonImmediateOops: No
[2024-10-26T03:26:26.216+0530][1.606s][debug][gc,director    ] Rule Major: Warmup 10%, Used: 106MB, UsedThreshold: 204MB
[2024-10-26T03:26:26.216+0530][1.606s][debug][gc,director    ] Rule Minor: High Usage, Free: 1902MB(92.9%)
[2024-10-26T03:26:26.216+0530][1.606s][debug][gc,nmethod     ] Register NMethod: org.springframework.core.annotation.MergedAnnotationsCollection$AnnotationsSpliterator.tryAdvance (0x0000029cc9c63808) [0x0000029cc9c63bc0, 0x0000029cc9c67060] Compiler: c2, Barriers: 71, Oops: 4, ImmediateOops: 2, NonImmediateOops: No
[2024-10-26T03:26:26.216+0530][1.606s][debug][gc,nmethod     ] Register NMethod: org.springframework.beans.factory.support.AbstractBeanDefinition.getBeanClass (0x0000029cc2276c08) [0x0000029cc2276d80, 0x0000029cc22772d8] Compiler: c1, Barriers: 1, Oops: 1, ImmediateOops: 1, NonImmediateOops: No
[2024-10-26T03:26:26.216+0530][1.607s][debug][gc,nmethod     ] Register NMethod: java.lang.String.compareTo (0x0000029cc9c63108) [0x0000029cc9c63220, 0x0000029cc9c63528] Compiler: c2, Barriers: 2, Oops: 0, ImmediateOops: 0, NonImmediateOops: No
[2024-10-26T03:26:26.219+0530][1.609s][debug][gc,nmethod     ] Register NMethod: org.springframework.beans.factory.support.GenericBeanDefinition.getParentName (0x0000029cc9be2588) [0x0000029cc9be26a0, 0x0000029cc9be27a0] Compiler: c1, Barriers: 1, Oops: 1, ImmediateOops: 0, NonImmediateOops: No
[2024-10-26T03:26:26.219+0530][1.610s][debug][gc,nmethod     ] Register NMethod: jdk.internal.loader.AbstractClassLoaderValue$Sub.equals (0x0000029cc9be1e88) [0x0000029cc9be1fc0, 0x0000029cc9be22a8] Compiler: c2, Barriers: 4, Oops: 0, ImmediateOops: 0, NonImmediateOops: No
[2024-10-26T03:26:26.221+0530][1.612s][debug][gc,nmethod     ] Register NMethod: java.util.HashSet.<init> (0x0000029cc9bb0508) [0x0000029cc9bb0620, 0x0000029cc9bb07c0] Compiler: c2, Barriers: 3, Oops: 0, ImmediateOops: 0, NonImmediateOops: No
[2024-10-26T03:26:26.223+0530][1.614s][debug][gc,nmethod     ] Register NMethod: org.springframework.context.annotation.ConfigurationClass.getBeanName (0x0000029cc9bb0208) [0x0000029cc9bb0320, 0x0000029cc9bb0418] Compiler: c1, Barriers: 1, Oops: 1, ImmediateOops: 0, NonImmediateOops: No
[2024-10-26T03:26:26.226+0530][1.616s][debug][gc,director    ] Rule Major: Warmup 10%, Used: 106MB, UsedThreshold: 204MB
[2024-10-26T03:26:26.226+0530][1.616s][debug][gc,director    ] Rule Minor: High Usage, Free: 1902MB(92.9%)
[2024-10-26T03:26:26.226+0530][1.617s][debug][gc,nmethod     ] Register NMethod: java.util.LinkedHashMap$LinkedKeySet.size (0x0000029cc231fb88) [0x0000029cc231fca0, 0x0000029cc231fde0] Compiler: c1, Barriers: 1, Oops: 0, ImmediateOops: 0, NonImmediateOops: No
[2024-10-26T03:26:26.226+0530][1.617s][debug][gc,nmethod     ] Register NMethod: java.util.HashMap.putAll (0x0000029cc2321c88) [0x0000029cc2321da0, 0x0000029cc2321ee0] Compiler: c1, Barriers: 0, Oops: 0, ImmediateOops: 0, NonImmediateOops: No
[2024-10-26T03:26:26.228+0530][1.618s][debug][gc,nmethod     ] Register NMethod: org.springframework.util.ReflectionUtils$$Lambda/0x000002a0d4103210.matches (0x0000029cc2276488) [0x0000029cc22765e0, 0x0000029cc2276a90] Compiler: c1, Barriers: 1, Oops: 1, ImmediateOops: 1, NonImmediateOops: No
[2024-10-26T03:26:26.228+0530][1.618s][debug][gc,nmethod     ] Register NMethod: org.springframework.util.ReflectionUtils.lambda$static$0 (0x0000029cc2523e88) [0x0000029cc2523fe0, 0x0000029cc2524410] Compiler: c1, Barriers: 1, Oops: 1, ImmediateOops: 1, NonImmediateOops: No
[2024-10-26T03:26:26.228+0530][1.619s][debug][gc,nmethod     ] Register NMethod: org.springframework.boot.autoconfigure.SharedMetadataReaderFactoryContextInitializer$SharedMetadataReaderFactoryBean.getObjectType (0x0000029cc9baff08) [0x0000029cc9bb0020, 0x0000029cc9bb00f0] Compiler: c1, Barriers: 0, Oops: 1, ImmediateOops: 1, NonImmediateOops: No
[2024-10-26T03:26:26.228+0530][1.619s][debug][gc,nmethod     ] Register NMethod: java.util.HashMap.isEmpty (0x0000029cc9bafc08) [0x0000029cc9bafd00, 0x0000029cc9bafd88] Compiler: c2, Barriers: 0, Oops: 0, ImmediateOops: 0, NonImmediateOops: No
[2024-10-26T03:26:26.229+0530][1.619s][debug][gc,nmethod     ] Register NMethod: org.springframework.core.annotation.AnnotationAttributes.getStringArray (0x0000029cc2523b08) [0x0000029cc2523c40, 0x0000029cc2523e58] Compiler: c1, Barriers: 0, Oops: 1, ImmediateOops: 1, NonImmediateOops: No
[2024-10-26T03:26:26.229+0530][1.620s][debug][gc,nmethod     ] Register NMethod: org.springframework.core.MethodParameter.getNestingLevel (0x0000029cc9baf908) [0x0000029cc9bafa20, 0x0000029cc9bafae8] Compiler: c1, Barriers: 0, Oops: 1, ImmediateOops: 0, NonImmediateOops: No
[2024-10-26T03:26:26.229+0530][1.620s][debug][gc,nmethod     ] Register NMethod: org.springframework.core.MethodParameter.getExecutable (0x0000029cc9baf608) [0x0000029cc9baf720, 0x0000029cc9baf818] Compiler: c1, Barriers: 1, Oops: 1, ImmediateOops: 0, NonImmediateOops: No
[2024-10-26T03:26:26.229+0530][1.620s][debug][gc,nmethod     ] Register NMethod: org.springframework.core.MethodParameter.getParameterIndex (0x0000029cc9baf308) [0x0000029cc9baf420, 0x0000029cc9baf4e8] Compiler: c1, Barriers: 0, Oops: 1, ImmediateOops: 0, NonImmediateOops: No
[2024-10-26T03:26:26.229+0530][1.620s][debug][gc,nmethod     ] Register NMethod: java.lang.ClassLoader.createOrGetClassLoaderValueMap (0x0000029cc9baef88) [0x0000029cc9baf0a0, 0x0000029cc9baf2b8] Compiler: c2, Barriers: 2, Oops: 0, ImmediateOops: 1, NonImmediateOops: No
[2024-10-26T03:26:26.229+0530][1.620s][debug][gc,nmethod     ] Register NMethod: org.springframework.beans.factory.support.AbstractBeanFactory.isFactoryBean (0x0000029cc9cd0388) [0x0000029cc9cd0740, 0x0000029cc9cd2b68] Compiler: c2, Barriers: 43, Oops: 5, ImmediateOops: 4, NonImmediateOops: No
[2024-10-26T03:26:26.230+0530][1.620s][debug][gc,nmethod     ] Register NMethod: org.springframework.beans.factory.support.AbstractBeanFactory.getBeanClassLoader (0x0000029cc9cd0088) [0x0000029cc9cd01a0, 0x0000029cc9cd02a0] Compiler: c1, Barriers: 1, Oops: 1, ImmediateOops: 0, NonImmediateOops: No
[2024-10-26T03:26:26.230+0530][1.621s][debug][gc,nmethod     ] Register NMethod: java.lang.Class.reflectionData (0x0000029cc9ccfd08) [0x0000029cc9ccfe20, 0x0000029cc9cd0010] Compiler: c2, Barriers: 3, Oops: 0, ImmediateOops: 1, NonImmediateOops: No
[2024-10-26T03:26:26.231+0530][1.622s][debug][gc,nmethod     ] Register NMethod: java.util.HashSet.iterator (0x0000029cc9bca408) [0x0000029cc9bca5e0, 0x0000029cc9bcb260] Compiler: c2, Barriers: 37, Oops: 0, ImmediateOops: 0, NonImmediateOops: No
[2024-10-26T03:26:26.231+0530][1.622s][debug][gc,nmethod     ] Register NMethod: org.springframework.core.annotation.AnnotationsScanner.processMethodAnnotations (0x0000029cc2246b08) [0x0000029cc2246cc0, 0x0000029cc2247490] Compiler: c1, Barriers: 5, Oops: 1, ImmediateOops: 0, NonImmediateOops: No
[2024-10-26T03:26:26.231+0530][1.622s][debug][gc,nmethod     ] Register NMethod: org.springframework.boot.autoconfigure.condition.OnClassCondition.addAll (0x0000029cc2063f08) [0x0000029cc2064080, 0x0000029cc20645c0] Compiler: c1, Barriers: 0, Oops: 1, ImmediateOops: 0, NonImmediateOops: No
[2024-10-26T03:26:26.232+0530][1.622s][debug][gc,nmethod     ] Register NMethod: java.lang.Enum.toString (0x0000029cc9ccfa08) [0x0000029cc9ccfb20, 0x0000029cc9ccfc18] Compiler: c1, Barriers: 1, Oops: 0, ImmediateOops: 0, NonImmediateOops: No
[2024-10-26T03:26:26.232+0530][1.623s][debug][gc,nmethod     ] Register NMethod: java.lang.ClassLoader.getDefinedPackage (0x0000029cc9bc8c88) [0x0000029cc9bc8ee0, 0x0000029cc9bca328] Compiler: c2, Barriers: 25, Oops: 1, ImmediateOops: 0, NonImmediateOops: No
[2024-10-26T03:26:26.233+0530][1.623s][debug][gc,nmethod     ] Register NMethod: org.springframework.core.ResolvableType.getGeneric (0x0000029cc2063788) [0x0000029cc2063900, 0x0000029cc2063e90] Compiler: c1, Barriers: 2, Oops: 1, ImmediateOops: 2, NonImmediateOops: No
[2024-10-26T03:26:26.235+0530][1.626s][debug][gc,nmethod     ] Register NMethod: org.springframework.boot.autoconfigure.condition.OnBeanCondition$Spec.getTypes (0x0000029cc9baec88) [0x0000029cc9baeda0, 0x0000029cc9baee98] Compiler: c1, Barriers: 1, Oops: 1, ImmediateOops: 0, NonImmediateOops: No
[2024-10-26T03:26:26.235+0530][1.626s][debug][gc,nmethod     ] Register NMethod: org.springframework.beans.factory.support.FactoryBeanRegistrySupport.getFactoryBeanGeneric (0x0000029cc20e5b88) [0x0000029cc20e5ce0, 0x0000029cc20e6088] Compiler: c1, Barriers: 0, Oops: 1, ImmediateOops: 2, NonImmediateOops: No
[2024-10-26T03:26:26.236+0530][1.626s][debug][gc,director    ] Rule Major: Warmup 10%, Used: 108MB, UsedThreshold: 204MB
[2024-10-26T03:26:26.236+0530][1.626s][debug][gc,director    ] Rule Minor: High Usage, Free: 1900MB(92.8%)
[2024-10-26T03:26:26.237+0530][1.627s][debug][gc,nmethod     ] Register NMethod: org.springframework.core.annotation.AnnotatedElementUtils.findAnnotations (0x0000029cc2246608) [0x0000029cc2246740, 0x0000029cc2246938] Compiler: c1, Barriers: 0, Oops: 3, ImmediateOops: 3, NonImmediateOops: No
[2024-10-26T03:26:26.237+0530][1.628s][debug][gc,nmethod     ] Register NMethod: org.springframework.core.ResolvableType.isAssignableFrom (0x0000029cc2063488) [0x0000029cc20635a0, 0x0000029cc20636f0] Compiler: c1, Barriers: 0, Oops: 1, ImmediateOops: 0, NonImmediateOops: No
[2024-10-26T03:26:26.237+0530][1.628s][debug][gc,nmethod     ] Register NMethod: org.springframework.core.ResolvableType.isAssignableFrom (0x0000029cc20e5508) [0x0000029cc20e5660, 0x0000029cc20e5b08] Compiler: c1, Barriers: 1, Oops: 1, ImmediateOops: 0, NonImmediateOops: No
[2024-10-26T03:26:26.238+0530][1.629s][debug][gc,nmethod     ] Register NMethod: org.springframework.boot.autoconfigure.condition.OnBeanCondition$Spec.getParameterizedContainers (0x0000029cc9bae988) [0x0000029cc9baeaa0, 0x0000029cc9baeb98] Compiler: c1, Barriers: 1, Oops: 1, ImmediateOops: 0, NonImmediateOops: No
[2024-10-26T03:26:26.238+0530][1.629s][debug][gc,nmethod     ] Register NMethod: org.springframework.boot.autoconfigure.condition.OnBeanCondition$Spec.getStrategy (0x0000029cc23a6b88) [0x0000029cc23a6ca0, 0x0000029cc23a6e50] Compiler: c1, Barriers: 1, Oops: 1, ImmediateOops: 1, NonImmediateOops: No
[2024-10-26T03:26:26.238+0530][1.629s][debug][gc,nmethod     ] Register NMethod: org.springframework.boot.autoconfigure.condition.OnBeanCondition$Spec.getIgnoredTypes (0x0000029cc9bae408) [0x0000029cc9bae520, 0x0000029cc9bae618] Compiler: c1, Barriers: 1, Oops: 1, ImmediateOops: 0, NonImmediateOops: No
[2024-10-26T03:26:26.238+0530][1.629s][debug][gc,nmethod     ] Register NMethod: org.springframework.boot.autoconfigure.condition.OnBeanCondition$Spec.getAnnotations (0x0000029cc9bc8988) [0x0000029cc9bc8aa0, 0x0000029cc9bc8b98] Compiler: c1, Barriers: 1, Oops: 1, ImmediateOops: 0, NonImmediateOops: No
[2024-10-26T03:26:26.238+0530][1.629s][debug][gc,nmethod     ] Register NMethod: org.springframework.boot.autoconfigure.condition.OnBeanCondition$Spec.getNames (0x0000029cc9bc8688) [0x0000029cc9bc87a0, 0x0000029cc9bc8898] Compiler: c1, Barriers: 1, Oops: 1, ImmediateOops: 0, NonImmediateOops: No
[2024-10-26T03:26:26.238+0530][1.629s][debug][gc,nmethod     ] Register NMethod: org.springframework.beans.factory.support.AbstractBeanFactory.isTypeMatch (0x0000029cc9c92e88) [0x0000029cc9c93660, 0x0000029cc9c991b0] Compiler: c2, Barriers: 100, Oops: 7, ImmediateOops: 12, NonImmediateOops: No
[2024-10-26T03:26:26.238+0530][1.629s][debug][gc,nmethod     ] Register NMethod: java.util.LinkedHashMap.forEach (0x0000029cc9bc8308) [0x0000029cc9bc8420, 0x0000029cc9bc8660] Compiler: c2, Barriers: 4, Oops: 0, ImmediateOops: 0, NonImmediateOops: No
[2024-10-26T03:26:26.242+0530][1.632s][debug][gc,nmethod     ] Register NMethod: java.util.Arrays.equals (0x0000029cc9bc7e88) [0x0000029cc9bc7fa0, 0x0000029cc9bc81c0] Compiler: c2, Barriers: 2, Oops: 0, ImmediateOops: 0, NonImmediateOops: No
[2024-10-26T03:26:26.242+0530][1.633s][debug][gc,nmethod     ] Register NMethod: org.springframework.core.annotation.TypeMappedAnnotations$Aggregate.getMappings (0x0000029cc23fdb08) [0x0000029cc23fdc20, 0x0000029cc23fddb8] Compiler: c1, Barriers: 2, Oops: 1, ImmediateOops: 0, NonImmediateOops: No
[2024-10-26T03:26:26.242+0530][1.633s][debug][gc,nmethod     ] Register NMethod: org.springframework.core.annotation.TypeMappedAnnotations$Aggregate.getMapping (0x0000029cc22e7388) [0x0000029cc22e7500, 0x0000029cc22e7b28] Compiler: c1, Barriers: 4, Oops: 1, ImmediateOops: 0, NonImmediateOops: No
[2024-10-26T03:26:26.242+0530][1.633s][debug][gc,nmethod     ] Register NMethod: java.util.EnumSet.typeCheck (0x0000029cc9c92b88) [0x0000029cc9c92ca0, 0x0000029cc9c92e10] Compiler: c2, Barriers: 2, Oops: 0, ImmediateOops: 0, NonImmediateOops: No
[2024-10-26T03:26:26.242+0530][1.633s][debug][gc,nmethod     ] Register NMethod: java.util.RegularEnumSet.add (0x0000029cc9c92888) [0x0000029cc9c929a0, 0x0000029cc9c92b40] Compiler: c2, Barriers: 2, Oops: 0, ImmediateOops: 0, NonImmediateOops: No
[2024-10-26T03:26:26.243+0530][1.633s][debug][gc,nmethod     ] Register NMethod: org.springframework.beans.factory.support.AbstractBeanDefinition.validate (0x0000029cc2318908) [0x0000029cc2318b00, 0x0000029cc23199a0] Compiler: c1, Barriers: 8, Oops: 1, ImmediateOops: 1, NonImmediateOops: No
[2024-10-26T03:26:26.243+0530][1.634s][debug][gc,nmethod     ] Register NMethod: org.springframework.util.ReflectionUtils$$Lambda/0x000002a0d42c0240.doWith (0x0000029cc2402208) [0x0000029cc2402320, 0x0000029cc2402488] Compiler: c1, Barriers: 1, Oops: 1, ImmediateOops: 0, NonImmediateOops: No
[2024-10-26T03:26:26.243+0530][1.634s][debug][gc,nmethod     ] Register NMethod: org.springframework.beans.factory.support.AbstractBeanDefinition.hasPropertyValues (0x0000029cc2523608) [0x0000029cc2523740, 0x0000029cc2523a70] Compiler: c1, Barriers: 2, Oops: 1, ImmediateOops: 0, NonImmediateOops: No
[2024-10-26T03:26:26.244+0530][1.635s][debug][gc,nmethod     ] Register NMethod: org.springframework.util.ConcurrentReferenceHashMap$Segment.restructure (0x0000029cc21a4408) [0x0000029cc21a4840, 0x0000029cc21a7500] Compiler: c1, Barriers: 36, Oops: 1, ImmediateOops: 2, NonImmediateOops: No
[2024-10-26T03:26:26.245+0530][1.635s][debug][gc,nmethod     ] Register NMethod: java.util.LinkedHashMap.keySet (0x0000029cc9c92308) [0x0000029cc9c92420, 0x0000029cc9c92608] Compiler: c2, Barriers: 6, Oops: 0, ImmediateOops: 0, NonImmediateOops: No
[2024-10-26T03:26:26.245+0530][1.635s][debug][gc,nmethod     ] Register NMethod: java.util.LinkedHashMap.sequencedKeySet (0x0000029cc9c9d608) [0x0000029cc9c9d720, 0x0000029cc9c9d908] Compiler: c2, Barriers: 6, Oops: 0, ImmediateOops: 0, NonImmediateOops: No
[2024-10-26T03:26:26.245+0530][1.636s][debug][gc,nmethod     ] Register NMethod: org.springframework.context.annotation.ConditionEvaluator.getConditionClasses (0x0000029cc24b4388) [0x0000029cc24b4520, 0x0000029cc24b4df8] Compiler: c1, Barriers: 2, Oops: 3, ImmediateOops: 4, NonImmediateOops: No
[2024-10-26T03:26:26.246+0530][1.637s][debug][gc,nmethod     ] Register NMethod: org.springframework.core.AttributeAccessorSupport.attributeNames (0x0000029cc22e6a08) [0x0000029cc22e6b80, 0x0000029cc22e71b0] Compiler: c1, Barriers: 1, Oops: 1, ImmediateOops: 2, NonImmediateOops: No
[2024-10-26T03:26:26.246+0530][1.637s][debug][gc,nmethod     ] Register NMethod: org.springframework.core.AttributeAccessorSupport.copyAttributesFrom (0x0000029cc22bdb08) [0x0000029cc22bdd40, 0x0000029cc22bed28] Compiler: c1, Barriers: 4, Oops: 3, ImmediateOops: 4, NonImmediateOops: No
[2024-10-26T03:26:26.247+0530][1.637s][debug][gc,director    ] Rule Major: Warmup 10%, Used: 110MB, UsedThreshold: 204MB
[2024-10-26T03:26:26.247+0530][1.637s][debug][gc,director    ] Rule Minor: High Usage, Free: 1898MB(92.7%)
[2024-10-26T03:26:26.247+0530][1.637s][debug][gc,nmethod     ] Register NMethod: org.springframework.beans.factory.support.AbstractBeanFactory.getTempClassLoader (0x0000029cc9c9d308) [0x0000029cc9c9d420, 0x0000029cc9c9d520] Compiler: c1, Barriers: 1, Oops: 1, ImmediateOops: 0, NonImmediateOops: No
[2024-10-26T03:26:26.247+0530][1.638s][debug][gc,nmethod     ] Register NMethod: org.springframework.beans.factory.support.RootBeanDefinition.setInstanceSupplier (0x0000029cc22d1808) [0x0000029cc22d19e0, 0x0000029cc22d26d8] Compiler: c1, Barriers: 11, Oops: 2, ImmediateOops: 1, NonImmediateOops: No
[2024-10-26T03:26:26.247+0530][1.638s][debug][gc,nmethod     ] Register NMethod: org.springframework.beans.factory.support.RootBeanDefinition.setParentName (0x0000029cc20e4f88) [0x0000029cc20e50c0, 0x0000029cc20e52c8] Compiler: c1, Barriers: 0, Oops: 1, ImmediateOops: 1, NonImmediateOops: No
[2024-10-26T03:26:26.247+0530][1.638s][debug][gc,nmethod     ] Register NMethod: org.springframework.beans.factory.support.AbstractBeanDefinition.copyQualifiersFrom (0x0000029cc24b3d08) [0x0000029cc24b3e60, 0x0000029cc24b4218] Compiler: c1, Barriers: 2, Oops: 2, ImmediateOops: 1, NonImmediateOops: No
[2024-10-26T03:26:26.247+0530][1.638s][debug][gc,nmethod     ] Register NMethod: org.springframework.core.annotation.TypeMappedAnnotation.getClassLoader (0x0000029cc25e8008) [0x0000029cc25e81c0, 0x0000029cc25e8c00] Compiler: c1, Barriers: 4, Oops: 1, ImmediateOops: 0, NonImmediateOops: No
[2024-10-26T03:26:26.247+0530][1.638s][debug][gc,nmethod     ] Register NMethod: org.springframework.beans.factory.support.AbstractBeanDefinition.<init> (0x0000029cc22d1508) [0x0000029cc22d1620, 0x0000029cc22d1778] Compiler: c1, Barriers: 0, Oops: 1, ImmediateOops: 0, NonImmediateOops: No
[2024-10-26T03:26:26.248+0530][1.639s][debug][gc,nmethod     ] Register NMethod: org.springframework.beans.factory.support.AbstractBeanDefinition.<init> (0x0000029cc2054a08) [0x0000029cc2054c20, 0x0000029cc2055c88] Compiler: c1, Barriers: 30, Oops: 1, ImmediateOops: 1, NonImmediateOops: No
[2024-10-26T03:26:26.248+0530][1.639s][debug][gc,nmethod     ] Register NMethod: org.springframework.beans.factory.support.DefaultListableBeanFactory.removeManualSingletonName (0x0000029cc2271508) [0x0000029cc22716e0, 0x0000029cc22720f0] Compiler: c1, Barriers: 6, Oops: 3, ImmediateOops: 3, NonImmediateOops: No
[2024-10-26T03:26:26.248+0530][1.639s][debug][gc,nmethod     ] Register NMethod: org.springframework.beans.factory.support.DefaultListableBeanFactory$$Lambda/0x000002a0d41c0658.<init> (0x0000029cc25e7c88) [0x0000029cc25e7da0, 0x0000029cc25e7f80] Compiler: c1, Barriers: 3, Oops: 1, ImmediateOops: 0, NonImmediateOops: No
[2024-10-26T03:26:26.248+0530][1.639s][debug][gc,nmethod     ] Register NMethod: org.springframework.beans.factory.support.DefaultListableBeanFactory$$Lambda/0x000002a0d41c0ab8.<init> (0x0000029cc25e7888) [0x0000029cc25e79a0, 0x0000029cc25e7b80] Compiler: c1, Barriers: 3, Oops: 1, ImmediateOops: 0, NonImmediateOops: No
[2024-10-26T03:26:26.249+0530][1.639s][debug][gc,nmethod     ] Register NMethod: org.springframework.beans.factory.support.DefaultListableBeanFactory$$Lambda/0x000002a0d41c0ab8.test (0x0000029cc2271008) [0x0000029cc2271140, 0x0000029cc22714a8] Compiler: c1, Barriers: 1, Oops: 1, ImmediateOops: 0, NonImmediateOops: No
[2024-10-26T03:26:26.249+0530][1.639s][debug][gc,nmethod     ] Register NMethod: org.springframework.beans.factory.support.DefaultListableBeanFactory.lambda$removeManualSingletonName$8 (0x0000029cc2270d08) [0x0000029cc2270e20, 0x0000029cc2270fe0] Compiler: c1, Barriers: 0, Oops: 1, ImmediateOops: 0, NonImmediateOops: No
[2024-10-26T03:26:26.249+0530][1.640s][debug][gc,nmethod     ] Register NMethod: org.springframework.boot.autoconfigure.condition.ConditionMessage.empty (0x0000029cc2344688) [0x0000029cc23447c0, 0x0000029cc2344a20] Compiler: c1, Barriers: 0, Oops: 1, ImmediateOops: 0, NonImmediateOops: No
[2024-10-26T03:26:26.249+0530][1.640s][debug][gc,nmethod     ] Register NMethod: org.springframework.util.ReflectionUtils.isCglibRenamedMethod (0x0000029cc1ff7208) [0x0000029cc1ff74a0, 0x0000029cc1ff8690] Compiler: c1, Barriers: 5, Oops: 3, ImmediateOops: 6, NonImmediateOops: No
[2024-10-26T03:26:26.250+0530][1.640s][debug][gc,nmethod     ] Register NMethod: org.springframework.beans.factory.support.AbstractBeanDefinition.<init> (0x0000029cc2455108) [0x0000029cc2455a60, 0x0000029cc245eaa0] Compiler: c1, Barriers: 178, Oops: 2, ImmediateOops: 12, NonImmediateOops: No
[2024-10-26T03:26:26.250+0530][1.641s][debug][gc,nmethod     ] Register NMethod: org.springframework.beans.factory.support.DefaultListableBeanFactory.registerBeanDefinition (0x0000029cc2300e08) [0x0000029cc23015e0, 0x0000029cc2306b28] Compiler: c1, Barriers: 46, Oops: 6, ImmediateOops: 10, NonImmediateOops: No
[2024-10-26T03:26:26.250+0530][1.641s][debug][gc,nmethod     ] Register NMethod: org.springframework.beans.factory.support.AbstractAutowireCapableBeanFactory.getTypeForFactoryMethod (0x0000029cc26dc708) [0x0000029cc26dcf80, 0x0000029cc26e2e80] Compiler: c1, Barriers: 84, Oops: 6, ImmediateOops: 8, NonImmediateOops: No
[2024-10-26T03:26:26.250+0530][1.641s][debug][gc,nmethod     ] Register NMethod: java.util.AbstractMap.hashCode (0x0000029cc2343e08) [0x0000029cc2343f80, 0x0000029cc2344608] Compiler: c1, Barriers: 0, Oops: 0, ImmediateOops: 0, NonImmediateOops: No
[2024-10-26T03:26:26.252+0530][1.643s][debug][gc,nmethod     ] Register NMethod: org.springframework.boot.loader.jar.NestedJarFile.getJarEntry (0x0000029cc9c9d008) [0x0000029cc9c9d120, 0x0000029cc9c9d1c0] Compiler: c2, Barriers: 0, Oops: 1, ImmediateOops: 0, NonImmediateOops: No
[2024-10-26T03:26:26.253+0530][1.644s][debug][gc,nmethod     ] Register NMethod: org.springframework.beans.factory.support.DefaultListableBeanFactory.updateManualSingletonNames (0x0000029cc23def08) [0x0000029cc23df160, 0x0000029cc23e00d8] Compiler: c1, Barriers: 9, Oops: 1, ImmediateOops: 0, NonImmediateOops: No
[2024-10-26T03:26:26.254+0530][1.644s][debug][gc,nmethod     ] Register NMethod: org.springframework.core.annotation.AbstractMergedAnnotation.getRequiredAttributeValue (0x0000029cc2343588) [0x0000029cc2343720, 0x0000029cc2343c68] Compiler: c1, Barriers: 1, Oops: 1, ImmediateOops: 0, NonImmediateOops: No
[2024-10-26T03:26:26.254+0530][1.645s][debug][gc,nmethod     ] Register NMethod: java.lang.reflect.Constructor.getRoot (0x0000029cc255ce08) [0x0000029cc255cf20, 0x0000029cc255d070] Compiler: c1, Barriers: 1, Oops: 0, ImmediateOops: 0, NonImmediateOops: No
[2024-10-26T03:26:26.254+0530][1.645s][debug][gc,nmethod     ] Register NMethod: org.springframework.beans.factory.support.DefaultListableBeanFactory.getBeanDefinition (0x0000029cc2300508) [0x0000029cc23006a0, 0x0000029cc2300d78] Compiler: c1, Barriers: 3, Oops: 1, ImmediateOops: 0, NonImmediateOops: No
[2024-10-26T03:26:26.255+0530][1.645s][debug][gc,nmethod     ] Register NMethod: java.lang.Class.privateGetPublicMethods (0x0000029cc2478808) [0x0000029cc2478a60, 0x0000029cc2479838] Compiler: c1, Barriers: 11, Oops: 0, ImmediateOops: 0, NonImmediateOops: No
[2024-10-26T03:26:26.256+0530][1.647s][debug][gc,nmethod     ] Register NMethod: java.nio.HeapByteBuffer.getShort (0x0000029cc9c9cc88) [0x0000029cc9c9cda0, 0x0000029cc9c9cf88] Compiler: c2, Barriers: 2, Oops: 3, ImmediateOops: 0, NonImmediateOops: No
[2024-10-26T03:26:26.256+0530][1.647s][debug][gc,nmethod     ] Register NMethod: java.lang.reflect.Method.isBridge (0x0000029cc258fb08) [0x0000029cc258fc20, 0x0000029cc258fd98] Compiler: c1, Barriers: 0, Oops: 0, ImmediateOops: 0, NonImmediateOops: No
[2024-10-26T03:26:26.257+0530][1.647s][debug][gc,nmethod     ] Register NMethod: jdk.proxy2.$Proxy56.annotationType (0x0000029cc22fff08) [0x0000029cc2300060, 0x0000029cc2300478] Compiler: c1, Barriers: 1, Oops: 1, ImmediateOops: 1, NonImmediateOops: No
[2024-10-26T03:26:26.257+0530][1.648s][debug][gc,nmethod     ] Register NMethod: org.springframework.core.annotation.AnnotationsScanner.processClass (0x0000029cc2337f88) [0x0000029cc2338120, 0x0000029cc2338530] Compiler: c1, Barriers: 0, Oops: 1, ImmediateOops: 2, NonImmediateOops: No
[2024-10-26T03:26:26.257+0530][1.648s][debug][gc,nmethod     ] Register NMethod: java.lang.reflect.AccessibleObject.getAnnotations (0x0000029cc22ffc08) [0x0000029cc22ffd20, 0x0000029cc22ffee8] Compiler: c1, Barriers: 0, Oops: 0, ImmediateOops: 0, NonImmediateOops: No
[2024-10-26T03:26:26.258+0530][1.648s][debug][gc,director    ] Rule Major: Warmup 10%, Used: 110MB, UsedThreshold: 204MB
[2024-10-26T03:26:26.258+0530][1.648s][debug][gc,director    ] Rule Minor: High Usage, Free: 1898MB(92.7%)
[2024-10-26T03:26:26.258+0530][1.649s][debug][gc,nmethod     ] Register NMethod: org.springframework.context.annotation.ConfigurationClassUtils.checkConfigurationClassCandidate (0x0000029cc24f4f88) [0x0000029cc24f5480, 0x0000029cc24f8838] Compiler: c1, Barriers: 16, Oops: 11, ImmediateOops: 24, NonImmediateOops: No
[2024-10-26T03:26:26.259+0530][1.650s][debug][gc,nmethod     ] Register NMethod: java.util.AbstractCollection.toArray (0x0000029cc9c9c588) [0x0000029cc9c9c6e0, 0x0000029cc9c9cbf8] Compiler: c2, Barriers: 5, Oops: 0, ImmediateOops: 0, NonImmediateOops: No
[2024-10-26T03:26:26.259+0530][1.650s][debug][gc,nmethod     ] Register NMethod: org.springframework.beans.factory.BeanFactoryUtils.isFactoryDereference (0x0000029cc9c9c288) [0x0000029cc9c9c3a0, 0x0000029cc9c9c4d8] Compiler: c2, Barriers: 1, Oops: 2, ImmediateOops: 0, NonImmediateOops: No
[2024-10-26T03:26:26.259+0530][1.650s][debug][gc,nmethod     ] Register NMethod: org.springframework.core.ResolvableType$1.isAssignableFrom (0x0000029cc2478388) [0x0000029cc24784c0, 0x0000029cc24786b0] Compiler: c1, Barriers: 1, Oops: 1, ImmediateOops: 0, NonImmediateOops: No
[2024-10-26T03:26:26.260+0530][1.651s][debug][gc,nmethod     ] Register NMethod: org.springframework.beans.factory.support.AbstractBeanFactory.isTypeMatch (0x0000029cc26e3108) [0x0000029cc26e3900, 0x0000029cc26e9830] Compiler: c1, Barriers: 45, Oops: 5, ImmediateOops: 19, NonImmediateOops: No
[2024-10-26T03:26:26.260+0530][1.651s][debug][gc,nmethod     ] Register NMethod: org.springframework.core.AttributeAccessorSupport.getAttribute (0x0000029cc2337a88) [0x0000029cc2337be0, 0x0000029cc2337f50] Compiler: c1, Barriers: 1, Oops: 2, ImmediateOops: 1, NonImmediateOops: No
[2024-10-26T03:26:26.260+0530][1.651s][debug][gc,nmethod     ] Register NMethod: org.springframework.beans.BeanMetadataAttributeAccessor.getAttribute (0x0000029cc2337388) [0x0000029cc2337500, 0x0000029cc2337a40] Compiler: c1, Barriers: 2, Oops: 2, ImmediateOops: 1, NonImmediateOops: No
[2024-10-26T03:26:26.260+0530][1.651s][debug][gc,nmethod     ] Register NMethod: org.springframework.beans.factory.support.AbstractBeanDefinition.resolveBeanClass (0x0000029cc21a3808) [0x0000029cc21a3980, 0x0000029cc21a4098] Compiler: c1, Barriers: 5, Oops: 1, ImmediateOops: 0, NonImmediateOops: No
[2024-10-26T03:26:26.260+0530][1.651s][debug][gc,nmethod     ] Register NMethod: org.springframework.context.annotation.ConfigurationClassBeanDefinitionReader$ConfigurationClassBeanDefinition.getFactoryMethodMetadata (0x0000029cc9c9bf88) [0x0000029cc9c9c0a0, 0x0000029cc9c9c1a0] Compiler: c1, Barriers: 1, Oops: 1, ImmediateOops: 0, NonImmediateOops: No
[2024-10-26T03:26:26.262+0530][1.653s][debug][gc,nmethod     ] Register NMethod: org.springframework.beans.factory.support.AbstractBeanFactory.transformedBeanName (0x0000029cc9c9b108) [0x0000029cc9c9b2e0, 0x0000029cc9c9be80] Compiler: c2, Barriers: 13, Oops: 4, ImmediateOops: 2, NonImmediateOops: No
[2024-10-26T03:26:26.267+0530][1.658s][debug][gc,alloc       ] Mutator Allocation Rate: 153.8MB/s Predicted: 162.0MB/s, Avg: 141.3(+/-23.8)MB/s
[2024-10-26T03:26:26.267+0530][1.658s][debug][gc,director    ] Rule Major: Warmup 10%, Used: 114MB, UsedThreshold: 204MB
[2024-10-26T03:26:26.267+0530][1.658s][debug][gc,director    ] Rule Minor: High Usage, Free: 1894MB(92.5%)
[2024-10-26T03:26:26.268+0530][1.658s][debug][gc,nmethod     ] Register NMethod: java.security.CodeSource.getCertificates (0x0000029cc9c9ae08) [0x0000029cc9c9af20, 0x0000029cc9c9b058] Compiler: c2, Barriers: 2, Oops: 0, ImmediateOops: 0, NonImmediateOops: No
[2024-10-26T03:26:26.272+0530][1.663s][debug][gc,nmethod     ] Register NMethod: java.lang.invoke.MethodHandle.invokeBasic (0x0000029cc9c9a988) [0x0000029cc9c9aaa0, 0x0000029cc9c9ad90] Compiler: , Barriers: 0, Oops: 0, ImmediateOops: 0, NonImmediateOops: No
[2024-10-26T03:26:26.272+0530][1.663s][debug][gc,nmethod     ] Register NMethod: java.lang.invoke.MethodHandle.linkToSpecial (0x0000029cc9c9a688) [0x0000029cc9c9a780, 0x0000029cc9c9a890] Compiler: , Barriers: 0, Oops: 0, ImmediateOops: 0, NonImmediateOops: No
[2024-10-26T03:26:26.277+0530][1.667s][debug][gc,director    ] Rule Major: Warmup 10%, Used: 116MB, UsedThreshold: 204MB
[2024-10-26T03:26:26.277+0530][1.667s][debug][gc,director    ] Rule Minor: High Usage, Free: 1892MB(92.4%)
[2024-10-26T03:26:26.279+0530][1.670s][debug][gc,nmethod     ] Register NMethod: java.lang.invoke.DelegatingMethodHandle.makeReinvokerForm (0x0000029cc25a0388) [0x0000029cc25a04a0, 0x0000029cc25a05c8] Compiler: c1, Barriers: 0, Oops: 0, ImmediateOops: 0, NonImmediateOops: No
[2024-10-26T03:26:26.279+0530][1.670s][debug][gc,nmethod     ] Register NMethod: java.lang.invoke.DirectMethodHandle.internalMemberName (0x0000029cc9c9a188) [0x0000029cc9c9a2a0, 0x0000029cc9c9a418] Compiler: c2, Barriers: 3, Oops: 0, ImmediateOops: 1, NonImmediateOops: No
[2024-10-26T03:26:26.280+0530][1.671s][debug][gc,nmethod     ] Register NMethod: java.lang.invoke.LambdaForm.uncustomize (0x0000029cc9cc6488) [0x0000029cc9cc6580, 0x0000029cc9cc6668] Compiler: c2, Barriers: 1, Oops: 0, ImmediateOops: 0, NonImmediateOops: No
[2024-10-26T03:26:26.282+0530][1.673s][debug][gc,nmethod     ] Register NMethod: jdk.internal.perf.PerfCounter.addElapsedTimeFrom (0x0000029cc9cc5f08) [0x0000029cc9cc6020, 0x0000029cc9cc63a8] Compiler: c2, Barriers: 2, Oops: 2, ImmediateOops: 0, NonImmediateOops: No
[2024-10-26T03:26:26.283+0530][1.674s][debug][gc,nmethod     ] Register NMethod: jdk.internal.org.objectweb.asm.SymbolTable.addConstantUtf8Reference (0x0000029cc9cc4f08) [0x0000029cc9cc50e0, 0x0000029cc9cc5e60] Compiler: c2, Barriers: 18, Oops: 0, ImmediateOops: 0, NonImmediateOops: No
[2024-10-26T03:26:26.285+0530][1.676s][debug][gc,nmethod     ] Register NMethod: java.lang.invoke.MethodHandle.linkToStatic (0x0000029cc9cc4c08) [0x0000029cc9cc4d00, 0x0000029cc9cc4e10] Compiler: , Barriers: 0, Oops: 0, ImmediateOops: 0, NonImmediateOops: No
[2024-10-26T03:26:26.285+0530][1.676s][debug][gc,nmethod     ] Register NMethod: jdk.internal.org.objectweb.asm.AnnotationWriter.putAnnotations (0x0000029cc2336c88) [0x0000029cc2336e20, 0x0000029cc2337330] Compiler: c1, Barriers: 5, Oops: 0, ImmediateOops: 0, NonImmediateOops: No
[2024-10-26T03:26:26.286+0530][1.677s][debug][gc,nmethod     ] Register NMethod: org.springframework.asm.SymbolTable.get (0x0000029cc21a3508) [0x0000029cc21a3620, 0x0000029cc21a37d8] Compiler: c1, Barriers: 2, Oops: 1, ImmediateOops: 0, NonImmediateOops: No
[2024-10-26T03:26:26.287+0530][1.677s][debug][gc,director    ] Rule Major: Warmup 10%, Used: 118MB, UsedThreshold: 204MB
[2024-10-26T03:26:26.287+0530][1.677s][debug][gc,director    ] Rule Minor: High Usage, Free: 1890MB(92.3%)
[2024-10-26T03:26:26.287+0530][1.678s][debug][gc,nmethod     ] Register NMethod: java.lang.invoke.MethodType.equals (0x0000029cc9cc4308) [0x0000029cc9cc4460, 0x0000029cc9cc4ba0] Compiler: c2, Barriers: 12, Oops: 0, ImmediateOops: 0, NonImmediateOops: No
[2024-10-26T03:26:26.288+0530][1.678s][debug][gc,nmethod     ] Register NMethod: java.lang.invoke.MethodHandleImpl$AsVarargsCollector.getTarget (0x0000029cc9cc4008) [0x0000029cc9cc4120, 0x0000029cc9cc4218] Compiler: c1, Barriers: 1, Oops: 0, ImmediateOops: 0, NonImmediateOops: No
[2024-10-26T03:26:26.289+0530][1.679s][debug][gc,nmethod     ] Register NMethod: java.lang.invoke.MethodHandle.linkToStatic (0x0000029cc9cc3d08) [0x0000029cc9cc3e00, 0x0000029cc9cc3f10] Compiler: , Barriers: 0, Oops: 0, ImmediateOops: 0, NonImmediateOops: No
[2024-10-26T03:26:26.290+0530][1.680s][debug][gc,nmethod     ] Register NMethod: org.springframework.beans.factory.support.AbstractAutowireCapableBeanFactory.predictBeanType (0x0000029cc2001c08) [0x0000029cc2001e20, 0x0000029cc2002c20] Compiler: c1, Barriers: 3, Oops: 1, ImmediateOops: 2, NonImmediateOops: No
[2024-10-26T03:26:26.293+0530][1.684s][debug][gc,nmethod     ] Register NMethod: org.springframework.core.env.AbstractPropertyResolver$$Lambda/0x000002a0d4172460.<init> (0x0000029cc2001888) [0x0000029cc20019a0, 0x0000029cc2001b80] Compiler: c1, Barriers: 3, Oops: 1, ImmediateOops: 0, NonImmediateOops: No
[2024-10-26T03:26:26.293+0530][1.684s][debug][gc,nmethod     ] Register NMethod: org.springframework.core.env.AbstractPropertyResolver.doResolvePlaceholders (0x0000029cc21a2b08) [0x0000029cc21a2cc0, 0x0000029cc21a3448] Compiler: c1, Barriers: 3, Oops: 3, ImmediateOops: 3, NonImmediateOops: No
[2024-10-26T03:26:26.293+0530][1.684s][debug][gc,nmethod     ] Register NMethod: org.springframework.util.PropertyPlaceholderHelper.replacePlaceholders (0x0000029cc21a2688) [0x0000029cc21a27e0, 0x0000029cc21a2aa8] Compiler: c1, Barriers: 0, Oops: 2, ImmediateOops: 1, NonImmediateOops: No
[2024-10-26T03:26:26.293+0530][1.684s][debug][gc,nmethod     ] Register NMethod: org.springframework.context.support.PropertySourcesPlaceholderConfigurer$$Lambda/0x000002a0d43189d0.resolveStringValue (0x0000029cc2001508) [0x0000029cc2001640, 0x0000029cc20017f0] Compiler: c1, Barriers: 2, Oops: 1, ImmediateOops: 0, NonImmediateOops: No
[2024-10-26T03:26:26.293+0530][1.684s][debug][gc,nmethod     ] Register NMethod: org.springframework.beans.factory.config.BeanDefinitionVisitor.resolveStringValue (0x0000029cc247bc88) [0x0000029cc247bde0, 0x0000029cc247c198] Compiler: c1, Barriers: 1, Oops: 1, ImmediateOops: 1, NonImmediateOops: No
[2024-10-26T03:26:26.294+0530][1.684s][debug][gc,nmethod     ] Register NMethod: org.springframework.context.support.PropertySourcesPlaceholderConfigurer.lambda$processProperties$0 (0x0000029cc247b408) [0x0000029cc247b5c0, 0x0000029cc247bc60] Compiler: c1, Barriers: 3, Oops: 1, ImmediateOops: 0, NonImmediateOops: No
[2024-10-26T03:26:26.294+0530][1.684s][debug][gc,nmethod     ] Register NMethod: org.springframework.core.env.AbstractPropertyResolver.resolveRequiredPlaceholders (0x0000029cc247a888) [0x0000029cc247aa60, 0x0000029cc247b340] Compiler: c1, Barriers: 8, Oops: 3, ImmediateOops: 3, NonImmediateOops: No
[2024-10-26T03:26:26.294+0530][1.685s][debug][gc,nmethod     ] Register NMethod: org.springframework.beans.factory.config.BeanDefinitionVisitor.visitParentName (0x0000029cc1fe9188) [0x0000029cc1fe92e0, 0x0000029cc1fe9680] Compiler: c1, Barriers: 0, Oops: 1, ImmediateOops: 0, NonImmediateOops: No
[2024-10-26T03:26:26.294+0530][1.685s][debug][gc,nmethod     ] Register NMethod: org.springframework.beans.factory.config.BeanDefinitionVisitor.visitBeanClassName (0x0000029cc1fe8688) [0x0000029cc1fe8820, 0x0000029cc1fe90c0] Compiler: c1, Barriers: 5, Oops: 1, ImmediateOops: 0, NonImmediateOops: No
[2024-10-26T03:26:26.294+0530][1.685s][debug][gc,nmethod     ] Register NMethod: org.springframework.beans.factory.config.BeanDefinitionVisitor.visitFactoryMethodName (0x0000029cc1fe8008) [0x0000029cc1fe8160, 0x0000029cc1fe85c0] Compiler: c1, Barriers: 4, Oops: 1, ImmediateOops: 0, NonImmediateOops: No
[2024-10-26T03:26:26.294+0530][1.685s][debug][gc,nmethod     ] Register NMethod: org.springframework.beans.factory.config.BeanDefinitionVisitor.visitFactoryBeanName (0x0000029cc1ffb108) [0x0000029cc1ffb260, 0x0000029cc1ffb6c0] Compiler: c1, Barriers: 4, Oops: 1, ImmediateOops: 0, NonImmediateOops: No
[2024-10-26T03:26:26.294+0530][1.685s][debug][gc,nmethod     ] Register NMethod: org.springframework.util.PropertyPlaceholderHelper.parseStringValue (0x0000029cc1fd9c88) [0x0000029cc1fda140, 0x0000029cc1fdc548] Compiler: c1, Barriers: 20, Oops: 2, ImmediateOops: 3, NonImmediateOops: No
[2024-10-26T03:26:26.294+0530][1.685s][debug][gc,nmethod     ] Register NMethod: java.lang.invoke.MethodHandles$Lookup.getDirectConstructorNoSecurityManager (0x0000029cc247a588) [0x0000029cc247a6a0, 0x0000029cc247a7e0] Compiler: c1, Barriers: 0, Oops: 0, ImmediateOops: 0, NonImmediateOops: No
[2024-10-26T03:26:26.294+0530][1.685s][debug][gc,nmethod     ] Register NMethod: org.springframework.beans.factory.config.BeanDefinitionVisitor.visitBeanDefinition (0x0000029cc24d1808) [0x0000029cc24d1ce0, 0x0000029cc24d4fd8] Compiler: c1, Barriers: 47, Oops: 1, ImmediateOops: 2, NonImmediateOops: No
[2024-10-26T03:26:26.295+0530][1.686s][debug][gc,nmethod     ] Register NMethod: java.util.stream.ReferencePipeline.lambda$toArray$0 (0x0000029cc2001188) [0x0000029cc20012a0, 0x0000029cc2001420] Compiler: c1, Barriers: 0, Oops: 0, ImmediateOops: 0, NonImmediateOops: No
[2024-10-26T03:26:26.295+0530][1.686s][debug][gc,nmethod     ] Register NMethod: java.util.stream.ReferencePipeline$$Lambda/0x000002a0d40d7978.apply (0x0000029cc24d1288) [0x0000029cc24d13a0, 0x0000029cc24d1598] Compiler: c1, Barriers: 0, Oops: 0, ImmediateOops: 0, NonImmediateOops: No
[2024-10-26T03:26:26.295+0530][1.686s][debug][gc,nmethod     ] Register NMethod: java.util.stream.ReferencePipeline.toArray (0x0000029cc1fe7a08) [0x0000029cc1fe7b60, 0x0000029cc1fe7f28] Compiler: c1, Barriers: 0, Oops: 3, ImmediateOops: 1, NonImmediateOops: No
[2024-10-26T03:26:26.296+0530][1.687s][debug][gc,nmethod     ] Register NMethod: org.springframework.boot.context.properties.source.SystemEnvironmentPropertyMapper.convertName (0x0000029cc1ffad88) [0x0000029cc1ffaec0, 0x0000029cc1ffb0b8] Compiler: c1, Barriers: 1, Oops: 1, ImmediateOops: 0, NonImmediateOops: No
[2024-10-26T03:26:26.296+0530][1.687s][debug][gc,nmethod     ] Register NMethod: org.springframework.boot.context.properties.source.SystemEnvironmentPropertyMapper.map (0x0000029cc1ff9e08) [0x0000029cc1ffa000, 0x0000029cc1ffacd0] Compiler: c1, Barriers: 13, Oops: 1, ImmediateOops: 0, NonImmediateOops: No
[2024-10-26T03:26:26.296+0530][1.687s][debug][gc,nmethod     ] Register NMethod: org.springframework.boot.context.properties.source.SystemEnvironmentPropertyMapper.convertName (0x0000029cc2027c88) [0x0000029cc2027ea0, 0x0000029cc20288e8] Compiler: c1, Barriers: 2, Oops: 2, ImmediateOops: 4, NonImmediateOops: No
[2024-10-26T03:26:26.296+0530][1.687s][debug][gc,nmethod     ] Register NMethod: org.springframework.boot.context.properties.source.SystemEnvironmentPropertyMapper.convertLegacyName (0x0000029cc2295908) [0x0000029cc2295b60, 0x0000029cc22968f8] Compiler: c1, Barriers: 3, Oops: 2, ImmediateOops: 5, NonImmediateOops: No
[2024-10-26T03:26:26.297+0530][1.688s][debug][gc,nmethod     ] Register NMethod: org.springframework.beans.factory.support.AbstractBeanFactory.getMergedLocalBeanDefinition (0x0000029cc2295188) [0x0000029cc2295300, 0x0000029cc2295888] Compiler: c1, Barriers: 1, Oops: 1, ImmediateOops: 0, NonImmediateOops: No
[2024-10-26T03:26:26.298+0530][1.688s][debug][gc,director    ] Rule Major: Warmup 10%, Used: 122MB, UsedThreshold: 204MB
[2024-10-26T03:26:26.298+0530][1.688s][debug][gc,director    ] Rule Minor: High Usage, Free: 1886MB(92.1%)
[2024-10-26T03:26:26.298+0530][1.689s][debug][gc,nmethod     ] Register NMethod: java.util.concurrent.CopyOnWriteArrayList.add (0x0000029cc2027488) [0x0000029cc20275e0, 0x0000029cc2027c50] Compiler: c1, Barriers: 9, Oops: 0, ImmediateOops: 0, NonImmediateOops: No
[2024-10-26T03:26:26.298+0530][1.689s][debug][gc,nmethod     ] Register NMethod: java.lang.reflect.ReflectAccess.getRoot (0x0000029cc1ff9a88) [0x0000029cc1ff9ba0, 0x0000029cc1ff9d78] Compiler: c1, Barriers: 0, Oops: 0, ImmediateOops: 0, NonImmediateOops: No
[2024-10-26T03:26:26.299+0530][1.689s][debug][gc,nmethod     ] Register NMethod: jdk.internal.reflect.MagicAccessorImpl.<init> (0x0000029cc2294e88) [0x0000029cc2294fa0, 0x0000029cc2295108] Compiler: c1, Barriers: 0, Oops: 0, ImmediateOops: 0, NonImmediateOops: No
[2024-10-26T03:26:26.299+0530][1.690s][debug][gc,nmethod     ] Register NMethod: org.springframework.beans.factory.support.AbstractBeanDefinition.isSingleton (0x0000029cc2027088) [0x0000029cc20271c0, 0x0000029cc2027430] Compiler: c1, Barriers: 2, Oops: 1, ImmediateOops: 2, NonImmediateOops: No
[2024-10-26T03:26:26.299+0530][1.690s][debug][gc,nmethod     ] Register NMethod: jdk.internal.reflect.MethodHandleAccessorFactory.ensureClassInitialized (0x0000029cc224df88) [0x0000029cc224e100, 0x0000029cc224e558] Compiler: c1, Barriers: 0, Oops: 1, ImmediateOops: 4, NonImmediateOops: No
[2024-10-26T03:26:26.300+0530][1.691s][debug][gc,nmethod     ] Register NMethod: org.springframework.beans.factory.support.AbstractBeanFactory.getMergedBeanDefinition (0x0000029cc2023108) [0x0000029cc2023540, 0x0000029cc20262b8] Compiler: c1, Barriers: 20, Oops: 1, ImmediateOops: 5, NonImmediateOops: No
[2024-10-26T03:26:26.300+0530][1.691s][debug][gc,nmethod     ] Register NMethod: org.springframework.beans.factory.support.AbstractBeanFactory.isSingleton (0x0000029cc2249a88) [0x0000029cc2249e60, 0x0000029cc224c088] Compiler: c1, Barriers: 5, Oops: 3, ImmediateOops: 8, NonImmediateOops: No
[2024-10-26T03:26:26.301+0530][1.692s][debug][gc,nmethod     ] Register NMethod: org.springframework.beans.factory.support.AbstractBeanFactory.isBeanEligibleForMetadataCaching (0x0000029cc2026c08) [0x0000029cc2026d40, 0x0000029cc2026f58] Compiler: c1, Barriers: 1, Oops: 1, ImmediateOops: 0, NonImmediateOops: No
[2024-10-26T03:26:26.301+0530][1.692s][debug][gc,nmethod     ] Register NMethod: org.springframework.beans.factory.support.DefaultListableBeanFactory.isBeanEligibleForMetadataCaching (0x0000029cc2249608) [0x0000029cc2249740, 0x0000029cc2249a30] Compiler: c1, Barriers: 1, Oops: 1, ImmediateOops: 0, NonImmediateOops: No
[2024-10-26T03:26:26.302+0530][1.692s][debug][gc,nmethod     ] Register NMethod: org.springframework.beans.factory.support.AbstractBeanFactory.lambda$clearMetadataCache$3 (0x0000029cc2022b88) [0x0000029cc2022cc0, 0x0000029cc2023068] Compiler: c1, Barriers: 1, Oops: 1, ImmediateOops: 0, NonImmediateOops: No
[2024-10-26T03:26:26.302+0530][1.692s][debug][gc,nmethod     ] Register NMethod: org.springframework.beans.factory.support.AbstractBeanFactory$$Lambda/0x000002a0d431dfa0.accept (0x0000029cc224d788) [0x0000029cc224d8e0, 0x0000029cc224ded8] Compiler: c1, Barriers: 2, Oops: 1, ImmediateOops: 0, NonImmediateOops: No
[2024-10-26T03:26:26.302+0530][1.693s][debug][gc,nmethod     ] Register NMethod: org.springframework.beans.factory.support.RootBeanDefinition.<init> (0x0000029cc224ce88) [0x0000029cc224d000, 0x0000029cc224d710] Compiler: c1, Barriers: 22, Oops: 1, ImmediateOops: 0, NonImmediateOops: No
[2024-10-26T03:26:26.302+0530][1.693s][debug][gc,nmethod     ] Register NMethod: org.springframework.context.annotation.ConfigurationClassBeanDefinitionReader$ConfigurationClassBeanDefinition.cloneBeanDefinition (0x0000029cc224c608) [0x0000029cc224c760, 0x0000029cc224cbb8] Compiler: c1, Barriers: 12, Oops: 1, ImmediateOops: 0, NonImmediateOops: No
[2024-10-26T03:26:26.302+0530][1.693s][debug][gc,nmethod     ] Register NMethod: org.springframework.context.annotation.ConfigurationClassBeanDefinitionReader$ConfigurationClassBeanDefinition.cloneBeanDefinition (0x0000029cc203d188) [0x0000029cc203d2e0, 0x0000029cc203d7a8] Compiler: c1, Barriers: 12, Oops: 1, ImmediateOops: 0, NonImmediateOops: No
[2024-10-26T03:26:26.302+0530][1.693s][debug][gc,nmethod     ] Register NMethod: org.springframework.context.annotation.ConfigurationClassBeanDefinitionReader$ConfigurationClassBeanDefinition.<init> (0x0000029cc203cc08) [0x0000029cc203cd60, 0x0000029cc203d100] Compiler: c1, Barriers: 12, Oops: 1, ImmediateOops: 0, NonImmediateOops: No
[2024-10-26T03:26:26.302+0530][1.693s][debug][gc,nmethod     ] Register NMethod: java.util.concurrent.ConcurrentHashMap.put (0x0000029cc9cc3a08) [0x0000029cc9cc3b20, 0x0000029cc9cc3bc8] Compiler: c2, Barriers: 0, Oops: 0, ImmediateOops: 0, NonImmediateOops: No
[2024-10-26T03:26:26.302+0530][1.693s][debug][gc,nmethod     ] Register NMethod: org.springframework.beans.BeanMetadataAttribute.<init> (0x0000029cc203c688) [0x0000029cc203c7e0, 0x0000029cc203cb98] Compiler: c1, Barriers: 6, Oops: 2, ImmediateOops: 1, NonImmediateOops: No
[2024-10-26T03:26:26.303+0530][1.693s][debug][gc,nmethod     ] Register NMethod: org.springframework.core.AttributeAccessorSupport.setAttribute (0x0000029cc203bb08) [0x0000029cc203bcc0, 0x0000029cc203c5e8] Compiler: c1, Barriers: 3, Oops: 2, ImmediateOops: 2, NonImmediateOops: No
[2024-10-26T03:26:26.303+0530][1.694s][debug][gc,nmethod     ] Register NMethod: java.lang.invoke.MemberName.getMethodType (0x0000029cc9cc3308) [0x0000029cc9cc3460, 0x0000029cc9cc3988] Compiler: c2, Barriers: 7, Oops: 0, ImmediateOops: 0, NonImmediateOops: No
[2024-10-26T03:26:26.303+0530][1.694s][debug][gc,nmethod     ] Register NMethod: org.springframework.beans.factory.support.AbstractBeanFactory.copyRelevantMergedBeanDefinitionCaches (0x0000029cc205e188) [0x0000029cc205e4a0, 0x0000029cc20607b8] Compiler: c1, Barriers: 49, Oops: 1, ImmediateOops: 0, NonImmediateOops: No
[2024-10-26T03:26:26.305+0530][1.696s][debug][gc,nmethod     ] Register NMethod: java.beans.PropertyEditorSupport.setSource (0x0000029cc9cc3008) [0x0000029cc9cc3120, 0x0000029cc9cc3258] Compiler: c1, Barriers: 3, Oops: 0, ImmediateOops: 0, NonImmediateOops: No
[2024-10-26T03:26:26.306+0530][1.697s][debug][gc,nmethod     ] Register NMethod: org.springframework.beans.factory.support.DefaultSingletonBeanRegistry.isSingletonCurrentlyInCreation (0x0000029cc203b788) [0x0000029cc203b8c0, 0x0000029cc203bad0] Compiler: c1, Barriers: 1, Oops: 1, ImmediateOops: 0, NonImmediateOops: No
[2024-10-26T03:26:26.306+0530][1.697s][debug][gc,nmethod     ] Register NMethod: org.springframework.beans.factory.support.DefaultSingletonBeanRegistry.getSingleton (0x0000029cc1fe3008) [0x0000029cc1fe3220, 0x0000029cc1fe4198] Compiler: c1, Barriers: 9, Oops: 1, ImmediateOops: 0, NonImmediateOops: No
[2024-10-26T03:26:26.306+0530][1.697s][debug][gc,nmethod     ] Register NMethod: org.springframework.beans.factory.support.AbstractBeanFactory.getBeanPostProcessorCache (0x0000029cc1fe1888) [0x0000029cc1fe1ac0, 0x0000029cc1fe2fa8] Compiler: c1, Barriers: 10, Oops: 1, ImmediateOops: 0, NonImmediateOops: No
[2024-10-26T03:26:26.307+0530][1.698s][debug][gc,nmethod     ] Register NMethod: jdk.internal.reflect.MethodHandleAccessorFactory.useNativeAccessor (0x0000029cc22dd608) [0x0000029cc22dd7e0, 0x0000029cc22de020] Compiler: c1, Barriers: 1, Oops: 0, ImmediateOops: 0, NonImmediateOops: No
[2024-10-26T03:26:26.308+0530][1.698s][debug][gc,director    ] Rule Major: Warmup 10%, Used: 124MB, UsedThreshold: 204MB
[2024-10-26T03:26:26.308+0530][1.698s][debug][gc,director    ] Rule Minor: High Usage, Free: 1884MB(92.0%)
[2024-10-26T03:26:26.311+0530][1.702s][debug][gc,nmethod     ] Register NMethod: java.lang.reflect.AnnotatedElement.isAnnotationPresent (0x0000029cc205dc88) [0x0000029cc205ddc0, 0x0000029cc205dfd8] Compiler: c1, Barriers: 0, Oops: 0, ImmediateOops: 0, NonImmediateOops: No
[2024-10-26T03:26:26.311+0530][1.702s][debug][gc,nmethod     ] Register NMethod: java.lang.reflect.AccessibleObject.isAnnotationPresent (0x0000029cc22dd208) [0x0000029cc22dd340, 0x0000029cc22dd5b8] Compiler: c1, Barriers: 0, Oops: 0, ImmediateOops: 0, NonImmediateOops: No
[2024-10-26T03:26:26.312+0530][1.702s][debug][gc,nmethod     ] Register NMethod: org.springframework.core.annotation.AnnotationFilter$1.matches (0x0000029cc9cc2d08) [0x0000029cc9cc2e20, 0x0000029cc9cc2ee8] Compiler: c1, Barriers: 0, Oops: 1, ImmediateOops: 0, NonImmediateOops: No
[2024-10-26T03:26:26.312+0530][1.702s][debug][gc,nmethod     ] Register NMethod: org.springframework.core.annotation.TypeMappedAnnotations.get (0x0000029cc22dc988) [0x0000029cc22dcb20, 0x0000029cc22dd198] Compiler: c1, Barriers: 1, Oops: 1, ImmediateOops: 2, NonImmediateOops: No
[2024-10-26T03:26:26.314+0530][1.704s][debug][gc,nmethod     ] Register NMethod: java.lang.invoke.MethodType.genericMethodType (0x0000029cc1fe1588) [0x0000029cc1fe16a0, 0x0000029cc1fe17c0] Compiler: c1, Barriers: 0, Oops: 0, ImmediateOops: 0, NonImmediateOops: No
[2024-10-26T03:26:26.315+0530][1.706s][debug][gc,nmethod     ] Register NMethod: org.springframework.util.ClassUtils.getUserClass (0x0000029cc22dc388) [0x0000029cc22dc500, 0x0000029cc22dc950] Compiler: c1, Barriers: 1, Oops: 2, ImmediateOops: 2, NonImmediateOops: No
[2024-10-26T03:26:26.315+0530][1.706s][debug][gc,nmethod     ] Register NMethod: org.springframework.core.annotation.TypeMappedAnnotations.get (0x0000029cc2294b88) [0x0000029cc2294ca0, 0x0000029cc2294df0] Compiler: c1, Barriers: 0, Oops: 1, ImmediateOops: 0, NonImmediateOops: No
[2024-10-26T03:26:26.316+0530][1.707s][debug][gc,nmethod     ] Register NMethod: java.lang.String.<init> (0x0000029cc9c32908) [0x0000029cc9c32a80, 0x0000029cc9c331a8] Compiler: c2, Barriers: 10, Oops: 0, ImmediateOops: 0, NonImmediateOops: No
[2024-10-26T03:26:26.317+0530][1.708s][debug][gc,nmethod     ] Register NMethod: java.lang.Class.getGenericSignature0 (0x0000029cc9cc2508) [0x0000029cc9cc2640, 0x0000029cc9cc2a58] Compiler: , Barriers: 0, Oops: 0, ImmediateOops: 0, NonImmediateOops: No
[2024-10-26T03:26:26.317+0530][1.708s][debug][gc,nmethod     ] Register NMethod: sun.reflect.generics.reflectiveObjects.ParameterizedTypeImpl.getRawType (0x0000029cc9c32608) [0x0000029cc9c32720, 0x0000029cc9c32818] Compiler: c1, Barriers: 1, Oops: 0, ImmediateOops: 0, NonImmediateOops: No
[2024-10-26T03:26:26.318+0530][1.708s][debug][gc,director    ] Rule Major: Warmup 10%, Used: 126MB, UsedThreshold: 204MB
[2024-10-26T03:26:26.318+0530][1.708s][debug][gc,director    ] Rule Minor: High Usage, Free: 1882MB(91.9%)
[2024-10-26T03:26:26.318+0530][1.709s][debug][gc,nmethod     ] Register NMethod: org.springframework.core.ResolvableType.forType (0x0000029cc22dbd08) [0x0000029cc22dbe60, 0x0000029cc22dc2e0] Compiler: c1, Barriers: 3, Oops: 1, ImmediateOops: 1, NonImmediateOops: No
[2024-10-26T03:26:26.318+0530][1.709s][debug][gc,nmethod     ] Register NMethod: java.lang.invoke.MethodHandle.linkToVirtual (0x0000029cc9c32308) [0x0000029cc9c32400, 0x0000029cc9c32430] Compiler: , Barriers: 0, Oops: 0, ImmediateOops: 0, NonImmediateOops: No
[2024-10-26T03:26:26.319+0530][1.710s][debug][gc,nmethod     ] Register NMethod: java.lang.invoke.MethodHandle.linkToStatic (0x0000029cc9c32008) [0x0000029cc9c32100, 0x0000029cc9c32210] Compiler: , Barriers: 0, Oops: 0, ImmediateOops: 0, NonImmediateOops: No
[2024-10-26T03:26:26.319+0530][1.710s][debug][gc,nmethod     ] Register NMethod: java.lang.invoke.MethodHandle.invokeBasic (0x0000029cc9c31b88) [0x0000029cc9c31ca0, 0x0000029cc9c31f90] Compiler: , Barriers: 0, Oops: 0, ImmediateOops: 0, NonImmediateOops: No
[2024-10-26T03:26:26.319+0530][1.710s][debug][gc,nmethod     ] Register NMethod: java.lang.invoke.MethodHandle.invokeBasic (0x0000029cc9c31708) [0x0000029cc9c31820, 0x0000029cc9c31b10] Compiler: , Barriers: 0, Oops: 0, ImmediateOops: 0, NonImmediateOops: No
[2024-10-26T03:26:26.320+0530][1.711s][debug][gc,nmethod     ] Register NMethod: java.lang.invoke.InvokerBytecodeGenerator.assertStaticType (0x0000029cc22db608) [0x0000029cc22db780, 0x0000029cc22dbcc8] Compiler: c1, Barriers: 6, Oops: 0, ImmediateOops: 0, NonImmediateOops: No
[2024-10-26T03:26:26.320+0530][1.711s][debug][gc,nmethod     ] Register NMethod: org.springframework.core.BridgeMethodResolver.findBridgedMethod (0x0000029cc22db288) [0x0000029cc22db3c0, 0x0000029cc22db528] Compiler: c1, Barriers: 1, Oops: 1, ImmediateOops: 0, NonImmediateOops: No
[2024-10-26T03:26:26.321+0530][1.712s][debug][gc,nmethod     ] Register NMethod: org.springframework.core.BridgeMethodResolver.resolveBridgeMethod (0x0000029cc2121488) [0x0000029cc21217c0, 0x0000029cc2123278] Compiler: c1, Barriers: 13, Oops: 5, ImmediateOops: 9, NonImmediateOops: No
[2024-10-26T03:26:26.323+0530][1.713s][debug][gc,nmethod     ] Register NMethod: org.springframework.core.BridgeMethodResolver.isVisibilityBridgeMethodPair (0x0000029cc237cb88) [0x0000029cc237cdc0, 0x0000029cc237dc48] Compiler: c1, Barriers: 8, Oops: 2, ImmediateOops: 2, NonImmediateOops: No
[2024-10-26T03:26:26.323+0530][1.714s][debug][gc,nmethod     ] Register NMethod: org.springframework.beans.factory.config.SmartInstantiationAwareBeanPostProcessor.predictBeanType (0x0000029cc9c31408) [0x0000029cc9c31520, 0x0000029cc9c315f0] Compiler: c1, Barriers: 0, Oops: 1, ImmediateOops: 0, NonImmediateOops: No
[2024-10-26T03:26:26.324+0530][1.715s][debug][gc,nmethod     ] Register NMethod: org.springframework.core.annotation.TypeMappedAnnotations$Aggregate.size (0x0000029cc2121108) [0x0000029cc2121240, 0x0000029cc2121450] Compiler: c1, Barriers: 1, Oops: 1, ImmediateOops: 0, NonImmediateOops: No
[2024-10-26T03:26:26.324+0530][1.715s][debug][gc,nmethod     ] Register NMethod: java.lang.invoke.MethodHandleImpl$IntrinsicMethodHandle.<init> (0x0000029cc2120888) [0x0000029cc2120a00, 0x0000029cc21210c0] Compiler: c1, Barriers: 11, Oops: 0, ImmediateOops: 2, NonImmediateOops: No
[2024-10-26T03:26:26.325+0530][1.716s][debug][gc,nmethod     ] Register NMethod: org.springframework.aop.framework.autoproxy.AbstractAutoProxyCreator.predictBeanType (0x0000029cc237c108) [0x0000029cc237c2c0, 0x0000029cc237cb00] Compiler: c1, Barriers: 3, Oops: 1, ImmediateOops: 1, NonImmediateOops: No
[2024-10-26T03:26:26.326+0530][1.717s][debug][gc,nmethod     ] Register NMethod: sun.reflect.generics.parser.SignatureParser.init (0x0000029cc9c31108) [0x0000029cc9c31200, 0x0000029cc9c31320] Compiler: c2, Barriers: 3, Oops: 0, ImmediateOops: 0, NonImmediateOops: No
[2024-10-26T03:26:26.326+0530][1.717s][debug][gc,nmethod     ] Register NMethod: java.lang.invoke.LambdaFormBuffer.growNames (0x0000029cc206b508) [0x0000029cc206b760, 0x0000029cc206c978] Compiler: c1, Barriers: 22, Oops: 0, ImmediateOops: 0, NonImmediateOops: No
[2024-10-26T03:26:26.327+0530][1.718s][debug][gc,nmethod     ] Register NMethod: java.lang.invoke.MethodHandle.linkToStatic (0x0000029cc9c30e08) [0x0000029cc9c30f00, 0x0000029cc9c31010] Compiler: , Barriers: 0, Oops: 0, ImmediateOops: 0, NonImmediateOops: No
[2024-10-26T03:26:26.327+0530][1.718s][debug][gc,nmethod     ] Register NMethod: java.lang.invoke.MethodHandle.linkToStatic (0x0000029cc9c30b08) [0x0000029cc9c30c00, 0x0000029cc9c30d10] Compiler: , Barriers: 0, Oops: 0, ImmediateOops: 0, NonImmediateOops: No
[2024-10-26T03:26:26.327+0530][1.718s][debug][gc,nmethod     ] Register NMethod: java.lang.invoke.MethodHandle.invokeBasic (0x0000029cc9c30688) [0x0000029cc9c307a0, 0x0000029cc9c30a90] Compiler: , Barriers: 0, Oops: 0, ImmediateOops: 0, NonImmediateOops: No
[2024-10-26T03:26:26.327+0530][1.718s][debug][gc,nmethod     ] Register NMethod: java.lang.invoke.MethodHandle.linkToSpecial (0x0000029cc9c30388) [0x0000029cc9c30480, 0x0000029cc9c30590] Compiler: , Barriers: 0, Oops: 0, ImmediateOops: 0, NonImmediateOops: No
[2024-10-26T03:26:26.327+0530][1.718s][debug][gc,nmethod     ] Register NMethod: java.util.Collections$SetFromMap.contains (0x0000029cc9c2fc88) [0x0000029cc9c2fde0, 0x0000029cc9c30308] Compiler: c2, Barriers: 9, Oops: 0, ImmediateOops: 0, NonImmediateOops: No
[2024-10-26T03:26:26.328+0530][1.718s][debug][gc,director    ] Rule Major: Warmup 10%, Used: 128MB, UsedThreshold: 204MB
[2024-10-26T03:26:26.328+0530][1.718s][debug][gc,director    ] Rule Minor: High Usage, Free: 1880MB(91.8%)
[2024-10-26T03:26:26.328+0530][1.719s][debug][gc,nmethod     ] Register NMethod: jdk.internal.reflect.DirectMethodHandleAccessor.invoke (0x0000029cc2214d88) [0x0000029cc22150e0, 0x0000029cc2216c08] Compiler: c1, Barriers: 14, Oops: 1, ImmediateOops: 7, NonImmediateOops: No
[2024-10-26T03:26:26.328+0530][1.719s][debug][gc,nmethod     ] Register NMethod: org.springframework.beans.factory.support.AbstractBeanFactory.getMergedLocalBeanDefinition (0x0000029cc9c2ef08) [0x0000029cc9c2f0e0, 0x0000029cc9c2fb78] Compiler: c2, Barriers: 12, Oops: 1, ImmediateOops: 0, NonImmediateOops: No
[2024-10-26T03:26:26.329+0530][1.719s][debug][gc,nmethod     ] Register NMethod: org.springframework.beans.factory.support.DefaultListableBeanFactory.isSingleton (0x0000029cc237bb08) [0x0000029cc237bc60, 0x0000029cc237c0b0] Compiler: c1, Barriers: 2, Oops: 1, ImmediateOops: 2, NonImmediateOops: No
[2024-10-26T03:26:26.329+0530][1.720s][debug][gc,nmethod     ] Register NMethod: org.springframework.beans.PropertyEditorRegistrySupport.overrideDefaultEditor (0x0000029cc237b508) [0x0000029cc237b660, 0x0000029cc237bac8] Compiler: c1, Barriers: 5, Oops: 1, ImmediateOops: 0, NonImmediateOops: No
[2024-10-26T03:26:26.329+0530][1.720s][debug][gc,nmethod     ] Register NMethod: org.springframework.beans.support.ResourceEditorRegistrar.doRegisterEditor (0x0000029cc206a988) [0x0000029cc206ab20, 0x0000029cc206b478] Compiler: c1, Barriers: 5, Oops: 1, ImmediateOops: 0, NonImmediateOops: No
[2024-10-26T03:26:26.329+0530][1.720s][debug][gc,nmethod     ] Register NMethod: java.lang.Class.getDeclaringClass0 (0x0000029cc9c2e988) [0x0000029cc9c2eac0, 0x0000029cc9c2eed8] Compiler: , Barriers: 0, Oops: 0, ImmediateOops: 0, NonImmediateOops: No
[2024-10-26T03:26:26.330+0530][1.721s][debug][gc,nmethod     ] Register NMethod: java.lang.invoke.MethodType.isAllObject (0x0000029cc237b108) [0x0000029cc237b240, 0x0000029cc237b498] Compiler: c1, Barriers: 1, Oops: 0, ImmediateOops: 1, NonImmediateOops: No
[2024-10-26T03:26:26.331+0530][1.722s][debug][gc,nmethod     ] Register NMethod: org.springframework.beans.factory.support.DefaultListableBeanFactory.doGetBeanNamesForType (0x0000029cc26e9a08) [0x0000029cc26ea220, 0x0000029cc26f0970] Compiler: c1, Barriers: 52, Oops: 9, ImmediateOops: 24, NonImmediateOops: No
[2024-10-26T03:26:26.331+0530][1.722s][debug][gc,nmethod     ] Register NMethod: org.springframework.core.annotation.MergedAnnotations.from (0x0000029cc206a588) [0x0000029cc206a6c0, 0x0000029cc206a918] Compiler: c1, Barriers: 0, Oops: 3, ImmediateOops: 3, NonImmediateOops: No
[2024-10-26T03:26:26.331+0530][1.722s][debug][gc,nmethod     ] Register NMethod: java.util.ArrayList.contains (0x0000029cc206a108) [0x0000029cc206a240, 0x0000029cc206a538] Compiler: c1, Barriers: 0, Oops: 0, ImmediateOops: 0, NonImmediateOops: No
[2024-10-26T03:26:26.333+0530][1.724s][debug][gc,nmethod     ] Register NMethod: java.lang.invoke.MethodHandle.linkToVirtual (0x0000029cc9c2e688) [0x0000029cc9c2e780, 0x0000029cc9c2e7b0] Compiler: , Barriers: 0, Oops: 0, ImmediateOops: 0, NonImmediateOops: No
[2024-10-26T03:26:26.334+0530][1.724s][debug][gc,nmethod     ] Register NMethod: jdk.internal.misc.CDS.isLoggingLambdaFormInvokers (0x0000029cc237ae08) [0x0000029cc237af20, 0x0000029cc237b020] Compiler: c1, Barriers: 0, Oops: 0, ImmediateOops: 0, NonImmediateOops: No
[2024-10-26T03:26:26.334+0530][1.725s][debug][gc,nmethod     ] Register NMethod: jdk.internal.reflect.DirectMethodHandleAccessor.invoke (0x0000029cc2214d88) [0x0000029cc22150e0, 0x0000029cc2216c08] Compiler: c1, Barriers: 14, Oops: 1, ImmediateOops: 8, NonImmediateOops: No
[2024-10-26T03:26:26.334+0530][1.725s][debug][gc,nmethod     ] Register NMethod: jdk.internal.org.objectweb.asm.MethodWriter.visitLdcInsn (0x0000029cc22f6488) [0x0000029cc22f66a0, 0x0000029cc22f7350] Compiler: c1, Barriers: 11, Oops: 1, ImmediateOops: 2, NonImmediateOops: No
[2024-10-26T03:26:26.337+0530][1.728s][debug][gc,nmethod     ] Register NMethod: java.lang.ClassLoader.addClass (0x0000029cc22f5b08) [0x0000029cc22f5c80, 0x0000029cc22f63e0] Compiler: c1, Barriers: 6, Oops: 0, ImmediateOops: 0, NonImmediateOops: No
[2024-10-26T03:26:26.339+0530][1.729s][debug][gc,director    ] Rule Major: Warmup 10%, Used: 128MB, UsedThreshold: 204MB
[2024-10-26T03:26:26.339+0530][1.729s][debug][gc,director    ] Rule Minor: High Usage, Free: 1880MB(91.8%)
[2024-10-26T03:26:26.339+0530][1.730s][debug][gc,alloc       ] Mutator Allocation Rate: 156.8MB/s Predicted: 163.4MB/s, Avg: 142.3(+/-23.3)MB/s
[2024-10-26T03:26:26.339+0530][1.730s][debug][gc,director    ] Rule Major: Warmup 10%, Used: 130MB, UsedThreshold: 204MB
[2024-10-26T03:26:26.339+0530][1.730s][debug][gc,director    ] Rule Minor: High Usage, Free: 1878MB(91.7%)
[2024-10-26T03:26:26.339+0530][1.730s][debug][gc,nmethod     ] Register NMethod: java.util.WeakHashMap.put (0x0000029cc22f4688) [0x0000029cc22f48e0, 0x0000029cc22f5a58] Compiler: c1, Barriers: 26, Oops: 0, ImmediateOops: 2, NonImmediateOops: No
[2024-10-26T03:26:26.341+0530][1.732s][debug][gc,nmethod     ] Register NMethod: java.io.WinNTFileSystem.stripLongOrUNCPrefix (0x0000029cc2030908) [0x0000029cc2030b40, 0x0000029cc20315e8] Compiler: c1, Barriers: 2, Oops: 2, ImmediateOops: 6, NonImmediateOops: No
[2024-10-26T03:26:26.341+0530][1.732s][debug][gc,nmethod     ] Register NMethod: java.lang.String.isLatin1 (0x0000029cc9c2e388) [0x0000029cc9c2e480, 0x0000029cc9c2e500] Compiler: c2, Barriers: 0, Oops: 0, ImmediateOops: 0, NonImmediateOops: No
[2024-10-26T03:26:26.342+0530][1.733s][debug][gc,nmethod     ] Register NMethod: jdk.internal.org.objectweb.asm.Frame.execute (0x0000029cc9d60708) [0x0000029cc9d614c0, 0x0000029cc9d64990] Compiler: c2, Barriers: 16, Oops: 2, ImmediateOops: 1, NonImmediateOops: No
[2024-10-26T03:26:26.342+0530][1.733s][debug][gc,nmethod     ] Register NMethod: java.io.File.isInvalid (0x0000029cc2069a88) [0x0000029cc2069bc0, 0x0000029cc2069e98] Compiler: c1, Barriers: 4, Oops: 0, ImmediateOops: 4, NonImmediateOops: No
[2024-10-26T03:26:26.342+0530][1.733s][debug][gc,nmethod     ] Register NMethod: java.lang.StringLatin1.getChars (0x0000029cc2120508) [0x0000029cc2120620, 0x0000029cc2120748] Compiler: c1, Barriers: 0, Oops: 0, ImmediateOops: 0, NonImmediateOops: No
[2024-10-26T03:26:26.342+0530][1.733s][debug][gc,nmethod     ] Register NMethod: java.lang.String.getChars (0x0000029cc202ff88) [0x0000029cc2030140, 0x0000029cc2030860] Compiler: c1, Barriers: 1, Oops: 1, ImmediateOops: 2, NonImmediateOops: No
[2024-10-26T03:26:26.343+0530][1.733s][debug][gc,nmethod     ] Register NMethod: java.io.WinNTFileSystem.getBooleanAttributes (0x0000029cc22f4288) [0x0000029cc22f43a0, 0x0000029cc22f44d8] Compiler: c1, Barriers: 0, Oops: 0, ImmediateOops: 0, NonImmediateOops: No
[2024-10-26T03:26:26.343+0530][1.733s][debug][gc,nmethod     ] Register NMethod: java.io.FileSystem.hasBooleanAttributes (0x0000029cc202fc08) [0x0000029cc202fd40, 0x0000029cc202ff30] Compiler: c1, Barriers: 0, Oops: 0, ImmediateOops: 0, NonImmediateOops: No
[2024-10-26T03:26:26.343+0530][1.734s][debug][gc,nmethod     ] Register NMethod: java.io.File.exists (0x0000029cc202f588) [0x0000029cc202f700, 0x0000029cc202fb60] Compiler: c1, Barriers: 0, Oops: 1, ImmediateOops: 1, NonImmediateOops: No
[2024-10-26T03:26:26.349+0530][1.739s][debug][gc,director    ] Rule Major: Warmup 10%, Used: 130MB, UsedThreshold: 204MB
[2024-10-26T03:26:26.349+0530][1.739s][debug][gc,director    ] Rule Minor: High Usage, Free: 1878MB(91.7%)
[2024-10-26T03:26:26.352+0530][1.743s][debug][gc,nmethod     ] Register NMethod: org.springframework.beans.factory.annotation.InitDestroyAnnotationBeanPostProcessor$$Lambda/0x000002a0d4320628.doWith (0x0000029cc202f208) [0x0000029cc202f340, 0x0000029cc202f568] Compiler: c1, Barriers: 4, Oops: 1, ImmediateOops: 0, NonImmediateOops: No
[2024-10-26T03:26:26.352+0530][1.743s][debug][gc,nmethod     ] Register NMethod: org.springframework.context.annotation.CommonAnnotationBeanPostProcessor$$Lambda/0x000002a0d43210f8.doWith (0x0000029cc202ee88) [0x0000029cc202efc0, 0x0000029cc202f1b0] Compiler: c1, Barriers: 3, Oops: 1, ImmediateOops: 0, NonImmediateOops: No
[2024-10-26T03:26:26.352+0530][1.743s][debug][gc,nmethod     ] Register NMethod: java.lang.Class.privateGetDeclaredFields (0x0000029cc202e408) [0x0000029cc202e5c0, 0x0000029cc202ee30] Compiler: c1, Barriers: 10, Oops: 0, ImmediateOops: 2, NonImmediateOops: No
[2024-10-26T03:26:26.352+0530][1.743s][debug][gc,nmethod     ] Register NMethod: org.springframework.beans.factory.annotation.AutowiredAnnotationBeanPostProcessor$$Lambda/0x000002a0d4321548.doWith (0x0000029cc202e088) [0x0000029cc202e1c0, 0x0000029cc202e3b0] Compiler: c1, Barriers: 3, Oops: 1, ImmediateOops: 0, NonImmediateOops: No
[2024-10-26T03:26:26.352+0530][1.743s][debug][gc,nmethod     ] Register NMethod: org.springframework.beans.factory.annotation.AutowiredAnnotationBeanPostProcessor.findAutowiredAnnotation (0x0000029cc23e5088) [0x0000029cc23e5260, 0x0000029cc23e5b70] Compiler: c1, Barriers: 1, Oops: 3, ImmediateOops: 3, NonImmediateOops: No
[2024-10-26T03:26:26.353+0530][1.743s][debug][gc,nmethod     ] Register NMethod: org.springframework.beans.factory.annotation.InitDestroyAnnotationBeanPostProcessor.lambda$buildLifecycleMetadata$1 (0x0000029cc23e2808) [0x0000029cc23e2c40, 0x0000029cc23e5030] Compiler: c1, Barriers: 8, Oops: 1, ImmediateOops: 0, NonImmediateOops: No
[2024-10-26T03:26:26.353+0530][1.744s][debug][gc,nmethod     ] Register NMethod: org.springframework.beans.factory.annotation.AutowiredAnnotationBeanPostProcessor.lambda$buildAutowiringMetadata$2 (0x0000029cc2453e08) [0x0000029cc24540e0, 0x0000029cc2455058] Compiler: c1, Barriers: 7, Oops: 1, ImmediateOops: 1, NonImmediateOops: No
[2024-10-26T03:26:26.353+0530][1.744s][debug][gc,nmethod     ] Register NMethod: org.springframework.context.annotation.CommonAnnotationBeanPostProcessor.lambda$buildResourceMetadata$1 (0x0000029cc2452508) [0x0000029cc2452820, 0x0000029cc2453d28] Compiler: c1, Barriers: 5, Oops: 2, ImmediateOops: 4, NonImmediateOops: No
[2024-10-26T03:26:26.353+0530][1.744s][debug][gc,nmethod     ] Register NMethod: java.beans.PropertyEditorSupport.<init> (0x0000029cc202dc88) [0x0000029cc202dda0, 0x0000029cc202e010] Compiler: c1, Barriers: 3, Oops: 0, ImmediateOops: 0, NonImmediateOops: No
[2024-10-26T03:26:26.354+0530][1.744s][debug][gc,nmethod     ] Register NMethod: java.lang.invoke.MethodType.methodType (0x0000029cc23e2108) [0x0000029cc23e22a0, 0x0000029cc23e2798] Compiler: c1, Barriers: 2, Oops: 0, ImmediateOops: 4, NonImmediateOops: No
[2024-10-26T03:26:26.354+0530][1.745s][debug][gc,nmethod     ] Register NMethod: java.lang.classfile.ClassFile.latestMajorVersion (0x0000029cc9c2e088) [0x0000029cc9c2e1a0, 0x0000029cc9c2e248] Compiler: c1, Barriers: 0, Oops: 0, ImmediateOops: 0, NonImmediateOops: No
[2024-10-26T03:26:26.354+0530][1.745s][debug][gc,nmethod     ] Register NMethod: java.util.ArrayList.set (0x0000029cc2451e88) [0x0000029cc2451fe0, 0x0000029cc2452490] Compiler: c1, Barriers: 5, Oops: 0, ImmediateOops: 0, NonImmediateOops: No
[2024-10-26T03:26:26.357+0530][1.747s][debug][gc,nmethod     ] Register NMethod: jdk.internal.classfile.impl.AbstractInstruction$UnboundInstruction.writeTo (0x0000029cc9c2db08) [0x0000029cc9c2dc40, 0x0000029cc9c2e000] Compiler: c2, Barriers: 6, Oops: 0, ImmediateOops: 0, NonImmediateOops: No
[2024-10-26T03:26:26.358+0530][1.749s][debug][gc,nmethod     ] Register NMethod: org.springframework.beans.factory.support.AbstractBeanFactory.getBeanPostProcessorCache (0x0000029cc9c2c508) [0x0000029cc9c2c780, 0x0000029cc9c2da08] Compiler: c2, Barriers: 33, Oops: 1, ImmediateOops: 1, NonImmediateOops: No
[2024-10-26T03:26:26.359+0530][1.749s][debug][gc,director    ] Rule Major: Warmup 10%, Used: 132MB, UsedThreshold: 204MB
[2024-10-26T03:26:26.359+0530][1.749s][debug][gc,director    ] Rule Minor: High Usage, Free: 1876MB(91.6%)
[2024-10-26T03:26:26.361+0530][1.751s][debug][gc,nmethod     ] Register NMethod: jdk.internal.classfile.impl.SplitConstantPool.writeTo (0x0000029cc2498308) [0x0000029cc24985e0, 0x0000029cc2499af8] Compiler: c1, Barriers: 15, Oops: 1, ImmediateOops: 3, NonImmediateOops: No
[2024-10-26T03:26:26.361+0530][1.751s][debug][gc,nmethod     ] Register NMethod: java.util.concurrent.atomic.AtomicInteger.incrementAndGet (0x0000029cc9c2c208) [0x0000029cc9c2c300, 0x0000029cc9c2c388] Compiler: c2, Barriers: 0, Oops: 0, ImmediateOops: 0, NonImmediateOops: No
[2024-10-26T03:26:26.361+0530][1.752s][debug][gc,nmethod     ] Register NMethod: org.springframework.core.annotation.AnnotationTypeMappings.forAnnotationType (0x0000029cc2451788) [0x0000029cc2451900, 0x0000029cc2451e00] Compiler: c1, Barriers: 3, Oops: 1, ImmediateOops: 0, NonImmediateOops: No
[2024-10-26T03:26:26.361+0530][1.752s][debug][gc,nmethod     ] Register NMethod: java.lang.invoke.DelegatingMethodHandle.rebind (0x0000029cc23e1c08) [0x0000029cc23e1d40, 0x0000029cc23e1fd0] Compiler: c1, Barriers: 0, Oops: 0, ImmediateOops: 0, NonImmediateOops: No
[2024-10-26T03:26:26.365+0530][1.756s][debug][gc,nmethod     ] Register NMethod: org.springframework.boot.context.properties.source.ConfigurationPropertyName$Elements.newResolved (0x0000029cc202d708) [0x0000029cc202d840, 0x0000029cc202db98] Compiler: c1, Barriers: 1, Oops: 1, ImmediateOops: 0, NonImmediateOops: No
[2024-10-26T03:26:26.365+0530][1.756s][debug][gc,nmethod     ] Register NMethod: org.springframework.boot.context.properties.source.ConfigurationPropertyName.adapt (0x0000029cc2497888) [0x0000029cc2497a40, 0x0000029cc2498278] Compiler: c1, Barriers: 6, Oops: 2, ImmediateOops: 3, NonImmediateOops: No
[2024-10-26T03:26:26.365+0530][1.756s][debug][gc,nmethod     ] Register NMethod: java.util.stream.AbstractPipeline.copyIntoWithCancel (0x0000029cc2450e08) [0x0000029cc2450f80, 0x0000029cc24514b0] Compiler: c1, Barriers: 1, Oops: 0, ImmediateOops: 0, NonImmediateOops: No
[2024-10-26T03:26:26.366+0530][1.757s][debug][gc,nmethod     ] Register NMethod: org.springframework.boot.context.properties.source.DefaultPropertyMapper$LastMapping.<init> (0x0000029cc2497488) [0x0000029cc24975c0, 0x0000029cc2497818] Compiler: c1, Barriers: 6, Oops: 1, ImmediateOops: 0, NonImmediateOops: No
[2024-10-26T03:26:26.366+0530][1.757s][debug][gc,nmethod     ] Register NMethod: java.util.Comparator$$Lambda/0x000002a0d40eac20.compare (0x0000029cc2496e08) [0x0000029cc2496f60, 0x0000029cc2497468] Compiler: c1, Barriers: 1, Oops: 0, ImmediateOops: 0, NonImmediateOops: No
[2024-10-26T03:26:26.367+0530][1.758s][debug][gc,nmethod     ] Register NMethod: java.lang.invoke.LambdaFormBuffer.insertName (0x0000029cc2496a88) [0x0000029cc2496bc0, 0x0000029cc2496de0] Compiler: c1, Barriers: 0, Oops: 0, ImmediateOops: 0, NonImmediateOops: No
[2024-10-26T03:26:26.368+0530][1.759s][debug][gc,nmethod     ] Register NMethod: java.util.AbstractCollection.toArray (0x0000029cc9c2ba88) [0x0000029cc9c2bbe0, 0x0000029cc9c2c100] Compiler: c2, Barriers: 5, Oops: 0, ImmediateOops: 0, NonImmediateOops: No
[2024-10-26T03:26:26.369+0530][1.759s][debug][gc,director    ] Rule Major: Warmup 10%, Used: 132MB, UsedThreshold: 204MB
[2024-10-26T03:26:26.369+0530][1.759s][debug][gc,director    ] Rule Minor: High Usage, Free: 1876MB(91.6%)
[2024-10-26T03:26:26.369+0530][1.760s][debug][gc,nmethod     ] Register NMethod: jdk.internal.org.objectweb.asm.SymbolTable.addConstant (0x0000029cc22cb488) [0x0000029cc22cb920, 0x0000029cc22ce7f0] Compiler: c1, Barriers: 8, Oops: 1, ImmediateOops: 3, NonImmediateOops: No
[2024-10-26T03:26:26.369+0530][1.760s][debug][gc,nmethod     ] Register NMethod: java.lang.invoke.MethodHandleImpl$IntrinsicMethodHandle.<init> (0x0000029cc22cab88) [0x0000029cc22cad00, 0x0000029cc22cb418] Compiler: c1, Barriers: 11, Oops: 0, ImmediateOops: 2, NonImmediateOops: No
[2024-10-26T03:26:26.369+0530][1.760s][debug][gc,nmethod     ] Register NMethod: java.lang.invoke.MethodHandleImpl.makeIntrinsic (0x0000029cc2496088) [0x0000029cc2496220, 0x0000029cc2496a00] Compiler: c1, Barriers: 11, Oops: 0, ImmediateOops: 0, NonImmediateOops: No
[2024-10-26T03:26:26.370+0530][1.761s][debug][gc,nmethod     ] Register NMethod: java.lang.Character.isUpperCase (0x0000029cc2495d08) [0x0000029cc2495e40, 0x0000029cc2496038] Compiler: c1, Barriers: 0, Oops: 0, ImmediateOops: 0, NonImmediateOops: No
[2024-10-26T03:26:26.370+0530][1.761s][debug][gc,nmethod     ] Register NMethod: java.lang.Character.isUpperCase (0x0000029cc2495908) [0x0000029cc2495a40, 0x0000029cc2495c98] Compiler: c1, Barriers: 0, Oops: 0, ImmediateOops: 0, NonImmediateOops: No
[2024-10-26T03:26:26.370+0530][1.761s][debug][gc,nmethod     ] Register NMethod: java.lang.String.toCharArray (0x0000029cc22ca708) [0x0000029cc22ca860, 0x0000029cc22cab60] Compiler: c1, Barriers: 2, Oops: 0, ImmediateOops: 0, NonImmediateOops: No
[2024-10-26T03:26:26.370+0530][1.761s][debug][gc,nmethod     ] Register NMethod: java.lang.StringLatin1.toChars (0x0000029cc22ca388) [0x0000029cc22ca4a0, 0x0000029cc22ca670] Compiler: c1, Barriers: 0, Oops: 0, ImmediateOops: 0, NonImmediateOops: No
[2024-10-26T03:26:26.371+0530][1.762s][debug][gc,nmethod     ] Register NMethod: java.lang.invoke.LambdaForm.identityForm (0x0000029cc2071308) [0x0000029cc2071440, 0x0000029cc2071680] Compiler: c1, Barriers: 2, Oops: 0, ImmediateOops: 2, NonImmediateOops: No
[2024-10-26T03:26:26.371+0530][1.762s][debug][gc,nmethod     ] Register NMethod: java.lang.CharacterDataLatin1.isUpperCase (0x0000029cc9d64a08) [0x0000029cc9d64b00, 0x0000029cc9d64bb0] Compiler: c2, Barriers: 0, Oops: 1, ImmediateOops: 1, NonImmediateOops: No
[2024-10-26T03:26:26.372+0530][1.762s][debug][gc,nmethod     ] Register NMethod: java.util.concurrent.CopyOnWriteArrayList$COWIterator.hasNext (0x0000029cc9d64d08) [0x0000029cc9d64e00, 0x0000029cc9d64ee0] Compiler: c2, Barriers: 1, Oops: 0, ImmediateOops: 0, NonImmediateOops: No
[2024-10-26T03:26:26.372+0530][1.763s][debug][gc,nmethod     ] Register NMethod: org.springframework.beans.factory.support.DefaultSingletonBeanRegistry.getSingleton (0x0000029cc9d65008) [0x0000029cc9d652e0, 0x0000029cc9d66d90] Compiler: c2, Barriers: 32, Oops: 1, ImmediateOops: 0, NonImmediateOops: No
[2024-10-26T03:26:26.372+0530][1.763s][debug][gc,nmethod     ] Register NMethod: org.springframework.boot.context.properties.source.SpringConfigurationPropertySources$$Lambda/0x000002a0d41429d8.<init> (0x0000029cc2070f88) [0x0000029cc20710a0, 0x0000029cc2071280] Compiler: c1, Barriers: 3, Oops: 1, ImmediateOops: 0, NonImmediateOops: No
[2024-10-26T03:26:26.372+0530][1.763s][debug][gc,nmethod     ] Register NMethod: org.springframework.boot.context.properties.source.SpringConfigurationPropertySources$SourcesIterator.<init> (0x0000029cc2070708) [0x0000029cc2070880, 0x0000029cc2070f30] Compiler: c1, Barriers: 9, Oops: 1, ImmediateOops: 0, NonImmediateOops: No
[2024-10-26T03:26:26.372+0530][1.763s][debug][gc,nmethod     ] Register NMethod: org.springframework.boot.context.properties.source.SpringConfigurationPropertySources.iterator (0x0000029cc206fa08) [0x0000029cc206fbe0, 0x0000029cc2070660] Compiler: c1, Barriers: 10, Oops: 2, ImmediateOops: 2, NonImmediateOops: No
[2024-10-26T03:26:26.373+0530][1.764s][debug][gc,nmethod     ] Register NMethod: org.springframework.boot.context.properties.source.SpringIterableConfigurationPropertySource.containsDescendantOf (0x0000029cc206e808) [0x0000029cc206ea80, 0x0000029cc206f960] Compiler: c1, Barriers: 11, Oops: 3, ImmediateOops: 7, NonImmediateOops: No
[2024-10-26T03:26:26.374+0530][1.765s][debug][gc,nmethod     ] Register NMethod: java.util.Spliterators$EmptySpliterator.characteristics (0x0000029cc9d66e88) [0x0000029cc9d66fa0, 0x0000029cc9d67068] Compiler: c1, Barriers: 0, Oops: 0, ImmediateOops: 0, NonImmediateOops: No
[2024-10-26T03:26:26.374+0530][1.765s][debug][gc,nmethod     ] Register NMethod: java.lang.invoke.MethodHandle.linkToVirtual (0x0000029cc9d67188) [0x0000029cc9d67280, 0x0000029cc9d672b0] Compiler: , Barriers: 0, Oops: 0, ImmediateOops: 0, NonImmediateOops: No
[2024-10-26T03:26:26.374+0530][1.765s][debug][gc,nmethod     ] Register NMethod: java.lang.Class.componentType (0x0000029cc9d67488) [0x0000029cc9d67580, 0x0000029cc9d67658] Compiler: c2, Barriers: 1, Oops: 0, ImmediateOops: 0, NonImmediateOops: No
[2024-10-26T03:26:26.375+0530][1.766s][debug][gc,nmethod     ] Register NMethod: java.lang.invoke.LambdaForm$Name.withConstraint (0x0000029cc206e408) [0x0000029cc206e540, 0x0000029cc206e780] Compiler: c1, Barriers: 1, Oops: 0, ImmediateOops: 0, NonImmediateOops: No
[2024-10-26T03:26:26.375+0530][1.766s][debug][gc,nmethod     ] Register NMethod: jdk.internal.org.objectweb.asm.ByteVector.put122 (0x0000029cc9d67788) [0x0000029cc9d678a0, 0x0000029cc9d67b38] Compiler: c2, Barriers: 2, Oops: 0, ImmediateOops: 0, NonImmediateOops: No
[2024-10-26T03:26:26.375+0530][1.766s][debug][gc,nmethod     ] Register NMethod: java.util.AbstractCollection.toArray (0x0000029cc9d67b88) [0x0000029cc9d67ce0, 0x0000029cc9d68300] Compiler: c2, Barriers: 7, Oops: 0, ImmediateOops: 1, NonImmediateOops: No
[2024-10-26T03:26:26.377+0530][1.767s][debug][gc,nmethod     ] Register NMethod: java.util.concurrent.ConcurrentHashMap.sumCount (0x0000029cc9d68388) [0x0000029cc9d68480, 0x0000029cc9d68560] Compiler: c2, Barriers: 1, Oops: 0, ImmediateOops: 0, NonImmediateOops: No
[2024-10-26T03:26:26.377+0530][1.768s][debug][gc,nmethod     ] Register NMethod: jdk.internal.org.objectweb.asm.Frame.execute (0x0000029cc26f0b88) [0x0000029cc26f1980, 0x0000029cc26f8078] Compiler: c1, Barriers: 20, Oops: 1, ImmediateOops: 12, NonImmediateOops: No
[2024-10-26T03:26:26.378+0530][1.768s][debug][gc,nmethod     ] Register NMethod: org.springframework.core.MethodParameter.getGenericParameterType (0x0000029cc2374288) [0x0000029cc2374620, 0x0000029cc2376850] Compiler: c1, Barriers: 35, Oops: 1, ImmediateOops: 1, NonImmediateOops: No
[2024-10-26T03:26:26.379+0530][1.769s][debug][gc,director    ] Rule Major: Warmup 10%, Used: 134MB, UsedThreshold: 204MB
[2024-10-26T03:26:26.379+0530][1.769s][debug][gc,director    ] Rule Minor: High Usage, Free: 1874MB(91.5%)
[2024-10-26T03:26:26.380+0530][1.770s][debug][gc,nmethod     ] Register NMethod: java.util.concurrent.ConcurrentHashMap.isEmpty (0x0000029cc9d68688) [0x0000029cc9d68780, 0x0000029cc9d68870] Compiler: c2, Barriers: 1, Oops: 0, ImmediateOops: 0, NonImmediateOops: No
[2024-10-26T03:26:26.381+0530][1.772s][debug][gc,nmethod     ] Register NMethod: org.springframework.core.annotation.TypeMappedAnnotations$AggregatesSpliterator.getNextSuitableMapping (0x0000029cc206d888) [0x0000029cc206da40, 0x0000029cc206e390] Compiler: c1, Barriers: 8, Oops: 1, ImmediateOops: 0, NonImmediateOops: No
[2024-10-26T03:26:26.382+0530][1.772s][debug][gc,nmethod     ] Register NMethod: sun.reflect.generics.parser.SignatureParser.parseClassTypeSignature (0x0000029cc2372988) [0x0000029cc2372ca0, 0x0000029cc23741a0] Compiler: c1, Barriers: 11, Oops: 2, ImmediateOops: 4, NonImmediateOops: No
[2024-10-26T03:26:26.382+0530][1.773s][debug][gc,nmethod     ] Register NMethod: org.springframework.beans.factory.support.AbstractAutowireCapableBeanFactory.predictBeanType (0x0000029cc9d68988) [0x0000029cc9d68bc0, 0x0000029cc9d69948] Compiler: c2, Barriers: 17, Oops: 2, ImmediateOops: 1, NonImmediateOops: No
[2024-10-26T03:26:26.383+0530][1.774s][debug][gc,nmethod     ] Register NMethod: org.springframework.boot.context.properties.source.ConfigurationPropertyName$ElementsParser.parse (0x0000029cc9d69b08) [0x0000029cc9d6a040, 0x0000029cc9d6da88] Compiler: c2, Barriers: 116, Oops: 4, ImmediateOops: 24, NonImmediateOops: No
[2024-10-26T03:26:26.384+0530][1.774s][debug][gc,nmethod     ] Register NMethod: org.springframework.beans.AbstractNestablePropertyAccessor.getWrappedInstance (0x0000029cc206d408) [0x0000029cc206d540, 0x0000029cc206d820] Compiler: c1, Barriers: 1, Oops: 2, ImmediateOops: 1, NonImmediateOops: No
[2024-10-26T03:26:26.384+0530][1.774s][debug][gc,nmethod     ] Register NMethod: org.springframework.core.annotation.TypeMappedAnnotations$AggregatesSpliterator.characteristics (0x0000029cc9d6dc88) [0x0000029cc9d6dda0, 0x0000029cc9d6de68] Compiler: c1, Barriers: 0, Oops: 1, ImmediateOops: 0, NonImmediateOops: No
[2024-10-26T03:26:26.384+0530][1.775s][debug][gc,nmethod     ] Register NMethod: java.util.LinkedHashSet.<init> (0x0000029cc206d008) [0x0000029cc206d140, 0x0000029cc206d298] Compiler: c1, Barriers: 0, Oops: 0, ImmediateOops: 0, NonImmediateOops: No
[2024-10-26T03:26:26.385+0530][1.776s][debug][gc,nmethod     ] Register NMethod: java.util.concurrent.ConcurrentHashMap.replaceNode (0x0000029cc22e1908) [0x0000029cc22e1c20, 0x0000029cc22e35b0] Compiler: c1, Barriers: 18, Oops: 0, ImmediateOops: 1, NonImmediateOops: No
[2024-10-26T03:26:26.386+0530][1.776s][debug][gc,nmethod     ] Register NMethod: java.lang.invoke.MethodHandle.linkToSpecial (0x0000029cc9d6df88) [0x0000029cc9d6e080, 0x0000029cc9d6e198] Compiler: , Barriers: 0, Oops: 0, ImmediateOops: 0, NonImmediateOops: No
[2024-10-26T03:26:26.386+0530][1.777s][debug][gc,nmethod     ] Register NMethod: java.lang.invoke.InvokerBytecodeGenerator.<init> (0x0000029cc2372308) [0x0000029cc2372480, 0x0000029cc2372938] Compiler: c1, Barriers: 6, Oops: 0, ImmediateOops: 0, NonImmediateOops: No
[2024-10-26T03:26:26.387+0530][1.777s][debug][gc,nmethod     ] Register NMethod: org.springframework.core.annotation.AttributeMethods.get (0x0000029cc22e1588) [0x0000029cc22e16c0, 0x0000029cc22e18e8] Compiler: c1, Barriers: 2, Oops: 1, ImmediateOops: 0, NonImmediateOops: No
[2024-10-26T03:26:26.387+0530][1.778s][debug][gc,nmethod     ] Register NMethod: java.lang.reflect.Field.getDeclaredAnnotations (0x0000029cc22e0f88) [0x0000029cc22e10e0, 0x0000029cc22e1508] Compiler: c1, Barriers: 0, Oops: 0, ImmediateOops: 1, NonImmediateOops: No
[2024-10-26T03:26:26.388+0530][1.779s][debug][gc,nmethod     ] Register NMethod: org.springframework.core.MethodParameter.getContainingClass (0x0000029cc22e0a88) [0x0000029cc22e0bc0, 0x0000029cc22e0f28] Compiler: c1, Barriers: 2, Oops: 1, ImmediateOops: 0, NonImmediateOops: No
[2024-10-26T03:26:26.389+0530][1.780s][debug][gc,nmethod     ] Register NMethod: jdk.internal.reflect.DirectMethodHandleAccessor.invoke (0x0000029cc2214d88) [0x0000029cc22150e0, 0x0000029cc2216c08] Compiler: c1, Barriers: 14, Oops: 1, ImmediateOops: 9, NonImmediateOops: No
[2024-10-26T03:26:26.390+0530][1.780s][debug][gc,director    ] Rule Major: Warmup 10%, Used: 134MB, UsedThreshold: 204MB
[2024-10-26T03:26:26.390+0530][1.780s][debug][gc,director    ] Rule Minor: High Usage, Free: 1874MB(91.5%)
[2024-10-26T03:26:26.390+0530][1.781s][debug][gc,nmethod     ] Register NMethod: jdk.proxy2.$Proxy50.annotationType (0x0000029cc22e0488) [0x0000029cc22e05e0, 0x0000029cc22e09f8] Compiler: c1, Barriers: 1, Oops: 1, ImmediateOops: 1, NonImmediateOops: No
[2024-10-26T03:26:26.390+0530][1.781s][debug][gc,nmethod     ] Register NMethod: org.springframework.core.SerializableTypeWrapper$MethodParameterTypeProvider.getType (0x0000029cc22e0108) [0x0000029cc22e0240, 0x0000029cc22e0448] Compiler: c1, Barriers: 1, Oops: 1, ImmediateOops: 0, NonImmediateOops: No
[2024-10-26T03:26:26.390+0530][1.781s][debug][gc,nmethod     ] Register NMethod: org.springframework.util.ReflectionUtils.getDeclaredMethods (0x0000029cc22de988) [0x0000029cc22dec40, 0x0000029cc22e0038] Compiler: c1, Barriers: 5, Oops: 3, ImmediateOops: 4, NonImmediateOops: No
[2024-10-26T03:26:26.392+0530][1.783s][debug][gc,nmethod     ] Register NMethod: java.lang.Class.getMethods (0x0000029cc2283288) [0x0000029cc22833e0, 0x0000029cc2283638] Compiler: c1, Barriers: 0, Oops: 0, ImmediateOops: 0, NonImmediateOops: No
[2024-10-26T03:26:26.392+0530][1.783s][debug][gc,nmethod     ] Register NMethod: java.lang.reflect.Method.<init> (0x0000029cc9d6e288) [0x0000029cc9d6e3c0, 0x0000029cc9d6ea58] Compiler: c2, Barriers: 27, Oops: 0, ImmediateOops: 0, NonImmediateOops: No
[2024-10-26T03:26:26.393+0530][1.783s][debug][gc,nmethod     ] Register NMethod: java.lang.reflect.Method.copy (0x0000029cc9d6ea88) [0x0000029cc9d6ebe0, 0x0000029cc9d6f108] Compiler: c2, Barriers: 33, Oops: 0, ImmediateOops: 0, NonImmediateOops: No
[2024-10-26T03:26:26.393+0530][1.783s][debug][gc,nmethod     ] Register NMethod: org.springframework.util.ConcurrentReferenceHashMap$Segment.findInChain (0x0000029cc9d6f188) [0x0000029cc9d6f2c0, 0x0000029cc9d6f628] Compiler: c2, Barriers: 4, Oops: 1, ImmediateOops: 1, NonImmediateOops: No
[2024-10-26T03:26:26.393+0530][1.784s][debug][gc,nmethod     ] Register NMethod: jdk.internal.org.objectweb.asm.MethodWriter.visitCode (0x0000029cc9d6f688) [0x0000029cc9d6f780, 0x0000029cc9d6f7f8] Compiler: c2, Barriers: 0, Oops: 0, ImmediateOops: 0, NonImmediateOops: No
[2024-10-26T03:26:26.395+0530][1.785s][debug][gc,nmethod     ] Register NMethod: java.lang.invoke.InnerClassLambdaMetafactory.generateInnerClass (0x0000029cc2280588) [0x0000029cc2280a40, 0x0000029cc2283168] Compiler: c1, Barriers: 50, Oops: 2, ImmediateOops: 7, NonImmediateOops: No
[2024-10-26T03:26:26.395+0530][1.786s][debug][gc,nmethod     ] Register NMethod: java.lang.invoke.MethodHandle.linkToInterface (0x0000029cc9d6f988) [0x0000029cc9d6fa80, 0x0000029cc9d6fbe0] Compiler: , Barriers: 0, Oops: 0, ImmediateOops: 0, NonImmediateOops: No
[2024-10-26T03:26:26.400+0530][1.791s][debug][gc,director    ] Rule Major: Warmup 10%, Used: 136MB, UsedThreshold: 204MB
[2024-10-26T03:26:26.400+0530][1.791s][debug][gc,director    ] Rule Minor: High Usage, Free: 1872MB(91.4%)
[2024-10-26T03:26:26.400+0530][1.791s][debug][gc,nmethod     ] Register NMethod: jdk.internal.org.objectweb.asm.ByteVector.putInt (0x0000029cc9d6fc88) [0x0000029cc9d6fda0, 0x0000029cc9d6ff60] Compiler: c2, Barriers: 1, Oops: 0, ImmediateOops: 0, NonImmediateOops: No
[2024-10-26T03:26:26.401+0530][1.792s][debug][gc,nmethod     ] Register NMethod: java.lang.invoke.MethodHandle.linkToStatic (0x0000029cc9d6ff88) [0x0000029cc9d70080, 0x0000029cc9d70190] Compiler: , Barriers: 0, Oops: 0, ImmediateOops: 0, NonImmediateOops: No
[2024-10-26T03:26:26.402+0530][1.792s][debug][gc,nmethod     ] Register NMethod: java.lang.invoke.MethodHandle.linkToSpecial (0x0000029cc9d70288) [0x0000029cc9d70380, 0x0000029cc9d70490] Compiler: , Barriers: 0, Oops: 0, ImmediateOops: 0, NonImmediateOops: No
[2024-10-26T03:26:26.402+0530][1.792s][debug][gc,nmethod     ] Register NMethod: java.lang.invoke.InvokerBytecodeGenerator$ClassData.<init> (0x0000029cc2280108) [0x0000029cc2280240, 0x0000029cc2280508] Compiler: c1, Barriers: 9, Oops: 0, ImmediateOops: 0, NonImmediateOops: No
[2024-10-26T03:26:26.402+0530][1.792s][debug][gc,nmethod     ] Register NMethod: java.lang.invoke.MethodHandle.linkToSpecial (0x0000029cc9d70588) [0x0000029cc9d70680, 0x0000029cc9d70790] Compiler: , Barriers: 0, Oops: 0, ImmediateOops: 0, NonImmediateOops: No
[2024-10-26T03:26:26.402+0530][1.793s][debug][gc,nmethod     ] Register NMethod: jdk.internal.org.objectweb.asm.Type.getType (0x0000029cc227fd08) [0x0000029cc227fe40, 0x0000029cc22800a0] Compiler: c1, Barriers: 1, Oops: 0, ImmediateOops: 0, NonImmediateOops: No
[2024-10-26T03:26:26.402+0530][1.793s][debug][gc,nmethod     ] Register NMethod: java.lang.invoke.MethodHandleStatics.traceLambdaForm (0x0000029cc22de688) [0x0000029cc22de7a0, 0x0000029cc22de918] Compiler: c1, Barriers: 0, Oops: 0, ImmediateOops: 0, NonImmediateOops: No
[2024-10-26T03:26:26.404+0530][1.795s][debug][gc,nmethod     ] Register NMethod: java.lang.String.<init> (0x0000029cc9d70888) [0x0000029cc9d70ae0, 0x0000029cc9d71fc0] Compiler: c2, Barriers: 21, Oops: 1, ImmediateOops: 5, NonImmediateOops: No
[2024-10-26T03:26:26.406+0530][1.796s][debug][gc,nmethod     ] Register NMethod: jdk.internal.org.objectweb.asm.MethodWriter.visitVarInsn (0x0000029cc9d72088) [0x0000029cc9d72200, 0x0000029cc9d72a60] Compiler: c2, Barriers: 7, Oops: 1, ImmediateOops: 1, NonImmediateOops: No
[2024-10-26T03:26:26.407+0530][1.798s][debug][gc,nmethod     ] Register NMethod: sun.invoke.util.Wrapper.primitiveSimpleName (0x0000029cc9d72b08) [0x0000029cc9d72c20, 0x0000029cc9d72d18] Compiler: c1, Barriers: 1, Oops: 0, ImmediateOops: 0, NonImmediateOops: No
[2024-10-26T03:26:26.410+0530][1.801s][debug][gc,nmethod     ] Register NMethod: org.springframework.core.annotation.RepeatableContainers$StandardRepeatableContainers.getRepeatedAnnotationsMethod (0x0000029cc227f708) [0x0000029cc227f860, 0x0000029cc227fc80] Compiler: c1, Barriers: 0, Oops: 4, ImmediateOops: 3, NonImmediateOops: No
[2024-10-26T03:26:26.411+0530][1.801s][debug][gc,director    ] Rule Major: Warmup 10%, Used: 136MB, UsedThreshold: 204MB
[2024-10-26T03:26:26.411+0530][1.801s][debug][gc,director    ] Rule Minor: High Usage, Free: 1872MB(91.4%)
[2024-10-26T03:26:26.411+0530][1.801s][debug][gc,nmethod     ] Register NMethod: org.springframework.core.annotation.RepeatableContainers$StandardRepeatableContainers.findRepeatedAnnotations (0x0000029cc227ec88) [0x0000029cc227ee20, 0x0000029cc227f638] Compiler: c1, Barriers: 1, Oops: 4, ImmediateOops: 3, NonImmediateOops: No
[2024-10-26T03:26:26.411+0530][1.802s][debug][gc,nmethod     ] Register NMethod: java.lang.invoke.Invokers$Holder.linkToTargetMethod (0x0000029cc227e688) [0x0000029cc227e7c0, 0x0000029cc227ea78] Compiler: c1, Barriers: 0, Oops: 0, ImmediateOops: 0, NonImmediateOops: No
[2024-10-26T03:26:26.411+0530][1.802s][debug][gc,nmethod     ] Register NMethod: java.lang.invoke.DirectMethodHandle$Holder.newInvokeSpecial (0x0000029cc2289d88) [0x0000029cc2289f00, 0x0000029cc228a4f8] Compiler: c1, Barriers: 2, Oops: 0, ImmediateOops: 1, NonImmediateOops: No
[2024-10-26T03:26:26.412+0530][1.803s][debug][gc,nmethod     ] Register NMethod: java.lang.reflect.Field.getAnnotation (0x0000029cc2289508) [0x0000029cc22896a0, 0x0000029cc2289d08] Compiler: c1, Barriers: 0, Oops: 0, ImmediateOops: 0, NonImmediateOops: No
[2024-10-26T03:26:26.413+0530][1.803s][debug][gc,nmethod     ] Register NMethod: org.springframework.core.ResolvableType$1.isAssignableFrom (0x0000029cc9d72e08) [0x0000029cc9d72f60, 0x0000029cc9d73448] Compiler: c2, Barriers: 5, Oops: 2, ImmediateOops: 1, NonImmediateOops: No
[2024-10-26T03:26:26.413+0530][1.803s][debug][gc,nmethod     ] Register NMethod: org.springframework.boot.context.properties.bind.JavaBeanBinder$BeanProperties$$Lambda/0x000002a0d43488a8.apply (0x0000029cc2289188) [0x0000029cc22892a0, 0x0000029cc22894d8] Compiler: c1, Barriers: 1, Oops: 1, ImmediateOops: 0, NonImmediateOops: No
[2024-10-26T03:26:26.414+0530][1.804s][debug][gc,nmethod     ] Register NMethod: org.springframework.boot.context.properties.source.ConfigurationPropertyName.isIndexed (0x0000029cc2288d88) [0x0000029cc2288ec0, 0x0000029cc2289128] Compiler: c1, Barriers: 3, Oops: 1, ImmediateOops: 0, NonImmediateOops: No
[2024-10-26T03:26:26.414+0530][1.804s][debug][gc,nmethod     ] Register NMethod: java.lang.Character.toLowerCase (0x0000029cc9d73508) [0x0000029cc9d73620, 0x0000029cc9d73728] Compiler: c2, Barriers: 0, Oops: 0, ImmediateOops: 2, NonImmediateOops: No
[2024-10-26T03:26:26.414+0530][1.804s][debug][gc,nmethod     ] Register NMethod: org.springframework.core.MethodParameter$$Lambda/0x000002a0d4168d08.<init> (0x0000029cc2372008) [0x0000029cc2372120, 0x0000029cc2372288] Compiler: c1, Barriers: 0, Oops: 1, ImmediateOops: 0, NonImmediateOops: No
[2024-10-26T03:26:26.414+0530][1.805s][debug][gc,nmethod     ] Register NMethod: org.springframework.core.MethodParameter.validateIndex (0x0000029cc2288208) [0x0000029cc22883c0, 0x0000029cc2288ce0] Compiler: c1, Barriers: 0, Oops: 2, ImmediateOops: 2, NonImmediateOops: No
[2024-10-26T03:26:26.414+0530][1.805s][debug][gc,nmethod     ] Register NMethod: org.springframework.boot.context.properties.source.SpringConfigurationPropertySource.containsDescendantOf (0x0000029cc2287288) [0x0000029cc22874a0, 0x0000029cc22881a0] Compiler: c1, Barriers: 3, Oops: 2, ImmediateOops: 8, NonImmediateOops: No
[2024-10-26T03:26:26.414+0530][1.805s][debug][gc,nmethod     ] Register NMethod: java.util.Spliterators$EmptySpliterator.estimateSize (0x0000029cc9d73808) [0x0000029cc9d73920, 0x0000029cc9d739e8] Compiler: c1, Barriers: 0, Oops: 0, ImmediateOops: 0, NonImmediateOops: No
[2024-10-26T03:26:26.415+0530][1.806s][debug][gc,nmethod     ] Register NMethod: java.util.HashSet.<init> (0x0000029cc9d73b08) [0x0000029cc9d73c20, 0x0000029cc9d73f38] Compiler: c2, Barriers: 3, Oops: 0, ImmediateOops: 0, NonImmediateOops: No
[2024-10-26T03:26:26.420+0530][1.811s][debug][gc,nmethod     ] Register NMethod: java.lang.reflect.Field.hashCode (0x0000029cc2286d88) [0x0000029cc2286ee0, 0x0000029cc2287218] Compiler: c1, Barriers: 3, Oops: 0, ImmediateOops: 0, NonImmediateOops: No
[2024-10-26T03:26:26.421+0530][1.812s][debug][gc,nmethod     ] Register NMethod: org.springframework.core.annotation.TypeMappedAnnotations$AggregatesSpliterator.tryAdvance (0x0000029cc2286608) [0x0000029cc2286780, 0x0000029cc2286d48] Compiler: c1, Barriers: 5, Oops: 1, ImmediateOops: 0, NonImmediateOops: No
[2024-10-26T03:26:26.421+0530][1.812s][debug][gc,nmethod     ] Register NMethod: org.springframework.core.annotation.TypeMappedAnnotations$AggregatesSpliterator.tryAdvance (0x0000029cc2285888) [0x0000029cc2285a80, 0x0000029cc2286580] Compiler: c1, Barriers: 9, Oops: 1, ImmediateOops: 2, NonImmediateOops: No
[2024-10-26T03:26:26.421+0530][1.812s][debug][gc,nmethod     ] Register NMethod: org.springframework.core.annotation.RepeatableContainers.<init> (0x0000029cc2285508) [0x0000029cc2285620, 0x0000029cc2285800] Compiler: c1, Barriers: 3, Oops: 1, ImmediateOops: 0, NonImmediateOops: No
[2024-10-26T03:26:26.422+0530][1.812s][debug][gc,director    ] Rule Major: Warmup 10%, Used: 138MB, UsedThreshold: 204MB
[2024-10-26T03:26:26.422+0530][1.812s][debug][gc,director    ] Rule Minor: High Usage, Free: 1870MB(91.3%)
[2024-10-26T03:26:26.422+0530][1.812s][debug][gc,nmethod     ] Register NMethod: org.springframework.core.MethodIntrospector$$Lambda/0x000002a0d432b890.doWith (0x0000029cc2284f88) [0x0000029cc22850c0, 0x0000029cc22852a8] Compiler: c1, Barriers: 3, Oops: 1, ImmediateOops: 0, NonImmediateOops: No
[2024-10-26T03:26:26.422+0530][1.813s][debug][gc,nmethod     ] Register NMethod: org.springframework.scheduling.annotation.ScheduledAnnotationBeanPostProcessor$$Lambda/0x000002a0d432b468.inspect (0x0000029cc21c5108) [0x0000029cc21c52e0, 0x0000029cc21c5d58] Compiler: c1, Barriers: 0, Oops: 10, ImmediateOops: 5, NonImmediateOops: No
[2024-10-26T03:26:26.422+0530][1.813s][debug][gc,nmethod     ] Register NMethod: org.springframework.scheduling.annotation.ScheduledAnnotationBeanPostProcessor.lambda$postProcessAfterInitialization$0 (0x0000029cc21c4588) [0x0000029cc21c4760, 0x0000029cc21c5060] Compiler: c1, Barriers: 0, Oops: 10, ImmediateOops: 5, NonImmediateOops: No
[2024-10-26T03:26:26.422+0530][1.813s][debug][gc,nmethod     ] Register NMethod: org.springframework.util.ClassUtils.getMostSpecificMethod (0x0000029cc21c3808) [0x0000029cc21c3a00, 0x0000029cc21c44f0] Compiler: c1, Barriers: 6, Oops: 1, ImmediateOops: 0, NonImmediateOops: No
[2024-10-26T03:26:26.423+0530][1.813s][debug][gc,nmethod     ] Register NMethod: org.springframework.core.MethodIntrospector.lambda$selectMethods$0 (0x0000029cc21c1a88) [0x0000029cc21c1dc0, 0x0000029cc21c3710] Compiler: c1, Barriers: 1, Oops: 10, ImmediateOops: 10, NonImmediateOops: No
[2024-10-26T03:26:26.423+0530][1.813s][debug][gc,nmethod     ] Register NMethod: java.util.LinkedHashSet.<init> (0x0000029cc21c1788) [0x0000029cc21c18c0, 0x0000029cc21c1a08] Compiler: c1, Barriers: 0, Oops: 0, ImmediateOops: 0, NonImmediateOops: No
[2024-10-26T03:26:26.423+0530][1.814s][debug][gc,nmethod     ] Register NMethod: org.springframework.core.annotation.AnnotatedElementUtils.getRepeatableAnnotations (0x0000029cc21c1308) [0x0000029cc21c1460, 0x0000029cc21c1708] Compiler: c1, Barriers: 0, Oops: 2, ImmediateOops: 3, NonImmediateOops: No
[2024-10-26T03:26:26.423+0530][1.814s][debug][gc,nmethod     ] Register NMethod: org.springframework.core.annotation.AnnotatedElementUtils.getMergedRepeatableAnnotations (0x0000029cc23c9088) [0x0000029cc23c9260, 0x0000029cc23c9ba8] Compiler: c1, Barriers: 0, Oops: 9, ImmediateOops: 6, NonImmediateOops: No
[2024-10-26T03:26:26.423+0530][1.814s][debug][gc,nmethod     ] Register NMethod: org.springframework.core.annotation.MergedAnnotationCollectors.toAnnotationSet (0x0000029cc21c0d08) [0x0000029cc21c0e60, 0x0000029cc21c1248] Compiler: c1, Barriers: 0, Oops: 8, ImmediateOops: 3, NonImmediateOops: No
[2024-10-26T03:26:26.424+0530][1.814s][debug][gc,nmethod     ] Register NMethod: java.util.stream.Collector.of (0x0000029cc23c8208) [0x0000029cc23c8420, 0x0000029cc23c9028] Compiler: c1, Barriers: 4, Oops: 0, ImmediateOops: 3, NonImmediateOops: No
[2024-10-26T03:26:26.424+0530][1.815s][debug][gc,nmethod     ] Register NMethod: jdk.internal.org.objectweb.asm.ClassWriter.visitSource (0x0000029cc23c7b88) [0x0000029cc23c7ce0, 0x0000029cc23c81c0] Compiler: c1, Barriers: 7, Oops: 0, ImmediateOops: 0, NonImmediateOops: No
[2024-10-26T03:26:26.426+0530][1.817s][debug][gc,nmethod     ] Register NMethod: java.util.Collections$UnmodifiableSet.<init> (0x0000029cc21c0788) [0x0000029cc21c08c0, 0x0000029cc21c0bf0] Compiler: c1, Barriers: 3, Oops: 0, ImmediateOops: 0, NonImmediateOops: No
[2024-10-26T03:26:26.426+0530][1.817s][debug][gc,nmethod     ] Register NMethod: org.springframework.util.ConcurrentReferenceHashMap$Segment.getReference (0x0000029cc9d74008) [0x0000029cc9d74180, 0x0000029cc9d74840] Compiler: c2, Barriers: 11, Oops: 2, ImmediateOops: 2, NonImmediateOops: No
[2024-10-26T03:26:26.427+0530][1.817s][debug][gc,nmethod     ] Register NMethod: java.lang.Math.multiplyExact (0x0000029cc23c7508) [0x0000029cc23c7660, 0x0000029cc23c7b20] Compiler: c1, Barriers: 0, Oops: 0, ImmediateOops: 1, NonImmediateOops: No
[2024-10-26T03:26:26.427+0530][1.818s][debug][gc,nmethod     ] Register NMethod: java.lang.reflect.Executable.declaredAnnotations (0x0000029cc9d74908) [0x0000029cc9d74b40, 0x0000029cc9d75ad8] Compiler: c2, Barriers: 28, Oops: 0, ImmediateOops: 2, NonImmediateOops: No
[2024-10-26T03:26:26.428+0530][1.819s][debug][gc,nmethod     ] Register NMethod: org.springframework.util.ConcurrentReferenceHashMap.getReference (0x0000029cc9d75b88) [0x0000029cc9d75d20, 0x0000029cc9d76570] Compiler: c2, Barriers: 13, Oops: 2, ImmediateOops: 2, NonImmediateOops: No
[2024-10-26T03:26:26.428+0530][1.819s][debug][gc,nmethod     ] Register NMethod: org.springframework.util.ConcurrentReferenceHashMap.get (0x0000029cc9d76688) [0x0000029cc9d76840, 0x0000029cc9d77140] Compiler: c2, Barriers: 16, Oops: 2, ImmediateOops: 2, NonImmediateOops: No
[2024-10-26T03:26:26.429+0530][1.819s][debug][gc,nmethod     ] Register NMethod: org.springframework.core.SerializableTypeWrapper.forTypeProvider (0x0000029cc23c5d08) [0x0000029cc23c5fc0, 0x0000029cc23c7480] Compiler: c1, Barriers: 17, Oops: 3, ImmediateOops: 7, NonImmediateOops: No
[2024-10-26T03:26:26.429+0530][1.820s][debug][gc,nmethod     ] Register NMethod: java.util.ArrayDeque.peek (0x0000029cc9d77288) [0x0000029cc9d773a0, 0x0000029cc9d774f0] Compiler: c2, Barriers: 2, Oops: 0, ImmediateOops: 0, NonImmediateOops: No
[2024-10-26T03:26:26.429+0530][1.820s][debug][gc,nmethod     ] Register NMethod: org.springframework.boot.context.properties.source.ConfigurationPropertyName.buildToString (0x0000029cc23c4a08) [0x0000029cc23c4ca0, 0x0000029cc23c5c18] Compiler: c1, Barriers: 7, Oops: 1, ImmediateOops: 5, NonImmediateOops: No
[2024-10-26T03:26:26.429+0530][1.820s][debug][gc,nmethod     ] Register NMethod: org.springframework.boot.context.properties.source.SpringIterableConfigurationPropertySource$Mappings.getConfigurationPropertyNames (0x0000029cc23c3e08) [0x0000029cc23c3f80, 0x0000029cc23c4790] Compiler: c1, Barriers: 6, Oops: 1, ImmediateOops: 1, NonImmediateOops: No
[2024-10-26T03:26:26.429+0530][1.820s][debug][gc,nmethod     ] Register NMethod: org.springframework.boot.context.properties.bind.Binder$Context.getSources (0x0000029cc26f8188) [0x0000029cc26f82c0, 0x0000029cc26f84c0] Compiler: c1, Barriers: 3, Oops: 1, ImmediateOops: 0, NonImmediateOops: No
[2024-10-26T03:26:26.429+0530][1.820s][debug][gc,nmethod     ] Register NMethod: java.lang.invoke.MemberName.equals (0x0000029cc26f8508) [0x0000029cc26f8640, 0x0000029cc26f89a0] Compiler: c1, Barriers: 0, Oops: 0, ImmediateOops: 0, NonImmediateOops: No
[2024-10-26T03:26:26.430+0530][1.820s][debug][gc,nmethod     ] Register NMethod: java.lang.Class.getDeclaredFields0 (0x0000029cc9d77588) [0x0000029cc9d776c0, 0x0000029cc9d77ae0] Compiler: , Barriers: 0, Oops: 0, ImmediateOops: 0, NonImmediateOops: No
[2024-10-26T03:26:26.430+0530][1.821s][debug][gc,nmethod     ] Register NMethod: java.lang.Class.getDeclaredFields (0x0000029cc26f8a08) [0x0000029cc26f8b60, 0x0000029cc26f8dc8] Compiler: c1, Barriers: 0, Oops: 0, ImmediateOops: 0, NonImmediateOops: No
[2024-10-26T03:26:26.431+0530][1.822s][debug][gc,nmethod     ] Register NMethod: org.springframework.context.annotation.CommonAnnotationBeanPostProcessor$$Lambda/0x000002a0d4320ed0.doWith (0x0000029cc26f8e08) [0x0000029cc26f8f40, 0x0000029cc26f90f0] Compiler: c1, Barriers: 2, Oops: 1, ImmediateOops: 0, NonImmediateOops: No
[2024-10-26T03:26:26.432+0530][1.822s][debug][gc,nmethod     ] Register NMethod: org.springframework.core.BridgeMethodResolver.lambda$resolveBridgeMethod$0 (0x0000029cc26f9188) [0x0000029cc26f92a0, 0x0000029cc26f93c0] Compiler: c1, Barriers: 0, Oops: 1, ImmediateOops: 0, NonImmediateOops: No
[2024-10-26T03:26:26.432+0530][1.822s][debug][gc,nmethod     ] Register NMethod: org.springframework.core.BridgeMethodResolver$$Lambda/0x000002a0d4322fa8.matches (0x0000029cc26f9488) [0x0000029cc26f95c0, 0x0000029cc26f9798] Compiler: c1, Barriers: 1, Oops: 1, ImmediateOops: 0, NonImmediateOops: No
[2024-10-26T03:26:26.432+0530][1.822s][debug][gc,nmethod     ] Register NMethod: org.springframework.context.annotation.CommonAnnotationBeanPostProcessor.lambda$buildResourceMetadata$0 (0x0000029cc26f9808) [0x0000029cc26f9a60, 0x0000029cc26fa890] Compiler: c1, Barriers: 3, Oops: 2, ImmediateOops: 4, NonImmediateOops: No
[2024-10-26T03:26:26.432+0530][1.823s][debug][gc,nmethod     ] Register NMethod: java.lang.reflect.ProxyGenerator.toClassEntries (0x0000029cc26fa908) [0x0000029cc26fabe0, 0x0000029cc26fc048] Compiler: c1, Barriers: 8, Oops: 2, ImmediateOops: 3, NonImmediateOops: No
[2024-10-26T03:26:26.433+0530][1.823s][debug][gc,director    ] Rule Major: Warmup 10%, Used: 140MB, UsedThreshold: 204MB
[2024-10-26T03:26:26.433+0530][1.823s][debug][gc,director    ] Rule Minor: High Usage, Free: 1868MB(91.2%)
[2024-10-26T03:26:26.433+0530][1.823s][debug][gc,nmethod     ] Register NMethod: jdk.internal.classfile.impl.AbstractPoolEntry$Utf8EntryImpl.clone (0x0000029cc9d77b08) [0x0000029cc9d77c40, 0x0000029cc9d77ed8] Compiler: c2, Barriers: 4, Oops: 0, ImmediateOops: 1, NonImmediateOops: No
[2024-10-26T03:26:26.433+0530][1.824s][debug][gc,nmethod     ] Register NMethod: org.springframework.beans.factory.annotation.AutowiredAnnotationBeanPostProcessor$$Lambda/0x000002a0d4321320.doWith (0x0000029cc26fc108) [0x0000029cc26fc240, 0x0000029cc26fc3f0] Compiler: c1, Barriers: 2, Oops: 1, ImmediateOops: 0, NonImmediateOops: No
[2024-10-26T03:26:26.433+0530][1.824s][debug][gc,nmethod     ] Register NMethod: org.springframework.util.ReflectionUtils.doWithLocalMethods (0x0000029cc26fc488) [0x0000029cc26fc600, 0x0000029cc26fcac0] Compiler: c1, Barriers: 2, Oops: 1, ImmediateOops: 0, NonImmediateOops: No
[2024-10-26T03:26:26.434+0530][1.824s][debug][gc,nmethod     ] Register NMethod: org.springframework.beans.factory.annotation.AutowiredAnnotationBeanPostProcessor.lambda$buildAutowiringMetadata$1 (0x0000029cc26fcb08) [0x0000029cc26fccc0, 0x0000029cc26fd3c8] Compiler: c1, Barriers: 2, Oops: 1, ImmediateOops: 0, NonImmediateOops: No
[2024-10-26T03:26:26.434+0530][1.824s][debug][gc,nmethod     ] Register NMethod: java.util.ArrayList.rangeCheckForAdd (0x0000029cc26fd408) [0x0000029cc26fd5e0, 0x0000029cc26fde58] Compiler: c1, Barriers: 0, Oops: 2, ImmediateOops: 3, NonImmediateOops: No
[2024-10-26T03:26:26.434+0530][1.824s][debug][gc,nmethod     ] Register NMethod: org.springframework.core.annotation.AnnotationsScanner.processMethodInheritedAnnotations (0x0000029cc26fdf08) [0x0000029cc26fe060, 0x0000029cc26fe388] Compiler: c1, Barriers: 0, Oops: 1, ImmediateOops: 0, NonImmediateOops: No
[2024-10-26T03:26:26.434+0530][1.825s][debug][gc,nmethod     ] Register NMethod: org.springframework.core.annotation.TypeMappedAnnotations$AggregatesCollector.doWithAnnotations (0x0000029cc26fe408) [0x0000029cc26fe520, 0x0000029cc26fe670] Compiler: c1, Barriers: 0, Oops: 1, ImmediateOops: 0, NonImmediateOops: No
[2024-10-26T03:26:26.434+0530][1.825s][debug][gc,nmethod     ] Register NMethod: org.springframework.core.annotation.TypeMappedAnnotations$AggregatesCollector.doWithAnnotations (0x0000029cc26fe708) [0x0000029cc26fe840, 0x0000029cc26feaa8] Compiler: c1, Barriers: 1, Oops: 1, ImmediateOops: 0, NonImmediateOops: No
[2024-10-26T03:26:26.434+0530][1.825s][debug][gc,nmethod     ] Register NMethod: org.springframework.core.annotation.TypeMappedAnnotations$AggregatesCollector.addAggregateAnnotations (0x0000029cc26feb08) [0x0000029cc26feca0, 0x0000029cc26ff2f0] Compiler: c1, Barriers: 5, Oops: 1, ImmediateOops: 0, NonImmediateOops: No
[2024-10-26T03:26:26.434+0530][1.825s][debug][gc,nmethod     ] Register NMethod: org.springframework.core.annotation.TypeMappedAnnotations$AggregatesCollector.getAggregateAnnotations (0x0000029cc26ff388) [0x0000029cc26ff4c0, 0x0000029cc26ff6c8] Compiler: c1, Barriers: 0, Oops: 1, ImmediateOops: 0, NonImmediateOops: No
[2024-10-26T03:26:26.434+0530][1.825s][debug][gc,nmethod     ] Register NMethod: org.springframework.core.annotation.TypeMappedAnnotations$AggregatesCollector.createAggregate (0x0000029cc26ff708) [0x0000029cc26ff860, 0x0000029cc26ffb88] Compiler: c1, Barriers: 0, Oops: 1, ImmediateOops: 0, NonImmediateOops: No
[2024-10-26T03:26:26.434+0530][1.825s][debug][gc,nmethod     ] Register NMethod: org.springframework.core.annotation.TypeMappedAnnotations.spliterator (0x0000029cc26ffc08) [0x0000029cc26ffd60, 0x0000029cc2700150] Compiler: c1, Barriers: 9, Oops: 1, ImmediateOops: 0, NonImmediateOops: No
[2024-10-26T03:26:26.435+0530][1.825s][debug][gc,nmethod     ] Register NMethod: org.springframework.core.annotation.TypeMappedAnnotations$Aggregate.<init> (0x0000029cc2700188) [0x0000029cc27003a0, 0x0000029cc2701320] Compiler: c1, Barriers: 16, Oops: 1, ImmediateOops: 2, NonImmediateOops: No
[2024-10-26T03:26:26.435+0530][1.825s][debug][gc,nmethod     ] Register NMethod: org.springframework.core.annotation.TypeMappedAnnotations$AggregatesSpliterator.<init> (0x0000029cc2701388) [0x0000029cc27014c0, 0x0000029cc2701790] Compiler: c1, Barriers: 9, Oops: 1, ImmediateOops: 0, NonImmediateOops: No
[2024-10-26T03:26:26.435+0530][1.825s][debug][gc,nmethod     ] Register NMethod: org.springframework.core.annotation.TypeMappedAnnotations$AggregatesCollector.finish (0x0000029cc2701808) [0x0000029cc2701940, 0x0000029cc2701bd8] Compiler: c1, Barriers: 1, Oops: 1, ImmediateOops: 0, NonImmediateOops: No
[2024-10-26T03:26:26.435+0530][1.825s][debug][gc,nmethod     ] Register NMethod: org.springframework.core.annotation.TypeMappedAnnotations$AggregatesCollector.<init> (0x0000029cc2701c08) [0x0000029cc2701d60, 0x0000029cc2702210] Compiler: c1, Barriers: 9, Oops: 1, ImmediateOops: 1, NonImmediateOops: No
[2024-10-26T03:26:26.435+0530][1.825s][debug][gc,nmethod     ] Register NMethod: org.springframework.core.annotation.TypeMappedAnnotations$AggregatesCollector.finish (0x0000029cc2702288) [0x0000029cc27023a0, 0x0000029cc27024d8] Compiler: c1, Barriers: 1, Oops: 1, ImmediateOops: 0, NonImmediateOops: No
[2024-10-26T03:26:26.435+0530][1.825s][debug][gc,nmethod     ] Register NMethod: org.springframework.core.annotation.TypeMappedAnnotations.getAggregates (0x0000029cc2702588) [0x0000029cc2702740, 0x0000029cc2703078] Compiler: c1, Barriers: 13, Oops: 1, ImmediateOops: 2, NonImmediateOops: No
[2024-10-26T03:26:26.435+0530][1.826s][debug][gc,nmethod     ] Register NMethod: org.springframework.core.annotation.MergedAnnotationCollectors$$Lambda/0x000002a0d432bcb0.get (0x0000029cc2703108) [0x0000029cc2703260, 0x0000029cc2703478] Compiler: c1, Barriers: 0, Oops: 1, ImmediateOops: 0, NonImmediateOops: No
[2024-10-26T03:26:26.435+0530][1.826s][debug][gc,nmethod     ] Register NMethod: org.springframework.core.annotation.TypeMappedAnnotations.stream (0x0000029cc2703508) [0x0000029cc2703660, 0x0000029cc2703958] Compiler: c1, Barriers: 1, Oops: 1, ImmediateOops: 2, NonImmediateOops: No
[2024-10-26T03:26:26.436+0530][1.826s][debug][gc,nmethod     ] Register NMethod: org.springframework.core.annotation.RepeatableContainers.of (0x0000029cc2703988) [0x0000029cc2703aa0, 0x0000029cc2703c40] Compiler: c1, Barriers: 0, Oops: 1, ImmediateOops: 0, NonImmediateOops: No
[2024-10-26T03:26:26.436+0530][1.827s][debug][gc,nmethod     ] Register NMethod: org.springframework.util.ClassUtils.isOverridable (0x0000029cc2703c88) [0x0000029cc2703e80, 0x0000029cc2704760] Compiler: c1, Barriers: 3, Oops: 2, ImmediateOops: 2, NonImmediateOops: No
[2024-10-26T03:26:26.437+0530][1.827s][debug][gc,nmethod     ] Register NMethod: org.springframework.core.annotation.RepeatableContainers$ExplicitRepeatableContainer.<init> (0x0000029cc2704808) [0x0000029cc2704dc0, 0x0000029cc27085b0] Compiler: c1, Barriers: 48, Oops: 9, ImmediateOops: 12, NonImmediateOops: No
[2024-10-26T03:26:26.441+0530][1.832s][debug][gc,nmethod     ] Register NMethod: java.lang.PublicMethods$MethodList.filter (0x0000029cc9d77f08) [0x0000029cc9d780a0, 0x0000029cc9d78d10] Compiler: c2, Barriers: 24, Oops: 0, ImmediateOops: 0, NonImmediateOops: No
[2024-10-26T03:26:26.443+0530][1.833s][debug][gc,director    ] Rule Major: Warmup 10%, Used: 142MB, UsedThreshold: 204MB
[2024-10-26T03:26:26.443+0530][1.833s][debug][gc,director    ] Rule Minor: High Usage, Free: 1866MB(91.1%)
[2024-10-26T03:26:26.443+0530][1.834s][debug][gc,nmethod     ] Register NMethod: java.nio.charset.CoderResult.isUnderflow (0x0000029cc2708708) [0x0000029cc2708820, 0x0000029cc2708978] Compiler: c1, Barriers: 0, Oops: 0, ImmediateOops: 0, NonImmediateOops: No
[2024-10-26T03:26:26.444+0530][1.835s][debug][gc,nmethod     ] Register NMethod: java.util.logging.Logger.getName (0x0000029cc9d78e08) [0x0000029cc9d78f20, 0x0000029cc9d79018] Compiler: c1, Barriers: 1, Oops: 0, ImmediateOops: 0, NonImmediateOops: No
[2024-10-26T03:26:26.445+0530][1.835s][debug][gc,nmethod     ] Register NMethod: java.util.regex.Pattern.next (0x0000029cc2708a08) [0x0000029cc2708b40, 0x0000029cc2708dc8] Compiler: c1, Barriers: 1, Oops: 0, ImmediateOops: 0, NonImmediateOops: No
[2024-10-26T03:26:26.445+0530][1.836s][debug][gc,nmethod     ] Register NMethod: java.util.regex.Pattern$Node.<init> (0x0000029cc2708e08) [0x0000029cc2708f20, 0x0000029cc2709108] Compiler: c1, Barriers: 3, Oops: 0, ImmediateOops: 1, NonImmediateOops: No
[2024-10-26T03:26:26.446+0530][1.836s][debug][gc,nmethod     ] Register NMethod: java.lang.invoke.DirectMethodHandle.rebind (0x0000029cc2709188) [0x0000029cc27092a0, 0x0000029cc27093d8] Compiler: c1, Barriers: 0, Oops: 0, ImmediateOops: 0, NonImmediateOops: No
[2024-10-26T03:26:26.447+0530][1.837s][debug][gc,nmethod     ] Register NMethod: java.lang.invoke.MethodHandle.linkToStatic (0x0000029cc9d79108) [0x0000029cc9d79200, 0x0000029cc9d79310] Compiler: , Barriers: 0, Oops: 0, ImmediateOops: 0, NonImmediateOops: No
[2024-10-26T03:26:26.447+0530][1.837s][debug][gc,nmethod     ] Register NMethod: java.lang.invoke.LambdaForm.lambdaName (0x0000029cc2709488) [0x0000029cc27095a0, 0x0000029cc2709720] Compiler: c1, Barriers: 2, Oops: 0, ImmediateOops: 0, NonImmediateOops: No
[2024-10-26T03:26:26.447+0530][1.838s][debug][gc,nmethod     ] Register NMethod: java.lang.invoke.InvokerBytecodeGenerator.methodPrologue (0x0000029cc2709788) [0x0000029cc2709900, 0x0000029cc2709d80] Compiler: c1, Barriers: 12, Oops: 0, ImmediateOops: 0, NonImmediateOops: No
[2024-10-26T03:26:26.447+0530][1.838s][debug][gc,nmethod     ] Register NMethod: java.lang.invoke.InvokerBytecodeGenerator.classFilePrologue (0x0000029cc2709e08) [0x0000029cc2709fe0, 0x0000029cc270a820] Compiler: c1, Barriers: 5, Oops: 1, ImmediateOops: 3, NonImmediateOops: No
[2024-10-26T03:26:26.448+0530][1.838s][debug][gc,nmethod     ] Register NMethod: java.lang.invoke.InvokerBytecodeGenerator.methodEpilogue (0x0000029cc270a888) [0x0000029cc270a9c0, 0x0000029cc270ace8] Compiler: c1, Barriers: 2, Oops: 0, ImmediateOops: 0, NonImmediateOops: No
[2024-10-26T03:26:26.448+0530][1.838s][debug][gc,nmethod     ] Register NMethod: java.lang.invoke.InvokerBytecodeGenerator.emitReturn (0x0000029cc270ad08) [0x0000029cc270aec0, 0x0000029cc270b540] Compiler: c1, Barriers: 9, Oops: 0, ImmediateOops: 2, NonImmediateOops: No
[2024-10-26T03:26:26.448+0530][1.838s][debug][gc,nmethod     ] Register NMethod: jdk.internal.util.ArraysSupport.hashCode (0x0000029cc9d79408) [0x0000029cc9d79520, 0x0000029cc9d796e8] Compiler: c2, Barriers: 1, Oops: 0, ImmediateOops: 0, NonImmediateOops: No
[2024-10-26T03:26:26.448+0530][1.839s][debug][gc,nmethod     ] Register NMethod: java.lang.invoke.InvokerBytecodeGenerator.clinit (0x0000029cc270b588) [0x0000029cc270ba20, 0x0000029cc270dfd8] Compiler: c1, Barriers: 11, Oops: 2, ImmediateOops: 12, NonImmediateOops: No
[2024-10-26T03:26:26.448+0530][1.839s][debug][gc,nmethod     ] Register NMethod: java.lang.invoke.LambdaForm$BasicType.basicType (0x0000029cc9d79708) [0x0000029cc9d79800, 0x0000029cc9d798e8] Compiler: c2, Barriers: 0, Oops: 0, ImmediateOops: 6, NonImmediateOops: No
[2024-10-26T03:26:26.448+0530][1.839s][debug][gc,nmethod     ] Register NMethod: java.lang.invoke.InvokerBytecodeGenerator.toByteArray (0x0000029cc270e088) [0x0000029cc270e1c0, 0x0000029cc270e3f0] Compiler: c1, Barriers: 1, Oops: 0, ImmediateOops: 0, NonImmediateOops: No
[2024-10-26T03:26:26.448+0530][1.839s][debug][gc,nmethod     ] Register NMethod: java.lang.invoke.InvokerBytecodeGenerator.bogusMethod (0x0000029cc270e408) [0x0000029cc270e5e0, 0x0000029cc270ee90] Compiler: c1, Barriers: 8, Oops: 0, ImmediateOops: 3, NonImmediateOops: No
[2024-10-26T03:26:26.449+0530][1.839s][debug][gc,nmethod     ] Register NMethod: java.lang.invoke.MethodHandles.classData (0x0000029cc270ef08) [0x0000029cc270f080, 0x0000029cc270f4b0] Compiler: c1, Barriers: 2, Oops: 1, ImmediateOops: 3, NonImmediateOops: No
[2024-10-26T03:26:26.449+0530][1.839s][debug][gc,nmethod     ] Register NMethod: java.lang.invoke.InvokerBytecodeGenerator.addMethod (0x0000029cc270f508) [0x0000029cc270fa80, 0x0000029cc2712520] Compiler: c1, Barriers: 32, Oops: 1, ImmediateOops: 13, NonImmediateOops: No
[2024-10-26T03:26:26.449+0530][1.839s][debug][gc,nmethod     ] Register NMethod: java.lang.invoke.InvokerBytecodeGenerator.classDataValues (0x0000029cc2712608) [0x0000029cc2712a60, 0x0000029cc2715ba0] Compiler: c1, Barriers: 45, Oops: 0, ImmediateOops: 0, NonImmediateOops: No
[2024-10-26T03:26:26.450+0530][1.841s][debug][gc,nmethod     ] Register NMethod: org.springframework.core.annotation.TypeMappedAnnotation.getValue (0x0000029cc9d79a08) [0x0000029cc9d79f00, 0x0000029cc9d7cde0] Compiler: c2, Barriers: 42, Oops: 12, ImmediateOops: 28, NonImmediateOops: No
[2024-10-26T03:26:26.452+0530][1.842s][debug][gc,nmethod     ] Register NMethod: java.lang.Integer.rotateLeft (0x0000029cc2715c08) [0x0000029cc2715d20, 0x0000029cc2715e20] Compiler: c1, Barriers: 0, Oops: 0, ImmediateOops: 0, NonImmediateOops: No
[2024-10-26T03:26:26.452+0530][1.842s][debug][gc,nmethod     ] Register NMethod: java.lang.invoke.VarHandleByteArrayAsInts$ArrayHandle.index (0x0000029cc2715f08) [0x0000029cc2716020, 0x0000029cc2716168] Compiler: c1, Barriers: 0, Oops: 1, ImmediateOops: 1, NonImmediateOops: No
[2024-10-26T03:26:26.452+0530][1.842s][debug][gc,nmethod     ] Register NMethod: java.lang.invoke.VarHandleByteArrayAsInts$ArrayHandle.get (0x0000029cc2716208) [0x0000029cc2716340, 0x0000029cc2716730] Compiler: c1, Barriers: 0, Oops: 2, ImmediateOops: 2, NonImmediateOops: No
[2024-10-26T03:26:26.452+0530][1.842s][debug][gc,nmethod     ] Register NMethod: java.lang.Integer.rotateLeft (0x0000029cc9d7d188) [0x0000029cc9d7d280, 0x0000029cc9d7d2f0] Compiler: c2, Barriers: 0, Oops: 0, ImmediateOops: 0, NonImmediateOops: No
[2024-10-26T03:26:26.452+0530][1.843s][debug][gc,nmethod     ] Register NMethod: jdk.internal.util.Preconditions.checkFromIndexSize (0x0000029cc9d7d488) [0x0000029cc9d7d580, 0x0000029cc9d7d650] Compiler: c2, Barriers: 0, Oops: 0, ImmediateOops: 0, NonImmediateOops: No
[2024-10-26T03:26:26.454+0530][1.844s][debug][gc,director    ] Rule Major: Warmup 10%, Used: 142MB, UsedThreshold: 204MB
[2024-10-26T03:26:26.454+0530][1.844s][debug][gc,director    ] Rule Minor: High Usage, Free: 1866MB(91.1%)
[2024-10-26T03:26:26.454+0530][1.844s][debug][gc,nmethod     ] Register NMethod: org.springframework.beans.factory.support.AbstractBeanFactory.isTypeMatch (0x0000029cc9d7d788) [0x0000029cc9d7e0a0, 0x0000029cc9d85238] Compiler: c2, Barriers: 119, Oops: 5, ImmediateOops: 8, NonImmediateOops: No
[2024-10-26T03:26:26.454+0530][1.845s][debug][gc,nmethod     ] Register NMethod: java.lang.invoke.VarHandleGuards.guard_LI_I (0x0000029cc9d85608) [0x0000029cc9d857a0, 0x0000029cc9d85f88] Compiler: c2, Barriers: 15, Oops: 0, ImmediateOops: 0, NonImmediateOops: No
[2024-10-26T03:26:26.455+0530][1.846s][debug][gc,nmethod     ] Register NMethod: sun.nio.fs.WindowsPathParser$Result.<init> (0x0000029cc2716788) [0x0000029cc27168c0, 0x0000029cc2716b88] Compiler: c1, Barriers: 9, Oops: 0, ImmediateOops: 0, NonImmediateOops: No
[2024-10-26T03:26:26.455+0530][1.846s][debug][gc,nmethod     ] Register NMethod: sun.nio.fs.WindowsPathParser.isLetter (0x0000029cc2716c08) [0x0000029cc2716d20, 0x0000029cc2716ee0] Compiler: c1, Barriers: 0, Oops: 0, ImmediateOops: 0, NonImmediateOops: No
[2024-10-26T03:26:26.456+0530][1.846s][debug][gc,nmethod     ] Register NMethod: java.lang.StringCoding.hasNegatives (0x0000029cc2716f08) [0x0000029cc2717020, 0x0000029cc2717190] Compiler: c1, Barriers: 0, Oops: 0, ImmediateOops: 0, NonImmediateOops: No
[2024-10-26T03:26:26.456+0530][1.846s][debug][gc,nmethod     ] Register NMethod: java.lang.ref.WeakReference.<init> (0x0000029cc2717208) [0x0000029cc2717340, 0x0000029cc2717680] Compiler: c1, Barriers: 6, Oops: 0, ImmediateOops: 1, NonImmediateOops: No
[2024-10-26T03:26:26.456+0530][1.847s][debug][gc,nmethod     ] Register NMethod: sun.nio.fs.WindowsNativeDispatcher.FindNextFile0 (0x0000029cc9d86008) [0x0000029cc9d86140, 0x0000029cc9d86568] Compiler: , Barriers: 0, Oops: 0, ImmediateOops: 1, NonImmediateOops: No
[2024-10-26T03:26:26.456+0530][1.847s][debug][gc,nmethod     ] Register NMethod: java.nio.file.Files$AcceptAllFilter.accept (0x0000029cc9d86588) [0x0000029cc9d866a0, 0x0000029cc9d86768] Compiler: c1, Barriers: 0, Oops: 0, ImmediateOops: 0, NonImmediateOops: No
[2024-10-26T03:26:26.456+0530][1.847s][debug][gc,nmethod     ] Register NMethod: sun.security.provider.SHA.implCompress0 (0x0000029cc2717708) [0x0000029cc2717920, 0x0000029cc27187f8] Compiler: c1, Barriers: 11, Oops: 0, ImmediateOops: 0, NonImmediateOops: No
[2024-10-26T03:26:26.456+0530][1.847s][debug][gc,nmethod     ] Register NMethod: sun.nio.fs.WindowsFileAttributes.isReparsePoint (0x0000029cc2718888) [0x0000029cc27189a0, 0x0000029cc2718ae0] Compiler: c1, Barriers: 0, Oops: 0, ImmediateOops: 0, NonImmediateOops: No
[2024-10-26T03:26:26.457+0530][1.847s][debug][gc,nmethod     ] Register NMethod: java.lang.String.encode (0x0000029cc2718b88) [0x0000029cc2718d00, 0x0000029cc2719040] Compiler: c1, Barriers: 0, Oops: 0, ImmediateOops: 3, NonImmediateOops: No
[2024-10-26T03:26:26.457+0530][1.847s][debug][gc,nmethod     ] Register NMethod: java.nio.charset.Charset.defaultCharset (0x0000029cc2719088) [0x0000029cc27191a0, 0x0000029cc27192a8] Compiler: c1, Barriers: 0, Oops: 0, ImmediateOops: 1, NonImmediateOops: No
[2024-10-26T03:26:26.457+0530][1.847s][debug][gc,nmethod     ] Register NMethod: java.lang.String.encodeUTF8 (0x0000029cc2719388) [0x0000029cc2719520, 0x0000029cc2719bf0] Compiler: c1, Barriers: 0, Oops: 0, ImmediateOops: 0, NonImmediateOops: No
[2024-10-26T03:26:26.457+0530][1.847s][debug][gc,nmethod     ] Register NMethod: java.lang.String.getBytes (0x0000029cc2719c88) [0x0000029cc2719dc0, 0x0000029cc271a000] Compiler: c1, Barriers: 1, Oops: 0, ImmediateOops: 0, NonImmediateOops: No
[2024-10-26T03:26:26.457+0530][1.847s][debug][gc,nmethod     ] Register NMethod: java.security.MessageDigest.update (0x0000029cc271a088) [0x0000029cc271a1c0, 0x0000029cc271a4d0] Compiler: c1, Barriers: 1, Oops: 0, ImmediateOops: 0, NonImmediateOops: No
[2024-10-26T03:26:26.457+0530][1.847s][debug][gc,nmethod     ] Register NMethod: java.security.MessageDigest$Delegate.engineUpdate (0x0000029cc271a508) [0x0000029cc271a640, 0x0000029cc271a850] Compiler: c1, Barriers: 1, Oops: 0, ImmediateOops: 0, NonImmediateOops: No
[2024-10-26T03:26:26.457+0530][1.848s][debug][gc,nmethod     ] Register NMethod: sun.nio.fs.WindowsFileAttributes.<init> (0x0000029cc271a888) [0x0000029cc271a9a0, 0x0000029cc271ab40] Compiler: c1, Barriers: 0, Oops: 0, ImmediateOops: 0, NonImmediateOops: No
[2024-10-26T03:26:26.457+0530][1.848s][debug][gc,nmethod     ] Register NMethod: sun.security.provider.DigestBase.engineUpdate (0x0000029cc271ab88) [0x0000029cc271ad80, 0x0000029cc271ba18] Compiler: c1, Barriers: 4, Oops: 1, ImmediateOops: 1, NonImmediateOops: No
[2024-10-26T03:26:26.457+0530][1.848s][debug][gc,nmethod     ] Register NMethod: sun.nio.fs.WindowsPathParser.parse (0x0000029cc271ba88) [0x0000029cc271c2a0, 0x0000029cc2721058] Compiler: c1, Barriers: 28, Oops: 7, ImmediateOops: 37, NonImmediateOops: No
[2024-10-26T03:26:26.457+0530][1.848s][debug][gc,nmethod     ] Register NMethod: sun.nio.fs.WindowsPathParser.parseNormalizedPath (0x0000029cc2721188) [0x0000029cc27212a0, 0x0000029cc27213c0] Compiler: c1, Barriers: 0, Oops: 0, ImmediateOops: 0, NonImmediateOops: No
[2024-10-26T03:26:26.458+0530][1.848s][debug][gc,nmethod     ] Register NMethod: sun.nio.fs.WindowsDirectoryStream$WindowsDirectoryIterator.isSelfOrParent (0x0000029cc2721488) [0x0000029cc27215c0, 0x0000029cc27217c0] Compiler: c1, Barriers: 0, Oops: 0, ImmediateOops: 2, NonImmediateOops: No
[2024-10-26T03:26:26.458+0530][1.848s][debug][gc,nmethod     ] Register NMethod: sun.nio.fs.WindowsNativeDispatcher.FindNextFile (0x0000029cc2721808) [0x0000029cc2721920, 0x0000029cc2721a38] Compiler: c1, Barriers: 0, Oops: 0, ImmediateOops: 0, NonImmediateOops: No
[2024-10-26T03:26:26.458+0530][1.848s][debug][gc,nmethod     ] Register NMethod: sun.nio.fs.WindowsDirectoryStream$WindowsDirectoryIterator.hasNext (0x0000029cc2721b08) [0x0000029cc2721c40, 0x0000029cc2722070] Compiler: c1, Barriers: 5, Oops: 0, ImmediateOops: 0, NonImmediateOops: No
[2024-10-26T03:26:26.458+0530][1.848s][debug][gc,nmethod     ] Register NMethod: sun.nio.fs.WindowsPath.getFileName (0x0000029cc2722088) [0x0000029cc2722300, 0x0000029cc2723360] Compiler: c1, Barriers: 21, Oops: 2, ImmediateOops: 4, NonImmediateOops: No
[2024-10-26T03:26:26.458+0530][1.848s][debug][gc,nmethod     ] Register NMethod: sun.nio.fs.WindowsPath.createFromNormalizedPath (0x0000029cc2723408) [0x0000029cc27235e0, 0x0000029cc2723f90] Compiler: c1, Barriers: 18, Oops: 0, ImmediateOops: 0, NonImmediateOops: No
[2024-10-26T03:26:26.458+0530][1.849s][debug][gc,nmethod     ] Register NMethod: java.nio.file.Files$AcceptAllFilter.accept (0x0000029cc2724008) [0x0000029cc2724120, 0x0000029cc2724390] Compiler: c1, Barriers: 0, Oops: 0, ImmediateOops: 0, NonImmediateOops: No
[2024-10-26T03:26:26.458+0530][1.849s][debug][gc,nmethod     ] Register NMethod: sun.nio.fs.WindowsFileAttributes.fromFindData (0x0000029cc2724408) [0x0000029cc2724580, 0x0000029cc2724b90] Compiler: c1, Barriers: 0, Oops: 1, ImmediateOops: 2, NonImmediateOops: No
[2024-10-26T03:26:26.458+0530][1.849s][debug][gc,nmethod     ] Register NMethod: sun.nio.fs.WindowsDirectoryStream$WindowsDirectoryIterator.readNextEntry (0x0000029cc2724c08) [0x0000029cc2724ea0, 0x0000029cc2725f00] Compiler: c1, Barriers: 18, Oops: 0, ImmediateOops: 4, NonImmediateOops: No
[2024-10-26T03:26:26.458+0530][1.849s][debug][gc,nmethod     ] Register NMethod: jdk.internal.misc.Unsafe.getInt (0x0000029cc9d86888) [0x0000029cc9d86980, 0x0000029cc9d86a00] Compiler: c2, Barriers: 0, Oops: 0, ImmediateOops: 0, NonImmediateOops: No
[2024-10-26T03:26:26.458+0530][1.849s][debug][gc,nmethod     ] Register NMethod: sun.nio.fs.WindowsDirectoryStream$WindowsDirectoryIterator.next (0x0000029cc2725f88) [0x0000029cc27260a0, 0x0000029cc27261f8] Compiler: c1, Barriers: 0, Oops: 0, ImmediateOops: 0, NonImmediateOops: No
[2024-10-26T03:26:26.458+0530][1.849s][debug][gc,nmethod     ] Register NMethod: sun.nio.fs.WindowsDirectoryStream$WindowsDirectoryIterator.acceptEntry (0x0000029cc2726288) [0x0000029cc2726480, 0x0000029cc2726da8] Compiler: c1, Barriers: 6, Oops: 0, ImmediateOops: 1, NonImmediateOops: No
[2024-10-26T03:26:26.458+0530][1.849s][debug][gc,nmethod     ] Register NMethod: sun.nio.fs.WindowsDirectoryStream$WindowsDirectoryIterator.next (0x0000029cc2726e88) [0x0000029cc2726fe0, 0x0000029cc27274b0] Compiler: c1, Barriers: 4, Oops: 0, ImmediateOops: 0, NonImmediateOops: No
[2024-10-26T03:26:26.459+0530][1.849s][debug][gc,nmethod     ] Register NMethod: sun.security.provider.SHA.implCompressCheck (0x0000029cc2727508) [0x0000029cc2727660, 0x0000029cc27279e8] Compiler: c1, Barriers: 0, Oops: 1, ImmediateOops: 1, NonImmediateOops: No
[2024-10-26T03:26:26.459+0530][1.849s][debug][gc,nmethod     ] Register NMethod: sun.security.provider.SHA.implCompress (0x0000029cc2727a88) [0x0000029cc2727c00, 0x0000029cc2728028] Compiler: c1, Barriers: 0, Oops: 1, ImmediateOops: 1, NonImmediateOops: No
[2024-10-26T03:26:26.459+0530][1.849s][debug][gc,nmethod     ] Register NMethod: sun.nio.fs.WindowsPath$WindowsPathWithAttributes.<init> (0x0000029cc2728088) [0x0000029cc2728200, 0x0000029cc2728918] Compiler: c1, Barriers: 21, Oops: 0, ImmediateOops: 1, NonImmediateOops: No
[2024-10-26T03:26:26.459+0530][1.850s][debug][gc,nmethod     ] Register NMethod: java.util.concurrent.atomic.AtomicLong.get (0x0000029cc9d86b88) [0x0000029cc9d86ca0, 0x0000029cc9d86d70] Compiler: c1, Barriers: 0, Oops: 0, ImmediateOops: 0, NonImmediateOops: No
[2024-10-26T03:26:26.460+0530][1.850s][debug][gc,nmethod     ] Register NMethod: java.lang.invoke.VarHandleByteArrayAsInts$ArrayHandle.get (0x0000029cc9d86e88) [0x0000029cc9d86fa0, 0x0000029cc9d87108] Compiler: c2, Barriers: 0, Oops: 2, ImmediateOops: 0, NonImmediateOops: No
[2024-10-26T03:26:26.460+0530][1.850s][debug][gc,nmethod     ] Register NMethod: sun.security.provider.ByteArrayAccess.b2iBig64 (0x0000029cc2728988) [0x0000029cc2729060, 0x0000029cc272d198] Compiler: c1, Barriers: 0, Oops: 5, ImmediateOops: 80, NonImmediateOops: No
[2024-10-26T03:26:26.460+0530][1.850s][debug][gc,nmethod     ] Register NMethod: java.util.concurrent.atomic.AtomicLong.compareAndSet (0x0000029cc272d288) [0x0000029cc272d3a0, 0x0000029cc272d4c8] Compiler: c1, Barriers: 0, Oops: 0, ImmediateOops: 0, NonImmediateOops: No
[2024-10-26T03:26:26.460+0530][1.851s][debug][gc,nmethod     ] Register NMethod: java.util.Random.nextBoolean (0x0000029cc272d588) [0x0000029cc272d6c0, 0x0000029cc272d8e8] Compiler: c1, Barriers: 0, Oops: 0, ImmediateOops: 0, NonImmediateOops: No
[2024-10-26T03:26:26.460+0530][1.851s][debug][gc,nmethod     ] Register NMethod: java.util.Random.next (0x0000029cc272d908) [0x0000029cc272da40, 0x0000029cc272dcd8] Compiler: c1, Barriers: 1, Oops: 0, ImmediateOops: 0, NonImmediateOops: No
[2024-10-26T03:26:26.461+0530][1.851s][debug][gc,nmethod     ] Register NMethod: java.lang.invoke.MethodHandle.linkToStatic (0x0000029cc9d87188) [0x0000029cc9d87280, 0x0000029cc9d87390] Compiler: , Barriers: 0, Oops: 0, ImmediateOops: 0, NonImmediateOops: No
[2024-10-26T03:26:26.461+0530][1.851s][debug][gc,nmethod     ] Register NMethod: java.lang.invoke.MethodHandle.linkToStatic (0x0000029cc9d87488) [0x0000029cc9d87580, 0x0000029cc9d87690] Compiler: , Barriers: 0, Oops: 0, ImmediateOops: 0, NonImmediateOops: No
[2024-10-26T03:26:26.462+0530][1.853s][debug][gc,nmethod     ] Register NMethod: java.lang.Integer.rotateRight (0x0000029cc272dd08) [0x0000029cc272de20, 0x0000029cc272df20] Compiler: c1, Barriers: 0, Oops: 0, ImmediateOops: 0, NonImmediateOops: No
[2024-10-26T03:26:26.462+0530][1.853s][debug][gc,nmethod     ] Register NMethod: java.lang.Integer.rotateRight (0x0000029cc9d87788) [0x0000029cc9d87880, 0x0000029cc9d878f0] Compiler: c2, Barriers: 0, Oops: 0, ImmediateOops: 0, NonImmediateOops: No
[2024-10-26T03:26:26.462+0530][1.853s][debug][gc,nmethod     ] Register NMethod: java.lang.invoke.VarHandleByteArrayAsInts$ArrayHandle.index (0x0000029cc9d87a88) [0x0000029cc9d87b80, 0x0000029cc9d87c48] Compiler: c2, Barriers: 0, Oops: 1, ImmediateOops: 0, NonImmediateOops: No
[2024-10-26T03:26:26.463+0530][1.853s][debug][gc,nmethod     ] Register NMethod: jdk.internal.misc.Unsafe.putInt (0x0000029cc9d87d88) [0x0000029cc9d87ea0, 0x0000029cc9d880b8] Compiler: , Barriers: 0, Oops: 0, ImmediateOops: 0, NonImmediateOops: No
[2024-10-26T03:26:26.463+0530][1.853s][debug][gc,nmethod     ] Register NMethod: java.lang.invoke.VarHandle.checkAccessModeThenIsDirect (0x0000029cc272e008) [0x0000029cc272e1a0, 0x0000029cc272eb38] Compiler: c1, Barriers: 10, Oops: 0, ImmediateOops: 1, NonImmediateOops: No
[2024-10-26T03:26:26.463+0530][1.853s][debug][gc,nmethod     ] Register NMethod: java.lang.invoke.VarHandle.accessModeType (0x0000029cc272eb88) [0x0000029cc272ed00, 0x0000029cc272f538] Compiler: c1, Barriers: 9, Oops: 0, ImmediateOops: 1, NonImmediateOops: No
[2024-10-26T03:26:26.465+0530][1.855s][debug][gc,director    ] Rule Major: Warmup 10%, Used: 142MB, UsedThreshold: 204MB
[2024-10-26T03:26:26.465+0530][1.855s][debug][gc,director    ] Rule Minor: High Usage, Free: 1866MB(91.1%)
[2024-10-26T03:26:26.467+0530][1.858s][debug][gc,nmethod     ] Register NMethod: sun.security.provider.SHA.implCompress0 (0x0000029cc9d88108) [0x0000029cc9d88240, 0x0000029cc9d88bd0] Compiler: c2, Barriers: 2, Oops: 0, ImmediateOops: 0, NonImmediateOops: No
[2024-10-26T03:26:26.468+0530][1.859s][debug][gc,nmethod     ] Register NMethod: java.util.logging.LogManager.getProperty (0x0000029cc272f588) [0x0000029cc272f6c0, 0x0000029cc272f8d0] Compiler: c1, Barriers: 1, Oops: 0, ImmediateOops: 0, NonImmediateOops: No
[2024-10-26T03:26:26.471+0530][1.862s][debug][gc,nmethod     ] Register NMethod: java.nio.ByteBuffer.arrayOffset (0x0000029cc272f908) [0x0000029cc272fa60, 0x0000029cc272fd50] Compiler: c1, Barriers: 1, Oops: 0, ImmediateOops: 0, NonImmediateOops: No
[2024-10-26T03:26:26.472+0530][1.862s][debug][gc,nmethod     ] Register NMethod: jdk.internal.loader.URLClassPath.check (0x0000029cc9d88c08) [0x0000029cc9d88d00, 0x0000029cc9d88d68] Compiler: c2, Barriers: 0, Oops: 0, ImmediateOops: 0, NonImmediateOops: No
[2024-10-26T03:26:26.475+0530][1.866s][debug][gc,nmethod     ] Register NMethod: java.nio.ByteBuffer.position (0x0000029cc272fd88) [0x0000029cc272fea0, 0x0000029cc272fff0] Compiler: c1, Barriers: 0, Oops: 0, ImmediateOops: 0, NonImmediateOops: No
[2024-10-26T03:26:26.476+0530][1.866s][debug][gc,director    ] Rule Major: Warmup 10%, Used: 144MB, UsedThreshold: 204MB
[2024-10-26T03:26:26.476+0530][1.866s][debug][gc,director    ] Rule Minor: High Usage, Free: 1864MB(91.0%)
[2024-10-26T03:26:26.476+0530][1.867s][debug][gc,nmethod     ] Register NMethod: java.lang.invoke.LambdaForm.prepare (0x0000029cc9d88f08) [0x0000029cc9d89020, 0x0000029cc9d89158] Compiler: c2, Barriers: 1, Oops: 0, ImmediateOops: 0, NonImmediateOops: No
[2024-10-26T03:26:26.477+0530][1.867s][debug][gc,nmethod     ] Register NMethod: java.lang.invoke.StringConcatFactory.parseRecipe (0x0000029cc2730088) [0x0000029cc27303e0, 0x0000029cc2731f28] Compiler: c1, Barriers: 10, Oops: 2, ImmediateOops: 6, NonImmediateOops: No
[2024-10-26T03:26:26.477+0530][1.868s][debug][gc,alloc       ] Mutator Allocation Rate: 153.7MB/s Predicted: 163.6MB/s, Avg: 143.0(+/-22.7)MB/s
[2024-10-26T03:26:26.477+0530][1.868s][debug][gc,director    ] Rule Major: Warmup 10%, Used: 146MB, UsedThreshold: 204MB
[2024-10-26T03:26:26.477+0530][1.868s][debug][gc,director    ] Rule Minor: High Usage, Free: 1862MB(90.9%)
[2024-10-26T03:26:26.479+0530][1.869s][debug][gc,nmethod     ] Register NMethod: java.util.concurrent.ConcurrentHashMap.<init> (0x0000029cc2732008) [0x0000029cc2732120, 0x0000029cc27322e8] Compiler: c1, Barriers: 0, Oops: 0, ImmediateOops: 0, NonImmediateOops: No
[2024-10-26T03:26:26.482+0530][1.872s][debug][gc,nmethod     ] Register NMethod: java.lang.PublicMethods.toArray (0x0000029cc2732388) [0x0000029cc2732520, 0x0000029cc2732e58] Compiler: c1, Barriers: 6, Oops: 0, ImmediateOops: 0, NonImmediateOops: No
[2024-10-26T03:26:26.482+0530][1.872s][debug][gc,nmethod     ] Register NMethod: java.lang.invoke.DirectMethodHandle$Holder.invokeStatic (0x0000029cc2732e88) [0x0000029cc2732fe0, 0x0000029cc2733540] Compiler: c1, Barriers: 1, Oops: 0, ImmediateOops: 0, NonImmediateOops: No
[2024-10-26T03:26:26.484+0530][1.874s][debug][gc,nmethod     ] Register NMethod: java.nio.charset.Charset.aliases (0x0000029cc2733588) [0x0000029cc27336c0, 0x0000029cc2733918] Compiler: c1, Barriers: 5, Oops: 0, ImmediateOops: 0, NonImmediateOops: No
[2024-10-26T03:26:26.484+0530][1.874s][debug][gc,nmethod     ] Register NMethod: org.apache.tomcat.util.buf.CharsetCache.addToCache (0x0000029cc2733988) [0x0000029cc2733b80, 0x0000029cc2734698] Compiler: c1, Barriers: 9, Oops: 2, ImmediateOops: 2, NonImmediateOops: No
[2024-10-26T03:26:26.484+0530][1.875s][debug][gc,nmethod     ] Register NMethod: java.nio.CharBuffer.position (0x0000029cc2734708) [0x0000029cc2734820, 0x0000029cc2734970] Compiler: c1, Barriers: 0, Oops: 0, ImmediateOops: 0, NonImmediateOops: No
[2024-10-26T03:26:26.484+0530][1.875s][debug][gc,nmethod     ] Register NMethod: java.nio.CharBuffer.arrayOffset (0x0000029cc2734a08) [0x0000029cc2734b60, 0x0000029cc2734e50] Compiler: c1, Barriers: 1, Oops: 0, ImmediateOops: 0, NonImmediateOops: No
[2024-10-26T03:26:26.484+0530][1.875s][debug][gc,nmethod     ] Register NMethod: java.nio.CharBuffer.position (0x0000029cc2734e88) [0x0000029cc2734fc0, 0x0000029cc2735170] Compiler: c1, Barriers: 0, Oops: 0, ImmediateOops: 0, NonImmediateOops: No
[2024-10-26T03:26:26.484+0530][1.875s][debug][gc,nmethod     ] Register NMethod: java.nio.charset.CoderResult.isOverflow (0x0000029cc2735188) [0x0000029cc27352a0, 0x0000029cc2735400] Compiler: c1, Barriers: 0, Oops: 0, ImmediateOops: 0, NonImmediateOops: No
[2024-10-26T03:26:26.484+0530][1.875s][debug][gc,nmethod     ] Register NMethod: java.nio.Buffer.flip (0x0000029cc2735488) [0x0000029cc27355a0, 0x0000029cc27356c0] Compiler: c1, Barriers: 0, Oops: 0, ImmediateOops: 0, NonImmediateOops: No
[2024-10-26T03:26:26.484+0530][1.875s][debug][gc,nmethod     ] Register NMethod: java.nio.charset.CharsetDecoder.averageCharsPerByte (0x0000029cc9d89208) [0x0000029cc9d89320, 0x0000029cc9d893e8] Compiler: c1, Barriers: 0, Oops: 0, ImmediateOops: 0, NonImmediateOops: No
[2024-10-26T03:26:26.484+0530][1.875s][debug][gc,nmethod     ] Register NMethod: java.nio.ByteBuffer.flip (0x0000029cc2735788) [0x0000029cc27358a0, 0x0000029cc2735a20] Compiler: c1, Barriers: 0, Oops: 0, ImmediateOops: 0, NonImmediateOops: No
[2024-10-26T03:26:26.485+0530][1.875s][debug][gc,nmethod     ] Register NMethod: java.nio.charset.CharsetDecoder.decode (0x0000029cc2735a88) [0x0000029cc2735d60, 0x0000029cc2737180] Compiler: c1, Barriers: 4, Oops: 0, ImmediateOops: 5, NonImmediateOops: No
[2024-10-26T03:26:26.487+0530][1.877s][debug][gc,director    ] Rule Major: Warmup 10%, Used: 146MB, UsedThreshold: 204MB
[2024-10-26T03:26:26.487+0530][1.877s][debug][gc,director    ] Rule Minor: High Usage, Free: 1862MB(90.9%)
[2024-10-26T03:26:26.488+0530][1.879s][debug][gc,nmethod     ] Register NMethod: java.nio.ByteBuffer.hasArray (0x0000029cc2737288) [0x0000029cc27373a0, 0x0000029cc2737558] Compiler: c1, Barriers: 1, Oops: 0, ImmediateOops: 0, NonImmediateOops: No
[2024-10-26T03:26:26.489+0530][1.879s][debug][gc,nmethod     ] Register NMethod: java.nio.CharBuffer.hasArray (0x0000029cc2737588) [0x0000029cc27376a0, 0x0000029cc2737858] Compiler: c1, Barriers: 1, Oops: 0, ImmediateOops: 0, NonImmediateOops: No
[2024-10-26T03:26:26.489+0530][1.879s][debug][gc,nmethod     ] Register NMethod: java.nio.CharBuffer.array (0x0000029cc2737888) [0x0000029cc27379e0, 0x0000029cc2737cd0] Compiler: c1, Barriers: 1, Oops: 0, ImmediateOops: 0, NonImmediateOops: No
[2024-10-26T03:26:26.490+0530][1.881s][debug][gc,nmethod     ] Register NMethod: java.util.concurrent.locks.AbstractQueuedSynchronizer.compareAndSetState (0x0000029cc9d89508) [0x0000029cc9d89600, 0x0000029cc9d89690] Compiler: c2, Barriers: 0, Oops: 0, ImmediateOops: 0, NonImmediateOops: No
[2024-10-26T03:26:26.491+0530][1.882s][debug][gc,nmethod     ] Register NMethod: java.lang.invoke.MethodHandle.<init> (0x0000029cc9d89808) [0x0000029cc9d89940, 0x0000029cc9d89c88] Compiler: c2, Barriers: 8, Oops: 0, ImmediateOops: 0, NonImmediateOops: No
[2024-10-26T03:26:26.496+0530][1.886s][debug][gc,nmethod     ] Register NMethod: sun.nio.fs.WindowsPath.isAbsolute (0x0000029cc2737d08) [0x0000029cc2737e20, 0x0000029cc2737fe8] Compiler: c1, Barriers: 1, Oops: 0, ImmediateOops: 2, NonImmediateOops: No
[2024-10-26T03:26:26.497+0530][1.888s][debug][gc,nmethod     ] Register NMethod: java.util.StringTokenizer.scanToken (0x0000029cc2738008) [0x0000029cc27382a0, 0x0000029cc2739578] Compiler: c1, Barriers: 10, Oops: 1, ImmediateOops: 4, NonImmediateOops: No
[2024-10-26T03:26:26.498+0530][1.888s][debug][gc,director    ] Rule Major: Warmup 10%, Used: 148MB, UsedThreshold: 204MB
[2024-10-26T03:26:26.498+0530][1.888s][debug][gc,director    ] Rule Minor: High Usage, Free: 1860MB(90.8%)
[2024-10-26T03:26:26.498+0530][1.889s][debug][gc,nmethod     ] Register NMethod: sun.nio.cs.UTF_8.updatePositions (0x0000029cc2739608) [0x0000029cc2739760, 0x0000029cc2739b98] Compiler: c1, Barriers: 0, Oops: 0, ImmediateOops: 0, NonImmediateOops: No
[2024-10-26T03:26:26.498+0530][1.889s][debug][gc,nmethod     ] Register NMethod: java.lang.System$2.decodeASCII (0x0000029cc2739c08) [0x0000029cc2739d20, 0x0000029cc2739e68] Compiler: c1, Barriers: 0, Oops: 0, ImmediateOops: 0, NonImmediateOops: No
[2024-10-26T03:26:26.498+0530][1.889s][debug][gc,nmethod     ] Register NMethod: sun.nio.cs.UTF_8$Decoder.decodeLoop (0x0000029cc2739f08) [0x0000029cc273a060, 0x0000029cc273a478] Compiler: c1, Barriers: 2, Oops: 0, ImmediateOops: 0, NonImmediateOops: No
[2024-10-26T03:26:26.499+0530][1.889s][debug][gc,nmethod     ] Register NMethod: java.lang.String.decodeASCII (0x0000029cc273a508) [0x0000029cc273a640, 0x0000029cc273a8e0] Compiler: c1, Barriers: 0, Oops: 0, ImmediateOops: 0, NonImmediateOops: No
[2024-10-26T03:26:26.499+0530][1.889s][debug][gc,nmethod     ] Register NMethod: sun.nio.cs.UTF_8$Decoder.xflow (0x0000029cc273a908) [0x0000029cc273aa80, 0x0000029cc273afd0] Compiler: c1, Barriers: 0, Oops: 0, ImmediateOops: 2, NonImmediateOops: No
[2024-10-26T03:26:26.500+0530][1.891s][debug][gc,nmethod     ] Register NMethod: sun.nio.cs.UTF_8$Decoder.decodeArrayLoop (0x0000029cc273b008) [0x0000029cc273b820, 0x0000029cc27407b8] Compiler: c1, Barriers: 2, Oops: 1, ImmediateOops: 10, NonImmediateOops: No
[2024-10-26T03:26:26.500+0530][1.891s][debug][gc,nmethod     ] Register NMethod: java.lang.ClassLoader.getParent (0x0000029cc2740888) [0x0000029cc27409c0, 0x0000029cc2740c40] Compiler: c1, Barriers: 1, Oops: 0, ImmediateOops: 0, NonImmediateOops: No
[2024-10-26T03:26:26.503+0530][1.894s][debug][gc,nmethod     ] Register NMethod: ch.qos.logback.core.pattern.Converter.getNext (0x0000029cc9d89d08) [0x0000029cc9d89e20, 0x0000029cc9d89f18] Compiler: c1, Barriers: 1, Oops: 1, ImmediateOops: 0, NonImmediateOops: No
[2024-10-26T03:26:26.504+0530][1.894s][debug][gc,nmethod     ] Register NMethod: java.lang.invoke.MethodHandle.linkToVirtual (0x0000029cc9d8a008) [0x0000029cc9d8a100, 0x0000029cc9d8a130] Compiler: , Barriers: 0, Oops: 0, ImmediateOops: 0, NonImmediateOops: No
[2024-10-26T03:26:26.504+0530][1.895s][debug][gc,nmethod     ] Register NMethod: java.lang.invoke.MethodHandle.invokeBasic (0x0000029cc9d8a308) [0x0000029cc9d8a420, 0x0000029cc9d8a710] Compiler: , Barriers: 0, Oops: 0, ImmediateOops: 0, NonImmediateOops: No
[2024-10-26T03:26:26.504+0530][1.895s][debug][gc,nmethod     ] Register NMethod: java.lang.invoke.InvokerBytecodeGenerator.<init> (0x0000029cc2740c88) [0x0000029cc2740dc0, 0x0000029cc2740f78] Compiler: c1, Barriers: 0, Oops: 0, ImmediateOops: 0, NonImmediateOops: No
[2024-10-26T03:26:26.504+0530][1.895s][debug][gc,nmethod     ] Register NMethod: java.lang.invoke.InvokerBytecodeGenerator.generateCustomizedCodeBytes (0x0000029cc2741008) [0x0000029cc27411a0, 0x0000029cc2741600] Compiler: c1, Barriers: 5, Oops: 0, ImmediateOops: 0, NonImmediateOops: No
[2024-10-26T03:26:26.505+0530][1.895s][debug][gc,nmethod     ] Register NMethod: java.lang.invoke.InvokerBytecodeGenerator.loadMethod (0x0000029cc2741688) [0x0000029cc2741800, 0x0000029cc2741b90] Compiler: c1, Barriers: 3, Oops: 2, ImmediateOops: 3, NonImmediateOops: No
[2024-10-26T03:26:26.506+0530][1.897s][debug][gc,nmethod     ] Register NMethod: java.util.LinkedHashMap$LinkedValueIterator.next (0x0000029cc9d8a788) [0x0000029cc9d8a8c0, 0x0000029cc9d8ac20] Compiler: c2, Barriers: 10, Oops: 0, ImmediateOops: 0, NonImmediateOops: No
[2024-10-26T03:26:26.509+0530][1.899s][debug][gc,director    ] Rule Major: Warmup 10%, Used: 150MB, UsedThreshold: 204MB
[2024-10-26T03:26:26.509+0530][1.899s][debug][gc,director    ] Rule Minor: High Usage, Free: 1858MB(90.7%)
[2024-10-26T03:26:26.511+0530][1.901s][debug][gc,nmethod     ] Register NMethod: java.util.logging.LogManager.ensureLogManagerInitialized (0x0000029cc2741c08) [0x0000029cc2741ee0, 0x0000029cc2743300] Compiler: c1, Barriers: 17, Oops: 0, ImmediateOops: 1, NonImmediateOops: No
[2024-10-26T03:26:26.511+0530][1.902s][debug][gc,nmethod     ] Register NMethod: jdk.internal.loader.BootLoader.findResource (0x0000029cc2743388) [0x0000029cc27434c0, 0x0000029cc27436d0] Compiler: c1, Barriers: 0, Oops: 0, ImmediateOops: 1, NonImmediateOops: No
[2024-10-26T03:26:26.511+0530][1.902s][debug][gc,nmethod     ] Register NMethod: java.lang.ClassLoader.getResource (0x0000029cc2743708) [0x0000029cc2743880, 0x0000029cc2743ea8] Compiler: c1, Barriers: 1, Oops: 0, ImmediateOops: 1, NonImmediateOops: No
[2024-10-26T03:26:26.514+0530][1.904s][debug][gc,nmethod     ] Register NMethod: jdk.internal.jimage.ImageLocation.verify (0x0000029cc9d8ac88) [0x0000029cc9d8af00, 0x0000029cc9d8cbd0] Compiler: c2, Barriers: 13, Oops: 3, ImmediateOops: 0, NonImmediateOops: No
[2024-10-26T03:26:26.514+0530][1.905s][debug][gc,nmethod     ] Register NMethod: java.lang.invoke.StringConcatFactory.classIndex (0x0000029cc2743f08) [0x0000029cc2744100, 0x0000029cc2744a08] Compiler: c1, Barriers: 0, Oops: 1, ImmediateOops: 8, NonImmediateOops: No
[2024-10-26T03:26:26.514+0530][1.905s][debug][gc,nmethod     ] Register NMethod: java.lang.invoke.LambdaForm$BasicType.basicType (0x0000029cc2744a88) [0x0000029cc2744ca0, 0x0000029cc2745730] Compiler: c1, Barriers: 0, Oops: 2, ImmediateOops: 10, NonImmediateOops: No
[2024-10-26T03:26:26.515+0530][1.906s][debug][gc,nmethod     ] Register NMethod: java.lang.invoke.MethodHandles.argumentsWithCombiner (0x0000029cc2745788) [0x0000029cc27459e0, 0x0000029cc2746a40] Compiler: c1, Barriers: 14, Oops: 0, ImmediateOops: 1, NonImmediateOops: No
[2024-10-26T03:26:26.515+0530][1.906s][debug][gc,nmethod     ] Register NMethod: java.lang.invoke.MethodHandles.argumentsWithCombinerChecks (0x0000029cc2746b08) [0x0000029cc2746ee0, 0x0000029cc2748980] Compiler: c1, Barriers: 9, Oops: 7, ImmediateOops: 13, NonImmediateOops: No
[2024-10-26T03:26:26.517+0530][1.907s][debug][gc,nmethod     ] Register NMethod: java.lang.Class.getClassLoader0 (0x0000029cc9d8cd08) [0x0000029cc9d8ce20, 0x0000029cc9d8cf18] Compiler: c1, Barriers: 1, Oops: 0, ImmediateOops: 0, NonImmediateOops: No
[2024-10-26T03:26:26.517+0530][1.908s][debug][gc,nmethod     ] Register NMethod: ch.qos.logback.classic.Logger.<init> (0x0000029cc2748a88) [0x0000029cc2748bc0, 0x0000029cc2748e90] Compiler: c1, Barriers: 9, Oops: 1, ImmediateOops: 0, NonImmediateOops: No
[2024-10-26T03:26:26.518+0530][1.909s][debug][gc,nmethod     ] Register NMethod: java.util.logging.Level.intValue (0x0000029cc9d8d008) [0x0000029cc9d8d120, 0x0000029cc9d8d1e8] Compiler: c1, Barriers: 0, Oops: 0, ImmediateOops: 0, NonImmediateOops: No
[2024-10-26T03:26:26.519+0530][1.910s][debug][gc,nmethod     ] Register NMethod: java.lang.invoke.BoundMethodHandle.speciesDataFor (0x0000029cc2748f08) [0x0000029cc2749040, 0x0000029cc2749410] Compiler: c1, Barriers: 3, Oops: 0, ImmediateOops: 2, NonImmediateOops: No
[2024-10-26T03:26:26.520+0530][1.910s][debug][gc,nmethod     ] Register NMethod: java.lang.invoke.LambdaFormBuffer.replaceName (0x0000029cc2749488) [0x0000029cc27495c0, 0x0000029cc27497e0] Compiler: c1, Barriers: 2, Oops: 0, ImmediateOops: 0, NonImmediateOops: No
[2024-10-26T03:26:26.520+0530][1.910s][debug][gc,director    ] Rule Major: Warmup 10%, Used: 150MB, UsedThreshold: 204MB
[2024-10-26T03:26:26.520+0530][1.910s][debug][gc,director    ] Rule Minor: High Usage, Free: 1858MB(90.7%)
[2024-10-26T03:26:26.520+0530][1.910s][debug][gc,nmethod     ] Register NMethod: java.lang.invoke.MemberName.initResolved (0x0000029cc9d8d308) [0x0000029cc9d8d400, 0x0000029cc9d8d508] Compiler: c2, Barriers: 3, Oops: 0, ImmediateOops: 0, NonImmediateOops: No
[2024-10-26T03:26:26.520+0530][1.910s][debug][gc,nmethod     ] Register NMethod: java.lang.invoke.MethodHandle.invokeBasic (0x0000029cc9d8d608) [0x0000029cc9d8d720, 0x0000029cc9d8da10] Compiler: , Barriers: 0, Oops: 0, ImmediateOops: 0, NonImmediateOops: No
[2024-10-26T03:26:26.520+0530][1.910s][debug][gc,nmethod     ] Register NMethod: java.lang.invoke.MethodHandle.linkToSpecial (0x0000029cc9d8da88) [0x0000029cc9d8db80, 0x0000029cc9d8dc98] Compiler: , Barriers: 0, Oops: 0, ImmediateOops: 0, NonImmediateOops: No
[2024-10-26T03:26:26.520+0530][1.911s][debug][gc,nmethod     ] Register NMethod: java.lang.invoke.MethodHandle.linkToStatic (0x0000029cc9d8dd88) [0x0000029cc9d8de80, 0x0000029cc9d8df98] Compiler: , Barriers: 0, Oops: 0, ImmediateOops: 0, NonImmediateOops: No
[2024-10-26T03:26:26.521+0530][1.911s][debug][gc,nmethod     ] Register NMethod: java.lang.invoke.MethodHandle.invokeBasic (0x0000029cc9d8e088) [0x0000029cc9d8e1a0, 0x0000029cc9d8e490] Compiler: , Barriers: 0, Oops: 0, ImmediateOops: 0, NonImmediateOops: No
[2024-10-26T03:26:26.521+0530][1.911s][debug][gc,nmethod     ] Register NMethod: java.lang.invoke.MethodHandle.linkToStatic (0x0000029cc9d8e508) [0x0000029cc9d8e600, 0x0000029cc9d8e718] Compiler: , Barriers: 0, Oops: 0, ImmediateOops: 0, NonImmediateOops: No
[2024-10-26T03:26:26.521+0530][1.912s][debug][gc,nmethod     ] Register NMethod: jdk.internal.org.objectweb.asm.Frame.push (0x0000029cc9d8e808) [0x0000029cc9d8e920, 0x0000029cc9d8ec28] Compiler: c2, Barriers: 5, Oops: 0, ImmediateOops: 0, NonImmediateOops: No
[2024-10-26T03:26:26.521+0530][1.912s][debug][gc,nmethod     ] Register NMethod: java.lang.invoke.MethodHandle.invokeBasic (0x0000029cc9d8ec88) [0x0000029cc9d8eda0, 0x0000029cc9d8f090] Compiler: , Barriers: 0, Oops: 0, ImmediateOops: 0, NonImmediateOops: No
[2024-10-26T03:26:26.521+0530][1.912s][debug][gc,nmethod     ] Register NMethod: java.util.TreeMap.rotateLeft (0x0000029cc2749808) [0x0000029cc2749980, 0x0000029cc274a030] Compiler: c1, Barriers: 29, Oops: 0, ImmediateOops: 0, NonImmediateOops: No
[2024-10-26T03:26:26.522+0530][1.913s][debug][gc,nmethod     ] Register NMethod: java.io.WinNTFileSystem.isInvalid (0x0000029cc274a088) [0x0000029cc274a1c0, 0x0000029cc274a3d8] Compiler: c1, Barriers: 1, Oops: 0, ImmediateOops: 0, NonImmediateOops: No
[2024-10-26T03:26:26.525+0530][1.915s][debug][gc,nmethod     ] Register NMethod: java.io.WinNTFileSystem.normalize (0x0000029cc9d8f108) [0x0000029cc9d8f300, 0x0000029cc9d8fa28] Compiler: c2, Barriers: 5, Oops: 3, ImmediateOops: 5, NonImmediateOops: No
[2024-10-26T03:26:26.527+0530][1.918s][debug][gc,nmethod     ] Register NMethod: sun.invoke.util.VerifyAccess.isSamePackage (0x0000029cc9d8fb08) [0x0000029cc9d8fd20, 0x0000029cc9d911a8] Compiler: c2, Barriers: 20, Oops: 1, ImmediateOops: 2, NonImmediateOops: No
[2024-10-26T03:26:26.530+0530][1.920s][debug][gc,director    ] Rule Major: Warmup 10%, Used: 150MB, UsedThreshold: 204MB
[2024-10-26T03:26:26.530+0530][1.920s][debug][gc,director    ] Rule Minor: High Usage, Free: 1858MB(90.7%)
[2024-10-26T03:26:26.540+0530][1.930s][debug][gc,director    ] Rule Major: Warmup 10%, Used: 152MB, UsedThreshold: 204MB
[2024-10-26T03:26:26.540+0530][1.930s][debug][gc,director    ] Rule Minor: High Usage, Free: 1856MB(90.6%)
[2024-10-26T03:26:26.542+0530][1.933s][debug][gc,nmethod     ] Register NMethod: java.lang.invoke.MethodHandle.linkToStatic (0x0000029cc9d91288) [0x0000029cc9d91380, 0x0000029cc9d91490] Compiler: , Barriers: 0, Oops: 0, ImmediateOops: 0, NonImmediateOops: No
[2024-10-26T03:26:26.543+0530][1.934s][debug][gc,nmethod     ] Register NMethod: java.io.File.getPrefixLength (0x0000029cc9d91588) [0x0000029cc9d916a0, 0x0000029cc9d91768] Compiler: c1, Barriers: 0, Oops: 0, ImmediateOops: 0, NonImmediateOops: No
[2024-10-26T03:26:26.544+0530][1.935s][debug][gc,nmethod     ] Register NMethod: java.lang.invoke.MethodHandle.invokeBasic (0x0000029cc9d91888) [0x0000029cc9d919a0, 0x0000029cc9d91c90] Compiler: , Barriers: 0, Oops: 0, ImmediateOops: 0, NonImmediateOops: No
[2024-10-26T03:26:26.544+0530][1.935s][debug][gc,nmethod     ] Register NMethod: java.lang.invoke.MethodHandle.linkToSpecial (0x0000029cc9d91d08) [0x0000029cc9d91e00, 0x0000029cc9d91f10] Compiler: , Barriers: 0, Oops: 0, ImmediateOops: 0, NonImmediateOops: No
[2024-10-26T03:26:26.546+0530][1.937s][debug][gc,nmethod     ] Register NMethod: java.lang.invoke.MethodHandles.insertArgumentsChecks (0x0000029cc274a408) [0x0000029cc274a580, 0x0000029cc274aac0] Compiler: c1, Barriers: 2, Oops: 2, ImmediateOops: 2, NonImmediateOops: No
[2024-10-26T03:26:26.546+0530][1.937s][debug][gc,nmethod     ] Register NMethod: java.lang.invoke.MethodHandles.insertArguments (0x0000029cc274ab08) [0x0000029cc274ad20, 0x0000029cc274b8e8] Compiler: c1, Barriers: 6, Oops: 0, ImmediateOops: 0, NonImmediateOops: No
[2024-10-26T03:26:26.548+0530][1.939s][debug][gc,nmethod     ] Register NMethod: jdk.internal.loader.BuiltinClassLoader.hasClassPath (0x0000029cc9d92008) [0x0000029cc9d92100, 0x0000029cc9d921d0] Compiler: c2, Barriers: 1, Oops: 0, ImmediateOops: 0, NonImmediateOops: No
[2024-10-26T03:26:26.550+0530][1.940s][debug][gc,director    ] Rule Major: Warmup 10%, Used: 154MB, UsedThreshold: 204MB
[2024-10-26T03:26:26.550+0530][1.940s][debug][gc,director    ] Rule Minor: High Usage, Free: 1854MB(90.5%)
[2024-10-26T03:26:26.551+0530][1.942s][debug][gc,nmethod     ] Register NMethod: java.lang.invoke.MethodHandle.linkToInterface (0x0000029cc9d92308) [0x0000029cc9d92400, 0x0000029cc9d92560] Compiler: , Barriers: 0, Oops: 0, ImmediateOops: 0, NonImmediateOops: No
[2024-10-26T03:26:26.553+0530][1.944s][debug][gc,nmethod     ] Register NMethod: jdk.internal.misc.VM.isModuleSystemInited (0x0000029cc9d92608) [0x0000029cc9d92700, 0x0000029cc9d92798] Compiler: c2, Barriers: 0, Oops: 0, ImmediateOops: 1, NonImmediateOops: No
[2024-10-26T03:26:26.553+0530][1.944s][debug][gc,nmethod     ] Register NMethod: java.lang.invoke.LambdaFormEditor.oldSpeciesData (0x0000029cc274b988) [0x0000029cc274bae0, 0x0000029cc274bf60] Compiler: c1, Barriers: 4, Oops: 0, ImmediateOops: 2, NonImmediateOops: No
[2024-10-26T03:26:26.553+0530][1.944s][debug][gc,nmethod     ] Register NMethod: java.lang.invoke.MethodHandle.invokeBasic (0x0000029cc9d92908) [0x0000029cc9d92a20, 0x0000029cc9d92d10] Compiler: , Barriers: 0, Oops: 0, ImmediateOops: 0, NonImmediateOops: No
[2024-10-26T03:26:26.553+0530][1.944s][debug][gc,nmethod     ] Register NMethod: java.lang.invoke.MethodHandle.linkToSpecial (0x0000029cc9d92d88) [0x0000029cc9d92e80, 0x0000029cc9d92f90] Compiler: , Barriers: 0, Oops: 0, ImmediateOops: 0, NonImmediateOops: No
[2024-10-26T03:26:26.553+0530][1.944s][debug][gc,nmethod     ] Register NMethod: java.lang.invoke.LambdaFormBuffer.insertExpression (0x0000029cc274bf88) [0x0000029cc274c0a0, 0x0000029cc274c1f8] Compiler: c1, Barriers: 0, Oops: 0, ImmediateOops: 0, NonImmediateOops: No
[2024-10-26T03:26:26.556+0530][1.946s][debug][gc,nmethod     ] Register NMethod: org.springframework.beans.factory.InjectionPoint.obtainMethodParameter (0x0000029cc274c288) [0x0000029cc274c3c0, 0x0000029cc274c6a0] Compiler: c1, Barriers: 1, Oops: 2, ImmediateOops: 1, NonImmediateOops: No
[2024-10-26T03:26:26.558+0530][1.949s][debug][gc,nmethod     ] Register NMethod: org.springframework.core.ResolvableType.isInstance (0x0000029cc274c708) [0x0000029cc274c840, 0x0000029cc274caf0] Compiler: c1, Barriers: 1, Oops: 1, ImmediateOops: 0, NonImmediateOops: No
[2024-10-26T03:26:26.559+0530][1.950s][debug][gc,nmethod     ] Register NMethod: org.springframework.core.ResolvableType.hasGenerics (0x0000029cc274cb88) [0x0000029cc274ccc0, 0x0000029cc274cee0] Compiler: c1, Barriers: 0, Oops: 1, ImmediateOops: 0, NonImmediateOops: No
[2024-10-26T03:26:26.559+0530][1.950s][debug][gc,nmethod     ] Register NMethod: org.springframework.boot.loader.jar.NestedJarFile.getNestedJarEntry (0x0000029cc274cf08) [0x0000029cc274d100, 0x0000029cc274da00] Compiler: c1, Barriers: 14, Oops: 2, ImmediateOops: 1, NonImmediateOops: No
[2024-10-26T03:26:26.560+0530][1.950s][debug][gc,director    ] Rule Major: Warmup 10%, Used: 154MB, UsedThreshold: 204MB
[2024-10-26T03:26:26.560+0530][1.950s][debug][gc,director    ] Rule Minor: High Usage, Free: 1854MB(90.5%)
[2024-10-26T03:26:26.560+0530][1.951s][debug][gc,nmethod     ] Register NMethod: java.util.concurrent.ConcurrentHashMap.remove (0x0000029cc274da88) [0x0000029cc274dba0, 0x0000029cc274dcf0] Compiler: c1, Barriers: 0, Oops: 0, ImmediateOops: 0, NonImmediateOops: No
[2024-10-26T03:26:26.560+0530][1.951s][debug][gc,nmethod     ] Register NMethod: org.springframework.beans.factory.support.AbstractBeanFactory.isTypeMatch (0x0000029cc274dd88) [0x0000029cc274e580, 0x0000029cc27544b0] Compiler: c1, Barriers: 45, Oops: 5, ImmediateOops: 19, NonImmediateOops: No
[2024-10-26T03:26:26.561+0530][1.952s][debug][gc,nmethod     ] Register NMethod: org.springframework.core.SerializableTypeWrapper$MethodParameterTypeProvider.<init> (0x0000029cc2754688) [0x0000029cc2754840, 0x0000029cc27555e8] Compiler: c1, Barriers: 15, Oops: 1, ImmediateOops: 0, NonImmediateOops: No
[2024-10-26T03:26:26.561+0530][1.952s][debug][gc,nmethod     ] Register NMethod: org.springframework.core.ResolvableType.getNested (0x0000029cc2755688) [0x0000029cc27558c0, 0x0000029cc2756a00] Compiler: c1, Barriers: 2, Oops: 1, ImmediateOops: 3, NonImmediateOops: No
[2024-10-26T03:26:26.564+0530][1.954s][debug][gc,nmethod     ] Register NMethod: org.springframework.beans.factory.config.InstantiationAwareBeanPostProcessor.postProcessAfterInstantiation (0x0000029cc9d93088) [0x0000029cc9d931a0, 0x0000029cc9d93268] Compiler: c1, Barriers: 0, Oops: 1, ImmediateOops: 0, NonImmediateOops: No
[2024-10-26T03:26:26.564+0530][1.955s][debug][gc,nmethod     ] Register NMethod: org.springframework.beans.factory.annotation.InjectionMetadata.needsRefresh (0x0000029cc2756a88) [0x0000029cc2756bc0, 0x0000029cc2756de8] Compiler: c1, Barriers: 0, Oops: 1, ImmediateOops: 0, NonImmediateOops: No
[2024-10-26T03:26:26.564+0530][1.955s][debug][gc,nmethod     ] Register NMethod: org.springframework.core.ResolvableType.isAssignableFrom (0x0000029cc22e8888) [0x0000029cc22e8ce0, 0x0000029cc22eb7e0] Compiler: c1, Barriers: 21, Oops: 3, ImmediateOops: 5, NonImmediateOops: No
[2024-10-26T03:26:26.565+0530][1.956s][debug][gc,nmethod     ] Register NMethod: org.springframework.core.ResolvableType$WildcardBounds.get (0x0000029cc22d3688) [0x0000029cc22d38e0, 0x0000029cc22d4ad0] Compiler: c1, Barriers: 15, Oops: 1, ImmediateOops: 3, NonImmediateOops: No
[2024-10-26T03:26:26.565+0530][1.956s][debug][gc,nmethod     ] Register NMethod: org.springframework.core.ResolvableType$WildcardBounds.get (0x0000029cc22d3688) [0x0000029cc22d38e0, 0x0000029cc22d4ad0] Compiler: c1, Barriers: 15, Oops: 1, ImmediateOops: 3, NonImmediateOops: No
[2024-10-26T03:26:26.565+0530][1.956s][debug][gc,nmethod     ] Register NMethod: org.springframework.core.ResolvableType$WildcardBounds.get (0x0000029cc22d3688) [0x0000029cc22d38e0, 0x0000029cc22d4ad0] Compiler: c1, Barriers: 15, Oops: 1, ImmediateOops: 5, NonImmediateOops: No
[2024-10-26T03:26:26.565+0530][1.956s][debug][gc,nmethod     ] Register NMethod: org.springframework.core.ResolvableType$WildcardBounds.get (0x0000029cc22d3688) [0x0000029cc22d38e0, 0x0000029cc22d4ad0] Compiler: c1, Barriers: 15, Oops: 1, ImmediateOops: 5, NonImmediateOops: No
[2024-10-26T03:26:26.565+0530][1.956s][debug][gc,nmethod     ] Register NMethod: org.springframework.core.ResolvableType$WildcardBounds.get (0x0000029cc22d3688) [0x0000029cc22d38e0, 0x0000029cc22d4ad0] Compiler: c1, Barriers: 15, Oops: 1, ImmediateOops: 5, NonImmediateOops: No
[2024-10-26T03:26:26.567+0530][1.958s][debug][gc,nmethod     ] Register NMethod: org.springframework.beans.factory.support.AbstractBeanFactory.resolveBeanClass (0x0000029cc2756e08) [0x0000029cc2757140, 0x0000029cc27592e8] Compiler: c1, Barriers: 13, Oops: 1, ImmediateOops: 1, NonImmediateOops: No
[2024-10-26T03:26:26.567+0530][1.958s][debug][gc,nmethod     ] Register NMethod: org.springframework.boot.context.properties.source.SpringIterableConfigurationPropertySource$Mappings.containsDescendantOf (0x0000029cc2759388) [0x0000029cc2759560, 0x0000029cc275a070] Compiler: c1, Barriers: 3, Oops: 1, ImmediateOops: 4, NonImmediateOops: No
[2024-10-26T03:26:26.567+0530][1.958s][debug][gc,nmethod     ] Register NMethod: org.springframework.boot.context.properties.bind.Bindable.getAnnotations (0x0000029cc9d93388) [0x0000029cc9d934a0, 0x0000029cc9d93598] Compiler: c1, Barriers: 1, Oops: 1, ImmediateOops: 0, NonImmediateOops: No
[2024-10-26T03:26:26.567+0530][1.958s][debug][gc,nmethod     ] Register NMethod: java.util.Collections.emptySet (0x0000029cc9d93688) [0x0000029cc9d93780, 0x0000029cc9d937f0] Compiler: c2, Barriers: 0, Oops: 0, ImmediateOops: 1, NonImmediateOops: No
[2024-10-26T03:26:26.568+0530][1.959s][debug][gc,nmethod     ] Register NMethod: java.lang.Package$VersionInfo.<init> (0x0000029cc275a108) [0x0000029cc275a260, 0x0000029cc275a710] Compiler: c1, Barriers: 21, Oops: 0, ImmediateOops: 0, NonImmediateOops: No
[2024-10-26T03:26:26.569+0530][1.960s][debug][gc,nmethod     ] Register NMethod: org.springframework.core.annotation.PackagesAnnotationFilter.matches (0x0000029cc9d93988) [0x0000029cc9d93ac0, 0x0000029cc9d93fd0] Compiler: c2, Barriers: 4, Oops: 1, ImmediateOops: 0, NonImmediateOops: No
[2024-10-26T03:26:26.569+0530][1.960s][debug][gc,nmethod     ] Register NMethod: java.util.ArrayList.addAll (0x0000029cc275a788) [0x0000029cc275a940, 0x0000029cc275b110] Compiler: c1, Barriers: 1, Oops: 0, ImmediateOops: 0, NonImmediateOops: No
[2024-10-26T03:26:26.570+0530][1.961s][debug][gc,nmethod     ] Register NMethod: org.springframework.util.ReflectionUtils.doWithMethods (0x0000029cc275b188) [0x0000029cc275b3c0, 0x0000029cc275be58] Compiler: c1, Barriers: 3, Oops: 1, ImmediateOops: 4, NonImmediateOops: No
[2024-10-26T03:26:26.571+0530][1.961s][debug][gc,director    ] Rule Major: Warmup 10%, Used: 156MB, UsedThreshold: 204MB
[2024-10-26T03:26:26.571+0530][1.961s][debug][gc,director    ] Rule Minor: High Usage, Free: 1852MB(90.4%)
[2024-10-26T03:26:26.571+0530][1.962s][debug][gc,nmethod     ] Register NMethod: org.springframework.core.MethodParameter.<init> (0x0000029cc275be88) [0x0000029cc275c080, 0x0000029cc275cc58] Compiler: c1, Barriers: 4, Oops: 3, ImmediateOops: 3, NonImmediateOops: No
[2024-10-26T03:26:26.571+0530][1.962s][debug][gc,nmethod     ] Register NMethod: org.springframework.core.MethodParameter.<init> (0x0000029cc275cd08) [0x0000029cc275cf00, 0x0000029cc275db28] Compiler: c1, Barriers: 4, Oops: 3, ImmediateOops: 3, NonImmediateOops: No
[2024-10-26T03:26:26.572+0530][1.962s][debug][gc,nmethod     ] Register NMethod: java.lang.invoke.LambdaFormBuffer.clearDuplicatesAndNulls (0x0000029cc275dc08) [0x0000029cc275de40, 0x0000029cc275efa8] Compiler: c1, Barriers: 19, Oops: 0, ImmediateOops: 0, NonImmediateOops: No
[2024-10-26T03:26:26.572+0530][1.963s][debug][gc,nmethod     ] Register NMethod: java.util.Collections$SetFromMap.contains (0x0000029cc9d94088) [0x0000029cc9d94200, 0x0000029cc9d94838] Compiler: c2, Barriers: 9, Oops: 0, ImmediateOops: 0, NonImmediateOops: No
[2024-10-26T03:26:26.576+0530][1.967s][debug][gc,nmethod     ] Register NMethod: java.lang.Throwable.<init> (0x0000029cc275f008) [0x0000029cc275f180, 0x0000029cc275f678] Compiler: c1, Barriers: 13, Oops: 0, ImmediateOops: 3, NonImmediateOops: No
[2024-10-26T03:26:26.579+0530][1.970s][debug][gc,nmethod     ] Register NMethod: java.lang.invoke.MethodHandles.constant (0x0000029cc275f708) [0x0000029cc275f9a0, 0x0000029cc2760930] Compiler: c1, Barriers: 6, Oops: 2, ImmediateOops: 4, NonImmediateOops: No
[2024-10-26T03:26:26.582+0530][1.972s][debug][gc,director    ] Rule Major: Warmup 10%, Used: 158MB, UsedThreshold: 204MB
[2024-10-26T03:26:26.582+0530][1.972s][debug][gc,director    ] Rule Minor: High Usage, Free: 1850MB(90.3%)
[2024-10-26T03:26:26.582+0530][1.973s][debug][gc,nmethod     ] Register NMethod: org.springframework.core.ResolvableType$1.<init> (0x0000029cc2760a08) [0x0000029cc2760b40, 0x0000029cc2760ce8] Compiler: c1, Barriers: 3, Oops: 1, ImmediateOops: 0, NonImmediateOops: No
[2024-10-26T03:26:26.582+0530][1.973s][debug][gc,nmethod     ] Register NMethod: org.springframework.core.ResolvableType.forRawClass (0x0000029cc2760d08) [0x0000029cc2760e40, 0x0000029cc27610a8] Compiler: c1, Barriers: 3, Oops: 1, ImmediateOops: 0, NonImmediateOops: No
[2024-10-26T03:26:26.584+0530][1.975s][debug][gc,nmethod     ] Register NMethod: org.springframework.boot.context.properties.bind.JavaBeanBinder$BeanProperties$$Lambda/0x000002a0d4348d28.apply (0x0000029cc2761108) [0x0000029cc2761220, 0x0000029cc2761458] Compiler: c1, Barriers: 1, Oops: 1, ImmediateOops: 0, NonImmediateOops: No
[2024-10-26T03:26:26.584+0530][1.975s][debug][gc,nmethod     ] Register NMethod: org.springframework.boot.context.properties.bind.Bindable.<init> (0x0000029cc2761488) [0x0000029cc27615e0, 0x0000029cc2761a10] Compiler: c1, Barriers: 18, Oops: 1, ImmediateOops: 0, NonImmediateOops: No
[2024-10-26T03:26:26.584+0530][1.975s][debug][gc,nmethod     ] Register NMethod: org.springframework.boot.context.properties.bind.JavaBeanBinder$BeanProperties.addMethodIfPossible (0x0000029cc2761a88) [0x0000029cc2761ce0, 0x0000029cc2762ca8] Compiler: c1, Barriers: 9, Oops: 2, ImmediateOops: 2, NonImmediateOops: No
[2024-10-26T03:26:26.585+0530][1.976s][debug][gc,nmethod     ] Register NMethod: java.lang.reflect.Method.isDefault (0x0000029cc2762d88) [0x0000029cc2762ec0, 0x0000029cc27630e8] Compiler: c1, Barriers: 1, Oops: 0, ImmediateOops: 0, NonImmediateOops: No
[2024-10-26T03:26:26.586+0530][1.977s][debug][gc,nmethod     ] Register NMethod: org.springframework.core.annotation.AnnotationUtils.isCandidateClass (0x0000029cc2763108) [0x0000029cc27632a0, 0x0000029cc27637a0] Compiler: c1, Barriers: 1, Oops: 2, ImmediateOops: 3, NonImmediateOops: No
[2024-10-26T03:26:26.586+0530][1.977s][debug][gc,nmethod     ] Register NMethod: org.springframework.beans.factory.support.AbstractBeanFactory.getBeanPostProcessors (0x0000029cc9d94888) [0x0000029cc9d949a0, 0x0000029cc9d94aa0] Compiler: c1, Barriers: 1, Oops: 1, ImmediateOops: 0, NonImmediateOops: No
[2024-10-26T03:26:26.586+0530][1.977s][debug][gc,nmethod     ] Register NMethod: org.springframework.util.StringUtils.hasLength (0x0000029cc9d94b88) [0x0000029cc9d94c80, 0x0000029cc9d94d50] Compiler: c2, Barriers: 1, Oops: 1, ImmediateOops: 0, NonImmediateOops: No
[2024-10-26T03:26:26.587+0530][1.978s][debug][gc,nmethod     ] Register NMethod: org.springframework.beans.factory.config.BeanDefinitionHolder.getBeanDefinition (0x0000029cc9d94e88) [0x0000029cc9d94fa0, 0x0000029cc9d95098] Compiler: c1, Barriers: 1, Oops: 1, ImmediateOops: 0, NonImmediateOops: No
[2024-10-26T03:26:26.588+0530][1.979s][debug][gc,nmethod     ] Register NMethod: java.util.stream.ReduceOps$ReduceOp.evaluateSequential (0x0000029cc2763808) [0x0000029cc2763960, 0x0000029cc2763dc0] Compiler: c1, Barriers: 0, Oops: 0, ImmediateOops: 0, NonImmediateOops: No
[2024-10-26T03:26:26.588+0530][1.979s][debug][gc,nmethod     ] Register NMethod: java.util.concurrent.CopyOnWriteArrayList$COWIterator.next (0x0000029cc9d95188) [0x0000029cc9d952a0, 0x0000029cc9d953f8] Compiler: c2, Barriers: 2, Oops: 0, ImmediateOops: 0, NonImmediateOops: No
[2024-10-26T03:26:26.589+0530][1.979s][debug][gc,nmethod     ] Register NMethod: jdk.internal.reflect.ConstructorAccessorImpl.<init> (0x0000029cc2763e08) [0x0000029cc2763f20, 0x0000029cc27640e8] Compiler: c1, Barriers: 0, Oops: 0, ImmediateOops: 0, NonImmediateOops: No
[2024-10-26T03:26:26.589+0530][1.980s][debug][gc,nmethod     ] Register NMethod: jdk.internal.reflect.ReflectionFactory.newConstructorAccessor (0x0000029cc2764188) [0x0000029cc2764340, 0x0000029cc2764928] Compiler: c1, Barriers: 3, Oops: 0, ImmediateOops: 2, NonImmediateOops: No
[2024-10-26T03:26:26.589+0530][1.980s][debug][gc,nmethod     ] Register NMethod: jdk.internal.reflect.MethodHandleAccessorFactory.newConstructorAccessor (0x0000029cc2764988) [0x0000029cc2764be0, 0x0000029cc2765968] Compiler: c1, Barriers: 8, Oops: 1, ImmediateOops: 6, NonImmediateOops: No
[2024-10-26T03:26:26.589+0530][1.980s][debug][gc,nmethod     ] Register NMethod: org.springframework.beans.factory.config.DependencyDescriptor.getDependencyType (0x0000029cc2765a08) [0x0000029cc2765bc0, 0x0000029cc27662d8] Compiler: c1, Barriers: 3, Oops: 2, ImmediateOops: 2, NonImmediateOops: No
[2024-10-26T03:26:26.590+0530][1.981s][debug][gc,nmethod     ] Register NMethod: org.springframework.core.MethodParameter.getNestedParameterType (0x0000029cc2766388) [0x0000029cc27665e0, 0x0000029cc2767968] Compiler: c1, Barriers: 6, Oops: 1, ImmediateOops: 1, NonImmediateOops: No
[2024-10-26T03:26:26.591+0530][1.982s][debug][gc,nmethod     ] Register NMethod: java.lang.invoke.DirectMethodHandle.make (0x0000029cc228db08) [0x0000029cc228de20, 0x0000029cc228f188] Compiler: c1, Barriers: 4, Oops: 0, ImmediateOops: 1, NonImmediateOops: No
[2024-10-26T03:26:26.593+0530][1.983s][debug][gc,nmethod     ] Register NMethod: java.util.Spliterators$EmptySpliterator$OfRef.forEachRemaining (0x0000029cc2767a08) [0x0000029cc2767b40, 0x0000029cc2767df8] Compiler: c1, Barriers: 0, Oops: 0, ImmediateOops: 0, NonImmediateOops: No
[2024-10-26T03:26:26.593+0530][1.983s][debug][gc,director    ] Rule Major: Warmup 10%, Used: 160MB, UsedThreshold: 204MB
[2024-10-26T03:26:26.593+0530][1.984s][debug][gc,director    ] Rule Minor: High Usage, Free: 1848MB(90.2%)
[2024-10-26T03:26:26.593+0530][1.984s][debug][gc,nmethod     ] Register NMethod: java.util.Spliterators$EmptySpliterator.forEachRemaining (0x0000029cc2767e88) [0x0000029cc2767fc0, 0x0000029cc2768220] Compiler: c1, Barriers: 0, Oops: 0, ImmediateOops: 0, NonImmediateOops: No
[2024-10-26T03:26:26.593+0530][1.984s][debug][gc,nmethod     ] Register NMethod: java.lang.PublicMethods$MethodList.filter (0x0000029cc2768288) [0x0000029cc2768460, 0x0000029cc2768f00] Compiler: c1, Barriers: 12, Oops: 1, ImmediateOops: 2, NonImmediateOops: No
[2024-10-26T03:26:26.593+0530][1.984s][debug][gc,nmethod     ] Register NMethod: java.lang.PublicMethods$Key.matches (0x0000029cc9d95488) [0x0000029cc9d955a0, 0x0000029cc9d958f0] Compiler: c2, Barriers: 4, Oops: 0, ImmediateOops: 0, NonImmediateOops: No
[2024-10-26T03:26:26.595+0530][1.986s][debug][gc,nmethod     ] Register NMethod: org.springframework.boot.context.properties.source.SpringConfigurationPropertySources$SourcesIterator.fetchNext (0x0000029cc9d95988) [0x0000029cc9d95ce0, 0x0000029cc9d97788] Compiler: c2, Barriers: 36, Oops: 2, ImmediateOops: 2, NonImmediateOops: No
[2024-10-26T03:26:26.596+0530][1.987s][debug][gc,nmethod     ] Register NMethod: java.lang.invoke.MethodType.invokers (0x0000029cc2768f88) [0x0000029cc27690e0, 0x0000029cc2769590] Compiler: c1, Barriers: 10, Oops: 0, ImmediateOops: 0, NonImmediateOops: No
[2024-10-26T03:26:26.597+0530][1.988s][debug][gc,nmethod     ] Register NMethod: java.lang.Class.getInterfaces (0x0000029cc9d97a08) [0x0000029cc9d97b60, 0x0000029cc9d97fd0] Compiler: c2, Barriers: 7, Oops: 0, ImmediateOops: 1, NonImmediateOops: No
[2024-10-26T03:26:26.601+0530][1.992s][debug][gc,nmethod     ] Register NMethod: org.springframework.core.BridgeMethodResolver.isBridgedCandidateFor (0x0000029cc2769608) [0x0000029cc2769760, 0x0000029cc2769bd8] Compiler: c1, Barriers: 4, Oops: 1, ImmediateOops: 0, NonImmediateOops: No
[2024-10-26T03:26:26.601+0530][1.992s][debug][gc,nmethod     ] Register NMethod: sun.reflect.generics.repository.GenericDeclRepository.getTypeParameters (0x0000029cc2769c88) [0x0000029cc2769de0, 0x0000029cc276a1c8] Compiler: c1, Barriers: 4, Oops: 0, ImmediateOops: 0, NonImmediateOops: No
[2024-10-26T03:26:26.601+0530][1.992s][debug][gc,nmethod     ] Register NMethod: org.springframework.beans.factory.config.BeanPostProcessor.postProcessBeforeInitialization (0x0000029cc276a208) [0x0000029cc276a320, 0x0000029cc276a430] Compiler: c1, Barriers: 0, Oops: 1, ImmediateOops: 0, NonImmediateOops: No
[2024-10-26T03:26:26.601+0530][1.992s][debug][gc,nmethod     ] Register NMethod: org.springframework.core.annotation.AnnotationUtils.isCandidateClass (0x0000029cc276a508) [0x0000029cc276a6a0, 0x0000029cc276ad40] Compiler: c1, Barriers: 2, Oops: 2, ImmediateOops: 3, NonImmediateOops: No
[2024-10-26T03:26:26.602+0530][1.993s][debug][gc,nmethod     ] Register NMethod: org.springframework.beans.factory.config.InstantiationAwareBeanPostProcessor.postProcessBeforeInstantiation (0x0000029cc9d98088) [0x0000029cc9d981a0, 0x0000029cc9d98270] Compiler: c1, Barriers: 0, Oops: 1, ImmediateOops: 0, NonImmediateOops: No
[2024-10-26T03:26:26.602+0530][1.993s][debug][gc,nmethod     ] Register NMethod: java.lang.reflect.Constructor.isVarArgs (0x0000029cc276ad88) [0x0000029cc276aea0, 0x0000029cc276b078] Compiler: c1, Barriers: 0, Oops: 0, ImmediateOops: 0, NonImmediateOops: No
[2024-10-26T03:26:26.602+0530][1.993s][debug][gc,nmethod     ] Register NMethod: org.springframework.context.support.GenericApplicationContext.getBeanFactory (0x0000029cc9d98388) [0x0000029cc9d984a0, 0x0000029cc9d985a0] Compiler: c1, Barriers: 1, Oops: 1, ImmediateOops: 0, NonImmediateOops: No
[2024-10-26T03:26:26.602+0530][1.993s][debug][gc,nmethod     ] Register NMethod: jdk.internal.reflect.MethodHandleAccessorFactory.specializedMethodTypeForConstructor (0x0000029cc276b108) [0x0000029cc276b2a0, 0x0000029cc276b760] Compiler: c1, Barriers: 0, Oops: 0, ImmediateOops: 0, NonImmediateOops: No
[2024-10-26T03:26:26.602+0530][1.993s][debug][gc,nmethod     ] Register NMethod: java.lang.invoke.MemberName.<init> (0x0000029cc276b788) [0x0000029cc276b940, 0x0000029cc276c3d0] Compiler: c1, Barriers: 14, Oops: 0, ImmediateOops: 2, NonImmediateOops: No
[2024-10-26T03:26:26.602+0530][1.993s][debug][gc,nmethod     ] Register NMethod: java.util.ImmutableCollections$Access$1.listFromTrustedArrayNullsAllowed (0x0000029cc276c408) [0x0000029cc276c520, 0x0000029cc276c658] Compiler: c1, Barriers: 0, Oops: 0, ImmediateOops: 0, NonImmediateOops: No
[2024-10-26T03:26:26.603+0530][1.993s][debug][gc,director    ] Rule Major: Warmup 10%, Used: 160MB, UsedThreshold: 204MB
[2024-10-26T03:26:26.603+0530][1.993s][debug][gc,director    ] Rule Minor: High Usage, Free: 1848MB(90.2%)
[2024-10-26T03:26:26.603+0530][1.993s][debug][gc,nmethod     ] Register NMethod: java.util.ImmutableCollections.listFromTrustedArrayNullsAllowed (0x0000029cc276c708) [0x0000029cc276c860, 0x0000029cc276cc78] Compiler: c1, Barriers: 3, Oops: 0, ImmediateOops: 1, NonImmediateOops: No
[2024-10-26T03:26:26.603+0530][1.994s][debug][gc,nmethod     ] Register NMethod: java.util.stream.ReferencePipeline.toList (0x0000029cc276cd08) [0x0000029cc276cea0, 0x0000029cc276d3a8] Compiler: c1, Barriers: 0, Oops: 3, ImmediateOops: 1, NonImmediateOops: No
[2024-10-26T03:26:26.603+0530][1.994s][debug][gc,nmethod     ] Register NMethod: org.springframework.boot.context.properties.source.ConfigurationPropertyName.convertElement (0x0000029cc276d488) [0x0000029cc276d6a0, 0x0000029cc276e338] Compiler: c1, Barriers: 0, Oops: 1, ImmediateOops: 0, NonImmediateOops: No
[2024-10-26T03:26:26.603+0530][1.994s][debug][gc,nmethod     ] Register NMethod: sun.reflect.generics.parser.SignatureParser.parseTypeArgument (0x0000029cc276e408) [0x0000029cc276e6e0, 0x0000029cc276fef0] Compiler: c1, Barriers: 36, Oops: 0, ImmediateOops: 4, NonImmediateOops: No
[2024-10-26T03:26:26.603+0530][1.994s][debug][gc,nmethod     ] Register NMethod: org.springframework.beans.factory.config.BeanPostProcessor.postProcessAfterInitialization (0x0000029cc276ff88) [0x0000029cc27700a0, 0x0000029cc27701b0] Compiler: c1, Barriers: 0, Oops: 1, ImmediateOops: 0, NonImmediateOops: No
[2024-10-26T03:26:26.604+0530][1.995s][debug][gc,nmethod     ] Register NMethod: java.lang.invoke.MethodHandles$Lookup.unreflectConstructor (0x0000029cc2770288) [0x0000029cc27703e0, 0x0000029cc2770738] Compiler: c1, Barriers: 1, Oops: 0, ImmediateOops: 1, NonImmediateOops: No
[2024-10-26T03:26:26.605+0530][1.996s][debug][gc,nmethod     ] Register NMethod: java.lang.Class.descriptorString (0x0000029cc9d98688) [0x0000029cc9d98880, 0x0000029cc9d996b0] Compiler: c2, Barriers: 14, Oops: 0, ImmediateOops: 1, NonImmediateOops: No
[2024-10-26T03:26:26.606+0530][1.997s][debug][gc,nmethod     ] Register NMethod: org.springframework.beans.factory.support.DefaultListableBeanFactory.getAutowireCandidateResolver (0x0000029cc9d99788) [0x0000029cc9d998a0, 0x0000029cc9d999a0] Compiler: c1, Barriers: 1, Oops: 1, ImmediateOops: 0, NonImmediateOops: No
[2024-10-26T03:26:26.606+0530][1.997s][debug][gc,nmethod     ] Register NMethod: java.lang.invoke.LambdaForm$Name.useCount (0x0000029cc9d99a88) [0x0000029cc9d99ba0, 0x0000029cc9d99f28] Compiler: c2, Barriers: 5, Oops: 0, ImmediateOops: 0, NonImmediateOops: No
[2024-10-26T03:26:26.607+0530][1.998s][debug][gc,nmethod     ] Register NMethod: org.springframework.core.SerializableTypeWrapper.unwrap (0x0000029cc2770788) [0x0000029cc27708e0, 0x0000029cc2770dc8] Compiler: c1, Barriers: 0, Oops: 1, ImmediateOops: 0, NonImmediateOops: No
[2024-10-26T03:26:26.607+0530][1.998s][debug][gc,nmethod     ] Register NMethod: org.springframework.beans.factory.InjectionPoint.getMethodParameter (0x0000029cc9d99f88) [0x0000029cc9d9a0a0, 0x0000029cc9d9a198] Compiler: c1, Barriers: 1, Oops: 1, ImmediateOops: 0, NonImmediateOops: No
[2024-10-26T03:26:26.609+0530][2.000s][debug][gc,nmethod     ] Register NMethod: org.springframework.boot.context.properties.source.ConfigurationPropertyName.hashCode (0x0000029cc9d9a288) [0x0000029cc9d9a480, 0x0000029cc9d9b738] Compiler: c2, Barriers: 20, Oops: 2, ImmediateOops: 2, NonImmediateOops: No
[2024-10-26T03:26:26.610+0530][2.000s][debug][gc,alloc       ] Mutator Allocation Rate: 151.4MB/s Predicted: 163.2MB/s, Avg: 143.5(+/-22.1)MB/s
[2024-10-26T03:26:26.610+0530][2.001s][debug][gc,director    ] Rule Major: Warmup 10%, Used: 162MB, UsedThreshold: 204MB
[2024-10-26T03:26:26.610+0530][2.001s][debug][gc,director    ] Rule Minor: High Usage, Free: 1846MB(90.1%)
[2024-10-26T03:26:26.612+0530][2.003s][debug][gc,nmethod     ] Register NMethod: org.springframework.core.ResolvableType.forType (0x0000029cc2770e08) [0x0000029cc2770f20, 0x0000029cc2771050] Compiler: c1, Barriers: 0, Oops: 1, ImmediateOops: 0, NonImmediateOops: No
[2024-10-26T03:26:26.612+0530][2.003s][debug][gc,nmethod     ] Register NMethod: java.lang.reflect.AccessibleObject.isAccessChecked (0x0000029cc2771108) [0x0000029cc2771260, 0x0000029cc2771720] Compiler: c1, Barriers: 1, Oops: 0, ImmediateOops: 0, NonImmediateOops: No
[2024-10-26T03:26:26.612+0530][2.003s][debug][gc,nmethod     ] Register NMethod: java.lang.reflect.AccessibleObject.verifyAccess (0x0000029cc2771788) [0x0000029cc2771920, 0x0000029cc2772170] Compiler: c1, Barriers: 1, Oops: 0, ImmediateOops: 0, NonImmediateOops: No
[2024-10-26T03:26:26.612+0530][2.003s][debug][gc,nmethod     ] Register NMethod: org.springframework.core.annotation.AnnotationUtils.isCandidateClass (0x0000029cc2772208) [0x0000029cc2772400, 0x0000029cc2772f58] Compiler: c1, Barriers: 2, Oops: 2, ImmediateOops: 3, NonImmediateOops: No
[2024-10-26T03:26:26.613+0530][2.004s][debug][gc,nmethod     ] Register NMethod: jdk.internal.org.objectweb.asm.AnnotationWriter.computeAnnotationsSize (0x0000029cc2773008) [0x0000029cc2773140, 0x0000029cc2773408] Compiler: c1, Barriers: 3, Oops: 0, ImmediateOops: 0, NonImmediateOops: No
[2024-10-26T03:26:26.613+0530][2.004s][debug][gc,nmethod     ] Register NMethod: java.lang.invoke.InvokerBytecodeGenerator.classData (0x0000029cc2773488) [0x0000029cc27737c0, 0x0000029cc2774f00] Compiler: c1, Barriers: 14, Oops: 3, ImmediateOops: 10, NonImmediateOops: No
[2024-10-26T03:26:26.615+0530][2.006s][debug][gc,nmethod     ] Register NMethod: org.springframework.beans.factory.support.RootBeanDefinition.getResolvedFactoryMethod (0x0000029cc9d9b808) [0x0000029cc9d9b920, 0x0000029cc9d9ba20] Compiler: c1, Barriers: 1, Oops: 1, ImmediateOops: 0, NonImmediateOops: No
[2024-10-26T03:26:26.615+0530][2.006s][debug][gc,nmethod     ] Register NMethod: jdk.internal.constant.ConstantUtils.parseMethodDescriptor (0x0000029cc2775008) [0x0000029cc27756c0, 0x0000029cc27798c8] Compiler: c1, Barriers: 32, Oops: 3, ImmediateOops: 19, NonImmediateOops: No
[2024-10-26T03:26:26.616+0530][2.007s][debug][gc,nmethod     ] Register NMethod: org.springframework.core.annotation.AnnotationsScanner.processMethodHierarchy (0x0000029cc2779a08) [0x0000029cc2779ca0, 0x0000029cc277ac40] Compiler: c1, Barriers: 4, Oops: 2, ImmediateOops: 3, NonImmediateOops: No
[2024-10-26T03:26:26.616+0530][2.007s][debug][gc,nmethod     ] Register NMethod: org.springframework.core.annotation.AnnotationsScanner.processClassHierarchy (0x0000029cc277ad08) [0x0000029cc277ae20, 0x0000029cc277aff8] Compiler: c1, Barriers: 0, Oops: 1, ImmediateOops: 0, NonImmediateOops: No
[2024-10-26T03:26:26.617+0530][2.008s][debug][gc,nmethod     ] Register NMethod: jdk.proxy2.$Proxy35.annotationType (0x0000029cc277b088) [0x0000029cc277b1e0, 0x0000029cc277b5f8] Compiler: c1, Barriers: 1, Oops: 1, ImmediateOops: 1, NonImmediateOops: No
[2024-10-26T03:26:26.618+0530][2.009s][debug][gc,nmethod     ] Register NMethod: org.springframework.beans.factory.support.AbstractBeanFactory.getType (0x0000029cc277b688) [0x0000029cc277bac0, 0x0000029cc277e2d8] Compiler: c1, Barriers: 11, Oops: 3, ImmediateOops: 10, NonImmediateOops: No
[2024-10-26T03:26:26.618+0530][2.009s][debug][gc,nmethod     ] Register NMethod: sun.reflect.annotation.AnnotationParser.contains (0x0000029cc277e408) [0x0000029cc277e540, 0x0000029cc277e770] Compiler: c1, Barriers: 1, Oops: 0, ImmediateOops: 0, NonImmediateOops: No
[2024-10-26T03:26:26.618+0530][2.009s][debug][gc,nmethod     ] Register NMethod: java.lang.classfile.constantpool.LoadableConstantEntry.typeKind (0x0000029cc9d9bb08) [0x0000029cc9d9bc00, 0x0000029cc9d9bc80] Compiler: c2, Barriers: 0, Oops: 0, ImmediateOops: 1, NonImmediateOops: No
[2024-10-26T03:26:26.619+0530][2.010s][debug][gc,nmethod     ] Register NMethod: sun.reflect.annotation.AnnotationParser.parseClassValue (0x0000029cc277e788) [0x0000029cc277e940, 0x0000029cc277f120] Compiler: c1, Barriers: 3, Oops: 0, ImmediateOops: 1, NonImmediateOops: No
[2024-10-26T03:26:26.619+0530][2.010s][debug][gc,nmethod     ] Register NMethod: java.lang.classfile.attribute.StackMapFrameInfo$ObjectVerificationTypeInfo.of (0x0000029cc277f188) [0x0000029cc277f2c0, 0x0000029cc277f598] Compiler: c1, Barriers: 3, Oops: 0, ImmediateOops: 0, NonImmediateOops: No
[2024-10-26T03:26:26.619+0530][2.010s][debug][gc,nmethod     ] Register NMethod: java.lang.reflect.ProxyGenerator$ProxyMethod.<init> (0x0000029cc277f608) [0x0000029cc277f760, 0x0000029cc277fa48] Compiler: c1, Barriers: 4, Oops: 0, ImmediateOops: 0, NonImmediateOops: No
[2024-10-26T03:26:26.620+0530][2.011s][debug][gc,nmethod     ] Register NMethod: java.lang.reflect.ProxyGenerator.addProxyMethod (0x0000029cc277fa88) [0x0000029cc277fbe0, 0x0000029cc2780108] Compiler: c1, Barriers: 2, Oops: 2, ImmediateOops: 1, NonImmediateOops: No
[2024-10-26T03:26:26.620+0530][2.011s][debug][gc,nmethod     ] Register NMethod: java.lang.reflect.ProxyGenerator.lambda$addProxyMethod$2 (0x0000029cc2780188) [0x0000029cc27802a0, 0x0000029cc2780430] Compiler: c1, Barriers: 0, Oops: 0, ImmediateOops: 0, NonImmediateOops: No
[2024-10-26T03:26:26.620+0530][2.011s][debug][gc,nmethod     ] Register NMethod: java.lang.reflect.ProxyGenerator$$Lambda/0x000002a0d4075218.apply (0x0000029cc2780488) [0x0000029cc27805c0, 0x0000029cc27808a8] Compiler: c1, Barriers: 0, Oops: 0, ImmediateOops: 0, NonImmediateOops: No
[2024-10-26T03:26:26.620+0530][2.011s][debug][gc,nmethod     ] Register NMethod: org.springframework.core.annotation.AnnotationFilter.matches (0x0000029cc9d9be08) [0x0000029cc9d9bf60, 0x0000029cc9d9c4d8] Compiler: c2, Barriers: 5, Oops: 1, ImmediateOops: 0, NonImmediateOops: No
[2024-10-26T03:26:26.620+0530][2.011s][debug][gc,nmethod     ] Register NMethod: jdk.internal.classfile.impl.SplitConstantPool.findEntry (0x0000029cc9d9c588) [0x0000029cc9d9c720, 0x0000029cc9d9d000] Compiler: c2, Barriers: 7, Oops: 0, ImmediateOops: 0, NonImmediateOops: No
[2024-10-26T03:26:26.621+0530][2.011s][debug][gc,director    ] Rule Major: Warmup 10%, Used: 162MB, UsedThreshold: 204MB
[2024-10-26T03:26:26.621+0530][2.011s][debug][gc,director    ] Rule Minor: High Usage, Free: 1846MB(90.1%)
[2024-10-26T03:26:26.621+0530][2.012s][debug][gc,nmethod     ] Register NMethod: java.nio.HeapByteBuffer.get (0x0000029cc9d9d088) [0x0000029cc9d9d1a0, 0x0000029cc9d9d2e8] Compiler: c2, Barriers: 1, Oops: 0, ImmediateOops: 0, NonImmediateOops: No
[2024-10-26T03:26:26.621+0530][2.012s][debug][gc,nmethod     ] Register NMethod: sun.reflect.annotation.AnnotationParser.skipMemberValue (0x0000029cc2780908) [0x0000029cc2780a40, 0x0000029cc2780c38] Compiler: c1, Barriers: 0, Oops: 0, ImmediateOops: 0, NonImmediateOops: No
[2024-10-26T03:26:26.622+0530][2.013s][debug][gc,nmethod     ] Register NMethod: sun.reflect.annotation.AnnotationParser.skipMemberValue (0x0000029cc2780c88) [0x0000029cc2780e40, 0x0000029cc2781548] Compiler: c1, Barriers: 0, Oops: 0, ImmediateOops: 0, NonImmediateOops: No
[2024-10-26T03:26:26.624+0530][2.015s][debug][gc,nmethod     ] Register NMethod: sun.reflect.annotation.AnnotationParser$$Lambda/0x000002a0d40fa678.get (0x0000029cc2781588) [0x0000029cc27816c0, 0x0000029cc2781900] Compiler: c1, Barriers: 3, Oops: 0, ImmediateOops: 0, NonImmediateOops: No
[2024-10-26T03:26:26.624+0530][2.015s][debug][gc,nmethod     ] Register NMethod: sun.reflect.annotation.AnnotationParser.lambda$parseClassArray$0 (0x0000029cc2781988) [0x0000029cc2781aa0, 0x0000029cc2781bb8] Compiler: c1, Barriers: 0, Oops: 0, ImmediateOops: 0, NonImmediateOops: No
[2024-10-26T03:26:26.624+0530][2.015s][debug][gc,nmethod     ] Register NMethod: jdk.proxy2.$Proxy57.annotationType (0x0000029cc2781c88) [0x0000029cc2781de0, 0x0000029cc27821f8] Compiler: c1, Barriers: 1, Oops: 1, ImmediateOops: 1, NonImmediateOops: No
[2024-10-26T03:26:26.625+0530][2.016s][debug][gc,nmethod     ] Register NMethod: jdk.proxy2.$Proxy68.annotationType (0x0000029cc2782288) [0x0000029cc27823e0, 0x0000029cc27827f8] Compiler: c1, Barriers: 1, Oops: 1, ImmediateOops: 1, NonImmediateOops: No
[2024-10-26T03:26:26.626+0530][2.017s][debug][gc,nmethod     ] Register NMethod: org.springframework.beans.factory.support.DefaultListableBeanFactory.findAnnotationOnBean (0x0000029cc2782888) [0x0000029cc27829a0, 0x0000029cc2782af8] Compiler: c1, Barriers: 0, Oops: 1, ImmediateOops: 0, NonImmediateOops: No
[2024-10-26T03:26:26.626+0530][2.017s][debug][gc,nmethod     ] Register NMethod: java.lang.reflect.ProxyGenerator.computeUniqueCatchList (0x0000029cc2782b88) [0x0000029cc2782e60, 0x0000029cc27847b0] Compiler: c1, Barriers: 17, Oops: 3, ImmediateOops: 7, NonImmediateOops: No
[2024-10-26T03:26:26.627+0530][2.018s][debug][gc,nmethod     ] Register NMethod: java.lang.reflect.ProxyGenerator.checkReturnTypes (0x0000029cc2784888) [0x0000029cc2784d20, 0x0000029cc2787378] Compiler: c1, Barriers: 8, Oops: 3, ImmediateOops: 7, NonImmediateOops: No
[2024-10-26T03:26:26.629+0530][2.020s][debug][gc,nmethod     ] Register NMethod: org.springframework.core.annotation.AnnotationsScanner.isOverride (0x0000029cc2787488) [0x0000029cc27875e0, 0x0000029cc2787960] Compiler: c1, Barriers: 2, Oops: 1, ImmediateOops: 0, NonImmediateOops: No
[2024-10-26T03:26:26.630+0530][2.021s][debug][gc,nmethod     ] Register NMethod: org.springframework.core.annotation.AnnotationsScanner.getBaseTypeMethods (0x0000029cc2787a08) [0x0000029cc2787c20, 0x0000029cc27887f0] Compiler: c1, Barriers: 6, Oops: 3, ImmediateOops: 7, NonImmediateOops: No
[2024-10-26T03:26:26.630+0530][2.021s][debug][gc,nmethod     ] Register NMethod: jdk.proxy2.$Proxy71.annotationType (0x0000029cc2788888) [0x0000029cc27889e0, 0x0000029cc2788df8] Compiler: c1, Barriers: 1, Oops: 1, ImmediateOops: 1, NonImmediateOops: No
[2024-10-26T03:26:26.630+0530][2.021s][debug][gc,nmethod     ] Register NMethod: org.springframework.beans.factory.support.DefaultListableBeanFactory.findAnnotationOnBean (0x0000029cc2788e88) [0x0000029cc27891a0, 0x0000029cc278a998] Compiler: c1, Barriers: 4, Oops: 4, ImmediateOops: 10, NonImmediateOops: No
[2024-10-26T03:26:26.631+0530][2.021s][debug][gc,director    ] Rule Major: Warmup 10%, Used: 164MB, UsedThreshold: 204MB
[2024-10-26T03:26:26.631+0530][2.021s][debug][gc,director    ] Rule Minor: High Usage, Free: 1844MB(90.0%)
[2024-10-26T03:26:26.631+0530][2.022s][debug][gc,nmethod     ] Register NMethod: jdk.proxy2.$Proxy58.annotationType (0x0000029cc278aa88) [0x0000029cc278abe0, 0x0000029cc278aff8] Compiler: c1, Barriers: 1, Oops: 1, ImmediateOops: 1, NonImmediateOops: No
[2024-10-26T03:26:26.631+0530][2.022s][debug][gc,nmethod     ] Register NMethod: jdk.internal.classfile.impl.AbstractPoolEntry$ClassEntryImpl.clone (0x0000029cc9d9d388) [0x0000029cc9d9d5e0, 0x0000029cc9d9e6b0] Compiler: c2, Barriers: 25, Oops: 0, ImmediateOops: 1, NonImmediateOops: No
[2024-10-26T03:26:26.631+0530][2.022s][debug][gc,nmethod     ] Register NMethod: jdk.internal.classfile.impl.AbstractPoolEntry$ClassEntryImpl.clone (0x0000029cc9d9e808) [0x0000029cc9d9ea60, 0x0000029cc9d9fb30] Compiler: c2, Barriers: 25, Oops: 0, ImmediateOops: 1, NonImmediateOops: No
[2024-10-26T03:26:26.633+0530][2.024s][debug][gc,nmethod     ] Register NMethod: org.springframework.core.annotation.AnnotationsScanner.hasPlainJavaAnnotationsOnly (0x0000029cc9d9fc88) [0x0000029cc9d9fda0, 0x0000029cc9d9ffc0] Compiler: c2, Barriers: 2, Oops: 3, ImmediateOops: 1, NonImmediateOops: No
[2024-10-26T03:26:26.636+0530][2.027s][debug][gc,nmethod     ] Register NMethod: java.lang.reflect.Method.hashCode (0x0000029cc9da0088) [0x0000029cc9da0240, 0x0000029cc9da0a20] Compiler: c2, Barriers: 5, Oops: 0, ImmediateOops: 0, NonImmediateOops: No
[2024-10-26T03:26:26.636+0530][2.027s][debug][gc,nmethod     ] Register NMethod: java.lang.reflect.AccessibleObject.checkAccess (0x0000029cc278b088) [0x0000029cc278b1e0, 0x0000029cc278b560] Compiler: c1, Barriers: 1, Oops: 0, ImmediateOops: 1, NonImmediateOops: No
[2024-10-26T03:26:26.637+0530][2.027s][debug][gc,nmethod     ] Register NMethod: org.springframework.beans.factory.support.DefaultListableBeanFactory.containsBeanDefinition (0x0000029cc9da0a88) [0x0000029cc9da0c40, 0x0000029cc9da15f0] Compiler: c2, Barriers: 12, Oops: 2, ImmediateOops: 0, NonImmediateOops: No
[2024-10-26T03:26:26.641+0530][2.031s][debug][gc,director    ] Rule Major: Warmup 10%, Used: 166MB, UsedThreshold: 204MB
[2024-10-26T03:26:26.641+0530][2.031s][debug][gc,director    ] Rule Minor: High Usage, Free: 1842MB(89.9%)
[2024-10-26T03:26:26.641+0530][2.032s][debug][gc,nmethod     ] Register NMethod: java.util.ArrayList.<init> (0x0000029cc278b588) [0x0000029cc278b720, 0x0000029cc278bd90] Compiler: c1, Barriers: 9, Oops: 0, ImmediateOops: 3, NonImmediateOops: No
[2024-10-26T03:26:26.642+0530][2.033s][debug][gc,nmethod     ] Register NMethod: org.springframework.core.OrderComparator.getOrder (0x0000029cc278be08) [0x0000029cc278bfc0, 0x0000029cc278c748] Compiler: c1, Barriers: 2, Oops: 1, ImmediateOops: 0, NonImmediateOops: No
[2024-10-26T03:26:26.643+0530][2.034s][debug][gc,nmethod     ] Register NMethod: java.util.logging.LogManager$LoggerContext.requiresDefaultLoggers (0x0000029cc278c808) [0x0000029cc278c940, 0x0000029cc278cb70] Compiler: c1, Barriers: 1, Oops: 0, ImmediateOops: 1, NonImmediateOops: No
[2024-10-26T03:26:26.649+0530][2.040s][debug][gc,nmethod     ] Register NMethod: java.nio.Buffer.mark (0x0000029cc278cc08) [0x0000029cc278cd20, 0x0000029cc278ce38] Compiler: c1, Barriers: 0, Oops: 0, ImmediateOops: 0, NonImmediateOops: No
[2024-10-26T03:26:26.649+0530][2.040s][debug][gc,nmethod     ] Register NMethod: org.springframework.boot.loader.net.protocol.jar.JarUrlConnection.setUseCaches (0x0000029cc9da1688) [0x0000029cc9da17a0, 0x0000029cc9da18c0] Compiler: c2, Barriers: 1, Oops: 1, ImmediateOops: 0, NonImmediateOops: No
[2024-10-26T03:26:26.652+0530][2.042s][debug][gc,director    ] Rule Major: Warmup 10%, Used: 166MB, UsedThreshold: 204MB
[2024-10-26T03:26:26.652+0530][2.042s][debug][gc,director    ] Rule Minor: High Usage, Free: 1842MB(89.9%)
[2024-10-26T03:26:26.654+0530][2.045s][debug][gc,nmethod     ] Register NMethod: java.util.LinkedList.size (0x0000029cc9da1988) [0x0000029cc9da1aa0, 0x0000029cc9da1b68] Compiler: c1, Barriers: 0, Oops: 0, ImmediateOops: 0, NonImmediateOops: No
[2024-10-26T03:26:26.654+0530][2.045s][debug][gc,nmethod     ] Register NMethod: org.springframework.core.annotation.AnnotationsScanner.getDeclaredAnnotations (0x0000029cc9da1c88) [0x0000029cc9da2260, 0x0000029cc9da6138] Compiler: c2, Barriers: 89, Oops: 19, ImmediateOops: 25, NonImmediateOops: No
[2024-10-26T03:26:26.654+0530][2.045s][debug][gc,nmethod     ] Register NMethod: java.lang.Module.getClassLoader (0x0000029cc278cf08) [0x0000029cc278d040, 0x0000029cc278d260] Compiler: c1, Barriers: 1, Oops: 0, ImmediateOops: 0, NonImmediateOops: No
[2024-10-26T03:26:26.655+0530][2.046s][debug][gc,nmethod     ] Register NMethod: org.springframework.beans.factory.support.AbstractBeanFactory.isTypeMatch (0x0000029cc9da6608) [0x0000029cc9da6cc0, 0x0000029cc9dab500] Compiler: c2, Barriers: 77, Oops: 4, ImmediateOops: 8, NonImmediateOops: No
[2024-10-26T03:26:26.656+0530][2.047s][debug][gc,nmethod     ] Register NMethod: java.lang.reflect.Constructor.acquireConstructorAccessor (0x0000029cc278d288) [0x0000029cc278d440, 0x0000029cc278dc00] Compiler: c1, Barriers: 14, Oops: 0, ImmediateOops: 2, NonImmediateOops: No
[2024-10-26T03:26:26.656+0530][2.047s][debug][gc,nmethod     ] Register NMethod: java.lang.reflect.ProxyGenerator.addProxyMethod (0x0000029cc278dc88) [0x0000029cc278df60, 0x0000029cc278f4a8] Compiler: c1, Barriers: 13, Oops: 3, ImmediateOops: 5, NonImmediateOops: No
[2024-10-26T03:26:26.658+0530][2.048s][debug][gc,nmethod     ] Register NMethod: java.util.concurrent.ConcurrentHashMap.computeIfAbsent (0x0000029cc278f588) [0x0000029cc278f980, 0x0000029cc2791ef8] Compiler: c1, Barriers: 24, Oops: 0, ImmediateOops: 2, NonImmediateOops: No
[2024-10-26T03:26:26.662+0530][2.053s][debug][gc,nmethod     ] Register NMethod: java.util.ResourceBundle$CacheKey.getName (0x0000029cc9dab808) [0x0000029cc9dab920, 0x0000029cc9daba18] Compiler: c1, Barriers: 1, Oops: 0, ImmediateOops: 0, NonImmediateOops: No
[2024-10-26T03:26:26.662+0530][2.053s][debug][gc,nmethod     ] Register NMethod: java.util.concurrent.locks.AbstractQueuedSynchronizer.release (0x0000029cc9dabb08) [0x0000029cc9dabc40, 0x0000029cc9dabfe8] Compiler: c2, Barriers: 7, Oops: 0, ImmediateOops: 0, NonImmediateOops: No
[2024-10-26T03:26:26.663+0530][2.053s][debug][gc,director    ] Rule Major: Warmup 10%, Used: 168MB, UsedThreshold: 204MB
[2024-10-26T03:26:26.663+0530][2.053s][debug][gc,director    ] Rule Minor: High Usage, Free: 1840MB(89.8%)
[2024-10-26T03:26:26.664+0530][2.055s][debug][gc,nmethod     ] Register NMethod: org.springframework.boot.web.servlet.context.ServletWebServerApplicationContext.getServletConfig (0x0000029cc9dac088) [0x0000029cc9dac1a0, 0x0000029cc9dac2a0] Compiler: c1, Barriers: 1, Oops: 1, ImmediateOops: 0, NonImmediateOops: No
[2024-10-26T03:26:26.664+0530][2.055s][debug][gc,nmethod     ] Register NMethod: org.springframework.web.context.support.ServletContextAwareProcessor.getServletConfig (0x0000029cc9dac388) [0x0000029cc9dac4a0, 0x0000029cc9dac598] Compiler: c1, Barriers: 1, Oops: 1, ImmediateOops: 0, NonImmediateOops: No
[2024-10-26T03:26:26.665+0530][2.056s][debug][gc,nmethod     ] Register NMethod: java.lang.reflect.ProxyGenerator.lambda$addProxyMethod$1 (0x0000029cc2791f88) [0x0000029cc27920a0, 0x0000029cc2792230] Compiler: c1, Barriers: 0, Oops: 0, ImmediateOops: 0, NonImmediateOops: No
[2024-10-26T03:26:26.665+0530][2.056s][debug][gc,nmethod     ] Register NMethod: java.lang.reflect.ProxyGenerator$$Lambda/0x000002a0d4075458.apply (0x0000029cc2792288) [0x0000029cc27923c0, 0x0000029cc27926a8] Compiler: c1, Barriers: 0, Oops: 0, ImmediateOops: 0, NonImmediateOops: No
[2024-10-26T03:26:26.666+0530][2.057s][debug][gc,nmethod     ] Register NMethod: org.springframework.beans.BeanMetadataAttributeAccessor.setAttribute (0x0000029cc2792708) [0x0000029cc27928a0, 0x0000029cc2793020] Compiler: c1, Barriers: 7, Oops: 2, ImmediateOops: 2, NonImmediateOops: No
[2024-10-26T03:26:26.666+0530][2.057s][debug][gc,nmethod     ] Register NMethod: org.springframework.beans.factory.support.RootBeanDefinition.<init> (0x0000029cc2793088) [0x0000029cc27931e0, 0x0000029cc27935b0] Compiler: c1, Barriers: 6, Oops: 1, ImmediateOops: 0, NonImmediateOops: No
[2024-10-26T03:26:26.666+0530][2.057s][debug][gc,nmethod     ] Register NMethod: org.springframework.beans.factory.support.AbstractBeanDefinition.hasPropertyValues (0x0000029cc2793608) [0x0000029cc2793740, 0x0000029cc2793ad8] Compiler: c1, Barriers: 2, Oops: 1, ImmediateOops: 0, NonImmediateOops: No
[2024-10-26T03:26:26.666+0530][2.057s][debug][gc,nmethod     ] Register NMethod: java.util.LinkedHashMap$LinkedKeySet.toArray (0x0000029cc2793b08) [0x0000029cc2793c40, 0x0000029cc2793e10] Compiler: c1, Barriers: 1, Oops: 0, ImmediateOops: 0, NonImmediateOops: No
[2024-10-26T03:26:26.667+0530][2.058s][debug][gc,nmethod     ] Register NMethod: org.springframework.beans.factory.support.AbstractBeanDefinition.setBeanClass (0x0000029cc9dac688) [0x0000029cc9dac7a0, 0x0000029cc9dac8e0] Compiler: c1, Barriers: 3, Oops: 1, ImmediateOops: 0, NonImmediateOops: No
[2024-10-26T03:26:26.667+0530][2.058s][debug][gc,nmethod     ] Register NMethod: java.util.LinkedHashMap.<init> (0x0000029cc9dac988) [0x0000029cc9daca80, 0x0000029cc9dacb08] Compiler: c2, Barriers: 0, Oops: 0, ImmediateOops: 0, NonImmediateOops: No
[2024-10-26T03:26:26.669+0530][2.060s][debug][gc,nmethod     ] Register NMethod: org.springframework.beans.factory.support.AbstractBeanDefinition.<init> (0x0000029cc2793e88) [0x0000029cc27947e0, 0x0000029cc279d860] Compiler: c1, Barriers: 178, Oops: 2, ImmediateOops: 12, NonImmediateOops: No
[2024-10-26T03:26:26.669+0530][2.060s][debug][gc,nmethod     ] Register NMethod: jdk.internal.loader.URLClassPath$Loader.findResource (0x0000029cc9dacc88) [0x0000029cc9dacf20, 0x0000029cc9dadeb0] Compiler: c2, Barriers: 20, Oops: 4, ImmediateOops: 7, NonImmediateOops: No
[2024-10-26T03:26:26.670+0530][2.061s][debug][gc,nmethod     ] Register NMethod: jdk.internal.classfile.impl.Util.parameterSlots (0x0000029cc9dae108) [0x0000029cc9dae260, 0x0000029cc9dae6e0] Compiler: c2, Barriers: 6, Oops: 1, ImmediateOops: 0, NonImmediateOops: No
[2024-10-26T03:26:26.673+0530][2.063s][debug][gc,director    ] Rule Major: Warmup 10%, Used: 168MB, UsedThreshold: 204MB
[2024-10-26T03:26:26.673+0530][2.063s][debug][gc,director    ] Rule Minor: High Usage, Free: 1840MB(89.8%)
[2024-10-26T03:26:26.673+0530][2.064s][debug][gc,nmethod     ] Register NMethod: java.util.concurrent.locks.AbstractQueuedSynchronizer.signalNext (0x0000029cc279dc08) [0x0000029cc279dd80, 0x0000029cc279e240] Compiler: c1, Barriers: 2, Oops: 0, ImmediateOops: 1, NonImmediateOops: No
[2024-10-26T03:26:26.673+0530][2.064s][debug][gc,nmethod     ] Register NMethod: org.springframework.core.convert.TypeDescriptor.getType (0x0000029cc9dae788) [0x0000029cc9dae8a0, 0x0000029cc9dae998] Compiler: c1, Barriers: 1, Oops: 1, ImmediateOops: 0, NonImmediateOops: No
[2024-10-26T03:26:26.673+0530][2.064s][debug][gc,nmethod     ] Register NMethod: sun.reflect.annotation.AnnotationInvocationHandler.invoke (0x0000029cc279e288) [0x0000029cc279e560, 0x0000029cc279f7d0] Compiler: c1, Barriers: 9, Oops: 0, ImmediateOops: 7, NonImmediateOops: No
[2024-10-26T03:26:26.674+0530][2.064s][debug][gc,nmethod     ] Register NMethod: java.util.HashMap.putMapEntries (0x0000029cc9daea88) [0x0000029cc9daecc0, 0x0000029cc9dafab0] Compiler: c2, Barriers: 18, Oops: 0, ImmediateOops: 0, NonImmediateOops: No
[2024-10-26T03:26:26.674+0530][2.065s][debug][gc,nmethod     ] Register NMethod: java.lang.invoke.LambdaFormEditor$TransformKey.packedBytes (0x0000029cc279f888) [0x0000029cc279f9e0, 0x0000029cc279fd90] Compiler: c1, Barriers: 0, Oops: 0, ImmediateOops: 0, NonImmediateOops: No
[2024-10-26T03:26:26.674+0530][2.065s][debug][gc,nmethod     ] Register NMethod: java.lang.invoke.LambdaFormEditor$TransformKey.of (0x0000029cc279fe08) [0x0000029cc279ff80, 0x0000029cc27a0580] Compiler: c1, Barriers: 0, Oops: 0, ImmediateOops: 0, NonImmediateOops: No
[2024-10-26T03:26:26.674+0530][2.065s][debug][gc,nmethod     ] Register NMethod: java.lang.invoke.LambdaFormEditor.addArgumentForm (0x0000029cc27a0608) [0x0000029cc27a07e0, 0x0000029cc27a0e10] Compiler: c1, Barriers: 1, Oops: 0, ImmediateOops: 0, NonImmediateOops: No
[2024-10-26T03:26:26.674+0530][2.065s][debug][gc,nmethod     ] Register NMethod: org.springframework.core.ResolvableType.resolveType (0x0000029cc27a0e88) [0x0000029cc27a1100, 0x0000029cc27a23a0] Compiler: c1, Barriers: 8, Oops: 1, ImmediateOops: 4, NonImmediateOops: No
[2024-10-26T03:26:26.675+0530][2.066s][debug][gc,nmethod     ] Register NMethod: org.springframework.beans.factory.annotation.AutowiredAnnotationBeanPostProcessor$$Lambda/0x000002a0d4320400.doWith (0x0000029cc27a2408) [0x0000029cc27a2540, 0x0000029cc27a26f0] Compiler: c1, Barriers: 2, Oops: 1, ImmediateOops: 0, NonImmediateOops: No
[2024-10-26T03:26:26.676+0530][2.067s][debug][gc,nmethod     ] Register NMethod: org.springframework.beans.factory.annotation.AutowiredAnnotationBeanPostProcessor.lambda$checkLookupMethods$0 (0x0000029cc27a2788) [0x0000029cc27a29e0, 0x0000029cc27a3b10] Compiler: c1, Barriers: 4, Oops: 3, ImmediateOops: 5, NonImmediateOops: No
[2024-10-26T03:26:26.676+0530][2.067s][debug][gc,nmethod     ] Register NMethod: org.springframework.core.annotation.TypeMappedAnnotations.isPresent (0x0000029cc27a3c08) [0x0000029cc27a3d80, 0x0000029cc27a43a8] Compiler: c1, Barriers: 3, Oops: 2, ImmediateOops: 1, NonImmediateOops: No
[2024-10-26T03:26:26.678+0530][2.069s][debug][gc,nmethod     ] Register NMethod: jdk.internal.reflect.MethodHandleAccessorFactory.slotCount (0x0000029cc27a4408) [0x0000029cc27a4560, 0x0000029cc27a4a38] Compiler: c1, Barriers: 1, Oops: 0, ImmediateOops: 2, NonImmediateOops: No
[2024-10-26T03:26:26.680+0530][2.071s][debug][gc,nmethod     ] Register NMethod: org.springframework.beans.factory.annotation.InitDestroyAnnotationBeanPostProcessor.findLifecycleMetadata (0x0000029cc27a4a88) [0x0000029cc27a4c20, 0x0000029cc27a5518] Compiler: c1, Barriers: 4, Oops: 1, ImmediateOops: 0, NonImmediateOops: No
[2024-10-26T03:26:26.681+0530][2.072s][debug][gc,nmethod     ] Register NMethod: jdk.proxy2.$Proxy49.annotationType (0x0000029cc27a5588) [0x0000029cc27a56e0, 0x0000029cc27a5af8] Compiler: c1, Barriers: 1, Oops: 1, ImmediateOops: 1, NonImmediateOops: No
[2024-10-26T03:26:26.681+0530][2.072s][debug][gc,nmethod     ] Register NMethod: ch.qos.logback.classic.Logger.createChildByName (0x0000029cc27a5b88) [0x0000029cc27a5da0, 0x0000029cc27a6b78] Compiler: c1, Barriers: 25, Oops: 1, ImmediateOops: 0, NonImmediateOops: No
[2024-10-26T03:26:26.681+0530][2.072s][debug][gc,nmethod     ] Register NMethod: org.springframework.beans.AbstractNestablePropertyAccessor.getWrappedClass (0x0000029cc27a6c08) [0x0000029cc27a6d60, 0x0000029cc27a7108] Compiler: c1, Barriers: 2, Oops: 2, ImmediateOops: 1, NonImmediateOops: No
[2024-10-26T03:26:26.682+0530][2.073s][debug][gc,nmethod     ] Register NMethod: org.springframework.core.ResolvableType.forMethodParameter (0x0000029cc27a7188) [0x0000029cc27a7380, 0x0000029cc27a7fc0] Compiler: c1, Barriers: 7, Oops: 1, ImmediateOops: 1, NonImmediateOops: No
[2024-10-26T03:26:26.682+0530][2.073s][debug][gc,nmethod     ] Register NMethod: java.lang.invoke.MemberName.getMethodOrFieldType (0x0000029cc9dafb08) [0x0000029cc9dafce0, 0x0000029cc9db0370] Compiler: c2, Barriers: 7, Oops: 1, ImmediateOops: 3, NonImmediateOops: No
[2024-10-26T03:26:26.683+0530][2.074s][debug][gc,nmethod     ] Register NMethod: org.springframework.boot.origin.OriginLookup.isImmutable (0x0000029cc9db0408) [0x0000029cc9db0520, 0x0000029cc9db05e8] Compiler: c1, Barriers: 0, Oops: 1, ImmediateOops: 0, NonImmediateOops: No
[2024-10-26T03:26:26.684+0530][2.074s][debug][gc,director    ] Rule Major: Warmup 10%, Used: 170MB, UsedThreshold: 204MB
[2024-10-26T03:26:26.684+0530][2.074s][debug][gc,director    ] Rule Minor: High Usage, Free: 1838MB(89.7%)
[2024-10-26T03:26:26.684+0530][2.075s][debug][gc,nmethod     ] Register NMethod: org.springframework.beans.factory.support.AbstractAutowireCapableBeanFactory.getInstantiationStrategy (0x0000029cc9db0708) [0x0000029cc9db0820, 0x0000029cc9db0920] Compiler: c1, Barriers: 1, Oops: 1, ImmediateOops: 0, NonImmediateOops: No
[2024-10-26T03:26:26.685+0530][2.076s][debug][gc,nmethod     ] Register NMethod: org.springframework.boot.context.properties.source.PropertyMapper$$Lambda/0x000002a0d4143c50.test (0x0000029cc9db0a08) [0x0000029cc9db0b40, 0x0000029cc9db0d38] Compiler: c2, Barriers: 2, Oops: 1, ImmediateOops: 0, NonImmediateOops: No
[2024-10-26T03:26:26.685+0530][2.076s][debug][gc,nmethod     ] Register NMethod: org.springframework.boot.context.properties.source.SystemEnvironmentPropertyMapper.hasDashedEntries (0x0000029cc9db0d88) [0x0000029cc9db0ec0, 0x0000029cc9db1220] Compiler: c2, Barriers: 3, Oops: 1, ImmediateOops: 1, NonImmediateOops: No
[2024-10-26T03:26:26.686+0530][2.077s][debug][gc,nmethod     ] Register NMethod: org.springframework.core.annotation.AnnotationAwareOrderComparator.findOrderFromAnnotation (0x0000029cc27a8088) [0x0000029cc27a8240, 0x0000029cc27a8b00] Compiler: c1, Barriers: 1, Oops: 3, ImmediateOops: 3, NonImmediateOops: No
[2024-10-26T03:26:26.687+0530][2.078s][debug][gc,nmethod     ] Register NMethod: java.lang.invoke.LambdaFormEditor.filterArgumentForm (0x0000029cc27a8b88) [0x0000029cc27a8d20, 0x0000029cc27a91e8] Compiler: c1, Barriers: 4, Oops: 0, ImmediateOops: 0, NonImmediateOops: No
[2024-10-26T03:26:26.688+0530][2.079s][debug][gc,nmethod     ] Register NMethod: org.springframework.util.ReflectionUtils.getDeclaredFields (0x0000029cc27a9288) [0x0000029cc27a9480, 0x0000029cc27a9df8] Compiler: c1, Barriers: 2, Oops: 3, ImmediateOops: 4, NonImmediateOops: No
[2024-10-26T03:26:26.688+0530][2.079s][debug][gc,nmethod     ] Register NMethod: org.springframework.core.MethodParameter.getParameterType (0x0000029cc27a9e88) [0x0000029cc27aa020, 0x0000029cc27aa920] Compiler: c1, Barriers: 8, Oops: 1, ImmediateOops: 0, NonImmediateOops: No
[2024-10-26T03:26:26.688+0530][2.079s][debug][gc,nmethod     ] Register NMethod: org.springframework.beans.factory.support.DefaultListableBeanFactory.getBeanNamesForType (0x0000029cc27aa988) [0x0000029cc27aab80, 0x0000029cc27ab698] Compiler: c1, Barriers: 9, Oops: 1, ImmediateOops: 0, NonImmediateOops: No
[2024-10-26T03:26:26.691+0530][2.082s][debug][gc,nmethod     ] Register NMethod: org.springframework.core.annotation.AnnotationsScanner.isIgnorable (0x0000029cc27ab708) [0x0000029cc27ab860, 0x0000029cc27abb88] Compiler: c1, Barriers: 1, Oops: 2, ImmediateOops: 2, NonImmediateOops: No
[2024-10-26T03:26:26.691+0530][2.082s][debug][gc,nmethod     ] Register NMethod: org.springframework.core.annotation.AttributeMethods.hasNestedAnnotation (0x0000029cc9db1288) [0x0000029cc9db13a0, 0x0000029cc9db1470] Compiler: c1, Barriers: 0, Oops: 1, ImmediateOops: 0, NonImmediateOops: No
[2024-10-26T03:26:26.692+0530][2.083s][debug][gc,nmethod     ] Register NMethod: org.springframework.util.ReflectionUtils.doWithLocalFields (0x0000029cc27abc08) [0x0000029cc27abd80, 0x0000029cc27ac240] Compiler: c1, Barriers: 2, Oops: 1, ImmediateOops: 0, NonImmediateOops: No
[2024-10-26T03:26:26.693+0530][2.084s][debug][gc,nmethod     ] Register NMethod: java.lang.Class.privateGetDeclaredMethods (0x0000029cc9db1588) [0x0000029cc9db1700, 0x0000029cc9db1d58] Compiler: c2, Barriers: 13, Oops: 0, ImmediateOops: 2, NonImmediateOops: No
[2024-10-26T03:26:26.694+0530][2.085s][debug][gc,nmethod     ] Register NMethod: java.lang.invoke.DirectMethodHandle.getFunction (0x0000029cc27ac288) [0x0000029cc27ac3c0, 0x0000029cc27ac740] Compiler: c1, Barriers: 4, Oops: 1, ImmediateOops: 2, NonImmediateOops: No
[2024-10-26T03:26:26.695+0530][2.085s][debug][gc,director    ] Rule Major: Warmup 10%, Used: 170MB, UsedThreshold: 204MB
[2024-10-26T03:26:26.695+0530][2.085s][debug][gc,director    ] Rule Minor: High Usage, Free: 1838MB(89.7%)
[2024-10-26T03:26:26.695+0530][2.086s][debug][gc,nmethod     ] Register NMethod: java.lang.invoke.LambdaForm$Name.<init> (0x0000029cc27ac788) [0x0000029cc27ac8c0, 0x0000029cc27acad0] Compiler: c1, Barriers: 0, Oops: 0, ImmediateOops: 0, NonImmediateOops: No
[2024-10-26T03:26:26.695+0530][2.086s][debug][gc,nmethod     ] Register NMethod: java.lang.invoke.LambdaForm.arity (0x0000029cc9db1e08) [0x0000029cc9db1f20, 0x0000029cc9db1fe8] Compiler: c1, Barriers: 0, Oops: 0, ImmediateOops: 0, NonImmediateOops: No
[2024-10-26T03:26:26.696+0530][2.086s][debug][gc,nmethod     ] Register NMethod: jdk.internal.reflect.DirectConstructorHandleAccessor.newInstance (0x0000029cc21ed708) [0x0000029cc21edb60, 0x0000029cc21effc8] Compiler: c1, Barriers: 17, Oops: 4, ImmediateOops: 13, NonImmediateOops: No
[2024-10-26T03:26:26.699+0530][2.090s][debug][gc,nmethod     ] Register NMethod: org.springframework.core.ResolvableType.forMethodParameter (0x0000029cc27acb08) [0x0000029cc27acc60, 0x0000029cc27acf80] Compiler: c1, Barriers: 0, Oops: 2, ImmediateOops: 1, NonImmediateOops: No
[2024-10-26T03:26:26.699+0530][2.090s][debug][gc,nmethod     ] Register NMethod: org.springframework.core.ResolvableType.forMethodParameter (0x0000029cc27ad008) [0x0000029cc27ad160, 0x0000029cc27ad4f0] Compiler: c1, Barriers: 0, Oops: 2, ImmediateOops: 1, NonImmediateOops: No
[2024-10-26T03:26:26.700+0530][2.091s][debug][gc,nmethod     ] Register NMethod: org.springframework.core.annotation.AnnotationsScanner.hasPlainJavaAnnotationsOnly (0x0000029cc9db2108) [0x0000029cc9db2260, 0x0000029cc9db2708] Compiler: c2, Barriers: 4, Oops: 3, ImmediateOops: 2, NonImmediateOops: No
[2024-10-26T03:26:26.700+0530][2.091s][debug][gc,nmethod     ] Register NMethod: org.springframework.beans.factory.annotation.AutowiredAnnotationBeanPostProcessor.lambda$buildAutowiringMetadata$2 (0x0000029cc2453e08) [0x0000029cc24540e0, 0x0000029cc2455058] Compiler: c1, Barriers: 7, Oops: 1, ImmediateOops: 1, NonImmediateOops: No
[2024-10-26T03:26:26.701+0530][2.092s][debug][gc,nmethod     ] Register NMethod: java.util.Collections$EmptyMap.values (0x0000029cc9db2788) [0x0000029cc9db2880, 0x0000029cc9db2900] Compiler: c2, Barriers: 0, Oops: 0, ImmediateOops: 1, NonImmediateOops: No
[2024-10-26T03:26:26.702+0530][2.093s][debug][gc,nmethod     ] Register NMethod: java.lang.invoke.MethodHandle.linkToSpecial (0x0000029cc9db2a88) [0x0000029cc9db2b80, 0x0000029cc9db2c98] Compiler: , Barriers: 0, Oops: 0, ImmediateOops: 0, NonImmediateOops: No
[2024-10-26T03:26:26.702+0530][2.093s][debug][gc,nmethod     ] Register NMethod: java.util.Collections$EmptySet.toArray (0x0000029cc9db2d88) [0x0000029cc9db2e80, 0x0000029cc9db2f30] Compiler: c2, Barriers: 0, Oops: 0, ImmediateOops: 0, NonImmediateOops: No
[2024-10-26T03:26:26.702+0530][2.093s][debug][gc,nmethod     ] Register NMethod: java.lang.invoke.MethodHandle.linkToSpecial (0x0000029cc9db3088) [0x0000029cc9db3180, 0x0000029cc9db3298] Compiler: , Barriers: 0, Oops: 0, ImmediateOops: 0, NonImmediateOops: No
[2024-10-26T03:26:26.705+0530][2.095s][debug][gc,director    ] Rule Major: Warmup 10%, Used: 172MB, UsedThreshold: 204MB
[2024-10-26T03:26:26.705+0530][2.096s][debug][gc,director    ] Rule Minor: High Usage, Free: 1836MB(89.6%)
[2024-10-26T03:26:26.705+0530][2.096s][debug][gc,nmethod     ] Register NMethod: com.fasterxml.jackson.databind.type.ClassKey.hashCode (0x0000029cc9db3388) [0x0000029cc9db34a0, 0x0000029cc9db3568] Compiler: c1, Barriers: 0, Oops: 1, ImmediateOops: 0, NonImmediateOops: No
[2024-10-26T03:26:26.706+0530][2.097s][debug][gc,nmethod     ] Register NMethod: org.springframework.core.ResolvableType.<init> (0x0000029cc27ad588) [0x0000029cc27ad6e0, 0x0000029cc27adb50] Compiler: c1, Barriers: 18, Oops: 1, ImmediateOops: 0, NonImmediateOops: No
[2024-10-26T03:26:26.707+0530][2.098s][debug][gc,nmethod     ] Register NMethod: org.springframework.util.ReflectionUtils.findMethod (0x0000029cc27adb88) [0x0000029cc27addc0, 0x0000029cc27ae978] Compiler: c1, Barriers: 3, Oops: 3, ImmediateOops: 2, NonImmediateOops: No
[2024-10-26T03:26:26.708+0530][2.099s][debug][gc,nmethod     ] Register NMethod: org.springframework.core.annotation.TypeMappedAnnotations$IsPresent.doWithAnnotations (0x0000029cc27aea08) [0x0000029cc27aeb20, 0x0000029cc27aec58] Compiler: c1, Barriers: 0, Oops: 1, ImmediateOops: 0, NonImmediateOops: No
[2024-10-26T03:26:26.709+0530][2.100s][debug][gc,nmethod     ] Register NMethod: org.springframework.core.annotation.TypeMappedAnnotations$IsPresent.doWithAnnotations (0x0000029cc27aed08) [0x0000029cc27aefc0, 0x0000029cc27b0318] Compiler: c1, Barriers: 10, Oops: 1, ImmediateOops: 4, NonImmediateOops: No
[2024-10-26T03:26:26.712+0530][2.103s][debug][gc,nmethod     ] Register NMethod: org.springframework.boot.context.properties.source.SystemEnvironmentPropertyMapper$$Lambda/0x000002a0d41458f8.test (0x0000029cc9db3688) [0x0000029cc9db3a00, 0x0000029cc9db5dd0] Compiler: c2, Barriers: 50, Oops: 2, ImmediateOops: 3, NonImmediateOops: No
[2024-10-26T03:26:26.715+0530][2.106s][debug][gc,nmethod     ] Register NMethod: java.lang.invoke.MethodHandleImpl.valueConversion (0x0000029cc27b0408) [0x0000029cc27b06a0, 0x0000029cc27b1340] Compiler: c1, Barriers: 3, Oops: 0, ImmediateOops: 3, NonImmediateOops: No
[2024-10-26T03:26:26.715+0530][2.106s][debug][gc,nmethod     ] Register NMethod: java.util.function.BiPredicate$$Lambda/0x000002a0d40e90f0.test (0x0000029cc9db6008) [0x0000029cc9db63c0, 0x0000029cc9db8d50] Compiler: c2, Barriers: 54, Oops: 2, ImmediateOops: 3, NonImmediateOops: No
[2024-10-26T03:26:26.716+0530][2.106s][debug][gc,director    ] Rule Major: Warmup 10%, Used: 172MB, UsedThreshold: 204MB
[2024-10-26T03:26:26.716+0530][2.106s][debug][gc,director    ] Rule Minor: High Usage, Free: 1836MB(89.6%)
[2024-10-26T03:26:26.716+0530][2.107s][debug][gc,nmethod     ] Register NMethod: org.springframework.core.annotation.MergedAnnotations$Search$$Lambda/0x000002a0d410c8f0.test (0x0000029cc9db8f88) [0x0000029cc9db9080, 0x0000029cc9db9130] Compiler: c2, Barriers: 0, Oops: 1, ImmediateOops: 0, NonImmediateOops: No
[2024-10-26T03:26:26.724+0530][2.115s][debug][gc,nmethod     ] Register NMethod: jdk.proxy2.$Proxy61.annotationType (0x0000029cc27b1408) [0x0000029cc27b1560, 0x0000029cc27b1978] Compiler: c1, Barriers: 1, Oops: 1, ImmediateOops: 1, NonImmediateOops: No
[2024-10-26T03:26:26.726+0530][2.116s][debug][gc,nmethod     ] Register NMethod: java.lang.ThreadLocal$ThreadLocalMap.set (0x0000029cc9db9288) [0x0000029cc9db9420, 0x0000029cc9db9f58] Compiler: c2, Barriers: 29, Oops: 0, ImmediateOops: 1, NonImmediateOops: No
[2024-10-26T03:26:26.726+0530][2.117s][debug][gc,nmethod     ] Register NMethod: java.util.concurrent.ConcurrentHashMap.tableSizeFor (0x0000029cc27b1a08) [0x0000029cc27b1b40, 0x0000029cc27b1d38] Compiler: c1, Barriers: 0, Oops: 0, ImmediateOops: 0, NonImmediateOops: No
[2024-10-26T03:26:26.726+0530][2.117s][debug][gc,nmethod     ] Register NMethod: org.springframework.web.context.support.GenericWebApplicationContext.getServletContext (0x0000029cc9dba008) [0x0000029cc9dba120, 0x0000029cc9dba220] Compiler: c1, Barriers: 1, Oops: 1, ImmediateOops: 0, NonImmediateOops: No
[2024-10-26T03:26:26.727+0530][2.117s][debug][gc,director    ] Rule Major: Warmup 10%, Used: 174MB, UsedThreshold: 204MB
[2024-10-26T03:26:26.727+0530][2.117s][debug][gc,director    ] Rule Minor: High Usage, Free: 1834MB(89.6%)
[2024-10-26T03:26:26.727+0530][2.118s][debug][gc,nmethod     ] Register NMethod: java.util.concurrent.ConcurrentHashMap.computeIfAbsent (0x0000029cc9dba308) [0x0000029cc9dba520, 0x0000029cc9dbb920] Compiler: c2, Barriers: 29, Oops: 0, ImmediateOops: 0, NonImmediateOops: No
[2024-10-26T03:26:26.729+0530][2.120s][debug][gc,nmethod     ] Register NMethod: org.springframework.util.ReflectionUtils.findDefaultMethodsOnInterfaces (0x0000029cc27b1d88) [0x0000029cc27b1f60, 0x0000029cc27b28a8] Compiler: c1, Barriers: 6, Oops: 1, ImmediateOops: 1, NonImmediateOops: No
[2024-10-26T03:26:26.729+0530][2.120s][debug][gc,nmethod     ] Register NMethod: org.springframework.core.annotation.AnnotationsProcessor.finish (0x0000029cc27b2908) [0x0000029cc27b2a20, 0x0000029cc27b2b30] Compiler: c1, Barriers: 0, Oops: 1, ImmediateOops: 0, NonImmediateOops: No
[2024-10-26T03:26:26.737+0530][2.128s][debug][gc,nmethod     ] Register NMethod: org.springframework.core.BridgeMethodResolver.resolveBridgeMethod (0x0000029cc9dbb988) [0x0000029cc9dbbb60, 0x0000029cc9dbc320] Compiler: c2, Barriers: 10, Oops: 7, ImmediateOops: 6, NonImmediateOops: No
[2024-10-26T03:26:26.737+0530][2.128s][debug][gc,nmethod     ] Register NMethod: org.springframework.core.annotation.TypeMappedAnnotations.get (0x0000029cc9dbc508) [0x0000029cc9dbc6a0, 0x0000029cc9dbce88] Compiler: c2, Barriers: 12, Oops: 1, ImmediateOops: 4, NonImmediateOops: No
[2024-10-26T03:26:26.738+0530][2.128s][debug][gc,director    ] Rule Major: Warmup 10%, Used: 174MB, UsedThreshold: 204MB
[2024-10-26T03:26:26.738+0530][2.128s][debug][gc,director    ] Rule Minor: High Usage, Free: 1834MB(89.6%)
[2024-10-26T03:26:26.740+0530][2.131s][debug][gc,nmethod     ] Register NMethod: org.springframework.core.annotation.AnnotationsScanner.getDeclaredAnnotations (0x0000029cc9dbcf88) [0x0000029cc9dbd5c0, 0x0000029cc9dc18b0] Compiler: c2, Barriers: 96, Oops: 20, ImmediateOops: 26, NonImmediateOops: No
[2024-10-26T03:26:26.744+0530][2.135s][debug][gc,nmethod     ] Register NMethod: org.springframework.core.annotation.RepeatableContainers.none (0x0000029cc9dc1e08) [0x0000029cc9dc1f00, 0x0000029cc9dc1f70] Compiler: c2, Barriers: 0, Oops: 1, ImmediateOops: 1, NonImmediateOops: No
[2024-10-26T03:26:26.747+0530][2.138s][debug][gc,nmethod     ] Register NMethod: java.nio.ByteBuffer.limit (0x0000029cc9dc2108) [0x0000029cc9dc2200, 0x0000029cc9dc2300] Compiler: c2, Barriers: 0, Oops: 0, ImmediateOops: 0, NonImmediateOops: No
[2024-10-26T03:26:26.748+0530][2.138s][debug][gc,director    ] Rule Major: Warmup 10%, Used: 176MB, UsedThreshold: 204MB
[2024-10-26T03:26:26.748+0530][2.138s][debug][gc,director    ] Rule Minor: High Usage, Free: 1832MB(89.5%)
[2024-10-26T03:26:26.751+0530][2.142s][debug][gc,nmethod     ] Register NMethod: java.lang.invoke.MethodHandle.isVarargsCollector (0x0000029cc9dc2408) [0x0000029cc9dc2520, 0x0000029cc9dc25e8] Compiler: c1, Barriers: 0, Oops: 0, ImmediateOops: 0, NonImmediateOops: No
[2024-10-26T03:26:26.752+0530][2.143s][debug][gc,nmethod     ] Register NMethod: java.lang.invoke.DirectMethodHandle$Holder.invokeStatic (0x0000029cc27b2c08) [0x0000029cc27b2d60, 0x0000029cc27b32d8] Compiler: c1, Barriers: 1, Oops: 0, ImmediateOops: 0, NonImmediateOops: No
[2024-10-26T03:26:26.756+0530][2.146s][debug][gc,nmethod     ] Register NMethod: org.springframework.util.ReflectionUtils.lambda$getUniqueDeclaredMethods$2 (0x0000029cc9dc2708) [0x0000029cc9dc2960, 0x0000029cc9dc3b50] Compiler: c2, Barriers: 22, Oops: 3, ImmediateOops: 3, NonImmediateOops: No
[2024-10-26T03:26:26.759+0530][2.149s][debug][gc,director    ] Rule Major: Warmup 10%, Used: 176MB, UsedThreshold: 204MB
[2024-10-26T03:26:26.759+0530][2.149s][debug][gc,director    ] Rule Minor: High Usage, Free: 1832MB(89.5%)
[2024-10-26T03:26:26.764+0530][2.155s][debug][gc,nmethod     ] Register NMethod: java.lang.Class.getGenericSuperclass (0x0000029cc27b3308) [0x0000029cc27b3500, 0x0000029cc27b3fe8] Compiler: c1, Barriers: 11, Oops: 0, ImmediateOops: 0, NonImmediateOops: No
[2024-10-26T03:26:26.764+0530][2.155s][debug][gc,nmethod     ] Register NMethod: org.springframework.core.ResolvableType.getSuperType (0x0000029cc27b4088) [0x0000029cc27b4300, 0x0000029cc27b5418] Compiler: c1, Barriers: 18, Oops: 1, ImmediateOops: 4, NonImmediateOops: No
[2024-10-26T03:26:26.766+0530][2.157s][debug][gc,nmethod     ] Register NMethod: org.springframework.core.annotation.TypeMappedAnnotations$IsPresent.get (0x0000029cc27b5508) [0x0000029cc27b5680, 0x0000029cc27b5c48] Compiler: c1, Barriers: 8, Oops: 1, ImmediateOops: 5, NonImmediateOops: No
[2024-10-26T03:26:26.768+0530][2.159s][debug][gc,nmethod     ] Register NMethod: org.springframework.beans.factory.support.AbstractBeanFactory.isTypeMatch (0x0000029cc27b5c88) [0x0000029cc27b6480, 0x0000029cc27bc3b0] Compiler: c1, Barriers: 45, Oops: 5, ImmediateOops: 19, NonImmediateOops: No
[2024-10-26T03:26:26.769+0530][2.159s][debug][gc,director    ] Rule Major: Warmup 10%, Used: 176MB, UsedThreshold: 204MB
[2024-10-26T03:26:26.769+0530][2.159s][debug][gc,director    ] Rule Minor: High Usage, Free: 1832MB(89.5%)
[2024-10-26T03:26:26.771+0530][2.162s][debug][gc,alloc       ] Mutator Allocation Rate: 147.4MB/s Predicted: 161.8MB/s, Avg: 143.7(+/-21.5)MB/s
[2024-10-26T03:26:26.771+0530][2.162s][debug][gc,director    ] Rule Major: Warmup 10%, Used: 178MB, UsedThreshold: 204MB
[2024-10-26T03:26:26.771+0530][2.162s][debug][gc,director    ] Rule Minor: High Usage, Free: 1830MB(89.4%)
[2024-10-26T03:26:26.781+0530][2.171s][debug][gc,director    ] Rule Major: Warmup 10%, Used: 178MB, UsedThreshold: 204MB
[2024-10-26T03:26:26.781+0530][2.171s][debug][gc,director    ] Rule Minor: High Usage, Free: 1830MB(89.4%)
[2024-10-26T03:26:26.783+0530][2.174s][debug][gc,nmethod     ] Register NMethod: org.springframework.core.annotation.AnnotationsScanner.isKnownEmpty (0x0000029cc9dc3c88) [0x0000029cc9dc3f00, 0x0000029cc9dc4fc0] Compiler: c2, Barriers: 19, Oops: 4, ImmediateOops: 5, NonImmediateOops: No
[2024-10-26T03:26:26.785+0530][2.176s][debug][gc,nmethod     ] Register NMethod: org.springframework.core.annotation.MergedAnnotations.from (0x0000029cc9dc5108) [0x0000029cc9dc5380, 0x0000029cc9dc65f8] Compiler: c2, Barriers: 31, Oops: 9, ImmediateOops: 7, NonImmediateOops: No
[2024-10-26T03:26:26.785+0530][2.176s][debug][gc,nmethod     ] Register NMethod: org.springframework.core.annotation.TypeMappedAnnotations.from (0x0000029cc9dc6788) [0x0000029cc9dc6a20, 0x0000029cc9dc7e68] Compiler: c2, Barriers: 31, Oops: 4, ImmediateOops: 6, NonImmediateOops: No
[2024-10-26T03:26:26.786+0530][2.177s][debug][gc,nmethod     ] Register NMethod: java.lang.invoke.MethodHandle.linkToStatic (0x0000029cc9dc8008) [0x0000029cc9dc8100, 0x0000029cc9dc8210] Compiler: , Barriers: 0, Oops: 0, ImmediateOops: 0, NonImmediateOops: No
[2024-10-26T03:26:26.790+0530][2.181s][debug][gc,nmethod     ] Register NMethod: jdk.proxy2.$Proxy30.value (0x0000029cc27bc588) [0x0000029cc27bc6e0, 0x0000029cc27bcaf8] Compiler: c1, Barriers: 1, Oops: 1, ImmediateOops: 1, NonImmediateOops: No
[2024-10-26T03:26:26.791+0530][2.181s][debug][gc,director    ] Rule Major: Warmup 10%, Used: 178MB, UsedThreshold: 204MB
[2024-10-26T03:26:26.791+0530][2.181s][debug][gc,director    ] Rule Minor: High Usage, Free: 1830MB(89.4%)
[2024-10-26T03:26:26.792+0530][2.183s][debug][gc,nmethod     ] Register NMethod: org.springframework.core.annotation.AnnotationTypeMapping.getAliasMapping (0x0000029cc27bcb88) [0x0000029cc27bcca0, 0x0000029cc27bce00] Compiler: c1, Barriers: 1, Oops: 1, ImmediateOops: 0, NonImmediateOops: No
[2024-10-26T03:26:26.793+0530][2.184s][debug][gc,nmethod     ] Register NMethod: org.springframework.util.StringUtils.substringMatch (0x0000029cc27bce88) [0x0000029cc27bd020, 0x0000029cc27bd690] Compiler: c1, Barriers: 0, Oops: 1, ImmediateOops: 0, NonImmediateOops: No
[2024-10-26T03:26:26.793+0530][2.184s][debug][gc,nmethod     ] Register NMethod: java.util.TreeSet.add (0x0000029cc27bd708) [0x0000029cc27bd840, 0x0000029cc27bdaa8] Compiler: c1, Barriers: 1, Oops: 0, ImmediateOops: 1, NonImmediateOops: No
[2024-10-26T03:26:26.793+0530][2.184s][debug][gc,nmethod     ] Register NMethod: java.util.stream.ReferencePipeline$StatefulOp.<init> (0x0000029cc27bdb08) [0x0000029cc27bdc40, 0x0000029cc27bddf8] Compiler: c1, Barriers: 0, Oops: 0, ImmediateOops: 0, NonImmediateOops: No
[2024-10-26T03:26:26.793+0530][2.184s][debug][gc,nmethod     ] Register NMethod: java.util.ImmutableCollections$ListN.isEmpty (0x0000029cc27bde88) [0x0000029cc27bdfa0, 0x0000029cc27be130] Compiler: c1, Barriers: 1, Oops: 0, ImmediateOops: 0, NonImmediateOops: No
[2024-10-26T03:26:26.793+0530][2.184s][debug][gc,nmethod     ] Register NMethod: java.util.stream.StreamOpFlag.isKnown (0x0000029cc9dc8308) [0x0000029cc9dc8400, 0x0000029cc9dc8490] Compiler: c2, Barriers: 0, Oops: 0, ImmediateOops: 0, NonImmediateOops: No
[2024-10-26T03:26:26.793+0530][2.184s][debug][gc,nmethod     ] Register NMethod: jdk.proxy2.$Proxy30.attribute (0x0000029cc27be188) [0x0000029cc27be2e0, 0x0000029cc27be6f8] Compiler: c1, Barriers: 1, Oops: 1, ImmediateOops: 1, NonImmediateOops: No
[2024-10-26T03:26:26.794+0530][2.185s][debug][gc,nmethod     ] Register NMethod: java.util.Optional.orElse (0x0000029cc9dc8608) [0x0000029cc9dc8700, 0x0000029cc9dc87c8] Compiler: c2, Barriers: 1, Oops: 0, ImmediateOops: 0, NonImmediateOops: No
[2024-10-26T03:26:26.794+0530][2.185s][debug][gc,nmethod     ] Register NMethod: org.springframework.beans.factory.support.AbstractBeanFactory.getType (0x0000029cc27be788) [0x0000029cc27be8a0, 0x0000029cc27bea68] Compiler: c1, Barriers: 0, Oops: 1, ImmediateOops: 0, NonImmediateOops: No
[2024-10-26T03:26:26.794+0530][2.185s][debug][gc,nmethod     ] Register NMethod: java.util.concurrent.atomic.AtomicBoolean.get (0x0000029cc27beb08) [0x0000029cc27bec20, 0x0000029cc27bed78] Compiler: c1, Barriers: 0, Oops: 0, ImmediateOops: 0, NonImmediateOops: No
[2024-10-26T03:26:26.794+0530][2.185s][debug][gc,nmethod     ] Register NMethod: org.springframework.core.annotation.AnnotatedElementUtils.hasAnnotation (0x0000029cc27bee08) [0x0000029cc27befc0, 0x0000029cc27bf6d0] Compiler: c1, Barriers: 1, Oops: 4, ImmediateOops: 5, NonImmediateOops: No
[2024-10-26T03:26:26.794+0530][2.185s][debug][gc,nmethod     ] Register NMethod: org.springframework.context.support.AbstractApplicationContext.assertBeanFactoryActive (0x0000029cc27bf788) [0x0000029cc27bf920, 0x0000029cc27c0050] Compiler: c1, Barriers: 4, Oops: 1, ImmediateOops: 0, NonImmediateOops: No
[2024-10-26T03:26:26.795+0530][2.185s][debug][gc,nmethod     ] Register NMethod: org.springframework.context.support.ApplicationObjectSupport.obtainApplicationContext (0x0000029cc27c0088) [0x0000029cc27c0200, 0x0000029cc27c0780] Compiler: c1, Barriers: 1, Oops: 2, ImmediateOops: 1, NonImmediateOops: No
[2024-10-26T03:26:26.795+0530][2.186s][debug][gc,nmethod     ] Register NMethod: org.springframework.context.support.ApplicationObjectSupport.getApplicationContext (0x0000029cc27c0808) [0x0000029cc27c0960, 0x0000029cc27c0cd8] Compiler: c1, Barriers: 1, Oops: 1, ImmediateOops: 0, NonImmediateOops: No
[2024-10-26T03:26:26.795+0530][2.186s][debug][gc,nmethod     ] Register NMethod: org.springframework.context.support.AbstractApplicationContext.getType (0x0000029cc27c0d08) [0x0000029cc27c0e40, 0x0000029cc27c1218] Compiler: c1, Barriers: 1, Oops: 1, ImmediateOops: 0, NonImmediateOops: No
[2024-10-26T03:26:26.795+0530][2.186s][debug][gc,nmethod     ] Register NMethod: org.springframework.web.servlet.mvc.method.annotation.RequestMappingHandlerMapping.isHandler (0x0000029cc27c1288) [0x0000029cc27c13a0, 0x0000029cc27c14e8] Compiler: c1, Barriers: 0, Oops: 1, ImmediateOops: 1, NonImmediateOops: No
[2024-10-26T03:26:26.795+0530][2.186s][debug][gc,nmethod     ] Register NMethod: org.springframework.web.servlet.handler.AbstractHandlerMethodMapping.processCandidateBean (0x0000029cc27c1588) [0x0000029cc27c17a0, 0x0000029cc27c2420] Compiler: c1, Barriers: 3, Oops: 2, ImmediateOops: 2, NonImmediateOops: No
[2024-10-26T03:26:26.796+0530][2.187s][debug][gc,nmethod     ] Register NMethod: org.springframework.core.MethodIntrospector.lambda$selectMethods$0 (0x0000029cc27c2508) [0x0000029cc27c26a0, 0x0000029cc27c2d18] Compiler: c1, Barriers: 1, Oops: 1, ImmediateOops: 0, NonImmediateOops: No
[2024-10-26T03:26:26.797+0530][2.188s][debug][gc,nmethod     ] Register NMethod: org.springframework.beans.factory.support.AbstractBeanFactory.getConversionService (0x0000029cc9dc8908) [0x0000029cc9dc8a20, 0x0000029cc9dc8b20] Compiler: c1, Barriers: 1, Oops: 1, ImmediateOops: 0, NonImmediateOops: No
[2024-10-26T03:26:26.798+0530][2.188s][debug][gc,nmethod     ] Register NMethod: org.springframework.beans.PropertyEditorRegistrySupport.setConversionService (0x0000029cc9dc8c08) [0x0000029cc9dc8d20, 0x0000029cc9dc8e58] Compiler: c1, Barriers: 3, Oops: 1, ImmediateOops: 0, NonImmediateOops: No
[2024-10-26T03:26:26.798+0530][2.189s][debug][gc,nmethod     ] Register NMethod: org.springframework.core.MethodParameter.getParameterType (0x0000029cc27c2d88) [0x0000029cc27c2f20, 0x0000029cc27c35b8] Compiler: c1, Barriers: 6, Oops: 1, ImmediateOops: 0, NonImmediateOops: No
[2024-10-26T03:26:26.798+0530][2.189s][debug][gc,nmethod     ] Register NMethod: org.springframework.util.ClassUtils.isAssignableValue (0x0000029cc27c3608) [0x0000029cc27c3760, 0x0000029cc27c3b08] Compiler: c1, Barriers: 1, Oops: 2, ImmediateOops: 1, NonImmediateOops: No
[2024-10-26T03:26:26.800+0530][2.191s][debug][gc,nmethod     ] Register NMethod: org.springframework.core.SimpleAliasRegistry$$Lambda/0x000002a0d4344890.<init> (0x0000029cc27c3b88) [0x0000029cc27c3cc0, 0x0000029cc27c3f88] Compiler: c1, Barriers: 9, Oops: 1, ImmediateOops: 0, NonImmediateOops: No
[2024-10-26T03:26:26.800+0530][2.191s][debug][gc,nmethod     ] Register NMethod: org.springframework.core.SimpleAliasRegistry.retrieveAliases (0x0000029cc27c4008) [0x0000029cc27c41a0, 0x0000029cc27c4910] Compiler: c1, Barriers: 10, Oops: 2, ImmediateOops: 2, NonImmediateOops: No
[2024-10-26T03:26:26.800+0530][2.191s][debug][gc,nmethod     ] Register NMethod: java.util.concurrent.ConcurrentHashMap.forEach (0x0000029cc27c4988) [0x0000029cc27c4b00, 0x0000029cc27c5048] Compiler: c1, Barriers: 3, Oops: 0, ImmediateOops: 0, NonImmediateOops: No
[2024-10-26T03:26:26.800+0530][2.191s][debug][gc,nmethod     ] Register NMethod: org.springframework.core.annotation.TypeMappedAnnotations.isMappingForType (0x0000029cc9dc8f08) [0x0000029cc9dc90a0, 0x0000029cc9dc9a10] Compiler: c2, Barriers: 9, Oops: 1, ImmediateOops: 0, NonImmediateOops: No
[2024-10-26T03:26:26.801+0530][2.192s][debug][gc,nmethod     ] Register NMethod: org.springframework.core.SimpleAliasRegistry.lambda$retrieveAliases$0 (0x0000029cc27c5088) [0x0000029cc27c5240, 0x0000029cc27c5b30] Compiler: c1, Barriers: 10, Oops: 2, ImmediateOops: 2, NonImmediateOops: No
[2024-10-26T03:26:26.801+0530][2.192s][debug][gc,nmethod     ] Register NMethod: org.springframework.core.SimpleAliasRegistry$$Lambda/0x000002a0d4344890.accept (0x0000029cc27c5c08) [0x0000029cc27c5de0, 0x0000029cc27c6980] Compiler: c1, Barriers: 13, Oops: 2, ImmediateOops: 2, NonImmediateOops: No
[2024-10-26T03:26:26.801+0530][2.192s][debug][gc,nmethod     ] Register NMethod: org.springframework.context.support.AbstractApplicationContext.getAliases (0x0000029cc27c6a08) [0x0000029cc27c6b40, 0x0000029cc27c6d60] Compiler: c1, Barriers: 1, Oops: 1, ImmediateOops: 0, NonImmediateOops: No
[2024-10-26T03:26:26.802+0530][2.192s][debug][gc,director    ] Rule Major: Warmup 10%, Used: 180MB, UsedThreshold: 204MB
[2024-10-26T03:26:26.802+0530][2.192s][debug][gc,director    ] Rule Minor: High Usage, Free: 1828MB(89.3%)
[2024-10-26T03:26:26.802+0530][2.192s][debug][gc,nmethod     ] Register NMethod: org.springframework.web.servlet.handler.BeanNameUrlHandlerMapping.determineUrlsForHandler (0x0000029cc27c6e08) [0x0000029cc27c70c0, 0x0000029cc27c8848] Compiler: c1, Barriers: 13, Oops: 3, ImmediateOops: 6, NonImmediateOops: No
[2024-10-26T03:26:26.802+0530][2.193s][debug][gc,nmethod     ] Register NMethod: java.lang.PublicMethods$MethodList.filter (0x0000029cc9dc9a88) [0x0000029cc9dc9c20, 0x0000029cc9dca868] Compiler: c2, Barriers: 24, Oops: 0, ImmediateOops: 0, NonImmediateOops: No
[2024-10-26T03:26:26.802+0530][2.193s][debug][gc,nmethod     ] Register NMethod: org.springframework.core.MethodParameter.getAnnotatedElement (0x0000029cc9dca908) [0x0000029cc9dcaa20, 0x0000029cc9dcab18] Compiler: c1, Barriers: 1, Oops: 1, ImmediateOops: 0, NonImmediateOops: No
[2024-10-26T03:26:26.802+0530][2.193s][debug][gc,nmethod     ] Register NMethod: org.springframework.core.SimpleAliasRegistry.getAliases (0x0000029cc27c8988) [0x0000029cc27c8ba0, 0x0000029cc27c9bb8] Compiler: c1, Barriers: 14, Oops: 2, ImmediateOops: 5, NonImmediateOops: No
[2024-10-26T03:26:26.802+0530][2.193s][debug][gc,nmethod     ] Register NMethod: java.util.AbstractList$Itr.hasNext (0x0000029cc27c9c88) [0x0000029cc27c9dc0, 0x0000029cc27ca028] Compiler: c1, Barriers: 1, Oops: 0, ImmediateOops: 0, NonImmediateOops: No
[2024-10-26T03:26:26.803+0530][2.194s][debug][gc,nmethod     ] Register NMethod: org.springframework.beans.factory.support.AbstractBeanFactory.getAliases (0x0000029cc27ca088) [0x0000029cc27ca5a0, 0x0000029cc27cd9c8] Compiler: c1, Barriers: 21, Oops: 5, ImmediateOops: 12, NonImmediateOops: No
[2024-10-26T03:26:26.804+0530][2.195s][debug][gc,nmethod     ] Register NMethod: java.lang.reflect.Modifier.isProtected (0x0000029cc9dcac08) [0x0000029cc9dcad00, 0x0000029cc9dcad70] Compiler: c2, Barriers: 0, Oops: 0, ImmediateOops: 0, NonImmediateOops: No
[2024-10-26T03:26:26.805+0530][2.196s][debug][gc,nmethod     ] Register NMethod: org.springframework.core.annotation.MergedAnnotations.from (0x0000029cc9dcaf08) [0x0000029cc9dcb020, 0x0000029cc9dcb0c0] Compiler: c2, Barriers: 0, Oops: 1, ImmediateOops: 1, NonImmediateOops: No
[2024-10-26T03:26:26.806+0530][2.197s][debug][gc,nmethod     ] Register NMethod: java.lang.reflect.Method.getMethodAccessor (0x0000029cc9dcb208) [0x0000029cc9dcb320, 0x0000029cc9dcb420] Compiler: c1, Barriers: 1, Oops: 0, ImmediateOops: 0, NonImmediateOops: No
[2024-10-26T03:26:26.806+0530][2.197s][debug][gc,nmethod     ] Register NMethod: java.lang.reflect.Method.setMethodAccessor (0x0000029cc27cdb88) [0x0000029cc27cdce0, 0x0000029cc27ce060] Compiler: c1, Barriers: 8, Oops: 0, ImmediateOops: 0, NonImmediateOops: No
[2024-10-26T03:26:26.807+0530][2.198s][debug][gc,nmethod     ] Register NMethod: java.util.Collections$UnmodifiableCollection.contains (0x0000029cc9dcb508) [0x0000029cc9dcb6e0, 0x0000029cc9dcc2c8] Compiler: c2, Barriers: 16, Oops: 0, ImmediateOops: 0, NonImmediateOops: No
[2024-10-26T03:26:26.808+0530][2.199s][debug][gc,nmethod     ] Register NMethod: org.springframework.core.MethodParameter.getGenericParameterType (0x0000029cc27ce088) [0x0000029cc27ce400, 0x0000029cc27d03c0] Compiler: c1, Barriers: 34, Oops: 1, ImmediateOops: 1, NonImmediateOops: No
[2024-10-26T03:26:26.808+0530][2.199s][debug][gc,nmethod     ] Register NMethod: org.springframework.core.annotation.MergedAnnotations.from (0x0000029cc9dcc388) [0x0000029cc9dccb20, 0x0000029cc9dd2330] Compiler: c2, Barriers: 127, Oops: 28, ImmediateOops: 33, NonImmediateOops: No
[2024-10-26T03:26:26.809+0530][2.200s][debug][gc,nmethod     ] Register NMethod: sun.reflect.generics.reflectiveObjects.ParameterizedTypeImpl.getRawType (0x0000029cc27d0508) [0x0000029cc27d0620, 0x0000029cc27d0780] Compiler: c1, Barriers: 1, Oops: 0, ImmediateOops: 0, NonImmediateOops: No
[2024-10-26T03:26:26.809+0530][2.200s][debug][gc,nmethod     ] Register NMethod: sun.reflect.generics.reflectiveObjects.TypeVariableImpl.getName (0x0000029cc9dd2988) [0x0000029cc9dd2aa0, 0x0000029cc9dd2b98] Compiler: c1, Barriers: 1, Oops: 0, ImmediateOops: 0, NonImmediateOops: No
[2024-10-26T03:26:26.811+0530][2.202s][debug][gc,nmethod     ] Register NMethod: sun.reflect.generics.repository.AbstractRepository.getReifier (0x0000029cc27d0808) [0x0000029cc27d0940, 0x0000029cc27d0c80] Compiler: c1, Barriers: 4, Oops: 0, ImmediateOops: 0, NonImmediateOops: No
[2024-10-26T03:26:26.811+0530][2.202s][debug][gc,nmethod     ] Register NMethod: org.springframework.context.annotation.CommonAnnotationBeanPostProcessor.postProcessBeforeInstantiation (0x0000029cc9dd2c88) [0x0000029cc9dd2da0, 0x0000029cc9dd2e70] Compiler: c1, Barriers: 0, Oops: 1, ImmediateOops: 0, NonImmediateOops: No
[2024-10-26T03:26:26.812+0530][2.203s][debug][gc,nmethod     ] Register NMethod: org.springframework.core.MethodParameter.getParameterAnnotations (0x0000029cc27d0d08) [0x0000029cc27d0f20, 0x0000029cc27d1bc0] Compiler: c1, Barriers: 8, Oops: 1, ImmediateOops: 1, NonImmediateOops: No
[2024-10-26T03:26:26.812+0530][2.203s][debug][gc,nmethod     ] Register NMethod: java.util.AbstractList$RandomAccessSpliterator.characteristics (0x0000029cc9dd2f88) [0x0000029cc9dd30a0, 0x0000029cc9dd3168] Compiler: c1, Barriers: 0, Oops: 0, ImmediateOops: 0, NonImmediateOops: No
[2024-10-26T03:26:26.812+0530][2.203s][debug][gc,nmethod     ] Register NMethod: java.lang.Class.copyFields (0x0000029cc27d1c88) [0x0000029cc27d1e80, 0x0000029cc27d29f0] Compiler: c1, Barriers: 9, Oops: 0, ImmediateOops: 2, NonImmediateOops: No
[2024-10-26T03:26:26.813+0530][2.203s][debug][gc,director    ] Rule Major: Warmup 10%, Used: 180MB, UsedThreshold: 204MB
[2024-10-26T03:26:26.813+0530][2.203s][debug][gc,director    ] Rule Minor: High Usage, Free: 1828MB(89.3%)
[2024-10-26T03:26:26.813+0530][2.204s][debug][gc,nmethod     ] Register NMethod: java.lang.reflect.Executable.getGenericParameterTypes (0x0000029cc27d2a88) [0x0000029cc27d2c20, 0x0000029cc27d3388] Compiler: c1, Barriers: 4, Oops: 0, ImmediateOops: 0, NonImmediateOops: No
[2024-10-26T03:26:26.813+0530][2.204s][debug][gc,nmethod     ] Register NMethod: java.util.HashMap$KeySet.size (0x0000029cc9dd3288) [0x0000029cc9dd3380, 0x0000029cc9dd3450] Compiler: c2, Barriers: 1, Oops: 0, ImmediateOops: 0, NonImmediateOops: No
[2024-10-26T03:26:26.813+0530][2.204s][debug][gc,nmethod     ] Register NMethod: java.util.HashSet.<init> (0x0000029cc27d3408) [0x0000029cc27d3580, 0x0000029cc27d3a80] Compiler: c1, Barriers: 3, Oops: 0, ImmediateOops: 0, NonImmediateOops: No
[2024-10-26T03:26:26.814+0530][2.205s][debug][gc,nmethod     ] Register NMethod: java.util.AbstractList$Itr.checkForComodification (0x0000029cc27d3b08) [0x0000029cc27d3c40, 0x0000029cc27d3e98] Compiler: c1, Barriers: 1, Oops: 0, ImmediateOops: 0, NonImmediateOops: No
[2024-10-26T03:26:26.814+0530][2.205s][debug][gc,nmethod     ] Register NMethod: java.util.AbstractList$Itr.next (0x0000029cc27d3f08) [0x0000029cc27d40a0, 0x0000029cc27d4710] Compiler: c1, Barriers: 2, Oops: 0, ImmediateOops: 0, NonImmediateOops: No
[2024-10-26T03:26:26.814+0530][2.205s][debug][gc,nmethod     ] Register NMethod: org.springframework.beans.factory.InjectionPoint.getAnnotations (0x0000029cc27d4788) [0x0000029cc27d4960, 0x0000029cc27d5378] Compiler: c1, Barriers: 7, Oops: 2, ImmediateOops: 2, NonImmediateOops: No
[2024-10-26T03:26:26.816+0530][2.207s][debug][gc,nmethod     ] Register NMethod: org.springframework.core.MethodIntrospector$$Lambda/0x000002a0d432b890.<init> (0x0000029cc27d5408) [0x0000029cc27d5540, 0x0000029cc27d5808] Compiler: c1, Barriers: 9, Oops: 1, ImmediateOops: 0, NonImmediateOops: No
[2024-10-26T03:26:26.816+0530][2.207s][debug][gc,nmethod     ] Register NMethod: org.springframework.beans.factory.annotation.InitDestroyAnnotationBeanPostProcessor$1.hasDestroyMethods (0x0000029cc9dd3588) [0x0000029cc9dd36a0, 0x0000029cc9dd3768] Compiler: c1, Barriers: 0, Oops: 1, ImmediateOops: 0, NonImmediateOops: No
[2024-10-26T03:26:26.818+0530][2.208s][debug][gc,nmethod     ] Register NMethod: org.springframework.core.io.support.PathMatchingResourcePatternResolver.lambda$static$1 (0x0000029cc27d5888) [0x0000029cc27d59e0, 0x0000029cc27d5e48] Compiler: c1, Barriers: 4, Oops: 2, ImmediateOops: 1, NonImmediateOops: No
[2024-10-26T03:26:26.818+0530][2.209s][debug][gc,nmethod     ] Register NMethod: org.springframework.core.io.support.PathMatchingResourcePatternResolver$$Lambda/0x000002a0d419eaa0.test (0x0000029cc27d5f08) [0x0000029cc27d6060, 0x0000029cc27d6618] Compiler: c1, Barriers: 4, Oops: 2, ImmediateOops: 1, NonImmediateOops: No
[2024-10-26T03:26:26.818+0530][2.209s][debug][gc,nmethod     ] Register NMethod: java.util.regex.Pattern.lambda$ALL$10 (0x0000029cc9dd3888) [0x0000029cc9dd39a0, 0x0000029cc9dd3a48] Compiler: c1, Barriers: 0, Oops: 0, ImmediateOops: 0, NonImmediateOops: No
[2024-10-26T03:26:26.818+0530][2.209s][debug][gc,nmethod     ] Register NMethod: org.springframework.beans.factory.annotation.InjectionMetadata.<init> (0x0000029cc27d6688) [0x0000029cc27d67c0, 0x0000029cc27d6a18] Compiler: c1, Barriers: 6, Oops: 1, ImmediateOops: 0, NonImmediateOops: No
[2024-10-26T03:26:26.818+0530][2.209s][debug][gc,nmethod     ] Register NMethod: org.springframework.beans.factory.annotation.InjectionMetadata.forElements (0x0000029cc27d6a88) [0x0000029cc27d6c00, 0x0000029cc27d72a8] Compiler: c1, Barriers: 12, Oops: 2, ImmediateOops: 1, NonImmediateOops: No
[2024-10-26T03:26:26.819+0530][2.209s][debug][gc,nmethod     ] Register NMethod: org.springframework.beans.factory.annotation.InjectionMetadata.checkConfigMembers (0x0000029cc27d7308) [0x0000029cc27d7560, 0x0000029cc27d83f8] Compiler: c1, Barriers: 11, Oops: 1, ImmediateOops: 2, NonImmediateOops: No
[2024-10-26T03:26:26.819+0530][2.210s][debug][gc,nmethod     ] Register NMethod: org.springframework.beans.factory.annotation.InjectionMetadata.needsRefresh (0x0000029cc27d8488) [0x0000029cc27d85a0, 0x0000029cc27d8730] Compiler: c1, Barriers: 1, Oops: 1, ImmediateOops: 0, NonImmediateOops: No
[2024-10-26T03:26:26.819+0530][2.210s][debug][gc,nmethod     ] Register NMethod: org.springframework.beans.factory.annotation.InjectionMetadata.inject (0x0000029cc27d8788) [0x0000029cc27d8920, 0x0000029cc27d9000] Compiler: c1, Barriers: 2, Oops: 1, ImmediateOops: 0, NonImmediateOops: No
[2024-10-26T03:26:26.819+0530][2.210s][debug][gc,nmethod     ] Register NMethod: org.springframework.beans.factory.annotation.AutowiredAnnotationBeanPostProcessor.findAutowiringMetadata (0x0000029cc27d9088) [0x0000029cc27d92c0, 0x0000029cc27da2e0] Compiler: c1, Barriers: 6, Oops: 1, ImmediateOops: 0, NonImmediateOops: No
[2024-10-26T03:26:26.819+0530][2.210s][debug][gc,nmethod     ] Register NMethod: org.springframework.context.annotation.CommonAnnotationBeanPostProcessor.findResourceMetadata (0x0000029cc27da388) [0x0000029cc27da5c0, 0x0000029cc27db5e0] Compiler: c1, Barriers: 6, Oops: 1, ImmediateOops: 0, NonImmediateOops: No
[2024-10-26T03:26:26.821+0530][2.212s][debug][gc,nmethod     ] Register NMethod: org.springframework.aop.framework.autoproxy.AbstractAutoProxyCreator.shouldSkip (0x0000029cc27db688) [0x0000029cc27db7a0, 0x0000029cc27db8d8] Compiler: c1, Barriers: 0, Oops: 1, ImmediateOops: 0, NonImmediateOops: No
[2024-10-26T03:26:26.821+0530][2.212s][debug][gc,nmethod     ] Register NMethod: org.springframework.aop.framework.autoproxy.AbstractAutoProxyCreator.isInfrastructureClass (0x0000029cc27db988) [0x0000029cc27dbb40, 0x0000029cc27dc210] Compiler: c1, Barriers: 3, Oops: 1, ImmediateOops: 4, NonImmediateOops: No
[2024-10-26T03:26:26.821+0530][2.212s][debug][gc,nmethod     ] Register NMethod: java.util.HashSet.isEmpty (0x0000029cc9dd3b88) [0x0000029cc9dd3c80, 0x0000029cc9dd3d58] Compiler: c2, Barriers: 1, Oops: 0, ImmediateOops: 0, NonImmediateOops: No
[2024-10-26T03:26:26.821+0530][2.212s][debug][gc,nmethod     ] Register NMethod: org.springframework.context.annotation.CommonAnnotationBeanPostProcessor.postProcessAfterInstantiation (0x0000029cc9dd3e88) [0x0000029cc9dd3fa0, 0x0000029cc9dd4068] Compiler: c1, Barriers: 0, Oops: 1, ImmediateOops: 0, NonImmediateOops: No
[2024-10-26T03:26:26.821+0530][2.212s][debug][gc,nmethod     ] Register NMethod: java.util.IdentityHashMap.containsKey (0x0000029cc27dc288) [0x0000029cc27dc3e0, 0x0000029cc27dc868] Compiler: c1, Barriers: 2, Oops: 0, ImmediateOops: 1, NonImmediateOops: No
[2024-10-26T03:26:26.821+0530][2.212s][debug][gc,nmethod     ] Register NMethod: org.springframework.aop.framework.autoproxy.AutoProxyUtils.isOriginalInstance (0x0000029cc27dc908) [0x0000029cc27dcb40, 0x0000029cc27dd7e0] Compiler: c1, Barriers: 6, Oops: 2, ImmediateOops: 3, NonImmediateOops: No
[2024-10-26T03:26:26.821+0530][2.212s][debug][gc,nmethod     ] Register NMethod: org.springframework.beans.factory.support.AbstractBeanFactory.doResolveBeanClass (0x0000029cc27dd888) [0x0000029cc27ddbc0, 0x0000029cc27dfc78] Compiler: c1, Barriers: 13, Oops: 1, ImmediateOops: 0, NonImmediateOops: No
[2024-10-26T03:26:26.823+0530][2.213s][debug][gc,director    ] Rule Major: Warmup 10%, Used: 182MB, UsedThreshold: 204MB
[2024-10-26T03:26:26.823+0530][2.214s][debug][gc,director    ] Rule Minor: High Usage, Free: 1826MB(89.2%)
[2024-10-26T03:26:26.823+0530][2.214s][debug][gc,nmethod     ] Register NMethod: jdk.proxy2.$Proxy23.annotationType (0x0000029cc27dfd08) [0x0000029cc27dfe60, 0x0000029cc27e0278] Compiler: c1, Barriers: 1, Oops: 1, ImmediateOops: 1, NonImmediateOops: No
[2024-10-26T03:26:26.823+0530][2.214s][debug][gc,nmethod     ] Register NMethod: java.lang.Exception.<init> (0x0000029cc27e0308) [0x0000029cc27e0420, 0x0000029cc27e0558] Compiler: c1, Barriers: 0, Oops: 0, ImmediateOops: 0, NonImmediateOops: No
[2024-10-26T03:26:26.824+0530][2.214s][debug][gc,nmethod     ] Register NMethod: java.lang.Class.getMethodsRecursive (0x0000029cc9dd4188) [0x0000029cc9dd4580, 0x0000029cc9dd7180] Compiler: c2, Barriers: 84, Oops: 0, ImmediateOops: 10, NonImmediateOops: No
[2024-10-26T03:26:26.824+0530][2.215s][debug][gc,nmethod     ] Register NMethod: org.springframework.beans.factory.support.DefaultListableBeanFactory.doGetBeanNamesForType (0x0000029cc9dd7288) [0x0000029cc9dd7d20, 0x0000029cc9de0820] Compiler: c2, Barriers: 124, Oops: 6, ImmediateOops: 60, NonImmediateOops: No
[2024-10-26T03:26:26.824+0530][2.215s][debug][gc,nmethod     ] Register NMethod: org.springframework.aop.framework.autoproxy.AbstractAutoProxyCreator.getCacheKey (0x0000029cc27e0608) [0x0000029cc27e0780, 0x0000029cc27e0bb8] Compiler: c1, Barriers: 1, Oops: 1, ImmediateOops: 1, NonImmediateOops: No
[2024-10-26T03:26:26.827+0530][2.218s][debug][gc,nmethod     ] Register NMethod: org.springframework.aop.framework.autoproxy.ProxyCreationContext.setCurrentProxiedBeanName (0x0000029cc27e0c08) [0x0000029cc27e0dc0, 0x0000029cc27e1640] Compiler: c1, Barriers: 4, Oops: 2, ImmediateOops: 5, NonImmediateOops: No
[2024-10-26T03:26:26.829+0530][2.220s][debug][gc,nmethod     ] Register NMethod: sun.invoke.util.VerifyAccess.ensureTypeVisible (0x0000029cc9de0b88) [0x0000029cc9de0ce0, 0x0000029cc9de1148] Compiler: c2, Barriers: 9, Oops: 1, ImmediateOops: 1, NonImmediateOops: No
[2024-10-26T03:26:26.830+0530][2.221s][debug][gc,nmethod     ] Register NMethod: jdk.internal.classfile.impl.StackCounter.<init> (0x0000029cc9de1208) [0x0000029cc9de1d40, 0x0000029cc9dec538] Compiler: c2, Barriers: 184, Oops: 10, ImmediateOops: 14, NonImmediateOops: No
[2024-10-26T03:26:26.832+0530][2.223s][debug][gc,nmethod     ] Register NMethod: sun.reflect.generics.repository.AbstractRepository.<init> (0x0000029cc27e1708) [0x0000029cc27e1840, 0x0000029cc27e1b70] Compiler: c1, Barriers: 6, Oops: 0, ImmediateOops: 0, NonImmediateOops: No
[2024-10-26T03:26:26.832+0530][2.223s][debug][gc,nmethod     ] Register NMethod: sun.reflect.generics.repository.GenericDeclRepository.<init> (0x0000029cc27e1c08) [0x0000029cc27e1d40, 0x0000029cc27e20c8] Compiler: c1, Barriers: 6, Oops: 0, ImmediateOops: 0, NonImmediateOops: No
[2024-10-26T03:26:26.833+0530][2.224s][debug][gc,nmethod     ] Register NMethod: java.lang.reflect.Method.hasGenericInformation (0x0000029cc27e2108) [0x0000029cc27e2220, 0x0000029cc27e23c0] Compiler: c1, Barriers: 1, Oops: 0, ImmediateOops: 0, NonImmediateOops: No
[2024-10-26T03:26:26.833+0530][2.224s][debug][gc,nmethod     ] Register NMethod: java.util.Arrays$ArrayList.get (0x0000029cc27e2408) [0x0000029cc27e2520, 0x0000029cc27e26b8] Compiler: c1, Barriers: 2, Oops: 0, ImmediateOops: 0, NonImmediateOops: No
[2024-10-26T03:26:26.833+0530][2.224s][debug][gc,nmethod     ] Register NMethod: java.lang.reflect.Method.getGenericParameterTypes (0x0000029cc27e2708) [0x0000029cc27e28c0, 0x0000029cc27e3200] Compiler: c1, Barriers: 6, Oops: 0, ImmediateOops: 0, NonImmediateOops: No
[2024-10-26T03:26:26.833+0530][2.224s][debug][gc,nmethod     ] Register NMethod: org.springframework.core.ResolvableType.forMethodParameter (0x0000029cc27e3288) [0x0000029cc27e3460, 0x0000029cc27e3e38] Compiler: c1, Barriers: 5, Oops: 1, ImmediateOops: 1, NonImmediateOops: No
[2024-10-26T03:26:26.834+0530][2.224s][debug][gc,director    ] Rule Major: Warmup 10%, Used: 184MB, UsedThreshold: 204MB
[2024-10-26T03:26:26.834+0530][2.224s][debug][gc,director    ] Rule Minor: High Usage, Free: 1824MB(89.1%)
[2024-10-26T03:26:26.834+0530][2.225s][debug][gc,nmethod     ] Register NMethod: java.util.Spliterator.getExactSizeIfKnown (0x0000029cc9deca08) [0x0000029cc9decb00, 0x0000029cc9decbc8] Compiler: c2, Barriers: 0, Oops: 0, ImmediateOops: 0, NonImmediateOops: No
[2024-10-26T03:26:26.835+0530][2.226s][debug][gc,nmethod     ] Register NMethod: java.util.stream.AbstractPipeline.sourceSpliterator (0x0000029cc9decd08) [0x0000029cc9dece20, 0x0000029cc9ded088] Compiler: c2, Barriers: 4, Oops: 0, ImmediateOops: 0, NonImmediateOops: No
[2024-10-26T03:26:26.835+0530][2.226s][debug][gc,nmethod     ] Register NMethod: java.lang.reflect.Method.getDeclaredAnnotations (0x0000029cc9ded108) [0x0000029cc9ded280, 0x0000029cc9ded630] Compiler: c2, Barriers: 7, Oops: 1, ImmediateOops: 3, NonImmediateOops: No
[2024-10-26T03:26:26.836+0530][2.227s][debug][gc,nmethod     ] Register NMethod: com.fasterxml.jackson.databind.type.ClassKey.<init> (0x0000029cc27e3f08) [0x0000029cc27e4060, 0x0000029cc27e4410] Compiler: c1, Barriers: 7, Oops: 1, ImmediateOops: 0, NonImmediateOops: No
[2024-10-26T03:26:26.837+0530][2.228s][debug][gc,nmethod     ] Register NMethod: java.util.stream.AbstractPipeline.wrapAndCopyInto (0x0000029cc9ded708) [0x0000029cc9ded860, 0x0000029cc9dedbd0] Compiler: c2, Barriers: 2, Oops: 0, ImmediateOops: 1, NonImmediateOops: No
[2024-10-26T03:26:26.838+0530][2.229s][debug][gc,nmethod     ] Register NMethod: org.springframework.boot.context.properties.ConfigurationPropertiesBinder$ConfigurationPropertiesBinderFactory.getObjectType (0x0000029cc9dedc88) [0x0000029cc9dedda0, 0x0000029cc9dede70] Compiler: c1, Barriers: 0, Oops: 1, ImmediateOops: 1, NonImmediateOops: No
[2024-10-26T03:26:26.840+0530][2.231s][debug][gc,nmethod     ] Register NMethod: java.util.stream.StreamSupport.stream (0x0000029cc9dedf88) [0x0000029cc9dee0a0, 0x0000029cc9dee420] Compiler: c2, Barriers: 8, Oops: 0, ImmediateOops: 0, NonImmediateOops: No
[2024-10-26T03:26:26.842+0530][2.233s][debug][gc,nmethod     ] Register NMethod: org.springframework.core.annotation.AnnotationTypeMappings.forAnnotationType (0x0000029cc9dee488) [0x0000029cc9dee860, 0x0000029cc9df0bb0] Compiler: c2, Barriers: 52, Oops: 13, ImmediateOops: 12, NonImmediateOops: No
[2024-10-26T03:26:26.843+0530][2.234s][debug][gc,nmethod     ] Register NMethod: sun.invoke.util.VerifyType.isNullConversion (0x0000029cc9df0e08) [0x0000029cc9df0fc0, 0x0000029cc9df1418] Compiler: c2, Barriers: 0, Oops: 2, ImmediateOops: 3, NonImmediateOops: No
[2024-10-26T03:26:26.844+0530][2.234s][debug][gc,director    ] Rule Major: Warmup 10%, Used: 186MB, UsedThreshold: 204MB
[2024-10-26T03:26:26.844+0530][2.234s][debug][gc,director    ] Rule Minor: High Usage, Free: 1822MB(89.0%)
[2024-10-26T03:26:26.845+0530][2.236s][debug][gc,nmethod     ] Register NMethod: org.springframework.beans.factory.support.AbstractAutowireCapableBeanFactory.applyBeanPostProcessorsBeforeInitialization (0x0000029cc27e4488) [0x0000029cc27e4600, 0x0000029cc27e4d20] Compiler: c1, Barriers: 1, Oops: 1, ImmediateOops: 0, NonImmediateOops: No
[2024-10-26T03:26:26.845+0530][2.236s][debug][gc,nmethod     ] Register NMethod: org.springframework.beans.factory.support.AbstractAutowireCapableBeanFactory.applyBeanPostProcessorsAfterInitialization (0x0000029cc27e4d88) [0x0000029cc27e4f00, 0x0000029cc27e5620] Compiler: c1, Barriers: 1, Oops: 1, ImmediateOops: 0, NonImmediateOops: No
[2024-10-26T03:26:26.846+0530][2.236s][debug][gc,nmethod     ] Register NMethod: org.springframework.beans.factory.support.AbstractBeanDefinition.getResolvedAutowireMode (0x0000029cc27e5688) [0x0000029cc27e5800, 0x0000029cc27e5c40] Compiler: c1, Barriers: 2, Oops: 1, ImmediateOops: 0, NonImmediateOops: No
[2024-10-26T03:26:26.846+0530][2.237s][debug][gc,nmethod     ] Register NMethod: org.springframework.beans.TypeConverterDelegate.<init> (0x0000029cc27e5c88) [0x0000029cc27e5dc0, 0x0000029cc27e6018] Compiler: c1, Barriers: 6, Oops: 1, ImmediateOops: 0, NonImmediateOops: No
[2024-10-26T03:26:26.846+0530][2.237s][debug][gc,nmethod     ] Register NMethod: org.springframework.beans.factory.support.AbstractBeanFactory.getBean (0x0000029cc27e6088) [0x0000029cc27e61a0, 0x0000029cc27e6380] Compiler: c1, Barriers: 0, Oops: 1, ImmediateOops: 0, NonImmediateOops: No
[2024-10-26T03:26:26.846+0530][2.237s][debug][gc,nmethod     ] Register NMethod: org.springframework.core.BridgeMethodResolver.isVisibilityBridgeMethodPair (0x0000029cc9df1488) [0x0000029cc9df1620, 0x0000029cc9df1cb0] Compiler: c2, Barriers: 9, Oops: 2, ImmediateOops: 3, NonImmediateOops: No
[2024-10-26T03:26:26.850+0530][2.241s][debug][gc,nmethod     ] Register NMethod: java.util.concurrent.ConcurrentHashMap.<init> (0x0000029cc27e6408) [0x0000029cc27e65a0, 0x0000029cc27e6ac0] Compiler: c1, Barriers: 0, Oops: 0, ImmediateOops: 0, NonImmediateOops: No
[2024-10-26T03:26:26.850+0530][2.241s][debug][gc,nmethod     ] Register NMethod: java.lang.invoke.MethodHandles.filterArgumentChecks (0x0000029cc27e6b08) [0x0000029cc27e6c60, 0x0000029cc27e7178] Compiler: c1, Barriers: 6, Oops: 0, ImmediateOops: 1, NonImmediateOops: No
[2024-10-26T03:26:26.853+0530][2.244s][debug][gc,nmethod     ] Register NMethod: java.lang.invoke.MethodHandle.linkToVirtual (0x0000029cc9df1d88) [0x0000029cc9df1e80, 0x0000029cc9df1eb0] Compiler: , Barriers: 0, Oops: 0, ImmediateOops: 0, NonImmediateOops: No
[2024-10-26T03:26:26.855+0530][2.245s][debug][gc,director    ] Rule Major: Warmup 10%, Used: 186MB, UsedThreshold: 204MB
[2024-10-26T03:26:26.855+0530][2.245s][debug][gc,director    ] Rule Minor: High Usage, Free: 1822MB(89.0%)
[2024-10-26T03:26:26.858+0530][2.249s][debug][gc,nmethod     ] Register NMethod: jdk.proxy2.$Proxy37.annotationType (0x0000029cc27e7208) [0x0000029cc27e7360, 0x0000029cc27e7778] Compiler: c1, Barriers: 1, Oops: 1, ImmediateOops: 1, NonImmediateOops: No
[2024-10-26T03:26:26.858+0530][2.249s][debug][gc,nmethod     ] Register NMethod: org.springframework.core.annotation.TypeMappedAnnotations$MergedAnnotationFinder.doWithAggregate (0x0000029cc9df2088) [0x0000029cc9df2180, 0x0000029cc9df2238] Compiler: c2, Barriers: 1, Oops: 1, ImmediateOops: 0, NonImmediateOops: No
[2024-10-26T03:26:26.858+0530][2.249s][debug][gc,nmethod     ] Register NMethod: jdk.proxy2.$Proxy70.annotationType (0x0000029cc27e7808) [0x0000029cc27e7960, 0x0000029cc27e7d78] Compiler: c1, Barriers: 1, Oops: 1, ImmediateOops: 1, NonImmediateOops: No
[2024-10-26T03:26:26.859+0530][2.250s][debug][gc,nmethod     ] Register NMethod: org.springframework.aop.scope.ScopedProxyUtils.isScopedTarget (0x0000029cc27e7e08) [0x0000029cc27e7f40, 0x0000029cc27e8158] Compiler: c1, Barriers: 0, Oops: 2, ImmediateOops: 1, NonImmediateOops: No
[2024-10-26T03:26:26.859+0530][2.250s][debug][gc,nmethod     ] Register NMethod: java.lang.Class.annotationData (0x0000029cc9df2388) [0x0000029cc9df24a0, 0x0000029cc9df2688] Compiler: c2, Barriers: 6, Oops: 0, ImmediateOops: 0, NonImmediateOops: No
[2024-10-26T03:26:26.861+0530][2.251s][debug][gc,nmethod     ] Register NMethod: sun.reflect.annotation.AnnotationInvocationHandler.invoke (0x0000029cc9df2708) [0x0000029cc9df2880, 0x0000029cc9df2d28] Compiler: c2, Barriers: 5, Oops: 1, ImmediateOops: 4, NonImmediateOops: No
[2024-10-26T03:26:26.866+0530][2.256s][debug][gc,director    ] Rule Major: Warmup 10%, Used: 190MB, UsedThreshold: 204MB
[2024-10-26T03:26:26.866+0530][2.256s][debug][gc,director    ] Rule Minor: High Usage, Free: 1818MB(88.8%)
[2024-10-26T03:26:26.869+0530][2.260s][debug][gc,nmethod     ] Register NMethod: java.lang.invoke.MethodHandles.makeIdentity (0x0000029cc27e8188) [0x0000029cc27e83a0, 0x0000029cc27e8e78] Compiler: c1, Barriers: 12, Oops: 1, ImmediateOops: 3, NonImmediateOops: No
[2024-10-26T03:26:26.877+0530][2.267s][debug][gc,director    ] Rule Major: Warmup 10%, Used: 190MB, UsedThreshold: 204MB
[2024-10-26T03:26:26.877+0530][2.267s][debug][gc,director    ] Rule Minor: High Usage, Free: 1818MB(88.8%)
[2024-10-26T03:26:26.880+0530][2.271s][debug][gc,nmethod     ] Register NMethod: java.nio.ByteBuffer.order (0x0000029cc9df2e08) [0x0000029cc9df2f00, 0x0000029cc9df2fa8] Compiler: c2, Barriers: 0, Oops: 0, ImmediateOops: 1, NonImmediateOops: No
[2024-10-26T03:26:26.887+0530][2.277s][debug][gc,director    ] Rule Major: Warmup 10%, Used: 192MB, UsedThreshold: 204MB
[2024-10-26T03:26:26.887+0530][2.277s][debug][gc,director    ] Rule Minor: High Usage, Free: 1816MB(88.7%)
[2024-10-26T03:26:26.890+0530][2.281s][debug][gc,nmethod     ] Register NMethod: org.springframework.beans.support.ResourceEditorRegistrar.doRegisterEditor (0x0000029cc27e8f08) [0x0000029cc27e90a0, 0x0000029cc27e98e0] Compiler: c1, Barriers: 5, Oops: 1, ImmediateOops: 0, NonImmediateOops: No
[2024-10-26T03:26:26.891+0530][2.281s][debug][gc,nmethod     ] Register NMethod: org.springframework.core.SerializableTypeWrapper$MethodParameterTypeProvider.<init> (0x0000029cc27e9988) [0x0000029cc27e9b40, 0x0000029cc27ea4d8] Compiler: c1, Barriers: 15, Oops: 1, ImmediateOops: 0, NonImmediateOops: No
[2024-10-26T03:26:26.891+0530][2.282s][debug][gc,nmethod     ] Register NMethod: java.lang.ReflectiveOperationException.<init> (0x0000029cc27ea588) [0x0000029cc27ea6c0, 0x0000029cc27ea858] Compiler: c1, Barriers: 0, Oops: 0, ImmediateOops: 0, NonImmediateOops: No
[2024-10-26T03:26:26.891+0530][2.282s][debug][gc,nmethod     ] Register NMethod: org.springframework.core.annotation.AnnotatedElementUtils.getAnnotationAttributes (0x0000029cc27ea888) [0x0000029cc27eaa40, 0x0000029cc27eb270] Compiler: c1, Barriers: 0, Oops: 3, ImmediateOops: 3, NonImmediateOops: No
[2024-10-26T03:26:26.898+0530][2.288s][debug][gc,director    ] Rule Major: Warmup 10%, Used: 192MB, UsedThreshold: 204MB
[2024-10-26T03:26:26.898+0530][2.288s][debug][gc,director    ] Rule Minor: High Usage, Free: 1816MB(88.7%)
[2024-10-26T03:26:26.899+0530][2.290s][debug][gc,nmethod     ] Register NMethod: org.springframework.core.MethodParameter.adaptAnnotationArray (0x0000029cc27eb308) [0x0000029cc27eb420, 0x0000029cc27eb530] Compiler: c1, Barriers: 0, Oops: 1, ImmediateOops: 0, NonImmediateOops: No
[2024-10-26T03:26:26.901+0530][2.292s][debug][gc,nmethod     ] Register NMethod: jdk.proxy2.$Proxy61.<init> (0x0000029cc27eb608) [0x0000029cc27eb760, 0x0000029cc27ebaf8] Compiler: c1, Barriers: 3, Oops: 1, ImmediateOops: 0, NonImmediateOops: No
[2024-10-26T03:26:26.904+0530][2.295s][debug][gc,alloc       ] Mutator Allocation Rate: 145.8MB/s Predicted: 160.4MB/s, Avg: 143.8(+/-21.0)MB/s
[2024-10-26T03:26:26.904+0530][2.295s][debug][gc,director    ] Rule Major: Warmup 10%, Used: 194MB, UsedThreshold: 204MB
[2024-10-26T03:26:26.904+0530][2.295s][debug][gc,director    ] Rule Minor: High Usage, Free: 1814MB(88.6%)
[2024-10-26T03:26:26.905+0530][2.296s][debug][gc,nmethod     ] Register NMethod: org.springframework.core.annotation.TypeMappedAnnotations$MergedAnnotationFinder.doWithAnnotations (0x0000029cc9df3108) [0x0000029cc9df3500, 0x0000029cc9df6ac8] Compiler: c2, Barriers: 52, Oops: 6, ImmediateOops: 7, NonImmediateOops: No
[2024-10-26T03:26:26.908+0530][2.299s][debug][gc,nmethod     ] Register NMethod: java.util.HashMap.putMapEntries (0x0000029cc27ebb88) [0x0000029cc27ebe00, 0x0000029cc27ecca8] Compiler: c1, Barriers: 2, Oops: 0, ImmediateOops: 0, NonImmediateOops: No
[2024-10-26T03:26:26.912+0530][2.303s][debug][gc,nmethod     ] Register NMethod: jdk.internal.reflect.Reflection.verifyModuleAccess (0x0000029cc27ecd08) [0x0000029cc27ecea0, 0x0000029cc27ed3f8] Compiler: c1, Barriers: 1, Oops: 0, ImmediateOops: 0, NonImmediateOops: No
[2024-10-26T03:26:26.914+0530][2.305s][debug][gc,nmethod     ] Register NMethod: jdk.internal.reflect.Reflection.verifyMemberAccess (0x0000029cc27ed488) [0x0000029cc27ed8c0, 0x0000029cc27efaf8] Compiler: c1, Barriers: 7, Oops: 0, ImmediateOops: 0, NonImmediateOops: No
[2024-10-26T03:26:26.915+0530][2.305s][debug][gc,director    ] Rule Major: Warmup 10%, Used: 194MB, UsedThreshold: 204MB
[2024-10-26T03:26:26.915+0530][2.305s][debug][gc,director    ] Rule Minor: High Usage, Free: 1814MB(88.6%)
[2024-10-26T03:26:26.917+0530][2.308s][debug][gc,nmethod     ] Register NMethod: jdk.proxy2.$Proxy63.annotationType (0x0000029cc27efb88) [0x0000029cc27efce0, 0x0000029cc27f00f8] Compiler: c1, Barriers: 1, Oops: 1, ImmediateOops: 1, NonImmediateOops: No
[2024-10-26T03:26:26.918+0530][2.309s][debug][gc,nmethod     ] Register NMethod: org.springframework.beans.factory.support.AbstractBeanFactory.adaptBeanInstance (0x0000029cc27f0188) [0x0000029cc27f0420, 0x0000029cc27f1880] Compiler: c1, Barriers: 15, Oops: 2, ImmediateOops: 1, NonImmediateOops: No
[2024-10-26T03:26:26.919+0530][2.310s][debug][gc,nmethod     ] Register NMethod: java.lang.Class.copyConstructors (0x0000029cc27f1988) [0x0000029cc27f1ba0, 0x0000029cc27f27c8] Compiler: c1, Barriers: 9, Oops: 0, ImmediateOops: 2, NonImmediateOops: No
[2024-10-26T03:26:26.919+0530][2.310s][debug][gc,nmethod     ] Register NMethod: java.util.concurrent.ConcurrentHashMap.<init> (0x0000029cc27f2888) [0x0000029cc27f29c0, 0x0000029cc27f2b08] Compiler: c1, Barriers: 0, Oops: 0, ImmediateOops: 0, NonImmediateOops: No
[2024-10-26T03:26:26.920+0530][2.311s][debug][gc,nmethod     ] Register NMethod: java.util.TimSort.countRunAndMakeAscending (0x0000029cc27f2b88) [0x0000029cc27f2d40, 0x0000029cc27f3578] Compiler: c1, Barriers: 6, Oops: 0, ImmediateOops: 0, NonImmediateOops: No
[2024-10-26T03:26:26.920+0530][2.311s][debug][gc,nmethod     ] Register NMethod: java.util.TimSort.binarySort (0x0000029cc27f3588) [0x0000029cc27f3740, 0x0000029cc27f42d8] Compiler: c1, Barriers: 13, Oops: 0, ImmediateOops: 0, NonImmediateOops: No
[2024-10-26T03:26:26.920+0530][2.311s][debug][gc,nmethod     ] Register NMethod: sun.reflect.generics.parser.SignatureParser.parseTypeArguments (0x0000029cc27f4308) [0x0000029cc27f4540, 0x0000029cc27f54a0] Compiler: c1, Barriers: 8, Oops: 0, ImmediateOops: 1, NonImmediateOops: No
[2024-10-26T03:26:26.921+0530][2.312s][debug][gc,nmethod     ] Register NMethod: org.springframework.boot.context.properties.bind.AbstractBindHandler.onFinish (0x0000029cc27f5508) [0x0000029cc27f5640, 0x0000029cc27f5850] Compiler: c1, Barriers: 1, Oops: 1, ImmediateOops: 0, NonImmediateOops: No
[2024-10-26T03:26:26.925+0530][2.316s][debug][gc,director    ] Rule Major: Warmup 10%, Used: 194MB, UsedThreshold: 204MB
[2024-10-26T03:26:26.925+0530][2.316s][debug][gc,director    ] Rule Minor: High Usage, Free: 1814MB(88.6%)
[2024-10-26T03:26:26.926+0530][2.317s][debug][gc,nmethod     ] Register NMethod: org.springframework.beans.factory.support.AbstractAutowireCapableBeanFactory.getParameterNameDiscoverer (0x0000029cc9df6e08) [0x0000029cc9df6f20, 0x0000029cc9df7020] Compiler: c1, Barriers: 1, Oops: 1, ImmediateOops: 0, NonImmediateOops: No
[2024-10-26T03:26:26.926+0530][2.317s][debug][gc,nmethod     ] Register NMethod: org.springframework.core.MethodParameter.initParameterNameDiscovery (0x0000029cc9df7108) [0x0000029cc9df7220, 0x0000029cc9df7360] Compiler: c1, Barriers: 3, Oops: 1, ImmediateOops: 0, NonImmediateOops: No
[2024-10-26T03:26:26.931+0530][2.321s][debug][gc,nmethod     ] Register NMethod: java.lang.invoke.MethodHandle.linkToSpecial (0x0000029cc9df7408) [0x0000029cc9df7500, 0x0000029cc9df7618] Compiler: , Barriers: 0, Oops: 0, ImmediateOops: 0, NonImmediateOops: No
[2024-10-26T03:26:26.931+0530][2.322s][debug][gc,nmethod     ] Register NMethod: java.lang.invoke.MethodHandle.linkToSpecial (0x0000029cc9df7708) [0x0000029cc9df7800, 0x0000029cc9df7918] Compiler: , Barriers: 0, Oops: 0, ImmediateOops: 0, NonImmediateOops: No
[2024-10-26T03:26:26.932+0530][2.322s][debug][gc,nmethod     ] Register NMethod: java.lang.invoke.MethodHandle.linkToSpecial (0x0000029cc9df7a08) [0x0000029cc9df7b00, 0x0000029cc9df7c18] Compiler: , Barriers: 0, Oops: 0, ImmediateOops: 0, NonImmediateOops: No
[2024-10-26T03:26:26.934+0530][2.324s][debug][gc,nmethod     ] Register NMethod: org.springframework.boot.context.properties.ConfigurationPropertiesBean.findMergedAnnotation (0x0000029cc27f5888) [0x0000029cc27f5a00, 0x0000029cc27f5e48] Compiler: c1, Barriers: 0, Oops: 3, ImmediateOops: 4, NonImmediateOops: No
[2024-10-26T03:26:26.935+0530][2.326s][debug][gc,nmethod     ] Register NMethod: org.springframework.beans.factory.config.DependencyDescriptor.isEager (0x0000029cc9df7d08) [0x0000029cc9df7e20, 0x0000029cc9df7ef0] Compiler: c1, Barriers: 0, Oops: 1, ImmediateOops: 0, NonImmediateOops: No
[2024-10-26T03:26:26.936+0530][2.326s][debug][gc,director    ] Rule Major: Warmup 10%, Used: 194MB, UsedThreshold: 204MB
[2024-10-26T03:26:26.936+0530][2.326s][debug][gc,director    ] Rule Minor: High Usage, Free: 1814MB(88.6%)
[2024-10-26T03:26:26.936+0530][2.326s][debug][gc,nmethod     ] Register NMethod: org.springframework.beans.factory.annotation.QualifierAnnotationAutowireCandidateResolver.findValue (0x0000029cc27f5f08) [0x0000029cc27f60c0, 0x0000029cc27f6938] Compiler: c1, Barriers: 5, Oops: 2, ImmediateOops: 2, NonImmediateOops: No
[2024-10-26T03:26:26.937+0530][2.327s][debug][gc,nmethod     ] Register NMethod: org.springframework.core.annotation.AnnotationsScanner.processElement (0x0000029cc27f6a08) [0x0000029cc27f6b80, 0x0000029cc27f6f80] Compiler: c1, Barriers: 0, Oops: 1, ImmediateOops: 0, NonImmediateOops: No
[2024-10-26T03:26:26.937+0530][2.327s][debug][gc,nmethod     ] Register NMethod: org.springframework.beans.factory.support.ConstructorResolver.setCurrentInjectionPoint (0x0000029cc27f7008) [0x0000029cc27f71e0, 0x0000029cc27f7ca8] Compiler: c1, Barriers: 5, Oops: 2, ImmediateOops: 6, NonImmediateOops: No
[2024-10-26T03:26:26.941+0530][2.331s][debug][gc,nmethod     ] Register NMethod: org.springframework.context.annotation.CommonAnnotationBeanPostProcessor$$Lambda/0x000002a0d43210f8.<init> (0x0000029cc27f7d08) [0x0000029cc27f7e40, 0x0000029cc27f8108] Compiler: c1, Barriers: 9, Oops: 1, ImmediateOops: 0, NonImmediateOops: No
[2024-10-26T03:26:26.941+0530][2.331s][debug][gc,nmethod     ] Register NMethod: org.springframework.context.annotation.CommonAnnotationBeanPostProcessor$$Lambda/0x000002a0d4320ed0.<init> (0x0000029cc27f8188) [0x0000029cc27f82c0, 0x0000029cc27f8518] Compiler: c1, Barriers: 6, Oops: 1, ImmediateOops: 0, NonImmediateOops: No
[2024-10-26T03:26:26.941+0530][2.331s][debug][gc,nmethod     ] Register NMethod: org.springframework.beans.factory.annotation.AutowiredAnnotationBeanPostProcessor$$Lambda/0x000002a0d4321320.<init> (0x0000029cc27f8588) [0x0000029cc27f86c0, 0x0000029cc27f8918] Compiler: c1, Barriers: 6, Oops: 1, ImmediateOops: 0, NonImmediateOops: No
[2024-10-26T03:26:26.941+0530][2.331s][debug][gc,nmethod     ] Register NMethod: org.springframework.beans.factory.annotation.AutowiredAnnotationBeanPostProcessor$$Lambda/0x000002a0d4321548.<init> (0x0000029cc27f8988) [0x0000029cc27f8ac0, 0x0000029cc27f8d88] Compiler: c1, Barriers: 9, Oops: 1, ImmediateOops: 0, NonImmediateOops: No
[2024-10-26T03:26:26.941+0530][2.332s][debug][gc,nmethod     ] Register NMethod: sun.reflect.generics.reflectiveObjects.TypeVariableImpl.hashCode (0x0000029cc27f8e08) [0x0000029cc27f8f40, 0x0000029cc27f91e0] Compiler: c1, Barriers: 2, Oops: 0, ImmediateOops: 0, NonImmediateOops: No
[2024-10-26T03:26:26.941+0530][2.332s][debug][gc,nmethod     ] Register NMethod: org.springframework.core.convert.support.GenericConversionService$Converters.getRegisteredConverter (0x0000029cc27f9208) [0x0000029cc27f93e0, 0x0000029cc27f9e00] Compiler: c1, Barriers: 2, Oops: 1, ImmediateOops: 0, NonImmediateOops: No
[2024-10-26T03:26:26.942+0530][2.333s][debug][gc,nmethod     ] Register NMethod: org.springframework.beans.factory.annotation.AutowiredAnnotationBeanPostProcessor.sortMethodElements (0x0000029cc27f9e88) [0x0000029cc27fa220, 0x0000029cc27fc1c8] Compiler: c1, Barriers: 14, Oops: 2, ImmediateOops: 3, NonImmediateOops: No
[2024-10-26T03:26:26.942+0530][2.333s][debug][gc,nmethod     ] Register NMethod: java.lang.Class.getTypeParameters (0x0000029cc27fc288) [0x0000029cc27fc400, 0x0000029cc27fc9e8] Compiler: c1, Barriers: 4, Oops: 0, ImmediateOops: 0, NonImmediateOops: No
[2024-10-26T03:26:26.943+0530][2.334s][debug][gc,nmethod     ] Register NMethod: org.springframework.beans.factory.support.RootBeanDefinition.getTargetType (0x0000029cc27fca08) [0x0000029cc27fcb40, 0x0000029cc27fcd80] Compiler: c1, Barriers: 4, Oops: 1, ImmediateOops: 0, NonImmediateOops: No
[2024-10-26T03:26:26.943+0530][2.334s][debug][gc,nmethod     ] Register NMethod: org.springframework.util.StringUtils.arrayToDelimitedString (0x0000029cc264f888) [0x0000029cc264fa40, 0x0000029cc2650098] Compiler: c1, Barriers: 2, Oops: 1, ImmediateOops: 2, NonImmediateOops: No
[2024-10-26T03:26:26.944+0530][2.335s][debug][gc,nmethod     ] Register NMethod: org.springframework.core.SerializableTypeWrapper$TypeProxyInvocationHandler.invoke (0x0000029cc27fce08) [0x0000029cc27fd340, 0x0000029cc2800068] Compiler: c1, Barriers: 21, Oops: 2, ImmediateOops: 13, NonImmediateOops: No
[2024-10-26T03:26:26.945+0530][2.335s][debug][gc,nmethod     ] Register NMethod: jdk.internal.org.objectweb.asm.Frame.push (0x0000029cc2800108) [0x0000029cc2800280, 0x0000029cc28008b8] Compiler: c1, Barriers: 10, Oops: 0, ImmediateOops: 0, NonImmediateOops: No
[2024-10-26T03:26:26.945+0530][2.335s][debug][gc,nmethod     ] Register NMethod: java.lang.invoke.LambdaFormEditor.buffer (0x0000029cc2800908) [0x0000029cc2800a40, 0x0000029cc2800c28] Compiler: c1, Barriers: 1, Oops: 0, ImmediateOops: 0, NonImmediateOops: No
[2024-10-26T03:26:26.945+0530][2.336s][debug][gc,nmethod     ] Register NMethod: java.lang.invoke.LambdaFormBuffer.<init> (0x0000029cc2800c88) [0x0000029cc2800de0, 0x0000029cc2801288] Compiler: c1, Barriers: 12, Oops: 0, ImmediateOops: 1, NonImmediateOops: No
[2024-10-26T03:26:26.946+0530][2.336s][debug][gc,nmethod     ] Register NMethod: java.lang.invoke.LambdaFormBuffer.startEdit (0x0000029cc2801308) [0x0000029cc28014a0, 0x0000029cc2801c20] Compiler: c1, Barriers: 12, Oops: 0, ImmediateOops: 0, NonImmediateOops: No
[2024-10-26T03:26:26.946+0530][2.336s][debug][gc,nmethod     ] Register NMethod: java.lang.invoke.LambdaFormBuffer.endEdit (0x0000029cc2801c88) [0x0000029cc2801ea0, 0x0000029cc2802e30] Compiler: c1, Barriers: 24, Oops: 0, ImmediateOops: 0, NonImmediateOops: No
[2024-10-26T03:26:26.946+0530][2.336s][debug][gc,nmethod     ] Register NMethod: java.lang.Class.getEnclosingMethod0 (0x0000029cc9df8008) [0x0000029cc9df8140, 0x0000029cc9df8558] Compiler: , Barriers: 0, Oops: 0, ImmediateOops: 0, NonImmediateOops: No
[2024-10-26T03:26:26.947+0530][2.337s][debug][gc,director    ] Rule Major: Warmup 10%, Used: 196MB, UsedThreshold: 204MB
[2024-10-26T03:26:26.947+0530][2.337s][debug][gc,director    ] Rule Minor: High Usage, Free: 1812MB(88.5%)
[2024-10-26T03:26:26.949+0530][2.340s][debug][gc,nmethod     ] Register NMethod: org.springframework.beans.factory.annotation.InitDestroyAnnotationBeanPostProcessor$$Lambda/0x000002a0d4320628.<init> (0x0000029cc2802e88) [0x0000029cc2802fc0, 0x0000029cc2803300] Compiler: c1, Barriers: 12, Oops: 1, ImmediateOops: 0, NonImmediateOops: No
[2024-10-26T03:26:26.951+0530][2.341s][debug][gc,nmethod     ] Register NMethod: org.springframework.core.annotation.AnnotatedElementUtils$AnnotatedElementForAnnotations.getDeclaredAnnotations (0x0000029cc2803388) [0x0000029cc28034c0, 0x0000029cc28037b8] Compiler: c1, Barriers: 1, Oops: 1, ImmediateOops: 0, NonImmediateOops: No
[2024-10-26T03:26:26.952+0530][2.342s][debug][gc,nmethod     ] Register NMethod: org.springframework.beans.factory.support.DefaultListableBeanFactory.doGetBeanNamesForType (0x0000029cc9df8588) [0x0000029cc9df9040, 0x0000029cc9e019b8] Compiler: c2, Barriers: 129, Oops: 6, ImmediateOops: 61, NonImmediateOops: No
[2024-10-26T03:26:26.952+0530][2.343s][debug][gc,nmethod     ] Register NMethod: java.lang.invoke.Invokers.cachedInvoker (0x0000029cc2803808) [0x0000029cc2803920, 0x0000029cc2803ab8] Compiler: c1, Barriers: 2, Oops: 0, ImmediateOops: 0, NonImmediateOops: No
[2024-10-26T03:26:26.953+0530][2.343s][debug][gc,nmethod     ] Register NMethod: java.lang.invoke.Invokers.basicInvoker (0x0000029cc2803b08) [0x0000029cc2803d60, 0x0000029cc2804938] Compiler: c1, Barriers: 11, Oops: 0, ImmediateOops: 0, NonImmediateOops: No
[2024-10-26T03:26:26.953+0530][2.344s][debug][gc,nmethod     ] Register NMethod: org.springframework.core.BridgeMethodResolver.isVisibilityBridgeMethodPair (0x0000029cc2804a08) [0x0000029cc2804c40, 0x0000029cc2805ac8] Compiler: c1, Barriers: 8, Oops: 2, ImmediateOops: 2, NonImmediateOops: No
[2024-10-26T03:26:26.954+0530][2.344s][debug][gc,nmethod     ] Register NMethod: java.lang.invoke.LambdaForm$Name.<init> (0x0000029cc2805b88) [0x0000029cc2805ce0, 0x0000029cc28060f0] Compiler: c1, Barriers: 15, Oops: 0, ImmediateOops: 0, NonImmediateOops: No
[2024-10-26T03:26:26.956+0530][2.346s][debug][gc,nmethod     ] Register NMethod: java.lang.Module.getName (0x0000029cc9e01d88) [0x0000029cc9e01ea0, 0x0000029cc9e01f98] Compiler: c1, Barriers: 1, Oops: 0, ImmediateOops: 0, NonImmediateOops: No
[2024-10-26T03:26:26.956+0530][2.347s][debug][gc,nmethod     ] Register NMethod: jdk.internal.classfile.impl.AbstractPoolEntry$AbstractNamedEntry.name (0x0000029cc2806108) [0x0000029cc2806220, 0x0000029cc2806450] Compiler: c1, Barriers: 1, Oops: 0, ImmediateOops: 0, NonImmediateOops: No
[2024-10-26T03:26:26.956+0530][2.347s][debug][gc,nmethod     ] Register NMethod: jdk.internal.classfile.impl.AbstractPoolEntry$ClassEntryImpl.name (0x0000029cc2806488) [0x0000029cc28065a0, 0x0000029cc2806828] Compiler: c1, Barriers: 1, Oops: 0, ImmediateOops: 0, NonImmediateOops: No
[2024-10-26T03:26:26.957+0530][2.347s][debug][gc,director    ] Rule Major: Warmup 10%, Used: 196MB, UsedThreshold: 204MB
[2024-10-26T03:26:26.957+0530][2.347s][debug][gc,director    ] Rule Minor: High Usage, Free: 1812MB(88.5%)
[2024-10-26T03:26:26.959+0530][2.349s][debug][gc,nmethod     ] Register NMethod: jdk.proxy1.$Proxy12.annotationType (0x0000029cc2806888) [0x0000029cc28069e0, 0x0000029cc2806df8] Compiler: c1, Barriers: 1, Oops: 0, ImmediateOops: 1, NonImmediateOops: No
[2024-10-26T03:26:26.961+0530][2.352s][debug][gc,nmethod     ] Register NMethod: java.lang.classfile.ClassFile.latestMinorVersion (0x0000029cc9e02088) [0x0000029cc9e021a0, 0x0000029cc9e02248] Compiler: c1, Barriers: 0, Oops: 0, ImmediateOops: 0, NonImmediateOops: No
[2024-10-26T03:26:26.961+0530][2.352s][debug][gc,nmethod     ] Register NMethod: jdk.internal.classfile.impl.DirectClassBuilder.setFlags (0x0000029cc9e02388) [0x0000029cc9e024a0, 0x0000029cc9e02568] Compiler: c1, Barriers: 0, Oops: 0, ImmediateOops: 0, NonImmediateOops: No
[2024-10-26T03:26:26.962+0530][2.352s][debug][gc,nmethod     ] Register NMethod: jdk.internal.classfile.impl.BufWriterImpl.copyTo (0x0000029cc2806e08) [0x0000029cc2806f40, 0x0000029cc2807160] Compiler: c1, Barriers: 1, Oops: 0, ImmediateOops: 0, NonImmediateOops: No
[2024-10-26T03:26:26.963+0530][2.353s][debug][gc,nmethod     ] Register NMethod: jdk.proxy2.$Proxy95.annotationType (0x0000029cc2807188) [0x0000029cc28072e0, 0x0000029cc28076f8] Compiler: c1, Barriers: 1, Oops: 1, ImmediateOops: 1, NonImmediateOops: No
[2024-10-26T03:26:26.963+0530][2.354s][debug][gc,nmethod     ] Register NMethod: org.springframework.beans.factory.support.DefaultSingletonBeanRegistry.getSingleton (0x0000029cc9e02688) [0x0000029cc9e02920, 0x0000029cc9e04200] Compiler: c2, Barriers: 30, Oops: 1, ImmediateOops: 7, NonImmediateOops: No
[2024-10-26T03:26:26.964+0530][2.355s][debug][gc,nmethod     ] Register NMethod: java.lang.invoke.MethodHandle.invokeBasic (0x0000029cc9e04308) [0x0000029cc9e04420, 0x0000029cc9e04710] Compiler: , Barriers: 0, Oops: 0, ImmediateOops: 0, NonImmediateOops: No
[2024-10-26T03:26:26.965+0530][2.355s][debug][gc,nmethod     ] Register NMethod: org.springframework.core.annotation.TypeMappedAnnotations$MergedAnnotationFinder.doWithAnnotations (0x0000029cc9e04788) [0x0000029cc9e04b80, 0x0000029cc9e08148] Compiler: c2, Barriers: 52, Oops: 6, ImmediateOops: 7, NonImmediateOops: No
[2024-10-26T03:26:26.965+0530][2.356s][debug][gc,nmethod     ] Register NMethod: java.lang.invoke.MethodHandle.linkToVirtual (0x0000029cc9e08488) [0x0000029cc9e08580, 0x0000029cc9e085b8] Compiler: , Barriers: 0, Oops: 0, ImmediateOops: 0, NonImmediateOops: No
[2024-10-26T03:26:26.965+0530][2.356s][debug][gc,nmethod     ] Register NMethod: java.lang.invoke.VarHandleGuards.guard_LI_J (0x0000029cc2807788) [0x0000029cc2807a80, 0x0000029cc28097a8] Compiler: c1, Barriers: 28, Oops: 0, ImmediateOops: 2, NonImmediateOops: No
[2024-10-26T03:26:26.966+0530][2.357s][debug][gc,nmethod     ] Register NMethod: java.lang.invoke.LambdaFormBuffer.clearDuplicatesAndNulls (0x0000029cc2809888) [0x0000029cc2809ac0, 0x0000029cc280ad00] Compiler: c1, Barriers: 19, Oops: 0, ImmediateOops: 0, NonImmediateOops: No
[2024-10-26T03:26:26.967+0530][2.357s][debug][gc,director    ] Rule Major: Warmup 10%, Used: 196MB, UsedThreshold: 204MB
[2024-10-26T03:26:26.967+0530][2.357s][debug][gc,director    ] Rule Minor: High Usage, Free: 1812MB(88.5%)
[2024-10-26T03:26:26.969+0530][2.360s][debug][gc,nmethod     ] Register NMethod: org.springframework.beans.factory.support.DefaultSingletonBeanRegistry.isSingletonCurrentlyInCreation (0x0000029cc9e08788) [0x0000029cc9e08960, 0x0000029cc9e093d0] Compiler: c2, Barriers: 13, Oops: 1, ImmediateOops: 0, NonImmediateOops: No
[2024-10-26T03:26:26.977+0530][2.367s][debug][gc,director    ] Rule Major: Warmup 10%, Used: 198MB, UsedThreshold: 204MB
[2024-10-26T03:26:26.977+0530][2.367s][debug][gc,director    ] Rule Minor: High Usage, Free: 1810MB(88.4%)
[2024-10-26T03:26:26.981+0530][2.372s][debug][gc,nmethod     ] Register NMethod: java.lang.invoke.LambdaForm$Name.replaceNames (0x0000029cc9e09488) [0x0000029cc9e096c0, 0x0000029cc9e0add8] Compiler: c2, Barriers: 36, Oops: 1, ImmediateOops: 9, NonImmediateOops: No
[2024-10-26T03:26:26.982+0530][2.372s][debug][gc,nmethod     ] Register NMethod: java.lang.invoke.MethodHandle.intrinsicName (0x0000029cc9e0af08) [0x0000029cc9e0b000, 0x0000029cc9e0b080] Compiler: c2, Barriers: 0, Oops: 0, ImmediateOops: 1, NonImmediateOops: No
[2024-10-26T03:26:26.982+0530][2.373s][debug][gc,nmethod     ] Register NMethod: org.springframework.core.annotation.AnnotationsScanner.processClassHierarchy (0x0000029cc9e0b208) [0x0000029cc9e0b4a0, 0x0000029cc9e0cbb8] Compiler: c2, Barriers: 22, Oops: 3, ImmediateOops: 4, NonImmediateOops: No
[2024-10-26T03:26:26.983+0530][2.374s][debug][gc,nmethod     ] Register NMethod: org.springframework.util.ReflectionUtils.makeAccessible (0x0000029cc280ad88) [0x0000029cc280af20, 0x0000029cc280b728] Compiler: c1, Barriers: 2, Oops: 1, ImmediateOops: 0, NonImmediateOops: No
[2024-10-26T03:26:26.985+0530][2.375s][debug][gc,nmethod     ] Register NMethod: java.lang.Class.getDeclaredAnnotations (0x0000029cc9e0cc88) [0x0000029cc9e0ce20, 0x0000029cc9e0d390] Compiler: c2, Barriers: 14, Oops: 1, ImmediateOops: 3, NonImmediateOops: No
[2024-10-26T03:26:26.985+0530][2.376s][debug][gc,nmethod     ] Register NMethod: org.springframework.core.annotation.AnnotationsScanner.process (0x0000029cc9e0d488) [0x0000029cc9e0de40, 0x0000029cc9e14590] Compiler: c2, Barriers: 108, Oops: 10, ImmediateOops: 61, NonImmediateOops: No
[2024-10-26T03:26:26.987+0530][2.377s][debug][gc,director    ] Rule Major: Warmup 10%, Used: 198MB, UsedThreshold: 204MB
[2024-10-26T03:26:26.987+0530][2.377s][debug][gc,director    ] Rule Minor: High Usage, Free: 1810MB(88.4%)
[2024-10-26T03:26:26.989+0530][2.380s][debug][gc,nmethod     ] Register NMethod: org.springframework.core.annotation.TypeMappedAnnotations.from (0x0000029cc280b808) [0x0000029cc280b940, 0x0000029cc280bbc0] Compiler: c1, Barriers: 0, Oops: 1, ImmediateOops: 1, NonImmediateOops: No
[2024-10-26T03:26:26.990+0530][2.380s][debug][gc,nmethod     ] Register NMethod: org.springframework.core.annotation.AnnotationsScanner.isKnownEmpty (0x0000029cc280bc08) [0x0000029cc280bd80, 0x0000029cc280c378] Compiler: c1, Barriers: 0, Oops: 1, ImmediateOops: 1, NonImmediateOops: No
[2024-10-26T03:26:26.990+0530][2.380s][debug][gc,nmethod     ] Register NMethod: org.springframework.core.annotation.MergedAnnotations.from (0x0000029cc280c408) [0x0000029cc280c5c0, 0x0000029cc280cda0] Compiler: c1, Barriers: 0, Oops: 6, ImmediateOops: 5, NonImmediateOops: No
[2024-10-26T03:26:26.990+0530][2.381s][debug][gc,nmethod     ] Register NMethod: java.lang.ThreadLocal.set (0x0000029cc9e14908) [0x0000029cc9e14ac0, 0x0000029cc9e15728] Compiler: c2, Barriers: 31, Oops: 1, ImmediateOops: 1, NonImmediateOops: No
[2024-10-26T03:26:26.990+0530][2.381s][debug][gc,nmethod     ] Register NMethod: org.springframework.boot.context.properties.source.ConfigurationPropertyName$ElementsParser.expand (0x0000029cc280ce08) [0x0000029cc280cf40, 0x0000029cc280d188] Compiler: c1, Barriers: 0, Oops: 1, ImmediateOops: 0, NonImmediateOops: No
[2024-10-26T03:26:26.990+0530][2.381s][debug][gc,nmethod     ] Rebuilding NMethod Table: 8192->8192 entries, 5106(62%->62%) registered, 629(8%->0%) unregistered
[2024-10-26T03:26:26.990+0530][2.381s][debug][gc,nmethod     ] Register NMethod: java.util.regex.Pattern$BmpCharProperty.match (0x0000029cc280d208) [0x0000029cc280d380, 0x0000029cc280d870] Compiler: c1, Barriers: 2, Oops: 0, ImmediateOops: 0, NonImmediateOops: No
[2024-10-26T03:26:26.991+0530][2.381s][debug][gc,nmethod     ] Register NMethod: sun.reflect.generics.parser.SignatureParser.parseZeroOrMoreFormalTypeParameters (0x0000029cc280d888) [0x0000029cc280d9c0, 0x0000029cc280dc30] Compiler: c1, Barriers: 0, Oops: 0, ImmediateOops: 0, NonImmediateOops: No
[2024-10-26T03:26:26.991+0530][2.381s][debug][gc,nmethod     ] Register NMethod: org.springframework.boot.context.properties.source.ConfigurationPropertyName.dashIgnoringElementEquals (0x0000029cc280dc88) [0x0000029cc280de60, 0x0000029cc280e620] Compiler: c1, Barriers: 2, Oops: 1, ImmediateOops: 0, NonImmediateOops: No
[2024-10-26T03:26:26.991+0530][2.381s][debug][gc,nmethod     ] Register NMethod: org.springframework.core.annotation.MergedAnnotations.from (0x0000029cc280e688) [0x0000029cc280e7a0, 0x0000029cc280e8d0] Compiler: c1, Barriers: 0, Oops: 1, ImmediateOops: 1, NonImmediateOops: No
[2024-10-26T03:26:26.991+0530][2.382s][debug][gc,nmethod     ] Register NMethod: java.util.stream.FindOps$FindOp.getOpFlags (0x0000029cc9e15808) [0x0000029cc9e15920, 0x0000029cc9e159e8] Compiler: c1, Barriers: 0, Oops: 0, ImmediateOops: 0, NonImmediateOops: No
[2024-10-26T03:26:26.991+0530][2.382s][debug][gc,nmethod     ] Register NMethod: java.util.EnumMap.unmaskNull (0x0000029cc280e988) [0x0000029cc280eaa0, 0x0000029cc280ec00] Compiler: c1, Barriers: 0, Oops: 0, ImmediateOops: 1, NonImmediateOops: No
[2024-10-26T03:26:26.991+0530][2.382s][debug][gc,nmethod     ] Register NMethod: org.springframework.beans.factory.support.AbstractBeanFactory.isTypeMatch (0x0000029cc9e15b08) [0x0000029cc9e161c0, 0x0000029cc9e1aa70] Compiler: c2, Barriers: 77, Oops: 3, ImmediateOops: 8, NonImmediateOops: No
[2024-10-26T03:26:26.992+0530][2.383s][debug][gc,nmethod     ] Register NMethod: java.lang.reflect.Method.isBridge (0x0000029cc9e1ad08) [0x0000029cc9e1ae00, 0x0000029cc9e1ae88] Compiler: c2, Barriers: 0, Oops: 0, ImmediateOops: 0, NonImmediateOops: No
[2024-10-26T03:26:26.994+0530][2.384s][debug][gc,nmethod     ] Register NMethod: java.lang.ThreadLocal$ThreadLocalMap.remove (0x0000029cc9e1b008) [0x0000029cc9e1b1a0, 0x0000029cc9e1bc38] Compiler: c2, Barriers: 22, Oops: 0, ImmediateOops: 0, NonImmediateOops: No
[2024-10-26T03:26:26.995+0530][2.386s][debug][gc,nmethod     ] Register NMethod: org.springframework.core.annotation.AnnotationsScanner.scan (0x0000029cc9e1bc88) [0x0000029cc9e1c640, 0x0000029cc9e23048] Compiler: c2, Barriers: 108, Oops: 10, ImmediateOops: 61, NonImmediateOops: No
[2024-10-26T03:26:26.995+0530][2.386s][debug][gc,nmethod     ] Register NMethod: java.util.ArrayList.toArray (0x0000029cc9e23388) [0x0000029cc9e234a0, 0x0000029cc9e23808] Compiler: c2, Barriers: 2, Oops: 0, ImmediateOops: 0, NonImmediateOops: No
[2024-10-26T03:26:26.997+0530][2.388s][debug][gc,nmethod     ] Register NMethod: java.util.HashMap.put (0x0000029cc280ec88) [0x0000029cc280edc0, 0x0000029cc280f0c0] Compiler: c1, Barriers: 0, Oops: 0, ImmediateOops: 0, NonImmediateOops: No
[2024-10-26T03:26:26.998+0530][2.388s][debug][gc,director    ] Rule Major: Warmup 10%, Used: 198MB, UsedThreshold: 204MB
[2024-10-26T03:26:26.998+0530][2.388s][debug][gc,director    ] Rule Minor: High Usage, Free: 1810MB(88.4%)
[2024-10-26T03:26:26.998+0530][2.388s][debug][gc,nmethod     ] Register NMethod: org.springframework.core.annotation.TypeMappedAnnotations.scan (0x0000029cc9e23888) [0x0000029cc9e24280, 0x0000029cc9e2aed8] Compiler: c2, Barriers: 113, Oops: 10, ImmediateOops: 61, NonImmediateOops: No
[2024-10-26T03:26:27.000+0530][2.391s][debug][gc,nmethod     ] Register NMethod: java.lang.classfile.CodeBuilder.return_ (0x0000029cc280f108) [0x0000029cc280f220, 0x0000029cc280f3f8] Compiler: c1, Barriers: 0, Oops: 0, ImmediateOops: 1, NonImmediateOops: No
[2024-10-26T03:26:27.001+0530][2.392s][debug][gc,nmethod     ] Register NMethod: org.springframework.core.annotation.AnnotationsScanner.isWithoutHierarchy (0x0000029cc9e2b288) [0x0000029cc9e2b480, 0x0000029cc9e2bfa0] Compiler: c2, Barriers: 15, Oops: 2, ImmediateOops: 2, NonImmediateOops: No
[2024-10-26T03:26:27.001+0530][2.392s][debug][gc,nmethod     ] Register NMethod: jdk.internal.classfile.impl.AbstractPoolEntry$AbstractRefsEntry.writeTo (0x0000029cc9e2c088) [0x0000029cc9e2c220, 0x0000029cc9e2c940] Compiler: c2, Barriers: 12, Oops: 0, ImmediateOops: 0, NonImmediateOops: No
[2024-10-26T03:26:27.001+0530][2.392s][debug][gc,nmethod     ] Register NMethod: java.lang.constant.ClassDesc.isPrimitive (0x0000029cc9e2ca08) [0x0000029cc9e2cb20, 0x0000029cc9e2cce0] Compiler: c2, Barriers: 3, Oops: 0, ImmediateOops: 0, NonImmediateOops: No
[2024-10-26T03:26:27.001+0530][2.392s][debug][gc,nmethod     ] Register NMethod: jdk.internal.classfile.impl.DirectClassBuilder.setSuperclass (0x0000029cc9e2cd88) [0x0000029cc9e2cea0, 0x0000029cc9e2cfd8] Compiler: c1, Barriers: 3, Oops: 0, ImmediateOops: 0, NonImmediateOops: No
[2024-10-26T03:26:27.001+0530][2.392s][debug][gc,nmethod     ] Register NMethod: jdk.internal.classfile.impl.DirectClassBuilder.setInterfaces (0x0000029cc9e2d088) [0x0000029cc9e2d1a0, 0x0000029cc9e2d2d8] Compiler: c1, Barriers: 3, Oops: 0, ImmediateOops: 0, NonImmediateOops: No
[2024-10-26T03:26:27.005+0530][2.395s][debug][gc,nmethod     ] Register NMethod: java.lang.reflect.Method.getGenericInfo (0x0000029cc280f408) [0x0000029cc280f620, 0x0000029cc2810528] Compiler: c1, Barriers: 20, Oops: 0, ImmediateOops: 0, NonImmediateOops: No
[2024-10-26T03:26:27.005+0530][2.396s][debug][gc,nmethod     ] Register NMethod: org.springframework.core.SerializableTypeWrapper$MethodInvokeTypeProvider.getType (0x0000029cc2810608) [0x0000029cc2810840, 0x0000029cc2811720] Compiler: c1, Barriers: 10, Oops: 2, ImmediateOops: 3, NonImmediateOops: No
[2024-10-26T03:26:27.005+0530][2.396s][debug][gc,nmethod     ] Register NMethod: java.lang.invoke.LambdaForm$DMH/0x000002a0d400c400.invokeInterface (0x0000029cc2811788) [0x0000029cc28118e0, 0x0000029cc2811f60] Compiler: c1, Barriers: 1, Oops: 1, ImmediateOops: 0, NonImmediateOops: No
[2024-10-26T03:26:27.006+0530][2.396s][debug][gc,nmethod     ] Register NMethod: java.util.concurrent.CopyOnWriteArraySet.iterator (0x0000029cc2811f88) [0x0000029cc28120c0, 0x0000029cc28124c0] Compiler: c1, Barriers: 5, Oops: 0, ImmediateOops: 0, NonImmediateOops: No
[2024-10-26T03:26:27.006+0530][2.396s][debug][gc,nmethod     ] Register NMethod: org.springframework.util.ReflectionUtils.invokeMethod (0x0000029cc2812508) [0x0000029cc28126e0, 0x0000029cc2812f50] Compiler: c1, Barriers: 3, Oops: 1, ImmediateOops: 1, NonImmediateOops: No
[2024-10-26T03:26:27.006+0530][2.396s][debug][gc,nmethod     ] Register NMethod: org.springframework.util.ReflectionUtils.invokeMethod (0x0000029cc2812f88) [0x0000029cc2813180, 0x0000029cc2813a70] Compiler: c1, Barriers: 3, Oops: 2, ImmediateOops: 3, NonImmediateOops: No
[2024-10-26T03:26:27.006+0530][2.396s][debug][gc,nmethod     ] Register NMethod: java.lang.invoke.DirectMethodHandle$Interface.checkReceiver (0x0000029cc2813b08) [0x0000029cc2813e60, 0x0000029cc2815950] Compiler: c1, Barriers: 29, Oops: 2, ImmediateOops: 4, NonImmediateOops: No
[2024-10-26T03:26:27.006+0530][2.396s][debug][gc,nmethod     ] Register NMethod: jdk.proxy2.$Proxy46.annotationType (0x0000029cc9e2d388) [0x0000029cc9e2d4a0, 0x0000029cc9e2d5d8] Compiler: c2, Barriers: 2, Oops: 2, ImmediateOops: 0, NonImmediateOops: No
[2024-10-26T03:26:27.006+0530][2.397s][debug][gc,nmethod     ] Register NMethod: sun.reflect.generics.tree.ClassSignature.getSuperInterfaces (0x0000029cc9e2d688) [0x0000029cc9e2d7a0, 0x0000029cc9e2d898] Compiler: c1, Barriers: 1, Oops: 0, ImmediateOops: 0, NonImmediateOops: No
[2024-10-26T03:26:27.007+0530][2.398s][debug][gc,nmethod     ] Register NMethod: jdk.proxy2.$Proxy55.annotationType (0x0000029cc2815a08) [0x0000029cc2815b60, 0x0000029cc2815f78] Compiler: c1, Barriers: 1, Oops: 1, ImmediateOops: 1, NonImmediateOops: No
[2024-10-26T03:26:27.008+0530][2.399s][debug][gc,nmethod     ] Register NMethod: jdk.proxy2.$Proxy86.annotationType (0x0000029cc2816008) [0x0000029cc2816160, 0x0000029cc2816578] Compiler: c1, Barriers: 1, Oops: 1, ImmediateOops: 1, NonImmediateOops: No
[2024-10-26T03:26:27.008+0530][2.399s][debug][gc,nmethod     ] Register NMethod: jdk.proxy2.$Proxy87.annotationType (0x0000029cc2816608) [0x0000029cc2816760, 0x0000029cc2816b78] Compiler: c1, Barriers: 1, Oops: 1, ImmediateOops: 1, NonImmediateOops: No
[2024-10-26T03:26:27.009+0530][2.399s][debug][gc,director    ] Rule Major: Warmup 10%, Used: 200MB, UsedThreshold: 204MB
[2024-10-26T03:26:27.009+0530][2.399s][debug][gc,director    ] Rule Minor: High Usage, Free: 1808MB(88.3%)
[2024-10-26T03:26:27.009+0530][2.399s][debug][gc,nmethod     ] Register NMethod: java.lang.invoke.MethodHandles$Lookup.getDirectMethod (0x0000029cc2816c08) [0x0000029cc2816d20, 0x0000029cc2816e70] Compiler: c1, Barriers: 0, Oops: 0, ImmediateOops: 0, NonImmediateOops: No
[2024-10-26T03:26:27.009+0530][2.400s][debug][gc,nmethod     ] Register NMethod: org.springframework.core.annotation.RepeatableContainers$ExplicitRepeatableContainer.findRepeatedAnnotations (0x0000029cc2816f08) [0x0000029cc2817080, 0x0000029cc2817640] Compiler: c1, Barriers: 3, Oops: 1, ImmediateOops: 0, NonImmediateOops: No
[2024-10-26T03:26:27.012+0530][2.403s][debug][gc,nmethod     ] Register NMethod: jdk.internal.loader.ClassLoaders.platformClassLoader (0x0000029cc9e2d988) [0x0000029cc9e2da80, 0x0000029cc9e2daf0] Compiler: c2, Barriers: 0, Oops: 0, ImmediateOops: 1, NonImmediateOops: No
[2024-10-26T03:26:27.015+0530][2.405s][debug][gc,nmethod     ] Register NMethod: java.lang.invoke.MethodHandle.viewAsType (0x0000029cc2817688) [0x0000029cc28177c0, 0x0000029cc28179d0] Compiler: c1, Barriers: 1, Oops: 0, ImmediateOops: 0, NonImmediateOops: No
[2024-10-26T03:26:27.015+0530][2.406s][debug][gc,nmethod     ] Register NMethod: java.util.Spliterators.emptySpliterator (0x0000029cc2817a08) [0x0000029cc2817b20, 0x0000029cc2817c18] Compiler: c1, Barriers: 0, Oops: 0, ImmediateOops: 1, NonImmediateOops: No
[2024-10-26T03:26:27.016+0530][2.406s][debug][gc,nmethod     ] Register NMethod: javax.management.ObjectName$Property.setKeyIndex (0x0000029cc9e2dc88) [0x0000029cc9e2dda0, 0x0000029cc9e2de68] Compiler: c1, Barriers: 0, Oops: 0, ImmediateOops: 0, NonImmediateOops: No
[2024-10-26T03:26:27.019+0530][2.409s][debug][gc,director    ] Rule Major: Warmup 10%, Used: 200MB, UsedThreshold: 204MB
[2024-10-26T03:26:27.019+0530][2.409s][debug][gc,director    ] Rule Minor: High Usage, Free: 1808MB(88.3%)
[2024-10-26T03:26:27.020+0530][2.410s][debug][gc,nmethod     ] Register NMethod: org.springframework.beans.factory.support.AbstractAutowireCapableBeanFactory.getLogger (0x0000029cc9e2df88) [0x0000029cc9e2e0a0, 0x0000029cc9e2e198] Compiler: c1, Barriers: 1, Oops: 1, ImmediateOops: 0, NonImmediateOops: No
[2024-10-26T03:26:27.021+0530][2.411s][debug][gc,nmethod     ] Register NMethod: org.springframework.boot.web.servlet.context.WebApplicationContextServletContextAwareProcessor.getServletConfig (0x0000029cc2817d08) [0x0000029cc2817e40, 0x0000029cc2818108] Compiler: c1, Barriers: 2, Oops: 1, ImmediateOops: 0, NonImmediateOops: No
[2024-10-26T03:26:27.022+0530][2.412s][debug][gc,nmethod     ] Register NMethod: jdk.internal.loader.NativeLibrary.findEntry0 (0x0000029cc9e2e288) [0x0000029cc9e2e3a0, 0x0000029cc9e2e5d0] Compiler: , Barriers: 0, Oops: 0, ImmediateOops: 1, NonImmediateOops: No
[2024-10-26T03:26:27.022+0530][2.413s][debug][gc,nmethod     ] Register NMethod: java.lang.reflect.AccessibleObject.slowVerifyAccess (0x0000029cc2818188) [0x0000029cc2818340, 0x0000029cc2818ab0] Compiler: c1, Barriers: 9, Oops: 0, ImmediateOops: 1, NonImmediateOops: No
[2024-10-26T03:26:27.022+0530][2.413s][debug][gc,nmethod     ] Register NMethod: java.lang.Class.cast (0x0000029cc2818b08) [0x0000029cc2818c40, 0x0000029cc2818ee0] Compiler: c1, Barriers: 0, Oops: 0, ImmediateOops: 0, NonImmediateOops: No
[2024-10-26T03:26:27.023+0530][2.413s][debug][gc,nmethod     ] Register NMethod: jdk.proxy2.$Proxy75.annotationType (0x0000029cc2818f08) [0x0000029cc2819060, 0x0000029cc2819478] Compiler: c1, Barriers: 1, Oops: 1, ImmediateOops: 1, NonImmediateOops: No
[2024-10-26T03:26:27.024+0530][2.415s][debug][gc,nmethod     ] Register NMethod: org.springframework.core.ResolvableType.forMethodReturnType (0x0000029cc2819508) [0x0000029cc28196c0, 0x0000029cc2819ed8] Compiler: c1, Barriers: 3, Oops: 3, ImmediateOops: 2, NonImmediateOops: No
[2024-10-26T03:26:27.024+0530][2.415s][debug][gc,nmethod     ] Register NMethod: java.util.stream.Stream.empty (0x0000029cc2819f88) [0x0000029cc281a0c0, 0x0000029cc281a248] Compiler: c1, Barriers: 0, Oops: 0, ImmediateOops: 1, NonImmediateOops: No
[2024-10-26T03:26:27.025+0530][2.416s][debug][gc,nmethod     ] Register NMethod: java.lang.invoke.LambdaFormBuffer.indexOf (0x0000029cc281a288) [0x0000029cc281a3c0, 0x0000029cc281a5f0] Compiler: c1, Barriers: 1, Oops: 0, ImmediateOops: 0, NonImmediateOops: No
[2024-10-26T03:26:27.025+0530][2.416s][debug][gc,nmethod     ] Register NMethod: java.util.stream.AbstractPipeline.evaluate (0x0000029cc9e2e608) [0x0000029cc9e2e800, 0x0000029cc9e2f280] Compiler: c2, Barriers: 21, Oops: 2, ImmediateOops: 3, NonImmediateOops: No
[2024-10-26T03:26:27.029+0530][2.419s][debug][gc,director    ] Rule Major: Warmup 10%, Used: 202MB, UsedThreshold: 204MB
[2024-10-26T03:26:27.029+0530][2.419s][debug][gc,director    ] Rule Minor: High Usage, Free: 1806MB(88.2%)
[2024-10-26T03:26:27.030+0530][2.421s][debug][gc,nmethod     ] Register NMethod: org.springframework.util.ConcurrentReferenceHashMap$ReferenceManager.createReference (0x0000029cc9e2f408) [0x0000029cc9e2f540, 0x0000029cc9e2f7f8] Compiler: c2, Barriers: 9, Oops: 2, ImmediateOops: 3, NonImmediateOops: No
[2024-10-26T03:26:27.030+0530][2.421s][debug][gc,nmethod     ] Register NMethod: org.springframework.beans.factory.annotation.InitDestroyAnnotationBeanPostProcessor.buildLifecycleMetadata (0x0000029cc281a608) [0x0000029cc281a920, 0x0000029cc281c3e0] Compiler: c1, Barriers: 40, Oops: 3, ImmediateOops: 9, NonImmediateOops: No
[2024-10-26T03:26:27.030+0530][2.421s][debug][gc,nmethod     ] Register NMethod: org.springframework.beans.factory.support.SimpleInstantiationStrategy.setCurrentlyInvokedFactoryMethod (0x0000029cc281c488) [0x0000029cc281c640, 0x0000029cc281cec0] Compiler: c1, Barriers: 4, Oops: 2, ImmediateOops: 5, NonImmediateOops: No
[2024-10-26T03:26:27.030+0530][2.421s][debug][gc,nmethod     ] Register NMethod: java.lang.NoSuchMethodException.<init> (0x0000029cc281cf88) [0x0000029cc281d0c0, 0x0000029cc281d2b0] Compiler: c1, Barriers: 0, Oops: 0, ImmediateOops: 0, NonImmediateOops: No
[2024-10-26T03:26:27.030+0530][2.421s][debug][gc,nmethod     ] Register NMethod: java.lang.Class.methodToString (0x0000029cc281d308) [0x0000029cc281d580, 0x0000029cc281e350] Compiler: c1, Barriers: 1, Oops: 2, ImmediateOops: 6, NonImmediateOops: No
[2024-10-26T03:26:27.031+0530][2.422s][debug][gc,nmethod     ] Register NMethod: org.springframework.beans.PropertyEditorRegistrySupport.<init> (0x0000029cc281e408) [0x0000029cc281e520, 0x0000029cc281e690] Compiler: c1, Barriers: 0, Oops: 1, ImmediateOops: 0, NonImmediateOops: No
[2024-10-26T03:26:27.031+0530][2.422s][debug][gc,nmethod     ] Register NMethod: org.springframework.beans.PropertyEditorRegistrySupport.registerDefaultEditors (0x0000029cc281e708) [0x0000029cc281e820, 0x0000029cc281e930] Compiler: c1, Barriers: 0, Oops: 1, ImmediateOops: 0, NonImmediateOops: No
[2024-10-26T03:26:27.031+0530][2.422s][debug][gc,nmethod     ] Register NMethod: org.springframework.beans.TypeConverterSupport.<init> (0x0000029cc281ea08) [0x0000029cc281eb20, 0x0000029cc281ecf0] Compiler: c1, Barriers: 0, Oops: 1, ImmediateOops: 0, NonImmediateOops: No
[2024-10-26T03:26:27.035+0530][2.426s][debug][gc,nmethod     ] Register NMethod: java.lang.invoke.MethodHandle.linkToStatic (0x0000029cc9e2f888) [0x0000029cc9e2f980, 0x0000029cc9e2fa90] Compiler: , Barriers: 0, Oops: 0, ImmediateOops: 0, NonImmediateOops: No
[2024-10-26T03:26:27.037+0530][2.428s][debug][gc,nmethod     ] Register NMethod: java.lang.invoke.DirectMethodHandle.makePreparedLambdaForm (0x0000029cc281ed88) [0x0000029cc281f280, 0x0000029cc2822400] Compiler: c1, Barriers: 45, Oops: 2, ImmediateOops: 25, NonImmediateOops: No
[2024-10-26T03:26:27.038+0530][2.428s][debug][gc,nmethod     ] Register NMethod: sun.reflect.generics.reflectiveObjects.ParameterizedTypeImpl.<init> (0x0000029cc2822508) [0x0000029cc2822660, 0x0000029cc28229e8] Compiler: c1, Barriers: 9, Oops: 0, ImmediateOops: 0, NonImmediateOops: No
[2024-10-26T03:26:27.038+0530][2.428s][debug][gc,nmethod     ] Register NMethod: sun.reflect.generics.reflectiveObjects.ParameterizedTypeImpl.make (0x0000029cc2822a08) [0x0000029cc2822b60, 0x0000029cc2822f90] Compiler: c1, Barriers: 9, Oops: 0, ImmediateOops: 0, NonImmediateOops: No
[2024-10-26T03:26:27.038+0530][2.428s][debug][gc,nmethod     ] Register NMethod: java.lang.Class.getDeclaringClass (0x0000029cc2823008) [0x0000029cc2823140, 0x0000029cc2823388] Compiler: c1, Barriers: 0, Oops: 0, ImmediateOops: 0, NonImmediateOops: No
[2024-10-26T03:26:27.038+0530][2.429s][debug][gc,nmethod     ] Register NMethod: org.springframework.beans.factory.support.DefaultSingletonBeanRegistry.addSingleton (0x0000029cc2823408) [0x0000029cc2823580, 0x0000029cc2823c98] Compiler: c1, Barriers: 5, Oops: 1, ImmediateOops: 0, NonImmediateOops: No
[2024-10-26T03:26:27.038+0530][2.429s][debug][gc,nmethod     ] Register NMethod: sun.reflect.generics.reflectiveObjects.ParameterizedTypeImpl.validateConstructorArguments (0x0000029cc2823d08) [0x0000029cc2824020, 0x0000029cc2825b68] Compiler: c1, Barriers: 27, Oops: 1, ImmediateOops: 4, NonImmediateOops: No
[2024-10-26T03:26:27.039+0530][2.429s][debug][gc,director    ] Rule Major: Warmup 10%, Used: 204MB, UsedThreshold: 204MB
[2024-10-26T03:26:27.039+0530][2.429s][debug][gc,director    ] Rule Minor: High Usage, Free: 1804MB(88.1%)
[2024-10-26T03:26:27.040+0530][2.431s][debug][gc,nmethod     ] Register NMethod: sun.reflect.generics.parser.SignatureParser.parsePackageNameAndSimpleClassTypeSignature (0x0000029cc9e2fb88) [0x0000029cc9e2fea0, 0x0000029cc9e31c18] Compiler: c2, Barriers: 31, Oops: 2, ImmediateOops: 7, NonImmediateOops: No
[2024-10-26T03:26:27.041+0530][2.432s][debug][gc,nmethod     ] Register NMethod: org.springframework.boot.web.servlet.context.WebApplicationContextServletContextAwareProcessor.getServletContext (0x0000029cc2825c08) [0x0000029cc2825dc0, 0x0000029cc2826648] Compiler: c1, Barriers: 7, Oops: 1, ImmediateOops: 0, NonImmediateOops: No
[2024-10-26T03:26:27.042+0530][2.433s][debug][gc,nmethod     ] Register NMethod: org.springframework.core.metrics.DefaultApplicationStartup.start (0x0000029cc2826688) [0x0000029cc28267a0, 0x0000029cc2826910] Compiler: c1, Barriers: 0, Oops: 1, ImmediateOops: 1, NonImmediateOops: No
[2024-10-26T03:26:27.042+0530][2.433s][debug][gc,nmethod     ] Register NMethod: org.springframework.core.metrics.DefaultApplicationStartup.start (0x0000029cc2826988) [0x0000029cc2826aa0, 0x0000029cc2826bb8] Compiler: c1, Barriers: 0, Oops: 1, ImmediateOops: 1, NonImmediateOops: No
[2024-10-26T03:26:27.043+0530][2.434s][debug][gc,nmethod     ] Register NMethod: org.springframework.beans.MutablePropertyValues.isEmpty (0x0000029cc2826c88) [0x0000029cc2826dc0, 0x0000029cc2826fd0] Compiler: c1, Barriers: 1, Oops: 1, ImmediateOops: 0, NonImmediateOops: No
[2024-10-26T03:26:27.043+0530][2.434s][debug][gc,nmethod     ] Register NMethod: org.springframework.beans.PropertyEditorRegistrySupport.useConfigValueEditors (0x0000029cc2827008) [0x0000029cc2827120, 0x0000029cc2827230] Compiler: c1, Barriers: 0, Oops: 1, ImmediateOops: 0, NonImmediateOops: No
[2024-10-26T03:26:27.043+0530][2.434s][debug][gc,nmethod     ] Register NMethod: org.springframework.beans.factory.support.DisposableBeanAdapter.inferDestroyMethodsIfNecessary (0x0000029cc2827308) [0x0000029cc2827540, 0x0000029cc2828470] Compiler: c1, Barriers: 13, Oops: 3, ImmediateOops: 7, NonImmediateOops: No
[2024-10-26T03:26:27.043+0530][2.434s][debug][gc,nmethod     ] Register NMethod: org.springframework.core.io.ResourceEditor.<init> (0x0000029cc2828508) [0x0000029cc2828660, 0x0000029cc2828b90] Compiler: c1, Barriers: 9, Oops: 2, ImmediateOops: 1, NonImmediateOops: No
[2024-10-26T03:26:27.043+0530][2.434s][debug][gc,nmethod     ] Register NMethod: org.springframework.core.io.ResourceEditor.<init> (0x0000029cc2828c08) [0x0000029cc2828d80, 0x0000029cc2829310] Compiler: c1, Barriers: 9, Oops: 2, ImmediateOops: 1, NonImmediateOops: No
[2024-10-26T03:26:27.043+0530][2.434s][debug][gc,nmethod     ] Register NMethod: org.springframework.beans.propertyeditors.InputStreamEditor.<init> (0x0000029cc2829388) [0x0000029cc28294e0, 0x0000029cc2829988] Compiler: c1, Barriers: 6, Oops: 2, ImmediateOops: 1, NonImmediateOops: No
[2024-10-26T03:26:27.043+0530][2.434s][debug][gc,nmethod     ] Register NMethod: org.springframework.beans.propertyeditors.FileEditor.<init> (0x0000029cc2829a08) [0x0000029cc2829b60, 0x0000029cc282a008] Compiler: c1, Barriers: 6, Oops: 2, ImmediateOops: 1, NonImmediateOops: No
[2024-10-26T03:26:27.043+0530][2.434s][debug][gc,nmethod     ] Register NMethod: org.springframework.beans.propertyeditors.InputSourceEditor.<init> (0x0000029cc282a088) [0x0000029cc282a1e0, 0x0000029cc282a688] Compiler: c1, Barriers: 6, Oops: 2, ImmediateOops: 1, NonImmediateOops: No
[2024-10-26T03:26:27.043+0530][2.434s][debug][gc,nmethod     ] Register NMethod: org.springframework.beans.propertyeditors.PathEditor.<init> (0x0000029cc282a708) [0x0000029cc282a860, 0x0000029cc282ad08] Compiler: c1, Barriers: 6, Oops: 2, ImmediateOops: 1, NonImmediateOops: No
[2024-10-26T03:26:27.043+0530][2.434s][debug][gc,nmethod     ] Register NMethod: org.springframework.beans.factory.support.AbstractBeanDefinition.getPropertyValues (0x0000029cc282ad88) [0x0000029cc282aee0, 0x0000029cc282b310] Compiler: c1, Barriers: 7, Oops: 1, ImmediateOops: 0, NonImmediateOops: No
[2024-10-26T03:26:27.044+0530][2.435s][debug][gc,nmethod     ] Register NMethod: org.springframework.beans.propertyeditors.ReaderEditor.<init> (0x0000029cc282b388) [0x0000029cc282b4e0, 0x0000029cc282b988] Compiler: c1, Barriers: 6, Oops: 2, ImmediateOops: 1, NonImmediateOops: No
[2024-10-26T03:26:27.044+0530][2.435s][debug][gc,nmethod     ] Register NMethod: org.springframework.beans.propertyeditors.URLEditor.<init> (0x0000029cc282ba08) [0x0000029cc282bb60, 0x0000029cc282c008] Compiler: c1, Barriers: 6, Oops: 2, ImmediateOops: 1, NonImmediateOops: No
[2024-10-26T03:26:27.044+0530][2.435s][debug][gc,nmethod     ] Register NMethod: org.springframework.beans.factory.support.DefaultSingletonBeanRegistry.beforeSingletonCreation (0x0000029cc282c088) [0x0000029cc282c1e0, 0x0000029cc282c610] Compiler: c1, Barriers: 2, Oops: 1, ImmediateOops: 0, NonImmediateOops: No
[2024-10-26T03:26:27.044+0530][2.435s][debug][gc,nmethod     ] Register NMethod: org.springframework.boot.context.properties.BindMethodAttribute.get (0x0000029cc282c688) [0x0000029cc282c7e0, 0x0000029cc282ce08] Compiler: c1, Barriers: 2, Oops: 3, ImmediateOops: 1, NonImmediateOops: No
[2024-10-26T03:26:27.044+0530][2.435s][debug][gc,nmethod     ] Register NMethod: org.springframework.beans.factory.support.AbstractBeanFactory.registerCustomEditors (0x0000029cc282ce88) [0x0000029cc282d1e0, 0x0000029cc282f2f8] Compiler: c1, Barriers: 13, Oops: 2, ImmediateOops: 1, NonImmediateOops: No
[2024-10-26T03:26:27.044+0530][2.435s][debug][gc,nmethod     ] Register NMethod: org.springframework.boot.context.properties.ConfigurationPropertiesBean.findAnnotation (0x0000029cc282f408) [0x0000029cc282f6a0, 0x0000029cc28306f8] Compiler: c1, Barriers: 0, Oops: 3, ImmediateOops: 12, NonImmediateOops: No
[2024-10-26T03:26:27.045+0530][2.436s][debug][gc,nmethod     ] Register NMethod: org.springframework.context.support.ApplicationListenerDetector.requiresDestruction (0x0000029cc2830788) [0x0000029cc28308a0, 0x0000029cc2830aa0] Compiler: c1, Barriers: 0, Oops: 1, ImmediateOops: 0, NonImmediateOops: No
[2024-10-26T03:26:27.045+0530][2.436s][debug][gc,nmethod     ] Register NMethod: org.springframework.core.KotlinDetector.isKotlinReflectPresent (0x0000029cc9e31d88) [0x0000029cc9e31e80, 0x0000029cc9e31ee8] Compiler: c2, Barriers: 0, Oops: 1, ImmediateOops: 0, NonImmediateOops: No
[2024-10-26T03:26:27.045+0530][2.436s][debug][gc,nmethod     ] Register NMethod: org.springframework.beans.support.ResourceEditorRegistrar.registerCustomEditors (0x0000029cc2830b08) [0x0000029cc2831560, 0x0000029cc283a6a0] Compiler: c1, Barriers: 142, Oops: 17, ImmediateOops: 28, NonImmediateOops: No
[2024-10-26T03:26:27.045+0530][2.436s][debug][gc,nmethod     ] Register NMethod: org.springframework.beans.factory.support.DefaultSingletonBeanRegistry.afterSingletonCreation (0x0000029cc283a808) [0x0000029cc283a980, 0x0000029cc283ae40] Compiler: c1, Barriers: 2, Oops: 1, ImmediateOops: 0, NonImmediateOops: No
[2024-10-26T03:26:27.045+0530][2.436s][debug][gc,nmethod     ] Register NMethod: org.springframework.beans.AbstractPropertyAccessor.<init> (0x0000029cc283ae88) [0x0000029cc283afc0, 0x0000029cc283b1f8] Compiler: c1, Barriers: 0, Oops: 1, ImmediateOops: 0, NonImmediateOops: No
[2024-10-26T03:26:27.046+0530][2.437s][debug][gc,nmethod     ] Register NMethod: org.springframework.beans.factory.support.AbstractAutowireCapableBeanFactory.resolveBeforeInstantiation (0x0000029cc283b288) [0x0000029cc283b460, 0x0000029cc283c0a8] Compiler: c1, Barriers: 5, Oops: 2, ImmediateOops: 3, NonImmediateOops: No
[2024-10-26T03:26:27.046+0530][2.437s][debug][gc,nmethod     ] Register NMethod: org.springframework.beans.factory.support.AbstractAutowireCapableBeanFactory.applyMergedBeanDefinitionPostProcessors (0x0000029cc283c188) [0x0000029cc283c320, 0x0000029cc283c9e8] Compiler: c1, Barriers: 1, Oops: 1, ImmediateOops: 0, NonImmediateOops: No
[2024-10-26T03:26:27.046+0530][2.437s][debug][gc,nmethod     ] Register NMethod: org.springframework.core.annotation.AnnotationTypeMapping.getConventionMapping (0x0000029cc283ca88) [0x0000029cc283cba0, 0x0000029cc283cd00] Compiler: c1, Barriers: 1, Oops: 1, ImmediateOops: 0, NonImmediateOops: No
[2024-10-26T03:26:27.046+0530][2.437s][debug][gc,nmethod     ] Register NMethod: org.springframework.beans.BeanWrapperImpl.setIntrospectionClass (0x0000029cc283cd88) [0x0000029cc283cee0, 0x0000029cc283d2a0] Compiler: c1, Barriers: 5, Oops: 1, ImmediateOops: 0, NonImmediateOops: No
[2024-10-26T03:26:27.046+0530][2.437s][debug][gc,nmethod     ] Register NMethod: org.springframework.beans.factory.support.AbstractAutowireCapableBeanFactory.createBeanInstance (0x0000029cc283d308) [0x0000029cc283d680, 0x0000029cc283f7a8] Compiler: c1, Barriers: 16, Oops: 1, ImmediateOops: 0, NonImmediateOops: No
[2024-10-26T03:26:27.046+0530][2.437s][debug][gc,nmethod     ] Register NMethod: sun.reflect.generics.visitor.Reifier.reifyTypeArguments (0x0000029cc283f888) [0x0000029cc283f9e0, 0x0000029cc283ff40] Compiler: c1, Barriers: 5, Oops: 0, ImmediateOops: 0, NonImmediateOops: No
[2024-10-26T03:26:27.046+0530][2.437s][debug][gc,nmethod     ] Register NMethod: org.springframework.beans.factory.support.AbstractBeanFactory.initBeanWrapper (0x0000029cc283ff88) [0x0000029cc28400c0, 0x0000029cc28404a0] Compiler: c1, Barriers: 4, Oops: 1, ImmediateOops: 0, NonImmediateOops: No
[2024-10-26T03:26:27.046+0530][2.437s][debug][gc,nmethod     ] Register NMethod: org.springframework.context.support.ApplicationListenerDetector.postProcessMergedBeanDefinition (0x0000029cc2840508) [0x0000029cc2840680, 0x0000029cc2840c28] Compiler: c1, Barriers: 3, Oops: 1, ImmediateOops: 5, NonImmediateOops: No
[2024-10-26T03:26:27.047+0530][2.437s][debug][gc,nmethod     ] Register NMethod: org.springframework.beans.factory.support.RootBeanDefinition.markAsPostProcessed (0x0000029cc2840c88) [0x0000029cc2840da0, 0x0000029cc2841088] Compiler: c1, Barriers: 1, Oops: 1, ImmediateOops: 0, NonImmediateOops: No
[2024-10-26T03:26:27.047+0530][2.438s][debug][gc,nmethod     ] Register NMethod: org.apache.catalina.core.StandardContext.getXmlBlockExternal (0x0000029cc9e32088) [0x0000029cc9e321a0, 0x0000029cc9e32270] Compiler: c1, Barriers: 0, Oops: 1, ImmediateOops: 0, NonImmediateOops: No
[2024-10-26T03:26:27.047+0530][2.438s][debug][gc,nmethod     ] Register NMethod: org.apache.catalina.core.StandardContext.getTldValidation (0x0000029cc9e32388) [0x0000029cc9e324a0, 0x0000029cc9e32570] Compiler: c1, Barriers: 0, Oops: 1, ImmediateOops: 0, NonImmediateOops: No
[2024-10-26T03:26:27.047+0530][2.438s][debug][gc,nmethod     ] Register NMethod: org.springframework.beans.factory.support.AbstractAutowireCapableBeanFactory.invokeAwareMethods (0x0000029cc2841108) [0x0000029cc28412a0, 0x0000029cc2841e68] Compiler: c1, Barriers: 1, Oops: 1, ImmediateOops: 0, NonImmediateOops: No
[2024-10-26T03:26:27.047+0530][2.438s][debug][gc,nmethod     ] Register NMethod: org.springframework.web.context.support.ServletContextAwareProcessor.postProcessAfterInitialization (0x0000029cc2841f08) [0x0000029cc2842020, 0x0000029cc2842130] Compiler: c1, Barriers: 0, Oops: 1, ImmediateOops: 0, NonImmediateOops: No
[2024-10-26T03:26:27.047+0530][2.438s][debug][gc,nmethod     ] Register NMethod: org.springframework.beans.factory.support.AbstractAutowireCapableBeanFactory.doCreateBean (0x0000029cc2842208) [0x0000029cc28427a0, 0x0000029cc2846760] Compiler: c1, Barriers: 24, Oops: 3, ImmediateOops: 12, NonImmediateOops: No
[2024-10-26T03:26:27.047+0530][2.438s][debug][gc,nmethod     ] Register NMethod: org.springframework.beans.factory.support.AbstractBeanFactory.isPrototypeCurrentlyInCreation (0x0000029cc2846908) [0x0000029cc2846a80, 0x0000029cc28470e8] Compiler: c1, Barriers: 1, Oops: 1, ImmediateOops: 0, NonImmediateOops: No
[2024-10-26T03:26:27.047+0530][2.438s][debug][gc,nmethod     ] Register NMethod: org.springframework.beans.factory.support.AbstractAutowireCapableBeanFactory.populateBean (0x0000029cc2847108) [0x0000029cc28476e0, 0x0000029cc284b920] Compiler: c1, Barriers: 30, Oops: 2, ImmediateOops: 6, NonImmediateOops: No
[2024-10-26T03:26:27.047+0530][2.438s][debug][gc,nmethod     ] Register NMethod: org.springframework.beans.factory.support.AbstractBeanFactory$$Lambda/0x000002a0d4218f38.getObject (0x0000029cc284ba88) [0x0000029cc284bbc0, 0x0000029cc284bde8] Compiler: c1, Barriers: 4, Oops: 1, ImmediateOops: 0, NonImmediateOops: No
[2024-10-26T03:26:27.047+0530][2.438s][debug][gc,nmethod     ] Register NMethod: org.springframework.beans.factory.support.AbstractAutowireCapableBeanFactory.invokeInitMethods (0x0000029cc284be08) [0x0000029cc284c080, 0x0000029cc284d7a8] Compiler: c1, Barriers: 10, Oops: 2, ImmediateOops: 4, NonImmediateOops: No
[2024-10-26T03:26:27.048+0530][2.439s][debug][gc,nmethod     ] Register NMethod: org.springframework.beans.factory.support.AbstractBeanFactory.markBeanAsCreated (0x0000029cc284d888) [0x0000029cc284da60, 0x0000029cc284e628] Compiler: c1, Barriers: 6, Oops: 1, ImmediateOops: 0, NonImmediateOops: No
[2024-10-26T03:26:27.048+0530][2.439s][debug][gc,nmethod     ] Register NMethod: org.springframework.beans.factory.support.AbstractBeanDefinition.isPrototype (0x0000029cc284e688) [0x0000029cc284e7c0, 0x0000029cc284e940] Compiler: c1, Barriers: 1, Oops: 1, ImmediateOops: 1, NonImmediateOops: No
[2024-10-26T03:26:27.048+0530][2.439s][debug][gc,nmethod     ] Register NMethod: org.springframework.beans.factory.support.AbstractAutowireCapableBeanFactory.initializeBean (0x0000029cc284e988) [0x0000029cc284eb40, 0x0000029cc284f590] Compiler: c1, Barriers: 1, Oops: 1, ImmediateOops: 0, NonImmediateOops: No
[2024-10-26T03:26:27.048+0530][2.439s][debug][gc,nmethod     ] Register NMethod: org.springframework.context.support.ApplicationListenerDetector.postProcessAfterInitialization (0x0000029cc284f608) [0x0000029cc284f880, 0x0000029cc2850d50] Compiler: c1, Barriers: 8, Oops: 5, ImmediateOops: 5, NonImmediateOops: No
[2024-10-26T03:26:27.048+0530][2.439s][debug][gc,nmethod     ] Register NMethod: org.springframework.beans.factory.support.AbstractBeanFactory.lambda$doGetBean$0 (0x0000029cc2850e88) [0x0000029cc28510c0, 0x0000029cc2851f48] Compiler: c1, Barriers: 8, Oops: 3, ImmediateOops: 3, NonImmediateOops: No
[2024-10-26T03:26:27.048+0530][2.439s][debug][gc,nmethod     ] Register NMethod: org.springframework.beans.factory.support.AbstractBeanFactory.requiresDestruction (0x0000029cc2852008) [0x0000029cc28521c0, 0x0000029cc2852a78] Compiler: c1, Barriers: 4, Oops: 1, ImmediateOops: 1, NonImmediateOops: No
[2024-10-26T03:26:27.048+0530][2.439s][debug][gc,nmethod     ] Register NMethod: org.springframework.beans.factory.support.DefaultSingletonBeanRegistry.registerDependentBean (0x0000029cc2852b08) [0x0000029cc2852d00, 0x0000029cc2853d38] Compiler: c1, Barriers: 5, Oops: 4, ImmediateOops: 2, NonImmediateOops: No
[2024-10-26T03:26:27.049+0530][2.439s][debug][gc,director    ] Rule Major: Warmup 10%, Used: 204MB, UsedThreshold: 204MB
[2024-10-26T03:26:27.049+0530][2.440s][debug][gc,director    ] Rule Minor: High Usage, Free: 1804MB(88.1%)
[2024-10-26T03:26:27.049+0530][2.440s][debug][gc,nmethod     ] Register NMethod: org.springframework.context.annotation.ConfigurationClassPostProcessor$ImportAwareBeanPostProcessor.postProcessProperties (0x0000029cc2853e08) [0x0000029cc2853f40, 0x0000029cc2854328] Compiler: c1, Barriers: 1, Oops: 1, ImmediateOops: 0, NonImmediateOops: No
[2024-10-26T03:26:27.049+0530][2.440s][debug][gc,nmethod     ] Register NMethod: org.springframework.context.support.ApplicationContextAwareProcessor.postProcessBeforeInitialization (0x0000029cc2854388) [0x0000029cc28544c0, 0x0000029cc2854728] Compiler: c1, Barriers: 0, Oops: 1, ImmediateOops: 0, NonImmediateOops: No
[2024-10-26T03:26:27.049+0530][2.440s][debug][gc,nmethod     ] Register NMethod: org.springframework.beans.factory.support.DefaultSingletonBeanRegistry.getSingleton (0x0000029cc2854788) [0x0000029cc2854b20, 0x0000029cc2856ae0] Compiler: c1, Barriers: 27, Oops: 2, ImmediateOops: 3, NonImmediateOops: No
[2024-10-26T03:26:27.049+0530][2.440s][debug][gc,nmethod     ] Register NMethod: org.springframework.beans.factory.support.AbstractAutowireCapableBeanFactory.createBean (0x0000029cc2856b88) [0x0000029cc2856f20, 0x0000029cc2859398] Compiler: c1, Barriers: 17, Oops: 1, ImmediateOops: 3, NonImmediateOops: No
[2024-10-26T03:26:27.049+0530][2.440s][debug][gc,nmethod     ] Register NMethod: org.springframework.context.support.ApplicationListenerDetector.postProcessBeforeInitialization (0x0000029cc2859488) [0x0000029cc28595a0, 0x0000029cc28596b0] Compiler: c1, Barriers: 0, Oops: 1, ImmediateOops: 0, NonImmediateOops: No
[2024-10-26T03:26:27.049+0530][2.440s][debug][gc,nmethod     ] Register NMethod: org.springframework.web.context.support.ServletContextAwareProcessor.postProcessBeforeInitialization (0x0000029cc2859788) [0x0000029cc2859940, 0x0000029cc285a348] Compiler: c1, Barriers: 0, Oops: 1, ImmediateOops: 0, NonImmediateOops: No
[2024-10-26T03:26:27.049+0530][2.440s][debug][gc,nmethod     ] Register NMethod: org.springframework.beans.factory.config.DependencyDescriptor.supportsLazyResolution (0x0000029cc9e32688) [0x0000029cc9e327a0, 0x0000029cc9e32868] Compiler: c1, Barriers: 0, Oops: 1, ImmediateOops: 0, NonImmediateOops: No
[2024-10-26T03:26:27.049+0530][2.440s][debug][gc,nmethod     ] Register NMethod: org.springframework.beans.factory.support.AbstractBeanFactory.getMergedBeanDefinition (0x0000029cc285a388) [0x0000029cc285a560, 0x0000029cc285b2f0] Compiler: c1, Barriers: 3, Oops: 2, ImmediateOops: 1, NonImmediateOops: No
[2024-10-26T03:26:27.050+0530][2.441s][debug][gc,nmethod     ] Register NMethod: java.lang.invoke.MethodType.genericMethodType (0x0000029cc9e32988) [0x0000029cc9e32ae0, 0x0000029cc9e32fc8] Compiler: c2, Barriers: 7, Oops: 2, ImmediateOops: 4, NonImmediateOops: No
[2024-10-26T03:26:27.051+0530][2.442s][debug][gc,nmethod     ] Register NMethod: java.util.Comparator$$Lambda/0x000002a0d40eac20.<init> (0x0000029cc285b388) [0x0000029cc285b4a0, 0x0000029cc285b680] Compiler: c1, Barriers: 3, Oops: 0, ImmediateOops: 0, NonImmediateOops: No
[2024-10-26T03:26:27.051+0530][2.442s][debug][gc,nmethod     ] Register NMethod: org.springframework.context.annotation.ConfigurationClassPostProcessor$ImportAwareBeanPostProcessor.postProcessBeforeInitialization (0x0000029cc285b708) [0x0000029cc285b960, 0x0000029cc285cb68] Compiler: c1, Barriers: 5, Oops: 2, ImmediateOops: 2, NonImmediateOops: No
[2024-10-26T03:26:27.051+0530][2.442s][debug][gc,nmethod     ] Register NMethod: java.util.Comparator.comparing (0x0000029cc285cc08) [0x0000029cc285cda0, 0x0000029cc285d660] Compiler: c1, Barriers: 3, Oops: 1, ImmediateOops: 2, NonImmediateOops: No
[2024-10-26T03:26:27.052+0530][2.443s][debug][gc,nmethod     ] Register NMethod: org.apache.catalina.security.SecurityUtil.isPackageProtectionEnabled (0x0000029cc285d708) [0x0000029cc285d820, 0x0000029cc285d920] Compiler: c1, Barriers: 0, Oops: 1, ImmediateOops: 0, NonImmediateOops: No
[2024-10-26T03:26:27.052+0530][2.443s][debug][gc,nmethod     ] Register NMethod: java.lang.invoke.MethodHandle.linkToVirtual (0x0000029cc9e33008) [0x0000029cc9e33100, 0x0000029cc9e33138] Compiler: , Barriers: 0, Oops: 0, ImmediateOops: 0, NonImmediateOops: No
[2024-10-26T03:26:27.053+0530][2.444s][debug][gc,nmethod     ] Register NMethod: java.lang.invoke.MethodHandle.linkToStatic (0x0000029cc9e33308) [0x0000029cc9e33400, 0x0000029cc9e33518] Compiler: , Barriers: 0, Oops: 0, ImmediateOops: 0, NonImmediateOops: No
[2024-10-26T03:26:27.053+0530][2.444s][debug][gc,nmethod     ] Register NMethod: java.lang.invoke.MethodHandle.invokeBasic (0x0000029cc9e33608) [0x0000029cc9e33720, 0x0000029cc9e33a10] Compiler: , Barriers: 0, Oops: 0, ImmediateOops: 0, NonImmediateOops: No
[2024-10-26T03:26:27.053+0530][2.444s][debug][gc,nmethod     ] Register NMethod: java.lang.invoke.InvokerBytecodeGenerator.<init> (0x0000029cc285da08) [0x0000029cc285dc80, 0x0000029cc285ed58] Compiler: c1, Barriers: 28, Oops: 1, ImmediateOops: 4, NonImmediateOops: No
[2024-10-26T03:26:27.054+0530][2.445s][debug][gc,nmethod     ] Register NMethod: java.lang.invoke.LambdaForm$NamedFunction.<init> (0x0000029cc285ee08) [0x0000029cc285ef40, 0x0000029cc285f198] Compiler: c1, Barriers: 6, Oops: 0, ImmediateOops: 0, NonImmediateOops: No
[2024-10-26T03:26:27.054+0530][2.445s][debug][gc,nmethod     ] Register NMethod: java.lang.invoke.MethodHandle.linkToStatic (0x0000029cc9e33a88) [0x0000029cc9e33b80, 0x0000029cc9e33c98] Compiler: , Barriers: 0, Oops: 0, ImmediateOops: 0, NonImmediateOops: No
[2024-10-26T03:26:27.054+0530][2.445s][debug][gc,nmethod     ] Register NMethod: java.lang.invoke.MethodHandle.invokeBasic (0x0000029cc9e33d88) [0x0000029cc9e33ea0, 0x0000029cc9e34190] Compiler: , Barriers: 0, Oops: 0, ImmediateOops: 0, NonImmediateOops: No
[2024-10-26T03:26:27.054+0530][2.445s][debug][gc,nmethod     ] Register NMethod: java.lang.invoke.MethodHandleImpl$IntrinsicMethodHandle.intrinsicName (0x0000029cc9e34208) [0x0000029cc9e34320, 0x0000029cc9e34418] Compiler: c1, Barriers: 1, Oops: 0, ImmediateOops: 0, NonImmediateOops: No
[2024-10-26T03:26:27.055+0530][2.446s][debug][gc,nmethod     ] Register NMethod: java.lang.invoke.MethodHandle.invokeBasic (0x0000029cc9e34508) [0x0000029cc9e34620, 0x0000029cc9e34910] Compiler: , Barriers: 0, Oops: 0, ImmediateOops: 0, NonImmediateOops: No
[2024-10-26T03:26:27.055+0530][2.446s][debug][gc,nmethod     ] Register NMethod: java.lang.invoke.MethodHandle.linkToSpecial (0x0000029cc9e34988) [0x0000029cc9e34a80, 0x0000029cc9e34b98] Compiler: , Barriers: 0, Oops: 0, ImmediateOops: 0, NonImmediateOops: No
[2024-10-26T03:26:27.056+0530][2.447s][debug][gc,nmethod     ] Register NMethod: java.lang.invoke.LambdaFormBuffer.replaceParameterByCopy (0x0000029cc285f208) [0x0000029cc285f340, 0x0000029cc285f588] Compiler: c1, Barriers: 2, Oops: 0, ImmediateOops: 0, NonImmediateOops: No
[2024-10-26T03:26:27.056+0530][2.447s][debug][gc,nmethod     ] Register NMethod: org.springframework.core.annotation.MergedAnnotations.from (0x0000029cc9e34c88) [0x0000029cc9e34e20, 0x0000029cc9e35478] Compiler: c2, Barriers: 16, Oops: 8, ImmediateOops: 7, NonImmediateOops: No
[2024-10-26T03:26:27.056+0530][2.447s][debug][gc,nmethod     ] Register NMethod: java.lang.invoke.LambdaForm.create (0x0000029cc285f608) [0x0000029cc285f720, 0x0000029cc285f850] Compiler: c1, Barriers: 0, Oops: 0, ImmediateOops: 1, NonImmediateOops: No
[2024-10-26T03:26:27.056+0530][2.447s][debug][gc,nmethod     ] Register NMethod: java.lang.invoke.LambdaFormBuffer.noteDuplicate (0x0000029cc285f908) [0x0000029cc285fac0, 0x0000029cc2860430] Compiler: c1, Barriers: 14, Oops: 0, ImmediateOops: 1, NonImmediateOops: No
[2024-10-26T03:26:27.056+0530][2.447s][debug][gc,nmethod     ] Register NMethod: java.lang.invoke.LambdaFormBuffer.nameArray (0x0000029cc2860488) [0x0000029cc28605c0, 0x0000029cc28608d0] Compiler: c1, Barriers: 2, Oops: 0, ImmediateOops: 0, NonImmediateOops: No
[2024-10-26T03:26:27.056+0530][2.447s][debug][gc,nmethod     ] Register NMethod: java.lang.invoke.LambdaFormBuffer.resultIndex (0x0000029cc2860908) [0x0000029cc2860a40, 0x0000029cc2860d88] Compiler: c1, Barriers: 3, Oops: 0, ImmediateOops: 0, NonImmediateOops: No
[2024-10-26T03:26:27.057+0530][2.447s][debug][gc,nmethod     ] Register NMethod: java.lang.invoke.MethodHandle.invokeBasic (0x0000029cc9e35608) [0x0000029cc9e35720, 0x0000029cc9e35a10] Compiler: , Barriers: 0, Oops: 0, ImmediateOops: 0, NonImmediateOops: No
[2024-10-26T03:26:27.057+0530][2.448s][debug][gc,nmethod     ] Register NMethod: java.lang.invoke.LambdaFormEditor$Transform.<init> (0x0000029cc2860e08) [0x0000029cc2860f60, 0x0000029cc2861398] Compiler: c1, Barriers: 9, Oops: 0, ImmediateOops: 2, NonImmediateOops: No
[2024-10-26T03:26:27.057+0530][2.448s][debug][gc,nmethod     ] Register NMethod: java.lang.invoke.MethodHandle.linkToSpecial (0x0000029cc9e35a88) [0x0000029cc9e35b80, 0x0000029cc9e35c90] Compiler: , Barriers: 0, Oops: 0, ImmediateOops: 0, NonImmediateOops: No
[2024-10-26T03:26:27.057+0530][2.448s][debug][gc,nmethod     ] Register NMethod: java.lang.invoke.LambdaFormEditor$TransformKey.withResult (0x0000029cc2861408) [0x0000029cc2861560, 0x0000029cc2861938] Compiler: c1, Barriers: 4, Oops: 0, ImmediateOops: 1, NonImmediateOops: No
[2024-10-26T03:26:27.057+0530][2.448s][debug][gc,nmethod     ] Register NMethod: java.lang.invoke.InvokerBytecodeGenerator.resolveInvokerMember (0x0000029cc2861988) [0x0000029cc2861ae0, 0x0000029cc2861e40] Compiler: c1, Barriers: 0, Oops: 0, ImmediateOops: 3, NonImmediateOops: No
[2024-10-26T03:26:27.057+0530][2.448s][debug][gc,nmethod     ] Register NMethod: java.lang.invoke.InvokerBytecodeGenerator.emitReturnInsn (0x0000029cc2861e88) [0x0000029cc2862080, 0x0000029cc2862b00] Compiler: c1, Barriers: 2, Oops: 1, ImmediateOops: 4, NonImmediateOops: No
[2024-10-26T03:26:27.060+0530][2.450s][debug][gc,director    ] Rule Major: Warmup 10%, Used: 206MB, UsedThreshold: 204MB
[2024-10-26T03:26:27.060+0530][2.451s][info ][gc             ] GC(1) Major Collection (Warmup)
[2024-10-26T03:26:27.060+0530][2.451s][info ][gc,task        ] GC(1) Using 4 Workers for Young Generation
[2024-10-26T03:26:27.060+0530][2.451s][info ][gc,task        ] GC(1) Using 2 Workers for Old Generation
[2024-10-26T03:26:27.060+0530][2.451s][debug][gc,heap        ] GC(1) Y: Heap before GC invocations=1 (full 1):
[2024-10-26T03:26:27.060+0530][2.451s][debug][gc,heap        ] GC(1) Y:  ZHeap           used 206M, capacity 2048M, max capacity 2048M
[2024-10-26T03:26:27.060+0530][2.451s][debug][gc,heap        ] GC(1) Y:  Metaspace       used 33455K, committed 34112K, reserved 1114112K
[2024-10-26T03:26:27.060+0530][2.451s][debug][gc,heap        ] GC(1) Y:   class space    used 4332K, committed 4608K, reserved 1048576K
[2024-10-26T03:26:27.060+0530][2.451s][info ][gc,phases      ] GC(1) Y: Young Generation
[2024-10-26T03:26:27.060+0530][2.451s][debug][gc,reloc       ] Synchronize all workers 1 _nworkers: 0 _nsynchronized: 0
[2024-10-26T03:26:27.060+0530][2.451s][debug][gc,reloc       ] Synchronize all workers 1 _nworkers: 0 _nsynchronized: 0
[2024-10-26T03:26:27.060+0530][2.451s][debug][gc,phases,start] GC(1) Y: Pause Mark Start (Major)
[2024-10-26T03:26:27.060+0530][2.451s][debug][gc,marking     ] GC(1) Y: Using 4 mark stripes
[2024-10-26T03:26:27.060+0530][2.451s][debug][gc,marking     ] GC(1) Y: Mark Worker/Stripe Distribution
[2024-10-26T03:26:27.060+0530][2.451s][debug][gc,marking     ] GC(1) Y:   Worker 0(4) -> Stripe 0(4)
[2024-10-26T03:26:27.060+0530][2.451s][debug][gc,marking     ] GC(1) Y:   Worker 1(4) -> Stripe 1(4)
[2024-10-26T03:26:27.060+0530][2.451s][debug][gc,marking     ] GC(1) Y:   Worker 2(4) -> Stripe 2(4)
[2024-10-26T03:26:27.060+0530][2.451s][debug][gc,marking     ] GC(1) Y:   Worker 3(4) -> Stripe 3(4)
[2024-10-26T03:26:27.060+0530][2.451s][debug][gc,marking     ] GC(1) Y: Using 2 mark stripes
[2024-10-26T03:26:27.060+0530][2.451s][debug][gc,marking     ] GC(1) Y: Mark Worker/Stripe Distribution
[2024-10-26T03:26:27.060+0530][2.451s][debug][gc,marking     ] GC(1) Y:   Worker 0(2) -> Stripe 0(2)
[2024-10-26T03:26:27.060+0530][2.451s][debug][gc,marking     ] GC(1) Y:   Worker 1(2) -> Stripe 1(2)
[2024-10-26T03:26:27.060+0530][2.451s][info ][gc,phases      ] GC(1) Y: Pause Mark Start (Major) 0.070ms
[2024-10-26T03:26:27.060+0530][2.451s][debug][gc,reloc       ] Desynchronize all workers _nworkers: 0 _nsynchronized: 0
[2024-10-26T03:26:27.060+0530][2.451s][debug][gc,reloc       ] Desynchronize all workers _nworkers: 0 _nsynchronized: 0
[2024-10-26T03:26:27.060+0530][2.451s][debug][gc,marking     ] Resurrection broke termination
[2024-10-26T03:26:27.060+0530][2.451s][debug][gc,phases,start] GC(1) Y: Concurrent Mark
[2024-10-26T03:26:27.060+0530][2.451s][debug][gc,phases,start] GC(1) Y: Concurrent Mark Roots
[2024-10-26T03:26:27.060+0530][2.451s][debug][gc,task        ] GC(1) Y: Executing ZMarkYoungRootsTask using ZWorkerYoung with 4 workers
[2024-10-26T03:26:27.060+0530][2.451s][debug][gc,alloc       ] Mutator Allocation Rate: 143.0MB/s Predicted: 158.6MB/s, Avg: 143.8(+/-20.4)MB/s
[2024-10-26T03:26:27.061+0530][2.452s][debug][gc,nmethod     ] Register NMethod: jdk.internal.org.objectweb.asm.SymbolTable.addType (0x0000029cc9e35d88) [0x0000029cc9e35f60, 0x0000029cc9e36d80] Compiler: c2, Barriers: 23, Oops: 0, ImmediateOops: 0, NonImmediateOops: No
[2024-10-26T03:26:27.061+0530][2.452s][debug][gc,nmethod     ] Register NMethod: java.lang.String.valueOf (0x0000029cc9e36e88) [0x0000029cc9e36f80, 0x0000029cc9e37030] Compiler: c2, Barriers: 0, Oops: 0, ImmediateOops: 0, NonImmediateOops: No
[2024-10-26T03:26:27.062+0530][2.453s][debug][gc,nmethod     ] Register NMethod: org.springframework.http.server.PathContainer$Options.separator (0x0000029cc9e37188) [0x0000029cc9e372a0, 0x0000029cc9e37370] Compiler: c1, Barriers: 0, Oops: 1, ImmediateOops: 0, NonImmediateOops: No
[2024-10-26T03:26:27.062+0530][2.453s][debug][gc,nmethod     ] Register NMethod: org.springframework.web.util.pattern.PathPatternParser.getPathOptions (0x0000029cc9e37488) [0x0000029cc9e375a0, 0x0000029cc9e37698] Compiler: c1, Barriers: 1, Oops: 1, ImmediateOops: 0, NonImmediateOops: No
[2024-10-26T03:26:27.063+0530][2.454s][debug][gc,tlab        ] GC(1) Y: TLAB totals: thrds: 10  refills: 504 max: 495 slow allocs: 0 max 0 waste:  2.3% gc: 2307392B max: 262104B slow: 763712B max: 763712B
[2024-10-26T03:26:27.063+0530][2.454s][debug][gc,phases      ] GC(1) Y: Concurrent Mark Roots 2.867ms
[2024-10-26T03:26:27.063+0530][2.454s][debug][gc,phases,start] GC(1) Y: Concurrent Mark Follow
[2024-10-26T03:26:27.063+0530][2.454s][debug][gc,marking     ] GC(1) Y: Using 4 mark stripes
[2024-10-26T03:26:27.063+0530][2.454s][debug][gc,task        ] GC(1) Y: Executing ZRememberedScanMarkFollowTask using ZWorkerYoung with 4 workers
[2024-10-26T03:26:27.064+0530][2.455s][debug][gc,nmethod     ] Register NMethod: org.springframework.util.ClassUtils.isVisible (0x0000029cc2862b88) [0x0000029cc2862d20, 0x0000029cc2863378] Compiler: c1, Barriers: 2, Oops: 1, ImmediateOops: 0, NonImmediateOops: No
[2024-10-26T03:26:27.067+0530][2.458s][debug][gc,nmethod     ] Register NMethod: org.springframework.core.BridgeMethodResolver.isBridgedCandidateFor (0x0000029cc9e37788) [0x0000029cc9e378a0, 0x0000029cc9e37cf0] Compiler: c2, Barriers: 6, Oops: 1, ImmediateOops: 0, NonImmediateOops: No
[2024-10-26T03:26:27.068+0530][2.459s][debug][gc,nmethod     ] Register NMethod: java.util.TreeMap$KeyIterator.next (0x0000029cc2863408) [0x0000029cc2863540, 0x0000029cc28636b0] Compiler: c1, Barriers: 1, Oops: 0, ImmediateOops: 0, NonImmediateOops: No
[2024-10-26T03:26:27.068+0530][2.459s][debug][gc,nmethod     ] Register NMethod: java.util.TreeMap$KeyIterator.<init> (0x0000029cc2863708) [0x0000029cc2863840, 0x0000029cc2863b80] Compiler: c1, Barriers: 9, Oops: 0, ImmediateOops: 0, NonImmediateOops: No
[2024-10-26T03:26:27.068+0530][2.459s][debug][gc,nmethod     ] Register NMethod: java.util.TreeMap$KeySet.iterator (0x0000029cc2863c08) [0x0000029cc2863da0, 0x0000029cc2864530] Compiler: c1, Barriers: 3, Oops: 0, ImmediateOops: 0, NonImmediateOops: No
[2024-10-26T03:26:27.068+0530][2.459s][debug][gc,nmethod     ] Register NMethod: java.util.TreeMap.keyIterator (0x0000029cc2864588) [0x0000029cc2864700, 0x0000029cc2864c88] Compiler: c1, Barriers: 11, Oops: 0, ImmediateOops: 0, NonImmediateOops: No
[2024-10-26T03:26:27.068+0530][2.459s][debug][gc,nmethod     ] Register NMethod: javax.management.openmbean.OpenType.getClassName (0x0000029cc9e37d88) [0x0000029cc9e37ea0, 0x0000029cc9e37f98] Compiler: c1, Barriers: 1, Oops: 0, ImmediateOops: 0, NonImmediateOops: No
[2024-10-26T03:26:27.069+0530][2.460s][debug][gc,nmethod     ] Register NMethod: java.util.TreeMap.getEntry (0x0000029cc2864d08) [0x0000029cc2864ea0, 0x0000029cc28655c8] Compiler: c1, Barriers: 5, Oops: 0, ImmediateOops: 0, NonImmediateOops: No
[2024-10-26T03:26:27.069+0530][2.460s][debug][gc,nmethod     ] Register NMethod: java.util.TreeMap.get (0x0000029cc2865608) [0x0000029cc2865740, 0x0000029cc2865920] Compiler: c1, Barriers: 1, Oops: 0, ImmediateOops: 0, NonImmediateOops: No
[2024-10-26T03:26:27.069+0530][2.460s][debug][gc,nmethod     ] Register NMethod: java.util.stream.ReduceOps$3ReducingSink.begin (0x0000029cc9e38088) [0x0000029cc9e381a0, 0x0000029cc9e38318] Compiler: c2, Barriers: 4, Oops: 0, ImmediateOops: 0, NonImmediateOops: No
[2024-10-26T03:26:27.069+0530][2.460s][debug][gc,nmethod     ] Register NMethod: java.util.TreeMap.navigableKeySet (0x0000029cc2865988) [0x0000029cc2865ae0, 0x0000029cc2865f28] Compiler: c1, Barriers: 7, Oops: 0, ImmediateOops: 0, NonImmediateOops: No
[2024-10-26T03:26:27.069+0530][2.460s][debug][gc,nmethod     ] Register NMethod: javax.management.openmbean.CompositeType.getType (0x0000029cc2865f88) [0x0000029cc28660e0, 0x0000029cc2866480] Compiler: c1, Barriers: 2, Oops: 0, ImmediateOops: 0, NonImmediateOops: No
[2024-10-26T03:26:27.071+0530][2.462s][debug][gc,nmethod     ] Register NMethod: org.springframework.context.support.PostProcessorRegistrationDelegate$BeanPostProcessorChecker.postProcessBeforeInitialization (0x0000029cc2866508) [0x0000029cc2866620, 0x0000029cc2866730] Compiler: c1, Barriers: 0, Oops: 1, ImmediateOops: 0, NonImmediateOops: No
[2024-10-26T03:26:27.071+0530][2.462s][debug][gc,nmethod     ] Register NMethod: java.util.TreeMap.containsKey (0x0000029cc2866808) [0x0000029cc2866920, 0x0000029cc2866aa8] Compiler: c1, Barriers: 0, Oops: 0, ImmediateOops: 0, NonImmediateOops: No
[2024-10-26T03:26:27.072+0530][2.463s][debug][gc,nmethod     ] Register NMethod: java.lang.invoke.MethodHandle.linkToStatic (0x0000029cc9e38388) [0x0000029cc9e38480, 0x0000029cc9e38590] Compiler: , Barriers: 0, Oops: 0, ImmediateOops: 0, NonImmediateOops: No
[2024-10-26T03:26:27.072+0530][2.463s][debug][gc,nmethod     ] Register NMethod: org.springframework.context.support.PostProcessorRegistrationDelegate$BeanPostProcessorChecker.postProcessAfterInitialization (0x0000029cc2866b08) [0x0000029cc2866f00, 0x0000029cc28690e8] Compiler: c1, Barriers: 17, Oops: 3, ImmediateOops: 6, NonImmediateOops: No
[2024-10-26T03:26:27.073+0530][2.464s][debug][gc,nmethod     ] Register NMethod: org.springframework.core.annotation.TypeMappedAnnotation.getValue (0x0000029cc2869208) [0x0000029cc28693e0, 0x0000029cc2869d00] Compiler: c1, Barriers: 11, Oops: 1, ImmediateOops: 0, NonImmediateOops: No
[2024-10-26T03:26:27.073+0530][2.464s][debug][gc,nmethod     ] Register NMethod: org.springframework.util.ClassUtils.getUserClass (0x0000029cc9e38688) [0x0000029cc9e387c0, 0x0000029cc9e38ad0] Compiler: c2, Barriers: 3, Oops: 2, ImmediateOops: 3, NonImmediateOops: No
[2024-10-26T03:26:27.073+0530][2.464s][debug][gc,nmethod     ] Register NMethod: org.springframework.beans.factory.annotation.InitDestroyAnnotationBeanPostProcessor.requiresDestruction (0x0000029cc2869d88) [0x0000029cc2869ec0, 0x0000029cc286a130] Compiler: c1, Barriers: 1, Oops: 1, ImmediateOops: 0, NonImmediateOops: No
[2024-10-26T03:26:27.074+0530][2.465s][debug][gc,nmethod     ] Register NMethod: org.springframework.aop.support.AopUtils.isCglibProxy (0x0000029cc286a188) [0x0000029cc286a300, 0x0000029cc286a818] Compiler: c1, Barriers: 2, Oops: 2, ImmediateOops: 1, NonImmediateOops: No
[2024-10-26T03:26:27.074+0530][2.465s][debug][gc,nmethod     ] Register NMethod: org.springframework.core.annotation.AttributeMethods.indexOf (0x0000029cc9e38b88) [0x0000029cc9e38cc0, 0x0000029cc9e394a8] Compiler: c2, Barriers: 10, Oops: 1, ImmediateOops: 0, NonImmediateOops: No
[2024-10-26T03:26:27.076+0530][2.467s][debug][gc,nmethod     ] Register NMethod: org.springframework.core.annotation.AnnotationTypeMapping$MirrorSets.get (0x0000029cc286a888) [0x0000029cc286a9a0, 0x0000029cc286ab38] Compiler: c1, Barriers: 2, Oops: 1, ImmediateOops: 0, NonImmediateOops: No
[2024-10-26T03:26:27.077+0530][2.468s][debug][gc,nmethod     ] Register NMethod: org.springframework.util.ClassUtils.getAllInterfacesForClassAsSet (0x0000029cc286ab88) [0x0000029cc286aca0, 0x0000029cc286adc8] Compiler: c1, Barriers: 0, Oops: 1, ImmediateOops: 0, NonImmediateOops: No
[2024-10-26T03:26:27.077+0530][2.468s][debug][gc,nmethod     ] Register NMethod: jdk.proxy2.$Proxy59.annotationType (0x0000029cc286ae88) [0x0000029cc286afe0, 0x0000029cc286b3f8] Compiler: c1, Barriers: 1, Oops: 1, ImmediateOops: 1, NonImmediateOops: No
[2024-10-26T03:26:27.078+0530][2.469s][debug][gc,nmethod     ] Register NMethod: org.springframework.util.ClassUtils.getAllInterfacesForClassAsSet (0x0000029cc286b488) [0x0000029cc286b7a0, 0x0000029cc286cee0] Compiler: c1, Barriers: 9, Oops: 2, ImmediateOops: 2, NonImmediateOops: No
[2024-10-26T03:26:27.079+0530][2.470s][debug][gc,marking     ] GC(1) Y: Using 2 mark stripes
[2024-10-26T03:26:27.079+0530][2.470s][debug][gc,marking     ] GC(1) Y: Using 4 mark stripes
[2024-10-26T03:26:27.079+0530][2.470s][debug][gc,nmethod     ] Register NMethod: org.springframework.core.MethodIntrospector.selectMethods (0x0000029cc286cf88) [0x0000029cc286d3e0, 0x0000029cc286fa30] Compiler: c1, Barriers: 19, Oops: 5, ImmediateOops: 13, NonImmediateOops: No
[2024-10-26T03:26:27.079+0530][2.470s][debug][gc,marking     ] GC(1) Y: Using 2 mark stripes
[2024-10-26T03:26:27.079+0530][2.470s][debug][gc,nmethod     ] Register NMethod: org.springframework.core.annotation.AbstractMergedAnnotation.synthesize (0x0000029cc286fc08) [0x0000029cc286fda0, 0x0000029cc2870448] Compiler: c1, Barriers: 3, Oops: 1, ImmediateOops: 1, NonImmediateOops: No
[2024-10-26T03:26:27.079+0530][2.470s][debug][gc,marking     ] GC(1) Y: Using 1 mark stripes
[2024-10-26T03:26:27.079+0530][2.470s][debug][gc,nmethod     ] Register NMethod: org.springframework.core.annotation.AnnotatedElementUtils.getAnnotations (0x0000029cc2870508) [0x0000029cc2870640, 0x0000029cc2870838] Compiler: c1, Barriers: 0, Oops: 3, ImmediateOops: 3, NonImmediateOops: No
[2024-10-26T03:26:27.080+0530][2.471s][debug][gc,nmethod     ] Register NMethod: org.springframework.core.annotation.TypeMappedAnnotations.<init> (0x0000029cc9e39508) [0x0000029cc9e39640, 0x0000029cc9e39b60] Compiler: c2, Barriers: 20, Oops: 1, ImmediateOops: 0, NonImmediateOops: No
[2024-10-26T03:26:27.080+0530][2.471s][debug][gc,remset      ] GC(1) Y: Remset forwarding retained: 0.000ms count: 0 ZWorkerYoung#2
[2024-10-26T03:26:27.080+0530][2.471s][debug][gc,remset      ] GC(1) Y: Remset forwarding retained: 0.000ms count: 0 ZWorkerYoung#3
[2024-10-26T03:26:27.080+0530][2.471s][debug][gc,remset      ] GC(1) Y: Remset forwarding retained: 0.000ms count: 0 ZWorkerYoung#1
[2024-10-26T03:26:27.080+0530][2.471s][debug][gc,remset      ] GC(1) Y: Remset forwarding retained: 0.000ms count: 0 ZWorkerYoung#0
[2024-10-26T03:26:27.080+0530][2.471s][debug][gc,remset      ] GC(1) Y: Remset forwarding released: 0.000ms count: 0 ZWorkerYoung#2
[2024-10-26T03:26:27.080+0530][2.471s][debug][gc,remset      ] GC(1) Y: Remset forwarding released: 0.000ms count: 0 ZWorkerYoung#3
[2024-10-26T03:26:27.080+0530][2.471s][debug][gc,remset      ] GC(1) Y: Remset forwarding released: 0.000ms count: 0 ZWorkerYoung#1
[2024-10-26T03:26:27.080+0530][2.471s][debug][gc,remset      ] GC(1) Y: Remset forwarding released: 0.000ms count: 0 ZWorkerYoung#0
[2024-10-26T03:26:27.080+0530][2.471s][debug][gc,nmethod     ] Register NMethod: jdk.internal.org.objectweb.asm.Frame.execute (0x0000029cc9e39b88) [0x0000029cc9e3aac0, 0x0000029cc9e3d038] Compiler: c2, Barriers: 27, Oops: 2, ImmediateOops: 1, NonImmediateOops: No
[2024-10-26T03:26:27.080+0530][2.471s][debug][gc,marking     ] GC(1) Y: Try terminate after resurrection
[2024-10-26T03:26:27.080+0530][2.471s][debug][gc,phases      ] GC(1) Y: Concurrent Mark Follow 17.296ms
[2024-10-26T03:26:27.080+0530][2.471s][info ][gc,phases      ] GC(1) Y: Concurrent Mark 20.216ms
[2024-10-26T03:26:27.080+0530][2.471s][debug][gc,reloc       ] Synchronize all workers 1 _nworkers: 0 _nsynchronized: 0
[2024-10-26T03:26:27.080+0530][2.471s][debug][gc,reloc       ] Synchronize all workers 1 _nworkers: 0 _nsynchronized: 0
[2024-10-26T03:26:27.080+0530][2.471s][debug][gc,phases,start] GC(1) Y: Pause Mark End
[2024-10-26T03:26:27.080+0530][2.471s][info ][gc,phases      ] GC(1) Y: Pause Mark End 0.026ms
[2024-10-26T03:26:27.080+0530][2.471s][debug][gc,reloc       ] Desynchronize all workers _nworkers: 0 _nsynchronized: 0
[2024-10-26T03:26:27.080+0530][2.471s][debug][gc,reloc       ] Desynchronize all workers _nworkers: 0 _nsynchronized: 0
[2024-10-26T03:26:27.080+0530][2.471s][debug][gc,phases,start] GC(1) Y: Concurrent Mark Free
[2024-10-26T03:26:27.080+0530][2.471s][info ][gc,phases      ] GC(1) Y: Concurrent Mark Free 0.015ms
[2024-10-26T03:26:27.080+0530][2.471s][debug][gc,phases,start] GC(1) Y: Concurrent Reset Relocation Set
[2024-10-26T03:26:27.080+0530][2.471s][info ][gc,phases      ] GC(1) Y: Concurrent Reset Relocation Set 0.012ms
[2024-10-26T03:26:27.080+0530][2.471s][debug][gc,phases,start] GC(1) Y: Concurrent Select Relocation Set
[2024-10-26T03:26:27.081+0530][2.472s][debug][gc,nmethod     ] Register NMethod: javax.management.openmbean.OpenType.getTypeName (0x0000029cc9e3d108) [0x0000029cc9e3d220, 0x0000029cc9e3d318] Compiler: c1, Barriers: 1, Oops: 0, ImmediateOops: 0, NonImmediateOops: No
[2024-10-26T03:26:27.081+0530][2.472s][debug][gc,nmethod     ] Register NMethod: org.springframework.core.annotation.MergedAnnotationSelectors.firstDirectlyDeclared (0x0000029cc9e3d408) [0x0000029cc9e3d500, 0x0000029cc9e3d570] Compiler: c2, Barriers: 0, Oops: 1, ImmediateOops: 1, NonImmediateOops: No
[2024-10-26T03:26:27.081+0530][2.472s][debug][gc,nmethod     ] Register NMethod: org.springframework.core.annotation.AnnotatedElementUtils$$Lambda/0x000002a0d44354f0.test (0x0000029cc2870888) [0x0000029cc28709c0, 0x0000029cc2870c88] Compiler: c1, Barriers: 0, Oops: 1, ImmediateOops: 0, NonImmediateOops: No
[2024-10-26T03:26:27.082+0530][2.473s][debug][gc,nmethod     ] Register NMethod: javax.management.openmbean.SimpleType.equals (0x0000029cc2870d08) [0x0000029cc2870e40, 0x0000029cc2871328] Compiler: c1, Barriers: 2, Oops: 0, ImmediateOops: 0, NonImmediateOops: No
[2024-10-26T03:26:27.082+0530][2.473s][debug][gc,nmethod     ] Register NMethod: javax.management.openmbean.OpenType.isAssignableFrom (0x0000029cc2871388) [0x0000029cc28714a0, 0x0000029cc2871668] Compiler: c1, Barriers: 0, Oops: 0, ImmediateOops: 0, NonImmediateOops: No
[2024-10-26T03:26:27.082+0530][2.473s][debug][gc,nmethod     ] Register NMethod: org.springframework.core.annotation.AnnotationsScanner.processClassInheritedAnnotations (0x0000029cc2871688) [0x0000029cc2871980, 0x0000029cc2873198] Compiler: c1, Barriers: 12, Oops: 2, ImmediateOops: 5, NonImmediateOops: No
[2024-10-26T03:26:27.082+0530][2.473s][debug][gc,nmethod     ] Register NMethod: org.springframework.core.annotation.AnnotationsScanner.scan (0x0000029cc2873208) [0x0000029cc2873340, 0x0000029cc2873540] Compiler: c1, Barriers: 0, Oops: 1, ImmediateOops: 0, NonImmediateOops: No
[2024-10-26T03:26:27.082+0530][2.473s][debug][gc,nmethod     ] Register NMethod: org.springframework.core.annotation.AnnotatedElementUtils.findMergedAnnotation (0x0000029cc2873588) [0x0000029cc2873820, 0x0000029cc2874a90] Compiler: c1, Barriers: 5, Oops: 7, ImmediateOops: 8, NonImmediateOops: No
[2024-10-26T03:26:27.082+0530][2.473s][debug][gc,nmethod     ] Register NMethod: org.springframework.core.annotation.AnnotationsScanner.process (0x0000029cc2874b88) [0x0000029cc2874d00, 0x0000029cc2875278] Compiler: c1, Barriers: 0, Oops: 1, ImmediateOops: 0, NonImmediateOops: No
[2024-10-26T03:26:27.082+0530][2.473s][debug][gc,nmethod     ] Register NMethod: org.springframework.core.annotation.TypeMappedAnnotations.scan (0x0000029cc2875308) [0x0000029cc2875480, 0x0000029cc2875950] Compiler: c1, Barriers: 5, Oops: 1, ImmediateOops: 0, NonImmediateOops: No
[2024-10-26T03:26:27.083+0530][2.474s][debug][gc,reloc       ] GC(1) Y: Relocation Set (Medium Pages): 0->0, 1 skipped, 0 forwarding entries
[2024-10-26T03:26:27.083+0530][2.474s][debug][gc,reloc       ] GC(1) Y: Relocation Set (Small Pages): 79->8, 1 skipped, 656440 forwarding entries
[2024-10-26T03:26:27.083+0530][2.474s][debug][gc,reloc       ] GC(1) Y: Allocated To Garbage: 0.0
[2024-10-26T03:26:27.083+0530][2.474s][debug][gc,reloc       ] GC(1) Y: Young Log Residency: 6.3
[2024-10-26T03:26:27.083+0530][2.474s][debug][gc,reloc       ] GC(1) Y: Life Decay Factor: 0.8
[2024-10-26T03:26:27.083+0530][2.474s][info ][gc,reloc       ] GC(1) Y: Using tenuring threshold: 2 (Computed)
[2024-10-26T03:26:27.083+0530][2.474s][debug][gc,task        ] GC(1) Y: Executing ZRelocationSetInstallTask using ZWorkerYoung with 4 workers
[2024-10-26T03:26:27.083+0530][2.474s][debug][gc,nmethod     ] Register NMethod: org.springframework.context.event.EventListenerMethodProcessor$$Lambda/0x000002a0d4497ce0.inspect (0x0000029cc2875988) [0x0000029cc2875ac0, 0x0000029cc2875d50] Compiler: c1, Barriers: 0, Oops: 1, ImmediateOops: 1, NonImmediateOops: No
[2024-10-26T03:26:27.083+0530][2.474s][debug][gc,task        ] GC(1) Y: Executing ZPromotePagesTask using ZWorkerYoung with 4 workers
[2024-10-26T03:26:27.083+0530][2.474s][debug][gc,task        ] GC(1) Y: Executing ZPromotePagesTask using ZWorkerYoung with 4 workers
[2024-10-26T03:26:27.083+0530][2.474s][debug][gc,task        ] GC(1) Y: Executing ZPromotePagesTask using ZWorkerYoung with 4 workers
[2024-10-26T03:26:27.083+0530][2.474s][debug][gc,nmethod     ] Register NMethod: org.springframework.context.event.EventListenerMethodProcessor.lambda$processBean$0 (0x0000029cc2875d88) [0x0000029cc2875ec0, 0x0000029cc28760d8] Compiler: c1, Barriers: 0, Oops: 1, ImmediateOops: 1, NonImmediateOops: No
[2024-10-26T03:26:27.083+0530][2.474s][info ][gc,phases      ] GC(1) Y: Concurrent Select Relocation Set 2.822ms
[2024-10-26T03:26:27.083+0530][2.474s][debug][gc,reloc       ] Synchronize all workers 1 _nworkers: 0 _nsynchronized: 0
[2024-10-26T03:26:27.083+0530][2.474s][debug][gc,reloc       ] Synchronize all workers 1 _nworkers: 0 _nsynchronized: 0
[2024-10-26T03:26:27.083+0530][2.474s][debug][gc,nmethod     ] Register NMethod: org.springframework.core.annotation.TypeMappedAnnotations$MergedAnnotationFinder.finish (0x0000029cc9e3d708) [0x0000029cc9e3d800, 0x0000029cc9e3d8e8] Compiler: c2, Barriers: 1, Oops: 1, ImmediateOops: 0, NonImmediateOops: No
[2024-10-26T03:26:27.083+0530][2.474s][debug][gc,phases,start] GC(1) Y: Pause Relocate Start
[2024-10-26T03:26:27.083+0530][2.474s][debug][gc,reloc       ] GC(1) Y: Joining workers: 4
[2024-10-26T03:26:27.083+0530][2.474s][info ][gc,phases      ] GC(1) Y: Pause Relocate Start 0.028ms
[2024-10-26T03:26:27.083+0530][2.474s][debug][gc,reloc       ] Desynchronize all workers _nworkers: 0 _nsynchronized: 0
[2024-10-26T03:26:27.083+0530][2.474s][debug][gc,reloc       ] Desynchronize all workers _nworkers: 4 _nsynchronized: 0
[2024-10-26T03:26:27.083+0530][2.474s][debug][gc,phases,start] GC(1) Y: Concurrent Relocate
[2024-10-26T03:26:27.083+0530][2.474s][debug][gc,task        ] GC(1) Y: Executing ZRelocateStoreBufferInstallBasePointersTask using ZWorkerYoung with 4 workers
[2024-10-26T03:26:27.083+0530][2.474s][debug][gc,task        ] GC(1) Y: Executing ZRelocateTask using ZWorkerYoung with 4 workers
[2024-10-26T03:26:27.083+0530][2.474s][debug][gc,alloc       ] Mutator Allocation Rate: 148.2MB/s Predicted: 158.0MB/s, Avg: 144.0(+/-20.0)MB/s
[2024-10-26T03:26:27.084+0530][2.475s][debug][gc,nmethod     ] Register NMethod: org.springframework.util.ReflectionUtils$$Lambda/0x000002a0d4103210.matches (0x0000029cc9e3da08) [0x0000029cc9e3db00, 0x0000029cc9e3dc18] Compiler: c2, Barriers: 1, Oops: 2, ImmediateOops: 1, NonImmediateOops: No
[2024-10-26T03:26:27.084+0530][2.475s][debug][gc,nmethod     ] Register NMethod: java.util.TreeMap$KeySet.contains (0x0000029cc2876108) [0x0000029cc2876240, 0x0000029cc2876450] Compiler: c1, Barriers: 1, Oops: 0, ImmediateOops: 0, NonImmediateOops: No
[2024-10-26T03:26:27.084+0530][2.475s][debug][gc,nmethod     ] Register NMethod: javax.management.openmbean.CompositeType.keySet (0x0000029cc2876488) [0x0000029cc2876620, 0x0000029cc2876d90] Compiler: c1, Barriers: 9, Oops: 0, ImmediateOops: 1, NonImmediateOops: No
[2024-10-26T03:26:27.085+0530][2.476s][debug][gc,nmethod     ] Register NMethod: java.util.HashMap.clear (0x0000029cc2876e08) [0x0000029cc2876f40, 0x0000029cc2877320] Compiler: c1, Barriers: 4, Oops: 0, ImmediateOops: 0, NonImmediateOops: No
[2024-10-26T03:26:27.085+0530][2.476s][debug][gc,nmethod     ] Register NMethod: javax.management.openmbean.CompositeDataSupport.getCompositeType (0x0000029cc9e3dd08) [0x0000029cc9e3de20, 0x0000029cc9e3df18] Compiler: c1, Barriers: 1, Oops: 0, ImmediateOops: 0, NonImmediateOops: No
[2024-10-26T03:26:27.085+0530][2.476s][debug][gc,alloc       ] Mutator Allocation Rate: 154.7MB/s Predicted: 158.7MB/s, Avg: 144.5(+/-19.6)MB/s
[2024-10-26T03:26:27.086+0530][2.477s][debug][gc,nmethod     ] Register NMethod: java.util.ArrayList.forEach (0x0000029cc2877388) [0x0000029cc2877520, 0x0000029cc2877b60] Compiler: c1, Barriers: 2, Oops: 0, ImmediateOops: 0, NonImmediateOops: No
[2024-10-26T03:26:27.086+0530][2.477s][debug][gc,nmethod     ] Register NMethod: javax.management.openmbean.CompositeDataSupport.get (0x0000029cc2877b88) [0x0000029cc2877e20, 0x0000029cc2878d90] Compiler: c1, Barriers: 10, Oops: 0, ImmediateOops: 2, NonImmediateOops: No
[2024-10-26T03:26:27.087+0530][2.478s][debug][gc,nmethod     ] Register NMethod: java.util.HashMap.<init> (0x0000029cc9e3e008) [0x0000029cc9e3e100, 0x0000029cc9e3e180] Compiler: c2, Barriers: 0, Oops: 0, ImmediateOops: 0, NonImmediateOops: No
[2024-10-26T03:26:27.088+0530][2.478s][debug][gc,reloc       ] GC(1) Y: Leaving workers: left: 3 _synchronize: 0 _nsynchronized: 0
[2024-10-26T03:26:27.088+0530][2.479s][debug][gc,reloc       ] GC(1) Y: Leaving workers: left: 2 _synchronize: 0 _nsynchronized: 0
[2024-10-26T03:26:27.088+0530][2.479s][debug][gc,nmethod     ] Register NMethod: java.util.stream.ReferencePipeline.collect (0x0000029cc9e3e308) [0x0000029cc9e3e540, 0x0000029cc9e3f420] Compiler: c2, Barriers: 24, Oops: 6, ImmediateOops: 5, NonImmediateOops: No
[2024-10-26T03:26:27.088+0530][2.479s][debug][gc,reloc       ] GC(1) Y: Leaving workers: left: 1 _synchronize: 0 _nsynchronized: 0
[2024-10-26T03:26:27.088+0530][2.479s][debug][gc,nmethod     ] Register NMethod: org.springframework.context.event.EventListenerMethodProcessor.isSpringContainerClass (0x0000029cc2878e08) [0x0000029cc2878fe0, 0x0000029cc28796d0] Compiler: c1, Barriers: 2, Oops: 3, ImmediateOops: 4, NonImmediateOops: No
[2024-10-26T03:26:27.088+0530][2.479s][debug][gc,nmethod     ] Register NMethod: org.springframework.aop.framework.autoproxy.AutoProxyUtils.determineTargetClass (0x0000029cc2879788) [0x0000029cc2879980, 0x0000029cc287a6a0] Compiler: c1, Barriers: 3, Oops: 4, ImmediateOops: 2, NonImmediateOops: No
[2024-10-26T03:26:27.089+0530][2.480s][debug][gc,nmethod     ] Register NMethod: ch.qos.logback.classic.LoggerContext.getTurboFilterChainDecision_0_3OrMore (0x0000029cc9e3f608) [0x0000029cc9e3f720, 0x0000029cc9e3f940] Compiler: c2, Barriers: 3, Oops: 1, ImmediateOops: 1, NonImmediateOops: No
[2024-10-26T03:26:27.089+0530][2.480s][debug][gc,reloc       ] GC(1) Y: Leaving workers: left: 0 _synchronize: 0 _nsynchronized: 0
[2024-10-26T03:26:27.089+0530][2.480s][debug][gc,phases,start] GC(1) Y: Concurrent Relocate Remset FP
[2024-10-26T03:26:27.089+0530][2.480s][debug][gc,task        ] GC(1) Y: Executing ZRelocateAddRemsetForFlipPromoted using ZWorkerYoung with 4 workers
[2024-10-26T03:26:27.089+0530][2.480s][debug][gc,phases      ] GC(1) Y: Concurrent Relocate Remset FP 0.054ms
[2024-10-26T03:26:27.089+0530][2.480s][info ][gc,phases      ] GC(1) Y: Concurrent Relocate 5.803ms
[2024-10-26T03:26:27.089+0530][2.480s][debug][gc,heap        ] GC(1) Y: Heap after GC invocations=2 (full 2):
[2024-10-26T03:26:27.089+0530][2.480s][debug][gc,heap        ] GC(1) Y:  ZHeap           used 108M, capacity 2048M, max capacity 2048M
[2024-10-26T03:26:27.089+0530][2.480s][debug][gc,heap        ] GC(1) Y:  Metaspace       used 33760K, committed 34368K, reserved 1114112K
[2024-10-26T03:26:27.089+0530][2.480s][debug][gc,heap        ] GC(1) Y:   class space    used 4369K, committed 4608K, reserved 1048576K
[2024-10-26T03:26:27.089+0530][2.480s][info ][gc,alloc       ] GC(1) Y:                         Mark Start        Mark End      Relocate Start    Relocate End   
[2024-10-26T03:26:27.089+0530][2.480s][info ][gc,alloc       ] GC(1) Y: Allocation Stalls:          0                0                0                0         
[2024-10-26T03:26:27.089+0530][2.480s][info ][gc,load        ] GC(1) Y: Load: 0.00 (0%) / 0.00 (0%) / 0.00 (0%)
[2024-10-26T03:26:27.089+0530][2.480s][info ][gc,mmu         ] GC(1) Y: MMU: 2ms/96.5%, 5ms/98.6%, 10ms/99.3%, 20ms/99.7%, 50ms/99.8%, 100ms/99.9%
[2024-10-26T03:26:27.089+0530][2.480s][info ][gc,marking     ] GC(1) Y: Mark: 4 stripe(s), 2 proactive flush(es), 1 terminate flush(es), 0 completion(s), 0 continuation(s) 
[2024-10-26T03:26:27.089+0530][2.480s][info ][gc,marking     ] GC(1) Y: Mark Stack Usage: 32M
[2024-10-26T03:26:27.089+0530][2.480s][info ][gc,nmethod     ] GC(1) Y: NMethods: 5313 registered, 0 unregistered
[2024-10-26T03:26:27.089+0530][2.480s][info ][gc,metaspace   ] GC(1) Y: Metaspace: 32M used, 33M committed, 1088M reserved
[2024-10-26T03:26:27.089+0530][2.480s][info ][gc,reloc       ] GC(1) Y:                        Candidates     Selected     In-Place         Size        Empty    Relocated 
[2024-10-26T03:26:27.089+0530][2.480s][info ][gc,reloc       ] GC(1) Y: Small Pages:                   87           71            0         174M           2M          11M 
[2024-10-26T03:26:27.089+0530][2.480s][info ][gc,reloc       ] GC(1) Y: Medium Pages:                   1            0            0          32M           0M           0M 
[2024-10-26T03:26:27.089+0530][2.480s][info ][gc,reloc       ] GC(1) Y: Large Pages:                    0            0            0           0M           0M           0M 
[2024-10-26T03:26:27.089+0530][2.480s][info ][gc,reloc       ] GC(1) Y: Forwarding Usage: 5M
[2024-10-26T03:26:27.089+0530][2.480s][info ][gc,reloc       ] GC(1) Y: Age Table:
[2024-10-26T03:26:27.089+0530][2.480s][info ][gc,reloc       ] GC(1) Y:                    Live             Garbage             Small              Medium             Large        
[2024-10-26T03:26:27.089+0530][2.480s][info ][gc,reloc       ] GC(1) Y: Eden              11M (1%)          132M (6%)          72 / 65             0 / 0              0 / 0        
[2024-10-26T03:26:27.089+0530][2.480s][info ][gc,reloc       ] GC(1) Y: Survivor 1        15M (1%)           46M (2%)          15 / 6              1 / 0              0 / 0        
[2024-10-26T03:26:27.089+0530][2.480s][info ][gc,heap        ] GC(1) Y: Min Capacity: 2048M(100%)
[2024-10-26T03:26:27.089+0530][2.480s][info ][gc,heap        ] GC(1) Y: Max Capacity: 2048M(100%)
[2024-10-26T03:26:27.089+0530][2.480s][info ][gc,heap        ] GC(1) Y: Soft Max Capacity: 2048M(100%)
[2024-10-26T03:26:27.089+0530][2.480s][info ][gc,heap        ] GC(1) Y: Heap Statistics:
[2024-10-26T03:26:27.089+0530][2.480s][info ][gc,heap        ] GC(1) Y:                Mark Start          Mark End        Relocate Start      Relocate End           High               Low         
[2024-10-26T03:26:27.089+0530][2.480s][info ][gc,heap        ] GC(1) Y:  Capacity:     2048M (100%)       2048M (100%)       2048M (100%)       2048M (100%)       2048M (100%)       2048M (100%)   
[2024-10-26T03:26:27.089+0530][2.480s][debug][gc,nmethod     ] Register NMethod: ch.qos.logback.classic.Logger.callTurboFilters (0x0000029cc9e3f988) [0x0000029cc9e3fac0, 0x0000029cc9e3fd58] Compiler: c2, Barriers: 4, Oops: 1, ImmediateOops: 1, NonImmediateOops: No
[2024-10-26T03:26:27.089+0530][2.480s][info ][gc,heap        ] GC(1) Y:      Free:     1842M (90%)        1838M (90%)        1840M (90%)        1940M (95%)        1940M (95%)        1814M (89%)    
[2024-10-26T03:26:27.089+0530][2.480s][info ][gc,heap        ] GC(1) Y:      Used:      206M (10%)         210M (10%)         208M (10%)         108M (5%)          234M (11%)         108M (5%)     
[2024-10-26T03:26:27.089+0530][2.480s][info ][gc,heap        ] GC(1) Y: Young Generation Statistics:
[2024-10-26T03:26:27.089+0530][2.480s][info ][gc,heap        ] GC(1) Y:                Mark Start          Mark End        Relocate Start      Relocate End    
[2024-10-26T03:26:27.089+0530][2.480s][info ][gc,heap        ] GC(1) Y:      Used:      206M (10%)         210M (10%)         208M (10%)         108M (5%)     
[2024-10-26T03:26:27.089+0530][2.480s][info ][gc,heap        ] GC(1) Y:      Live:         -                26M (1%)           26M (1%)           26M (1%)     
[2024-10-26T03:26:27.089+0530][2.480s][info ][gc,heap        ] GC(1) Y:   Garbage:         -               179M (9%)          177M (9%)           32M (2%)     
[2024-10-26T03:26:27.089+0530][2.480s][info ][gc,heap        ] GC(1) Y: Allocated:         -                 4M (0%)            4M (0%)           48M (2%)     
[2024-10-26T03:26:27.089+0530][2.480s][info ][gc,heap        ] GC(1) Y: Reclaimed:         -                  -                 2M (0%)          146M (7%)     
[2024-10-26T03:26:27.089+0530][2.480s][info ][gc,heap        ] GC(1) Y:  Promoted:         -                  -                 0M (0%)            0M (0%)     
[2024-10-26T03:26:27.089+0530][2.480s][info ][gc,heap        ] GC(1) Y: Compacted:         -                  -                  -                13M (1%)     
[2024-10-26T03:26:27.089+0530][2.480s][info ][gc,phases      ] GC(1) Y: Young Generation 206M(10%)->108M(5%) 0.029s
[2024-10-26T03:26:27.089+0530][2.480s][debug][gc,heap        ] GC(1) O: Heap before GC invocations=2 (full 2):
[2024-10-26T03:26:27.089+0530][2.480s][debug][gc,heap        ] GC(1) O:  ZHeap           used 110M, capacity 2048M, max capacity 2048M
[2024-10-26T03:26:27.089+0530][2.480s][debug][gc,heap        ] GC(1) O:  Metaspace       used 33760K, committed 34368K, reserved 1114112K
[2024-10-26T03:26:27.089+0530][2.480s][debug][gc,heap        ] GC(1) O:   class space    used 4369K, committed 4608K, reserved 1048576K
[2024-10-26T03:26:27.089+0530][2.480s][info ][gc,phases      ] GC(1) O: Old Generation
[2024-10-26T03:26:27.089+0530][2.480s][debug][gc,phases,start] GC(1) O: Concurrent Mark
[2024-10-26T03:26:27.089+0530][2.480s][debug][gc,phases,start] GC(1) O: Concurrent Mark Roots
[2024-10-26T03:26:27.089+0530][2.480s][debug][gc,task        ] GC(1) O: Executing ZMarkOldRootsTask using ZWorkerOld with 2 workers
[2024-10-26T03:26:27.090+0530][2.481s][debug][gc,tlab        ] GC(1) O: TLAB totals: thrds: 2  refills: 7 max: 5 slow allocs: 0 max 0 waste: 25.0% gc: 454712B max: 237528B slow: 4520B max: 3920B
[2024-10-26T03:26:27.090+0530][2.481s][debug][gc,phases      ] GC(1) O: Concurrent Mark Roots 0.141ms
[2024-10-26T03:26:27.090+0530][2.481s][debug][gc,phases,start] GC(1) O: Concurrent Mark Follow
[2024-10-26T03:26:27.090+0530][2.481s][debug][gc,marking     ] GC(1) O: Using 2 mark stripes
[2024-10-26T03:26:27.090+0530][2.481s][debug][gc,task        ] GC(1) O: Executing ZMarkTask using ZWorkerOld with 2 workers
[2024-10-26T03:26:27.090+0530][2.481s][debug][gc,marking     ] GC(1) O: Using 1 mark stripes
[2024-10-26T03:26:27.090+0530][2.481s][debug][gc,nmethod     ] Register NMethod: org.springframework.context.event.EventListenerMethodProcessor.processBean (0x0000029cc287a788) [0x0000029cc287ad40, 0x0000029cc287e148] Compiler: c1, Barriers: 18, Oops: 9, ImmediateOops: 11, NonImmediateOops: No
[2024-10-26T03:26:27.090+0530][2.481s][debug][gc,phases      ] GC(1) O: Concurrent Mark Follow 0.256ms
[2024-10-26T03:26:27.090+0530][2.481s][info ][gc,phases      ] GC(1) O: Concurrent Mark 0.422ms
[2024-10-26T03:26:27.090+0530][2.481s][debug][gc,reloc       ] Synchronize all workers 1 _nworkers: 0 _nsynchronized: 0
[2024-10-26T03:26:27.090+0530][2.481s][debug][gc,reloc       ] Synchronize all workers 1 _nworkers: 0 _nsynchronized: 0
[2024-10-26T03:26:27.090+0530][2.481s][debug][gc,phases,start] GC(1) O: Pause Mark End
[2024-10-26T03:26:27.090+0530][2.481s][info ][gc,phases      ] GC(1) O: Pause Mark End 0.033ms
[2024-10-26T03:26:27.090+0530][2.481s][debug][gc,reloc       ] Desynchronize all workers _nworkers: 0 _nsynchronized: 0
[2024-10-26T03:26:27.090+0530][2.481s][debug][gc,reloc       ] Desynchronize all workers _nworkers: 0 _nsynchronized: 0
[2024-10-26T03:26:27.090+0530][2.481s][debug][gc,phases,start] GC(1) O: Concurrent Mark Free
[2024-10-26T03:26:27.090+0530][2.481s][info ][gc,phases      ] GC(1) O: Concurrent Mark Free 0.023ms
[2024-10-26T03:26:27.090+0530][2.481s][debug][gc,phases,start] GC(1) O: Concurrent Process Non-Strong
[2024-10-26T03:26:27.090+0530][2.481s][debug][gc,phases,start] GC(1) O: Concurrent References Process
[2024-10-26T03:26:27.090+0530][2.481s][debug][gc,task        ] GC(1) O: Executing ZReferenceProcessorTask using ZWorkerOld with 2 workers
[2024-10-26T03:26:27.090+0530][2.481s][debug][gc,phases      ] GC(1) O: Concurrent References Process 0.039ms
[2024-10-26T03:26:27.090+0530][2.481s][debug][gc,task        ] GC(1) O: Executing ZProcessWeakRootsTask using ZWorkerOld with 2 workers
[2024-10-26T03:26:27.090+0530][2.481s][debug][gc,nmethod     ] Register NMethod: java.util.concurrent.ConcurrentHashMap.clear (0x0000029cc287e308) [0x0000029cc287e4c0, 0x0000029cc287ef18] Compiler: c1, Barriers: 3, Oops: 0, ImmediateOops: 0, NonImmediateOops: No
[2024-10-26T03:26:27.091+0530][2.482s][debug][gc,nmethod     ] Register NMethod: javax.management.openmbean.SimpleType.isValue (0x0000029cc287ef88) [0x0000029cc287f0e0, 0x0000029cc287f4d8] Compiler: c1, Barriers: 3, Oops: 0, ImmediateOops: 0, NonImmediateOops: No
[2024-10-26T03:26:27.091+0530][2.482s][debug][gc,phases,start] GC(1) O: Concurrent Classes Unlink
[2024-10-26T03:26:27.091+0530][2.482s][debug][gc,phases,start] GC(1) O: ClassLoaderData
[2024-10-26T03:26:27.091+0530][2.482s][debug][gc,phases      ] GC(1) O: ClassLoaderData 0.049ms
[2024-10-26T03:26:27.091+0530][2.482s][debug][gc,phases,start] GC(1) O: Trigger cleanups
[2024-10-26T03:26:27.091+0530][2.482s][debug][gc,nmethod     ] Register NMethod: org.springframework.beans.factory.support.FactoryBeanRegistrySupport.getTypeForFactoryBean (0x0000029cc287f508) [0x0000029cc287f660, 0x0000029cc287f9b0] Compiler: c1, Barriers: 1, Oops: 1, ImmediateOops: 1, NonImmediateOops: No
[2024-10-26T03:26:27.091+0530][2.482s][debug][gc,phases      ] GC(1) O: Trigger cleanups 0.009ms
[2024-10-26T03:26:27.091+0530][2.482s][debug][gc,task        ] GC(1) O: Executing ZNMethodUnlinkTask using ZWorkerOld with 2 workers
[2024-10-26T03:26:27.091+0530][2.482s][debug][gc,nmethod     ] GC(1) O: Unregister NMethod: java.lang.ThreadLocal$ThreadLocalMap.remove (0x0000029cc2352a08) [0x0000029cc2352ba0, 0x0000029cc23531e8] 
[2024-10-26T03:26:27.091+0530][2.482s][debug][gc,nmethod     ] GC(1) O: Unregister NMethod: java.util.concurrent.ConcurrentHashMap.put (0x0000029cc2037488) [0x0000029cc20375a0, 0x0000029cc20376e0] 
[2024-10-26T03:26:27.091+0530][2.482s][debug][gc,nmethod     ] GC(1) O: Unregister NMethod: org.springframework.beans.factory.support.AbstractBeanFactory.doGetBean (0x0000029cc2662088) [0x0000029cc2662aa0, 0x0000029cc2669cc8] 
[2024-10-26T03:26:27.092+0530][2.482s][debug][gc,nmethod     ] GC(1) O: Unregister NMethod: org.springframework.boot.autoconfigure.AutoConfigurationImportSelector$ConfigurationClassFilter.filter (0x0000029cc26af008) [0x0000029cc26af300, 0x0000029cc26b0b40] 
[2024-10-26T03:26:27.092+0530][2.483s][debug][gc,nmethod     ] GC(1) O: Unregister NMethod: java.lang.Class.cast (0x0000029cc9bc6c88) [0x0000029cc9bc6d80, 0x0000029cc9bc6e88] 
[2024-10-26T03:26:27.092+0530][2.483s][debug][gc,nmethod     ] GC(1) O: Unregister NMethod: java.util.Collections$SetFromMap.contains (0x0000029cc242df88) [0x0000029cc242e0c0, 0x0000029cc242e2d0] 
[2024-10-26T03:26:27.092+0530][2.483s][debug][gc,nmethod     ] GC(1) O: Unregister NMethod: java.nio.HeapByteBuffer.getShort (0x0000029cc207bb08) [0x0000029cc207bcc0, 0x0000029cc207c5b8] 
[2024-10-26T03:26:27.092+0530][2.483s][debug][gc,nmethod     ] GC(1) O: Unregister NMethod: java.io.WinNTFileSystem.normalize (0x0000029cc22bee08) [0x0000029cc22bf020, 0x0000029cc22bfb58] 
[2024-10-26T03:26:27.092+0530][2.483s][debug][gc,nmethod     ] GC(1) O: Unregister NMethod: java.util.WeakHashMap.containsKey (0x0000029cc2037e88) [0x0000029cc2037fc0, 0x0000029cc2038168] 
[2024-10-26T03:26:27.092+0530][2.483s][debug][gc,nmethod     ] GC(1) O: Unregister NMethod: org.springframework.core.annotation.TypeMappedAnnotations.get (0x0000029cc2294b88) [0x0000029cc2294ca0, 0x0000029cc2294df0] 
[2024-10-26T03:26:27.092+0530][2.483s][debug][gc,nmethod     ] GC(1) O: Unregister NMethod: org.springframework.util.ConcurrentReferenceHashMap$Segment.getReference (0x0000029cc26d2888) [0x0000029cc26d29e0, 0x0000029cc26d2d58] 
[2024-10-26T03:26:27.092+0530][2.483s][debug][gc,nmethod     ] GC(1) O: Unregister NMethod: org.springframework.core.ResolvableType$1.isAssignableFrom (0x0000029cc2478388) [0x0000029cc24784c0, 0x0000029cc24786b0] 
[2024-10-26T03:26:27.092+0530][2.483s][debug][gc,nmethod     ] GC(1) O: Unregister NMethod: java.lang.ThreadLocal$ThreadLocalMap.set (0x0000029cc234f388) [0x0000029cc234f5c0, 0x0000029cc2350350] 
[2024-10-26T03:26:27.092+0530][2.483s][debug][gc,nmethod     ] GC(1) O: Unregister NMethod: org.springframework.asm.ClassReader.accept (0x0000029cc26c0188) [0x0000029cc26c0e60, 0x0000029cc26c8f10] 
[2024-10-26T03:26:27.092+0530][2.483s][debug][gc,nmethod     ] GC(1) O: Unregister NMethod: java.lang.constant.ClassDesc.isPrimitive (0x0000029cc20a2708) [0x0000029cc20a2840, 0x0000029cc20a2b80] 
[2024-10-26T03:26:27.092+0530][2.483s][debug][gc,nmethod     ] GC(1) O: Unregister NMethod: org.springframework.core.annotation.AnnotationsScanner.getDeclaredAnnotations (0x0000029cc2559c88) [0x0000029cc2559f00, 0x0000029cc255b350] 
[2024-10-26T03:26:27.092+0530][2.483s][debug][gc,nmethod     ] GC(1) O: Unregister NMethod: org.springframework.core.annotation.MergedAnnotationsCollection$AnnotationsSpliterator.tryAdvance (0x0000029cc25f6508) [0x0000029cc25f66a0, 0x0000029cc25f6d10] 
[2024-10-26T03:26:27.092+0530][2.483s][debug][gc,nmethod     ] GC(1) O: Unregister NMethod: jdk.jfr.internal.Type.getFields (0x0000029cc9bd6488) [0x0000029cc9bd65c0, 0x0000029cc9bd67b8] 
[2024-10-26T03:26:27.092+0530][2.483s][debug][gc,nmethod     ] GC(1) O: Unregister NMethod: org.springframework.core.annotation.AnnotationsScanner.hasPlainJavaAnnotationsOnly (0x0000029cc263dc88) [0x0000029cc263dde0, 0x0000029cc263e128] 
[2024-10-26T03:26:27.092+0530][2.483s][debug][gc,nmethod     ] GC(1) O: Unregister NMethod: java.lang.Integer.rotateLeft (0x0000029cc2715c08) [0x0000029cc2715d20, 0x0000029cc2715e20] 
[2024-10-26T03:26:27.092+0530][2.483s][debug][gc,nmethod     ] GC(1) O: Unregister NMethod: java.lang.Class.componentType (0x0000029cc25f6188) [0x0000029cc25f62c0, 0x0000029cc25f64a8] 
[2024-10-26T03:26:27.092+0530][2.483s][debug][gc,nmethod     ] GC(1) O: Unregister NMethod: java.lang.Class.getDeclaredAnnotations (0x0000029cc2691088) [0x0000029cc26911e0, 0x0000029cc2691640] 
[2024-10-26T03:26:27.092+0530][2.483s][debug][gc,nmethod     ] Register NMethod: java.util.Arrays$ArrayList.size (0x0000029cc9e3fe08) [0x0000029cc9e3ff00, 0x0000029cc9e3ffd0] Compiler: c2, Barriers: 1, Oops: 0, ImmediateOops: 0, NonImmediateOops: No
[2024-10-26T03:26:27.092+0530][2.483s][debug][gc,nmethod     ] GC(1) O: Unregister NMethod: java.security.CodeSource.getCertificates (0x0000029cc2316d88) [0x0000029cc2316f80, 0x0000029cc2317b58] 
[2024-10-26T03:26:27.092+0530][2.483s][debug][gc,nmethod     ] GC(1) O: Unregister NMethod: java.util.ArrayList.indexOf (0x0000029cc2547b88) [0x0000029cc2547ca0, 0x0000029cc2547e00] 
[2024-10-26T03:26:27.092+0530][2.483s][debug][gc,nmethod     ] GC(1) O: Unregister NMethod: org.springframework.core.annotation.AnnotationTypeMappings.forAnnotationType (0x0000029cc2600308) [0x0000029cc2600640, 0x0000029cc2602408] 
[2024-10-26T03:26:27.092+0530][2.483s][debug][gc,nmethod     ] GC(1) O: Unregister NMethod: java.util.WeakHashMap.getTable (0x0000029cc229c908) [0x0000029cc229ca20, 0x0000029cc229cb98] 
[2024-10-26T03:26:27.092+0530][2.483s][debug][gc,nmethod     ] GC(1) O: Unregister NMethod: org.springframework.boot.loader.net.protocol.jar.UrlJarFiles$Cache.get (0x0000029cc9c47188) [0x0000029cc9c47380, 0x0000029cc9c48148] 
[2024-10-26T03:26:27.092+0530][2.483s][debug][gc,nmethod     ] GC(1) O: Unregister NMethod: sun.reflect.generics.parser.SignatureParser.parseClassTypeSignature (0x0000029cc21bba88) [0x0000029cc21bbda0, 0x0000029cc21bd1c0] 
[2024-10-26T03:26:27.092+0530][2.483s][debug][gc,nmethod     ] GC(1) O: Unregister NMethod: java.util.stream.ReduceOps$ReduceOp.evaluateSequential (0x0000029cc2657708) [0x0000029cc2657860, 0x0000029cc2657cf8] 
[2024-10-26T03:26:27.092+0530][2.483s][debug][gc,nmethod     ] GC(1) O: Unregister NMethod: org.springframework.util.StringUtils.deleteAny (0x0000029cc244ed88) [0x0000029cc244efe0, 0x0000029cc244fff0] 
[2024-10-26T03:26:27.092+0530][2.483s][debug][gc,nmethod     ] GC(1) O: Unregister NMethod: org.springframework.core.annotation.MergedAnnotationsCollection$AnnotationsSpliterator.getNextSuitableMapping (0x0000029cc25ef708) [0x0000029cc25ef900, 0x0000029cc25f0440] 
[2024-10-26T03:26:27.092+0530][2.483s][debug][gc,nmethod     ] GC(1) O: Unregister NMethod: org.springframework.core.annotation.AnnotationsScanner.processClassHierarchy (0x0000029cc2009288) [0x0000029cc2009520, 0x0000029cc200a330] 
[2024-10-26T03:26:27.092+0530][2.483s][debug][gc,nmethod     ] GC(1) O: Unregister NMethod: org.springframework.beans.factory.support.DefaultSingletonBeanRegistry.isSingletonCurrentlyInCreation (0x0000029cc203b788) [0x0000029cc203b8c0, 0x0000029cc203bad0] 
[2024-10-26T03:26:27.092+0530][2.483s][debug][gc,nmethod     ] GC(1) O: Unregister NMethod: java.lang.reflect.Modifier.isPublic (0x0000029cc2047008) [0x0000029cc2047120, 0x0000029cc2047258] 
[2024-10-26T03:26:27.092+0530][2.483s][debug][gc,nmethod     ] GC(1) O: Unregister NMethod: java.util.LinkedHashMap.get (0x0000029cc2588188) [0x0000029cc25882c0, 0x0000029cc25885a0] 
[2024-10-26T03:26:27.093+0530][2.483s][debug][gc,nmethod     ] GC(1) O: Unregister NMethod: java.lang.String.<init> (0x0000029cc2592a88) [0x0000029cc2592c20, 0x0000029cc25932e8] 
[2024-10-26T03:26:27.093+0530][2.484s][debug][gc,nmethod     ] GC(1) O: Unregister NMethod: java.util.stream.AbstractPipeline.sourceSpliterator (0x0000029cc2433d88) [0x0000029cc2433fc0, 0x0000029cc2434f58] 
[2024-10-26T03:26:27.093+0530][2.484s][debug][gc,nmethod     ] GC(1) O: Unregister NMethod: org.springframework.core.MethodIntrospector.lambda$selectMethods$0 (0x0000029cc21c1a88) [0x0000029cc21c1dc0, 0x0000029cc21c3710] 
[2024-10-26T03:26:27.093+0530][2.484s][debug][gc,nmethod     ] GC(1) O: Unregister NMethod: java.util.Arrays.copyOf (0x0000029cc20eb308) [0x0000029cc20eb440, 0x0000029cc20eb5c0] 
[2024-10-26T03:26:27.093+0530][2.484s][debug][gc,nmethod     ] GC(1) O: Unregister NMethod: org.springframework.beans.factory.support.AbstractBeanFactory.isTypeMatch (0x0000029cc274dd88) [0x0000029cc274e580, 0x0000029cc27544b0] 
[2024-10-26T03:26:27.093+0530][2.484s][debug][gc,nmethod     ] GC(1) O: Unregister NMethod: java.util.Collections$UnmodifiableCollection.contains (0x0000029cc2619608) [0x0000029cc2619740, 0x0000029cc2619950] 
[2024-10-26T03:26:27.093+0530][2.484s][debug][gc,nmethod     ] GC(1) O: Unregister NMethod: java.lang.String.compareTo (0x0000029cc25d8408) [0x0000029cc25d8540, 0x0000029cc25d8750] 
[2024-10-26T03:26:27.093+0530][2.484s][debug][gc,nmethod     ] GC(1) O: Unregister NMethod: org.springframework.core.SimpleAliasRegistry.isAlias (0x0000029cc24f3a08) [0x0000029cc24f3b40, 0x0000029cc24f3d50] 
[2024-10-26T03:26:27.093+0530][2.484s][debug][gc,nmethod     ] Register NMethod: org.springframework.core.annotation.AnnotationAwareOrderComparator.findOrder (0x0000029cc287fa08) [0x0000029cc287fb80, 0x0000029cc28800c0] Compiler: c1, Barriers: 0, Oops: 1, ImmediateOops: 0, NonImmediateOops: No
[2024-10-26T03:26:27.093+0530][2.484s][debug][gc,nmethod     ] GC(1) O: Unregister NMethod: jdk.internal.org.objectweb.asm.SymbolTable.addConstantUtf8Reference (0x0000029cc2056488) [0x0000029cc2056640, 0x0000029cc2056d10] 
[2024-10-26T03:26:27.093+0530][2.484s][debug][gc,nmethod     ] GC(1) O: Unregister NMethod: java.lang.PublicMethods$MethodList.filter (0x0000029cc21ad008) [0x0000029cc21ad1e0, 0x0000029cc21adc80] 
[2024-10-26T03:26:27.093+0530][2.484s][debug][gc,nmethod     ] GC(1) O: Unregister NMethod: java.lang.reflect.ProxyGenerator.toClassEntries (0x0000029cc2551608) [0x0000029cc25518e0, 0x0000029cc2552ce0] 
[2024-10-26T03:26:27.093+0530][2.484s][debug][gc,nmethod     ] GC(1) O: Unregister NMethod: org.springframework.core.annotation.TypeMappedAnnotations$MergedAnnotationFinder.doWithAnnotations (0x0000029cc20c7908) [0x0000029cc20c7a20, 0x0000029cc20c7b70] 
[2024-10-26T03:26:27.093+0530][2.484s][debug][gc,nmethod     ] GC(1) O: Unregister NMethod: org.springframework.util.ConcurrentReferenceHashMap.getReference (0x0000029cc26d1a88) [0x0000029cc26d1be0, 0x0000029cc26d1e98] 
[2024-10-26T03:26:27.093+0530][2.484s][debug][gc,nmethod     ] GC(1) O: Unregister NMethod: java.nio.ByteBuffer.limit (0x0000029cc24d6408) [0x0000029cc24d6520, 0x0000029cc24d6670] 
[2024-10-26T03:26:27.093+0530][2.484s][debug][gc,nmethod     ] GC(1) O: Unregister NMethod: java.util.AbstractCollection.toArray (0x0000029cc9c9c588) [0x0000029cc9c9c6e0, 0x0000029cc9c9cbf8] 
[2024-10-26T03:26:27.093+0530][2.484s][debug][gc,nmethod     ] GC(1) O: Unregister NMethod: org.springframework.beans.factory.support.AbstractBeanFactory.getBeanPostProcessorCache (0x0000029cc1fe1888) [0x0000029cc1fe1ac0, 0x0000029cc1fe2fa8] 
[2024-10-26T03:26:27.093+0530][2.484s][debug][gc,nmethod     ] GC(1) O: Unregister NMethod: java.util.ArrayList.set (0x0000029cc20f6388) [0x0000029cc20f64e0, 0x0000029cc20f6920] 
[2024-10-26T03:26:27.093+0530][2.484s][debug][gc,nmethod     ] GC(1) O: Unregister NMethod: java.lang.invoke.LambdaForm$Name.useCount (0x0000029cc209e088) [0x0000029cc209e1c0, 0x0000029cc209e470] 
[2024-10-26T03:26:27.093+0530][2.484s][debug][gc,nmethod     ] GC(1) O: Unregister NMethod: jdk.internal.loader.BuiltinClassLoader.loadClassOrNull (0x0000029cc229a188) [0x0000029cc229a3e0, 0x0000029cc229b420] 
[2024-10-26T03:26:27.093+0530][2.484s][debug][gc,nmethod     ] GC(1) O: Unregister NMethod: org.springframework.core.ResolvableType$1.isAssignableFrom (0x0000029cc2572e88) [0x0000029cc2572fc0, 0x0000029cc25732a8] 
[2024-10-26T03:26:27.093+0530][2.484s][debug][gc,nmethod     ] GC(1) O: Unregister NMethod: java.util.HashSet.<init> (0x0000029cc2595c08) [0x0000029cc2595d60, 0x0000029cc2596108] 
[2024-10-26T03:26:27.093+0530][2.484s][debug][gc,nmethod     ] GC(1) O: Unregister NMethod: java.lang.reflect.ProxyGenerator.addProxyMethod (0x0000029cc25b5288) [0x0000029cc25b5560, 0x0000029cc25b6a90] 
[2024-10-26T03:26:27.093+0530][2.484s][debug][gc,nmethod     ] GC(1) O: Unregister NMethod: org.springframework.core.annotation.MergedAnnotations.from (0x0000029cc206a588) [0x0000029cc206a6c0, 0x0000029cc206a918] 
[2024-10-26T03:26:27.093+0530][2.484s][debug][gc,nmethod     ] GC(1) O: Unregister NMethod: java.nio.ByteBuffer.order (0x0000029cc24d6f08) [0x0000029cc24d7020, 0x0000029cc24d7248] 
[2024-10-26T03:26:27.093+0530][2.484s][debug][gc,nmethod     ] GC(1) O: Unregister NMethod: java.util.concurrent.ConcurrentMap.computeIfAbsent (0x0000029cc2588608) [0x0000029cc2588780, 0x0000029cc2588d28] 
[2024-10-26T03:26:27.093+0530][2.484s][debug][gc,nmethod     ] GC(1) O: Unregister NMethod: org.springframework.boot.loader.net.protocol.jar.LazyDelegatingInputStream.read (0x0000029cc2348788) [0x0000029cc23488c0, 0x0000029cc2348ae8] 
[2024-10-26T03:26:27.093+0530][2.484s][debug][gc,nmethod     ] GC(1) O: Unregister NMethod: jdk.internal.module.SystemModuleFinders$SystemModuleReader.find (0x0000029cc9d39308) [0x0000029cc9d39660, 0x0000029cc9d3c048] 
[2024-10-26T03:26:27.093+0530][2.484s][debug][gc,nmethod     ] GC(1) O: Unregister NMethod: java.lang.String.indexOf (0x0000029cc2489888) [0x0000029cc24899e0, 0x0000029cc2489cd8] 
[2024-10-26T03:26:27.093+0530][2.484s][debug][gc,nmethod     ] GC(1) O: Unregister NMethod: org.springframework.beans.factory.support.AbstractBeanFactory.isTypeMatch (0x0000029cc27b5c88) [0x0000029cc27b6480, 0x0000029cc27bc3b0] 
[2024-10-26T03:26:27.093+0530][2.484s][debug][gc,nmethod     ] GC(1) O: Unregister NMethod: java.lang.invoke.LambdaFormBuffer.clearDuplicatesAndNulls (0x0000029cc275dc08) [0x0000029cc275de40, 0x0000029cc275efa8] 
[2024-10-26T03:26:27.093+0530][2.484s][debug][gc,nmethod     ] GC(1) O: Unregister NMethod: java.lang.invoke.VarHandleGuards.guard_LI_I (0x0000029cc2032488) [0x0000029cc2032780, 0x0000029cc20343d0] 
[2024-10-26T03:26:27.093+0530][2.484s][debug][gc,nmethod     ] GC(1) O: Unregister NMethod: org.springframework.boot.context.properties.source.ConfigurationPropertyName.hashCode (0x0000029cc23fe108) [0x0000029cc23fe2e0, 0x0000029cc23fece0] 
[2024-10-26T03:26:27.093+0530][2.484s][debug][gc,nmethod     ] GC(1) O: Unregister NMethod: jdk.internal.classfile.impl.AbstractPoolEntry$ClassEntryImpl.clone (0x0000029cc2079f88) [0x0000029cc207a0e0, 0x0000029cc207a6c8] 
[2024-10-26T03:26:27.093+0530][2.484s][debug][gc,nmethod     ] GC(1) O: Unregister NMethod: java.lang.invoke.LambdaForm$BasicType.basicType (0x0000029cc2048c88) [0x0000029cc2048ea0, 0x0000029cc2049930] 
[2024-10-26T03:26:27.093+0530][2.484s][debug][gc,nmethod     ] GC(1) O: Unregister NMethod: java.net.URL.openConnection (0x0000029cc22e6688) [0x0000029cc22e67c0, 0x0000029cc22e69d8] 
[2024-10-26T03:26:27.093+0530][2.484s][debug][gc,nmethod     ] GC(1) O: Unregister NMethod: java.lang.reflect.Method.getParameterCount (0x0000029cc2177c08) [0x0000029cc2177d20, 0x0000029cc2177e60] 
[2024-10-26T03:26:27.094+0530][2.485s][debug][gc,nmethod     ] GC(1) O: Unregister NMethod: org.springframework.core.OrderComparator.getOrder (0x0000029cc278be08) [0x0000029cc278bfc0, 0x0000029cc278c748] 
[2024-10-26T03:26:27.094+0530][2.485s][debug][gc,nmethod     ] GC(1) O: Unregister NMethod: java.lang.invoke.MethodHandle.intrinsicName (0x0000029cc233b788) [0x0000029cc233b8a0, 0x0000029cc233b9b8] 
[2024-10-26T03:26:27.094+0530][2.485s][debug][gc,nmethod     ] GC(1) O: Unregister NMethod: java.util.function.BiPredicate$$Lambda/0x000002a0d40e90f0.test (0x0000029cc2470088) [0x0000029cc24701e0, 0x0000029cc24706c8] 
[2024-10-26T03:26:27.094+0530][2.485s][debug][gc,nmethod     ] GC(1) O: Unregister NMethod: java.util.Collections.emptySet (0x0000029cc2495608) [0x0000029cc2495720, 0x0000029cc2495818] 
[2024-10-26T03:26:27.094+0530][2.485s][debug][gc,nmethod     ] GC(1) O: Unregister NMethod: org.springframework.core.BridgeMethodResolver.isVisibilityBridgeMethodPair (0x0000029cc9df1488) [0x0000029cc9df1620, 0x0000029cc9df1cb0] 
[2024-10-26T03:26:27.094+0530][2.485s][debug][gc,nmethod     ] GC(1) O: Unregister NMethod: org.springframework.boot.loader.ref.DefaultCleaner.register (0x0000029cc230ff88) [0x0000029cc23100e0, 0x0000029cc2310410] 
[2024-10-26T03:26:27.094+0530][2.485s][debug][gc,nmethod     ] GC(1) O: Unregister NMethod: jdk.internal.org.objectweb.asm.Frame.execute (0x0000029cc2081f88) [0x0000029cc2082d80, 0x0000029cc2089410] 
[2024-10-26T03:26:27.094+0530][2.485s][debug][gc,nmethod     ] GC(1) O: Unregister NMethod: org.springframework.core.annotation.TypeMappedAnnotation.getValue (0x0000029cc266e088) [0x0000029cc266e260, 0x0000029cc266eb80] 
[2024-10-26T03:26:27.094+0530][2.485s][debug][gc,nmethod     ] GC(1) O: Unregister NMethod: jdk.internal.loader.BuiltinClassLoader$2.run (0x0000029cc2593988) [0x0000029cc2593bc0, 0x0000029cc2594ad0] 
[2024-10-26T03:26:27.094+0530][2.485s][debug][gc,nmethod     ] GC(1) O: Unregister NMethod: jdk.internal.constant.ConstantUtils.parseMethodDescriptor (0x0000029cc20fba88) [0x0000029cc20fc140, 0x0000029cc2100180] 
[2024-10-26T03:26:27.094+0530][2.485s][debug][gc,nmethod     ] GC(1) O: Unregister NMethod: java.lang.reflect.Modifier.isStatic (0x0000029cc204ed08) [0x0000029cc204ee20, 0x0000029cc204ef58] 
[2024-10-26T03:26:27.094+0530][2.485s][debug][gc,nmethod     ] GC(1) O: Unregister NMethod: org.springframework.beans.support.ResourceEditorRegistrar.doRegisterEditor (0x0000029cc206a988) [0x0000029cc206ab20, 0x0000029cc206b478] 
[2024-10-26T03:26:27.094+0530][2.485s][debug][gc,nmethod     ] GC(1) O: Unregister NMethod: java.util.LinkedHashSet.<init> (0x0000029cc260d788) [0x0000029cc260d8c0, 0x0000029cc260da08] 
[2024-10-26T03:26:27.094+0530][2.485s][debug][gc,nmethod     ] GC(1) O: Unregister NMethod: org.springframework.core.annotation.MergedAnnotations.from (0x0000029cc9dcc388) [0x0000029cc9dccb20, 0x0000029cc9dd2330] 
[2024-10-26T03:26:27.094+0530][2.485s][debug][gc,nmethod     ] GC(1) O: Unregister NMethod: java.lang.ClassLoader.createOrGetClassLoaderValueMap (0x0000029cc256da88) [0x0000029cc256dbe0, 0x0000029cc256dfa8] 
[2024-10-26T03:26:27.094+0530][2.485s][debug][gc,nmethod     ] GC(1) O: Unregister NMethod: org.springframework.core.annotation.TypeMappedAnnotations$MergedAnnotationFinder.doWithAnnotations (0x0000029cc2324708) [0x0000029cc2324860, 0x0000029cc2324cc8] 
[2024-10-26T03:26:27.094+0530][2.485s][debug][gc,nmethod     ] GC(1) O: Unregister NMethod: sun.invoke.util.VerifyAccess.isSamePackage (0x0000029cc2046508) [0x0000029cc20466a0, 0x0000029cc2046c68] 
[2024-10-26T03:26:27.094+0530][2.485s][debug][gc,nmethod     ] GC(1) O: Unregister NMethod: org.springframework.boot.autoconfigure.condition.OnBeanCondition$Spec.extract (0x0000029cc1ff0088) [0x0000029cc1ff0340, 0x0000029cc1ff1ac8] 
[2024-10-26T03:26:27.094+0530][2.485s][debug][gc,nmethod     ] GC(1) O: Unregister NMethod: java.util.concurrent.ConcurrentHashMap.putVal (0x0000029cc25c4108) [0x0000029cc25c4440, 0x0000029cc25c60e0] 
[2024-10-26T03:26:27.094+0530][2.485s][debug][gc,nmethod     ] GC(1) O: Unregister NMethod: org.springframework.beans.factory.support.AbstractBeanFactory.transformedBeanName (0x0000029cc2616d88) [0x0000029cc2616f40, 0x0000029cc26178e8] 
[2024-10-26T03:26:27.094+0530][2.485s][debug][gc,nmethod     ] GC(1) O: Unregister NMethod: java.lang.Integer.rotateRight (0x0000029cc272dd08) [0x0000029cc272de20, 0x0000029cc272df20] 
[2024-10-26T03:26:27.094+0530][2.485s][debug][gc,nmethod     ] GC(1) O: Unregister NMethod: java.util.concurrent.locks.AbstractQueuedSynchronizer.signalNext (0x0000029cc9b78a88) [0x0000029cc9b78b80, 0x0000029cc9b78c00] 
[2024-10-26T03:26:27.094+0530][2.485s][debug][gc,nmethod     ] GC(1) O: Unregister NMethod: java.lang.reflect.Method.hashCode (0x0000029cc2557e88) [0x0000029cc2557fe0, 0x0000029cc2558318] 
[2024-10-26T03:26:27.094+0530][2.485s][debug][gc,nmethod     ] GC(1) O: Unregister NMethod: java.util.WeakHashMap.put (0x0000029cc234b788) [0x0000029cc234b9e0, 0x0000029cc234cae8] 
[2024-10-26T03:26:27.094+0530][2.485s][debug][gc,nmethod     ] GC(1) O: Unregister NMethod: org.springframework.util.ConcurrentReferenceHashMap.getReference (0x0000029cc9d4c688) [0x0000029cc9d4c820, 0x0000029cc9d4d158] 
[2024-10-26T03:26:27.094+0530][2.485s][debug][gc,nmethod     ] GC(1) O: Unregister NMethod: org.springframework.beans.factory.support.AbstractBeanDefinition.isLazyInit (0x0000029cc2184608) [0x0000029cc2184720, 0x0000029cc21848f8] 
[2024-10-26T03:26:27.094+0530][2.485s][debug][gc,nmethod     ] GC(1) O: Unregister NMethod: org.springframework.core.annotation.AnnotationsScanner.process (0x0000029cc2299a08) [0x0000029cc2299b80, 0x0000029cc229a0f8] 
[2024-10-26T03:26:27.094+0530][2.485s][debug][gc,nmethod     ] GC(1) O: Unregister NMethod: org.springframework.boot.context.properties.source.SystemEnvironmentPropertyMapper$$Lambda/0x000002a0d41458f8.test (0x0000029cc2470b88) [0x0000029cc2470d20, 0x0000029cc2471500] 
[2024-10-26T03:26:27.094+0530][2.485s][debug][gc,nmethod     ] GC(1) O: Unregister NMethod: java.util.HashMap.putMapEntries (0x0000029cc2189c88) [0x0000029cc2189f00, 0x0000029cc218ada8] 
[2024-10-26T03:26:27.094+0530][2.485s][debug][gc,nmethod     ] GC(1) O: Unregister NMethod: org.springframework.util.ConcurrentReferenceHashMap$ReferenceManager.createReference (0x0000029cc254fc08) [0x0000029cc254fda0, 0x0000029cc2550420] 
[2024-10-26T03:26:27.094+0530][2.485s][debug][gc,nmethod     ] Register NMethod: org.springframework.beans.factory.annotation.AutowiredAnnotationBeanPostProcessor.findAutowiredAnnotation (0x0000029cc9e40108) [0x0000029cc9e40440, 0x0000029cc9e41e40] Compiler: c2, Barriers: 66, Oops: 8, ImmediateOops: 9, NonImmediateOops: No
[2024-10-26T03:26:27.094+0530][2.485s][debug][gc,nmethod     ] GC(1) O: Unregister NMethod: java.lang.invoke.MethodType.genericMethodType (0x0000029cc205cc88) [0x0000029cc205cea0, 0x0000029cc205dbf0] 
[2024-10-26T03:26:27.094+0530][2.485s][debug][gc,nmethod     ] GC(1) O: Unregister NMethod: java.util.LinkedHashSet.<init> (0x0000029cc25ea188) [0x0000029cc25ea320, 0x0000029cc25ea7c8] 
[2024-10-26T03:26:27.094+0530][2.485s][debug][gc,nmethod     ] GC(1) O: Unregister NMethod: java.lang.Class.privateGetDeclaredMethods (0x0000029cc2186988) [0x0000029cc2186b40, 0x0000029cc21873b0] 
[2024-10-26T03:26:27.094+0530][2.485s][debug][gc,nmethod     ] GC(1) O: Unregister NMethod: jdk.internal.jimage.ImageLocation.verify (0x0000029cc9d27488) [0x0000029cc9d277a0, 0x0000029cc9d2a3b8] 
[2024-10-26T03:26:27.094+0530][2.485s][debug][gc,nmethod     ] GC(1) O: Unregister NMethod: org.springframework.beans.factory.support.AbstractBeanFactory.isTypeMatch (0x0000029cc26e3108) [0x0000029cc26e3900, 0x0000029cc26e9830] 
[2024-10-26T03:26:27.094+0530][2.485s][debug][gc,nmethod     ] GC(1) O: Unregister NMethod: java.lang.ClassLoader.getResource (0x0000029cc260a688) [0x0000029cc260a800, 0x0000029cc260ae20] 
[2024-10-26T03:26:27.095+0530][2.486s][debug][gc,nmethod     ] GC(1) O: Unregister NMethod: jdk.internal.classfile.impl.AbstractPoolEntry$AbstractRefsEntry.writeTo (0x0000029cc20b9188) [0x0000029cc20b9320, 0x0000029cc20b9908] 
[2024-10-26T03:26:27.095+0530][2.486s][debug][gc,nmethod     ] GC(1) O: Unregister NMethod: java.lang.invoke.MethodHandle.<init> (0x0000029cc2054288) [0x0000029cc2054420, 0x0000029cc20549c0] 
[2024-10-26T03:26:27.095+0530][2.486s][debug][gc,nmethod     ] GC(1) O: Unregister NMethod: jdk.internal.jimage.ImageLocation.verify (0x0000029cc2370108) [0x0000029cc2370340, 0x0000029cc23710a0] 
[2024-10-26T03:26:27.095+0530][2.486s][debug][gc,nmethod     ] GC(1) O: Unregister NMethod: jdk.internal.org.objectweb.asm.Frame.push (0x0000029cc208e488) [0x0000029cc208e600, 0x0000029cc208ec38] 
[2024-10-26T03:26:27.095+0530][2.486s][debug][gc,nmethod     ] GC(1) O: Unregister NMethod: org.springframework.beans.factory.support.DefaultSingletonBeanRegistry.getSingleton (0x0000029cc9cd9108) [0x0000029cc9cd9360, 0x0000029cc9cda7f0] 
[2024-10-26T03:26:27.095+0530][2.486s][debug][gc,nmethod     ] GC(1) O: Unregister NMethod: org.springframework.boot.context.properties.source.ConfigurationPropertyName$ElementsParser.parse (0x0000029cc9d3e808) [0x0000029cc9d3ed20, 0x0000029cc9d42430] 
[2024-10-26T03:26:27.095+0530][2.486s][debug][gc,nmethod     ] GC(1) O: Unregister NMethod: org.springframework.core.annotation.AnnotationsScanner.process (0x0000029cc9e0d488) [0x0000029cc9e0de40, 0x0000029cc9e14590] 
[2024-10-26T03:26:27.095+0530][2.486s][debug][gc,nmethod     ] GC(1) O: Unregister NMethod: java.lang.invoke.MethodType.methodType (0x0000029cc9d15e08) [0x0000029cc9d16940, 0x0000029cc9d1e950] 
[2024-10-26T03:26:27.095+0530][2.486s][debug][gc,nmethod     ] GC(1) O: Unregister NMethod: java.lang.invoke.LambdaForm.uncustomize (0x0000029cc204e108) [0x0000029cc204e240, 0x0000029cc204e590] 
[2024-10-26T03:26:27.095+0530][2.486s][debug][gc,nmethod     ] GC(1) O: Unregister NMethod: java.util.HashMap.isEmpty (0x0000029cc1ff6388) [0x0000029cc1ff64a0, 0x0000029cc1ff65f8] 
[2024-10-26T03:26:27.095+0530][2.486s][debug][gc,nmethod     ] GC(1) O: Unregister NMethod: org.springframework.core.io.ClassPathResource.getInputStream (0x0000029cc2072488) [0x0000029cc2072820, 0x0000029cc2074560] 
[2024-10-26T03:26:27.095+0530][2.486s][debug][gc,nmethod     ] GC(1) O: Unregister NMethod: java.lang.String.compareTo (0x0000029cc25d7d08) [0x0000029cc25d7ea0, 0x0000029cc25d8378] 
[2024-10-26T03:26:27.095+0530][2.486s][debug][gc,nmethod     ] GC(1) O: Unregister NMethod: java.nio.HeapByteBuffer.get (0x0000029cc2177708) [0x0000029cc2177860, 0x0000029cc2177b68] 
[2024-10-26T03:26:27.095+0530][2.486s][debug][gc,nmethod     ] GC(1) O: Unregister NMethod: org.springframework.boot.loader.zip.ZipContent.hasName (0x0000029cc2319a88) [0x0000029cc2319c20, 0x0000029cc231a278] 
[2024-10-26T03:26:27.095+0530][2.486s][debug][gc,nmethod     ] GC(1) O: Unregister NMethod: java.util.Collections$SetFromMap.contains (0x0000029cc9c2fc88) [0x0000029cc9c2fde0, 0x0000029cc9c30308] 
[2024-10-26T03:26:27.095+0530][2.486s][debug][gc,nmethod     ] GC(1) O: Unregister NMethod: jdk.internal.util.Preconditions.checkFromIndexSize (0x0000029cc2008f88) [0x0000029cc20090a0, 0x0000029cc2009240] 
[2024-10-26T03:26:27.095+0530][2.486s][debug][gc,nmethod     ] GC(1) O: Unregister NMethod: java.lang.ref.SoftReference.get (0x0000029cc26d0a08) [0x0000029cc26d0b20, 0x0000029cc26d0ce8] 
[2024-10-26T03:26:27.095+0530][2.486s][debug][gc,nmethod     ] GC(1) O: Unregister NMethod: java.util.stream.StreamOpFlag.isKnown (0x0000029cc237dd08) [0x0000029cc237de20, 0x0000029cc237df80] 
[2024-10-26T03:26:27.095+0530][2.486s][debug][gc,nmethod     ] GC(1) O: Unregister NMethod: org.springframework.core.annotation.MergedAnnotationCollectors$$Lambda/0x000002a0d429d120.accept (0x0000029cc26cf088) [0x0000029cc26cf200, 0x0000029cc26cf8b0] 
[2024-10-26T03:26:27.095+0530][2.486s][debug][gc,nmethod     ] GC(1) O: Unregister NMethod: java.lang.String.isLatin1 (0x0000029cc225e608) [0x0000029cc225e720, 0x0000029cc225e890] 
[2024-10-26T03:26:27.095+0530][2.486s][debug][gc,nmethod     ] GC(1) O: Unregister NMethod: java.util.Arrays.equals (0x0000029cc2591a08) [0x0000029cc2591b80, 0x0000029cc2592130] 
[2024-10-26T03:26:27.095+0530][2.486s][debug][gc,nmethod     ] GC(1) O: Unregister NMethod: java.lang.ThreadLocal.set (0x0000029cc2350e88) [0x0000029cc2350fe0, 0x0000029cc23513d8] 
[2024-10-26T03:26:27.095+0530][2.486s][debug][gc,nmethod     ] GC(1) O: Unregister NMethod: org.springframework.core.type.AnnotatedTypeMetadata$$Lambda/0x000002a0d429c3f8.apply (0x0000029cc2284608) [0x0000029cc2284760, 0x0000029cc2284c30] 
[2024-10-26T03:26:27.095+0530][2.486s][debug][gc,nmethod     ] GC(1) O: Unregister NMethod: sun.reflect.annotation.AnnotationInvocationHandler.invoke (0x0000029cc9c40f08) [0x0000029cc9c41100, 0x0000029cc9c41e28] 
[2024-10-26T03:26:27.095+0530][2.486s][debug][gc,nmethod     ] GC(1) O: Unregister NMethod: org.springframework.core.BridgeMethodResolver.isVisibilityBridgeMethodPair (0x0000029cc237cb88) [0x0000029cc237cdc0, 0x0000029cc237dc48] 
[2024-10-26T03:26:27.095+0530][2.486s][debug][gc,nmethod     ] GC(1) O: Unregister NMethod: org.springframework.core.annotation.TypeMappedAnnotation.getType (0x0000029cc25f4f08) [0x0000029cc25f5020, 0x0000029cc25f51a8] 
[2024-10-26T03:26:27.095+0530][2.486s][debug][gc,nmethod     ] GC(1) O: Unregister NMethod: jdk.internal.util.ArraysSupport.hashCode (0x0000029cc20a9e88) [0x0000029cc20a9fc0, 0x0000029cc20aa340] 
[2024-10-26T03:26:27.095+0530][2.486s][debug][gc,nmethod     ] GC(1) O: Unregister NMethod: org.springframework.core.MethodParameter.getGenericParameterType (0x0000029cc2374288) [0x0000029cc2374620, 0x0000029cc2376850] 
[2024-10-26T03:26:27.095+0530][2.486s][debug][gc,nmethod     ] Register NMethod: java.lang.invoke.MethodHandle.linkToStatic (0x0000029cc9e42108) [0x0000029cc9e42200, 0x0000029cc9e42310] Compiler: , Barriers: 0, Oops: 0, ImmediateOops: 0, NonImmediateOops: No
[2024-10-26T03:26:27.095+0530][2.486s][debug][gc,nmethod     ] GC(1) O: Unregister NMethod: org.springframework.boot.autoconfigure.condition.FilteringSpringBootCondition.filter (0x0000029cc262a808) [0x0000029cc262aa20, 0x0000029cc262b7f0] 
[2024-10-26T03:26:27.095+0530][2.486s][debug][gc,nmethod     ] GC(1) O: Unregister NMethod: jdk.internal.module.SystemModuleFinders$SystemModuleReader.find (0x0000029cc269c088) [0x0000029cc269c2c0, 0x0000029cc269ce38] 
[2024-10-26T03:26:27.095+0530][2.486s][debug][gc,nmethod     ] GC(1) O: Unregister NMethod: org.springframework.util.ReflectionUtils.lambda$getUniqueDeclaredMethods$2 (0x0000029cc2297708) [0x0000029cc2297960, 0x0000029cc22989b8] 
[2024-10-26T03:26:27.095+0530][2.486s][debug][gc,nmethod     ] GC(1) O: Unregister NMethod: java.lang.Character.toLowerCase (0x0000029cc23f8e88) [0x0000029cc23f8fc0, 0x0000029cc23f9218] 
[2024-10-26T03:26:27.095+0530][2.486s][debug][gc,nmethod     ] GC(1) O: Unregister NMethod: java.lang.ClassLoader.getDefinedPackage (0x0000029cc2323b08) [0x0000029cc2323c80, 0x0000029cc2324250] 
[2024-10-26T03:26:27.095+0530][2.486s][debug][gc,nmethod     ] GC(1) O: Unregister NMethod: java.util.ArrayList.toArray (0x0000029cc2184d08) [0x0000029cc2184e40, 0x0000029cc2185078] 
[2024-10-26T03:26:27.095+0530][2.486s][debug][gc,nmethod     ] GC(1) O: Unregister NMethod: org.springframework.core.annotation.AnnotationsScanner.scan (0x0000029cc21e1508) [0x0000029cc21e1640, 0x0000029cc21e1840] 
[2024-10-26T03:26:27.095+0530][2.486s][debug][gc,nmethod     ] GC(1) O: Unregister NMethod: java.util.Spliterator.getExactSizeIfKnown (0x0000029cc2400088) [0x0000029cc24001c0, 0x0000029cc24004a8] 
[2024-10-26T03:26:27.095+0530][2.486s][debug][gc,nmethod     ] GC(1) O: Unregister NMethod: java.lang.reflect.Method.isBridge (0x0000029cc258fb08) [0x0000029cc258fc20, 0x0000029cc258fd98] 
[2024-10-26T03:26:27.095+0530][2.486s][debug][gc,nmethod     ] GC(1) O: Unregister NMethod: org.springframework.core.ResolvableType$1.isAssignableFrom (0x0000029cc23dc988) [0x0000029cc23dcac0, 0x0000029cc23dccb0] 
[2024-10-26T03:26:27.095+0530][2.486s][debug][gc,nmethod     ] GC(1) O: Unregister NMethod: java.lang.invoke.VarHandleByteArrayAsInts$ArrayHandle.get (0x0000029cc2716208) [0x0000029cc2716340, 0x0000029cc2716730] 
[2024-10-26T03:26:27.095+0530][2.486s][debug][gc,nmethod     ] GC(1) O: Unregister NMethod: java.util.Optional.orElse (0x0000029cc1ff4a08) [0x0000029cc1ff4b20, 0x0000029cc1ff4cc8] 
[2024-10-26T03:26:27.095+0530][2.486s][debug][gc,nmethod     ] GC(1) O: Unregister NMethod: sun.reflect.generics.parser.SignatureParser.parsePackageNameAndSimpleClassTypeSignature (0x0000029cc21b5008) [0x0000029cc21b5280, 0x0000029cc21b5d58] 
[2024-10-26T03:26:27.095+0530][2.486s][debug][gc,nmethod     ] GC(1) O: Unregister NMethod: java.util.HashMap.put (0x0000029cc9d38788) [0x0000029cc9d38940, 0x0000029cc9d39260] 
[2024-10-26T03:26:27.095+0530][2.486s][debug][gc,nmethod     ] GC(1) O: Unregister NMethod: org.springframework.core.annotation.AnnotationsScanner.getDeclaredAnnotations (0x0000029cc9da1c88) [0x0000029cc9da2260, 0x0000029cc9da6138] 
[2024-10-26T03:26:27.095+0530][2.486s][debug][gc,nmethod     ] GC(1) O: Unregister NMethod: jdk.internal.org.objectweb.asm.MethodWriter.visitEnd (0x0000029cc222ce08) [0x0000029cc222cf20, 0x0000029cc222d028] 
[2024-10-26T03:26:27.095+0530][2.486s][debug][gc,nmethod     ] GC(1) O: Unregister NMethod: jdk.internal.util.ReferencedKeyMap.get (0x0000029cc9cdbb08) [0x0000029cc9cdbce0, 0x0000029cc9cdc808] 
[2024-10-26T03:26:27.095+0530][2.486s][debug][gc,nmethod     ] GC(1) O: Unregister NMethod: org.springframework.core.annotation.AnnotationAwareOrderComparator.findOrderFromAnnotation (0x0000029cc2049c88) [0x0000029cc2049e40, 0x0000029cc204a700] 
[2024-10-26T03:26:27.095+0530][2.486s][debug][gc,nmethod     ] GC(1) O: Unregister NMethod: org.springframework.core.ResolvableType.resolveType (0x0000029cc20f9388) [0x0000029cc20f9600, 0x0000029cc20fa868] 
[2024-10-26T03:26:27.095+0530][2.486s][debug][gc,nmethod     ] GC(1) O: Unregister NMethod: java.util.WeakHashMap.remove (0x0000029cc2320e08) [0x0000029cc2320fe0, 0x0000029cc2321bc8] 
[2024-10-26T03:26:27.095+0530][2.486s][debug][gc,nmethod     ] GC(1) O: Unregister NMethod: java.util.HashSet.iterator (0x0000029cc1fedd08) [0x0000029cc1fede40, 0x0000029cc1fee110] 
[2024-10-26T03:26:27.095+0530][2.486s][debug][gc,nmethod     ] GC(1) O: Unregister NMethod: java.lang.Class.reflectionData (0x0000029cc2118a88) [0x0000029cc2118be0, 0x0000029cc2118fe0] 
[2024-10-26T03:26:27.095+0530][2.486s][debug][gc,nmethod     ] GC(1) O: Unregister NMethod: java.util.ArrayList.contains (0x0000029cc2547e88) [0x0000029cc2547fc0, 0x0000029cc25481e0] 
[2024-10-26T03:26:27.095+0530][2.486s][debug][gc,nmethod     ] GC(1) O: Unregister NMethod: java.util.Collections$EmptySet.toArray (0x0000029cc2597208) [0x0000029cc2597340, 0x0000029cc2597628] 
[2024-10-26T03:26:27.096+0530][2.486s][debug][gc,nmethod     ] GC(1) O: Unregister NMethod: org.springframework.beans.factory.support.DefaultListableBeanFactory.requiresEagerInitForType (0x0000029cc23f8888) [0x0000029cc23f89e0, 0x0000029cc23f8e40] 
[2024-10-26T03:26:27.096+0530][2.487s][debug][gc,nmethod     ] GC(1) O: Unregister NMethod: org.springframework.core.annotation.AnnotationTypeMapping$MirrorSets.resolve (0x0000029cc2592188) [0x0000029cc2592320, 0x0000029cc2592a40] 
[2024-10-26T03:26:27.096+0530][2.487s][debug][gc,nmethod     ] GC(1) O: Unregister NMethod: org.springframework.core.ResolvableType.forMethodParameter (0x0000029cc27a7188) [0x0000029cc27a7380, 0x0000029cc27a7fc0] 
[2024-10-26T03:26:27.096+0530][2.487s][debug][gc,director    ] Rule Minor: High Usage, Free: 1898MB(92.7%)
[2024-10-26T03:26:27.096+0530][2.487s][debug][gc,nmethod     ] GC(1) O: Unregister NMethod: java.lang.CharacterDataLatin1.isUpperCase (0x0000029cc2008808) [0x0000029cc2008920, 0x0000029cc2008b20] 
[2024-10-26T03:26:27.096+0530][2.487s][debug][gc,nmethod     ] GC(1) O: Unregister NMethod: java.util.LinkedHashMap.sequencedKeySet (0x0000029cc2196608) [0x0000029cc2196760, 0x0000029cc2196ca8] 
[2024-10-26T03:26:27.096+0530][2.487s][debug][gc,nmethod     ] GC(1) O: Unregister NMethod: java.lang.invoke.MethodType.equals (0x0000029cc2040b88) [0x0000029cc2040ce0, 0x0000029cc2041228] 
[2024-10-26T03:26:27.096+0530][2.487s][debug][gc,nmethod     ] GC(1) O: Unregister NMethod: org.springframework.beans.factory.support.AbstractAutowireCapableBeanFactory.determineTargetType (0x0000029cc22fcc88) [0x0000029cc22fce40, 0x0000029cc22fdb90] 
[2024-10-26T03:26:27.096+0530][2.487s][debug][gc,nmethod     ] GC(1) O: Unregister NMethod: java.lang.String.<init> (0x0000029cc22a0f08) [0x0000029cc22a1400, 0x0000029cc22a42d0] 
[2024-10-26T03:26:27.096+0530][2.487s][debug][gc,nmethod     ] GC(1) O: Unregister NMethod: org.springframework.util.ConcurrentReferenceHashMap.get (0x0000029cc26d2d88) [0x0000029cc26d2ee0, 0x0000029cc26d32c0] 
[2024-10-26T03:26:27.096+0530][2.487s][debug][gc,nmethod     ] GC(1) O: Unregister NMethod: org.springframework.context.annotation.ConditionEvaluator.getConditionClasses (0x0000029cc24b4388) [0x0000029cc24b4520, 0x0000029cc24b4df8] 
[2024-10-26T03:26:27.096+0530][2.487s][debug][gc,nmethod     ] GC(1) O: Unregister NMethod: org.springframework.beans.factory.config.BeanDefinitionVisitor.visitBeanDefinition (0x0000029cc24d1808) [0x0000029cc24d1ce0, 0x0000029cc24d4fd8] 
[2024-10-26T03:26:27.096+0530][2.487s][debug][gc,nmethod     ] GC(1) O: Unregister NMethod: org.springframework.core.annotation.PackagesAnnotationFilter.matches (0x0000029cc2561d88) [0x0000029cc2561ee0, 0x0000029cc2562230] 
[2024-10-26T03:26:27.096+0530][2.487s][debug][gc,nmethod     ] GC(1) O: Unregister NMethod: java.util.stream.AbstractPipeline.wrapAndCopyInto (0x0000029cc2432f08) [0x0000029cc2433060, 0x0000029cc2433448] 
[2024-10-26T03:26:27.096+0530][2.487s][debug][gc,nmethod     ] GC(1) O: Unregister NMethod: org.springframework.core.BridgeMethodResolver.resolveBridgeMethod (0x0000029cc2121488) [0x0000029cc21217c0, 0x0000029cc2123278] 
[2024-10-26T03:26:27.096+0530][2.487s][debug][gc,nmethod     ] GC(1) O: Unregister NMethod: org.springframework.util.ClassUtils.isAssignable (0x0000029cc2273e88) [0x0000029cc2274040, 0x0000029cc2274858] 
[2024-10-26T03:26:27.096+0530][2.487s][debug][gc,nmethod     ] GC(1) O: Unregister NMethod: org.springframework.core.annotation.MergedAnnotations$Search$$Lambda/0x000002a0d410c8f0.test (0x0000029cc263eb88) [0x0000029cc263eca0, 0x0000029cc263eee0] 
[2024-10-26T03:26:27.096+0530][2.487s][debug][gc,nmethod     ] GC(1) O: Unregister NMethod: java.util.concurrent.CopyOnWriteArrayList$COWIterator.next (0x0000029cc249ca88) [0x0000029cc249cbc0, 0x0000029cc249cf20] 
[2024-10-26T03:26:27.096+0530][2.487s][debug][gc,nmethod     ] GC(1) O: Unregister NMethod: org.springframework.core.KotlinDetector.isKotlinReflectPresent (0x0000029cc26b6188) [0x0000029cc26b62a0, 0x0000029cc26b6390] 
[2024-10-26T03:26:27.096+0530][2.487s][debug][gc,nmethod     ] GC(1) O: Unregister NMethod: jdk.internal.org.objectweb.asm.MethodWriter.visitVarInsn (0x0000029cc207fe88) [0x0000029cc2080080, 0x0000029cc2080a48] 
[2024-10-26T03:26:27.096+0530][2.487s][debug][gc,nmethod     ] GC(1) O: Unregister NMethod: org.springframework.boot.context.properties.source.PropertyMapper$$Lambda/0x000002a0d4143c50.test (0x0000029cc2472d88) [0x0000029cc2472f00, 0x0000029cc2473570] 
[2024-10-26T03:26:27.096+0530][2.487s][debug][gc,nmethod     ] GC(1) O: Unregister NMethod: java.lang.invoke.MemberName.getMethodOrFieldType (0x0000029cc204cf88) [0x0000029cc204d240, 0x0000029cc204e058] 
[2024-10-26T03:26:27.096+0530][2.487s][debug][gc,nmethod     ] GC(1) O: Unregister NMethod: java.util.HashSet.<init> (0x0000029cc1ff5a08) [0x0000029cc1ff5b60, 0x0000029cc1ff5f80] 
[2024-10-26T03:26:27.096+0530][2.487s][debug][gc,nmethod     ] GC(1) O: Unregister NMethod: org.springframework.context.annotation.ConditionEvaluator.shouldSkip (0x0000029cc1fdd708) [0x0000029cc1fddac0, 0x0000029cc1fdfad8] 
[2024-10-26T03:26:27.096+0530][2.487s][debug][gc,nmethod     ] GC(1) O: Unregister NMethod: org.springframework.beans.factory.support.DefaultSingletonBeanRegistry.containsSingleton (0x0000029cc263fd88) [0x0000029cc263fec0, 0x0000029cc26400d0] 
[2024-10-26T03:26:27.096+0530][2.487s][debug][gc,nmethod     ] GC(1) O: Unregister NMethod: org.springframework.web.servlet.handler.AbstractHandlerMethodMapping.processCandidateBean (0x0000029cc27c1588) [0x0000029cc27c17a0, 0x0000029cc27c2420] 
[2024-10-26T03:26:27.096+0530][2.487s][debug][gc,nmethod     ] GC(1) O: Unregister NMethod: org.springframework.beans.factory.BeanFactoryUtils.isFactoryDereference (0x0000029cc261fe88) [0x0000029cc261ffc0, 0x0000029cc26201d8] 
[2024-10-26T03:26:27.096+0530][2.487s][debug][gc,nmethod     ] GC(1) O: Unregister NMethod: java.lang.invoke.VarHandleByteArrayAsInts$ArrayHandle.index (0x0000029cc2715f08) [0x0000029cc2716020, 0x0000029cc2716168] 
[2024-10-26T03:26:27.096+0530][2.487s][debug][gc,nmethod     ] GC(1) O: Unregister NMethod: java.lang.PublicMethods$Key.matches (0x0000029cc20bf708) [0x0000029cc20bf860, 0x0000029cc20bfbd8] 
[2024-10-26T03:26:27.096+0530][2.487s][debug][gc,nmethod     ] GC(1) O: Unregister NMethod: org.springframework.util.ConcurrentReferenceHashMap$Segment.findInChain (0x0000029cc9d44a08) [0x0000029cc9d44b40, 0x0000029cc9d44f50] 
[2024-10-26T03:26:27.096+0530][2.487s][debug][gc,nmethod     ] GC(1) O: Unregister NMethod: org.springframework.beans.factory.support.DefaultListableBeanFactory.doGetBeanNamesForType (0x0000029cc2306d08) [0x0000029cc2307520, 0x0000029cc230da40] 
[2024-10-26T03:26:27.096+0530][2.487s][debug][gc,nmethod     ] GC(1) O: Unregister NMethod: org.springframework.beans.factory.support.AbstractBeanFactory.isFactoryBean (0x0000029cc22c7e08) [0x0000029cc22c8020, 0x0000029cc22c90a8] 
[2024-10-26T03:26:27.096+0530][2.487s][debug][gc,nmethod     ] GC(1) O: Unregister NMethod: jdk.jfr.internal.TypeLibrary.createAnnotation (0x0000029cc2208908) [0x0000029cc2208ba0, 0x0000029cc2209f88] 
[2024-10-26T03:26:27.096+0530][2.487s][debug][gc,nmethod     ] GC(1) O: Unregister NMethod: jdk.internal.org.objectweb.asm.ByteVector.putInt (0x0000029cc207cd88) [0x0000029cc207cec0, 0x0000029cc207d170] 
[2024-10-26T03:26:27.096+0530][2.487s][debug][gc,nmethod     ] GC(1) O: Unregister NMethod: java.lang.ClassLoader.addClass (0x0000029cc236b308) [0x0000029cc236b480, 0x0000029cc236bb70] 
[2024-10-26T03:26:27.096+0530][2.487s][debug][gc,nmethod     ] GC(1) O: Unregister NMethod: org.springframework.boot.context.properties.source.SpringConfigurationPropertySources$SourcesIterator.fetchNext (0x0000029cc249aa88) [0x0000029cc249ad40, 0x0000029cc249c4b0] 
[2024-10-26T03:26:27.096+0530][2.487s][debug][gc,nmethod     ] GC(1) O: Unregister NMethod: org.springframework.boot.loader.net.protocol.jar.LazyDelegatingInputStream.in (0x0000029cc2348008) [0x0000029cc2348160, 0x0000029cc2348730] 
[2024-10-26T03:26:27.096+0530][2.487s][debug][gc,nmethod     ] GC(1) O: Unregister NMethod: org.springframework.beans.factory.support.AbstractBeanDefinition.hasBeanClass (0x0000029cc22bcd88) [0x0000029cc22bcea0, 0x0000029cc22bd0b8] 
[2024-10-26T03:26:27.096+0530][2.487s][debug][gc,nmethod     ] GC(1) O: Unregister NMethod: java.lang.invoke.InnerClassLambdaMetafactory.generateInnerClass (0x0000029cc248a788) [0x0000029cc248ac40, 0x0000029cc248d398] 
[2024-10-26T03:26:27.096+0530][2.487s][debug][gc,nmethod     ] GC(1) O: Unregister NMethod: org.springframework.core.annotation.MergedAnnotations.from (0x0000029cc26b6788) [0x0000029cc26b68a0, 0x0000029cc26b69d0] 
[2024-10-26T03:26:27.096+0530][2.487s][debug][gc,nmethod     ] GC(1) O: Unregister NMethod: org.springframework.core.annotation.AnnotationsScanner.isWithoutHierarchy (0x0000029cc269e708) [0x0000029cc269e8e0, 0x0000029cc269f348] 
[2024-10-26T03:26:27.096+0530][2.487s][debug][gc,nmethod     ] GC(1) O: Unregister NMethod: org.springframework.beans.factory.support.AbstractBeanDefinition.hasPropertyValues (0x0000029cc2523608) [0x0000029cc2523740, 0x0000029cc2523a70] 
[2024-10-26T03:26:27.096+0530][2.487s][debug][gc,nmethod     ] GC(1) O: Unregister NMethod: org.springframework.core.ResolvableType$1.isAssignableFrom (0x0000029cc9be3488) [0x0000029cc9be35e0, 0x0000029cc9be3ac0] 
[2024-10-26T03:26:27.096+0530][2.487s][debug][gc,nmethod     ] GC(1) O: Unregister NMethod: org.springframework.boot.loader.jar.NestedJarFile.getNestedJarEntry (0x0000029cc2348e08) [0x0000029cc2349000, 0x0000029cc2349928] 
[2024-10-26T03:26:27.097+0530][2.487s][debug][gc,nmethod     ] GC(1) O: Unregister NMethod: jdk.internal.classfile.impl.AbstractInstruction$UnboundInstruction.writeTo (0x0000029cc2077988) [0x0000029cc2077ac0, 0x0000029cc2077c40] 
[2024-10-26T03:26:27.097+0530][2.488s][debug][gc,nmethod     ] GC(1) O: Unregister NMethod: java.lang.reflect.Modifier.isProtected (0x0000029cc2046208) [0x0000029cc2046320, 0x0000029cc2046458] 
[2024-10-26T03:26:27.097+0530][2.488s][debug][gc,nmethod     ] GC(1) O: Unregister NMethod: org.springframework.util.ConcurrentReferenceHashMap.getReference (0x0000029cc2411808) [0x0000029cc2411960, 0x0000029cc2411c28] 
[2024-10-26T03:26:27.097+0530][2.488s][debug][gc,nmethod     ] GC(1) O: Unregister NMethod: jdk.internal.loader.BuiltinClassLoader.hasClassPath (0x0000029cc24ae688) [0x0000029cc24ae7a0, 0x0000029cc24ae938] 
[2024-10-26T03:26:27.097+0530][2.488s][debug][gc,nmethod     ] GC(1) O: Unregister NMethod: java.lang.invoke.LambdaForm.prepare (0x0000029cc2053708) [0x0000029cc20538e0, 0x0000029cc20541d0] 
[2024-10-26T03:26:27.097+0530][2.488s][debug][gc,nmethod     ] GC(1) O: Unregister NMethod: java.util.stream.AbstractPipeline.evaluate (0x0000029cc2490c08) [0x0000029cc2490dc0, 0x0000029cc24915a0] 
[2024-10-26T03:26:27.097+0530][2.488s][debug][gc,nmethod     ] GC(1) O: Unregister NMethod: org.springframework.beans.factory.support.AbstractBeanFactory.getMergedLocalBeanDefinition (0x0000029cc9c88088) [0x0000029cc9c88260, 0x0000029cc9c88d10] 
[2024-10-26T03:26:27.097+0530][2.488s][debug][gc,nmethod     ] GC(1) O: Unregister NMethod: org.springframework.boot.loader.net.protocol.jar.LazyDelegatingInputStream.in (0x0000029cc9d45008) [0x0000029cc9d45520, 0x0000029cc9d4a1a8] 
[2024-10-26T03:26:27.097+0530][2.488s][debug][gc,nmethod     ] GC(1) O: Unregister NMethod: org.springframework.core.SerializableTypeWrapper.unwrap (0x0000029cc2187408) [0x0000029cc21875a0, 0x0000029cc2187d90] 
[2024-10-26T03:26:27.097+0530][2.488s][debug][gc,nmethod     ] GC(1) O: Unregister NMethod: jdk.internal.classfile.impl.AbstractPoolEntry$ClassEntryImpl.clone (0x0000029cc2079c88) [0x0000029cc2079da0, 0x0000029cc2079ed8] 
[2024-10-26T03:26:27.097+0530][2.488s][debug][gc,nmethod     ] GC(1) O: Unregister NMethod: java.lang.String.indexOf (0x0000029cc2442888) [0x0000029cc2442a40, 0x0000029cc2443000] 
[2024-10-26T03:26:27.097+0530][2.488s][debug][gc,nmethod     ] GC(1) O: Unregister NMethod: java.util.Collections$SetFromMap.remove (0x0000029cc2320a08) [0x0000029cc2320b40, 0x0000029cc2320d98] 
[2024-10-26T03:26:27.097+0530][2.488s][debug][gc,nmethod     ] GC(1) O: Unregister NMethod: org.springframework.beans.factory.BeanFactoryUtils.transformedBeanName (0x0000029cc2616588) [0x0000029cc2616720, 0x0000029cc2616cc8] 
[2024-10-26T03:26:27.097+0530][2.488s][debug][gc,nmethod     ] GC(1) O: Unregister NMethod: sun.invoke.util.VerifyAccess.ensureTypeVisible (0x0000029cc2041d08) [0x0000029cc2041f60, 0x0000029cc2042d48] 
[2024-10-26T03:26:27.097+0530][2.488s][debug][gc,nmethod     ] GC(1) O: Unregister NMethod: org.springframework.boot.autoconfigure.condition.ConditionEvaluationReport.recordConditionEvaluation (0x0000029cc2218f88) [0x0000029cc2219160, 0x0000029cc2219a30] 
[2024-10-26T03:26:27.097+0530][2.488s][debug][gc,nmethod     ] GC(1) O: Unregister NMethod: java.lang.reflect.ProxyGenerator.checkReturnTypes (0x0000029cc25b7c88) [0x0000029cc25b8120, 0x0000029cc25ba628] 
[2024-10-26T03:26:27.097+0530][2.488s][debug][gc,nmethod     ] GC(1) O: Unregister NMethod: java.util.AbstractCollection.toArray (0x0000029cc24a4288) [0x0000029cc24a4500, 0x0000029cc24a5730] 
[2024-10-26T03:26:27.097+0530][2.488s][debug][gc,nmethod     ] GC(1) O: Unregister NMethod: java.lang.Class.getInterfaces (0x0000029cc217fb08) [0x0000029cc217fc80, 0x0000029cc2180188] 
[2024-10-26T03:26:27.097+0530][2.488s][debug][gc,nmethod     ] GC(1) O: Unregister NMethod: org.springframework.beans.factory.support.DefaultSingletonBeanRegistry.getSingleton (0x0000029cc9d65008) [0x0000029cc9d652e0, 0x0000029cc9d66d90] 
[2024-10-26T03:26:27.097+0530][2.488s][debug][gc,nmethod     ] GC(1) O: Unregister NMethod: org.springframework.beans.factory.support.AbstractBeanFactory.adaptBeanInstance (0x0000029cc265ee08) [0x0000029cc265f0a0, 0x0000029cc2660550] 
[2024-10-26T03:26:27.097+0530][2.488s][debug][gc,nmethod     ] GC(1) O: Unregister NMethod: jdk.internal.org.objectweb.asm.ByteVector.put122 (0x0000029cc205c808) [0x0000029cc205c940, 0x0000029cc205cc18] 
[2024-10-26T03:26:27.097+0530][2.488s][debug][gc,nmethod     ] GC(1) O: Unregister NMethod: java.util.HashMap.<init> (0x0000029cc2200588) [0x0000029cc2200820, 0x0000029cc22017b8] 
[2024-10-26T03:26:27.097+0530][2.488s][debug][gc,nmethod     ] GC(1) O: Unregister NMethod: java.util.ArrayDeque.addFirst (0x0000029cc2572508) [0x0000029cc2572660, 0x0000029cc2572b30] 
[2024-10-26T03:26:27.097+0530][2.488s][debug][gc,nmethod     ] GC(1) O: Unregister NMethod: jdk.internal.org.objectweb.asm.Frame.execute (0x0000029cc9d60708) [0x0000029cc9d614c0, 0x0000029cc9d64990] 
[2024-10-26T03:26:27.097+0530][2.488s][debug][gc,nmethod     ] GC(1) O: Unregister NMethod: java.lang.Class.annotationData (0x0000029cc21e0488) [0x0000029cc21e05e0, 0x0000029cc21e08e0] 
[2024-10-26T03:26:27.097+0530][2.488s][debug][gc,nmethod     ] GC(1) O: Unregister NMethod: org.springframework.core.SerializableTypeWrapper$MethodParameterTypeProvider.<init> (0x0000029cc2754688) [0x0000029cc2754840, 0x0000029cc27555e8] 
[2024-10-26T03:26:27.097+0530][2.488s][debug][gc,nmethod     ] GC(1) O: Unregister NMethod: org.springframework.core.MethodParameter.getParameterType (0x0000029cc27a9e88) [0x0000029cc27aa020, 0x0000029cc27aa920] 
[2024-10-26T03:26:27.097+0530][2.488s][debug][gc,nmethod     ] GC(1) O: Unregister NMethod: org.springframework.core.annotation.TypeMappedAnnotations$MergedAnnotationFinder.doWithAggregate (0x0000029cc207f688) [0x0000029cc207f7a0, 0x0000029cc207f948] 
[2024-10-26T03:26:27.097+0530][2.488s][debug][gc,nmethod     ] GC(1) O: Unregister NMethod: jdk.internal.util.ArraysSupport.mismatch (0x0000029cc22b4508) [0x0000029cc22b4660, 0x0000029cc22b4a38] 
[2024-10-26T03:26:27.097+0530][2.488s][debug][gc,nmethod     ] GC(1) O: Unregister NMethod: org.springframework.util.ConcurrentReferenceHashMap$Segment.getReference (0x0000029cc2411c88) [0x0000029cc2411de0, 0x0000029cc2412158] 
[2024-10-26T03:26:27.097+0530][2.488s][debug][gc,nmethod     ] GC(1) O: Unregister NMethod: java.lang.Long.bitCount (0x0000029cc261fb88) [0x0000029cc261fca0, 0x0000029cc261fe10] 
[2024-10-26T03:26:27.097+0530][2.488s][debug][gc,nmethod     ] GC(1) O: Unregister NMethod: java.lang.Class.getMethodsRecursive (0x0000029cc21ac788) [0x0000029cc21ac940, 0x0000029cc21acf98] 
[2024-10-26T03:26:27.097+0530][2.488s][debug][gc,nmethod     ] GC(1) O: Unregister NMethod: java.util.RegularEnumSet.add (0x0000029cc23ea008) [0x0000029cc23ea140, 0x0000029cc23ea318] 
[2024-10-26T03:26:27.097+0530][2.488s][debug][gc,nmethod     ] GC(1) O: Unregister NMethod: java.lang.PublicMethods$MethodList.filter (0x0000029cc9d77f08) [0x0000029cc9d780a0, 0x0000029cc9d78d10] 
[2024-10-26T03:26:27.097+0530][2.488s][debug][gc,nmethod     ] GC(1) O: Unregister NMethod: jdk.internal.loader.BuiltinClassLoader.findLoadedModule (0x0000029cc2311e08) [0x0000029cc2311fa0, 0x0000029cc23125e8] 
[2024-10-26T03:26:27.097+0530][2.488s][debug][gc,nmethod     ] GC(1) O: Unregister NMethod: org.springframework.beans.factory.support.AbstractBeanFactory.isFactoryBean (0x0000029cc22e5d88) [0x0000029cc22e5f00, 0x0000029cc22e6580] 
[2024-10-26T03:26:27.097+0530][2.488s][debug][gc,nmethod     ] GC(1) O: Unregister NMethod: jdk.internal.classfile.impl.AbstractPoolEntry$Utf8EntryImpl.clone (0x0000029cc20a4708) [0x0000029cc20a4820, 0x0000029cc20a4958] 
[2024-10-26T03:26:27.097+0530][2.488s][debug][gc,nmethod     ] GC(1) O: Unregister NMethod: java.util.Collections$EmptyMap.values (0x0000029cc2596f08) [0x0000029cc2597020, 0x0000029cc2597190] 
[2024-10-26T03:26:27.097+0530][2.488s][debug][gc,nmethod     ] GC(1) O: Unregister NMethod: org.springframework.core.annotation.TypeMappedAnnotations.from (0x0000029cc26a4b88) [0x0000029cc26a4cc0, 0x0000029cc26a4f40] 
[2024-10-26T03:26:27.097+0530][2.488s][debug][gc,nmethod     ] GC(1) O: Unregister NMethod: java.lang.invoke.DirectMethodHandle$Holder.newInvokeSpecial (0x0000029cc2296a08) [0x0000029cc2296b80, 0x0000029cc2297330] 
[2024-10-26T03:26:27.097+0530][2.488s][debug][gc,nmethod     ] GC(1) O: Unregister NMethod: org.springframework.beans.factory.support.AbstractBeanFactory.getMergedLocalBeanDefinition (0x0000029cc225e908) [0x0000029cc225ea80, 0x0000029cc225f008] 
[2024-10-26T03:26:27.097+0530][2.488s][debug][gc,nmethod     ] GC(1) O: Unregister NMethod: org.springframework.beans.factory.support.DefaultSingletonBeanRegistry.getSingleton (0x0000029cc2617988) [0x0000029cc2617ba0, 0x0000029cc2618b18] 
[2024-10-26T03:26:27.097+0530][2.488s][debug][gc,nmethod     ] GC(1) O: Unregister NMethod: java.util.WeakHashMap.getEntry (0x0000029cc22d7508) [0x0000029cc22d76c0, 0x0000029cc22d7f98] 
[2024-10-26T03:26:27.097+0530][2.488s][debug][gc,nmethod     ] GC(1) O: Unregister NMethod: java.lang.invoke.MemberName.getMethodType (0x0000029cc2005188) [0x0000029cc20053e0, 0x0000029cc2006910] 
[2024-10-26T03:26:27.097+0530][2.488s][debug][gc,nmethod     ] GC(1) O: Unregister NMethod: org.springframework.core.annotation.AnnotationFilter.matches (0x0000029cc2562288) [0x0000029cc25623c0, 0x0000029cc25626b8] 
[2024-10-26T03:26:27.097+0530][2.488s][debug][gc,nmethod     ] GC(1) O: Unregister NMethod: jdk.internal.misc.VM.isModuleSystemInited (0x0000029cc229fa88) [0x0000029cc229fba0, 0x0000029cc229fce8] 
[2024-10-26T03:26:27.097+0530][2.488s][debug][gc,nmethod     ] GC(1) O: Unregister NMethod: org.springframework.beans.factory.support.AbstractAutowireCapableBeanFactory.predictBeanType (0x0000029cc226e688) [0x0000029cc226e8a0, 0x0000029cc226f6a0] 
[2024-10-26T03:26:27.097+0530][2.488s][debug][gc,nmethod     ] GC(1) O: Unregister NMethod: org.springframework.boot.loader.jar.NestedJarFile.getJarEntry (0x0000029cc2348b08) [0x0000029cc2348c20, 0x0000029cc2348d58] 
[2024-10-26T03:26:27.098+0530][2.488s][debug][gc,nmethod     ] GC(1) O: Unregister NMethod: sun.reflect.annotation.AnnotationInvocationHandler.invoke (0x0000029cc279e288) [0x0000029cc279e560, 0x0000029cc279f7d0] 
[2024-10-26T03:26:27.098+0530][2.488s][debug][gc,nmethod     ] GC(1) O: Unregister NMethod: jdk.internal.classfile.impl.Util.parameterSlots (0x0000029cc20b0d08) [0x0000029cc20b0e60, 0x0000029cc20b1210] 
[2024-10-26T03:26:27.098+0530][2.489s][debug][gc,nmethod     ] GC(1) O: Unregister NMethod: org.springframework.util.StringUtils.delimitedListToStringArray (0x0000029cc25cc908) [0x0000029cc25ccca0, 0x0000029cc25ceba8] 
[2024-10-26T03:26:27.098+0530][2.489s][debug][gc,nmethod     ] GC(1) O: Unregister NMethod: org.springframework.asm.ClassReader.readUtf (0x0000029cc2594b88) [0x0000029cc2594ce0, 0x0000029cc2595178] 
[2024-10-26T03:26:27.098+0530][2.489s][debug][gc,nmethod     ] GC(1) O: Unregister NMethod: org.springframework.core.annotation.MergedAnnotations.from (0x0000029cc26b6488) [0x0000029cc26b65a0, 0x0000029cc26b66c0] 
[2024-10-26T03:26:27.098+0530][2.489s][debug][gc,nmethod     ] GC(1) O: Unregister NMethod: org.springframework.util.ConcurrentReferenceHashMap.get (0x0000029cc9d4b988) [0x0000029cc9d4bb40, 0x0000029cc9d4c538] 
[2024-10-26T03:26:27.098+0530][2.489s][debug][gc,nmethod     ] GC(1) O: Unregister NMethod: java.lang.invoke.DirectMethodHandle$Holder.invokeStatic (0x0000029cc2450088) [0x0000029cc24501e0, 0x0000029cc2450700] 
[2024-10-26T03:26:27.098+0530][2.489s][debug][gc,nmethod     ] GC(1) O: Unregister NMethod: org.springframework.beans.factory.support.AbstractAutowireCapableBeanFactory.predictBeanType (0x0000029cc2001c08) [0x0000029cc2001e20, 0x0000029cc2002c20] 
[2024-10-26T03:26:27.098+0530][2.489s][debug][gc,nmethod     ] GC(1) O: Unregister NMethod: java.util.LinkedHashSet.<init> (0x0000029cc25d9788) [0x0000029cc25d98c0, 0x0000029cc25d9a18] 
[2024-10-26T03:26:27.098+0530][2.489s][debug][gc,nmethod     ] GC(1) O: Unregister NMethod: java.util.ArrayDeque.peek (0x0000029cc2621b08) [0x0000029cc2621c40, 0x0000029cc2621f18] 
[2024-10-26T03:26:27.098+0530][2.489s][debug][gc,nmethod     ] GC(1) O: Unregister NMethod: java.lang.invoke.DirectMethodHandle.internalMemberName (0x0000029cc9c25788) [0x0000029cc9c25880, 0x0000029cc9c25960] 
[2024-10-26T03:26:27.098+0530][2.489s][debug][gc,nmethod     ] GC(1) O: Unregister NMethod: java.util.concurrent.ConcurrentHashMap.containsKey (0x0000029cc24ddc88) [0x0000029cc24ddda0, 0x0000029cc24ddf30] 
[2024-10-26T03:26:27.098+0530][2.489s][debug][gc,nmethod     ] GC(1) O: Unregister NMethod: org.springframework.beans.factory.support.AbstractBeanFactory.getBeanPostProcessorCache (0x0000029cc9c6bc08) [0x0000029cc9c6bd20, 0x0000029cc9c6c000] 
[2024-10-26T03:26:27.098+0530][2.489s][debug][gc,nmethod     ] GC(1) O: Unregister NMethod: org.springframework.beans.factory.support.AbstractBeanDefinition.<init> (0x0000029cc2455108) [0x0000029cc2455a60, 0x0000029cc245eaa0] 
[2024-10-26T03:26:27.098+0530][2.489s][debug][gc,nmethod     ] GC(1) O: Unregister NMethod: jdk.proxy2.$Proxy46.annotationType (0x0000029cc254bd08) [0x0000029cc254be60, 0x0000029cc254c278] 
[2024-10-26T03:26:27.098+0530][2.489s][debug][gc,nmethod     ] GC(1) O: Unregister NMethod: org.springframework.beans.factory.support.AbstractBeanFactory.isTypeMatch (0x0000029cc9d7d788) [0x0000029cc9d7e0a0, 0x0000029cc9d85238] 
[2024-10-26T03:26:27.098+0530][2.489s][debug][gc,nmethod     ] GC(1) O: Unregister NMethod: java.util.concurrent.atomic.AtomicInteger.incrementAndGet (0x0000029cc257de08) [0x0000029cc257df20, 0x0000029cc257e040] 
[2024-10-26T03:26:27.098+0530][2.489s][debug][gc,nmethod     ] GC(1) O: Unregister NMethod: java.lang.invoke.LambdaForm$BasicType.basicType (0x0000029cc9d79708) [0x0000029cc9d79800, 0x0000029cc9d798e8] 
[2024-10-26T03:26:27.098+0530][2.489s][debug][gc,nmethod     ] GC(1) O: Unregister NMethod: jdk.internal.loader.AbstractClassLoaderValue$Sub.equals (0x0000029cc2219b08) [0x0000029cc2219c80, 0x0000029cc221a410] 
[2024-10-26T03:26:27.098+0530][2.489s][debug][gc,nmethod     ] GC(1) O: Unregister NMethod: sun.invoke.util.VerifyType.isNullConversion (0x0000029cc2093b08) [0x0000029cc2093dc0, 0x0000029cc2095168] 
